[0.043s][info][gc,init] CardTable entry size: 512
[0.044s][info][gc     ] Using G1
[0.051s][info][gc,init] Version: 21.0.3+9-LTS (release)
[0.051s][info][gc,init] CPUs: 8 total, 8 available
[0.051s][info][gc,init] Memory: 16266M
[0.051s][info][gc,init] Large Page Support: Disabled
[0.051s][info][gc,init] NUMA Support: Disabled
[0.051s][info][gc,init] Compressed Oops: Enabled (32-bit)
[0.051s][info][gc,init] Heap Region Size: 1M
[0.051s][info][gc,init] Heap Min Capacity: 8M
[0.051s][info][gc,init] Heap Initial Capacity: 256M
[0.051s][info][gc,init] Heap Max Capacity: 300M
[0.051s][info][gc,init] Pre-touch: Disabled
[0.052s][info][gc,init] Parallel Workers: 8
[0.052s][info][gc,init] Concurrent Workers: 2
[0.052s][info][gc,init] Concurrent Refinement Workers: 8
[0.053s][info][gc,init] Periodic GC: Disabled
[0.075s][info][gc,metaspace] CDS archive(s) mapped at: [0x0000021780000000-0x0000021780cf0000-0x0000021780cf0000), size 13565952, SharedBaseAddress: 0x0000021780000000, ArchiveRelocationMode: 1.
[0.075s][info][gc,metaspace] Compressed class space mapped at: 0x0000021781000000-0x00000217c1000000, reserved size: 1073741824
[0.075s][info][gc,metaspace] Narrow klass base: 0x0000021780000000, Narrow klass shift: 0, Narrow klass range: 0x100000000
[2.202s][info][gc,start    ] GC(0) Pause Young (Normal) (G1 Evacuation Pause)
[2.203s][info][gc,task     ] GC(0) Using 6 workers of 8 for evacuation
[2.210s][info][gc,phases   ] GC(0)   Pre Evacuate Collection Set: 0.2ms
[2.210s][info][gc,phases   ] GC(0)   Merge Heap Roots: 0.1ms
[2.211s][info][gc,phases   ] GC(0)   Evacuate Collection Set: 6.3ms
[2.211s][info][gc,phases   ] GC(0)   Post Evacuate Collection Set: 0.8ms
[2.211s][info][gc,phases   ] GC(0)   Other: 0.7ms
[2.211s][info][gc,heap     ] GC(0) Eden regions: 23->0(24)
[2.211s][info][gc,heap     ] GC(0) Survivor regions: 0->3(3)
[2.211s][info][gc,heap     ] GC(0) Old regions: 0->6
[2.211s][info][gc,heap     ] GC(0) Humongous regions: 3->2
[2.211s][info][gc,metaspace] GC(0) Metaspace: 4517K(4672K)->4517K(4672K) NonClass: 4040K(4096K)->4040K(4096K) Class: 476K(576K)->476K(576K)
[2.211s][info][gc          ] GC(0) Pause Young (Normal) (G1 Evacuation Pause) 26M->10M(256M) 9.088ms
[2.211s][info][gc,cpu      ] GC(0) User=0.00s Sys=0.00s Real=0.01s
[3.827s][info][gc,start    ] GC(1) Pause Young (Normal) (G1 Evacuation Pause)
[3.827s][info][gc,task     ] GC(1) Using 6 workers of 8 for evacuation
[3.838s][info][gc,phases   ] GC(1)   Pre Evacuate Collection Set: 0.1ms
[3.838s][info][gc,phases   ] GC(1)   Merge Heap Roots: 0.1ms
[3.838s][info][gc,phases   ] GC(1)   Evacuate Collection Set: 9.5ms
[3.838s][info][gc,phases   ] GC(1)   Post Evacuate Collection Set: 1.2ms
[3.838s][info][gc,phases   ] GC(1)   Other: 0.2ms
[3.838s][info][gc,heap     ] GC(1) Eden regions: 24->0(102)
[3.838s][info][gc,heap     ] GC(1) Survivor regions: 3->3(4)
[3.838s][info][gc,heap     ] GC(1) Old regions: 6->9
[3.839s][info][gc,heap     ] GC(1) Humongous regions: 2->2
[3.839s][info][gc,metaspace] GC(1) Metaspace: 11443K(11712K)->11443K(11712K) NonClass: 10017K(10176K)->10017K(10176K) Class: 1426K(1536K)->1426K(1536K)
[3.839s][info][gc          ] GC(1) Pause Young (Normal) (G1 Evacuation Pause) 34M->13M(256M) 11.629ms
[3.839s][info][gc,cpu      ] GC(1) User=0.00s Sys=0.00s Real=0.01s
[5.683s][info][gc,start    ] GC(2) Pause Young (Concurrent Start) (Metadata GC Threshold)
[5.684s][info][gc,task     ] GC(2) Using 6 workers of 8 for evacuation
[5.699s][info][gc,phases   ] GC(2)   Pre Evacuate Collection Set: 0.4ms
[5.699s][info][gc,phases   ] GC(2)   Merge Heap Roots: 0.1ms
[5.699s][info][gc,phases   ] GC(2)   Evacuate Collection Set: 12.9ms
[5.699s][info][gc,phases   ] GC(2)   Post Evacuate Collection Set: 1.4ms
[5.699s][info][gc,phases   ] GC(2)   Other: 0.3ms
[5.699s][info][gc,heap     ] GC(2) Eden regions: 48->0(145)
[5.699s][info][gc,heap     ] GC(2) Survivor regions: 3->8(14)
[5.699s][info][gc,heap     ] GC(2) Old regions: 9->9
[5.699s][info][gc,heap     ] GC(2) Humongous regions: 2->2
[5.699s][info][gc,metaspace] GC(2) Metaspace: 21200K(21504K)->21200K(21504K) NonClass: 18646K(18816K)->18646K(18816K) Class: 2554K(2688K)->2554K(2688K)
[5.699s][info][gc          ] GC(2) Pause Young (Concurrent Start) (Metadata GC Threshold) 60M->17M(256M) 15.973ms
[5.699s][info][gc,cpu      ] GC(2) User=0.12s Sys=0.00s Real=0.02s
[5.699s][info][gc          ] GC(3) Concurrent Mark Cycle
[5.700s][info][gc,marking  ] GC(3) Concurrent Scan Root Regions
[5.715s][info][gc,marking  ] GC(3) Concurrent Scan Root Regions 15.771ms
[5.716s][info][gc,marking  ] GC(3) Concurrent Mark
[5.716s][info][gc,marking  ] GC(3) Concurrent Mark From Roots
[5.716s][info][gc,task     ] GC(3) Using 2 workers of 2 for marking
[5.729s][info][gc,marking  ] GC(3) Concurrent Mark From Roots 13.175ms
[5.729s][info][gc,marking  ] GC(3) Concurrent Preclean
[5.729s][info][gc,marking  ] GC(3) Concurrent Preclean 0.097ms
[5.730s][info][gc,start    ] GC(3) Pause Remark
[5.735s][info][gc          ] GC(3) Pause Remark 18M->18M(67M) 5.246ms
[5.736s][info][gc,cpu      ] GC(3) User=0.11s Sys=0.00s Real=0.00s
[5.737s][info][gc,marking  ] GC(3) Concurrent Mark 21.443ms
[5.737s][info][gc,marking  ] GC(3) Concurrent Rebuild Remembered Sets and Scrub Regions
[5.740s][info][gc,marking  ] GC(3) Concurrent Rebuild Remembered Sets and Scrub Regions 3.161ms
[5.741s][info][gc,start    ] GC(3) Pause Cleanup
[5.742s][info][gc          ] GC(3) Pause Cleanup 18M->18M(67M) 0.581ms
[5.742s][info][gc,cpu      ] GC(3) User=0.00s Sys=0.00s Real=0.00s
[5.742s][info][gc,marking  ] GC(3) Concurrent Clear Claimed Marks
[5.742s][info][gc,marking  ] GC(3) Concurrent Clear Claimed Marks 0.176ms
[5.743s][info][gc,marking  ] GC(3) Concurrent Cleanup for Next Mark
[5.743s][info][gc,marking  ] GC(3) Concurrent Cleanup for Next Mark 0.729ms
[5.743s][info][gc          ] GC(3) Concurrent Mark Cycle 43.917ms
[7.629s][info][gc,start    ] GC(4) Pause Young (Prepare Mixed) (G1 Evacuation Pause)
[7.629s][info][gc,task     ] GC(4) Using 4 workers of 8 for evacuation
[7.648s][info][gc,phases   ] GC(4)   Pre Evacuate Collection Set: 0.2ms
[7.648s][info][gc,phases   ] GC(4)   Merge Heap Roots: 0.1ms
[7.648s][info][gc,phases   ] GC(4)   Evacuate Collection Set: 17.9ms
[7.648s][info][gc,phases   ] GC(4)   Post Evacuate Collection Set: 0.9ms
[7.648s][info][gc,phases   ] GC(4)   Other: 0.2ms
[7.648s][info][gc,heap     ] GC(4) Eden regions: 32->0(30)
[7.649s][info][gc,heap     ] GC(4) Survivor regions: 8->3(5)
[7.649s][info][gc,heap     ] GC(4) Old regions: 9->16
[7.649s][info][gc,heap     ] GC(4) Humongous regions: 2->2
[7.649s][info][gc,metaspace] GC(4) Metaspace: 24649K(24960K)->24649K(24960K) NonClass: 21683K(21888K)->21683K(21888K) Class: 2966K(3072K)->2966K(3072K)
[7.649s][info][gc          ] GC(4) Pause Young (Prepare Mixed) (G1 Evacuation Pause) 49M->19M(67M) 20.327ms
[7.649s][info][gc,cpu      ] GC(4) User=0.06s Sys=0.00s Real=0.02s
[11.367s][info][gc,start    ] GC(5) Pause Young (Mixed) (G1 Evacuation Pause)
[11.367s][info][gc,task     ] GC(5) Using 3 workers of 8 for evacuation
[11.392s][info][gc,phases   ] GC(5)   Pre Evacuate Collection Set: 0.2ms
[11.392s][info][gc,phases   ] GC(5)   Merge Heap Roots: 0.1ms
[11.392s][info][gc,phases   ] GC(5)   Evacuate Collection Set: 23.6ms
[11.393s][info][gc,phases   ] GC(5)   Post Evacuate Collection Set: 1.1ms
[11.393s][info][gc,phases   ] GC(5)   Other: 0.2ms
[11.393s][info][gc,heap     ] GC(5) Eden regions: 30->0(30)
[11.393s][info][gc,heap     ] GC(5) Survivor regions: 3->5(5)
[11.393s][info][gc,heap     ] GC(5) Old regions: 16->16
[11.393s][info][gc,heap     ] GC(5) Humongous regions: 2->2
[11.393s][info][gc,metaspace] GC(5) Metaspace: 29379K(29888K)->29379K(29888K) NonClass: 25756K(26048K)->25756K(26048K) Class: 3623K(3840K)->3623K(3840K)
[11.393s][info][gc          ] GC(5) Pause Young (Mixed) (G1 Evacuation Pause) 49M->22M(67M) 26.334ms
[11.394s][info][gc,cpu      ] GC(5) User=0.08s Sys=0.00s Real=0.03s
[15.064s][info][gc,start    ] GC(6) Pause Young (Concurrent Start) (Metadata GC Threshold)
[15.064s][info][gc,task     ] GC(6) Using 2 workers of 8 for evacuation
[15.105s][info][gc,phases   ] GC(6)   Pre Evacuate Collection Set: 0.2ms
[15.105s][info][gc,phases   ] GC(6)   Merge Heap Roots: 0.1ms
[15.105s][info][gc,phases   ] GC(6)   Evacuate Collection Set: 39.4ms
[15.105s][info][gc,phases   ] GC(6)   Post Evacuate Collection Set: 1.0ms
[15.105s][info][gc,phases   ] GC(6)   Other: 0.4ms
[15.105s][info][gc,heap     ] GC(6) Eden regions: 29->0(29)
[15.105s][info][gc,heap     ] GC(6) Survivor regions: 5->3(5)
[15.106s][info][gc,heap     ] GC(6) Old regions: 16->21
[15.106s][info][gc,heap     ] GC(6) Humongous regions: 3->2
[15.106s][info][gc,metaspace] GC(6) Metaspace: 35490K(35968K)->35490K(35968K) NonClass: 31193K(31488K)->31193K(31488K) Class: 4296K(4480K)->4296K(4480K)
[15.106s][info][gc          ] GC(6) Pause Young (Concurrent Start) (Metadata GC Threshold) 51M->24M(67M) 41.986ms
[15.106s][info][gc,cpu      ] GC(6) User=0.06s Sys=0.00s Real=0.04s
[15.106s][info][gc          ] GC(7) Concurrent Mark Cycle
[15.106s][info][gc,marking  ] GC(7) Concurrent Scan Root Regions
[15.118s][info][gc,marking  ] GC(7) Concurrent Scan Root Regions 11.676ms
[15.118s][info][gc,marking  ] GC(7) Concurrent Mark
[15.118s][info][gc,marking  ] GC(7) Concurrent Mark From Roots
[15.118s][info][gc,task     ] GC(7) Using 2 workers of 2 for marking
[15.151s][info][gc,marking  ] GC(7) Concurrent Mark From Roots 32.826ms
[15.151s][info][gc,marking  ] GC(7) Concurrent Preclean
[15.151s][info][gc,marking  ] GC(7) Concurrent Preclean 0.177ms
[15.151s][info][gc,start    ] GC(7) Pause Remark
[15.168s][info][gc          ] GC(7) Pause Remark 25M->25M(67M) 16.830ms
[15.168s][info][gc,cpu      ] GC(7) User=0.05s Sys=0.00s Real=0.02s
[15.168s][info][gc,marking  ] GC(7) Concurrent Mark 50.593ms
[15.169s][info][gc,marking  ] GC(7) Concurrent Rebuild Remembered Sets and Scrub Regions
[15.189s][info][gc,marking  ] GC(7) Concurrent Rebuild Remembered Sets and Scrub Regions 20.159ms
[15.189s][info][gc,start    ] GC(7) Pause Cleanup
[15.189s][info][gc          ] GC(7) Pause Cleanup 25M->25M(67M) 0.248ms
[15.189s][info][gc,cpu      ] GC(7) User=0.00s Sys=0.00s Real=0.00s
[15.189s][info][gc,marking  ] GC(7) Concurrent Clear Claimed Marks
[15.190s][info][gc,marking  ] GC(7) Concurrent Clear Claimed Marks 0.117ms
[15.190s][info][gc,marking  ] GC(7) Concurrent Cleanup for Next Mark
[15.190s][info][gc,marking  ] GC(7) Concurrent Cleanup for Next Mark 0.214ms
[15.190s][info][gc          ] GC(7) Concurrent Mark Cycle 84.077ms
[20.247s][info][gc,start    ] GC(8) Pause Young (Prepare Mixed) (G1 Evacuation Pause)
[20.248s][info][gc,task     ] GC(8) Using 8 workers of 8 for evacuation
[20.261s][info][gc,phases   ] GC(8)   Pre Evacuate Collection Set: 0.3ms
[20.261s][info][gc,phases   ] GC(8)   Merge Heap Roots: 0.2ms
[20.261s][info][gc,phases   ] GC(8)   Evacuate Collection Set: 11.9ms
[20.261s][info][gc,phases   ] GC(8)   Post Evacuate Collection Set: 0.9ms
[20.261s][info][gc,phases   ] GC(8)   Other: 0.3ms
[20.262s][info][gc,heap     ] GC(8) Eden regions: 29->0(25)
[20.262s][info][gc,heap     ] GC(8) Survivor regions: 3->4(4)
[20.262s][info][gc,heap     ] GC(8) Old regions: 21->23
[20.262s][info][gc,heap     ] GC(8) Humongous regions: 7->4
[20.262s][info][gc,metaspace] GC(8) Metaspace: 39648K(40064K)->39648K(40064K) NonClass: 34908K(35136K)->34908K(35136K) Class: 4740K(4928K)->4740K(4928K)
[20.262s][info][gc          ] GC(8) Pause Young (Prepare Mixed) (G1 Evacuation Pause) 58M->29M(67M) 14.328ms
[20.262s][info][gc,cpu      ] GC(8) User=0.00s Sys=0.00s Real=0.01s
[22.045s][info][gc,start    ] GC(9) Pause Young (Mixed) (G1 Evacuation Pause)
[22.045s][info][gc,task     ] GC(9) Using 8 workers of 8 for evacuation
[22.059s][info][gc,phases   ] GC(9)   Pre Evacuate Collection Set: 0.2ms
[22.059s][info][gc,phases   ] GC(9)   Merge Heap Roots: 0.1ms
[22.059s][info][gc,phases   ] GC(9)   Evacuate Collection Set: 12.6ms
[22.059s][info][gc,phases   ] GC(9)   Post Evacuate Collection Set: 0.8ms
[22.059s][info][gc,phases   ] GC(9)   Other: 0.2ms
[22.059s][info][gc,heap     ] GC(9) Eden regions: 25->0(27)
[22.059s][info][gc,heap     ] GC(9) Survivor regions: 4->2(4)
[22.059s][info][gc,heap     ] GC(9) Old regions: 23->25
[22.059s][info][gc,heap     ] GC(9) Humongous regions: 4->4
[22.059s][info][gc,metaspace] GC(9) Metaspace: 39720K(40192K)->39720K(40192K) NonClass: 34979K(35264K)->34979K(35264K) Class: 4740K(4928K)->4740K(4928K)
[22.059s][info][gc          ] GC(9) Pause Young (Mixed) (G1 Evacuation Pause) 54M->30M(67M) 14.657ms
[22.060s][info][gc,cpu      ] GC(9) User=0.03s Sys=0.02s Real=0.02s
[23.308s][info][gc,start    ] GC(10) Pause Young (Normal) (G1 Evacuation Pause)
[23.308s][info][gc,task     ] GC(10) Using 8 workers of 8 for evacuation
[23.312s][info][gc,phases   ] GC(10)   Pre Evacuate Collection Set: 0.2ms
[23.312s][info][gc,phases   ] GC(10)   Merge Heap Roots: 0.1ms
[23.312s][info][gc,phases   ] GC(10)   Evacuate Collection Set: 3.3ms
[23.312s][info][gc,phases   ] GC(10)   Post Evacuate Collection Set: 0.5ms
[23.312s][info][gc,phases   ] GC(10)   Other: 0.1ms
[23.312s][info][gc,heap     ] GC(10) Eden regions: 27->0(28)
[23.312s][info][gc,heap     ] GC(10) Survivor regions: 2->2(4)
[23.312s][info][gc,heap     ] GC(10) Old regions: 25->25
[23.312s][info][gc,heap     ] GC(10) Humongous regions: 4->4
[23.313s][info][gc,metaspace] GC(10) Metaspace: 39748K(40256K)->39748K(40256K) NonClass: 35008K(35328K)->35008K(35328K) Class: 4740K(4928K)->4740K(4928K)
[23.313s][info][gc          ] GC(10) Pause Young (Normal) (G1 Evacuation Pause) 57M->30M(67M) 4.940ms
[23.313s][info][gc,cpu      ] GC(10) User=0.11s Sys=0.00s Real=0.01s
[24.364s][info][gc,start    ] GC(11) Pause Young (Normal) (G1 Evacuation Pause)
[24.364s][info][gc,task     ] GC(11) Using 8 workers of 8 for evacuation
[24.369s][info][gc,phases   ] GC(11)   Pre Evacuate Collection Set: 0.2ms
[24.369s][info][gc,phases   ] GC(11)   Merge Heap Roots: 0.1ms
[24.370s][info][gc,phases   ] GC(11)   Evacuate Collection Set: 3.4ms
[24.370s][info][gc,phases   ] GC(11)   Post Evacuate Collection Set: 1.0ms
[24.370s][info][gc,phases   ] GC(11)   Other: 0.2ms
[24.370s][info][gc,heap     ] GC(11) Eden regions: 28->0(28)
[24.370s][info][gc,heap     ] GC(11) Survivor regions: 2->3(4)
[24.370s][info][gc,heap     ] GC(11) Old regions: 25->25
[24.370s][info][gc,heap     ] GC(11) Humongous regions: 4->4
[24.370s][info][gc,metaspace] GC(11) Metaspace: 39766K(40256K)->39766K(40256K) NonClass: 35024K(35328K)->35024K(35328K) Class: 4742K(4928K)->4742K(4928K)
[24.370s][info][gc          ] GC(11) Pause Young (Normal) (G1 Evacuation Pause) 58M->31M(67M) 5.744ms
[24.370s][info][gc,cpu      ] GC(11) User=0.00s Sys=0.00s Real=0.01s
[25.005s][info][gc,start    ] GC(12) Pause Young (Normal) (G1 Evacuation Pause)
[25.005s][info][gc,task     ] GC(12) Using 8 workers of 8 for evacuation
[25.012s][info][gc,phases   ] GC(12)   Pre Evacuate Collection Set: 0.4ms
[25.012s][info][gc,phases   ] GC(12)   Merge Heap Roots: 0.1ms
[25.012s][info][gc,phases   ] GC(12)   Evacuate Collection Set: 5.5ms
[25.012s][info][gc,phases   ] GC(12)   Post Evacuate Collection Set: 0.5ms
[25.012s][info][gc,phases   ] GC(12)   Other: 0.2ms
[25.012s][info][gc,heap     ] GC(12) Eden regions: 28->0(28)
[25.012s][info][gc,heap     ] GC(12) Survivor regions: 3->2(4)
[25.012s][info][gc,heap     ] GC(12) Old regions: 25->27
[25.012s][info][gc,heap     ] GC(12) Humongous regions: 4->4
[25.012s][info][gc,metaspace] GC(12) Metaspace: 39766K(40256K)->39766K(40256K) NonClass: 35024K(35328K)->35024K(35328K) Class: 4742K(4928K)->4742K(4928K)
[25.012s][info][gc          ] GC(12) Pause Young (Normal) (G1 Evacuation Pause) 59M->32M(67M) 7.403ms
[25.012s][info][gc,cpu      ] GC(12) User=0.00s Sys=0.00s Real=0.01s
[27.998s][info][gc,start    ] GC(13) Pause Young (Concurrent Start) (G1 Evacuation Pause)
[27.998s][info][gc,task     ] GC(13) Using 8 workers of 8 for evacuation
[28.004s][info][gc,phases   ] GC(13)   Pre Evacuate Collection Set: 0.2ms
[28.004s][info][gc,phases   ] GC(13)   Merge Heap Roots: 0.1ms
[28.004s][info][gc,phases   ] GC(13)   Evacuate Collection Set: 4.6ms
[28.004s][info][gc,phases   ] GC(13)   Post Evacuate Collection Set: 0.6ms
[28.004s][info][gc,phases   ] GC(13)   Other: 0.2ms
[28.004s][info][gc,heap     ] GC(13) Eden regions: 28->0(24)
[28.004s][info][gc,heap     ] GC(13) Survivor regions: 2->4(4)
[28.004s][info][gc,heap     ] GC(13) Old regions: 27->27
[28.004s][info][gc,heap     ] GC(13) Humongous regions: 4->4
[28.004s][info][gc,metaspace] GC(13) Metaspace: 45948K(46528K)->45948K(46528K) NonClass: 40291K(40576K)->40291K(40576K) Class: 5657K(5952K)->5657K(5952K)
[28.004s][info][gc          ] GC(13) Pause Young (Concurrent Start) (G1 Evacuation Pause) 60M->33M(67M) 6.496ms
[28.004s][info][gc,cpu      ] GC(13) User=0.00s Sys=0.00s Real=0.01s
[28.004s][info][gc          ] GC(14) Concurrent Mark Cycle
[28.004s][info][gc,marking  ] GC(14) Concurrent Scan Root Regions
[28.011s][info][gc,marking  ] GC(14) Concurrent Scan Root Regions 6.190ms
[28.011s][info][gc,marking  ] GC(14) Concurrent Mark
[28.011s][info][gc,marking  ] GC(14) Concurrent Mark From Roots
[28.011s][info][gc,task     ] GC(14) Using 2 workers of 2 for marking
[28.061s][info][gc,marking  ] GC(14) Concurrent Mark From Roots 50.185ms
[28.061s][info][gc,marking  ] GC(14) Concurrent Preclean
[28.061s][info][gc,marking  ] GC(14) Concurrent Preclean 0.163ms
[28.062s][info][gc,start    ] GC(14) Pause Remark
[28.074s][info][gc          ] GC(14) Pause Remark 34M->32M(67M) 12.733ms
[28.075s][info][gc,cpu      ] GC(14) User=0.00s Sys=0.00s Real=0.01s
[28.075s][info][gc,marking  ] GC(14) Concurrent Mark 63.914ms
[28.075s][info][gc,marking  ] GC(14) Concurrent Rebuild Remembered Sets and Scrub Regions
[28.099s][info][gc,marking  ] GC(14) Concurrent Rebuild Remembered Sets and Scrub Regions 23.954ms
[28.099s][info][gc,start    ] GC(14) Pause Cleanup
[28.099s][info][gc          ] GC(14) Pause Cleanup 32M->32M(67M) 0.206ms
[28.099s][info][gc,cpu      ] GC(14) User=0.00s Sys=0.00s Real=0.00s
[28.099s][info][gc,marking  ] GC(14) Concurrent Clear Claimed Marks
[28.099s][info][gc,marking  ] GC(14) Concurrent Clear Claimed Marks 0.097ms
[28.099s][info][gc,marking  ] GC(14) Concurrent Cleanup for Next Mark
[28.100s][info][gc,marking  ] GC(14) Concurrent Cleanup for Next Mark 0.153ms
[28.100s][info][gc          ] GC(14) Concurrent Mark Cycle 95.264ms
[29.661s][info][gc,start    ] GC(15) Pause Young (Prepare Mixed) (G1 Evacuation Pause)
[29.661s][info][gc,task     ] GC(15) Using 8 workers of 8 for evacuation
[29.670s][info][gc,phases   ] GC(15)   Pre Evacuate Collection Set: 0.2ms
[29.670s][info][gc,phases   ] GC(15)   Merge Heap Roots: 0.1ms
[29.670s][info][gc,phases   ] GC(15)   Evacuate Collection Set: 7.2ms
[29.670s][info][gc,phases   ] GC(15)   Post Evacuate Collection Set: 1.1ms
[29.670s][info][gc,phases   ] GC(15)   Other: 0.2ms
[29.670s][info][gc,heap     ] GC(15) Eden regions: 24->0(25)
[29.670s][info][gc,heap     ] GC(15) Survivor regions: 4->4(4)
[29.671s][info][gc,heap     ] GC(15) Old regions: 27->28
[29.671s][info][gc,heap     ] GC(15) Humongous regions: 2->2
[29.671s][info][gc,metaspace] GC(15) Metaspace: 52139K(52672K)->52139K(52672K) NonClass: 45638K(45888K)->45638K(45888K) Class: 6501K(6784K)->6501K(6784K)
[29.671s][info][gc          ] GC(15) Pause Young (Prepare Mixed) (G1 Evacuation Pause) 55M->32M(67M) 9.638ms
[29.671s][info][gc,cpu      ] GC(15) User=0.02s Sys=0.00s Real=0.01s
[31.703s][info][gc,start    ] GC(16) Pause Young (Mixed) (G1 Evacuation Pause)
[31.703s][info][gc,task     ] GC(16) Using 8 workers of 8 for evacuation
[31.710s][info][gc,phases   ] GC(16)   Pre Evacuate Collection Set: 0.4ms
[31.710s][info][gc,phases   ] GC(16)   Merge Heap Roots: 0.1ms
[31.710s][info][gc,phases   ] GC(16)   Evacuate Collection Set: 5.5ms
[31.710s][info][gc,phases   ] GC(16)   Post Evacuate Collection Set: 0.9ms
[31.710s][info][gc,phases   ] GC(16)   Other: 0.2ms
[31.710s][info][gc,heap     ] GC(16) Eden regions: 25->0(26)
[31.710s][info][gc,heap     ] GC(16) Survivor regions: 4->3(4)
[31.710s][info][gc,heap     ] GC(16) Old regions: 28->29
[31.710s][info][gc,heap     ] GC(16) Humongous regions: 2->2
[31.710s][info][gc,metaspace] GC(16) Metaspace: 59345K(59904K)->59345K(59904K) NonClass: 51686K(51968K)->51686K(51968K) Class: 7659K(7936K)->7659K(7936K)
[31.710s][info][gc          ] GC(16) Pause Young (Mixed) (G1 Evacuation Pause) 57M->32M(67M) 7.860ms
[31.710s][info][gc,cpu      ] GC(16) User=0.00s Sys=0.00s Real=0.01s
[32.927s][info][gc,start    ] GC(17) Pause Young (Concurrent Start) (G1 Evacuation Pause)
[32.927s][info][gc,task     ] GC(17) Using 8 workers of 8 for evacuation
[32.938s][info][gc,phases   ] GC(17)   Pre Evacuate Collection Set: 0.2ms
[32.938s][info][gc,phases   ] GC(17)   Merge Heap Roots: 0.1ms
[32.938s][info][gc,phases   ] GC(17)   Evacuate Collection Set: 8.9ms
[32.938s][info][gc,phases   ] GC(17)   Post Evacuate Collection Set: 1.1ms
[32.938s][info][gc,phases   ] GC(17)   Other: 0.2ms
[32.938s][info][gc,heap     ] GC(17) Eden regions: 26->0(24)
[32.938s][info][gc,heap     ] GC(17) Survivor regions: 3->4(4)
[32.938s][info][gc,heap     ] GC(17) Old regions: 29->29
[32.938s][info][gc,heap     ] GC(17) Humongous regions: 2->2
[32.938s][info][gc,metaspace] GC(17) Metaspace: 62853K(63424K)->62853K(63424K) NonClass: 54752K(55040K)->54752K(55040K) Class: 8101K(8384K)->8101K(8384K)
[32.938s][info][gc          ] GC(17) Pause Young (Concurrent Start) (G1 Evacuation Pause) 58M->34M(67M) 11.114ms
[32.938s][info][gc,cpu      ] GC(17) User=0.09s Sys=0.00s Real=0.01s
[32.938s][info][gc          ] GC(18) Concurrent Mark Cycle
[32.938s][info][gc,marking  ] GC(18) Concurrent Scan Root Regions
[32.945s][info][gc,marking  ] GC(18) Concurrent Scan Root Regions 6.464ms
[32.945s][info][gc,marking  ] GC(18) Concurrent Mark
[32.945s][info][gc,marking  ] GC(18) Concurrent Mark From Roots
[32.945s][info][gc,task     ] GC(18) Using 2 workers of 2 for marking
[33.002s][info][gc,marking  ] GC(18) Concurrent Mark From Roots 57.420ms
[33.003s][info][gc,marking  ] GC(18) Concurrent Preclean
[33.003s][info][gc,marking  ] GC(18) Concurrent Preclean 0.192ms
[33.010s][info][gc,start    ] GC(18) Pause Remark
[33.023s][info][gc          ] GC(18) Pause Remark 35M->35M(67M) 12.410ms
[33.023s][info][gc,cpu      ] GC(18) User=0.06s Sys=0.00s Real=0.01s
[33.023s][info][gc,marking  ] GC(18) Concurrent Mark 78.075ms
[33.023s][info][gc,marking  ] GC(18) Concurrent Rebuild Remembered Sets and Scrub Regions
[33.048s][info][gc,marking  ] GC(18) Concurrent Rebuild Remembered Sets and Scrub Regions 24.866ms
[33.048s][info][gc,start    ] GC(18) Pause Cleanup
[33.048s][info][gc          ] GC(18) Pause Cleanup 36M->36M(67M) 0.181ms
[33.048s][info][gc,cpu      ] GC(18) User=0.00s Sys=0.00s Real=0.00s
[33.049s][info][gc,marking  ] GC(18) Concurrent Clear Claimed Marks
[33.049s][info][gc,marking  ] GC(18) Concurrent Clear Claimed Marks 0.104ms
[33.049s][info][gc,marking  ] GC(18) Concurrent Cleanup for Next Mark
[33.049s][info][gc,marking  ] GC(18) Concurrent Cleanup for Next Mark 0.179ms
[33.049s][info][gc          ] GC(18) Concurrent Mark Cycle 110.641ms
[34.125s][info][gc,start    ] GC(19) Pause Young (Prepare Mixed) (G1 Evacuation Pause)
[34.125s][info][gc,task     ] GC(19) Using 8 workers of 8 for evacuation
[34.133s][info][gc,phases   ] GC(19)   Pre Evacuate Collection Set: 0.1ms
[34.133s][info][gc,phases   ] GC(19)   Merge Heap Roots: 0.1ms
[34.133s][info][gc,phases   ] GC(19)   Evacuate Collection Set: 7.2ms
[34.134s][info][gc,phases   ] GC(19)   Post Evacuate Collection Set: 0.8ms
[34.134s][info][gc,phases   ] GC(19)   Other: 0.2ms
[34.134s][info][gc,heap     ] GC(19) Eden regions: 24->0(22)
[34.134s][info][gc,heap     ] GC(19) Survivor regions: 4->3(4)
[34.134s][info][gc,heap     ] GC(19) Old regions: 29->33
[34.134s][info][gc,heap     ] GC(19) Humongous regions: 2->2
[34.134s][info][gc,metaspace] GC(19) Metaspace: 66782K(67392K)->66782K(67392K) NonClass: 57974K(58304K)->57974K(58304K) Class: 8808K(9088K)->8808K(9088K)
[34.134s][info][gc          ] GC(19) Pause Young (Prepare Mixed) (G1 Evacuation Pause) 58M->36M(67M) 9.089ms
[34.134s][info][gc,cpu      ] GC(19) User=0.00s Sys=0.00s Real=0.01s
[35.732s][info][gc,start    ] GC(20) Pause Young (Mixed) (G1 Evacuation Pause)
[35.732s][info][gc,task     ] GC(20) Using 8 workers of 8 for evacuation
[35.741s][info][gc,phases   ] GC(20)   Pre Evacuate Collection Set: 0.2ms
[35.741s][info][gc,phases   ] GC(20)   Merge Heap Roots: 0.1ms
[35.741s][info][gc,phases   ] GC(20)   Evacuate Collection Set: 7.2ms
[35.741s][info][gc,phases   ] GC(20)   Post Evacuate Collection Set: 0.8ms
[35.741s][info][gc,phases   ] GC(20)   Other: 0.2ms
[35.741s][info][gc,heap     ] GC(20) Eden regions: 22->0(20)
[35.741s][info][gc,heap     ] GC(20) Survivor regions: 3->4(4)
[35.741s][info][gc,heap     ] GC(20) Old regions: 33->33
[35.741s][info][gc,heap     ] GC(20) Humongous regions: 2->2
[35.741s][info][gc,metaspace] GC(20) Metaspace: 69254K(69824K)->69254K(69824K) NonClass: 60053K(60352K)->60053K(60352K) Class: 9201K(9472K)->9201K(9472K)
[35.741s][info][gc          ] GC(20) Pause Young (Mixed) (G1 Evacuation Pause) 58M->37M(67M) 9.158ms
[35.741s][info][gc,cpu      ] GC(20) User=0.00s Sys=0.00s Real=0.01s
[36.622s][info][gc,start    ] GC(21) Pause Young (Concurrent Start) (G1 Evacuation Pause)
[36.622s][info][gc,task     ] GC(21) Using 8 workers of 8 for evacuation
[36.629s][info][gc,phases   ] GC(21)   Pre Evacuate Collection Set: 0.2ms
[36.629s][info][gc,phases   ] GC(21)   Merge Heap Roots: 0.1ms
[36.629s][info][gc,phases   ] GC(21)   Evacuate Collection Set: 5.7ms
[36.630s][info][gc,phases   ] GC(21)   Post Evacuate Collection Set: 0.9ms
[36.630s][info][gc,phases   ] GC(21)   Other: 0.3ms
[36.630s][info][gc,heap     ] GC(21) Eden regions: 20->0(21)
[36.630s][info][gc,heap     ] GC(21) Survivor regions: 4->3(3)
[36.630s][info][gc,heap     ] GC(21) Old regions: 33->34
[36.630s][info][gc,heap     ] GC(21) Humongous regions: 2->2
[36.630s][info][gc,metaspace] GC(21) Metaspace: 70727K(71296K)->70727K(71296K) NonClass: 61353K(61696K)->61353K(61696K) Class: 9373K(9600K)->9373K(9600K)
[36.630s][info][gc          ] GC(21) Pause Young (Concurrent Start) (G1 Evacuation Pause) 57M->38M(67M) 7.976ms
[36.630s][info][gc,cpu      ] GC(21) User=0.03s Sys=0.00s Real=0.01s
[36.630s][info][gc          ] GC(22) Concurrent Mark Cycle
[36.631s][info][gc,marking  ] GC(22) Concurrent Scan Root Regions
[36.637s][info][gc,marking  ] GC(22) Concurrent Scan Root Regions 6.221ms
[36.637s][info][gc,marking  ] GC(22) Concurrent Mark
[36.637s][info][gc,marking  ] GC(22) Concurrent Mark From Roots
[36.637s][info][gc,task     ] GC(22) Using 2 workers of 2 for marking
[36.707s][info][gc,marking  ] GC(22) Concurrent Mark From Roots 70.287ms
[36.707s][info][gc,marking  ] GC(22) Concurrent Preclean
[36.707s][info][gc,marking  ] GC(22) Concurrent Preclean 0.105ms
[36.717s][info][gc,start    ] GC(22) Pause Remark
[36.727s][info][gc          ] GC(22) Pause Remark 38M->38M(67M) 9.555ms
[36.727s][info][gc,cpu      ] GC(22) User=0.00s Sys=0.00s Real=0.01s
[36.727s][info][gc,marking  ] GC(22) Concurrent Mark 90.470ms
[36.727s][info][gc,marking  ] GC(22) Concurrent Rebuild Remembered Sets and Scrub Regions
[36.763s][info][gc,marking  ] GC(22) Concurrent Rebuild Remembered Sets and Scrub Regions 35.384ms
[36.763s][info][gc,start    ] GC(22) Pause Cleanup
[36.763s][info][gc          ] GC(22) Pause Cleanup 39M->39M(67M) 0.222ms
[36.764s][info][gc,cpu      ] GC(22) User=0.00s Sys=0.00s Real=0.00s
[36.765s][info][gc,marking  ] GC(22) Concurrent Clear Claimed Marks
[36.765s][info][gc,marking  ] GC(22) Concurrent Clear Claimed Marks 0.121ms
[36.765s][info][gc,marking  ] GC(22) Concurrent Cleanup for Next Mark
[36.765s][info][gc,marking  ] GC(22) Concurrent Cleanup for Next Mark 0.191ms
[36.765s][info][gc          ] GC(22) Concurrent Mark Cycle 134.493ms
[37.511s][info][gc,start    ] GC(23) Pause Young (Prepare Mixed) (G1 Evacuation Pause)
[37.511s][info][gc,task     ] GC(23) Using 8 workers of 8 for evacuation
[37.517s][info][gc,phases   ] GC(23)   Pre Evacuate Collection Set: 0.4ms
[37.518s][info][gc,phases   ] GC(23)   Merge Heap Roots: 0.1ms
[37.518s][info][gc,phases   ] GC(23)   Evacuate Collection Set: 5.1ms
[37.518s][info][gc,phases   ] GC(23)   Post Evacuate Collection Set: 0.9ms
[37.518s][info][gc,phases   ] GC(23)   Other: 0.2ms
[37.518s][info][gc,heap     ] GC(23) Eden regions: 21->0(19)
[37.518s][info][gc,heap     ] GC(23) Survivor regions: 3->3(3)
[37.518s][info][gc,heap     ] GC(23) Old regions: 34->36
[37.518s][info][gc,heap     ] GC(23) Humongous regions: 2->2
[37.518s][info][gc,metaspace] GC(23) Metaspace: 73021K(73664K)->73021K(73664K) NonClass: 63384K(63744K)->63384K(63744K) Class: 9636K(9920K)->9636K(9920K)
[37.518s][info][gc          ] GC(23) Pause Young (Prepare Mixed) (G1 Evacuation Pause) 59M->39M(67M) 7.280ms
[37.518s][info][gc,cpu      ] GC(23) User=0.09s Sys=0.00s Real=0.01s
[38.593s][info][gc,start    ] GC(24) Pause Young (Mixed) (G1 Evacuation Pause)
[38.594s][info][gc,task     ] GC(24) Using 8 workers of 8 for evacuation
[38.605s][info][gc,phases   ] GC(24)   Pre Evacuate Collection Set: 0.2ms
[38.605s][info][gc,phases   ] GC(24)   Merge Heap Roots: 0.2ms
[38.605s][info][gc,phases   ] GC(24)   Evacuate Collection Set: 9.8ms
[38.605s][info][gc,phases   ] GC(24)   Post Evacuate Collection Set: 0.9ms
[38.605s][info][gc,phases   ] GC(24)   Other: 0.2ms
[38.605s][info][gc,heap     ] GC(24) Eden regions: 19->0(19)
[38.605s][info][gc,heap     ] GC(24) Survivor regions: 3->3(3)
[38.605s][info][gc,heap     ] GC(24) Old regions: 36->36
[38.605s][info][gc,heap     ] GC(24) Humongous regions: 2->2
[38.605s][info][gc,metaspace] GC(24) Metaspace: 75297K(75968K)->75297K(75968K) NonClass: 65371K(65728K)->65371K(65728K) Class: 9925K(10240K)->9925K(10240K)
[38.605s][info][gc          ] GC(24) Pause Young (Mixed) (G1 Evacuation Pause) 58M->40M(67M) 11.863ms
[38.605s][info][gc,cpu      ] GC(24) User=0.00s Sys=0.00s Real=0.01s
[39.284s][info][gc,start    ] GC(25) Pause Young (Concurrent Start) (G1 Evacuation Pause)
[39.284s][info][gc,task     ] GC(25) Using 8 workers of 8 for evacuation
[39.293s][info][gc,phases   ] GC(25)   Pre Evacuate Collection Set: 0.2ms
[39.293s][info][gc,phases   ] GC(25)   Merge Heap Roots: 0.1ms
[39.293s][info][gc,phases   ] GC(25)   Evacuate Collection Set: 7.1ms
[39.293s][info][gc,phases   ] GC(25)   Post Evacuate Collection Set: 0.7ms
[39.293s][info][gc,phases   ] GC(25)   Other: 0.2ms
[39.293s][info][gc,heap     ] GC(25) Eden regions: 19->0(18)
[39.293s][info][gc,heap     ] GC(25) Survivor regions: 3->3(3)
[39.293s][info][gc,heap     ] GC(25) Old regions: 36->37
[39.293s][info][gc,heap     ] GC(25) Humongous regions: 2->2
[39.293s][info][gc,metaspace] GC(25) Metaspace: 77308K(78080K)->77308K(78080K) NonClass: 67125K(67520K)->67125K(67520K) Class: 10183K(10560K)->10183K(10560K)
[39.293s][info][gc          ] GC(25) Pause Young (Concurrent Start) (G1 Evacuation Pause) 59M->41M(67M) 8.793ms
[39.293s][info][gc,cpu      ] GC(25) User=0.00s Sys=0.00s Real=0.01s
[39.293s][info][gc          ] GC(26) Concurrent Mark Cycle
[39.293s][info][gc,marking  ] GC(26) Concurrent Scan Root Regions
[39.300s][info][gc,marking  ] GC(26) Concurrent Scan Root Regions 6.919ms
[39.300s][info][gc,marking  ] GC(26) Concurrent Mark
[39.300s][info][gc,marking  ] GC(26) Concurrent Mark From Roots
[39.300s][info][gc,task     ] GC(26) Using 2 workers of 2 for marking
[39.380s][info][gc,marking  ] GC(26) Concurrent Mark From Roots 79.185ms
[39.380s][info][gc,marking  ] GC(26) Concurrent Preclean
[39.380s][info][gc,marking  ] GC(26) Concurrent Preclean 0.184ms
[39.380s][info][gc,start    ] GC(26) Pause Remark
[39.389s][info][gc          ] GC(26) Pause Remark 43M->43M(74M) 8.584ms
[39.389s][info][gc,cpu      ] GC(26) User=0.03s Sys=0.00s Real=0.01s
[39.389s][info][gc,marking  ] GC(26) Concurrent Mark 88.413ms
[39.389s][info][gc,marking  ] GC(26) Concurrent Rebuild Remembered Sets and Scrub Regions
[39.426s][info][gc,marking  ] GC(26) Concurrent Rebuild Remembered Sets and Scrub Regions 37.562ms
[39.427s][info][gc,start    ] GC(26) Pause Cleanup
[39.427s][info][gc          ] GC(26) Pause Cleanup 44M->44M(74M) 0.208ms
[39.427s][info][gc,cpu      ] GC(26) User=0.00s Sys=0.00s Real=0.00s
[39.427s][info][gc,marking  ] GC(26) Concurrent Clear Claimed Marks
[39.427s][info][gc,marking  ] GC(26) Concurrent Clear Claimed Marks 0.138ms
[39.427s][info][gc,marking  ] GC(26) Concurrent Cleanup for Next Mark
[39.428s][info][gc,marking  ] GC(26) Concurrent Cleanup for Next Mark 0.264ms
[39.428s][info][gc          ] GC(26) Concurrent Mark Cycle 134.497ms
[115.657s][info][gc,start    ] GC(27) Pause Young (Prepare Mixed) (G1 Evacuation Pause)
[115.657s][info][gc,task     ] GC(27) Using 8 workers of 8 for evacuation
[115.665s][info][gc,phases   ] GC(27)   Pre Evacuate Collection Set: 0.1ms
[115.665s][info][gc,phases   ] GC(27)   Merge Heap Roots: 0.1ms
[115.665s][info][gc,phases   ] GC(27)   Evacuate Collection Set: 6.3ms
[115.665s][info][gc,phases   ] GC(27)   Post Evacuate Collection Set: 0.6ms
[115.665s][info][gc,phases   ] GC(27)   Other: 0.1ms
[115.665s][info][gc,heap     ] GC(27) Eden regions: 17->0(23)
[115.665s][info][gc,heap     ] GC(27) Survivor regions: 3->2(3)
[115.665s][info][gc,heap     ] GC(27) Old regions: 37->40
[115.665s][info][gc,heap     ] GC(27) Humongous regions: 2->2
[115.665s][info][gc,metaspace] GC(27) Metaspace: 81513K(82240K)->81513K(82240K) NonClass: 70853K(71232K)->70853K(71232K) Class: 10659K(11008K)->10659K(11008K)
[115.665s][info][gc          ] GC(27) Pause Young (Prepare Mixed) (G1 Evacuation Pause) 58M->43M(74M) 7.818ms
[115.665s][info][gc,cpu      ] GC(27) User=0.00s Sys=0.00s Real=0.01s
[130.312s][info][gc,start    ] GC(28) Pause Young (Mixed) (G1 Evacuation Pause)
[130.312s][info][gc,task     ] GC(28) Using 8 workers of 8 for evacuation
[130.321s][info][gc,phases   ] GC(28)   Pre Evacuate Collection Set: 0.1ms
[130.321s][info][gc,phases   ] GC(28)   Merge Heap Roots: 0.1ms
[130.321s][info][gc,phases   ] GC(28)   Evacuate Collection Set: 7.7ms
[130.321s][info][gc,phases   ] GC(28)   Post Evacuate Collection Set: 0.7ms
[130.321s][info][gc,phases   ] GC(28)   Other: 0.1ms
[130.321s][info][gc,heap     ] GC(28) Eden regions: 23->0(20)
[130.321s][info][gc,heap     ] GC(28) Survivor regions: 2->4(4)
[130.321s][info][gc,heap     ] GC(28) Old regions: 40->39
[130.321s][info][gc,heap     ] GC(28) Humongous regions: 2->2
[130.321s][info][gc,metaspace] GC(28) Metaspace: 84350K(85120K)->84350K(85120K) NonClass: 73347K(73728K)->73347K(73728K) Class: 11002K(11392K)->11002K(11392K)
[130.321s][info][gc          ] GC(28) Pause Young (Mixed) (G1 Evacuation Pause) 66M->44M(74M) 9.240ms
[130.321s][info][gc,cpu      ] GC(28) User=0.00s Sys=0.00s Real=0.01s
[130.962s][info][gc,start    ] GC(29) Pause Young (Concurrent Start) (G1 Evacuation Pause)
[130.962s][info][gc,task     ] GC(29) Using 8 workers of 8 for evacuation
[130.968s][info][gc,phases   ] GC(29)   Pre Evacuate Collection Set: 0.1ms
[130.968s][info][gc,phases   ] GC(29)   Merge Heap Roots: 0.1ms
[130.968s][info][gc,phases   ] GC(29)   Evacuate Collection Set: 4.5ms
[130.968s][info][gc,phases   ] GC(29)   Post Evacuate Collection Set: 0.4ms
[130.968s][info][gc,phases   ] GC(29)   Other: 0.2ms
[130.968s][info][gc,heap     ] GC(29) Eden regions: 20->0(23)
[130.968s][info][gc,heap     ] GC(29) Survivor regions: 4->1(3)
[130.968s][info][gc,heap     ] GC(29) Old regions: 39->42
[130.968s][info][gc,heap     ] GC(29) Humongous regions: 2->2
[130.968s][info][gc,metaspace] GC(29) Metaspace: 84505K(85376K)->84505K(85376K) NonClass: 73499K(73984K)->73499K(73984K) Class: 11005K(11392K)->11005K(11392K)
[130.968s][info][gc          ] GC(29) Pause Young (Concurrent Start) (G1 Evacuation Pause) 64M->44M(74M) 5.766ms
[130.968s][info][gc,cpu      ] GC(29) User=0.11s Sys=0.00s Real=0.01s
[130.968s][info][gc          ] GC(30) Concurrent Mark Cycle
[130.968s][info][gc,marking  ] GC(30) Concurrent Scan Root Regions
[130.972s][info][gc,marking  ] GC(30) Concurrent Scan Root Regions 3.647ms
[130.972s][info][gc,marking  ] GC(30) Concurrent Mark
[130.972s][info][gc,marking  ] GC(30) Concurrent Mark From Roots
[130.972s][info][gc,task     ] GC(30) Using 2 workers of 2 for marking
[131.045s][info][gc,marking  ] GC(30) Concurrent Mark From Roots 73.392ms
[131.045s][info][gc,marking  ] GC(30) Concurrent Preclean
[131.046s][info][gc,marking  ] GC(30) Concurrent Preclean 0.204ms
[131.046s][info][gc,start    ] GC(30) Pause Remark
[131.055s][info][gc          ] GC(30) Pause Remark 47M->47M(80M) 8.892ms
[131.055s][info][gc,cpu      ] GC(30) User=0.00s Sys=0.00s Real=0.01s
[131.055s][info][gc,marking  ] GC(30) Concurrent Mark 82.890ms
[131.055s][info][gc,marking  ] GC(30) Concurrent Rebuild Remembered Sets and Scrub Regions
[131.087s][info][gc,marking  ] GC(30) Concurrent Rebuild Remembered Sets and Scrub Regions 32.096ms
[131.087s][info][gc,start    ] GC(30) Pause Cleanup
[131.087s][info][gc          ] GC(30) Pause Cleanup 47M->47M(80M) 0.174ms
[131.088s][info][gc,cpu      ] GC(30) User=0.00s Sys=0.00s Real=0.00s
[131.088s][info][gc,marking  ] GC(30) Concurrent Clear Claimed Marks
[131.088s][info][gc,marking  ] GC(30) Concurrent Clear Claimed Marks 0.117ms
[131.088s][info][gc,marking  ] GC(30) Concurrent Cleanup for Next Mark
[131.089s][info][gc,marking  ] GC(30) Concurrent Cleanup for Next Mark 0.322ms
[131.089s][info][gc          ] GC(30) Concurrent Mark Cycle 120.481ms
[131.345s][info][gc,start    ] GC(31) Pause Young (Prepare Mixed) (G1 Evacuation Pause)
[131.345s][info][gc,task     ] GC(31) Using 8 workers of 8 for evacuation
[131.347s][info][gc,phases   ] GC(31)   Pre Evacuate Collection Set: 0.1ms
[131.347s][info][gc,phases   ] GC(31)   Merge Heap Roots: 0.1ms
[131.347s][info][gc,phases   ] GC(31)   Evacuate Collection Set: 0.7ms
[131.347s][info][gc,phases   ] GC(31)   Post Evacuate Collection Set: 0.6ms
[131.347s][info][gc,phases   ] GC(31)   Other: 0.1ms
[131.347s][info][gc,heap     ] GC(31) Eden regions: 24->0(30)
[131.347s][info][gc,heap     ] GC(31) Survivor regions: 1->1(4)
[131.347s][info][gc,heap     ] GC(31) Old regions: 42->42
[131.347s][info][gc,heap     ] GC(31) Humongous regions: 2->2
[131.347s][info][gc,metaspace] GC(31) Metaspace: 84538K(85376K)->84538K(85376K) NonClass: 73532K(73984K)->73532K(73984K) Class: 11005K(11392K)->11005K(11392K)
[131.347s][info][gc          ] GC(31) Pause Young (Prepare Mixed) (G1 Evacuation Pause) 68M->43M(80M) 1.965ms
[131.347s][info][gc,cpu      ] GC(31) User=0.00s Sys=0.00s Real=0.00s
[132.033s][info][gc,start    ] GC(32) Pause Young (Mixed) (G1 Evacuation Pause)
[132.033s][info][gc,task     ] GC(32) Using 8 workers of 8 for evacuation
[132.037s][info][gc,phases   ] GC(32)   Pre Evacuate Collection Set: 0.1ms
[132.037s][info][gc,phases   ] GC(32)   Merge Heap Roots: 0.1ms
[132.037s][info][gc,phases   ] GC(32)   Evacuate Collection Set: 3.2ms
[132.037s][info][gc,phases   ] GC(32)   Post Evacuate Collection Set: 0.4ms
[132.037s][info][gc,phases   ] GC(32)   Other: 0.1ms
[132.037s][info][gc,heap     ] GC(32) Eden regions: 30->0(31)
[132.037s][info][gc,heap     ] GC(32) Survivor regions: 1->1(4)
[132.037s][info][gc,heap     ] GC(32) Old regions: 42->41
[132.037s][info][gc,heap     ] GC(32) Humongous regions: 2->2
[132.037s][info][gc,metaspace] GC(32) Metaspace: 84551K(85376K)->84551K(85376K) NonClass: 73544K(73984K)->73544K(73984K) Class: 11007K(11392K)->11007K(11392K)
[132.037s][info][gc          ] GC(32) Pause Young (Mixed) (G1 Evacuation Pause) 73M->43M(80M) 4.303ms
[132.037s][info][gc,cpu      ] GC(32) User=0.00s Sys=0.00s Real=0.00s
[132.331s][info][gc,start    ] GC(33) Pause Young (Concurrent Start) (G1 Evacuation Pause)
[132.331s][info][gc,task     ] GC(33) Using 8 workers of 8 for evacuation
[132.333s][info][gc,phases   ] GC(33)   Pre Evacuate Collection Set: 0.1ms
[132.333s][info][gc,phases   ] GC(33)   Merge Heap Roots: 0.0ms
[132.333s][info][gc,phases   ] GC(33)   Evacuate Collection Set: 1.0ms
[132.333s][info][gc,phases   ] GC(33)   Post Evacuate Collection Set: 0.4ms
[132.333s][info][gc,phases   ] GC(33)   Other: 0.1ms
[132.333s][info][gc,heap     ] GC(33) Eden regions: 31->0(31)
[132.333s][info][gc,heap     ] GC(33) Survivor regions: 1->1(4)
[132.333s][info][gc,heap     ] GC(33) Old regions: 41->41
[132.333s][info][gc,heap     ] GC(33) Humongous regions: 2->2
[132.333s][info][gc,metaspace] GC(33) Metaspace: 84552K(85376K)->84552K(85376K) NonClass: 73544K(73984K)->73544K(73984K) Class: 11007K(11392K)->11007K(11392K)
[132.333s][info][gc          ] GC(33) Pause Young (Concurrent Start) (G1 Evacuation Pause) 74M->43M(80M) 2.197ms
[132.333s][info][gc          ] GC(34) Concurrent Mark Cycle
[132.333s][info][gc,cpu      ] GC(33) User=0.00s Sys=0.00s Real=0.00s
[132.333s][info][gc,marking  ] GC(34) Concurrent Scan Root Regions
[132.336s][info][gc,marking  ] GC(34) Concurrent Scan Root Regions 2.470ms
[132.336s][info][gc,marking  ] GC(34) Concurrent Mark
[132.336s][info][gc,marking  ] GC(34) Concurrent Mark From Roots
[132.336s][info][gc,task     ] GC(34) Using 2 workers of 2 for marking
[132.414s][info][gc,marking  ] GC(34) Concurrent Mark From Roots 78.314ms
[132.414s][info][gc,marking  ] GC(34) Concurrent Preclean
[132.415s][info][gc,marking  ] GC(34) Concurrent Preclean 0.270ms
[132.415s][info][gc,start    ] GC(34) Pause Remark
[132.425s][info][gc          ] GC(34) Pause Remark 49M->49M(84M) 9.883ms
[132.425s][info][gc,cpu      ] GC(34) User=0.09s Sys=0.00s Real=0.01s
[132.426s][info][gc,marking  ] GC(34) Concurrent Mark 89.855ms
[132.426s][info][gc,marking  ] GC(34) Concurrent Rebuild Remembered Sets and Scrub Regions
[132.460s][info][gc,marking  ] GC(34) Concurrent Rebuild Remembered Sets and Scrub Regions 33.864ms
[132.460s][info][gc,start    ] GC(34) Pause Cleanup
[132.461s][info][gc          ] GC(34) Pause Cleanup 52M->52M(84M) 0.416ms
[132.461s][info][gc,cpu      ] GC(34) User=0.00s Sys=0.00s Real=0.00s
[132.461s][info][gc,marking  ] GC(34) Concurrent Clear Claimed Marks
[132.461s][info][gc,marking  ] GC(34) Concurrent Clear Claimed Marks 0.168ms
[132.461s][info][gc,marking  ] GC(34) Concurrent Cleanup for Next Mark
[132.461s][info][gc,marking  ] GC(34) Concurrent Cleanup for Next Mark 0.282ms
[132.461s][info][gc          ] GC(34) Concurrent Mark Cycle 128.173ms
[132.546s][info][gc,start    ] GC(35) Pause Young (Prepare Mixed) (G1 Evacuation Pause)
[132.546s][info][gc,task     ] GC(35) Using 8 workers of 8 for evacuation
[132.548s][info][gc,phases   ] GC(35)   Pre Evacuate Collection Set: 0.1ms
[132.548s][info][gc,phases   ] GC(35)   Merge Heap Roots: 0.1ms
[132.548s][info][gc,phases   ] GC(35)   Evacuate Collection Set: 1.0ms
[132.548s][info][gc,phases   ] GC(35)   Post Evacuate Collection Set: 0.4ms
[132.548s][info][gc,phases   ] GC(35)   Other: 0.1ms
[132.548s][info][gc,heap     ] GC(35) Eden regions: 30->0(34)
[132.548s][info][gc,heap     ] GC(35) Survivor regions: 1->1(4)
[132.548s][info][gc,heap     ] GC(35) Old regions: 41->41
[132.548s][info][gc,heap     ] GC(35) Humongous regions: 2->2
[132.548s][info][gc,metaspace] GC(35) Metaspace: 84557K(85376K)->84557K(85376K) NonClass: 73549K(73984K)->73549K(73984K) Class: 11007K(11392K)->11007K(11392K)
[132.548s][info][gc          ] GC(35) Pause Young (Prepare Mixed) (G1 Evacuation Pause) 73M->43M(84M) 1.981ms
[132.548s][info][gc,cpu      ] GC(35) User=0.00s Sys=0.00s Real=0.00s
[132.736s][info][gc,start    ] GC(36) Pause Young (Mixed) (G1 Evacuation Pause)
[132.736s][info][gc,task     ] GC(36) Using 8 workers of 8 for evacuation
[132.741s][info][gc,phases   ] GC(36)   Pre Evacuate Collection Set: 0.1ms
[132.741s][info][gc,phases   ] GC(36)   Merge Heap Roots: 0.1ms
[132.741s][info][gc,phases   ] GC(36)   Evacuate Collection Set: 3.5ms
[132.741s][info][gc,phases   ] GC(36)   Post Evacuate Collection Set: 0.5ms
[132.741s][info][gc,phases   ] GC(36)   Other: 0.1ms
[132.741s][info][gc,heap     ] GC(36) Eden regions: 34->0(34)
[132.741s][info][gc,heap     ] GC(36) Survivor regions: 1->1(5)
[132.741s][info][gc,heap     ] GC(36) Old regions: 41->41
[132.741s][info][gc,heap     ] GC(36) Humongous regions: 2->2
[132.741s][info][gc,metaspace] GC(36) Metaspace: 84559K(85376K)->84559K(85376K) NonClass: 73551K(73984K)->73551K(73984K) Class: 11007K(11392K)->11007K(11392K)
[132.741s][info][gc          ] GC(36) Pause Young (Mixed) (G1 Evacuation Pause) 77M->43M(84M) 4.936ms
[132.741s][info][gc,cpu      ] GC(36) User=0.00s Sys=0.00s Real=0.01s
[133.601s][info][gc,start    ] GC(37) Pause Young (Concurrent Start) (G1 Evacuation Pause)
[133.601s][info][gc,task     ] GC(37) Using 8 workers of 8 for evacuation
[133.603s][info][gc,phases   ] GC(37)   Pre Evacuate Collection Set: 0.2ms
[133.603s][info][gc,phases   ] GC(37)   Merge Heap Roots: 0.1ms
[133.603s][info][gc,phases   ] GC(37)   Evacuate Collection Set: 0.8ms
[133.603s][info][gc,phases   ] GC(37)   Post Evacuate Collection Set: 0.6ms
[133.603s][info][gc,phases   ] GC(37)   Other: 0.2ms
[133.603s][info][gc,heap     ] GC(37) Eden regions: 34->0(34)
[133.603s][info][gc,heap     ] GC(37) Survivor regions: 1->1(5)
[133.603s][info][gc,heap     ] GC(37) Old regions: 41->41
[133.603s][info][gc,heap     ] GC(37) Humongous regions: 2->2
[133.603s][info][gc,metaspace] GC(37) Metaspace: 84559K(85376K)->84559K(85376K) NonClass: 73551K(73984K)->73551K(73984K) Class: 11007K(11392K)->11007K(11392K)
[133.603s][info][gc          ] GC(37) Pause Young (Concurrent Start) (G1 Evacuation Pause) 77M->43M(84M) 2.323ms
[133.603s][info][gc,cpu      ] GC(37) User=0.00s Sys=0.00s Real=0.00s
[133.603s][info][gc          ] GC(38) Concurrent Mark Cycle
[133.603s][info][gc,marking  ] GC(38) Concurrent Scan Root Regions
[133.606s][info][gc,marking  ] GC(38) Concurrent Scan Root Regions 2.551ms
[133.606s][info][gc,marking  ] GC(38) Concurrent Mark
[133.606s][info][gc,marking  ] GC(38) Concurrent Mark From Roots
[133.606s][info][gc,task     ] GC(38) Using 2 workers of 2 for marking
[133.653s][info][gc,marking  ] GC(38) Concurrent Mark From Roots 47.306ms
[133.653s][info][gc,marking  ] GC(38) Concurrent Preclean
[133.653s][info][gc,marking  ] GC(38) Concurrent Preclean 0.135ms
[133.653s][info][gc,start    ] GC(38) Pause Remark
[133.659s][info][gc          ] GC(38) Pause Remark 43M->43M(84M) 5.972ms
[133.660s][info][gc,cpu      ] GC(38) User=0.08s Sys=0.00s Real=0.01s
[133.660s][info][gc,marking  ] GC(38) Concurrent Mark 53.829ms
[133.660s][info][gc,marking  ] GC(38) Concurrent Rebuild Remembered Sets and Scrub Regions
[133.679s][info][gc,marking  ] GC(38) Concurrent Rebuild Remembered Sets and Scrub Regions 18.992ms
[133.679s][info][gc,start    ] GC(38) Pause Cleanup
[133.679s][info][gc          ] GC(38) Pause Cleanup 43M->43M(84M) 0.181ms
[133.679s][info][gc,cpu      ] GC(38) User=0.00s Sys=0.00s Real=0.00s
[133.679s][info][gc,marking  ] GC(38) Concurrent Clear Claimed Marks
[133.679s][info][gc,marking  ] GC(38) Concurrent Clear Claimed Marks 0.090ms
[133.679s][info][gc,marking  ] GC(38) Concurrent Cleanup for Next Mark
[133.679s][info][gc,marking  ] GC(38) Concurrent Cleanup for Next Mark 0.169ms
[133.679s][info][gc          ] GC(38) Concurrent Mark Cycle 76.365ms
[138.042s][info][gc,start    ] GC(39) Pause Young (Prepare Mixed) (G1 Evacuation Pause)
[138.042s][info][gc,task     ] GC(39) Using 8 workers of 8 for evacuation
[138.044s][info][gc,phases   ] GC(39)   Pre Evacuate Collection Set: 0.1ms
[138.045s][info][gc,phases   ] GC(39)   Merge Heap Roots: 0.1ms
[138.045s][info][gc,phases   ] GC(39)   Evacuate Collection Set: 1.8ms
[138.045s][info][gc,phases   ] GC(39)   Post Evacuate Collection Set: 0.4ms
[138.045s][info][gc,phases   ] GC(39)   Other: 0.1ms
[138.045s][info][gc,heap     ] GC(39) Eden regions: 34->0(32)
[138.045s][info][gc,heap     ] GC(39) Survivor regions: 1->2(5)
[138.045s][info][gc,heap     ] GC(39) Old regions: 41->41
[138.045s][info][gc,heap     ] GC(39) Humongous regions: 2->2
[138.045s][info][gc,metaspace] GC(39) Metaspace: 84572K(85376K)->84572K(85376K) NonClass: 73563K(73984K)->73563K(73984K) Class: 11008K(11392K)->11008K(11392K)
[138.045s][info][gc          ] GC(39) Pause Young (Prepare Mixed) (G1 Evacuation Pause) 77M->43M(84M) 2.941ms
[138.045s][info][gc,cpu      ] GC(39) User=0.09s Sys=0.02s Real=0.00s
[138.221s][info][gc,start    ] GC(40) Pause Young (Mixed) (G1 Evacuation Pause)
[138.221s][info][gc,task     ] GC(40) Using 8 workers of 8 for evacuation
[138.226s][info][gc,phases   ] GC(40)   Pre Evacuate Collection Set: 0.1ms
[138.226s][info][gc,phases   ] GC(40)   Merge Heap Roots: 0.1ms
[138.226s][info][gc,phases   ] GC(40)   Evacuate Collection Set: 3.5ms
[138.226s][info][gc,phases   ] GC(40)   Post Evacuate Collection Set: 0.5ms
[138.226s][info][gc,phases   ] GC(40)   Other: 0.1ms
[138.226s][info][gc,heap     ] GC(40) Eden regions: 32->0(33)
[138.226s][info][gc,heap     ] GC(40) Survivor regions: 2->2(5)
[138.226s][info][gc,heap     ] GC(40) Old regions: 41->40
[138.226s][info][gc,heap     ] GC(40) Humongous regions: 2->2
[138.226s][info][gc,metaspace] GC(40) Metaspace: 84577K(85376K)->84577K(85376K) NonClass: 73569K(73984K)->73569K(73984K) Class: 11008K(11392K)->11008K(11392K)
[138.226s][info][gc          ] GC(40) Pause Young (Mixed) (G1 Evacuation Pause) 75M->43M(84M) 4.949ms
[138.226s][info][gc,cpu      ] GC(40) User=0.00s Sys=0.00s Real=0.00s
[138.369s][info][gc,start    ] GC(41) Pause Young (Concurrent Start) (G1 Evacuation Pause)
[138.369s][info][gc,task     ] GC(41) Using 8 workers of 8 for evacuation
[138.372s][info][gc,phases   ] GC(41)   Pre Evacuate Collection Set: 0.1ms
[138.372s][info][gc,phases   ] GC(41)   Merge Heap Roots: 0.1ms
[138.372s][info][gc,phases   ] GC(41)   Evacuate Collection Set: 1.8ms
[138.372s][info][gc,phases   ] GC(41)   Post Evacuate Collection Set: 0.5ms
[138.372s][info][gc,phases   ] GC(41)   Other: 0.1ms
[138.372s][info][gc,heap     ] GC(41) Eden regions: 33->0(33)
[138.372s][info][gc,heap     ] GC(41) Survivor regions: 2->2(5)
[138.372s][info][gc,heap     ] GC(41) Old regions: 40->40
[138.372s][info][gc,heap     ] GC(41) Humongous regions: 2->2
[138.372s][info][gc,metaspace] GC(41) Metaspace: 84577K(85376K)->84577K(85376K) NonClass: 73569K(73984K)->73569K(73984K) Class: 11008K(11392K)->11008K(11392K)
[138.372s][info][gc          ] GC(41) Pause Young (Concurrent Start) (G1 Evacuation Pause) 76M->43M(84M) 3.110ms
[138.372s][info][gc          ] GC(42) Concurrent Mark Cycle
[138.372s][info][gc,cpu      ] GC(41) User=0.02s Sys=0.02s Real=0.00s
[138.372s][info][gc,marking  ] GC(42) Concurrent Scan Root Regions
[138.374s][info][gc,marking  ] GC(42) Concurrent Scan Root Regions 2.049ms
[138.374s][info][gc,marking  ] GC(42) Concurrent Mark
[138.374s][info][gc,marking  ] GC(42) Concurrent Mark From Roots
[138.374s][info][gc,task     ] GC(42) Using 2 workers of 2 for marking
[138.451s][info][gc,marking  ] GC(42) Concurrent Mark From Roots 76.855ms
[138.451s][info][gc,marking  ] GC(42) Concurrent Preclean
[138.451s][info][gc,marking  ] GC(42) Concurrent Preclean 0.248ms
[138.452s][info][gc,start    ] GC(42) Pause Remark
[138.458s][info][gc          ] GC(42) Pause Remark 57M->57M(97M) 5.971ms
[138.458s][info][gc,cpu      ] GC(42) User=0.00s Sys=0.00s Real=0.01s
[138.458s][info][gc,marking  ] GC(42) Concurrent Mark 83.530ms
[138.458s][info][gc,marking  ] GC(42) Concurrent Rebuild Remembered Sets and Scrub Regions
[138.488s][info][gc,marking  ] GC(42) Concurrent Rebuild Remembered Sets and Scrub Regions 30.376ms
[138.488s][info][gc,start    ] GC(42) Pause Cleanup
[138.489s][info][gc          ] GC(42) Pause Cleanup 63M->63M(97M) 0.169ms
[138.489s][info][gc,cpu      ] GC(42) User=0.00s Sys=0.00s Real=0.00s
[138.489s][info][gc,marking  ] GC(42) Concurrent Clear Claimed Marks
[138.489s][info][gc,marking  ] GC(42) Concurrent Clear Claimed Marks 0.122ms
[138.489s][info][gc,marking  ] GC(42) Concurrent Cleanup for Next Mark
[138.489s][info][gc,marking  ] GC(42) Concurrent Cleanup for Next Mark 0.281ms
[138.489s][info][gc          ] GC(42) Concurrent Mark Cycle 117.235ms
[138.542s][info][gc,start    ] GC(43) Pause Young (Prepare Mixed) (G1 Evacuation Pause)
[138.542s][info][gc,task     ] GC(43) Using 8 workers of 8 for evacuation
[138.545s][info][gc,phases   ] GC(43)   Pre Evacuate Collection Set: 0.1ms
[138.545s][info][gc,phases   ] GC(43)   Merge Heap Roots: 0.1ms
[138.545s][info][gc,phases   ] GC(43)   Evacuate Collection Set: 1.6ms
[138.545s][info][gc,phases   ] GC(43)   Post Evacuate Collection Set: 0.4ms
[138.545s][info][gc,phases   ] GC(43)   Other: 0.1ms
[138.545s][info][gc,heap     ] GC(43) Eden regions: 32->0(45)
[138.545s][info][gc,heap     ] GC(43) Survivor regions: 2->2(5)
[138.545s][info][gc,heap     ] GC(43) Old regions: 40->40
[138.545s][info][gc,heap     ] GC(43) Humongous regions: 2->2
[138.545s][info][gc,metaspace] GC(43) Metaspace: 84577K(85376K)->84577K(85376K) NonClass: 73569K(73984K)->73569K(73984K) Class: 11008K(11392K)->11008K(11392K)
[138.545s][info][gc          ] GC(43) Pause Young (Prepare Mixed) (G1 Evacuation Pause) 75M->43M(97M) 2.656ms
[138.545s][info][gc,cpu      ] GC(43) User=0.12s Sys=0.00s Real=0.00s
[138.707s][info][gc,start    ] GC(44) Pause Young (Mixed) (G1 Evacuation Pause)
[138.708s][info][gc,task     ] GC(44) Using 8 workers of 8 for evacuation
[138.712s][info][gc,phases   ] GC(44)   Pre Evacuate Collection Set: 0.1ms
[138.712s][info][gc,phases   ] GC(44)   Merge Heap Roots: 0.1ms
[138.712s][info][gc,phases   ] GC(44)   Evacuate Collection Set: 3.4ms
[138.712s][info][gc,phases   ] GC(44)   Post Evacuate Collection Set: 0.5ms
[138.712s][info][gc,phases   ] GC(44)   Other: 0.1ms
[138.712s][info][gc,heap     ] GC(44) Eden regions: 45->0(45)
[138.712s][info][gc,heap     ] GC(44) Survivor regions: 2->2(6)
[138.712s][info][gc,heap     ] GC(44) Old regions: 40->40
[138.712s][info][gc,heap     ] GC(44) Humongous regions: 2->2
[138.712s][info][gc,metaspace] GC(44) Metaspace: 84577K(85376K)->84577K(85376K) NonClass: 73569K(73984K)->73569K(73984K) Class: 11008K(11392K)->11008K(11392K)
[138.712s][info][gc          ] GC(44) Pause Young (Mixed) (G1 Evacuation Pause) 88M->43M(97M) 4.729ms
[138.712s][info][gc,cpu      ] GC(44) User=0.00s Sys=0.00s Real=0.00s
[143.862s][info][gc,start    ] GC(45) Pause Young (Concurrent Start) (G1 Evacuation Pause)
[143.862s][info][gc,task     ] GC(45) Using 8 workers of 8 for evacuation
[143.865s][info][gc,phases   ] GC(45)   Pre Evacuate Collection Set: 0.2ms
[143.865s][info][gc,phases   ] GC(45)   Merge Heap Roots: 0.1ms
[143.865s][info][gc,phases   ] GC(45)   Evacuate Collection Set: 2.4ms
[143.865s][info][gc,phases   ] GC(45)   Post Evacuate Collection Set: 0.5ms
[143.865s][info][gc,phases   ] GC(45)   Other: 0.2ms
[143.865s][info][gc,heap     ] GC(45) Eden regions: 45->0(41)
[143.865s][info][gc,heap     ] GC(45) Survivor regions: 2->4(6)
[143.866s][info][gc,heap     ] GC(45) Old regions: 40->40
[143.866s][info][gc,heap     ] GC(45) Humongous regions: 2->2
[143.866s][info][gc,metaspace] GC(45) Metaspace: 84636K(85440K)->84636K(85440K) NonClass: 73627K(74048K)->73627K(74048K) Class: 11008K(11392K)->11008K(11392K)
[143.866s][info][gc          ] GC(45) Pause Young (Concurrent Start) (G1 Evacuation Pause) 88M->45M(97M) 3.919ms
[143.866s][info][gc,cpu      ] GC(45) User=0.00s Sys=0.00s Real=0.00s
[143.866s][info][gc          ] GC(46) Concurrent Mark Cycle
[143.866s][info][gc,marking  ] GC(46) Concurrent Scan Root Regions
[143.870s][info][gc,marking  ] GC(46) Concurrent Scan Root Regions 3.688ms
[143.870s][info][gc,marking  ] GC(46) Concurrent Mark
[143.870s][info][gc,marking  ] GC(46) Concurrent Mark From Roots
[143.870s][info][gc,task     ] GC(46) Using 2 workers of 2 for marking
[143.939s][info][gc,marking  ] GC(46) Concurrent Mark From Roots 69.777ms
[143.940s][info][gc,marking  ] GC(46) Concurrent Preclean
[143.940s][info][gc,marking  ] GC(46) Concurrent Preclean 0.221ms
[143.940s][info][gc,start    ] GC(46) Pause Remark
[143.948s][info][gc          ] GC(46) Pause Remark 60M->60M(104M) 8.193ms
[143.948s][info][gc,cpu      ] GC(46) User=0.00s Sys=0.00s Real=0.01s
[143.948s][info][gc,marking  ] GC(46) Concurrent Mark 78.583ms
[143.948s][info][gc,marking  ] GC(46) Concurrent Rebuild Remembered Sets and Scrub Regions
[143.973s][info][gc,marking  ] GC(46) Concurrent Rebuild Remembered Sets and Scrub Regions 24.224ms
[143.973s][info][gc,start    ] GC(46) Pause Cleanup
[143.973s][info][gc          ] GC(46) Pause Cleanup 66M->66M(104M) 0.180ms
[143.973s][info][gc,cpu      ] GC(46) User=0.00s Sys=0.00s Real=0.00s
[143.973s][info][gc,marking  ] GC(46) Concurrent Clear Claimed Marks
[143.973s][info][gc,marking  ] GC(46) Concurrent Clear Claimed Marks 0.101ms
[143.973s][info][gc,marking  ] GC(46) Concurrent Cleanup for Next Mark
[143.973s][info][gc,marking  ] GC(46) Concurrent Cleanup for Next Mark 0.267ms
[143.973s][info][gc          ] GC(46) Concurrent Mark Cycle 107.696ms
[144.027s][info][gc,start    ] GC(47) Pause Young (Prepare Mixed) (G1 Evacuation Pause)
[144.027s][info][gc,task     ] GC(47) Using 8 workers of 8 for evacuation
[144.030s][info][gc,phases   ] GC(47)   Pre Evacuate Collection Set: 0.2ms
[144.030s][info][gc,phases   ] GC(47)   Merge Heap Roots: 0.1ms
[144.030s][info][gc,phases   ] GC(47)   Evacuate Collection Set: 2.4ms
[144.030s][info][gc,phases   ] GC(47)   Post Evacuate Collection Set: 0.4ms
[144.030s][info][gc,phases   ] GC(47)   Other: 0.1ms
[144.030s][info][gc,heap     ] GC(47) Eden regions: 41->0(50)
[144.030s][info][gc,heap     ] GC(47) Survivor regions: 4->3(6)
[144.030s][info][gc,heap     ] GC(47) Old regions: 40->40
[144.030s][info][gc,heap     ] GC(47) Humongous regions: 2->2
[144.030s][info][gc,metaspace] GC(47) Metaspace: 84641K(85440K)->84641K(85440K) NonClass: 73633K(74048K)->73633K(74048K) Class: 11008K(11392K)->11008K(11392K)
[144.030s][info][gc          ] GC(47) Pause Young (Prepare Mixed) (G1 Evacuation Pause) 86M->44M(104M) 3.408ms
[144.030s][info][gc,cpu      ] GC(47) User=0.09s Sys=0.00s Real=0.00s
[144.164s][info][gc,start    ] GC(48) Pause Young (Mixed) (G1 Evacuation Pause)
[144.164s][info][gc,task     ] GC(48) Using 8 workers of 8 for evacuation
[144.167s][info][gc,phases   ] GC(48)   Pre Evacuate Collection Set: 0.1ms
[144.167s][info][gc,phases   ] GC(48)   Merge Heap Roots: 0.1ms
[144.167s][info][gc,phases   ] GC(48)   Evacuate Collection Set: 2.9ms
[144.167s][info][gc,phases   ] GC(48)   Post Evacuate Collection Set: 0.5ms
[144.167s][info][gc,phases   ] GC(48)   Other: 0.1ms
[144.167s][info][gc,heap     ] GC(48) Eden regions: 50->0(50)
[144.167s][info][gc,heap     ] GC(48) Survivor regions: 3->3(7)
[144.168s][info][gc,heap     ] GC(48) Old regions: 40->40
[144.168s][info][gc,heap     ] GC(48) Humongous regions: 2->2
[144.168s][info][gc,metaspace] GC(48) Metaspace: 84642K(85440K)->84642K(85440K) NonClass: 73633K(74048K)->73633K(74048K) Class: 11008K(11392K)->11008K(11392K)
[144.168s][info][gc          ] GC(48) Pause Young (Mixed) (G1 Evacuation Pause) 94M->43M(104M) 4.093ms
[144.168s][info][gc,cpu      ] GC(48) User=0.00s Sys=0.00s Real=0.00s
[144.376s][info][gc,start    ] GC(49) Pause Young (Concurrent Start) (G1 Evacuation Pause)
[144.376s][info][gc,task     ] GC(49) Using 8 workers of 8 for evacuation
[144.378s][info][gc,phases   ] GC(49)   Pre Evacuate Collection Set: 0.1ms
[144.378s][info][gc,phases   ] GC(49)   Merge Heap Roots: 0.1ms
[144.378s][info][gc,phases   ] GC(49)   Evacuate Collection Set: 2.0ms
[144.378s][info][gc,phases   ] GC(49)   Post Evacuate Collection Set: 0.4ms
[144.378s][info][gc,phases   ] GC(49)   Other: 0.1ms
[144.379s][info][gc,heap     ] GC(49) Eden regions: 50->0(50)
[144.379s][info][gc,heap     ] GC(49) Survivor regions: 3->3(7)
[144.379s][info][gc,heap     ] GC(49) Old regions: 40->40
[144.379s][info][gc,heap     ] GC(49) Humongous regions: 2->2
[144.379s][info][gc,metaspace] GC(49) Metaspace: 84642K(85440K)->84642K(85440K) NonClass: 73633K(74048K)->73633K(74048K) Class: 11008K(11392K)->11008K(11392K)
[144.379s][info][gc          ] GC(49) Pause Young (Concurrent Start) (G1 Evacuation Pause) 93M->44M(104M) 3.238ms
[144.379s][info][gc          ] GC(50) Concurrent Mark Cycle
[144.379s][info][gc,cpu      ] GC(49) User=0.00s Sys=0.00s Real=0.00s
[144.379s][info][gc,marking  ] GC(50) Concurrent Scan Root Regions
[144.382s][info][gc,marking  ] GC(50) Concurrent Scan Root Regions 2.835ms
[144.382s][info][gc,marking  ] GC(50) Concurrent Mark
[144.382s][info][gc,marking  ] GC(50) Concurrent Mark From Roots
[144.382s][info][gc,task     ] GC(50) Using 2 workers of 2 for marking
[144.439s][info][gc,marking  ] GC(50) Concurrent Mark From Roots 57.062ms
[144.439s][info][gc,marking  ] GC(50) Concurrent Preclean
[144.439s][info][gc,marking  ] GC(50) Concurrent Preclean 0.165ms
[144.439s][info][gc,start    ] GC(50) Pause Remark
[144.444s][info][gc          ] GC(50) Pause Remark 61M->61M(104M) 4.633ms
[144.444s][info][gc,cpu      ] GC(50) User=0.00s Sys=0.00s Real=0.00s
[144.444s][info][gc,marking  ] GC(50) Concurrent Mark 62.210ms
[144.444s][info][gc,marking  ] GC(50) Concurrent Rebuild Remembered Sets and Scrub Regions
[144.472s][info][gc,marking  ] GC(50) Concurrent Rebuild Remembered Sets and Scrub Regions 27.836ms
[144.472s][info][gc,start    ] GC(50) Pause Cleanup
[144.472s][info][gc          ] GC(50) Pause Cleanup 68M->68M(104M) 0.178ms
[144.472s][info][gc,cpu      ] GC(50) User=0.00s Sys=0.00s Real=0.00s
[144.472s][info][gc,marking  ] GC(50) Concurrent Clear Claimed Marks
[144.472s][info][gc,marking  ] GC(50) Concurrent Clear Claimed Marks 0.119ms
[144.473s][info][gc,marking  ] GC(50) Concurrent Cleanup for Next Mark
[144.473s][info][gc,marking  ] GC(50) Concurrent Cleanup for Next Mark 0.204ms
[144.473s][info][gc          ] GC(50) Concurrent Mark Cycle 93.955ms
[144.535s][info][gc,start    ] GC(51) Pause Young (Prepare Mixed) (G1 Evacuation Pause)
[144.536s][info][gc,task     ] GC(51) Using 8 workers of 8 for evacuation
[144.539s][info][gc,phases   ] GC(51)   Pre Evacuate Collection Set: 0.1ms
[144.539s][info][gc,phases   ] GC(51)   Merge Heap Roots: 0.1ms
[144.539s][info][gc,phases   ] GC(51)   Evacuate Collection Set: 2.4ms
[144.539s][info][gc,phases   ] GC(51)   Post Evacuate Collection Set: 0.5ms
[144.539s][info][gc,phases   ] GC(51)   Other: 0.1ms
[144.539s][info][gc,heap     ] GC(51) Eden regions: 50->0(50)
[144.539s][info][gc,heap     ] GC(51) Survivor regions: 3->3(7)
[144.539s][info][gc,heap     ] GC(51) Old regions: 40->40
[144.539s][info][gc,heap     ] GC(51) Humongous regions: 2->2
[144.539s][info][gc,metaspace] GC(51) Metaspace: 84643K(85440K)->84643K(85440K) NonClass: 73634K(74048K)->73634K(74048K) Class: 11008K(11392K)->11008K(11392K)
[144.539s][info][gc          ] GC(51) Pause Young (Prepare Mixed) (G1 Evacuation Pause) 94M->44M(104M) 3.655ms
[144.539s][info][gc,cpu      ] GC(51) User=0.00s Sys=0.00s Real=0.00s
[149.657s][info][gc,start    ] GC(52) Pause Young (Mixed) (G1 Evacuation Pause)
[149.657s][info][gc,task     ] GC(52) Using 8 workers of 8 for evacuation
[149.662s][info][gc,phases   ] GC(52)   Pre Evacuate Collection Set: 0.1ms
[149.662s][info][gc,phases   ] GC(52)   Merge Heap Roots: 0.1ms
[149.662s][info][gc,phases   ] GC(52)   Evacuate Collection Set: 4.7ms
[149.662s][info][gc,phases   ] GC(52)   Post Evacuate Collection Set: 0.6ms
[149.662s][info][gc,phases   ] GC(52)   Other: 0.1ms
[149.662s][info][gc,heap     ] GC(52) Eden regions: 50->0(50)
[149.662s][info][gc,heap     ] GC(52) Survivor regions: 3->3(7)
[149.662s][info][gc,heap     ] GC(52) Old regions: 40->40
[149.662s][info][gc,heap     ] GC(52) Humongous regions: 2->2
[149.662s][info][gc,metaspace] GC(52) Metaspace: 84656K(85440K)->84656K(85440K) NonClass: 73647K(74048K)->73647K(74048K) Class: 11008K(11392K)->11008K(11392K)
[149.662s][info][gc          ] GC(52) Pause Young (Mixed) (G1 Evacuation Pause) 94M->44M(104M) 5.863ms
[149.662s][info][gc,cpu      ] GC(52) User=0.00s Sys=0.00s Real=0.01s
[149.746s][info][gc,start    ] GC(53) Pause Young (Concurrent Start) (G1 Evacuation Pause)
[149.746s][info][gc,task     ] GC(53) Using 8 workers of 8 for evacuation
[149.748s][info][gc,phases   ] GC(53)   Pre Evacuate Collection Set: 0.3ms
[149.748s][info][gc,phases   ] GC(53)   Merge Heap Roots: 0.1ms
[149.748s][info][gc,phases   ] GC(53)   Evacuate Collection Set: 1.3ms
[149.748s][info][gc,phases   ] GC(53)   Post Evacuate Collection Set: 0.6ms
[149.748s][info][gc,phases   ] GC(53)   Other: 0.2ms
[149.748s][info][gc,heap     ] GC(53) Eden regions: 50->0(50)
[149.748s][info][gc,heap     ] GC(53) Survivor regions: 3->3(7)
[149.748s][info][gc,heap     ] GC(53) Old regions: 40->40
[149.748s][info][gc,heap     ] GC(53) Humongous regions: 2->2
[149.748s][info][gc,metaspace] GC(53) Metaspace: 84656K(85440K)->84656K(85440K) NonClass: 73648K(74048K)->73648K(74048K) Class: 11008K(11392K)->11008K(11392K)
[149.748s][info][gc          ] GC(53) Pause Young (Concurrent Start) (G1 Evacuation Pause) 94M->44M(104M) 2.755ms
[149.748s][info][gc,cpu      ] GC(53) User=0.12s Sys=0.00s Real=0.00s
[149.748s][info][gc          ] GC(54) Concurrent Mark Cycle
[149.749s][info][gc,marking  ] GC(54) Concurrent Scan Root Regions
[149.750s][info][gc,marking  ] GC(54) Concurrent Scan Root Regions 1.717ms
[149.750s][info][gc,marking  ] GC(54) Concurrent Mark
[149.750s][info][gc,marking  ] GC(54) Concurrent Mark From Roots
[149.750s][info][gc,task     ] GC(54) Using 2 workers of 2 for marking
[149.799s][info][gc,marking  ] GC(54) Concurrent Mark From Roots 49.002ms
[149.799s][info][gc,marking  ] GC(54) Concurrent Preclean
[149.800s][info][gc,marking  ] GC(54) Concurrent Preclean 0.146ms
[149.800s][info][gc,start    ] GC(54) Pause Remark
[149.806s][info][gc          ] GC(54) Pause Remark 61M->61M(105M) 6.796ms
[149.807s][info][gc,cpu      ] GC(54) User=0.00s Sys=0.00s Real=0.01s
[149.807s][info][gc,marking  ] GC(54) Concurrent Mark 56.294ms
[149.807s][info][gc,marking  ] GC(54) Concurrent Rebuild Remembered Sets and Scrub Regions
[149.829s][info][gc,marking  ] GC(54) Concurrent Rebuild Remembered Sets and Scrub Regions 22.633ms
[149.829s][info][gc,start    ] GC(54) Pause Cleanup
[149.830s][info][gc          ] GC(54) Pause Cleanup 70M->70M(105M) 0.166ms
[149.830s][info][gc,cpu      ] GC(54) User=0.00s Sys=0.00s Real=0.00s
[149.830s][info][gc,marking  ] GC(54) Concurrent Clear Claimed Marks
[149.830s][info][gc,marking  ] GC(54) Concurrent Clear Claimed Marks 0.110ms
[149.830s][info][gc,marking  ] GC(54) Concurrent Cleanup for Next Mark
[149.830s][info][gc,marking  ] GC(54) Concurrent Cleanup for Next Mark 0.223ms
[149.830s][info][gc          ] GC(54) Concurrent Mark Cycle 81.612ms
[149.876s][info][gc,start    ] GC(55) Pause Young (Prepare Mixed) (G1 Evacuation Pause)
[149.876s][info][gc,task     ] GC(55) Using 8 workers of 8 for evacuation
[149.879s][info][gc,phases   ] GC(55)   Pre Evacuate Collection Set: 0.1ms
[149.879s][info][gc,phases   ] GC(55)   Merge Heap Roots: 0.1ms
[149.879s][info][gc,phases   ] GC(55)   Evacuate Collection Set: 2.2ms
[149.879s][info][gc,phases   ] GC(55)   Post Evacuate Collection Set: 0.5ms
[149.879s][info][gc,phases   ] GC(55)   Other: 0.1ms
[149.880s][info][gc,heap     ] GC(55) Eden regions: 50->0(51)
[149.880s][info][gc,heap     ] GC(55) Survivor regions: 3->3(7)
[149.880s][info][gc,heap     ] GC(55) Old regions: 40->40
[149.880s][info][gc,heap     ] GC(55) Humongous regions: 2->2
[149.880s][info][gc,metaspace] GC(55) Metaspace: 84656K(85440K)->84656K(85440K) NonClass: 73648K(74048K)->73648K(74048K) Class: 11008K(11392K)->11008K(11392K)
[149.880s][info][gc          ] GC(55) Pause Young (Prepare Mixed) (G1 Evacuation Pause) 94M->44M(105M) 3.548ms
[149.880s][info][gc,cpu      ] GC(55) User=0.00s Sys=0.00s Real=0.00s
[150.019s][info][gc,start    ] GC(56) Pause Young (Mixed) (G1 Evacuation Pause)
[150.019s][info][gc,task     ] GC(56) Using 8 workers of 8 for evacuation
[150.023s][info][gc,phases   ] GC(56)   Pre Evacuate Collection Set: 0.1ms
[150.023s][info][gc,phases   ] GC(56)   Merge Heap Roots: 0.1ms
[150.023s][info][gc,phases   ] GC(56)   Evacuate Collection Set: 2.6ms
[150.023s][info][gc,phases   ] GC(56)   Post Evacuate Collection Set: 0.4ms
[150.023s][info][gc,phases   ] GC(56)   Other: 0.1ms
[150.023s][info][gc,heap     ] GC(56) Eden regions: 51->0(51)
[150.023s][info][gc,heap     ] GC(56) Survivor regions: 3->3(7)
[150.023s][info][gc,heap     ] GC(56) Old regions: 40->40
[150.023s][info][gc,heap     ] GC(56) Humongous regions: 2->2
[150.023s][info][gc,metaspace] GC(56) Metaspace: 84656K(85440K)->84656K(85440K) NonClass: 73648K(74048K)->73648K(74048K) Class: 11008K(11392K)->11008K(11392K)
[150.023s][info][gc          ] GC(56) Pause Young (Mixed) (G1 Evacuation Pause) 95M->44M(105M) 3.682ms
[150.023s][info][gc,cpu      ] GC(56) User=0.00s Sys=0.00s Real=0.00s
[155.108s][info][gc,start    ] GC(57) Pause Young (Concurrent Start) (G1 Evacuation Pause)
[155.108s][info][gc,task     ] GC(57) Using 8 workers of 8 for evacuation
[155.111s][info][gc,phases   ] GC(57)   Pre Evacuate Collection Set: 0.2ms
[155.111s][info][gc,phases   ] GC(57)   Merge Heap Roots: 0.1ms
[155.111s][info][gc,phases   ] GC(57)   Evacuate Collection Set: 1.3ms
[155.111s][info][gc,phases   ] GC(57)   Post Evacuate Collection Set: 0.6ms
[155.111s][info][gc,phases   ] GC(57)   Other: 0.1ms
[155.111s][info][gc,heap     ] GC(57) Eden regions: 51->0(50)
[155.111s][info][gc,heap     ] GC(57) Survivor regions: 3->3(7)
[155.111s][info][gc,heap     ] GC(57) Old regions: 40->41
[155.111s][info][gc,heap     ] GC(57) Humongous regions: 2->2
[155.111s][info][gc,metaspace] GC(57) Metaspace: 84660K(85440K)->84660K(85440K) NonClass: 73652K(74048K)->73652K(74048K) Class: 11008K(11392K)->11008K(11392K)
[155.111s][info][gc          ] GC(57) Pause Young (Concurrent Start) (G1 Evacuation Pause) 95M->44M(105M) 2.712ms
[155.111s][info][gc,cpu      ] GC(57) User=0.00s Sys=0.00s Real=0.00s
[155.111s][info][gc          ] GC(58) Concurrent Mark Cycle
[155.111s][info][gc,marking  ] GC(58) Concurrent Scan Root Regions
[155.113s][info][gc,marking  ] GC(58) Concurrent Scan Root Regions 2.256ms
[155.113s][info][gc,marking  ] GC(58) Concurrent Mark
[155.113s][info][gc,marking  ] GC(58) Concurrent Mark From Roots
[155.113s][info][gc,task     ] GC(58) Using 2 workers of 2 for marking
[155.153s][info][gc,marking  ] GC(58) Concurrent Mark From Roots 39.709ms
[155.153s][info][gc,marking  ] GC(58) Concurrent Preclean
[155.153s][info][gc,marking  ] GC(58) Concurrent Preclean 0.151ms
[155.153s][info][gc,start    ] GC(58) Pause Remark
[155.159s][info][gc          ] GC(58) Pause Remark 64M->64M(110M) 5.439ms
[155.159s][info][gc,cpu      ] GC(58) User=0.00s Sys=0.02s Real=0.01s
[155.159s][info][gc,marking  ] GC(58) Concurrent Mark 45.650ms
[155.159s][info][gc,marking  ] GC(58) Concurrent Rebuild Remembered Sets and Scrub Regions
[155.182s][info][gc,marking  ] GC(58) Concurrent Rebuild Remembered Sets and Scrub Regions 23.506ms
[155.183s][info][gc,start    ] GC(58) Pause Cleanup
[155.183s][info][gc          ] GC(58) Pause Cleanup 72M->72M(110M) 0.138ms
[155.183s][info][gc,cpu      ] GC(58) User=0.00s Sys=0.00s Real=0.00s
[155.183s][info][gc,marking  ] GC(58) Concurrent Clear Claimed Marks
[155.183s][info][gc,marking  ] GC(58) Concurrent Clear Claimed Marks 0.099ms
[155.183s][info][gc,marking  ] GC(58) Concurrent Cleanup for Next Mark
[155.183s][info][gc,marking  ] GC(58) Concurrent Cleanup for Next Mark 0.234ms
[155.183s][info][gc          ] GC(58) Concurrent Mark Cycle 72.402ms
[155.220s][info][gc,start    ] GC(59) Pause Young (Prepare Mixed) (G1 Evacuation Pause)
[155.220s][info][gc,task     ] GC(59) Using 8 workers of 8 for evacuation
[155.222s][info][gc,phases   ] GC(59)   Pre Evacuate Collection Set: 0.1ms
[155.222s][info][gc,phases   ] GC(59)   Merge Heap Roots: 0.1ms
[155.222s][info][gc,phases   ] GC(59)   Evacuate Collection Set: 1.2ms
[155.222s][info][gc,phases   ] GC(59)   Post Evacuate Collection Set: 0.4ms
[155.222s][info][gc,phases   ] GC(59)   Other: 0.1ms
[155.222s][info][gc,heap     ] GC(59) Eden regions: 50->0(55)
[155.222s][info][gc,heap     ] GC(59) Survivor regions: 3->3(7)
[155.222s][info][gc,heap     ] GC(59) Old regions: 41->41
[155.222s][info][gc,heap     ] GC(59) Humongous regions: 2->2
[155.222s][info][gc,metaspace] GC(59) Metaspace: 84665K(85440K)->84665K(85440K) NonClass: 73656K(74048K)->73656K(74048K) Class: 11008K(11392K)->11008K(11392K)
[155.222s][info][gc          ] GC(59) Pause Young (Prepare Mixed) (G1 Evacuation Pause) 94M->44M(110M) 2.328ms
[155.222s][info][gc,cpu      ] GC(59) User=0.00s Sys=0.00s Real=0.00s
[155.334s][info][gc,start    ] GC(60) Pause Young (Mixed) (G1 Evacuation Pause)
[155.334s][info][gc,task     ] GC(60) Using 8 workers of 8 for evacuation
[155.339s][info][gc,phases   ] GC(60)   Pre Evacuate Collection Set: 0.2ms
[155.339s][info][gc,phases   ] GC(60)   Merge Heap Roots: 0.1ms
[155.339s][info][gc,phases   ] GC(60)   Evacuate Collection Set: 3.7ms
[155.339s][info][gc,phases   ] GC(60)   Post Evacuate Collection Set: 0.6ms
[155.339s][info][gc,phases   ] GC(60)   Other: 0.1ms
[155.339s][info][gc,heap     ] GC(60) Eden regions: 55->0(55)
[155.339s][info][gc,heap     ] GC(60) Survivor regions: 3->3(8)
[155.339s][info][gc,heap     ] GC(60) Old regions: 41->41
[155.339s][info][gc,heap     ] GC(60) Humongous regions: 2->2
[155.339s][info][gc,metaspace] GC(60) Metaspace: 84665K(85440K)->84665K(85440K) NonClass: 73656K(74048K)->73656K(74048K) Class: 11008K(11392K)->11008K(11392K)
[155.339s][info][gc          ] GC(60) Pause Young (Mixed) (G1 Evacuation Pause) 99M->44M(110M) 5.086ms
[155.339s][info][gc,cpu      ] GC(60) User=0.00s Sys=0.00s Real=0.00s
[155.567s][info][gc,start    ] GC(61) Pause Young (Concurrent Start) (G1 Evacuation Pause)
[155.567s][info][gc,task     ] GC(61) Using 8 workers of 8 for evacuation
[155.571s][info][gc,phases   ] GC(61)   Pre Evacuate Collection Set: 0.2ms
[155.571s][info][gc,phases   ] GC(61)   Merge Heap Roots: 0.1ms
[155.571s][info][gc,phases   ] GC(61)   Evacuate Collection Set: 2.9ms
[155.571s][info][gc,phases   ] GC(61)   Post Evacuate Collection Set: 0.4ms
[155.571s][info][gc,phases   ] GC(61)   Other: 0.2ms
[155.571s][info][gc,heap     ] GC(61) Eden regions: 55->0(53)
[155.571s][info][gc,heap     ] GC(61) Survivor regions: 3->4(8)
[155.571s][info][gc,heap     ] GC(61) Old regions: 41->41
[155.571s][info][gc,heap     ] GC(61) Humongous regions: 2->2
[155.571s][info][gc,metaspace] GC(61) Metaspace: 84668K(85440K)->84668K(85440K) NonClass: 73659K(74048K)->73659K(74048K) Class: 11008K(11392K)->11008K(11392K)
[155.571s][info][gc          ] GC(61) Pause Young (Concurrent Start) (G1 Evacuation Pause) 99M->45M(110M) 4.119ms
[155.571s][info][gc          ] GC(62) Concurrent Mark Cycle
[155.571s][info][gc,cpu      ] GC(61) User=0.00s Sys=0.00s Real=0.00s
[155.571s][info][gc,marking  ] GC(62) Concurrent Scan Root Regions
[155.574s][info][gc,marking  ] GC(62) Concurrent Scan Root Regions 2.694ms
[155.574s][info][gc,marking  ] GC(62) Concurrent Mark
[155.574s][info][gc,marking  ] GC(62) Concurrent Mark From Roots
[155.574s][info][gc,task     ] GC(62) Using 2 workers of 2 for marking
[155.635s][info][gc,marking  ] GC(62) Concurrent Mark From Roots 61.047ms
[155.635s][info][gc,marking  ] GC(62) Concurrent Preclean
[155.635s][info][gc,marking  ] GC(62) Concurrent Preclean 0.155ms
[155.635s][info][gc,start    ] GC(62) Pause Remark
[155.640s][info][gc          ] GC(62) Pause Remark 63M->63M(110M) 4.407ms
[155.640s][info][gc,cpu      ] GC(62) User=0.12s Sys=0.00s Real=0.01s
[155.640s][info][gc,marking  ] GC(62) Concurrent Mark 65.956ms
[155.640s][info][gc,marking  ] GC(62) Concurrent Rebuild Remembered Sets and Scrub Regions
[155.664s][info][gc,marking  ] GC(62) Concurrent Rebuild Remembered Sets and Scrub Regions 23.838ms
[155.664s][info][gc,start    ] GC(62) Pause Cleanup
[155.664s][info][gc          ] GC(62) Pause Cleanup 67M->67M(110M) 0.288ms
[155.664s][info][gc,cpu      ] GC(62) User=0.00s Sys=0.00s Real=0.00s
[155.664s][info][gc,marking  ] GC(62) Concurrent Clear Claimed Marks
[155.665s][info][gc,marking  ] GC(62) Concurrent Clear Claimed Marks 0.259ms
[155.665s][info][gc,marking  ] GC(62) Concurrent Cleanup for Next Mark
[155.665s][info][gc,marking  ] GC(62) Concurrent Cleanup for Next Mark 0.493ms
[155.665s][info][gc          ] GC(62) Concurrent Mark Cycle 94.212ms
[184.553s][info][gc,start    ] GC(63) Pause Young (Prepare Mixed) (G1 Evacuation Pause)
[184.553s][info][gc,task     ] GC(63) Using 8 workers of 8 for evacuation
[184.556s][info][gc,phases   ] GC(63)   Pre Evacuate Collection Set: 0.2ms
[184.556s][info][gc,phases   ] GC(63)   Merge Heap Roots: 0.0ms
[184.556s][info][gc,phases   ] GC(63)   Evacuate Collection Set: 2.0ms
[184.556s][info][gc,phases   ] GC(63)   Post Evacuate Collection Set: 0.6ms
[184.556s][info][gc,phases   ] GC(63)   Other: 0.1ms
[184.556s][info][gc,heap     ] GC(63) Eden regions: 53->0(55)
[184.556s][info][gc,heap     ] GC(63) Survivor regions: 4->3(8)
[184.556s][info][gc,heap     ] GC(63) Old regions: 41->41
[184.556s][info][gc,heap     ] GC(63) Humongous regions: 2->2
[184.556s][info][gc,metaspace] GC(63) Metaspace: 84922K(85760K)->84922K(85760K) NonClass: 73886K(74304K)->73886K(74304K) Class: 11035K(11456K)->11035K(11456K)
[184.556s][info][gc          ] GC(63) Pause Young (Prepare Mixed) (G1 Evacuation Pause) 98M->45M(110M) 3.329ms
[184.556s][info][gc,cpu      ] GC(63) User=0.00s Sys=0.00s Real=0.00s
[184.648s][info][gc,start    ] GC(64) Pause Young (Mixed) (G1 Evacuation Pause)
[184.648s][info][gc,task     ] GC(64) Using 8 workers of 8 for evacuation
[184.652s][info][gc,phases   ] GC(64)   Pre Evacuate Collection Set: 0.3ms
[184.652s][info][gc,phases   ] GC(64)   Merge Heap Roots: 0.1ms
[184.652s][info][gc,phases   ] GC(64)   Evacuate Collection Set: 2.7ms
[184.652s][info][gc,phases   ] GC(64)   Post Evacuate Collection Set: 0.7ms
[184.652s][info][gc,phases   ] GC(64)   Other: 0.1ms
[184.652s][info][gc,heap     ] GC(64) Eden regions: 55->0(55)
[184.652s][info][gc,heap     ] GC(64) Survivor regions: 3->3(8)
[184.652s][info][gc,heap     ] GC(64) Old regions: 41->41
[184.652s][info][gc,heap     ] GC(64) Humongous regions: 2->2
[184.652s][info][gc,metaspace] GC(64) Metaspace: 84922K(85760K)->84922K(85760K) NonClass: 73886K(74304K)->73886K(74304K) Class: 11035K(11456K)->11035K(11456K)
[184.652s][info][gc          ] GC(64) Pause Young (Mixed) (G1 Evacuation Pause) 100M->45M(110M) 4.215ms
[184.652s][info][gc,cpu      ] GC(64) User=0.00s Sys=0.00s Real=0.01s
[184.759s][info][gc,start    ] GC(65) Pause Young (Concurrent Start) (G1 Evacuation Pause)
[184.759s][info][gc,task     ] GC(65) Using 8 workers of 8 for evacuation
[184.762s][info][gc,phases   ] GC(65)   Pre Evacuate Collection Set: 0.3ms
[184.762s][info][gc,phases   ] GC(65)   Merge Heap Roots: 0.1ms
[184.762s][info][gc,phases   ] GC(65)   Evacuate Collection Set: 1.9ms
[184.762s][info][gc,phases   ] GC(65)   Post Evacuate Collection Set: 0.5ms
[184.762s][info][gc,phases   ] GC(65)   Other: 0.2ms
[184.762s][info][gc,heap     ] GC(65) Eden regions: 55->0(53)
[184.762s][info][gc,heap     ] GC(65) Survivor regions: 3->4(8)
[184.762s][info][gc,heap     ] GC(65) Old regions: 41->41
[184.762s][info][gc,heap     ] GC(65) Humongous regions: 2->2
[184.762s][info][gc,metaspace] GC(65) Metaspace: 84922K(85760K)->84922K(85760K) NonClass: 73886K(74304K)->73886K(74304K) Class: 11035K(11456K)->11035K(11456K)
[184.762s][info][gc          ] GC(65) Pause Young (Concurrent Start) (G1 Evacuation Pause) 100M->45M(110M) 3.312ms
[184.762s][info][gc,cpu      ] GC(65) User=0.00s Sys=0.00s Real=0.00s
[184.762s][info][gc          ] GC(66) Concurrent Mark Cycle
[184.762s][info][gc,marking  ] GC(66) Concurrent Scan Root Regions
[184.764s][info][gc,marking  ] GC(66) Concurrent Scan Root Regions 2.416ms
[184.764s][info][gc,marking  ] GC(66) Concurrent Mark
[184.764s][info][gc,marking  ] GC(66) Concurrent Mark From Roots
[184.765s][info][gc,task     ] GC(66) Using 2 workers of 2 for marking
[184.833s][info][gc,marking  ] GC(66) Concurrent Mark From Roots 68.790ms
[184.833s][info][gc,marking  ] GC(66) Concurrent Preclean
[184.834s][info][gc,marking  ] GC(66) Concurrent Preclean 0.172ms
[184.834s][info][gc,start    ] GC(66) Pause Remark
[184.839s][info][gc          ] GC(66) Pause Remark 60M->60M(110M) 4.882ms
[184.839s][info][gc,cpu      ] GC(66) User=0.00s Sys=0.00s Real=0.00s
[184.839s][info][gc,marking  ] GC(66) Concurrent Mark 74.251ms
[184.839s][info][gc,marking  ] GC(66) Concurrent Rebuild Remembered Sets and Scrub Regions
[184.864s][info][gc,marking  ] GC(66) Concurrent Rebuild Remembered Sets and Scrub Regions 24.714ms
[184.864s][info][gc,start    ] GC(66) Pause Cleanup
[184.864s][info][gc          ] GC(66) Pause Cleanup 66M->66M(110M) 0.153ms
[184.864s][info][gc,cpu      ] GC(66) User=0.00s Sys=0.00s Real=0.00s
[184.864s][info][gc,marking  ] GC(66) Concurrent Clear Claimed Marks
[184.864s][info][gc,marking  ] GC(66) Concurrent Clear Claimed Marks 0.116ms
[184.864s][info][gc,marking  ] GC(66) Concurrent Cleanup for Next Mark
[184.864s][info][gc,marking  ] GC(66) Concurrent Cleanup for Next Mark 0.337ms
[184.864s][info][gc          ] GC(66) Concurrent Mark Cycle 102.559ms
[184.939s][info][gc,start    ] GC(67) Pause Young (Prepare Mixed) (G1 Evacuation Pause)
[184.939s][info][gc,task     ] GC(67) Using 8 workers of 8 for evacuation
[184.940s][info][gc,phases   ] GC(67)   Pre Evacuate Collection Set: 0.1ms
[184.941s][info][gc,phases   ] GC(67)   Merge Heap Roots: 0.0ms
[184.941s][info][gc,phases   ] GC(67)   Evacuate Collection Set: 0.9ms
[184.941s][info][gc,phases   ] GC(67)   Post Evacuate Collection Set: 0.4ms
[184.941s][info][gc,phases   ] GC(67)   Other: 0.1ms
[184.941s][info][gc,heap     ] GC(67) Eden regions: 53->0(57)
[184.941s][info][gc,heap     ] GC(67) Survivor regions: 4->2(8)
[184.941s][info][gc,heap     ] GC(67) Old regions: 41->41
[184.941s][info][gc,heap     ] GC(67) Humongous regions: 2->2
[184.941s][info][gc,metaspace] GC(67) Metaspace: 84922K(85760K)->84922K(85760K) NonClass: 73886K(74304K)->73886K(74304K) Class: 11035K(11456K)->11035K(11456K)
[184.941s][info][gc          ] GC(67) Pause Young (Prepare Mixed) (G1 Evacuation Pause) 98M->44M(110M) 1.876ms
[184.941s][info][gc,cpu      ] GC(67) User=0.00s Sys=0.00s Real=0.00s
[185.072s][info][gc,start    ] GC(68) Pause Young (Mixed) (G1 Evacuation Pause)
[185.072s][info][gc,task     ] GC(68) Using 8 workers of 8 for evacuation
[185.077s][info][gc,phases   ] GC(68)   Pre Evacuate Collection Set: 0.1ms
[185.077s][info][gc,phases   ] GC(68)   Merge Heap Roots: 0.2ms
[185.077s][info][gc,phases   ] GC(68)   Evacuate Collection Set: 3.9ms
[185.077s][info][gc,phases   ] GC(68)   Post Evacuate Collection Set: 0.5ms
[185.077s][info][gc,phases   ] GC(68)   Other: 0.1ms
[185.077s][info][gc,heap     ] GC(68) Eden regions: 57->0(57)
[185.077s][info][gc,heap     ] GC(68) Survivor regions: 2->2(8)
[185.077s][info][gc,heap     ] GC(68) Old regions: 41->41
[185.077s][info][gc,heap     ] GC(68) Humongous regions: 2->2
[185.077s][info][gc,metaspace] GC(68) Metaspace: 84922K(85760K)->84922K(85760K) NonClass: 73886K(74304K)->73886K(74304K) Class: 11035K(11456K)->11035K(11456K)
[185.077s][info][gc          ] GC(68) Pause Young (Mixed) (G1 Evacuation Pause) 101M->44M(110M) 5.285ms
[185.077s][info][gc,cpu      ] GC(68) User=0.09s Sys=0.00s Real=0.01s
[185.226s][info][gc,start    ] GC(69) Pause Young (Concurrent Start) (G1 Evacuation Pause)
[185.226s][info][gc,task     ] GC(69) Using 8 workers of 8 for evacuation
[185.228s][info][gc,phases   ] GC(69)   Pre Evacuate Collection Set: 0.2ms
[185.228s][info][gc,phases   ] GC(69)   Merge Heap Roots: 0.0ms
[185.228s][info][gc,phases   ] GC(69)   Evacuate Collection Set: 1.9ms
[185.228s][info][gc,phases   ] GC(69)   Post Evacuate Collection Set: 0.5ms
[185.229s][info][gc,phases   ] GC(69)   Other: 0.2ms
[185.229s][info][gc,heap     ] GC(69) Eden regions: 57->0(57)
[185.229s][info][gc,heap     ] GC(69) Survivor regions: 2->2(8)
[185.229s][info][gc,heap     ] GC(69) Old regions: 41->41
[185.229s][info][gc,heap     ] GC(69) Humongous regions: 2->2
[185.229s][info][gc,metaspace] GC(69) Metaspace: 84922K(85760K)->84922K(85760K) NonClass: 73886K(74304K)->73886K(74304K) Class: 11035K(11456K)->11035K(11456K)
[185.229s][info][gc          ] GC(69) Pause Young (Concurrent Start) (G1 Evacuation Pause) 101M->44M(110M) 3.141ms
[185.229s][info][gc,cpu      ] GC(69) User=0.00s Sys=0.00s Real=0.00s
[185.229s][info][gc          ] GC(70) Concurrent Mark Cycle
[185.229s][info][gc,marking  ] GC(70) Concurrent Scan Root Regions
[185.231s][info][gc,marking  ] GC(70) Concurrent Scan Root Regions 1.755ms
[185.231s][info][gc,marking  ] GC(70) Concurrent Mark
[185.231s][info][gc,marking  ] GC(70) Concurrent Mark From Roots
[185.231s][info][gc,task     ] GC(70) Using 2 workers of 2 for marking
[185.292s][info][gc,marking  ] GC(70) Concurrent Mark From Roots 61.485ms
[185.292s][info][gc,marking  ] GC(70) Concurrent Preclean
[185.292s][info][gc,marking  ] GC(70) Concurrent Preclean 0.198ms
[185.293s][info][gc,start    ] GC(70) Pause Remark
[185.299s][info][gc          ] GC(70) Pause Remark 60M->60M(110M) 6.117ms
[185.299s][info][gc,cpu      ] GC(70) User=0.00s Sys=0.00s Real=0.01s
[185.299s][info][gc,marking  ] GC(70) Concurrent Mark 68.204ms
[185.299s][info][gc,marking  ] GC(70) Concurrent Rebuild Remembered Sets and Scrub Regions
[185.329s][info][gc,marking  ] GC(70) Concurrent Rebuild Remembered Sets and Scrub Regions 30.118ms
[185.329s][info][gc,start    ] GC(70) Pause Cleanup
[185.329s][info][gc          ] GC(70) Pause Cleanup 66M->66M(110M) 0.310ms
[185.330s][info][gc,cpu      ] GC(70) User=0.00s Sys=0.00s Real=0.00s
[185.330s][info][gc,marking  ] GC(70) Concurrent Clear Claimed Marks
[185.330s][info][gc,marking  ] GC(70) Concurrent Clear Claimed Marks 0.093ms
[185.330s][info][gc,marking  ] GC(70) Concurrent Cleanup for Next Mark
[185.330s][info][gc,marking  ] GC(70) Concurrent Cleanup for Next Mark 0.199ms
[185.330s][info][gc          ] GC(70) Concurrent Mark Cycle 101.259ms
[185.402s][info][gc,start    ] GC(71) Pause Young (Prepare Mixed) (G1 Evacuation Pause)
[185.402s][info][gc,task     ] GC(71) Using 8 workers of 8 for evacuation
[185.404s][info][gc,phases   ] GC(71)   Pre Evacuate Collection Set: 0.1ms
[185.404s][info][gc,phases   ] GC(71)   Merge Heap Roots: 0.1ms
[185.404s][info][gc,phases   ] GC(71)   Evacuate Collection Set: 1.5ms
[185.405s][info][gc,phases   ] GC(71)   Post Evacuate Collection Set: 0.4ms
[185.405s][info][gc,phases   ] GC(71)   Other: 0.1ms
[185.405s][info][gc,heap     ] GC(71) Eden regions: 57->0(57)
[185.405s][info][gc,heap     ] GC(71) Survivor regions: 2->2(8)
[185.405s][info][gc,heap     ] GC(71) Old regions: 41->41
[185.405s][info][gc,heap     ] GC(71) Humongous regions: 2->2
[185.405s][info][gc,metaspace] GC(71) Metaspace: 84922K(85760K)->84922K(85760K) NonClass: 73886K(74304K)->73886K(74304K) Class: 11035K(11456K)->11035K(11456K)
[185.405s][info][gc          ] GC(71) Pause Young (Prepare Mixed) (G1 Evacuation Pause) 101M->44M(110M) 2.566ms
[185.405s][info][gc,cpu      ] GC(71) User=0.11s Sys=0.00s Real=0.00s
[185.544s][info][gc,start    ] GC(72) Pause Young (Mixed) (G1 Evacuation Pause)
[185.544s][info][gc,task     ] GC(72) Using 8 workers of 8 for evacuation
[185.548s][info][gc,phases   ] GC(72)   Pre Evacuate Collection Set: 0.1ms
[185.548s][info][gc,phases   ] GC(72)   Merge Heap Roots: 0.1ms
[185.549s][info][gc,phases   ] GC(72)   Evacuate Collection Set: 3.7ms
[185.549s][info][gc,phases   ] GC(72)   Post Evacuate Collection Set: 0.5ms
[185.549s][info][gc,phases   ] GC(72)   Other: 0.1ms
[185.549s][info][gc,heap     ] GC(72) Eden regions: 57->0(55)
[185.549s][info][gc,heap     ] GC(72) Survivor regions: 2->3(8)
[185.549s][info][gc,heap     ] GC(72) Old regions: 41->41
[185.549s][info][gc,heap     ] GC(72) Humongous regions: 2->2
[185.549s][info][gc,metaspace] GC(72) Metaspace: 84922K(85760K)->84922K(85760K) NonClass: 73886K(74304K)->73886K(74304K) Class: 11035K(11456K)->11035K(11456K)
[185.549s][info][gc          ] GC(72) Pause Young (Mixed) (G1 Evacuation Pause) 101M->44M(110M) 4.992ms
[185.549s][info][gc,cpu      ] GC(72) User=0.06s Sys=0.00s Real=0.00s
[185.808s][info][gc,start    ] GC(73) Pause Young (Concurrent Start) (G1 Evacuation Pause)
[185.808s][info][gc,task     ] GC(73) Using 8 workers of 8 for evacuation
[185.810s][info][gc,phases   ] GC(73)   Pre Evacuate Collection Set: 0.1ms
[185.810s][info][gc,phases   ] GC(73)   Merge Heap Roots: 0.1ms
[185.811s][info][gc,phases   ] GC(73)   Evacuate Collection Set: 1.9ms
[185.811s][info][gc,phases   ] GC(73)   Post Evacuate Collection Set: 0.6ms
[185.811s][info][gc,phases   ] GC(73)   Other: 0.1ms
[185.811s][info][gc,heap     ] GC(73) Eden regions: 55->0(55)
[185.811s][info][gc,heap     ] GC(73) Survivor regions: 3->3(8)
[185.811s][info][gc,heap     ] GC(73) Old regions: 41->41
[185.811s][info][gc,heap     ] GC(73) Humongous regions: 2->2
[185.811s][info][gc,metaspace] GC(73) Metaspace: 84922K(85760K)->84922K(85760K) NonClass: 73886K(74304K)->73886K(74304K) Class: 11035K(11456K)->11035K(11456K)
[185.811s][info][gc          ] GC(73) Pause Young (Concurrent Start) (G1 Evacuation Pause) 99M->44M(110M) 3.335ms
[185.811s][info][gc          ] GC(74) Concurrent Mark Cycle
[185.811s][info][gc,cpu      ] GC(73) User=0.09s Sys=0.00s Real=0.00s
[185.811s][info][gc,marking  ] GC(74) Concurrent Scan Root Regions
[185.815s][info][gc,marking  ] GC(74) Concurrent Scan Root Regions 3.817ms
[185.815s][info][gc,marking  ] GC(74) Concurrent Mark
[185.815s][info][gc,marking  ] GC(74) Concurrent Mark From Roots
[185.815s][info][gc,task     ] GC(74) Using 2 workers of 2 for marking
[185.870s][info][gc,marking  ] GC(74) Concurrent Mark From Roots 55.261ms
[185.870s][info][gc,marking  ] GC(74) Concurrent Preclean
[185.871s][info][gc,marking  ] GC(74) Concurrent Preclean 0.231ms
[185.871s][info][gc,start    ] GC(74) Pause Remark
[185.875s][info][gc          ] GC(74) Pause Remark 65M->65M(112M) 4.442ms
[185.875s][info][gc,cpu      ] GC(74) User=0.08s Sys=0.00s Real=0.00s
[185.875s][info][gc,marking  ] GC(74) Concurrent Mark 60.296ms
[185.875s][info][gc,marking  ] GC(74) Concurrent Rebuild Remembered Sets and Scrub Regions
[185.901s][info][gc,marking  ] GC(74) Concurrent Rebuild Remembered Sets and Scrub Regions 25.612ms
[185.901s][info][gc,start    ] GC(74) Pause Cleanup
[185.901s][info][gc          ] GC(74) Pause Cleanup 72M->72M(112M) 0.293ms
[185.901s][info][gc,cpu      ] GC(74) User=0.00s Sys=0.00s Real=0.00s
[185.902s][info][gc,marking  ] GC(74) Concurrent Clear Claimed Marks
[185.902s][info][gc,marking  ] GC(74) Concurrent Clear Claimed Marks 0.206ms
[185.902s][info][gc,marking  ] GC(74) Concurrent Cleanup for Next Mark
[185.902s][info][gc,marking  ] GC(74) Concurrent Cleanup for Next Mark 0.267ms
[185.902s][info][gc          ] GC(74) Concurrent Mark Cycle 91.163ms
[185.956s][info][gc,start    ] GC(75) Pause Young (Prepare Mixed) (G1 Evacuation Pause)
[185.956s][info][gc,task     ] GC(75) Using 8 workers of 8 for evacuation
[185.958s][info][gc,phases   ] GC(75)   Pre Evacuate Collection Set: 0.1ms
[185.958s][info][gc,phases   ] GC(75)   Merge Heap Roots: 0.1ms
[185.958s][info][gc,phases   ] GC(75)   Evacuate Collection Set: 1.4ms
[185.958s][info][gc,phases   ] GC(75)   Post Evacuate Collection Set: 0.3ms
[185.958s][info][gc,phases   ] GC(75)   Other: 0.1ms
[185.958s][info][gc,heap     ] GC(75) Eden regions: 54->0(56)
[185.958s][info][gc,heap     ] GC(75) Survivor regions: 3->3(8)
[185.958s][info][gc,heap     ] GC(75) Old regions: 41->41
[185.958s][info][gc,heap     ] GC(75) Humongous regions: 2->2
[185.958s][info][gc,metaspace] GC(75) Metaspace: 84922K(85760K)->84922K(85760K) NonClass: 73886K(74304K)->73886K(74304K) Class: 11035K(11456K)->11035K(11456K)
[185.958s][info][gc          ] GC(75) Pause Young (Prepare Mixed) (G1 Evacuation Pause) 98M->44M(112M) 2.262ms
[185.958s][info][gc,cpu      ] GC(75) User=0.00s Sys=0.00s Real=0.00s
[186.115s][info][gc,start    ] GC(76) Pause Young (Mixed) (G1 Evacuation Pause)
[186.115s][info][gc,task     ] GC(76) Using 8 workers of 8 for evacuation
[186.120s][info][gc,phases   ] GC(76)   Pre Evacuate Collection Set: 0.1ms
[186.120s][info][gc,phases   ] GC(76)   Merge Heap Roots: 0.1ms
[186.120s][info][gc,phases   ] GC(76)   Evacuate Collection Set: 3.1ms
[186.120s][info][gc,phases   ] GC(76)   Post Evacuate Collection Set: 0.9ms
[186.120s][info][gc,phases   ] GC(76)   Other: 0.1ms
[186.120s][info][gc,heap     ] GC(76) Eden regions: 56->0(57)
[186.120s][info][gc,heap     ] GC(76) Survivor regions: 3->3(8)
[186.120s][info][gc,heap     ] GC(76) Old regions: 41->40
[186.120s][info][gc,heap     ] GC(76) Humongous regions: 2->2
[186.120s][info][gc,metaspace] GC(76) Metaspace: 84922K(85760K)->84922K(85760K) NonClass: 73886K(74304K)->73886K(74304K) Class: 11035K(11456K)->11035K(11456K)
[186.120s][info][gc          ] GC(76) Pause Young (Mixed) (G1 Evacuation Pause) 100M->44M(112M) 5.103ms
[186.120s][info][gc,cpu      ] GC(76) User=0.00s Sys=0.00s Real=0.01s
[186.259s][info][gc,start    ] GC(77) Pause Young (Concurrent Start) (G1 Evacuation Pause)
[186.259s][info][gc,task     ] GC(77) Using 8 workers of 8 for evacuation
[186.261s][info][gc,phases   ] GC(77)   Pre Evacuate Collection Set: 0.1ms
[186.261s][info][gc,phases   ] GC(77)   Merge Heap Roots: 0.1ms
[186.261s][info][gc,phases   ] GC(77)   Evacuate Collection Set: 1.8ms
[186.261s][info][gc,phases   ] GC(77)   Post Evacuate Collection Set: 0.5ms
[186.262s][info][gc,phases   ] GC(77)   Other: 0.1ms
[186.262s][info][gc,heap     ] GC(77) Eden regions: 57->0(57)
[186.262s][info][gc,heap     ] GC(77) Survivor regions: 3->3(8)
[186.262s][info][gc,heap     ] GC(77) Old regions: 40->40
[186.262s][info][gc,heap     ] GC(77) Humongous regions: 2->2
[186.262s][info][gc,metaspace] GC(77) Metaspace: 84922K(85760K)->84922K(85760K) NonClass: 73886K(74304K)->73886K(74304K) Class: 11035K(11456K)->11035K(11456K)
[186.262s][info][gc          ] GC(77) Pause Young (Concurrent Start) (G1 Evacuation Pause) 101M->44M(112M) 3.232ms
[186.262s][info][gc          ] GC(78) Concurrent Mark Cycle
[186.262s][info][gc,cpu      ] GC(77) User=0.00s Sys=0.00s Real=0.00s
[186.262s][info][gc,marking  ] GC(78) Concurrent Scan Root Regions
[186.265s][info][gc,marking  ] GC(78) Concurrent Scan Root Regions 3.355ms
[186.265s][info][gc,marking  ] GC(78) Concurrent Mark
[186.265s][info][gc,marking  ] GC(78) Concurrent Mark From Roots
[186.265s][info][gc,task     ] GC(78) Using 2 workers of 2 for marking
[186.341s][info][gc,marking  ] GC(78) Concurrent Mark From Roots 75.221ms
[186.341s][info][gc,marking  ] GC(78) Concurrent Preclean
[186.341s][info][gc,marking  ] GC(78) Concurrent Preclean 0.287ms
[186.341s][info][gc,start    ] GC(78) Pause Remark
[186.348s][info][gc          ] GC(78) Pause Remark 58M->58M(112M) 6.362ms
[186.348s][info][gc,cpu      ] GC(78) User=0.00s Sys=0.00s Real=0.01s
[186.348s][info][gc,marking  ] GC(78) Concurrent Mark 82.401ms
[186.348s][info][gc,marking  ] GC(78) Concurrent Rebuild Remembered Sets and Scrub Regions
[186.376s][info][gc,marking  ] GC(78) Concurrent Rebuild Remembered Sets and Scrub Regions 28.133ms
[186.376s][info][gc,start    ] GC(78) Pause Cleanup
[186.376s][info][gc          ] GC(78) Pause Cleanup 66M->66M(112M) 0.157ms
[186.376s][info][gc,cpu      ] GC(78) User=0.00s Sys=0.00s Real=0.00s
[186.376s][info][gc,marking  ] GC(78) Concurrent Clear Claimed Marks
[186.377s][info][gc,marking  ] GC(78) Concurrent Clear Claimed Marks 0.105ms
[186.377s][info][gc,marking  ] GC(78) Concurrent Cleanup for Next Mark
[186.377s][info][gc,marking  ] GC(78) Concurrent Cleanup for Next Mark 0.217ms
[186.377s][info][gc          ] GC(78) Concurrent Mark Cycle 114.950ms
[186.460s][info][gc,start    ] GC(79) Pause Young (Prepare Mixed) (G1 Evacuation Pause)
[186.460s][info][gc,task     ] GC(79) Using 8 workers of 8 for evacuation
[186.464s][info][gc,phases   ] GC(79)   Pre Evacuate Collection Set: 0.1ms
[186.464s][info][gc,phases   ] GC(79)   Merge Heap Roots: 0.1ms
[186.464s][info][gc,phases   ] GC(79)   Evacuate Collection Set: 2.8ms
[186.464s][info][gc,phases   ] GC(79)   Post Evacuate Collection Set: 0.5ms
[186.464s][info][gc,phases   ] GC(79)   Other: 0.1ms
[186.464s][info][gc,heap     ] GC(79) Eden regions: 57->0(57)
[186.464s][info][gc,heap     ] GC(79) Survivor regions: 3->3(8)
[186.464s][info][gc,heap     ] GC(79) Old regions: 40->40
[186.464s][info][gc,heap     ] GC(79) Humongous regions: 2->2
[186.464s][info][gc,metaspace] GC(79) Metaspace: 84924K(85760K)->84924K(85760K) NonClass: 73887K(74304K)->73887K(74304K) Class: 11036K(11456K)->11036K(11456K)
[186.464s][info][gc          ] GC(79) Pause Young (Prepare Mixed) (G1 Evacuation Pause) 101M->44M(112M) 4.082ms
[186.464s][info][gc,cpu      ] GC(79) User=0.00s Sys=0.00s Real=0.00s
[186.627s][info][gc,start    ] GC(80) Pause Young (Mixed) (G1 Evacuation Pause)
[186.627s][info][gc,task     ] GC(80) Using 8 workers of 8 for evacuation
[186.630s][info][gc,phases   ] GC(80)   Pre Evacuate Collection Set: 0.1ms
[186.630s][info][gc,phases   ] GC(80)   Merge Heap Roots: 0.1ms
[186.630s][info][gc,phases   ] GC(80)   Evacuate Collection Set: 2.5ms
[186.630s][info][gc,phases   ] GC(80)   Post Evacuate Collection Set: 0.5ms
[186.630s][info][gc,phases   ] GC(80)   Other: 0.1ms
[186.630s][info][gc,heap     ] GC(80) Eden regions: 57->0(55)
[186.630s][info][gc,heap     ] GC(80) Survivor regions: 3->4(8)
[186.630s][info][gc,heap     ] GC(80) Old regions: 40->40
[186.630s][info][gc,heap     ] GC(80) Humongous regions: 2->2
[186.630s][info][gc,metaspace] GC(80) Metaspace: 84924K(85760K)->84924K(85760K) NonClass: 73887K(74304K)->73887K(74304K) Class: 11036K(11456K)->11036K(11456K)
[186.630s][info][gc          ] GC(80) Pause Young (Mixed) (G1 Evacuation Pause) 101M->44M(112M) 3.721ms
[186.630s][info][gc,cpu      ] GC(80) User=0.00s Sys=0.00s Real=0.00s
[186.758s][info][gc,start    ] GC(81) Pause Young (Concurrent Start) (G1 Evacuation Pause)
[186.758s][info][gc,task     ] GC(81) Using 8 workers of 8 for evacuation
[186.761s][info][gc,phases   ] GC(81)   Pre Evacuate Collection Set: 0.1ms
[186.761s][info][gc,phases   ] GC(81)   Merge Heap Roots: 0.1ms
[186.761s][info][gc,phases   ] GC(81)   Evacuate Collection Set: 1.7ms
[186.761s][info][gc,phases   ] GC(81)   Post Evacuate Collection Set: 0.5ms
[186.761s][info][gc,phases   ] GC(81)   Other: 0.1ms
[186.761s][info][gc,heap     ] GC(81) Eden regions: 55->0(55)
[186.761s][info][gc,heap     ] GC(81) Survivor regions: 4->4(8)
[186.761s][info][gc,heap     ] GC(81) Old regions: 40->40
[186.761s][info][gc,heap     ] GC(81) Humongous regions: 2->2
[186.761s][info][gc,metaspace] GC(81) Metaspace: 84924K(85760K)->84924K(85760K) NonClass: 73887K(74304K)->73887K(74304K) Class: 11036K(11456K)->11036K(11456K)
[186.761s][info][gc          ] GC(81) Pause Young (Concurrent Start) (G1 Evacuation Pause) 99M->45M(112M) 3.018ms
[186.761s][info][gc          ] GC(82) Concurrent Mark Cycle
[186.761s][info][gc,cpu      ] GC(81) User=0.00s Sys=0.00s Real=0.00s
[186.761s][info][gc,marking  ] GC(82) Concurrent Scan Root Regions
[186.765s][info][gc,marking  ] GC(82) Concurrent Scan Root Regions 3.462ms
[186.765s][info][gc,marking  ] GC(82) Concurrent Mark
[186.765s][info][gc,marking  ] GC(82) Concurrent Mark From Roots
[186.765s][info][gc,task     ] GC(82) Using 2 workers of 2 for marking
[186.834s][info][gc,marking  ] GC(82) Concurrent Mark From Roots 68.713ms
[186.834s][info][gc,marking  ] GC(82) Concurrent Preclean
[186.834s][info][gc,marking  ] GC(82) Concurrent Preclean 0.251ms
[186.834s][info][gc,start    ] GC(82) Pause Remark
[186.838s][info][gc          ] GC(82) Pause Remark 63M->63M(112M) 4.398ms
[186.839s][info][gc,cpu      ] GC(82) User=0.00s Sys=0.00s Real=0.00s
[186.839s][info][gc,marking  ] GC(82) Concurrent Mark 73.749ms
[186.839s][info][gc,marking  ] GC(82) Concurrent Rebuild Remembered Sets and Scrub Regions
[186.864s][info][gc,marking  ] GC(82) Concurrent Rebuild Remembered Sets and Scrub Regions 25.183ms
[186.864s][info][gc,start    ] GC(82) Pause Cleanup
[186.864s][info][gc          ] GC(82) Pause Cleanup 70M->70M(112M) 0.141ms
[186.864s][info][gc,cpu      ] GC(82) User=0.00s Sys=0.00s Real=0.00s
[186.864s][info][gc,marking  ] GC(82) Concurrent Clear Claimed Marks
[186.864s][info][gc,marking  ] GC(82) Concurrent Clear Claimed Marks 0.130ms
[186.864s][info][gc,marking  ] GC(82) Concurrent Cleanup for Next Mark
[186.865s][info][gc,marking  ] GC(82) Concurrent Cleanup for Next Mark 0.295ms
[186.865s][info][gc          ] GC(82) Concurrent Mark Cycle 103.564ms
[186.943s][info][gc,start    ] GC(83) Pause Young (Prepare Mixed) (G1 Evacuation Pause)
[186.943s][info][gc,task     ] GC(83) Using 8 workers of 8 for evacuation
[186.946s][info][gc,phases   ] GC(83)   Pre Evacuate Collection Set: 0.1ms
[186.946s][info][gc,phases   ] GC(83)   Merge Heap Roots: 0.1ms
[186.946s][info][gc,phases   ] GC(83)   Evacuate Collection Set: 2.4ms
[186.946s][info][gc,phases   ] GC(83)   Post Evacuate Collection Set: 0.4ms
[186.946s][info][gc,phases   ] GC(83)   Other: 0.1ms
[186.946s][info][gc,heap     ] GC(83) Eden regions: 55->0(56)
[186.946s][info][gc,heap     ] GC(83) Survivor regions: 4->3(8)
[186.946s][info][gc,heap     ] GC(83) Old regions: 40->41
[186.946s][info][gc,heap     ] GC(83) Humongous regions: 2->2
[186.946s][info][gc,metaspace] GC(83) Metaspace: 84924K(85760K)->84924K(85760K) NonClass: 73887K(74304K)->73887K(74304K) Class: 11036K(11456K)->11036K(11456K)
[186.946s][info][gc          ] GC(83) Pause Young (Prepare Mixed) (G1 Evacuation Pause) 100M->45M(112M) 3.624ms
[186.947s][info][gc,cpu      ] GC(83) User=0.00s Sys=0.00s Real=0.00s
[187.082s][info][gc,start    ] GC(84) Pause Young (Mixed) (G1 Evacuation Pause)
[187.082s][info][gc,task     ] GC(84) Using 8 workers of 8 for evacuation
[187.088s][info][gc,phases   ] GC(84)   Pre Evacuate Collection Set: 0.1ms
[187.088s][info][gc,phases   ] GC(84)   Merge Heap Roots: 0.1ms
[187.088s][info][gc,phases   ] GC(84)   Evacuate Collection Set: 5.1ms
[187.088s][info][gc,phases   ] GC(84)   Post Evacuate Collection Set: 0.4ms
[187.088s][info][gc,phases   ] GC(84)   Other: 0.1ms
[187.088s][info][gc,heap     ] GC(84) Eden regions: 56->0(56)
[187.088s][info][gc,heap     ] GC(84) Survivor regions: 3->3(8)
[187.088s][info][gc,heap     ] GC(84) Old regions: 41->41
[187.088s][info][gc,heap     ] GC(84) Humongous regions: 2->2
[187.088s][info][gc,metaspace] GC(84) Metaspace: 84924K(85760K)->84924K(85760K) NonClass: 73887K(74304K)->73887K(74304K) Class: 11036K(11456K)->11036K(11456K)
[187.088s][info][gc          ] GC(84) Pause Young (Mixed) (G1 Evacuation Pause) 101M->45M(112M) 6.236ms
[187.088s][info][gc,cpu      ] GC(84) User=0.00s Sys=0.00s Real=0.01s
[187.305s][info][gc,start    ] GC(85) Pause Young (Concurrent Start) (G1 Evacuation Pause)
[187.305s][info][gc,task     ] GC(85) Using 8 workers of 8 for evacuation
[187.308s][info][gc,phases   ] GC(85)   Pre Evacuate Collection Set: 0.2ms
[187.308s][info][gc,phases   ] GC(85)   Merge Heap Roots: 0.1ms
[187.308s][info][gc,phases   ] GC(85)   Evacuate Collection Set: 2.1ms
[187.308s][info][gc,phases   ] GC(85)   Post Evacuate Collection Set: 0.4ms
[187.308s][info][gc,phases   ] GC(85)   Other: 0.2ms
[187.308s][info][gc,heap     ] GC(85) Eden regions: 56->0(56)
[187.308s][info][gc,heap     ] GC(85) Survivor regions: 3->3(8)
[187.308s][info][gc,heap     ] GC(85) Old regions: 41->41
[187.308s][info][gc,heap     ] GC(85) Humongous regions: 2->2
[187.308s][info][gc,metaspace] GC(85) Metaspace: 84924K(85760K)->84924K(85760K) NonClass: 73887K(74304K)->73887K(74304K) Class: 11036K(11456K)->11036K(11456K)
[187.309s][info][gc          ] GC(85) Pause Young (Concurrent Start) (G1 Evacuation Pause) 101M->45M(112M) 3.353ms
[187.309s][info][gc          ] GC(86) Concurrent Mark Cycle
[187.309s][info][gc,cpu      ] GC(85) User=0.00s Sys=0.00s Real=0.00s
[187.309s][info][gc,marking  ] GC(86) Concurrent Scan Root Regions
[187.311s][info][gc,marking  ] GC(86) Concurrent Scan Root Regions 2.758ms
[187.311s][info][gc,marking  ] GC(86) Concurrent Mark
[187.311s][info][gc,marking  ] GC(86) Concurrent Mark From Roots
[187.311s][info][gc,task     ] GC(86) Using 2 workers of 2 for marking
[187.389s][info][gc,marking  ] GC(86) Concurrent Mark From Roots 77.392ms
[187.389s][info][gc,marking  ] GC(86) Concurrent Preclean
[187.389s][info][gc,marking  ] GC(86) Concurrent Preclean 0.246ms
[187.389s][info][gc,start    ] GC(86) Pause Remark
[187.398s][info][gc          ] GC(86) Pause Remark 57M->57M(112M) 8.982ms
[187.399s][info][gc,cpu      ] GC(86) User=0.00s Sys=0.00s Real=0.01s
[187.400s][info][gc,marking  ] GC(86) Concurrent Mark 88.263ms
[187.400s][info][gc,marking  ] GC(86) Concurrent Rebuild Remembered Sets and Scrub Regions
[187.429s][info][gc,marking  ] GC(86) Concurrent Rebuild Remembered Sets and Scrub Regions 29.352ms
[187.429s][info][gc,start    ] GC(86) Pause Cleanup
[187.430s][info][gc          ] GC(86) Pause Cleanup 60M->60M(112M) 0.289ms
[187.430s][info][gc,cpu      ] GC(86) User=0.00s Sys=0.00s Real=0.00s
[187.441s][info][gc,marking  ] GC(86) Concurrent Clear Claimed Marks
[187.441s][info][gc,marking  ] GC(86) Concurrent Clear Claimed Marks 0.334ms
[187.441s][info][gc,marking  ] GC(86) Concurrent Cleanup for Next Mark
[187.442s][info][gc,marking  ] GC(86) Concurrent Cleanup for Next Mark 0.572ms
[187.442s][info][gc          ] GC(86) Concurrent Mark Cycle 133.223ms
[187.670s][info][gc,start    ] GC(87) Pause Young (Prepare Mixed) (G1 Evacuation Pause)
[187.670s][info][gc,task     ] GC(87) Using 8 workers of 8 for evacuation
[187.674s][info][gc,phases   ] GC(87)   Pre Evacuate Collection Set: 0.1ms
[187.674s][info][gc,phases   ] GC(87)   Merge Heap Roots: 0.1ms
[187.674s][info][gc,phases   ] GC(87)   Evacuate Collection Set: 2.7ms
[187.674s][info][gc,phases   ] GC(87)   Post Evacuate Collection Set: 0.7ms
[187.674s][info][gc,phases   ] GC(87)   Other: 0.2ms
[187.674s][info][gc,heap     ] GC(87) Eden regions: 56->0(56)
[187.674s][info][gc,heap     ] GC(87) Survivor regions: 3->3(8)
[187.674s][info][gc,heap     ] GC(87) Old regions: 41->41
[187.674s][info][gc,heap     ] GC(87) Humongous regions: 2->2
[187.674s][info][gc,metaspace] GC(87) Metaspace: 84924K(85760K)->84924K(85760K) NonClass: 73887K(74304K)->73887K(74304K) Class: 11036K(11456K)->11036K(11456K)
[187.674s][info][gc          ] GC(87) Pause Young (Prepare Mixed) (G1 Evacuation Pause) 101M->45M(112M) 4.358ms
[187.674s][info][gc,cpu      ] GC(87) User=0.00s Sys=0.00s Real=0.00s
[187.817s][info][gc,start    ] GC(88) Pause Young (Mixed) (G1 Evacuation Pause)
[187.817s][info][gc,task     ] GC(88) Using 8 workers of 8 for evacuation
[187.821s][info][gc,phases   ] GC(88)   Pre Evacuate Collection Set: 0.1ms
[187.821s][info][gc,phases   ] GC(88)   Merge Heap Roots: 0.1ms
[187.821s][info][gc,phases   ] GC(88)   Evacuate Collection Set: 2.8ms
[187.821s][info][gc,phases   ] GC(88)   Post Evacuate Collection Set: 0.4ms
[187.821s][info][gc,phases   ] GC(88)   Other: 0.1ms
[187.821s][info][gc,heap     ] GC(88) Eden regions: 56->0(56)
[187.821s][info][gc,heap     ] GC(88) Survivor regions: 3->3(8)
[187.821s][info][gc,heap     ] GC(88) Old regions: 41->41
[187.821s][info][gc,heap     ] GC(88) Humongous regions: 2->2
[187.821s][info][gc,metaspace] GC(88) Metaspace: 84924K(85760K)->84924K(85760K) NonClass: 73887K(74304K)->73887K(74304K) Class: 11036K(11456K)->11036K(11456K)
[187.821s][info][gc          ] GC(88) Pause Young (Mixed) (G1 Evacuation Pause) 101M->45M(112M) 3.785ms
[187.821s][info][gc,cpu      ] GC(88) User=0.00s Sys=0.00s Real=0.00s
[187.970s][info][gc,start    ] GC(89) Pause Young (Concurrent Start) (G1 Evacuation Pause)
[187.971s][info][gc,task     ] GC(89) Using 8 workers of 8 for evacuation
[187.973s][info][gc,phases   ] GC(89)   Pre Evacuate Collection Set: 0.1ms
[187.973s][info][gc,phases   ] GC(89)   Merge Heap Roots: 0.0ms
[187.973s][info][gc,phases   ] GC(89)   Evacuate Collection Set: 2.0ms
[187.973s][info][gc,phases   ] GC(89)   Post Evacuate Collection Set: 0.5ms
[187.973s][info][gc,phases   ] GC(89)   Other: 0.1ms
[187.973s][info][gc,heap     ] GC(89) Eden regions: 56->0(55)
[187.974s][info][gc,heap     ] GC(89) Survivor regions: 3->3(8)
[187.974s][info][gc,heap     ] GC(89) Old regions: 41->42
[187.974s][info][gc,heap     ] GC(89) Humongous regions: 2->2
[187.974s][info][gc,metaspace] GC(89) Metaspace: 84924K(85760K)->84924K(85760K) NonClass: 73887K(74304K)->73887K(74304K) Class: 11036K(11456K)->11036K(11456K)
[187.974s][info][gc          ] GC(89) Pause Young (Concurrent Start) (G1 Evacuation Pause) 101M->46M(112M) 3.197ms
[187.974s][info][gc          ] GC(90) Concurrent Mark Cycle
[187.974s][info][gc,cpu      ] GC(89) User=0.00s Sys=0.00s Real=0.00s
[187.974s][info][gc,marking  ] GC(90) Concurrent Scan Root Regions
[187.976s][info][gc,marking  ] GC(90) Concurrent Scan Root Regions 2.236ms
[187.976s][info][gc,marking  ] GC(90) Concurrent Mark
[187.976s][info][gc,marking  ] GC(90) Concurrent Mark From Roots
[187.976s][info][gc,task     ] GC(90) Using 2 workers of 2 for marking
[188.020s][info][gc,marking  ] GC(90) Concurrent Mark From Roots 44.243ms
[188.020s][info][gc,marking  ] GC(90) Concurrent Preclean
[188.020s][info][gc,marking  ] GC(90) Concurrent Preclean 0.156ms
[188.021s][info][gc,start    ] GC(90) Pause Remark
[188.025s][info][gc          ] GC(90) Pause Remark 65M->65M(112M) 4.016ms
[188.025s][info][gc,cpu      ] GC(90) User=0.00s Sys=0.00s Real=0.00s
[188.025s][info][gc,marking  ] GC(90) Concurrent Mark 48.696ms
[188.025s][info][gc,marking  ] GC(90) Concurrent Rebuild Remembered Sets and Scrub Regions
[188.042s][info][gc,marking  ] GC(90) Concurrent Rebuild Remembered Sets and Scrub Regions 17.191ms
[188.042s][info][gc,start    ] GC(90) Pause Cleanup
[188.042s][info][gc          ] GC(90) Pause Cleanup 73M->73M(112M) 0.117ms
[188.042s][info][gc,cpu      ] GC(90) User=0.00s Sys=0.00s Real=0.00s
[188.042s][info][gc,marking  ] GC(90) Concurrent Clear Claimed Marks
[188.042s][info][gc,marking  ] GC(90) Concurrent Clear Claimed Marks 0.089ms
[188.042s][info][gc,marking  ] GC(90) Concurrent Cleanup for Next Mark
[188.043s][info][gc,marking  ] GC(90) Concurrent Cleanup for Next Mark 0.202ms
[188.043s][info][gc          ] GC(90) Concurrent Mark Cycle 68.933ms
[188.115s][info][gc,start    ] GC(91) Pause Young (Prepare Mixed) (G1 Evacuation Pause)
[188.115s][info][gc,task     ] GC(91) Using 8 workers of 8 for evacuation
[188.118s][info][gc,phases   ] GC(91)   Pre Evacuate Collection Set: 0.1ms
[188.118s][info][gc,phases   ] GC(91)   Merge Heap Roots: 0.1ms
[188.118s][info][gc,phases   ] GC(91)   Evacuate Collection Set: 2.5ms
[188.118s][info][gc,phases   ] GC(91)   Post Evacuate Collection Set: 0.3ms
[188.118s][info][gc,phases   ] GC(91)   Other: 0.1ms
[188.118s][info][gc,heap     ] GC(91) Eden regions: 55->0(55)
[188.119s][info][gc,heap     ] GC(91) Survivor regions: 3->3(8)
[188.119s][info][gc,heap     ] GC(91) Old regions: 42->42
[188.119s][info][gc,heap     ] GC(91) Humongous regions: 2->2
[188.119s][info][gc,metaspace] GC(91) Metaspace: 84925K(85760K)->84925K(85760K) NonClass: 73889K(74304K)->73889K(74304K) Class: 11036K(11456K)->11036K(11456K)
[188.119s][info][gc          ] GC(91) Pause Young (Prepare Mixed) (G1 Evacuation Pause) 101M->46M(112M) 3.644ms
[188.119s][info][gc,cpu      ] GC(91) User=0.00s Sys=0.00s Real=0.00s
[188.247s][info][gc,start    ] GC(92) Pause Young (Mixed) (G1 Evacuation Pause)
[188.247s][info][gc,task     ] GC(92) Using 8 workers of 8 for evacuation
[188.250s][info][gc,phases   ] GC(92)   Pre Evacuate Collection Set: 0.1ms
[188.250s][info][gc,phases   ] GC(92)   Merge Heap Roots: 0.1ms
[188.250s][info][gc,phases   ] GC(92)   Evacuate Collection Set: 2.7ms
[188.250s][info][gc,phases   ] GC(92)   Post Evacuate Collection Set: 0.5ms
[188.250s][info][gc,phases   ] GC(92)   Other: 0.1ms
[188.250s][info][gc,heap     ] GC(92) Eden regions: 55->0(55)
[188.250s][info][gc,heap     ] GC(92) Survivor regions: 3->3(8)
[188.250s][info][gc,heap     ] GC(92) Old regions: 42->42
[188.250s][info][gc,heap     ] GC(92) Humongous regions: 2->2
[188.250s][info][gc,metaspace] GC(92) Metaspace: 84925K(85760K)->84925K(85760K) NonClass: 73889K(74304K)->73889K(74304K) Class: 11036K(11456K)->11036K(11456K)
[188.250s][info][gc          ] GC(92) Pause Young (Mixed) (G1 Evacuation Pause) 101M->46M(112M) 3.836ms
[188.250s][info][gc,cpu      ] GC(92) User=0.02s Sys=0.00s Real=0.00s
[188.377s][info][gc,start    ] GC(93) Pause Young (Concurrent Start) (G1 Evacuation Pause)
[188.377s][info][gc,task     ] GC(93) Using 8 workers of 8 for evacuation
[188.381s][info][gc,phases   ] GC(93)   Pre Evacuate Collection Set: 0.1ms
[188.381s][info][gc,phases   ] GC(93)   Merge Heap Roots: 0.1ms
[188.381s][info][gc,phases   ] GC(93)   Evacuate Collection Set: 2.3ms
[188.381s][info][gc,phases   ] GC(93)   Post Evacuate Collection Set: 0.8ms
[188.381s][info][gc,phases   ] GC(93)   Other: 0.2ms
[188.381s][info][gc,heap     ] GC(93) Eden regions: 55->0(55)
[188.381s][info][gc,heap     ] GC(93) Survivor regions: 3->3(8)
[188.381s][info][gc,heap     ] GC(93) Old regions: 42->42
[188.381s][info][gc,heap     ] GC(93) Humongous regions: 2->2
[188.381s][info][gc,metaspace] GC(93) Metaspace: 84925K(85760K)->84925K(85760K) NonClass: 73889K(74304K)->73889K(74304K) Class: 11036K(11456K)->11036K(11456K)
[188.381s][info][gc          ] GC(93) Pause Young (Concurrent Start) (G1 Evacuation Pause) 101M->46M(112M) 3.927ms
[188.381s][info][gc          ] GC(94) Concurrent Mark Cycle
[188.381s][info][gc,cpu      ] GC(93) User=0.00s Sys=0.00s Real=0.00s
[188.381s][info][gc,marking  ] GC(94) Concurrent Scan Root Regions
[188.384s][info][gc,marking  ] GC(94) Concurrent Scan Root Regions 2.489ms
[188.384s][info][gc,marking  ] GC(94) Concurrent Mark
[188.384s][info][gc,marking  ] GC(94) Concurrent Mark From Roots
[188.384s][info][gc,task     ] GC(94) Using 2 workers of 2 for marking
[188.449s][info][gc,marking  ] GC(94) Concurrent Mark From Roots 65.115ms
[188.449s][info][gc,marking  ] GC(94) Concurrent Preclean
[188.449s][info][gc,marking  ] GC(94) Concurrent Preclean 0.310ms
[188.449s][info][gc,start    ] GC(94) Pause Remark
[188.454s][info][gc          ] GC(94) Pause Remark 65M->65M(112M) 4.272ms
[188.454s][info][gc,cpu      ] GC(94) User=0.12s Sys=0.00s Real=0.00s
[188.454s][info][gc,marking  ] GC(94) Concurrent Mark 70.078ms
[188.454s][info][gc,marking  ] GC(94) Concurrent Rebuild Remembered Sets and Scrub Regions
[188.478s][info][gc,marking  ] GC(94) Concurrent Rebuild Remembered Sets and Scrub Regions 24.567ms
[188.479s][info][gc,start    ] GC(94) Pause Cleanup
[188.479s][info][gc          ] GC(94) Pause Cleanup 73M->73M(112M) 0.273ms
[188.479s][info][gc,cpu      ] GC(94) User=0.00s Sys=0.00s Real=0.00s
[188.479s][info][gc,marking  ] GC(94) Concurrent Clear Claimed Marks
[188.479s][info][gc,marking  ] GC(94) Concurrent Clear Claimed Marks 0.126ms
[188.479s][info][gc,marking  ] GC(94) Concurrent Cleanup for Next Mark
[188.480s][info][gc,marking  ] GC(94) Concurrent Cleanup for Next Mark 0.245ms
[188.480s][info][gc          ] GC(94) Concurrent Mark Cycle 98.651ms
[188.552s][info][gc,start    ] GC(95) Pause Young (Prepare Mixed) (G1 Evacuation Pause)
[188.552s][info][gc,task     ] GC(95) Using 8 workers of 8 for evacuation
[188.554s][info][gc,phases   ] GC(95)   Pre Evacuate Collection Set: 0.1ms
[188.555s][info][gc,phases   ] GC(95)   Merge Heap Roots: 0.1ms
[188.555s][info][gc,phases   ] GC(95)   Evacuate Collection Set: 2.0ms
[188.555s][info][gc,phases   ] GC(95)   Post Evacuate Collection Set: 0.4ms
[188.555s][info][gc,phases   ] GC(95)   Other: 0.1ms
[188.555s][info][gc,heap     ] GC(95) Eden regions: 55->0(55)
[188.555s][info][gc,heap     ] GC(95) Survivor regions: 3->3(8)
[188.555s][info][gc,heap     ] GC(95) Old regions: 42->42
[188.555s][info][gc,heap     ] GC(95) Humongous regions: 2->2
[188.555s][info][gc,metaspace] GC(95) Metaspace: 84925K(85760K)->84925K(85760K) NonClass: 73889K(74304K)->73889K(74304K) Class: 11036K(11456K)->11036K(11456K)
[188.555s][info][gc          ] GC(95) Pause Young (Prepare Mixed) (G1 Evacuation Pause) 101M->46M(112M) 2.958ms
[188.555s][info][gc,cpu      ] GC(95) User=0.00s Sys=0.00s Real=0.00s
[188.696s][info][gc,start    ] GC(96) Pause Young (Mixed) (G1 Evacuation Pause)
[188.696s][info][gc,task     ] GC(96) Using 8 workers of 8 for evacuation
[188.701s][info][gc,phases   ] GC(96)   Pre Evacuate Collection Set: 0.1ms
[188.701s][info][gc,phases   ] GC(96)   Merge Heap Roots: 0.2ms
[188.701s][info][gc,phases   ] GC(96)   Evacuate Collection Set: 3.9ms
[188.701s][info][gc,phases   ] GC(96)   Post Evacuate Collection Set: 0.4ms
[188.701s][info][gc,phases   ] GC(96)   Other: 0.1ms
[188.701s][info][gc,heap     ] GC(96) Eden regions: 55->0(55)
[188.701s][info][gc,heap     ] GC(96) Survivor regions: 3->3(8)
[188.701s][info][gc,heap     ] GC(96) Old regions: 42->42
[188.701s][info][gc,heap     ] GC(96) Humongous regions: 2->2
[188.701s][info][gc,metaspace] GC(96) Metaspace: 84925K(85760K)->84925K(85760K) NonClass: 73889K(74304K)->73889K(74304K) Class: 11036K(11456K)->11036K(11456K)
[188.701s][info][gc          ] GC(96) Pause Young (Mixed) (G1 Evacuation Pause) 101M->46M(112M) 5.179ms
[188.701s][info][gc,cpu      ] GC(96) User=0.11s Sys=0.00s Real=0.01s
[188.830s][info][gc,start    ] GC(97) Pause Young (Concurrent Start) (G1 Evacuation Pause)
[188.830s][info][gc,task     ] GC(97) Using 8 workers of 8 for evacuation
[188.832s][info][gc,phases   ] GC(97)   Pre Evacuate Collection Set: 0.1ms
[188.833s][info][gc,phases   ] GC(97)   Merge Heap Roots: 0.1ms
[188.833s][info][gc,phases   ] GC(97)   Evacuate Collection Set: 1.6ms
[188.833s][info][gc,phases   ] GC(97)   Post Evacuate Collection Set: 0.3ms
[188.833s][info][gc,phases   ] GC(97)   Other: 0.1ms
[188.833s][info][gc,heap     ] GC(97) Eden regions: 55->0(55)
[188.833s][info][gc,heap     ] GC(97) Survivor regions: 3->3(8)
[188.833s][info][gc,heap     ] GC(97) Old regions: 42->42
[188.833s][info][gc,heap     ] GC(97) Humongous regions: 2->2
[188.833s][info][gc,metaspace] GC(97) Metaspace: 84925K(85760K)->84925K(85760K) NonClass: 73889K(74304K)->73889K(74304K) Class: 11036K(11456K)->11036K(11456K)
[188.833s][info][gc          ] GC(97) Pause Young (Concurrent Start) (G1 Evacuation Pause) 101M->46M(112M) 2.595ms
[188.833s][info][gc,cpu      ] GC(97) User=0.00s Sys=0.00s Real=0.00s
[188.833s][info][gc          ] GC(98) Concurrent Mark Cycle
[188.833s][info][gc,marking  ] GC(98) Concurrent Scan Root Regions
[188.834s][info][gc,marking  ] GC(98) Concurrent Scan Root Regions 1.521ms
[188.834s][info][gc,marking  ] GC(98) Concurrent Mark
[188.834s][info][gc,marking  ] GC(98) Concurrent Mark From Roots
[188.834s][info][gc,task     ] GC(98) Using 2 workers of 2 for marking
[188.886s][info][gc,marking  ] GC(98) Concurrent Mark From Roots 51.329ms
[188.886s][info][gc,marking  ] GC(98) Concurrent Preclean
[188.886s][info][gc,marking  ] GC(98) Concurrent Preclean 0.165ms
[188.886s][info][gc,start    ] GC(98) Pause Remark
[188.890s][info][gc          ] GC(98) Pause Remark 66M->66M(112M) 4.350ms
[188.891s][info][gc,cpu      ] GC(98) User=0.05s Sys=0.02s Real=0.00s
[188.891s][info][gc,marking  ] GC(98) Concurrent Mark 56.249ms
[188.891s][info][gc,marking  ] GC(98) Concurrent Rebuild Remembered Sets and Scrub Regions
[188.914s][info][gc,marking  ] GC(98) Concurrent Rebuild Remembered Sets and Scrub Regions 22.964ms
[188.914s][info][gc,start    ] GC(98) Pause Cleanup
[188.914s][info][gc          ] GC(98) Pause Cleanup 74M->74M(112M) 0.129ms
[188.914s][info][gc,cpu      ] GC(98) User=0.00s Sys=0.00s Real=0.00s
[188.914s][info][gc,marking  ] GC(98) Concurrent Clear Claimed Marks
[188.914s][info][gc,marking  ] GC(98) Concurrent Clear Claimed Marks 0.113ms
[188.914s][info][gc,marking  ] GC(98) Concurrent Cleanup for Next Mark
[188.914s][info][gc,marking  ] GC(98) Concurrent Cleanup for Next Mark 0.212ms
[188.915s][info][gc          ] GC(98) Concurrent Mark Cycle 81.698ms
[188.981s][info][gc,start    ] GC(99) Pause Young (Prepare Mixed) (G1 Evacuation Pause)
[188.982s][info][gc,task     ] GC(99) Using 8 workers of 8 for evacuation
[188.984s][info][gc,phases   ] GC(99)   Pre Evacuate Collection Set: 0.1ms
[188.984s][info][gc,phases   ] GC(99)   Merge Heap Roots: 0.1ms
[188.984s][info][gc,phases   ] GC(99)   Evacuate Collection Set: 1.6ms
[188.984s][info][gc,phases   ] GC(99)   Post Evacuate Collection Set: 0.4ms
[188.984s][info][gc,phases   ] GC(99)   Other: 0.1ms
[188.984s][info][gc,heap     ] GC(99) Eden regions: 55->0(54)
[188.984s][info][gc,heap     ] GC(99) Survivor regions: 3->3(8)
[188.984s][info][gc,heap     ] GC(99) Old regions: 42->43
[188.984s][info][gc,heap     ] GC(99) Humongous regions: 2->2
[188.984s][info][gc,metaspace] GC(99) Metaspace: 84925K(85760K)->84925K(85760K) NonClass: 73889K(74304K)->73889K(74304K) Class: 11036K(11456K)->11036K(11456K)
[188.984s][info][gc          ] GC(99) Pause Young (Prepare Mixed) (G1 Evacuation Pause) 101M->47M(112M) 2.692ms
[188.984s][info][gc,cpu      ] GC(99) User=0.00s Sys=0.00s Real=0.00s
[189.110s][info][gc,start    ] GC(100) Pause Young (Mixed) (G1 Evacuation Pause)
[189.110s][info][gc,task     ] GC(100) Using 8 workers of 8 for evacuation
[189.116s][info][gc,phases   ] GC(100)   Pre Evacuate Collection Set: 0.1ms
[189.116s][info][gc,phases   ] GC(100)   Merge Heap Roots: 0.2ms
[189.116s][info][gc,phases   ] GC(100)   Evacuate Collection Set: 4.3ms
[189.116s][info][gc,phases   ] GC(100)   Post Evacuate Collection Set: 0.6ms
[189.116s][info][gc,phases   ] GC(100)   Other: 0.1ms
[189.116s][info][gc,heap     ] GC(100) Eden regions: 54->0(54)
[189.116s][info][gc,heap     ] GC(100) Survivor regions: 3->3(8)
[189.116s][info][gc,heap     ] GC(100) Old regions: 43->43
[189.116s][info][gc,heap     ] GC(100) Humongous regions: 2->2
[189.116s][info][gc,metaspace] GC(100) Metaspace: 84925K(85760K)->84925K(85760K) NonClass: 73889K(74304K)->73889K(74304K) Class: 11036K(11456K)->11036K(11456K)
[189.116s][info][gc          ] GC(100) Pause Young (Mixed) (G1 Evacuation Pause) 101M->47M(112M) 5.625ms
[189.116s][info][gc,cpu      ] GC(100) User=0.00s Sys=0.00s Real=0.01s
[189.242s][info][gc,start    ] GC(101) Pause Young (Concurrent Start) (G1 Evacuation Pause)
[189.242s][info][gc,task     ] GC(101) Using 8 workers of 8 for evacuation
[189.244s][info][gc,phases   ] GC(101)   Pre Evacuate Collection Set: 0.1ms
[189.244s][info][gc,phases   ] GC(101)   Merge Heap Roots: 0.1ms
[189.245s][info][gc,phases   ] GC(101)   Evacuate Collection Set: 1.5ms
[189.245s][info][gc,phases   ] GC(101)   Post Evacuate Collection Set: 0.4ms
[189.245s][info][gc,phases   ] GC(101)   Other: 0.1ms
[189.245s][info][gc,heap     ] GC(101) Eden regions: 54->0(54)
[189.245s][info][gc,heap     ] GC(101) Survivor regions: 3->3(8)
[189.245s][info][gc,heap     ] GC(101) Old regions: 43->43
[189.245s][info][gc,heap     ] GC(101) Humongous regions: 2->2
[189.245s][info][gc,metaspace] GC(101) Metaspace: 84925K(85760K)->84925K(85760K) NonClass: 73889K(74304K)->73889K(74304K) Class: 11036K(11456K)->11036K(11456K)
[189.245s][info][gc          ] GC(101) Pause Young (Concurrent Start) (G1 Evacuation Pause) 101M->47M(112M) 2.704ms
[189.245s][info][gc          ] GC(102) Concurrent Mark Cycle
[189.245s][info][gc,cpu      ] GC(101) User=0.00s Sys=0.00s Real=0.00s
[189.245s][info][gc,marking  ] GC(102) Concurrent Scan Root Regions
[189.248s][info][gc,marking  ] GC(102) Concurrent Scan Root Regions 3.110ms
[189.248s][info][gc,marking  ] GC(102) Concurrent Mark
[189.248s][info][gc,marking  ] GC(102) Concurrent Mark From Roots
[189.248s][info][gc,task     ] GC(102) Using 2 workers of 2 for marking
[189.305s][info][gc,marking  ] GC(102) Concurrent Mark From Roots 56.428ms
[189.305s][info][gc,marking  ] GC(102) Concurrent Preclean
[189.305s][info][gc,marking  ] GC(102) Concurrent Preclean 0.166ms
[189.305s][info][gc,start    ] GC(102) Pause Remark
[189.310s][info][gc          ] GC(102) Pause Remark 67M->67M(115M) 4.984ms
[189.310s][info][gc,cpu      ] GC(102) User=0.05s Sys=0.02s Real=0.01s
[189.310s][info][gc,marking  ] GC(102) Concurrent Mark 61.851ms
[189.310s][info][gc,marking  ] GC(102) Concurrent Rebuild Remembered Sets and Scrub Regions
[189.327s][info][gc,marking  ] GC(102) Concurrent Rebuild Remembered Sets and Scrub Regions 17.531ms
[189.328s][info][gc,start    ] GC(102) Pause Cleanup
[189.328s][info][gc          ] GC(102) Pause Cleanup 75M->75M(115M) 0.111ms
[189.328s][info][gc,cpu      ] GC(102) User=0.00s Sys=0.00s Real=0.00s
[189.328s][info][gc,marking  ] GC(102) Concurrent Clear Claimed Marks
[189.328s][info][gc,marking  ] GC(102) Concurrent Clear Claimed Marks 0.088ms
[189.328s][info][gc,marking  ] GC(102) Concurrent Cleanup for Next Mark
[189.328s][info][gc,marking  ] GC(102) Concurrent Cleanup for Next Mark 0.249ms
[189.328s][info][gc          ] GC(102) Concurrent Mark Cycle 83.393ms
[189.378s][info][gc,start    ] GC(103) Pause Young (Normal) (G1 Evacuation Pause)
[189.378s][info][gc,task     ] GC(103) Using 8 workers of 8 for evacuation
[189.381s][info][gc,phases   ] GC(103)   Pre Evacuate Collection Set: 0.1ms
[189.381s][info][gc,phases   ] GC(103)   Merge Heap Roots: 0.1ms
[189.381s][info][gc,phases   ] GC(103)   Evacuate Collection Set: 2.3ms
[189.381s][info][gc,phases   ] GC(103)   Post Evacuate Collection Set: 0.4ms
[189.381s][info][gc,phases   ] GC(103)   Other: 0.1ms
[189.381s][info][gc,heap     ] GC(103) Eden regions: 54->0(57)
[189.382s][info][gc,heap     ] GC(103) Survivor regions: 3->3(8)
[189.382s][info][gc,heap     ] GC(103) Old regions: 43->43
[189.382s][info][gc,heap     ] GC(103) Humongous regions: 2->2
[189.382s][info][gc,metaspace] GC(103) Metaspace: 84925K(85760K)->84925K(85760K) NonClass: 73889K(74304K)->73889K(74304K) Class: 11036K(11456K)->11036K(11456K)
[189.382s][info][gc          ] GC(103) Pause Young (Normal) (G1 Evacuation Pause) 101M->47M(115M) 3.380ms
[189.382s][info][gc,cpu      ] GC(103) User=0.00s Sys=0.00s Real=0.00s
[189.526s][info][gc,start    ] GC(104) Pause Young (Concurrent Start) (G1 Evacuation Pause)
[189.526s][info][gc,task     ] GC(104) Using 8 workers of 8 for evacuation
[189.530s][info][gc,phases   ] GC(104)   Pre Evacuate Collection Set: 0.2ms
[189.530s][info][gc,phases   ] GC(104)   Merge Heap Roots: 0.1ms
[189.530s][info][gc,phases   ] GC(104)   Evacuate Collection Set: 2.7ms
[189.530s][info][gc,phases   ] GC(104)   Post Evacuate Collection Set: 0.5ms
[189.530s][info][gc,phases   ] GC(104)   Other: 0.2ms
[189.530s][info][gc,heap     ] GC(104) Eden regions: 57->0(57)
[189.530s][info][gc,heap     ] GC(104) Survivor regions: 3->3(8)
[189.530s][info][gc,heap     ] GC(104) Old regions: 43->43
[189.530s][info][gc,heap     ] GC(104) Humongous regions: 2->2
[189.530s][info][gc,metaspace] GC(104) Metaspace: 84925K(85760K)->84925K(85760K) NonClass: 73889K(74304K)->73889K(74304K) Class: 11036K(11456K)->11036K(11456K)
[189.530s][info][gc          ] GC(104) Pause Young (Concurrent Start) (G1 Evacuation Pause) 104M->47M(115M) 4.205ms
[189.530s][info][gc          ] GC(105) Concurrent Mark Cycle
[189.530s][info][gc,cpu      ] GC(104) User=0.09s Sys=0.00s Real=0.00s
[189.530s][info][gc,marking  ] GC(105) Concurrent Scan Root Regions
[189.533s][info][gc,marking  ] GC(105) Concurrent Scan Root Regions 2.215ms
[189.533s][info][gc,marking  ] GC(105) Concurrent Mark
[189.533s][info][gc,marking  ] GC(105) Concurrent Mark From Roots
[189.533s][info][gc,task     ] GC(105) Using 2 workers of 2 for marking
[189.592s][info][gc,marking  ] GC(105) Concurrent Mark From Roots 59.496ms
[189.592s][info][gc,marking  ] GC(105) Concurrent Preclean
[189.593s][info][gc,marking  ] GC(105) Concurrent Preclean 0.293ms
[189.593s][info][gc,start    ] GC(105) Pause Remark
[189.618s][info][gc          ] GC(105) Pause Remark 68M->68M(115M) 25.174ms
[189.618s][info][gc,cpu      ] GC(105) User=0.02s Sys=0.00s Real=0.02s
[189.618s][info][gc,marking  ] GC(105) Concurrent Mark 85.372ms
[189.618s][info][gc,marking  ] GC(105) Concurrent Rebuild Remembered Sets and Scrub Regions
[189.639s][info][gc,marking  ] GC(105) Concurrent Rebuild Remembered Sets and Scrub Regions 20.830ms
[189.639s][info][gc,start    ] GC(105) Pause Cleanup
[189.639s][info][gc          ] GC(105) Pause Cleanup 75M->75M(115M) 0.122ms
[189.639s][info][gc,cpu      ] GC(105) User=0.00s Sys=0.00s Real=0.00s
[189.639s][info][gc,marking  ] GC(105) Concurrent Clear Claimed Marks
[189.639s][info][gc,marking  ] GC(105) Concurrent Clear Claimed Marks 0.112ms
[189.639s][info][gc,marking  ] GC(105) Concurrent Cleanup for Next Mark
[189.640s][info][gc,marking  ] GC(105) Concurrent Cleanup for Next Mark 0.215ms
[189.640s][info][gc          ] GC(105) Concurrent Mark Cycle 109.366ms
[189.711s][info][gc,start    ] GC(106) Pause Young (Normal) (G1 Evacuation Pause)
[189.711s][info][gc,task     ] GC(106) Using 8 workers of 8 for evacuation
[189.715s][info][gc,phases   ] GC(106)   Pre Evacuate Collection Set: 0.2ms
[189.715s][info][gc,phases   ] GC(106)   Merge Heap Roots: 0.1ms
[189.715s][info][gc,phases   ] GC(106)   Evacuate Collection Set: 3.5ms
[189.715s][info][gc,phases   ] GC(106)   Post Evacuate Collection Set: 0.4ms
[189.716s][info][gc,phases   ] GC(106)   Other: 0.1ms
[189.716s][info][gc,heap     ] GC(106) Eden regions: 57->0(56)
[189.716s][info][gc,heap     ] GC(106) Survivor regions: 3->3(8)
[189.716s][info][gc,heap     ] GC(106) Old regions: 43->44
[189.716s][info][gc,heap     ] GC(106) Humongous regions: 2->2
[189.716s][info][gc,metaspace] GC(106) Metaspace: 84925K(85760K)->84925K(85760K) NonClass: 73889K(74304K)->73889K(74304K) Class: 11036K(11456K)->11036K(11456K)
[189.716s][info][gc          ] GC(106) Pause Young (Normal) (G1 Evacuation Pause) 104M->48M(115M) 4.844ms
[189.716s][info][gc,cpu      ] GC(106) User=0.00s Sys=0.02s Real=0.00s
[189.863s][info][gc,start    ] GC(107) Pause Young (Concurrent Start) (G1 Evacuation Pause)
[189.863s][info][gc,task     ] GC(107) Using 8 workers of 8 for evacuation
[189.866s][info][gc,phases   ] GC(107)   Pre Evacuate Collection Set: 0.2ms
[189.866s][info][gc,phases   ] GC(107)   Merge Heap Roots: 0.0ms
[189.866s][info][gc,phases   ] GC(107)   Evacuate Collection Set: 1.5ms
[189.866s][info][gc,phases   ] GC(107)   Post Evacuate Collection Set: 0.3ms
[189.866s][info][gc,phases   ] GC(107)   Other: 0.1ms
[189.866s][info][gc,heap     ] GC(107) Eden regions: 56->0(56)
[189.866s][info][gc,heap     ] GC(107) Survivor regions: 3->3(8)
[189.866s][info][gc,heap     ] GC(107) Old regions: 44->44
[189.866s][info][gc,heap     ] GC(107) Humongous regions: 2->2
[189.866s][info][gc,metaspace] GC(107) Metaspace: 84925K(85760K)->84925K(85760K) NonClass: 73889K(74304K)->73889K(74304K) Class: 11036K(11456K)->11036K(11456K)
[189.866s][info][gc          ] GC(107) Pause Young (Concurrent Start) (G1 Evacuation Pause) 104M->48M(115M) 2.557ms
[189.866s][info][gc,cpu      ] GC(107) User=0.00s Sys=0.00s Real=0.00s
[189.866s][info][gc          ] GC(108) Concurrent Mark Cycle
[189.866s][info][gc,marking  ] GC(108) Concurrent Scan Root Regions
[189.868s][info][gc,marking  ] GC(108) Concurrent Scan Root Regions 2.148ms
[189.868s][info][gc,marking  ] GC(108) Concurrent Mark
[189.868s][info][gc,marking  ] GC(108) Concurrent Mark From Roots
[189.868s][info][gc,task     ] GC(108) Using 2 workers of 2 for marking
[189.930s][info][gc,marking  ] GC(108) Concurrent Mark From Roots 61.565ms
[189.930s][info][gc,marking  ] GC(108) Concurrent Preclean
[189.930s][info][gc,marking  ] GC(108) Concurrent Preclean 0.364ms
[189.930s][info][gc,start    ] GC(108) Pause Remark
[189.935s][info][gc          ] GC(108) Pause Remark 66M->66M(115M) 4.677ms
[189.935s][info][gc,cpu      ] GC(108) User=0.03s Sys=0.02s Real=0.01s
[189.935s][info][gc,marking  ] GC(108) Concurrent Mark 66.943ms
[189.935s][info][gc,marking  ] GC(108) Concurrent Rebuild Remembered Sets and Scrub Regions
[189.955s][info][gc,marking  ] GC(108) Concurrent Rebuild Remembered Sets and Scrub Regions 19.900ms
[189.955s][info][gc,start    ] GC(108) Pause Cleanup
[189.955s][info][gc          ] GC(108) Pause Cleanup 73M->73M(115M) 0.124ms
[189.955s][info][gc,cpu      ] GC(108) User=0.00s Sys=0.00s Real=0.00s
[189.955s][info][gc,marking  ] GC(108) Concurrent Clear Claimed Marks
[189.956s][info][gc,marking  ] GC(108) Concurrent Clear Claimed Marks 0.102ms
[189.956s][info][gc,marking  ] GC(108) Concurrent Cleanup for Next Mark
[189.956s][info][gc,marking  ] GC(108) Concurrent Cleanup for Next Mark 0.208ms
[189.956s][info][gc          ] GC(108) Concurrent Mark Cycle 89.918ms
[190.024s][info][gc,start    ] GC(109) Pause Young (Prepare Mixed) (G1 Evacuation Pause)
[190.024s][info][gc,task     ] GC(109) Using 8 workers of 8 for evacuation
[190.027s][info][gc,phases   ] GC(109)   Pre Evacuate Collection Set: 0.2ms
[190.027s][info][gc,phases   ] GC(109)   Merge Heap Roots: 0.1ms
[190.027s][info][gc,phases   ] GC(109)   Evacuate Collection Set: 1.8ms
[190.027s][info][gc,phases   ] GC(109)   Post Evacuate Collection Set: 0.3ms
[190.027s][info][gc,phases   ] GC(109)   Other: 0.1ms
[190.027s][info][gc,heap     ] GC(109) Eden regions: 56->0(56)
[190.027s][info][gc,heap     ] GC(109) Survivor regions: 3->3(8)
[190.027s][info][gc,heap     ] GC(109) Old regions: 44->44
[190.027s][info][gc,heap     ] GC(109) Humongous regions: 2->2
[190.027s][info][gc,metaspace] GC(109) Metaspace: 84925K(85760K)->84925K(85760K) NonClass: 73889K(74304K)->73889K(74304K) Class: 11036K(11456K)->11036K(11456K)
[190.027s][info][gc          ] GC(109) Pause Young (Prepare Mixed) (G1 Evacuation Pause) 104M->48M(115M) 2.824ms
[190.027s][info][gc,cpu      ] GC(109) User=0.00s Sys=0.00s Real=0.00s
[190.190s][info][gc,start    ] GC(110) Pause Young (Mixed) (G1 Evacuation Pause)
[190.190s][info][gc,task     ] GC(110) Using 8 workers of 8 for evacuation
[190.193s][info][gc,phases   ] GC(110)   Pre Evacuate Collection Set: 0.2ms
[190.193s][info][gc,phases   ] GC(110)   Merge Heap Roots: 0.1ms
[190.193s][info][gc,phases   ] GC(110)   Evacuate Collection Set: 2.6ms
[190.193s][info][gc,phases   ] GC(110)   Post Evacuate Collection Set: 0.4ms
[190.193s][info][gc,phases   ] GC(110)   Other: 0.1ms
[190.193s][info][gc,heap     ] GC(110) Eden regions: 56->0(56)
[190.193s][info][gc,heap     ] GC(110) Survivor regions: 3->3(8)
[190.193s][info][gc,heap     ] GC(110) Old regions: 44->44
[190.193s][info][gc,heap     ] GC(110) Humongous regions: 2->2
[190.193s][info][gc,metaspace] GC(110) Metaspace: 84925K(85760K)->84925K(85760K) NonClass: 73889K(74304K)->73889K(74304K) Class: 11036K(11456K)->11036K(11456K)
[190.193s][info][gc          ] GC(110) Pause Young (Mixed) (G1 Evacuation Pause) 104M->48M(115M) 3.960ms
[190.194s][info][gc,cpu      ] GC(110) User=0.00s Sys=0.00s Real=0.00s
[200.308s][info][gc,start    ] GC(111) Pause Young (Concurrent Start) (G1 Evacuation Pause)
[200.309s][info][gc,task     ] GC(111) Using 8 workers of 8 for evacuation
[200.311s][info][gc,phases   ] GC(111)   Pre Evacuate Collection Set: 0.2ms
[200.311s][info][gc,phases   ] GC(111)   Merge Heap Roots: 0.1ms
[200.311s][info][gc,phases   ] GC(111)   Evacuate Collection Set: 1.0ms
[200.311s][info][gc,phases   ] GC(111)   Post Evacuate Collection Set: 0.5ms
[200.311s][info][gc,phases   ] GC(111)   Other: 0.2ms
[200.311s][info][gc,heap     ] GC(111) Eden regions: 56->0(58)
[200.311s][info][gc,heap     ] GC(111) Survivor regions: 3->2(8)
[200.311s][info][gc,heap     ] GC(111) Old regions: 44->44
[200.311s][info][gc,heap     ] GC(111) Humongous regions: 2->2
[200.311s][info][gc,metaspace] GC(111) Metaspace: 84936K(85760K)->84936K(85760K) NonClass: 73900K(74304K)->73900K(74304K) Class: 11036K(11456K)->11036K(11456K)
[200.311s][info][gc          ] GC(111) Pause Young (Concurrent Start) (G1 Evacuation Pause) 104M->46M(115M) 2.360ms
[200.311s][info][gc          ] GC(112) Concurrent Mark Cycle
[200.311s][info][gc,cpu      ] GC(111) User=0.12s Sys=0.00s Real=0.00s
[200.311s][info][gc,marking  ] GC(112) Concurrent Scan Root Regions
[200.313s][info][gc,marking  ] GC(112) Concurrent Scan Root Regions 2.108ms
[200.313s][info][gc,marking  ] GC(112) Concurrent Mark
[200.313s][info][gc,marking  ] GC(112) Concurrent Mark From Roots
[200.313s][info][gc,task     ] GC(112) Using 2 workers of 2 for marking
[200.358s][info][gc,marking  ] GC(112) Concurrent Mark From Roots 44.644ms
[200.358s][info][gc,marking  ] GC(112) Concurrent Preclean
[200.358s][info][gc,marking  ] GC(112) Concurrent Preclean 0.134ms
[200.358s][info][gc,start    ] GC(112) Pause Remark
[200.363s][info][gc          ] GC(112) Pause Remark 65M->65M(115M) 5.027ms
[200.363s][info][gc,cpu      ] GC(112) User=0.00s Sys=0.00s Real=0.01s
[200.363s][info][gc,marking  ] GC(112) Concurrent Mark 50.138ms
[200.363s][info][gc,marking  ] GC(112) Concurrent Rebuild Remembered Sets and Scrub Regions
[200.386s][info][gc,marking  ] GC(112) Concurrent Rebuild Remembered Sets and Scrub Regions 23.154ms
[200.386s][info][gc,start    ] GC(112) Pause Cleanup
[200.387s][info][gc          ] GC(112) Pause Cleanup 72M->72M(115M) 0.149ms
[200.387s][info][gc,cpu      ] GC(112) User=0.00s Sys=0.00s Real=0.00s
[200.387s][info][gc,marking  ] GC(112) Concurrent Clear Claimed Marks
[200.387s][info][gc,marking  ] GC(112) Concurrent Clear Claimed Marks 0.084ms
[200.387s][info][gc,marking  ] GC(112) Concurrent Cleanup for Next Mark
[200.387s][info][gc,marking  ] GC(112) Concurrent Cleanup for Next Mark 0.199ms
[200.387s][info][gc          ] GC(112) Concurrent Mark Cycle 76.291ms
[200.437s][info][gc,start    ] GC(113) Pause Young (Prepare Mixed) (G1 Evacuation Pause)
[200.437s][info][gc,task     ] GC(113) Using 8 workers of 8 for evacuation
[200.438s][info][gc,phases   ] GC(113)   Pre Evacuate Collection Set: 0.2ms
[200.438s][info][gc,phases   ] GC(113)   Merge Heap Roots: 0.1ms
[200.439s][info][gc,phases   ] GC(113)   Evacuate Collection Set: 0.8ms
[200.439s][info][gc,phases   ] GC(113)   Post Evacuate Collection Set: 0.5ms
[200.439s][info][gc,phases   ] GC(113)   Other: 0.1ms
[200.439s][info][gc,heap     ] GC(113) Eden regions: 58->0(58)
[200.439s][info][gc,heap     ] GC(113) Survivor regions: 2->2(8)
[200.439s][info][gc,heap     ] GC(113) Old regions: 44->44
[200.439s][info][gc,heap     ] GC(113) Humongous regions: 2->2
[200.439s][info][gc,metaspace] GC(113) Metaspace: 84937K(85760K)->84937K(85760K) NonClass: 73900K(74304K)->73900K(74304K) Class: 11036K(11456K)->11036K(11456K)
[200.439s][info][gc          ] GC(113) Pause Young (Prepare Mixed) (G1 Evacuation Pause) 104M->46M(115M) 1.866ms
[200.439s][info][gc,cpu      ] GC(113) User=0.00s Sys=0.00s Real=0.00s
[200.540s][info][gc,start    ] GC(114) Pause Young (Mixed) (G1 Evacuation Pause)
[200.540s][info][gc,task     ] GC(114) Using 8 workers of 8 for evacuation
[200.542s][info][gc,phases   ] GC(114)   Pre Evacuate Collection Set: 0.2ms
[200.542s][info][gc,phases   ] GC(114)   Merge Heap Roots: 0.1ms
[200.542s][info][gc,phases   ] GC(114)   Evacuate Collection Set: 0.9ms
[200.542s][info][gc,phases   ] GC(114)   Post Evacuate Collection Set: 0.5ms
[200.542s][info][gc,phases   ] GC(114)   Other: 0.1ms
[200.542s][info][gc,heap     ] GC(114) Eden regions: 58->0(59)
[200.542s][info][gc,heap     ] GC(114) Survivor regions: 2->2(8)
[200.542s][info][gc,heap     ] GC(114) Old regions: 44->43
[200.542s][info][gc,heap     ] GC(114) Humongous regions: 2->2
[200.542s][info][gc,metaspace] GC(114) Metaspace: 84938K(85760K)->84938K(85760K) NonClass: 73902K(74304K)->73902K(74304K) Class: 11036K(11456K)->11036K(11456K)
[200.542s][info][gc          ] GC(114) Pause Young (Mixed) (G1 Evacuation Pause) 104M->46M(115M) 2.087ms
[200.542s][info][gc,cpu      ] GC(114) User=0.00s Sys=0.00s Real=0.00s
[200.680s][info][gc,start    ] GC(115) Pause Young (Concurrent Start) (G1 Evacuation Pause)
[200.681s][info][gc,task     ] GC(115) Using 8 workers of 8 for evacuation
[200.683s][info][gc,phases   ] GC(115)   Pre Evacuate Collection Set: 0.1ms
[200.683s][info][gc,phases   ] GC(115)   Merge Heap Roots: 0.1ms
[200.683s][info][gc,phases   ] GC(115)   Evacuate Collection Set: 1.3ms
[200.683s][info][gc,phases   ] GC(115)   Post Evacuate Collection Set: 0.4ms
[200.683s][info][gc,phases   ] GC(115)   Other: 0.1ms
[200.683s][info][gc,heap     ] GC(115) Eden regions: 59->0(59)
[200.683s][info][gc,heap     ] GC(115) Survivor regions: 2->2(8)
[200.683s][info][gc,heap     ] GC(115) Old regions: 43->43
[200.683s][info][gc,heap     ] GC(115) Humongous regions: 2->2
[200.683s][info][gc,metaspace] GC(115) Metaspace: 84938K(85760K)->84938K(85760K) NonClass: 73902K(74304K)->73902K(74304K) Class: 11036K(11456K)->11036K(11456K)
[200.683s][info][gc          ] GC(115) Pause Young (Concurrent Start) (G1 Evacuation Pause) 105M->46M(115M) 2.551ms
[200.683s][info][gc,cpu      ] GC(115) User=0.00s Sys=0.00s Real=0.00s
[200.683s][info][gc          ] GC(116) Concurrent Mark Cycle
[200.683s][info][gc,marking  ] GC(116) Concurrent Scan Root Regions
[200.685s][info][gc,marking  ] GC(116) Concurrent Scan Root Regions 2.043ms
[200.685s][info][gc,marking  ] GC(116) Concurrent Mark
[200.685s][info][gc,marking  ] GC(116) Concurrent Mark From Roots
[200.685s][info][gc,task     ] GC(116) Using 2 workers of 2 for marking
[200.737s][info][gc,marking  ] GC(116) Concurrent Mark From Roots 51.853ms
[200.737s][info][gc,marking  ] GC(116) Concurrent Preclean
[200.737s][info][gc,marking  ] GC(116) Concurrent Preclean 0.160ms
[200.738s][info][gc,start    ] GC(116) Pause Remark
[200.742s][info][gc          ] GC(116) Pause Remark 65M->65M(115M) 4.270ms
[200.742s][info][gc,cpu      ] GC(116) User=0.00s Sys=0.00s Real=0.01s
[200.742s][info][gc,marking  ] GC(116) Concurrent Mark 56.556ms
[200.742s][info][gc,marking  ] GC(116) Concurrent Rebuild Remembered Sets and Scrub Regions
[200.760s][info][gc,marking  ] GC(116) Concurrent Rebuild Remembered Sets and Scrub Regions 18.225ms
[200.760s][info][gc,start    ] GC(116) Pause Cleanup
[200.760s][info][gc          ] GC(116) Pause Cleanup 74M->74M(115M) 0.118ms
[200.761s][info][gc,cpu      ] GC(116) User=0.00s Sys=0.00s Real=0.00s
[200.761s][info][gc,marking  ] GC(116) Concurrent Clear Claimed Marks
[200.761s][info][gc,marking  ] GC(116) Concurrent Clear Claimed Marks 0.090ms
[200.761s][info][gc,marking  ] GC(116) Concurrent Cleanup for Next Mark
[200.761s][info][gc,marking  ] GC(116) Concurrent Cleanup for Next Mark 0.322ms
[200.761s][info][gc          ] GC(116) Concurrent Mark Cycle 77.954ms
[200.842s][info][gc,start    ] GC(117) Pause Young (Prepare Mixed) (G1 Evacuation Pause)
[200.842s][info][gc,task     ] GC(117) Using 8 workers of 8 for evacuation
[200.843s][info][gc,phases   ] GC(117)   Pre Evacuate Collection Set: 0.1ms
[200.844s][info][gc,phases   ] GC(117)   Merge Heap Roots: 0.1ms
[200.844s][info][gc,phases   ] GC(117)   Evacuate Collection Set: 1.0ms
[200.844s][info][gc,phases   ] GC(117)   Post Evacuate Collection Set: 0.3ms
[200.844s][info][gc,phases   ] GC(117)   Other: 0.1ms
[200.844s][info][gc,heap     ] GC(117) Eden regions: 59->0(59)
[200.844s][info][gc,heap     ] GC(117) Survivor regions: 2->2(8)
[200.844s][info][gc,heap     ] GC(117) Old regions: 43->43
[200.844s][info][gc,heap     ] GC(117) Humongous regions: 2->2
[200.844s][info][gc,metaspace] GC(117) Metaspace: 84938K(85760K)->84938K(85760K) NonClass: 73902K(74304K)->73902K(74304K) Class: 11036K(11456K)->11036K(11456K)
[200.844s][info][gc          ] GC(117) Pause Young (Prepare Mixed) (G1 Evacuation Pause) 105M->46M(115M) 1.860ms
[200.844s][info][gc,cpu      ] GC(117) User=0.00s Sys=0.00s Real=0.00s
[200.988s][info][gc,start    ] GC(118) Pause Young (Mixed) (G1 Evacuation Pause)
[200.988s][info][gc,task     ] GC(118) Using 8 workers of 8 for evacuation
[200.992s][info][gc,phases   ] GC(118)   Pre Evacuate Collection Set: 0.2ms
[200.992s][info][gc,phases   ] GC(118)   Merge Heap Roots: 0.1ms
[200.992s][info][gc,phases   ] GC(118)   Evacuate Collection Set: 2.8ms
[200.992s][info][gc,phases   ] GC(118)   Post Evacuate Collection Set: 0.6ms
[200.992s][info][gc,phases   ] GC(118)   Other: 0.1ms
[200.992s][info][gc,heap     ] GC(118) Eden regions: 59->0(59)
[200.992s][info][gc,heap     ] GC(118) Survivor regions: 2->2(8)
[200.992s][info][gc,heap     ] GC(118) Old regions: 43->43
[200.992s][info][gc,heap     ] GC(118) Humongous regions: 2->2
[200.992s][info][gc,metaspace] GC(118) Metaspace: 84938K(85760K)->84938K(85760K) NonClass: 73902K(74304K)->73902K(74304K) Class: 11036K(11456K)->11036K(11456K)
[200.992s][info][gc          ] GC(118) Pause Young (Mixed) (G1 Evacuation Pause) 105M->46M(115M) 4.143ms
[200.992s][info][gc,cpu      ] GC(118) User=0.00s Sys=0.00s Real=0.00s
[201.136s][info][gc,start    ] GC(119) Pause Young (Concurrent Start) (G1 Evacuation Pause)
[201.136s][info][gc,task     ] GC(119) Using 8 workers of 8 for evacuation
[201.138s][info][gc,phases   ] GC(119)   Pre Evacuate Collection Set: 0.2ms
[201.138s][info][gc,phases   ] GC(119)   Merge Heap Roots: 0.1ms
[201.138s][info][gc,phases   ] GC(119)   Evacuate Collection Set: 1.2ms
[201.138s][info][gc,phases   ] GC(119)   Post Evacuate Collection Set: 0.4ms
[201.138s][info][gc,phases   ] GC(119)   Other: 0.1ms
[201.138s][info][gc,heap     ] GC(119) Eden regions: 59->0(59)
[201.138s][info][gc,heap     ] GC(119) Survivor regions: 2->2(8)
[201.138s][info][gc,heap     ] GC(119) Old regions: 43->43
[201.138s][info][gc,heap     ] GC(119) Humongous regions: 2->2
[201.138s][info][gc,metaspace] GC(119) Metaspace: 84938K(85760K)->84938K(85760K) NonClass: 73902K(74304K)->73902K(74304K) Class: 11036K(11456K)->11036K(11456K)
[201.138s][info][gc          ] GC(119) Pause Young (Concurrent Start) (G1 Evacuation Pause) 105M->46M(115M) 2.440ms
[201.139s][info][gc,cpu      ] GC(119) User=0.12s Sys=0.00s Real=0.00s
[201.139s][info][gc          ] GC(120) Concurrent Mark Cycle
[201.139s][info][gc,marking  ] GC(120) Concurrent Scan Root Regions
[201.140s][info][gc,marking  ] GC(120) Concurrent Scan Root Regions 1.319ms
[201.140s][info][gc,marking  ] GC(120) Concurrent Mark
[201.140s][info][gc,marking  ] GC(120) Concurrent Mark From Roots
[201.140s][info][gc,task     ] GC(120) Using 2 workers of 2 for marking
[201.197s][info][gc,marking  ] GC(120) Concurrent Mark From Roots 57.180ms
[201.197s][info][gc,marking  ] GC(120) Concurrent Preclean
[201.197s][info][gc,marking  ] GC(120) Concurrent Preclean 0.177ms
[201.197s][info][gc,start    ] GC(120) Pause Remark
[201.204s][info][gc          ] GC(120) Pause Remark 64M->64M(115M) 6.214ms
[201.204s][info][gc,cpu      ] GC(120) User=0.08s Sys=0.00s Real=0.01s
[201.204s][info][gc,marking  ] GC(120) Concurrent Mark 63.920ms
[201.204s][info][gc,marking  ] GC(120) Concurrent Rebuild Remembered Sets and Scrub Regions
[201.225s][info][gc,marking  ] GC(120) Concurrent Rebuild Remembered Sets and Scrub Regions 21.336ms
[201.225s][info][gc,start    ] GC(120) Pause Cleanup
[201.226s][info][gc          ] GC(120) Pause Cleanup 71M->71M(115M) 0.154ms
[201.226s][info][gc,cpu      ] GC(120) User=0.00s Sys=0.00s Real=0.00s
[201.226s][info][gc,marking  ] GC(120) Concurrent Clear Claimed Marks
[201.226s][info][gc,marking  ] GC(120) Concurrent Clear Claimed Marks 0.116ms
[201.226s][info][gc,marking  ] GC(120) Concurrent Cleanup for Next Mark
[201.226s][info][gc,marking  ] GC(120) Concurrent Cleanup for Next Mark 0.212ms
[201.226s][info][gc          ] GC(120) Concurrent Mark Cycle 87.622ms
[201.306s][info][gc,start    ] GC(121) Pause Young (Prepare Mixed) (G1 Evacuation Pause)
[201.306s][info][gc,task     ] GC(121) Using 8 workers of 8 for evacuation
[201.309s][info][gc,phases   ] GC(121)   Pre Evacuate Collection Set: 0.1ms
[201.309s][info][gc,phases   ] GC(121)   Merge Heap Roots: 0.1ms
[201.309s][info][gc,phases   ] GC(121)   Evacuate Collection Set: 1.5ms
[201.309s][info][gc,phases   ] GC(121)   Post Evacuate Collection Set: 0.3ms
[201.309s][info][gc,phases   ] GC(121)   Other: 0.1ms
[201.309s][info][gc,heap     ] GC(121) Eden regions: 59->0(57)
[201.309s][info][gc,heap     ] GC(121) Survivor regions: 2->3(8)
[201.309s][info][gc,heap     ] GC(121) Old regions: 43->43
[201.309s][info][gc,heap     ] GC(121) Humongous regions: 2->2
[201.309s][info][gc,metaspace] GC(121) Metaspace: 84938K(85760K)->84938K(85760K) NonClass: 73902K(74304K)->73902K(74304K) Class: 11036K(11456K)->11036K(11456K)
[201.309s][info][gc          ] GC(121) Pause Young (Prepare Mixed) (G1 Evacuation Pause) 105M->46M(115M) 2.394ms
[201.309s][info][gc,cpu      ] GC(121) User=0.00s Sys=0.00s Real=0.00s
[201.429s][info][gc,start    ] GC(122) Pause Young (Mixed) (G1 Evacuation Pause)
[201.429s][info][gc,task     ] GC(122) Using 8 workers of 8 for evacuation
[201.432s][info][gc,phases   ] GC(122)   Pre Evacuate Collection Set: 0.1ms
[201.432s][info][gc,phases   ] GC(122)   Merge Heap Roots: 0.1ms
[201.432s][info][gc,phases   ] GC(122)   Evacuate Collection Set: 2.0ms
[201.432s][info][gc,phases   ] GC(122)   Post Evacuate Collection Set: 0.5ms
[201.432s][info][gc,phases   ] GC(122)   Other: 0.1ms
[201.432s][info][gc,heap     ] GC(122) Eden regions: 57->0(58)
[201.432s][info][gc,heap     ] GC(122) Survivor regions: 3->3(8)
[201.432s][info][gc,heap     ] GC(122) Old regions: 43->42
[201.432s][info][gc,heap     ] GC(122) Humongous regions: 2->2
[201.432s][info][gc,metaspace] GC(122) Metaspace: 84938K(85760K)->84938K(85760K) NonClass: 73902K(74304K)->73902K(74304K) Class: 11036K(11456K)->11036K(11456K)
[201.432s][info][gc          ] GC(122) Pause Young (Mixed) (G1 Evacuation Pause) 103M->46M(115M) 3.081ms
[201.432s][info][gc,cpu      ] GC(122) User=0.00s Sys=0.00s Real=0.00s
[201.594s][info][gc,start    ] GC(123) Pause Young (Concurrent Start) (G1 Evacuation Pause)
[201.594s][info][gc,task     ] GC(123) Using 8 workers of 8 for evacuation
[201.596s][info][gc,phases   ] GC(123)   Pre Evacuate Collection Set: 0.1ms
[201.596s][info][gc,phases   ] GC(123)   Merge Heap Roots: 0.1ms
[201.596s][info][gc,phases   ] GC(123)   Evacuate Collection Set: 1.8ms
[201.596s][info][gc,phases   ] GC(123)   Post Evacuate Collection Set: 0.3ms
[201.596s][info][gc,phases   ] GC(123)   Other: 0.1ms
[201.596s][info][gc,heap     ] GC(123) Eden regions: 58->0(58)
[201.596s][info][gc,heap     ] GC(123) Survivor regions: 3->3(8)
[201.596s][info][gc,heap     ] GC(123) Old regions: 42->42
[201.597s][info][gc,heap     ] GC(123) Humongous regions: 2->2
[201.597s][info][gc,metaspace] GC(123) Metaspace: 84938K(85760K)->84938K(85760K) NonClass: 73902K(74304K)->73902K(74304K) Class: 11036K(11456K)->11036K(11456K)
[201.597s][info][gc          ] GC(123) Pause Young (Concurrent Start) (G1 Evacuation Pause) 104M->46M(115M) 2.739ms
[201.597s][info][gc,cpu      ] GC(123) User=0.00s Sys=0.00s Real=0.00s
[201.597s][info][gc          ] GC(124) Concurrent Mark Cycle
[201.597s][info][gc,marking  ] GC(124) Concurrent Scan Root Regions
[201.599s][info][gc,marking  ] GC(124) Concurrent Scan Root Regions 1.802ms
[201.599s][info][gc,marking  ] GC(124) Concurrent Mark
[201.599s][info][gc,marking  ] GC(124) Concurrent Mark From Roots
[201.599s][info][gc,task     ] GC(124) Using 2 workers of 2 for marking
[201.655s][info][gc,marking  ] GC(124) Concurrent Mark From Roots 56.776ms
[201.655s][info][gc,marking  ] GC(124) Concurrent Preclean
[201.656s][info][gc,marking  ] GC(124) Concurrent Preclean 0.174ms
[201.656s][info][gc,start    ] GC(124) Pause Remark
[201.660s][info][gc          ] GC(124) Pause Remark 64M->64M(115M) 4.572ms
[201.660s][info][gc,cpu      ] GC(124) User=0.00s Sys=0.00s Real=0.00s
[201.660s][info][gc,marking  ] GC(124) Concurrent Mark 61.882ms
[201.660s][info][gc,marking  ] GC(124) Concurrent Rebuild Remembered Sets and Scrub Regions
[201.688s][info][gc,marking  ] GC(124) Concurrent Rebuild Remembered Sets and Scrub Regions 27.153ms
[201.688s][info][gc,start    ] GC(124) Pause Cleanup
[201.688s][info][gc          ] GC(124) Pause Cleanup 71M->71M(115M) 0.161ms
[201.688s][info][gc,cpu      ] GC(124) User=0.00s Sys=0.00s Real=0.00s
[201.688s][info][gc,marking  ] GC(124) Concurrent Clear Claimed Marks
[201.688s][info][gc,marking  ] GC(124) Concurrent Clear Claimed Marks 0.114ms
[201.688s][info][gc,marking  ] GC(124) Concurrent Cleanup for Next Mark
[201.689s][info][gc,marking  ] GC(124) Concurrent Cleanup for Next Mark 0.214ms
[201.689s][info][gc          ] GC(124) Concurrent Mark Cycle 91.938ms
[201.777s][info][gc,start    ] GC(125) Pause Young (Prepare Mixed) (G1 Evacuation Pause)
[201.777s][info][gc,task     ] GC(125) Using 8 workers of 8 for evacuation
[201.780s][info][gc,phases   ] GC(125)   Pre Evacuate Collection Set: 0.1ms
[201.780s][info][gc,phases   ] GC(125)   Merge Heap Roots: 0.1ms
[201.780s][info][gc,phases   ] GC(125)   Evacuate Collection Set: 2.1ms
[201.780s][info][gc,phases   ] GC(125)   Post Evacuate Collection Set: 0.3ms
[201.780s][info][gc,phases   ] GC(125)   Other: 0.1ms
[201.780s][info][gc,heap     ] GC(125) Eden regions: 58->0(58)
[201.780s][info][gc,heap     ] GC(125) Survivor regions: 3->3(8)
[201.780s][info][gc,heap     ] GC(125) Old regions: 42->42
[201.780s][info][gc,heap     ] GC(125) Humongous regions: 2->2
[201.780s][info][gc,metaspace] GC(125) Metaspace: 84938K(85760K)->84938K(85760K) NonClass: 73902K(74304K)->73902K(74304K) Class: 11036K(11456K)->11036K(11456K)
[201.780s][info][gc          ] GC(125) Pause Young (Prepare Mixed) (G1 Evacuation Pause) 104M->46M(115M) 2.997ms
[201.780s][info][gc,cpu      ] GC(125) User=0.11s Sys=0.00s Real=0.00s
[201.897s][info][gc,start    ] GC(126) Pause Young (Mixed) (G1 Evacuation Pause)
[201.897s][info][gc,task     ] GC(126) Using 8 workers of 8 for evacuation
[201.901s][info][gc,phases   ] GC(126)   Pre Evacuate Collection Set: 0.1ms
[201.901s][info][gc,phases   ] GC(126)   Merge Heap Roots: 0.2ms
[201.901s][info][gc,phases   ] GC(126)   Evacuate Collection Set: 3.0ms
[201.901s][info][gc,phases   ] GC(126)   Post Evacuate Collection Set: 0.5ms
[201.901s][info][gc,phases   ] GC(126)   Other: 0.1ms
[201.901s][info][gc,heap     ] GC(126) Eden regions: 58->0(58)
[201.901s][info][gc,heap     ] GC(126) Survivor regions: 3->3(8)
[201.901s][info][gc,heap     ] GC(126) Old regions: 42->42
[201.901s][info][gc,heap     ] GC(126) Humongous regions: 2->2
[201.901s][info][gc,metaspace] GC(126) Metaspace: 84938K(85760K)->84938K(85760K) NonClass: 73902K(74304K)->73902K(74304K) Class: 11036K(11456K)->11036K(11456K)
[201.901s][info][gc          ] GC(126) Pause Young (Mixed) (G1 Evacuation Pause) 104M->46M(115M) 4.441ms
[201.901s][info][gc,cpu      ] GC(126) User=0.00s Sys=0.00s Real=0.00s
[202.036s][info][gc,start    ] GC(127) Pause Young (Concurrent Start) (G1 Evacuation Pause)
[202.036s][info][gc,task     ] GC(127) Using 8 workers of 8 for evacuation
[202.039s][info][gc,phases   ] GC(127)   Pre Evacuate Collection Set: 0.1ms
[202.039s][info][gc,phases   ] GC(127)   Merge Heap Roots: 0.0ms
[202.039s][info][gc,phases   ] GC(127)   Evacuate Collection Set: 1.7ms
[202.039s][info][gc,phases   ] GC(127)   Post Evacuate Collection Set: 0.4ms
[202.039s][info][gc,phases   ] GC(127)   Other: 0.1ms
[202.039s][info][gc,heap     ] GC(127) Eden regions: 58->0(58)
[202.039s][info][gc,heap     ] GC(127) Survivor regions: 3->3(8)
[202.039s][info][gc,heap     ] GC(127) Old regions: 42->42
[202.039s][info][gc,heap     ] GC(127) Humongous regions: 2->2
[202.039s][info][gc,metaspace] GC(127) Metaspace: 84939K(85760K)->84939K(85760K) NonClass: 73903K(74304K)->73903K(74304K) Class: 11036K(11456K)->11036K(11456K)
[202.039s][info][gc          ] GC(127) Pause Young (Concurrent Start) (G1 Evacuation Pause) 104M->46M(115M) 2.663ms
[202.039s][info][gc,cpu      ] GC(127) User=0.00s Sys=0.00s Real=0.00s
[202.039s][info][gc          ] GC(128) Concurrent Mark Cycle
[202.039s][info][gc,marking  ] GC(128) Concurrent Scan Root Regions
[202.041s][info][gc,marking  ] GC(128) Concurrent Scan Root Regions 1.690ms
[202.041s][info][gc,marking  ] GC(128) Concurrent Mark
[202.041s][info][gc,marking  ] GC(128) Concurrent Mark From Roots
[202.041s][info][gc,task     ] GC(128) Using 2 workers of 2 for marking
[202.094s][info][gc,marking  ] GC(128) Concurrent Mark From Roots 52.834ms
[202.094s][info][gc,marking  ] GC(128) Concurrent Preclean
[202.094s][info][gc,marking  ] GC(128) Concurrent Preclean 0.174ms
[202.094s][info][gc,start    ] GC(128) Pause Remark
[202.099s][info][gc          ] GC(128) Pause Remark 61M->61M(115M) 5.121ms
[202.099s][info][gc,cpu      ] GC(128) User=0.00s Sys=0.00s Real=0.01s
[202.099s][info][gc,marking  ] GC(128) Concurrent Mark 58.464ms
[202.099s][info][gc,marking  ] GC(128) Concurrent Rebuild Remembered Sets and Scrub Regions
[202.123s][info][gc,marking  ] GC(128) Concurrent Rebuild Remembered Sets and Scrub Regions 23.460ms
[202.123s][info][gc,start    ] GC(128) Pause Cleanup
[202.123s][info][gc          ] GC(128) Pause Cleanup 69M->69M(115M) 0.132ms
[202.123s][info][gc,cpu      ] GC(128) User=0.00s Sys=0.00s Real=0.00s
[202.123s][info][gc,marking  ] GC(128) Concurrent Clear Claimed Marks
[202.123s][info][gc,marking  ] GC(128) Concurrent Clear Claimed Marks 0.102ms
[202.123s][info][gc,marking  ] GC(128) Concurrent Cleanup for Next Mark
[202.123s][info][gc,marking  ] GC(128) Concurrent Cleanup for Next Mark 0.225ms
[202.124s][info][gc          ] GC(128) Concurrent Mark Cycle 84.542ms
[202.220s][info][gc,start    ] GC(129) Pause Young (Prepare Mixed) (G1 Evacuation Pause)
[202.220s][info][gc,task     ] GC(129) Using 8 workers of 8 for evacuation
[202.223s][info][gc,phases   ] GC(129)   Pre Evacuate Collection Set: 0.1ms
[202.223s][info][gc,phases   ] GC(129)   Merge Heap Roots: 0.1ms
[202.223s][info][gc,phases   ] GC(129)   Evacuate Collection Set: 2.3ms
[202.223s][info][gc,phases   ] GC(129)   Post Evacuate Collection Set: 0.4ms
[202.223s][info][gc,phases   ] GC(129)   Other: 0.1ms
[202.223s][info][gc,heap     ] GC(129) Eden regions: 58->0(56)
[202.223s][info][gc,heap     ] GC(129) Survivor regions: 3->4(8)
[202.223s][info][gc,heap     ] GC(129) Old regions: 42->42
[202.223s][info][gc,heap     ] GC(129) Humongous regions: 2->2
[202.223s][info][gc,metaspace] GC(129) Metaspace: 84942K(85824K)->84942K(85824K) NonClass: 73905K(74368K)->73905K(74368K) Class: 11036K(11456K)->11036K(11456K)
[202.223s][info][gc          ] GC(129) Pause Young (Prepare Mixed) (G1 Evacuation Pause) 104M->46M(115M) 3.338ms
[202.223s][info][gc,cpu      ] GC(129) User=0.00s Sys=0.00s Real=0.00s
[202.348s][info][gc,start    ] GC(130) Pause Young (Mixed) (G1 Evacuation Pause)
[202.348s][info][gc,task     ] GC(130) Using 8 workers of 8 for evacuation
[202.352s][info][gc,phases   ] GC(130)   Pre Evacuate Collection Set: 0.1ms
[202.352s][info][gc,phases   ] GC(130)   Merge Heap Roots: 0.1ms
[202.352s][info][gc,phases   ] GC(130)   Evacuate Collection Set: 3.4ms
[202.352s][info][gc,phases   ] GC(130)   Post Evacuate Collection Set: 0.5ms
[202.353s][info][gc,phases   ] GC(130)   Other: 0.1ms
[202.353s][info][gc,heap     ] GC(130) Eden regions: 56->0(57)
[202.353s][info][gc,heap     ] GC(130) Survivor regions: 4->4(8)
[202.353s][info][gc,heap     ] GC(130) Old regions: 42->41
[202.353s][info][gc,heap     ] GC(130) Humongous regions: 2->2
[202.353s][info][gc,metaspace] GC(130) Metaspace: 84942K(85824K)->84942K(85824K) NonClass: 73905K(74368K)->73905K(74368K) Class: 11036K(11456K)->11036K(11456K)
[202.353s][info][gc          ] GC(130) Pause Young (Mixed) (G1 Evacuation Pause) 102M->46M(115M) 4.509ms
[202.353s][info][gc,cpu      ] GC(130) User=0.00s Sys=0.00s Real=0.01s
[202.482s][info][gc,start    ] GC(131) Pause Young (Concurrent Start) (G1 Evacuation Pause)
[202.482s][info][gc,task     ] GC(131) Using 8 workers of 8 for evacuation
[202.485s][info][gc,phases   ] GC(131)   Pre Evacuate Collection Set: 0.1ms
[202.485s][info][gc,phases   ] GC(131)   Merge Heap Roots: 0.1ms
[202.485s][info][gc,phases   ] GC(131)   Evacuate Collection Set: 2.2ms
[202.485s][info][gc,phases   ] GC(131)   Post Evacuate Collection Set: 0.4ms
[202.485s][info][gc,phases   ] GC(131)   Other: 0.1ms
[202.485s][info][gc,heap     ] GC(131) Eden regions: 57->0(58)
[202.485s][info][gc,heap     ] GC(131) Survivor regions: 4->3(8)
[202.485s][info][gc,heap     ] GC(131) Old regions: 41->42
[202.485s][info][gc,heap     ] GC(131) Humongous regions: 2->2
[202.485s][info][gc,metaspace] GC(131) Metaspace: 84942K(85824K)->84942K(85824K) NonClass: 73905K(74368K)->73905K(74368K) Class: 11036K(11456K)->11036K(11456K)
[202.485s][info][gc          ] GC(131) Pause Young (Concurrent Start) (G1 Evacuation Pause) 103M->46M(115M) 3.371ms
[202.485s][info][gc          ] GC(132) Concurrent Mark Cycle
[202.485s][info][gc,cpu      ] GC(131) User=0.00s Sys=0.00s Real=0.00s
[202.485s][info][gc,marking  ] GC(132) Concurrent Scan Root Regions
[202.488s][info][gc,marking  ] GC(132) Concurrent Scan Root Regions 2.184ms
[202.488s][info][gc,marking  ] GC(132) Concurrent Mark
[202.488s][info][gc,marking  ] GC(132) Concurrent Mark From Roots
[202.488s][info][gc,task     ] GC(132) Using 2 workers of 2 for marking
[202.541s][info][gc,marking  ] GC(132) Concurrent Mark From Roots 53.097ms
[202.541s][info][gc,marking  ] GC(132) Concurrent Preclean
[202.541s][info][gc,marking  ] GC(132) Concurrent Preclean 0.164ms
[202.541s][info][gc,start    ] GC(132) Pause Remark
[202.546s][info][gc          ] GC(132) Pause Remark 71M->71M(122M) 5.083ms
[202.546s][info][gc,cpu      ] GC(132) User=0.12s Sys=0.00s Real=0.00s
[202.546s][info][gc,marking  ] GC(132) Concurrent Mark 58.662ms
[202.546s][info][gc,marking  ] GC(132) Concurrent Rebuild Remembered Sets and Scrub Regions
[202.564s][info][gc,marking  ] GC(132) Concurrent Rebuild Remembered Sets and Scrub Regions 17.205ms
[202.564s][info][gc,start    ] GC(132) Pause Cleanup
[202.564s][info][gc          ] GC(132) Pause Cleanup 77M->77M(122M) 0.171ms
[202.564s][info][gc,cpu      ] GC(132) User=0.00s Sys=0.00s Real=0.00s
[202.564s][info][gc,marking  ] GC(132) Concurrent Clear Claimed Marks
[202.564s][info][gc,marking  ] GC(132) Concurrent Clear Claimed Marks 0.109ms
[202.564s][info][gc,marking  ] GC(132) Concurrent Cleanup for Next Mark
[202.564s][info][gc,marking  ] GC(132) Concurrent Cleanup for Next Mark 0.258ms
[202.565s][info][gc          ] GC(132) Concurrent Mark Cycle 79.105ms
[202.626s][info][gc,start    ] GC(133) Pause Young (Prepare Mixed) (G1 Evacuation Pause)
[202.626s][info][gc,task     ] GC(133) Using 8 workers of 8 for evacuation
[202.628s][info][gc,phases   ] GC(133)   Pre Evacuate Collection Set: 0.1ms
[202.628s][info][gc,phases   ] GC(133)   Merge Heap Roots: 0.1ms
[202.628s][info][gc,phases   ] GC(133)   Evacuate Collection Set: 1.7ms
[202.628s][info][gc,phases   ] GC(133)   Post Evacuate Collection Set: 0.4ms
[202.629s][info][gc,phases   ] GC(133)   Other: 0.1ms
[202.629s][info][gc,heap     ] GC(133) Eden regions: 58->0(65)
[202.629s][info][gc,heap     ] GC(133) Survivor regions: 3->3(8)
[202.629s][info][gc,heap     ] GC(133) Old regions: 42->42
[202.629s][info][gc,heap     ] GC(133) Humongous regions: 2->2
[202.629s][info][gc,metaspace] GC(133) Metaspace: 84942K(85824K)->84942K(85824K) NonClass: 73905K(74368K)->73905K(74368K) Class: 11036K(11456K)->11036K(11456K)
[202.629s][info][gc          ] GC(133) Pause Young (Prepare Mixed) (G1 Evacuation Pause) 104M->46M(122M) 2.696ms
[202.629s][info][gc,cpu      ] GC(133) User=0.00s Sys=0.00s Real=0.00s
[202.792s][info][gc,start    ] GC(134) Pause Young (Mixed) (G1 Evacuation Pause)
[202.792s][info][gc,task     ] GC(134) Using 8 workers of 8 for evacuation
[202.795s][info][gc,phases   ] GC(134)   Pre Evacuate Collection Set: 0.1ms
[202.795s][info][gc,phases   ] GC(134)   Merge Heap Roots: 0.1ms
[202.795s][info][gc,phases   ] GC(134)   Evacuate Collection Set: 2.3ms
[202.795s][info][gc,phases   ] GC(134)   Post Evacuate Collection Set: 0.5ms
[202.795s][info][gc,phases   ] GC(134)   Other: 0.1ms
[202.795s][info][gc,heap     ] GC(134) Eden regions: 65->0(65)
[202.795s][info][gc,heap     ] GC(134) Survivor regions: 3->3(9)
[202.795s][info][gc,heap     ] GC(134) Old regions: 42->42
[202.795s][info][gc,heap     ] GC(134) Humongous regions: 2->2
[202.795s][info][gc,metaspace] GC(134) Metaspace: 84942K(85824K)->84942K(85824K) NonClass: 73905K(74368K)->73905K(74368K) Class: 11036K(11456K)->11036K(11456K)
[202.795s][info][gc          ] GC(134) Pause Young (Mixed) (G1 Evacuation Pause) 111M->46M(122M) 3.393ms
[202.795s][info][gc,cpu      ] GC(134) User=0.11s Sys=0.00s Real=0.00s
[202.959s][info][gc,start    ] GC(135) Pause Young (Concurrent Start) (G1 Evacuation Pause)
[202.959s][info][gc,task     ] GC(135) Using 8 workers of 8 for evacuation
[202.962s][info][gc,phases   ] GC(135)   Pre Evacuate Collection Set: 0.1ms
[202.962s][info][gc,phases   ] GC(135)   Merge Heap Roots: 0.1ms
[202.962s][info][gc,phases   ] GC(135)   Evacuate Collection Set: 2.1ms
[202.962s][info][gc,phases   ] GC(135)   Post Evacuate Collection Set: 0.4ms
[202.962s][info][gc,phases   ] GC(135)   Other: 0.1ms
[202.962s][info][gc,heap     ] GC(135) Eden regions: 65->0(65)
[202.962s][info][gc,heap     ] GC(135) Survivor regions: 3->3(9)
[202.962s][info][gc,heap     ] GC(135) Old regions: 42->42
[202.962s][info][gc,heap     ] GC(135) Humongous regions: 2->2
[202.962s][info][gc,metaspace] GC(135) Metaspace: 84944K(85824K)->84944K(85824K) NonClass: 73907K(74368K)->73907K(74368K) Class: 11036K(11456K)->11036K(11456K)
[202.962s][info][gc          ] GC(135) Pause Young (Concurrent Start) (G1 Evacuation Pause) 111M->46M(122M) 3.182ms
[202.962s][info][gc          ] GC(136) Concurrent Mark Cycle
[202.962s][info][gc,cpu      ] GC(135) User=0.00s Sys=0.00s Real=0.00s
[202.962s][info][gc,marking  ] GC(136) Concurrent Scan Root Regions
[202.966s][info][gc,marking  ] GC(136) Concurrent Scan Root Regions 3.624ms
[202.966s][info][gc,marking  ] GC(136) Concurrent Mark
[202.966s][info][gc,marking  ] GC(136) Concurrent Mark From Roots
[202.966s][info][gc,task     ] GC(136) Using 2 workers of 2 for marking
[203.023s][info][gc,marking  ] GC(136) Concurrent Mark From Roots 56.851ms
[203.023s][info][gc,marking  ] GC(136) Concurrent Preclean
[203.023s][info][gc,marking  ] GC(136) Concurrent Preclean 0.160ms
[203.023s][info][gc,start    ] GC(136) Pause Remark
[203.027s][info][gc          ] GC(136) Pause Remark 67M->67M(122M) 3.805ms
[203.027s][info][gc,cpu      ] GC(136) User=0.00s Sys=0.00s Real=0.00s
[203.027s][info][gc,marking  ] GC(136) Concurrent Mark 61.172ms
[203.027s][info][gc,marking  ] GC(136) Concurrent Rebuild Remembered Sets and Scrub Regions
[203.044s][info][gc,marking  ] GC(136) Concurrent Rebuild Remembered Sets and Scrub Regions 17.221ms
[203.045s][info][gc,start    ] GC(136) Pause Cleanup
[203.045s][info][gc          ] GC(136) Pause Cleanup 76M->76M(122M) 0.133ms
[203.045s][info][gc,cpu      ] GC(136) User=0.00s Sys=0.00s Real=0.00s
[203.045s][info][gc,marking  ] GC(136) Concurrent Clear Claimed Marks
[203.045s][info][gc,marking  ] GC(136) Concurrent Clear Claimed Marks 0.135ms
[203.045s][info][gc,marking  ] GC(136) Concurrent Cleanup for Next Mark
[203.045s][info][gc,marking  ] GC(136) Concurrent Cleanup for Next Mark 0.434ms
[203.045s][info][gc          ] GC(136) Concurrent Mark Cycle 83.355ms
[203.125s][info][gc,start    ] GC(137) Pause Young (Prepare Mixed) (G1 Evacuation Pause)
[203.125s][info][gc,task     ] GC(137) Using 8 workers of 8 for evacuation
[203.127s][info][gc,phases   ] GC(137)   Pre Evacuate Collection Set: 0.1ms
[203.127s][info][gc,phases   ] GC(137)   Merge Heap Roots: 0.1ms
[203.127s][info][gc,phases   ] GC(137)   Evacuate Collection Set: 1.8ms
[203.127s][info][gc,phases   ] GC(137)   Post Evacuate Collection Set: 0.5ms
[203.127s][info][gc,phases   ] GC(137)   Other: 0.1ms
[203.127s][info][gc,heap     ] GC(137) Eden regions: 65->0(64)
[203.127s][info][gc,heap     ] GC(137) Survivor regions: 3->3(9)
[203.127s][info][gc,heap     ] GC(137) Old regions: 42->43
[203.127s][info][gc,heap     ] GC(137) Humongous regions: 2->2
[203.127s][info][gc,metaspace] GC(137) Metaspace: 84944K(85824K)->84944K(85824K) NonClass: 73907K(74368K)->73907K(74368K) Class: 11036K(11456K)->11036K(11456K)
[203.128s][info][gc          ] GC(137) Pause Young (Prepare Mixed) (G1 Evacuation Pause) 111M->47M(122M) 2.957ms
[203.128s][info][gc,cpu      ] GC(137) User=0.00s Sys=0.00s Real=0.00s
[203.274s][info][gc,start    ] GC(138) Pause Young (Mixed) (G1 Evacuation Pause)
[203.274s][info][gc,task     ] GC(138) Using 8 workers of 8 for evacuation
[203.279s][info][gc,phases   ] GC(138)   Pre Evacuate Collection Set: 0.1ms
[203.279s][info][gc,phases   ] GC(138)   Merge Heap Roots: 0.1ms
[203.279s][info][gc,phases   ] GC(138)   Evacuate Collection Set: 3.8ms
[203.279s][info][gc,phases   ] GC(138)   Post Evacuate Collection Set: 0.4ms
[203.279s][info][gc,phases   ] GC(138)   Other: 0.1ms
[203.279s][info][gc,heap     ] GC(138) Eden regions: 64->0(63)
[203.279s][info][gc,heap     ] GC(138) Survivor regions: 3->4(9)
[203.279s][info][gc,heap     ] GC(138) Old regions: 43->42
[203.279s][info][gc,heap     ] GC(138) Humongous regions: 2->2
[203.279s][info][gc,metaspace] GC(138) Metaspace: 84944K(85824K)->84944K(85824K) NonClass: 73907K(74368K)->73907K(74368K) Class: 11036K(11456K)->11036K(11456K)
[203.279s][info][gc          ] GC(138) Pause Young (Mixed) (G1 Evacuation Pause) 111M->47M(122M) 5.063ms
[203.279s][info][gc,cpu      ] GC(138) User=0.05s Sys=0.02s Real=0.00s
[203.468s][info][gc,start    ] GC(139) Pause Young (Concurrent Start) (G1 Evacuation Pause)
[203.468s][info][gc,task     ] GC(139) Using 8 workers of 8 for evacuation
[203.473s][info][gc,phases   ] GC(139)   Pre Evacuate Collection Set: 0.2ms
[203.473s][info][gc,phases   ] GC(139)   Merge Heap Roots: 0.1ms
[203.473s][info][gc,phases   ] GC(139)   Evacuate Collection Set: 4.1ms
[203.473s][info][gc,phases   ] GC(139)   Post Evacuate Collection Set: 0.4ms
[203.473s][info][gc,phases   ] GC(139)   Other: 0.2ms
[203.473s][info][gc,heap     ] GC(139) Eden regions: 63->0(64)
[203.473s][info][gc,heap     ] GC(139) Survivor regions: 4->3(9)
[203.473s][info][gc,heap     ] GC(139) Old regions: 42->43
[203.473s][info][gc,heap     ] GC(139) Humongous regions: 2->2
[203.473s][info][gc,metaspace] GC(139) Metaspace: 84944K(85824K)->84944K(85824K) NonClass: 73907K(74368K)->73907K(74368K) Class: 11036K(11456K)->11036K(11456K)
[203.473s][info][gc          ] GC(139) Pause Young (Concurrent Start) (G1 Evacuation Pause) 110M->46M(122M) 5.502ms
[203.473s][info][gc          ] GC(140) Concurrent Mark Cycle
[203.473s][info][gc,cpu      ] GC(139) User=0.00s Sys=0.00s Real=0.01s
[203.473s][info][gc,marking  ] GC(140) Concurrent Scan Root Regions
[203.475s][info][gc,marking  ] GC(140) Concurrent Scan Root Regions 2.273ms
[203.476s][info][gc,marking  ] GC(140) Concurrent Mark
[203.476s][info][gc,marking  ] GC(140) Concurrent Mark From Roots
[203.476s][info][gc,task     ] GC(140) Using 2 workers of 2 for marking
[203.547s][info][gc,marking  ] GC(140) Concurrent Mark From Roots 70.970ms
[203.547s][info][gc,marking  ] GC(140) Concurrent Preclean
[203.547s][info][gc,marking  ] GC(140) Concurrent Preclean 0.196ms
[203.547s][info][gc,start    ] GC(140) Pause Remark
[203.553s][info][gc          ] GC(140) Pause Remark 62M->62M(122M) 5.851ms
[203.553s][info][gc,cpu      ] GC(140) User=0.00s Sys=0.00s Real=0.01s
[203.553s][info][gc,marking  ] GC(140) Concurrent Mark 77.419ms
[203.553s][info][gc,marking  ] GC(140) Concurrent Rebuild Remembered Sets and Scrub Regions
[203.573s][info][gc,marking  ] GC(140) Concurrent Rebuild Remembered Sets and Scrub Regions 20.088ms
[203.573s][info][gc,start    ] GC(140) Pause Cleanup
[203.573s][info][gc          ] GC(140) Pause Cleanup 68M->68M(122M) 0.152ms
[203.573s][info][gc,cpu      ] GC(140) User=0.00s Sys=0.00s Real=0.00s
[203.573s][info][gc,marking  ] GC(140) Concurrent Clear Claimed Marks
[203.574s][info][gc,marking  ] GC(140) Concurrent Clear Claimed Marks 0.103ms
[203.574s][info][gc,marking  ] GC(140) Concurrent Cleanup for Next Mark
[203.574s][info][gc,marking  ] GC(140) Concurrent Cleanup for Next Mark 0.230ms
[203.574s][info][gc          ] GC(140) Concurrent Mark Cycle 100.824ms
[203.665s][info][gc,start    ] GC(141) Pause Young (Prepare Mixed) (G1 Evacuation Pause)
[203.665s][info][gc,task     ] GC(141) Using 8 workers of 8 for evacuation
[203.667s][info][gc,phases   ] GC(141)   Pre Evacuate Collection Set: 0.1ms
[203.667s][info][gc,phases   ] GC(141)   Merge Heap Roots: 0.1ms
[203.667s][info][gc,phases   ] GC(141)   Evacuate Collection Set: 1.7ms
[203.667s][info][gc,phases   ] GC(141)   Post Evacuate Collection Set: 0.5ms
[203.667s][info][gc,phases   ] GC(141)   Other: 0.1ms
[203.667s][info][gc,heap     ] GC(141) Eden regions: 64->0(64)
[203.667s][info][gc,heap     ] GC(141) Survivor regions: 3->3(9)
[203.667s][info][gc,heap     ] GC(141) Old regions: 43->43
[203.667s][info][gc,heap     ] GC(141) Humongous regions: 2->2
[203.667s][info][gc,metaspace] GC(141) Metaspace: 84944K(85824K)->84944K(85824K) NonClass: 73907K(74368K)->73907K(74368K) Class: 11036K(11456K)->11036K(11456K)
[203.667s][info][gc          ] GC(141) Pause Young (Prepare Mixed) (G1 Evacuation Pause) 110M->47M(122M) 2.907ms
[203.668s][info][gc,cpu      ] GC(141) User=0.00s Sys=0.00s Real=0.00s
[203.840s][info][gc,start    ] GC(142) Pause Young (Mixed) (G1 Evacuation Pause)
[203.840s][info][gc,task     ] GC(142) Using 8 workers of 8 for evacuation
[203.844s][info][gc,phases   ] GC(142)   Pre Evacuate Collection Set: 0.1ms
[203.844s][info][gc,phases   ] GC(142)   Merge Heap Roots: 0.1ms
[203.844s][info][gc,phases   ] GC(142)   Evacuate Collection Set: 3.6ms
[203.845s][info][gc,phases   ] GC(142)   Post Evacuate Collection Set: 0.4ms
[203.845s][info][gc,phases   ] GC(142)   Other: 0.1ms
[203.845s][info][gc,heap     ] GC(142) Eden regions: 64->0(62)
[203.845s][info][gc,heap     ] GC(142) Survivor regions: 3->4(9)
[203.845s][info][gc,heap     ] GC(142) Old regions: 43->43
[203.845s][info][gc,heap     ] GC(142) Humongous regions: 2->2
[203.845s][info][gc,metaspace] GC(142) Metaspace: 84944K(85824K)->84944K(85824K) NonClass: 73907K(74368K)->73907K(74368K) Class: 11036K(11456K)->11036K(11456K)
[203.845s][info][gc          ] GC(142) Pause Young (Mixed) (G1 Evacuation Pause) 111M->47M(122M) 4.899ms
[203.845s][info][gc,cpu      ] GC(142) User=0.09s Sys=0.00s Real=0.00s
[204.010s][info][gc,start    ] GC(143) Pause Young (Concurrent Start) (G1 Evacuation Pause)
[204.010s][info][gc,task     ] GC(143) Using 8 workers of 8 for evacuation
[204.014s][info][gc,phases   ] GC(143)   Pre Evacuate Collection Set: 0.1ms
[204.014s][info][gc,phases   ] GC(143)   Merge Heap Roots: 0.1ms
[204.014s][info][gc,phases   ] GC(143)   Evacuate Collection Set: 2.6ms
[204.014s][info][gc,phases   ] GC(143)   Post Evacuate Collection Set: 0.6ms
[204.014s][info][gc,phases   ] GC(143)   Other: 0.1ms
[204.014s][info][gc,heap     ] GC(143) Eden regions: 62->0(64)
[204.014s][info][gc,heap     ] GC(143) Survivor regions: 4->3(9)
[204.014s][info][gc,heap     ] GC(143) Old regions: 43->43
[204.014s][info][gc,heap     ] GC(143) Humongous regions: 2->2
[204.014s][info][gc,metaspace] GC(143) Metaspace: 84944K(85824K)->84944K(85824K) NonClass: 73907K(74368K)->73907K(74368K) Class: 11036K(11456K)->11036K(11456K)
[204.014s][info][gc          ] GC(143) Pause Young (Concurrent Start) (G1 Evacuation Pause) 109M->47M(122M) 3.950ms
[204.014s][info][gc,cpu      ] GC(143) User=0.11s Sys=0.00s Real=0.00s
[204.014s][info][gc          ] GC(144) Concurrent Mark Cycle
[204.014s][info][gc,marking  ] GC(144) Concurrent Scan Root Regions
[204.016s][info][gc,marking  ] GC(144) Concurrent Scan Root Regions 2.145ms
[204.016s][info][gc,marking  ] GC(144) Concurrent Mark
[204.016s][info][gc,marking  ] GC(144) Concurrent Mark From Roots
[204.016s][info][gc,task     ] GC(144) Using 2 workers of 2 for marking
[204.076s][info][gc,marking  ] GC(144) Concurrent Mark From Roots 59.588ms
[204.076s][info][gc,marking  ] GC(144) Concurrent Preclean
[204.076s][info][gc,marking  ] GC(144) Concurrent Preclean 0.364ms
[204.077s][info][gc,start    ] GC(144) Pause Remark
[204.082s][info][gc          ] GC(144) Pause Remark 66M->66M(122M) 5.209ms
[204.082s][info][gc,cpu      ] GC(144) User=0.00s Sys=0.00s Real=0.00s
[204.082s][info][gc,marking  ] GC(144) Concurrent Mark 65.593ms
[204.082s][info][gc,marking  ] GC(144) Concurrent Rebuild Remembered Sets and Scrub Regions
[204.108s][info][gc,marking  ] GC(144) Concurrent Rebuild Remembered Sets and Scrub Regions 26.125ms
[204.108s][info][gc,start    ] GC(144) Pause Cleanup
[204.108s][info][gc          ] GC(144) Pause Cleanup 72M->72M(122M) 0.166ms
[204.108s][info][gc,cpu      ] GC(144) User=0.00s Sys=0.00s Real=0.00s
[204.109s][info][gc,marking  ] GC(144) Concurrent Clear Claimed Marks
[204.109s][info][gc,marking  ] GC(144) Concurrent Clear Claimed Marks 0.126ms
[204.109s][info][gc,marking  ] GC(144) Concurrent Cleanup for Next Mark
[204.109s][info][gc,marking  ] GC(144) Concurrent Cleanup for Next Mark 0.282ms
[204.109s][info][gc          ] GC(144) Concurrent Mark Cycle 95.074ms
[204.201s][info][gc,start    ] GC(145) Pause Young (Normal) (G1 Evacuation Pause)
[204.201s][info][gc,task     ] GC(145) Using 8 workers of 8 for evacuation
[204.204s][info][gc,phases   ] GC(145)   Pre Evacuate Collection Set: 0.1ms
[204.204s][info][gc,phases   ] GC(145)   Merge Heap Roots: 0.2ms
[204.204s][info][gc,phases   ] GC(145)   Evacuate Collection Set: 2.3ms
[204.204s][info][gc,phases   ] GC(145)   Post Evacuate Collection Set: 0.4ms
[204.204s][info][gc,phases   ] GC(145)   Other: 0.1ms
[204.204s][info][gc,heap     ] GC(145) Eden regions: 64->0(62)
[204.204s][info][gc,heap     ] GC(145) Survivor regions: 3->4(9)
[204.205s][info][gc,heap     ] GC(145) Old regions: 43->43
[204.205s][info][gc,heap     ] GC(145) Humongous regions: 2->2
[204.205s][info][gc,metaspace] GC(145) Metaspace: 84944K(85824K)->84944K(85824K) NonClass: 73907K(74368K)->73907K(74368K) Class: 11036K(11456K)->11036K(11456K)
[204.205s][info][gc          ] GC(145) Pause Young (Normal) (G1 Evacuation Pause) 111M->47M(122M) 3.466ms
[204.205s][info][gc,cpu      ] GC(145) User=0.00s Sys=0.00s Real=0.00s
[204.348s][info][gc,start    ] GC(146) Pause Young (Concurrent Start) (G1 Evacuation Pause)
[204.348s][info][gc,task     ] GC(146) Using 8 workers of 8 for evacuation
[204.352s][info][gc,phases   ] GC(146)   Pre Evacuate Collection Set: 0.2ms
[204.352s][info][gc,phases   ] GC(146)   Merge Heap Roots: 0.1ms
[204.352s][info][gc,phases   ] GC(146)   Evacuate Collection Set: 2.2ms
[204.352s][info][gc,phases   ] GC(146)   Post Evacuate Collection Set: 0.5ms
[204.352s][info][gc,phases   ] GC(146)   Other: 0.1ms
[204.352s][info][gc,heap     ] GC(146) Eden regions: 62->0(63)
[204.352s][info][gc,heap     ] GC(146) Survivor regions: 4->3(9)
[204.352s][info][gc,heap     ] GC(146) Old regions: 43->44
[204.352s][info][gc,heap     ] GC(146) Humongous regions: 2->2
[204.352s][info][gc,metaspace] GC(146) Metaspace: 84944K(85824K)->84944K(85824K) NonClass: 73907K(74368K)->73907K(74368K) Class: 11036K(11456K)->11036K(11456K)
[204.352s][info][gc          ] GC(146) Pause Young (Concurrent Start) (G1 Evacuation Pause) 109M->48M(122M) 3.601ms
[204.352s][info][gc          ] GC(147) Concurrent Mark Cycle
[204.352s][info][gc,cpu      ] GC(146) User=0.00s Sys=0.00s Real=0.00s
[204.352s][info][gc,marking  ] GC(147) Concurrent Scan Root Regions
[204.355s][info][gc,marking  ] GC(147) Concurrent Scan Root Regions 2.851ms
[204.355s][info][gc,marking  ] GC(147) Concurrent Mark
[204.355s][info][gc,marking  ] GC(147) Concurrent Mark From Roots
[204.355s][info][gc,task     ] GC(147) Using 2 workers of 2 for marking
[204.421s][info][gc,marking  ] GC(147) Concurrent Mark From Roots 66.208ms
[204.421s][info][gc,marking  ] GC(147) Concurrent Preclean
[204.421s][info][gc,marking  ] GC(147) Concurrent Preclean 0.174ms
[204.422s][info][gc,start    ] GC(147) Pause Remark
[204.426s][info][gc          ] GC(147) Pause Remark 68M->68M(122M) 4.304ms
[204.426s][info][gc,cpu      ] GC(147) User=0.00s Sys=0.00s Real=0.00s
[204.426s][info][gc,marking  ] GC(147) Concurrent Mark 71.004ms
[204.426s][info][gc,marking  ] GC(147) Concurrent Rebuild Remembered Sets and Scrub Regions
[204.442s][info][gc,marking  ] GC(147) Concurrent Rebuild Remembered Sets and Scrub Regions 16.178ms
[204.442s][info][gc,start    ] GC(147) Pause Cleanup
[204.442s][info][gc          ] GC(147) Pause Cleanup 75M->75M(122M) 0.114ms
[204.442s][info][gc,cpu      ] GC(147) User=0.00s Sys=0.00s Real=0.00s
[204.443s][info][gc,marking  ] GC(147) Concurrent Clear Claimed Marks
[204.443s][info][gc,marking  ] GC(147) Concurrent Clear Claimed Marks 0.092ms
[204.443s][info][gc,marking  ] GC(147) Concurrent Cleanup for Next Mark
[204.443s][info][gc,marking  ] GC(147) Concurrent Cleanup for Next Mark 0.189ms
[204.443s][info][gc          ] GC(147) Concurrent Mark Cycle 90.858ms
[204.533s][info][gc,start    ] GC(148) Pause Young (Normal) (G1 Evacuation Pause)
[204.533s][info][gc,task     ] GC(148) Using 8 workers of 8 for evacuation
[204.537s][info][gc,phases   ] GC(148)   Pre Evacuate Collection Set: 0.1ms
[204.537s][info][gc,phases   ] GC(148)   Merge Heap Roots: 0.1ms
[204.537s][info][gc,phases   ] GC(148)   Evacuate Collection Set: 2.6ms
[204.537s][info][gc,phases   ] GC(148)   Post Evacuate Collection Set: 0.5ms
[204.537s][info][gc,phases   ] GC(148)   Other: 0.1ms
[204.537s][info][gc,heap     ] GC(148) Eden regions: 63->0(63)
[204.537s][info][gc,heap     ] GC(148) Survivor regions: 3->3(9)
[204.537s][info][gc,heap     ] GC(148) Old regions: 44->44
[204.537s][info][gc,heap     ] GC(148) Humongous regions: 2->2
[204.537s][info][gc,metaspace] GC(148) Metaspace: 84944K(85824K)->84944K(85824K) NonClass: 73907K(74368K)->73907K(74368K) Class: 11036K(11456K)->11036K(11456K)
[204.537s][info][gc          ] GC(148) Pause Young (Normal) (G1 Evacuation Pause) 111M->48M(122M) 3.868ms
[204.537s][info][gc,cpu      ] GC(148) User=0.00s Sys=0.00s Real=0.00s
[204.678s][info][gc,start    ] GC(149) Pause Young (Concurrent Start) (G1 Evacuation Pause)
[204.679s][info][gc,task     ] GC(149) Using 8 workers of 8 for evacuation
[204.682s][info][gc,phases   ] GC(149)   Pre Evacuate Collection Set: 0.2ms
[204.682s][info][gc,phases   ] GC(149)   Merge Heap Roots: 0.1ms
[204.682s][info][gc,phases   ] GC(149)   Evacuate Collection Set: 2.7ms
[204.682s][info][gc,phases   ] GC(149)   Post Evacuate Collection Set: 0.4ms
[204.682s][info][gc,phases   ] GC(149)   Other: 0.1ms
[204.682s][info][gc,heap     ] GC(149) Eden regions: 63->0(61)
[204.682s][info][gc,heap     ] GC(149) Survivor regions: 3->4(9)
[204.682s][info][gc,heap     ] GC(149) Old regions: 44->44
[204.682s][info][gc,heap     ] GC(149) Humongous regions: 2->2
[204.682s][info][gc,metaspace] GC(149) Metaspace: 84944K(85824K)->84944K(85824K) NonClass: 73907K(74368K)->73907K(74368K) Class: 11036K(11456K)->11036K(11456K)
[204.682s][info][gc          ] GC(149) Pause Young (Concurrent Start) (G1 Evacuation Pause) 111M->48M(122M) 3.975ms
[204.682s][info][gc,cpu      ] GC(149) User=0.00s Sys=0.00s Real=0.00s
[204.682s][info][gc          ] GC(150) Concurrent Mark Cycle
[204.683s][info][gc,marking  ] GC(150) Concurrent Scan Root Regions
[204.685s][info][gc,marking  ] GC(150) Concurrent Scan Root Regions 2.244ms
[204.685s][info][gc,marking  ] GC(150) Concurrent Mark
[204.685s][info][gc,marking  ] GC(150) Concurrent Mark From Roots
[204.685s][info][gc,task     ] GC(150) Using 2 workers of 2 for marking
[204.747s][info][gc,marking  ] GC(150) Concurrent Mark From Roots 61.692ms
[204.747s][info][gc,marking  ] GC(150) Concurrent Preclean
[204.747s][info][gc,marking  ] GC(150) Concurrent Preclean 0.403ms
[204.747s][info][gc,start    ] GC(150) Pause Remark
[204.754s][info][gc          ] GC(150) Pause Remark 69M->69M(122M) 6.936ms
[204.754s][info][gc,cpu      ] GC(150) User=0.00s Sys=0.00s Real=0.01s
[204.754s][info][gc,marking  ] GC(150) Concurrent Mark 69.522ms
[204.754s][info][gc,marking  ] GC(150) Concurrent Rebuild Remembered Sets and Scrub Regions
[204.780s][info][gc,marking  ] GC(150) Concurrent Rebuild Remembered Sets and Scrub Regions 25.357ms
[204.780s][info][gc,start    ] GC(150) Pause Cleanup
[204.780s][info][gc          ] GC(150) Pause Cleanup 75M->75M(122M) 0.258ms
[204.780s][info][gc,cpu      ] GC(150) User=0.00s Sys=0.00s Real=0.00s
[204.781s][info][gc,marking  ] GC(150) Concurrent Clear Claimed Marks
[204.781s][info][gc,marking  ] GC(150) Concurrent Clear Claimed Marks 0.226ms
[204.781s][info][gc,marking  ] GC(150) Concurrent Cleanup for Next Mark
[204.781s][info][gc,marking  ] GC(150) Concurrent Cleanup for Next Mark 0.274ms
[204.781s][info][gc          ] GC(150) Concurrent Mark Cycle 98.692ms
[204.887s][info][gc,start    ] GC(151) Pause Young (Normal) (G1 Evacuation Pause)
[204.887s][info][gc,task     ] GC(151) Using 8 workers of 8 for evacuation
[204.890s][info][gc,phases   ] GC(151)   Pre Evacuate Collection Set: 0.1ms
[204.890s][info][gc,phases   ] GC(151)   Merge Heap Roots: 0.1ms
[204.890s][info][gc,phases   ] GC(151)   Evacuate Collection Set: 2.1ms
[204.890s][info][gc,phases   ] GC(151)   Post Evacuate Collection Set: 0.4ms
[204.890s][info][gc,phases   ] GC(151)   Other: 0.1ms
[204.890s][info][gc,heap     ] GC(151) Eden regions: 61->0(61)
[204.890s][info][gc,heap     ] GC(151) Survivor regions: 4->4(9)
[204.890s][info][gc,heap     ] GC(151) Old regions: 44->44
[204.890s][info][gc,heap     ] GC(151) Humongous regions: 2->2
[204.890s][info][gc,metaspace] GC(151) Metaspace: 84944K(85824K)->84944K(85824K) NonClass: 73907K(74368K)->73907K(74368K) Class: 11036K(11456K)->11036K(11456K)
[204.890s][info][gc          ] GC(151) Pause Young (Normal) (G1 Evacuation Pause) 109M->48M(122M) 3.252ms
[204.890s][info][gc,cpu      ] GC(151) User=0.11s Sys=0.00s Real=0.00s
[205.038s][info][gc,start    ] GC(152) Pause Young (Concurrent Start) (G1 Evacuation Pause)
[205.038s][info][gc,task     ] GC(152) Using 8 workers of 8 for evacuation
[205.040s][info][gc,phases   ] GC(152)   Pre Evacuate Collection Set: 0.1ms
[205.040s][info][gc,phases   ] GC(152)   Merge Heap Roots: 0.0ms
[205.040s][info][gc,phases   ] GC(152)   Evacuate Collection Set: 1.7ms
[205.040s][info][gc,phases   ] GC(152)   Post Evacuate Collection Set: 0.3ms
[205.040s][info][gc,phases   ] GC(152)   Other: 0.1ms
[205.040s][info][gc,heap     ] GC(152) Eden regions: 61->0(61)
[205.040s][info][gc,heap     ] GC(152) Survivor regions: 4->4(9)
[205.040s][info][gc,heap     ] GC(152) Old regions: 44->44
[205.040s][info][gc,heap     ] GC(152) Humongous regions: 2->2
[205.040s][info][gc,metaspace] GC(152) Metaspace: 84944K(85824K)->84944K(85824K) NonClass: 73907K(74368K)->73907K(74368K) Class: 11036K(11456K)->11036K(11456K)
[205.040s][info][gc          ] GC(152) Pause Young (Concurrent Start) (G1 Evacuation Pause) 109M->49M(122M) 2.534ms
[205.041s][info][gc,cpu      ] GC(152) User=0.00s Sys=0.00s Real=0.00s
[205.041s][info][gc          ] GC(153) Concurrent Mark Cycle
[205.041s][info][gc,marking  ] GC(153) Concurrent Scan Root Regions
[205.042s][info][gc,marking  ] GC(153) Concurrent Scan Root Regions 1.391ms
[205.042s][info][gc,marking  ] GC(153) Concurrent Mark
[205.042s][info][gc,marking  ] GC(153) Concurrent Mark From Roots
[205.042s][info][gc,task     ] GC(153) Using 2 workers of 2 for marking
[205.109s][info][gc,marking  ] GC(153) Concurrent Mark From Roots 66.882ms
[205.109s][info][gc,marking  ] GC(153) Concurrent Preclean
[205.109s][info][gc,marking  ] GC(153) Concurrent Preclean 0.253ms
[205.109s][info][gc,start    ] GC(153) Pause Remark
[205.115s][info][gc          ] GC(153) Pause Remark 74M->74M(125M) 5.566ms
[205.115s][info][gc,cpu      ] GC(153) User=0.00s Sys=0.00s Real=0.01s
[205.115s][info][gc,marking  ] GC(153) Concurrent Mark 73.155ms
[205.115s][info][gc,marking  ] GC(153) Concurrent Rebuild Remembered Sets and Scrub Regions
[205.138s][info][gc,marking  ] GC(153) Concurrent Rebuild Remembered Sets and Scrub Regions 23.160ms
[205.139s][info][gc,start    ] GC(153) Pause Cleanup
[205.139s][info][gc          ] GC(153) Pause Cleanup 78M->78M(125M) 0.145ms
[205.139s][info][gc,cpu      ] GC(153) User=0.00s Sys=0.00s Real=0.00s
[205.139s][info][gc,marking  ] GC(153) Concurrent Clear Claimed Marks
[205.139s][info][gc,marking  ] GC(153) Concurrent Clear Claimed Marks 0.103ms
[205.139s][info][gc,marking  ] GC(153) Concurrent Cleanup for Next Mark
[205.139s][info][gc,marking  ] GC(153) Concurrent Cleanup for Next Mark 0.277ms
[205.139s][info][gc          ] GC(153) Concurrent Mark Cycle 98.858ms
[205.213s][info][gc,start    ] GC(154) Pause Young (Normal) (G1 Evacuation Pause)
[205.213s][info][gc,task     ] GC(154) Using 8 workers of 8 for evacuation
[205.217s][info][gc,phases   ] GC(154)   Pre Evacuate Collection Set: 0.2ms
[205.217s][info][gc,phases   ] GC(154)   Merge Heap Roots: 0.1ms
[205.217s][info][gc,phases   ] GC(154)   Evacuate Collection Set: 2.6ms
[205.217s][info][gc,phases   ] GC(154)   Post Evacuate Collection Set: 0.4ms
[205.217s][info][gc,phases   ] GC(154)   Other: 0.1ms
[205.217s][info][gc,heap     ] GC(154) Eden regions: 61->0(64)
[205.217s][info][gc,heap     ] GC(154) Survivor regions: 4->4(9)
[205.217s][info][gc,heap     ] GC(154) Old regions: 44->44
[205.217s][info][gc,heap     ] GC(154) Humongous regions: 2->2
[205.217s][info][gc,metaspace] GC(154) Metaspace: 84944K(85824K)->84944K(85824K) NonClass: 73907K(74368K)->73907K(74368K) Class: 11036K(11456K)->11036K(11456K)
[205.217s][info][gc          ] GC(154) Pause Young (Normal) (G1 Evacuation Pause) 110M->49M(125M) 3.961ms
[205.217s][info][gc,cpu      ] GC(154) User=0.11s Sys=0.00s Real=0.00s
[205.350s][info][gc,start    ] GC(155) Pause Young (Concurrent Start) (G1 Evacuation Pause)
[205.351s][info][gc,task     ] GC(155) Using 8 workers of 8 for evacuation
[205.355s][info][gc,phases   ] GC(155)   Pre Evacuate Collection Set: 0.2ms
[205.355s][info][gc,phases   ] GC(155)   Merge Heap Roots: 0.1ms
[205.355s][info][gc,phases   ] GC(155)   Evacuate Collection Set: 3.2ms
[205.355s][info][gc,phases   ] GC(155)   Post Evacuate Collection Set: 0.4ms
[205.355s][info][gc,phases   ] GC(155)   Other: 0.2ms
[205.355s][info][gc,heap     ] GC(155) Eden regions: 64->0(63)
[205.355s][info][gc,heap     ] GC(155) Survivor regions: 4->4(9)
[205.355s][info][gc,heap     ] GC(155) Old regions: 44->45
[205.355s][info][gc,heap     ] GC(155) Humongous regions: 2->2
[205.355s][info][gc,metaspace] GC(155) Metaspace: 84944K(85824K)->84944K(85824K) NonClass: 73907K(74368K)->73907K(74368K) Class: 11036K(11456K)->11036K(11456K)
[205.355s][info][gc          ] GC(155) Pause Young (Concurrent Start) (G1 Evacuation Pause) 113M->49M(125M) 4.486ms
[205.355s][info][gc,cpu      ] GC(155) User=0.00s Sys=0.00s Real=0.00s
[205.355s][info][gc          ] GC(156) Concurrent Mark Cycle
[205.355s][info][gc,marking  ] GC(156) Concurrent Scan Root Regions
[205.357s][info][gc,marking  ] GC(156) Concurrent Scan Root Regions 2.110ms
[205.357s][info][gc,marking  ] GC(156) Concurrent Mark
[205.357s][info][gc,marking  ] GC(156) Concurrent Mark From Roots
[205.357s][info][gc,task     ] GC(156) Using 2 workers of 2 for marking
[205.435s][info][gc,marking  ] GC(156) Concurrent Mark From Roots 77.769ms
[205.435s][info][gc,marking  ] GC(156) Concurrent Preclean
[205.435s][info][gc,marking  ] GC(156) Concurrent Preclean 0.357ms
[205.436s][info][gc,start    ] GC(156) Pause Remark
[205.441s][info][gc          ] GC(156) Pause Remark 67M->67M(125M) 5.054ms
[205.441s][info][gc,cpu      ] GC(156) User=0.00s Sys=0.00s Real=0.00s
[205.441s][info][gc,marking  ] GC(156) Concurrent Mark 83.670ms
[205.441s][info][gc,marking  ] GC(156) Concurrent Rebuild Remembered Sets and Scrub Regions
[205.459s][info][gc,marking  ] GC(156) Concurrent Rebuild Remembered Sets and Scrub Regions 17.882ms
[205.459s][info][gc,start    ] GC(156) Pause Cleanup
[205.459s][info][gc          ] GC(156) Pause Cleanup 68M->68M(125M) 0.124ms
[205.459s][info][gc,cpu      ] GC(156) User=0.00s Sys=0.00s Real=0.00s
[205.459s][info][gc,marking  ] GC(156) Concurrent Clear Claimed Marks
[205.459s][info][gc,marking  ] GC(156) Concurrent Clear Claimed Marks 0.094ms
[205.459s][info][gc,marking  ] GC(156) Concurrent Cleanup for Next Mark
[205.460s][info][gc,marking  ] GC(156) Concurrent Cleanup for Next Mark 0.216ms
[205.460s][info][gc          ] GC(156) Concurrent Mark Cycle 104.544ms
[215.517s][info][gc,start    ] GC(157) Pause Young (Normal) (G1 Evacuation Pause)
[215.517s][info][gc,task     ] GC(157) Using 8 workers of 8 for evacuation
[215.519s][info][gc,phases   ] GC(157)   Pre Evacuate Collection Set: 0.3ms
[215.519s][info][gc,phases   ] GC(157)   Merge Heap Roots: 0.1ms
[215.519s][info][gc,phases   ] GC(157)   Evacuate Collection Set: 1.0ms
[215.519s][info][gc,phases   ] GC(157)   Post Evacuate Collection Set: 0.5ms
[215.519s][info][gc,phases   ] GC(157)   Other: 0.1ms
[215.519s][info][gc,heap     ] GC(157) Eden regions: 63->0(67)
[215.519s][info][gc,heap     ] GC(157) Survivor regions: 4->2(9)
[215.519s][info][gc,heap     ] GC(157) Old regions: 45->45
[215.519s][info][gc,heap     ] GC(157) Humongous regions: 2->2
[215.519s][info][gc,metaspace] GC(157) Metaspace: 84949K(85824K)->84949K(85824K) NonClass: 73912K(74368K)->73912K(74368K) Class: 11036K(11456K)->11036K(11456K)
[215.519s][info][gc          ] GC(157) Pause Young (Normal) (G1 Evacuation Pause) 112M->47M(125M) 2.253ms
[215.519s][info][gc,cpu      ] GC(157) User=0.00s Sys=0.00s Real=0.00s
[215.638s][info][gc,start    ] GC(158) Pause Young (Concurrent Start) (G1 Evacuation Pause)
[215.639s][info][gc,task     ] GC(158) Using 8 workers of 8 for evacuation
[215.641s][info][gc,phases   ] GC(158)   Pre Evacuate Collection Set: 0.2ms
[215.641s][info][gc,phases   ] GC(158)   Merge Heap Roots: 0.1ms
[215.641s][info][gc,phases   ] GC(158)   Evacuate Collection Set: 1.2ms
[215.641s][info][gc,phases   ] GC(158)   Post Evacuate Collection Set: 0.4ms
[215.641s][info][gc,phases   ] GC(158)   Other: 0.2ms
[215.641s][info][gc,heap     ] GC(158) Eden regions: 67->0(67)
[215.641s][info][gc,heap     ] GC(158) Survivor regions: 2->2(9)
[215.641s][info][gc,heap     ] GC(158) Old regions: 45->45
[215.641s][info][gc,heap     ] GC(158) Humongous regions: 2->2
[215.641s][info][gc,metaspace] GC(158) Metaspace: 84949K(85824K)->84949K(85824K) NonClass: 73912K(74368K)->73912K(74368K) Class: 11036K(11456K)->11036K(11456K)
[215.641s][info][gc          ] GC(158) Pause Young (Concurrent Start) (G1 Evacuation Pause) 114M->47M(125M) 2.454ms
[215.641s][info][gc,cpu      ] GC(158) User=0.00s Sys=0.00s Real=0.00s
[215.641s][info][gc          ] GC(159) Concurrent Mark Cycle
[215.641s][info][gc,marking  ] GC(159) Concurrent Scan Root Regions
[215.643s][info][gc,marking  ] GC(159) Concurrent Scan Root Regions 1.616ms
[215.643s][info][gc,marking  ] GC(159) Concurrent Mark
[215.643s][info][gc,marking  ] GC(159) Concurrent Mark From Roots
[215.643s][info][gc,task     ] GC(159) Using 2 workers of 2 for marking
[215.691s][info][gc,marking  ] GC(159) Concurrent Mark From Roots 48.308ms
[215.691s][info][gc,marking  ] GC(159) Concurrent Preclean
[215.691s][info][gc,marking  ] GC(159) Concurrent Preclean 0.198ms
[215.691s][info][gc,start    ] GC(159) Pause Remark
[215.696s][info][gc          ] GC(159) Pause Remark 66M->66M(125M) 4.396ms
[215.696s][info][gc,cpu      ] GC(159) User=0.00s Sys=0.00s Real=0.00s
[215.696s][info][gc,marking  ] GC(159) Concurrent Mark 53.198ms
[215.696s][info][gc,marking  ] GC(159) Concurrent Rebuild Remembered Sets and Scrub Regions
[215.714s][info][gc,marking  ] GC(159) Concurrent Rebuild Remembered Sets and Scrub Regions 18.263ms
[215.714s][info][gc,start    ] GC(159) Pause Cleanup
[215.715s][info][gc          ] GC(159) Pause Cleanup 74M->74M(125M) 0.188ms
[215.715s][info][gc,cpu      ] GC(159) User=0.00s Sys=0.00s Real=0.00s
[215.715s][info][gc,marking  ] GC(159) Concurrent Clear Claimed Marks
[215.715s][info][gc,marking  ] GC(159) Concurrent Clear Claimed Marks 0.099ms
[215.715s][info][gc,marking  ] GC(159) Concurrent Cleanup for Next Mark
[215.715s][info][gc,marking  ] GC(159) Concurrent Cleanup for Next Mark 0.234ms
[215.715s][info][gc          ] GC(159) Concurrent Mark Cycle 74.105ms
[215.788s][info][gc,start    ] GC(160) Pause Young (Prepare Mixed) (G1 Evacuation Pause)
[215.788s][info][gc,task     ] GC(160) Using 8 workers of 8 for evacuation
[215.791s][info][gc,phases   ] GC(160)   Pre Evacuate Collection Set: 0.1ms
[215.791s][info][gc,phases   ] GC(160)   Merge Heap Roots: 0.1ms
[215.791s][info][gc,phases   ] GC(160)   Evacuate Collection Set: 2.0ms
[215.791s][info][gc,phases   ] GC(160)   Post Evacuate Collection Set: 0.4ms
[215.791s][info][gc,phases   ] GC(160)   Other: 0.1ms
[215.791s][info][gc,heap     ] GC(160) Eden regions: 67->0(67)
[215.791s][info][gc,heap     ] GC(160) Survivor regions: 2->2(9)
[215.791s][info][gc,heap     ] GC(160) Old regions: 45->45
[215.791s][info][gc,heap     ] GC(160) Humongous regions: 2->2
[215.791s][info][gc,metaspace] GC(160) Metaspace: 84949K(85824K)->84949K(85824K) NonClass: 73912K(74368K)->73912K(74368K) Class: 11036K(11456K)->11036K(11456K)
[215.791s][info][gc          ] GC(160) Pause Young (Prepare Mixed) (G1 Evacuation Pause) 114M->47M(125M) 3.241ms
[215.791s][info][gc,cpu      ] GC(160) User=0.00s Sys=0.00s Real=0.00s
[215.952s][info][gc,start    ] GC(161) Pause Young (Mixed) (G1 Evacuation Pause)
[215.952s][info][gc,task     ] GC(161) Using 8 workers of 8 for evacuation
[215.954s][info][gc,phases   ] GC(161)   Pre Evacuate Collection Set: 0.2ms
[215.954s][info][gc,phases   ] GC(161)   Merge Heap Roots: 0.1ms
[215.954s][info][gc,phases   ] GC(161)   Evacuate Collection Set: 1.4ms
[215.954s][info][gc,phases   ] GC(161)   Post Evacuate Collection Set: 0.4ms
[215.954s][info][gc,phases   ] GC(161)   Other: 0.1ms
[215.954s][info][gc,heap     ] GC(161) Eden regions: 67->0(68)
[215.954s][info][gc,heap     ] GC(161) Survivor regions: 2->2(9)
[215.954s][info][gc,heap     ] GC(161) Old regions: 45->44
[215.954s][info][gc,heap     ] GC(161) Humongous regions: 2->2
[215.954s][info][gc,metaspace] GC(161) Metaspace: 84949K(85824K)->84949K(85824K) NonClass: 73912K(74368K)->73912K(74368K) Class: 11036K(11456K)->11036K(11456K)
[215.954s][info][gc          ] GC(161) Pause Young (Mixed) (G1 Evacuation Pause) 114M->46M(125M) 2.486ms
[215.954s][info][gc,cpu      ] GC(161) User=0.00s Sys=0.00s Real=0.00s
[216.126s][info][gc,start    ] GC(162) Pause Young (Concurrent Start) (G1 Evacuation Pause)
[216.126s][info][gc,task     ] GC(162) Using 8 workers of 8 for evacuation
[216.128s][info][gc,phases   ] GC(162)   Pre Evacuate Collection Set: 0.2ms
[216.128s][info][gc,phases   ] GC(162)   Merge Heap Roots: 0.1ms
[216.128s][info][gc,phases   ] GC(162)   Evacuate Collection Set: 1.2ms
[216.128s][info][gc,phases   ] GC(162)   Post Evacuate Collection Set: 0.3ms
[216.128s][info][gc,phases   ] GC(162)   Other: 0.1ms
[216.128s][info][gc,heap     ] GC(162) Eden regions: 68->0(68)
[216.128s][info][gc,heap     ] GC(162) Survivor regions: 2->2(9)
[216.128s][info][gc,heap     ] GC(162) Old regions: 44->44
[216.128s][info][gc,heap     ] GC(162) Humongous regions: 2->2
[216.128s][info][gc,metaspace] GC(162) Metaspace: 84949K(85824K)->84949K(85824K) NonClass: 73912K(74368K)->73912K(74368K) Class: 11036K(11456K)->11036K(11456K)
[216.128s][info][gc          ] GC(162) Pause Young (Concurrent Start) (G1 Evacuation Pause) 114M->47M(125M) 2.112ms
[216.128s][info][gc,cpu      ] GC(162) User=0.00s Sys=0.00s Real=0.00s
[216.128s][info][gc          ] GC(163) Concurrent Mark Cycle
[216.128s][info][gc,marking  ] GC(163) Concurrent Scan Root Regions
[216.130s][info][gc,marking  ] GC(163) Concurrent Scan Root Regions 1.734ms
[216.130s][info][gc,marking  ] GC(163) Concurrent Mark
[216.130s][info][gc,marking  ] GC(163) Concurrent Mark From Roots
[216.130s][info][gc,task     ] GC(163) Using 2 workers of 2 for marking
[216.187s][info][gc,marking  ] GC(163) Concurrent Mark From Roots 56.832ms
[216.187s][info][gc,marking  ] GC(163) Concurrent Preclean
[216.187s][info][gc,marking  ] GC(163) Concurrent Preclean 0.235ms
[216.187s][info][gc,start    ] GC(163) Pause Remark
[216.193s][info][gc          ] GC(163) Pause Remark 66M->66M(125M) 5.986ms
[216.193s][info][gc,cpu      ] GC(163) User=0.00s Sys=0.00s Real=0.01s
[216.193s][info][gc,marking  ] GC(163) Concurrent Mark 63.459ms
[216.193s][info][gc,marking  ] GC(163) Concurrent Rebuild Remembered Sets and Scrub Regions
[216.216s][info][gc,marking  ] GC(163) Concurrent Rebuild Remembered Sets and Scrub Regions 23.004ms
[216.217s][info][gc,start    ] GC(163) Pause Cleanup
[216.217s][info][gc          ] GC(163) Pause Cleanup 74M->74M(125M) 0.144ms
[216.217s][info][gc,cpu      ] GC(163) User=0.00s Sys=0.00s Real=0.00s
[216.217s][info][gc,marking  ] GC(163) Concurrent Clear Claimed Marks
[216.217s][info][gc,marking  ] GC(163) Concurrent Clear Claimed Marks 0.108ms
[216.217s][info][gc,marking  ] GC(163) Concurrent Cleanup for Next Mark
[216.217s][info][gc,marking  ] GC(163) Concurrent Cleanup for Next Mark 0.425ms
[216.217s][info][gc          ] GC(163) Concurrent Mark Cycle 89.361ms
[216.316s][info][gc,start    ] GC(164) Pause Young (Prepare Mixed) (G1 Evacuation Pause)
[216.316s][info][gc,task     ] GC(164) Using 8 workers of 8 for evacuation
[216.318s][info][gc,phases   ] GC(164)   Pre Evacuate Collection Set: 0.1ms
[216.318s][info][gc,phases   ] GC(164)   Merge Heap Roots: 0.1ms
[216.318s][info][gc,phases   ] GC(164)   Evacuate Collection Set: 1.4ms
[216.318s][info][gc,phases   ] GC(164)   Post Evacuate Collection Set: 0.5ms
[216.318s][info][gc,phases   ] GC(164)   Other: 0.1ms
[216.318s][info][gc,heap     ] GC(164) Eden regions: 68->0(68)
[216.318s][info][gc,heap     ] GC(164) Survivor regions: 2->2(9)
[216.318s][info][gc,heap     ] GC(164) Old regions: 44->44
[216.318s][info][gc,heap     ] GC(164) Humongous regions: 2->2
[216.318s][info][gc,metaspace] GC(164) Metaspace: 84949K(85824K)->84949K(85824K) NonClass: 73912K(74368K)->73912K(74368K) Class: 11036K(11456K)->11036K(11456K)
[216.319s][info][gc          ] GC(164) Pause Young (Prepare Mixed) (G1 Evacuation Pause) 115M->47M(125M) 2.516ms
[216.319s][info][gc,cpu      ] GC(164) User=0.00s Sys=0.00s Real=0.00s
[216.457s][info][gc,start    ] GC(165) Pause Young (Mixed) (G1 Evacuation Pause)
[216.457s][info][gc,task     ] GC(165) Using 8 workers of 8 for evacuation
[216.460s][info][gc,phases   ] GC(165)   Pre Evacuate Collection Set: 0.3ms
[216.460s][info][gc,phases   ] GC(165)   Merge Heap Roots: 0.1ms
[216.460s][info][gc,phases   ] GC(165)   Evacuate Collection Set: 1.4ms
[216.460s][info][gc,phases   ] GC(165)   Post Evacuate Collection Set: 0.5ms
[216.460s][info][gc,phases   ] GC(165)   Other: 0.1ms
[216.460s][info][gc,heap     ] GC(165) Eden regions: 68->0(67)
[216.460s][info][gc,heap     ] GC(165) Survivor regions: 2->3(9)
[216.460s][info][gc,heap     ] GC(165) Old regions: 44->43
[216.460s][info][gc,heap     ] GC(165) Humongous regions: 2->2
[216.460s][info][gc,metaspace] GC(165) Metaspace: 84949K(85824K)->84949K(85824K) NonClass: 73912K(74368K)->73912K(74368K) Class: 11036K(11456K)->11036K(11456K)
[216.460s][info][gc          ] GC(165) Pause Young (Mixed) (G1 Evacuation Pause) 115M->46M(125M) 2.779ms
[216.460s][info][gc,cpu      ] GC(165) User=0.00s Sys=0.00s Real=0.00s
[216.624s][info][gc,start    ] GC(166) Pause Young (Concurrent Start) (G1 Evacuation Pause)
[216.624s][info][gc,task     ] GC(166) Using 8 workers of 8 for evacuation
[216.626s][info][gc,phases   ] GC(166)   Pre Evacuate Collection Set: 0.2ms
[216.626s][info][gc,phases   ] GC(166)   Merge Heap Roots: 0.1ms
[216.626s][info][gc,phases   ] GC(166)   Evacuate Collection Set: 1.4ms
[216.626s][info][gc,phases   ] GC(166)   Post Evacuate Collection Set: 0.4ms
[216.627s][info][gc,phases   ] GC(166)   Other: 0.2ms
[216.627s][info][gc,heap     ] GC(166) Eden regions: 67->0(67)
[216.627s][info][gc,heap     ] GC(166) Survivor regions: 3->3(9)
[216.627s][info][gc,heap     ] GC(166) Old regions: 43->43
[216.627s][info][gc,heap     ] GC(166) Humongous regions: 2->2
[216.627s][info][gc,metaspace] GC(166) Metaspace: 84949K(85824K)->84949K(85824K) NonClass: 73912K(74368K)->73912K(74368K) Class: 11036K(11456K)->11036K(11456K)
[216.627s][info][gc          ] GC(166) Pause Young (Concurrent Start) (G1 Evacuation Pause) 113M->47M(125M) 2.610ms
[216.627s][info][gc,cpu      ] GC(166) User=0.00s Sys=0.00s Real=0.00s
[216.627s][info][gc          ] GC(167) Concurrent Mark Cycle
[216.627s][info][gc,marking  ] GC(167) Concurrent Scan Root Regions
[216.628s][info][gc,marking  ] GC(167) Concurrent Scan Root Regions 1.481ms
[216.628s][info][gc,marking  ] GC(167) Concurrent Mark
[216.628s][info][gc,marking  ] GC(167) Concurrent Mark From Roots
[216.628s][info][gc,task     ] GC(167) Using 2 workers of 2 for marking
[216.689s][info][gc,marking  ] GC(167) Concurrent Mark From Roots 60.914ms
[216.689s][info][gc,marking  ] GC(167) Concurrent Preclean
[216.690s][info][gc,marking  ] GC(167) Concurrent Preclean 0.289ms
[216.690s][info][gc,start    ] GC(167) Pause Remark
[216.695s][info][gc          ] GC(167) Pause Remark 67M->67M(125M) 5.012ms
[216.695s][info][gc,cpu      ] GC(167) User=0.00s Sys=0.00s Real=0.01s
[216.695s][info][gc,marking  ] GC(167) Concurrent Mark 66.675ms
[216.695s][info][gc,marking  ] GC(167) Concurrent Rebuild Remembered Sets and Scrub Regions
[216.717s][info][gc,marking  ] GC(167) Concurrent Rebuild Remembered Sets and Scrub Regions 21.485ms
[216.717s][info][gc,start    ] GC(167) Pause Cleanup
[216.717s][info][gc          ] GC(167) Pause Cleanup 73M->73M(125M) 0.157ms
[216.717s][info][gc,cpu      ] GC(167) User=0.00s Sys=0.00s Real=0.00s
[216.717s][info][gc,marking  ] GC(167) Concurrent Clear Claimed Marks
[216.717s][info][gc,marking  ] GC(167) Concurrent Clear Claimed Marks 0.112ms
[216.717s][info][gc,marking  ] GC(167) Concurrent Cleanup for Next Mark
[216.718s][info][gc,marking  ] GC(167) Concurrent Cleanup for Next Mark 0.716ms
[216.718s][info][gc          ] GC(167) Concurrent Mark Cycle 91.261ms
[216.808s][info][gc,start    ] GC(168) Pause Young (Prepare Mixed) (G1 Evacuation Pause)
[216.808s][info][gc,task     ] GC(168) Using 8 workers of 8 for evacuation
[216.811s][info][gc,phases   ] GC(168)   Pre Evacuate Collection Set: 0.1ms
[216.811s][info][gc,phases   ] GC(168)   Merge Heap Roots: 0.1ms
[216.811s][info][gc,phases   ] GC(168)   Evacuate Collection Set: 1.7ms
[216.811s][info][gc,phases   ] GC(168)   Post Evacuate Collection Set: 0.4ms
[216.811s][info][gc,phases   ] GC(168)   Other: 0.1ms
[216.811s][info][gc,heap     ] GC(168) Eden regions: 67->0(67)
[216.811s][info][gc,heap     ] GC(168) Survivor regions: 3->3(9)
[216.811s][info][gc,heap     ] GC(168) Old regions: 43->43
[216.811s][info][gc,heap     ] GC(168) Humongous regions: 2->2
[216.811s][info][gc,metaspace] GC(168) Metaspace: 84949K(85824K)->84949K(85824K) NonClass: 73912K(74368K)->73912K(74368K) Class: 11036K(11456K)->11036K(11456K)
[216.811s][info][gc          ] GC(168) Pause Young (Prepare Mixed) (G1 Evacuation Pause) 114M->47M(125M) 2.931ms
[216.811s][info][gc,cpu      ] GC(168) User=0.12s Sys=0.00s Real=0.00s
[216.947s][info][gc,start    ] GC(169) Pause Young (Mixed) (G1 Evacuation Pause)
[216.948s][info][gc,task     ] GC(169) Using 8 workers of 8 for evacuation
[216.950s][info][gc,phases   ] GC(169)   Pre Evacuate Collection Set: 0.2ms
[216.950s][info][gc,phases   ] GC(169)   Merge Heap Roots: 0.1ms
[216.950s][info][gc,phases   ] GC(169)   Evacuate Collection Set: 1.6ms
[216.950s][info][gc,phases   ] GC(169)   Post Evacuate Collection Set: 0.5ms
[216.950s][info][gc,phases   ] GC(169)   Other: 0.1ms
[216.950s][info][gc,heap     ] GC(169) Eden regions: 67->0(68)
[216.950s][info][gc,heap     ] GC(169) Survivor regions: 3->3(9)
[216.950s][info][gc,heap     ] GC(169) Old regions: 43->42
[216.950s][info][gc,heap     ] GC(169) Humongous regions: 2->2
[216.950s][info][gc,metaspace] GC(169) Metaspace: 84949K(85824K)->84949K(85824K) NonClass: 73912K(74368K)->73912K(74368K) Class: 11036K(11456K)->11036K(11456K)
[216.950s][info][gc          ] GC(169) Pause Young (Mixed) (G1 Evacuation Pause) 114M->46M(125M) 2.746ms
[216.950s][info][gc,cpu      ] GC(169) User=0.00s Sys=0.02s Real=0.00s
[217.130s][info][gc,start    ] GC(170) Pause Young (Concurrent Start) (G1 Evacuation Pause)
[217.130s][info][gc,task     ] GC(170) Using 8 workers of 8 for evacuation
[217.132s][info][gc,phases   ] GC(170)   Pre Evacuate Collection Set: 0.1ms
[217.132s][info][gc,phases   ] GC(170)   Merge Heap Roots: 0.1ms
[217.132s][info][gc,phases   ] GC(170)   Evacuate Collection Set: 1.9ms
[217.132s][info][gc,phases   ] GC(170)   Post Evacuate Collection Set: 0.3ms
[217.132s][info][gc,phases   ] GC(170)   Other: 0.1ms
[217.132s][info][gc,heap     ] GC(170) Eden regions: 68->0(66)
[217.133s][info][gc,heap     ] GC(170) Survivor regions: 3->4(9)
[217.133s][info][gc,heap     ] GC(170) Old regions: 42->42
[217.133s][info][gc,heap     ] GC(170) Humongous regions: 2->2
[217.133s][info][gc,metaspace] GC(170) Metaspace: 84949K(85824K)->84949K(85824K) NonClass: 73912K(74368K)->73912K(74368K) Class: 11036K(11456K)->11036K(11456K)
[217.133s][info][gc          ] GC(170) Pause Young (Concurrent Start) (G1 Evacuation Pause) 114M->46M(125M) 2.781ms
[217.133s][info][gc,cpu      ] GC(170) User=0.00s Sys=0.00s Real=0.00s
[217.133s][info][gc          ] GC(171) Concurrent Mark Cycle
[217.133s][info][gc,marking  ] GC(171) Concurrent Scan Root Regions
[217.136s][info][gc,marking  ] GC(171) Concurrent Scan Root Regions 2.783ms
[217.136s][info][gc,marking  ] GC(171) Concurrent Mark
[217.136s][info][gc,marking  ] GC(171) Concurrent Mark From Roots
[217.136s][info][gc,task     ] GC(171) Using 2 workers of 2 for marking
[217.196s][info][gc,marking  ] GC(171) Concurrent Mark From Roots 60.524ms
[217.196s][info][gc,marking  ] GC(171) Concurrent Preclean
[217.196s][info][gc,marking  ] GC(171) Concurrent Preclean 0.249ms
[217.197s][info][gc,start    ] GC(171) Pause Remark
[217.201s][info][gc          ] GC(171) Pause Remark 69M->69M(125M) 4.532ms
[217.201s][info][gc,cpu      ] GC(171) User=0.02s Sys=0.03s Real=0.01s
[217.201s][info][gc,marking  ] GC(171) Concurrent Mark 65.735ms
[217.201s][info][gc,marking  ] GC(171) Concurrent Rebuild Remembered Sets and Scrub Regions
[217.225s][info][gc,marking  ] GC(171) Concurrent Rebuild Remembered Sets and Scrub Regions 24.088ms
[217.226s][info][gc,start    ] GC(171) Pause Cleanup
[217.226s][info][gc          ] GC(171) Pause Cleanup 76M->76M(125M) 0.255ms
[217.226s][info][gc,cpu      ] GC(171) User=0.00s Sys=0.00s Real=0.00s
[217.226s][info][gc,marking  ] GC(171) Concurrent Clear Claimed Marks
[217.226s][info][gc,marking  ] GC(171) Concurrent Clear Claimed Marks 0.103ms
[217.226s][info][gc,marking  ] GC(171) Concurrent Cleanup for Next Mark
[217.226s][info][gc,marking  ] GC(171) Concurrent Cleanup for Next Mark 0.310ms
[217.226s][info][gc          ] GC(171) Concurrent Mark Cycle 93.832ms
[217.323s][info][gc,start    ] GC(172) Pause Young (Prepare Mixed) (G1 Evacuation Pause)
[217.323s][info][gc,task     ] GC(172) Using 8 workers of 8 for evacuation
[217.326s][info][gc,phases   ] GC(172)   Pre Evacuate Collection Set: 0.1ms
[217.326s][info][gc,phases   ] GC(172)   Merge Heap Roots: 0.1ms
[217.326s][info][gc,phases   ] GC(172)   Evacuate Collection Set: 2.6ms
[217.326s][info][gc,phases   ] GC(172)   Post Evacuate Collection Set: 0.4ms
[217.326s][info][gc,phases   ] GC(172)   Other: 0.1ms
[217.326s][info][gc,heap     ] GC(172) Eden regions: 66->0(66)
[217.326s][info][gc,heap     ] GC(172) Survivor regions: 4->4(9)
[217.326s][info][gc,heap     ] GC(172) Old regions: 42->42
[217.326s][info][gc,heap     ] GC(172) Humongous regions: 2->2
[217.326s][info][gc,metaspace] GC(172) Metaspace: 84949K(85824K)->84949K(85824K) NonClass: 73912K(74368K)->73912K(74368K) Class: 11036K(11456K)->11036K(11456K)
[217.326s][info][gc          ] GC(172) Pause Young (Prepare Mixed) (G1 Evacuation Pause) 112M->47M(125M) 3.691ms
[217.326s][info][gc,cpu      ] GC(172) User=0.12s Sys=0.00s Real=0.00s
[217.476s][info][gc,start    ] GC(173) Pause Young (Mixed) (G1 Evacuation Pause)
[217.476s][info][gc,task     ] GC(173) Using 8 workers of 8 for evacuation
[217.480s][info][gc,phases   ] GC(173)   Pre Evacuate Collection Set: 0.1ms
[217.480s][info][gc,phases   ] GC(173)   Merge Heap Roots: 0.1ms
[217.480s][info][gc,phases   ] GC(173)   Evacuate Collection Set: 2.4ms
[217.480s][info][gc,phases   ] GC(173)   Post Evacuate Collection Set: 0.4ms
[217.480s][info][gc,phases   ] GC(173)   Other: 0.1ms
[217.480s][info][gc,heap     ] GC(173) Eden regions: 66->0(66)
[217.480s][info][gc,heap     ] GC(173) Survivor regions: 4->4(9)
[217.480s][info][gc,heap     ] GC(173) Old regions: 42->42
[217.480s][info][gc,heap     ] GC(173) Humongous regions: 2->2
[217.480s][info][gc,metaspace] GC(173) Metaspace: 84949K(85824K)->84949K(85824K) NonClass: 73912K(74368K)->73912K(74368K) Class: 11036K(11456K)->11036K(11456K)
[217.480s][info][gc          ] GC(173) Pause Young (Mixed) (G1 Evacuation Pause) 113M->47M(125M) 3.632ms
[217.480s][info][gc,cpu      ] GC(173) User=0.00s Sys=0.00s Real=0.00s
[217.622s][info][gc,start    ] GC(174) Pause Young (Concurrent Start) (G1 Evacuation Pause)
[217.622s][info][gc,task     ] GC(174) Using 8 workers of 8 for evacuation
[217.626s][info][gc,phases   ] GC(174)   Pre Evacuate Collection Set: 0.1ms
[217.626s][info][gc,phases   ] GC(174)   Merge Heap Roots: 0.1ms
[217.626s][info][gc,phases   ] GC(174)   Evacuate Collection Set: 3.0ms
[217.626s][info][gc,phases   ] GC(174)   Post Evacuate Collection Set: 0.5ms
[217.626s][info][gc,phases   ] GC(174)   Other: 0.1ms
[217.626s][info][gc,heap     ] GC(174) Eden regions: 66->0(66)
[217.626s][info][gc,heap     ] GC(174) Survivor regions: 4->4(9)
[217.626s][info][gc,heap     ] GC(174) Old regions: 42->42
[217.626s][info][gc,heap     ] GC(174) Humongous regions: 2->2
[217.626s][info][gc,metaspace] GC(174) Metaspace: 84949K(85824K)->84949K(85824K) NonClass: 73912K(74368K)->73912K(74368K) Class: 11036K(11456K)->11036K(11456K)
[217.626s][info][gc          ] GC(174) Pause Young (Concurrent Start) (G1 Evacuation Pause) 113M->47M(125M) 4.080ms
[217.626s][info][gc,cpu      ] GC(174) User=0.00s Sys=0.00s Real=0.00s
[217.626s][info][gc          ] GC(175) Concurrent Mark Cycle
[217.626s][info][gc,marking  ] GC(175) Concurrent Scan Root Regions
[217.628s][info][gc,marking  ] GC(175) Concurrent Scan Root Regions 2.085ms
[217.628s][info][gc,marking  ] GC(175) Concurrent Mark
[217.628s][info][gc,marking  ] GC(175) Concurrent Mark From Roots
[217.628s][info][gc,task     ] GC(175) Using 2 workers of 2 for marking
[217.683s][info][gc,marking  ] GC(175) Concurrent Mark From Roots 54.966ms
[217.683s][info][gc,marking  ] GC(175) Concurrent Preclean
[217.684s][info][gc,marking  ] GC(175) Concurrent Preclean 0.268ms
[217.684s][info][gc,start    ] GC(175) Pause Remark
[217.689s][info][gc          ] GC(175) Pause Remark 68M->68M(125M) 5.472ms
[217.689s][info][gc,cpu      ] GC(175) User=0.11s Sys=0.00s Real=0.00s
[217.690s][info][gc,marking  ] GC(175) Concurrent Mark 61.264ms
[217.690s][info][gc,marking  ] GC(175) Concurrent Rebuild Remembered Sets and Scrub Regions
[217.718s][info][gc,marking  ] GC(175) Concurrent Rebuild Remembered Sets and Scrub Regions 27.957ms
[217.718s][info][gc,start    ] GC(175) Pause Cleanup
[217.718s][info][gc          ] GC(175) Pause Cleanup 74M->74M(125M) 0.165ms
[217.718s][info][gc,cpu      ] GC(175) User=0.00s Sys=0.00s Real=0.00s
[217.718s][info][gc,marking  ] GC(175) Concurrent Clear Claimed Marks
[217.718s][info][gc,marking  ] GC(175) Concurrent Clear Claimed Marks 0.163ms
[217.718s][info][gc,marking  ] GC(175) Concurrent Cleanup for Next Mark
[217.719s][info][gc,marking  ] GC(175) Concurrent Cleanup for Next Mark 0.680ms
[217.719s][info][gc          ] GC(175) Concurrent Mark Cycle 92.950ms
[217.808s][info][gc,start    ] GC(176) Pause Young (Prepare Mixed) (G1 Evacuation Pause)
[217.808s][info][gc,task     ] GC(176) Using 8 workers of 8 for evacuation
[217.811s][info][gc,phases   ] GC(176)   Pre Evacuate Collection Set: 0.1ms
[217.811s][info][gc,phases   ] GC(176)   Merge Heap Roots: 0.1ms
[217.811s][info][gc,phases   ] GC(176)   Evacuate Collection Set: 2.1ms
[217.811s][info][gc,phases   ] GC(176)   Post Evacuate Collection Set: 0.4ms
[217.811s][info][gc,phases   ] GC(176)   Other: 0.1ms
[217.811s][info][gc,heap     ] GC(176) Eden regions: 66->0(66)
[217.811s][info][gc,heap     ] GC(176) Survivor regions: 4->4(9)
[217.811s][info][gc,heap     ] GC(176) Old regions: 42->42
[217.811s][info][gc,heap     ] GC(176) Humongous regions: 2->2
[217.811s][info][gc,metaspace] GC(176) Metaspace: 84949K(85824K)->84949K(85824K) NonClass: 73912K(74368K)->73912K(74368K) Class: 11036K(11456K)->11036K(11456K)
[217.811s][info][gc          ] GC(176) Pause Young (Prepare Mixed) (G1 Evacuation Pause) 113M->47M(125M) 3.158ms
[217.811s][info][gc,cpu      ] GC(176) User=0.12s Sys=0.00s Real=0.00s
[217.962s][info][gc,start    ] GC(177) Pause Young (Mixed) (G1 Evacuation Pause)
[217.962s][info][gc,task     ] GC(177) Using 8 workers of 8 for evacuation
[217.967s][info][gc,phases   ] GC(177)   Pre Evacuate Collection Set: 0.1ms
[217.967s][info][gc,phases   ] GC(177)   Merge Heap Roots: 0.2ms
[217.967s][info][gc,phases   ] GC(177)   Evacuate Collection Set: 3.6ms
[217.967s][info][gc,phases   ] GC(177)   Post Evacuate Collection Set: 0.5ms
[217.967s][info][gc,phases   ] GC(177)   Other: 0.1ms
[217.967s][info][gc,heap     ] GC(177) Eden regions: 66->0(66)
[217.967s][info][gc,heap     ] GC(177) Survivor regions: 4->4(9)
[217.967s][info][gc,heap     ] GC(177) Old regions: 42->42
[217.967s][info][gc,heap     ] GC(177) Humongous regions: 2->2
[217.967s][info][gc,metaspace] GC(177) Metaspace: 84949K(85824K)->84949K(85824K) NonClass: 73912K(74368K)->73912K(74368K) Class: 11036K(11456K)->11036K(11456K)
[217.967s][info][gc          ] GC(177) Pause Young (Mixed) (G1 Evacuation Pause) 113M->47M(125M) 4.796ms
[217.967s][info][gc,cpu      ] GC(177) User=0.12s Sys=0.00s Real=0.01s
[218.111s][info][gc,start    ] GC(178) Pause Young (Concurrent Start) (G1 Evacuation Pause)
[218.111s][info][gc,task     ] GC(178) Using 8 workers of 8 for evacuation
[218.114s][info][gc,phases   ] GC(178)   Pre Evacuate Collection Set: 0.2ms
[218.114s][info][gc,phases   ] GC(178)   Merge Heap Roots: 0.2ms
[218.114s][info][gc,phases   ] GC(178)   Evacuate Collection Set: 2.5ms
[218.114s][info][gc,phases   ] GC(178)   Post Evacuate Collection Set: 0.5ms
[218.114s][info][gc,phases   ] GC(178)   Other: 0.2ms
[218.114s][info][gc,heap     ] GC(178) Eden regions: 66->0(65)
[218.114s][info][gc,heap     ] GC(178) Survivor regions: 4->4(9)
[218.114s][info][gc,heap     ] GC(178) Old regions: 42->43
[218.114s][info][gc,heap     ] GC(178) Humongous regions: 2->2
[218.115s][info][gc,metaspace] GC(178) Metaspace: 84949K(85824K)->84949K(85824K) NonClass: 73912K(74368K)->73912K(74368K) Class: 11036K(11456K)->11036K(11456K)
[218.115s][info][gc          ] GC(178) Pause Young (Concurrent Start) (G1 Evacuation Pause) 113M->47M(125M) 4.066ms
[218.115s][info][gc          ] GC(179) Concurrent Mark Cycle
[218.115s][info][gc,cpu      ] GC(178) User=0.00s Sys=0.00s Real=0.00s
[218.115s][info][gc,marking  ] GC(179) Concurrent Scan Root Regions
[218.118s][info][gc,marking  ] GC(179) Concurrent Scan Root Regions 2.796ms
[218.118s][info][gc,marking  ] GC(179) Concurrent Mark
[218.118s][info][gc,marking  ] GC(179) Concurrent Mark From Roots
[218.118s][info][gc,task     ] GC(179) Using 2 workers of 2 for marking
[218.178s][info][gc,marking  ] GC(179) Concurrent Mark From Roots 60.831ms
[218.179s][info][gc,marking  ] GC(179) Concurrent Preclean
[218.179s][info][gc,marking  ] GC(179) Concurrent Preclean 0.234ms
[218.179s][info][gc,start    ] GC(179) Pause Remark
[218.183s][info][gc          ] GC(179) Pause Remark 68M->68M(125M) 4.527ms
[218.183s][info][gc,cpu      ] GC(179) User=0.00s Sys=0.00s Real=0.00s
[218.184s][info][gc,marking  ] GC(179) Concurrent Mark 65.969ms
[218.184s][info][gc,marking  ] GC(179) Concurrent Rebuild Remembered Sets and Scrub Regions
[218.211s][info][gc,marking  ] GC(179) Concurrent Rebuild Remembered Sets and Scrub Regions 26.997ms
[218.211s][info][gc,start    ] GC(179) Pause Cleanup
[218.211s][info][gc          ] GC(179) Pause Cleanup 74M->74M(125M) 0.133ms
[218.211s][info][gc,cpu      ] GC(179) User=0.00s Sys=0.00s Real=0.00s
[218.211s][info][gc,marking  ] GC(179) Concurrent Clear Claimed Marks
[218.211s][info][gc,marking  ] GC(179) Concurrent Clear Claimed Marks 0.113ms
[218.211s][info][gc,marking  ] GC(179) Concurrent Cleanup for Next Mark
[218.211s][info][gc,marking  ] GC(179) Concurrent Cleanup for Next Mark 0.232ms
[218.212s][info][gc          ] GC(179) Concurrent Mark Cycle 96.851ms
[218.303s][info][gc,start    ] GC(180) Pause Young (Prepare Mixed) (G1 Evacuation Pause)
[218.303s][info][gc,task     ] GC(180) Using 8 workers of 8 for evacuation
[218.306s][info][gc,phases   ] GC(180)   Pre Evacuate Collection Set: 0.1ms
[218.306s][info][gc,phases   ] GC(180)   Merge Heap Roots: 0.1ms
[218.306s][info][gc,phases   ] GC(180)   Evacuate Collection Set: 2.0ms
[218.306s][info][gc,phases   ] GC(180)   Post Evacuate Collection Set: 0.4ms
[218.306s][info][gc,phases   ] GC(180)   Other: 0.1ms
[218.306s][info][gc,heap     ] GC(180) Eden regions: 65->0(65)
[218.306s][info][gc,heap     ] GC(180) Survivor regions: 4->4(9)
[218.306s][info][gc,heap     ] GC(180) Old regions: 43->43
[218.306s][info][gc,heap     ] GC(180) Humongous regions: 2->2
[218.306s][info][gc,metaspace] GC(180) Metaspace: 84954K(85824K)->84954K(85824K) NonClass: 73917K(74368K)->73917K(74368K) Class: 11036K(11456K)->11036K(11456K)
[218.306s][info][gc          ] GC(180) Pause Young (Prepare Mixed) (G1 Evacuation Pause) 112M->47M(125M) 3.111ms
[218.306s][info][gc,cpu      ] GC(180) User=0.00s Sys=0.00s Real=0.00s
[218.452s][info][gc,start    ] GC(181) Pause Young (Mixed) (G1 Evacuation Pause)
[218.452s][info][gc,task     ] GC(181) Using 8 workers of 8 for evacuation
[218.455s][info][gc,phases   ] GC(181)   Pre Evacuate Collection Set: 0.2ms
[218.455s][info][gc,phases   ] GC(181)   Merge Heap Roots: 0.1ms
[218.455s][info][gc,phases   ] GC(181)   Evacuate Collection Set: 2.2ms
[218.455s][info][gc,phases   ] GC(181)   Post Evacuate Collection Set: 0.5ms
[218.455s][info][gc,phases   ] GC(181)   Other: 0.1ms
[218.455s][info][gc,heap     ] GC(181) Eden regions: 65->0(65)
[218.455s][info][gc,heap     ] GC(181) Survivor regions: 4->4(9)
[218.455s][info][gc,heap     ] GC(181) Old regions: 43->43
[218.455s][info][gc,heap     ] GC(181) Humongous regions: 2->2
[218.455s][info][gc,metaspace] GC(181) Metaspace: 84954K(85824K)->84954K(85824K) NonClass: 73917K(74368K)->73917K(74368K) Class: 11036K(11456K)->11036K(11456K)
[218.455s][info][gc          ] GC(181) Pause Young (Mixed) (G1 Evacuation Pause) 112M->47M(125M) 3.423ms
[218.455s][info][gc,cpu      ] GC(181) User=0.00s Sys=0.00s Real=0.00s
[218.610s][info][gc,start    ] GC(182) Pause Young (Concurrent Start) (G1 Evacuation Pause)
[218.611s][info][gc,task     ] GC(182) Using 8 workers of 8 for evacuation
[218.613s][info][gc,phases   ] GC(182)   Pre Evacuate Collection Set: 0.2ms
[218.613s][info][gc,phases   ] GC(182)   Merge Heap Roots: 0.1ms
[218.613s][info][gc,phases   ] GC(182)   Evacuate Collection Set: 1.9ms
[218.613s][info][gc,phases   ] GC(182)   Post Evacuate Collection Set: 0.4ms
[218.613s][info][gc,phases   ] GC(182)   Other: 0.1ms
[218.613s][info][gc,heap     ] GC(182) Eden regions: 65->0(65)
[218.613s][info][gc,heap     ] GC(182) Survivor regions: 4->4(9)
[218.613s][info][gc,heap     ] GC(182) Old regions: 43->43
[218.613s][info][gc,heap     ] GC(182) Humongous regions: 2->2
[218.613s][info][gc,metaspace] GC(182) Metaspace: 84958K(85824K)->84958K(85824K) NonClass: 73921K(74368K)->73921K(74368K) Class: 11036K(11456K)->11036K(11456K)
[218.613s][info][gc          ] GC(182) Pause Young (Concurrent Start) (G1 Evacuation Pause) 112M->47M(125M) 2.962ms
[218.613s][info][gc,cpu      ] GC(182) User=0.00s Sys=0.00s Real=0.00s
[218.613s][info][gc          ] GC(183) Concurrent Mark Cycle
[218.614s][info][gc,marking  ] GC(183) Concurrent Scan Root Regions
[218.616s][info][gc,marking  ] GC(183) Concurrent Scan Root Regions 2.168ms
[218.616s][info][gc,marking  ] GC(183) Concurrent Mark
[218.616s][info][gc,marking  ] GC(183) Concurrent Mark From Roots
[218.616s][info][gc,task     ] GC(183) Using 2 workers of 2 for marking
[218.671s][info][gc,marking  ] GC(183) Concurrent Mark From Roots 55.428ms
[218.671s][info][gc,marking  ] GC(183) Concurrent Preclean
[218.671s][info][gc,marking  ] GC(183) Concurrent Preclean 0.148ms
[218.671s][info][gc,start    ] GC(183) Pause Remark
[218.676s][info][gc          ] GC(183) Pause Remark 72M->72M(125M) 4.240ms
[218.676s][info][gc,cpu      ] GC(183) User=0.00s Sys=0.00s Real=0.00s
[218.676s][info][gc,marking  ] GC(183) Concurrent Mark 60.123ms
[218.676s][info][gc,marking  ] GC(183) Concurrent Rebuild Remembered Sets and Scrub Regions
[218.698s][info][gc,marking  ] GC(183) Concurrent Rebuild Remembered Sets and Scrub Regions 22.008ms
[218.698s][info][gc,start    ] GC(183) Pause Cleanup
[218.698s][info][gc          ] GC(183) Pause Cleanup 78M->78M(125M) 0.141ms
[218.698s][info][gc,cpu      ] GC(183) User=0.00s Sys=0.00s Real=0.00s
[218.698s][info][gc,marking  ] GC(183) Concurrent Clear Claimed Marks
[218.699s][info][gc,marking  ] GC(183) Concurrent Clear Claimed Marks 0.101ms
[218.699s][info][gc,marking  ] GC(183) Concurrent Cleanup for Next Mark
[218.699s][info][gc,marking  ] GC(183) Concurrent Cleanup for Next Mark 0.236ms
[218.699s][info][gc          ] GC(183) Concurrent Mark Cycle 85.352ms
[218.778s][info][gc,start    ] GC(184) Pause Young (Normal) (G1 Evacuation Pause)
[218.778s][info][gc,task     ] GC(184) Using 8 workers of 8 for evacuation
[218.782s][info][gc,phases   ] GC(184)   Pre Evacuate Collection Set: 0.1ms
[218.782s][info][gc,phases   ] GC(184)   Merge Heap Roots: 0.1ms
[218.782s][info][gc,phases   ] GC(184)   Evacuate Collection Set: 2.6ms
[218.782s][info][gc,phases   ] GC(184)   Post Evacuate Collection Set: 0.4ms
[218.782s][info][gc,phases   ] GC(184)   Other: 0.1ms
[218.782s][info][gc,heap     ] GC(184) Eden regions: 65->0(65)
[218.782s][info][gc,heap     ] GC(184) Survivor regions: 4->4(9)
[218.782s][info][gc,heap     ] GC(184) Old regions: 43->43
[218.782s][info][gc,heap     ] GC(184) Humongous regions: 2->2
[218.782s][info][gc,metaspace] GC(184) Metaspace: 84958K(85824K)->84958K(85824K) NonClass: 73921K(74368K)->73921K(74368K) Class: 11036K(11456K)->11036K(11456K)
[218.782s][info][gc          ] GC(184) Pause Young (Normal) (G1 Evacuation Pause) 112M->48M(125M) 3.928ms
[218.782s][info][gc,cpu      ] GC(184) User=0.00s Sys=0.00s Real=0.00s
[218.929s][info][gc,start    ] GC(185) Pause Young (Concurrent Start) (G1 Evacuation Pause)
[218.930s][info][gc,task     ] GC(185) Using 8 workers of 8 for evacuation
[218.932s][info][gc,phases   ] GC(185)   Pre Evacuate Collection Set: 0.2ms
[218.932s][info][gc,phases   ] GC(185)   Merge Heap Roots: 0.1ms
[218.932s][info][gc,phases   ] GC(185)   Evacuate Collection Set: 2.0ms
[218.932s][info][gc,phases   ] GC(185)   Post Evacuate Collection Set: 0.4ms
[218.932s][info][gc,phases   ] GC(185)   Other: 0.2ms
[218.933s][info][gc,heap     ] GC(185) Eden regions: 65->0(64)
[218.933s][info][gc,heap     ] GC(185) Survivor regions: 4->4(9)
[218.933s][info][gc,heap     ] GC(185) Old regions: 43->44
[218.933s][info][gc,heap     ] GC(185) Humongous regions: 2->2
[218.933s][info][gc,metaspace] GC(185) Metaspace: 84958K(85824K)->84958K(85824K) NonClass: 73921K(74368K)->73921K(74368K) Class: 11036K(11456K)->11036K(11456K)
[218.933s][info][gc          ] GC(185) Pause Young (Concurrent Start) (G1 Evacuation Pause) 113M->48M(125M) 3.229ms
[218.933s][info][gc,cpu      ] GC(185) User=0.00s Sys=0.00s Real=0.00s
[218.933s][info][gc          ] GC(186) Concurrent Mark Cycle
[218.933s][info][gc,marking  ] GC(186) Concurrent Scan Root Regions
[218.935s][info][gc,marking  ] GC(186) Concurrent Scan Root Regions 2.131ms
[218.935s][info][gc,marking  ] GC(186) Concurrent Mark
[218.935s][info][gc,marking  ] GC(186) Concurrent Mark From Roots
[218.935s][info][gc,task     ] GC(186) Using 2 workers of 2 for marking
[219.005s][info][gc,marking  ] GC(186) Concurrent Mark From Roots 69.542ms
[219.005s][info][gc,marking  ] GC(186) Concurrent Preclean
[219.005s][info][gc,marking  ] GC(186) Concurrent Preclean 0.200ms
[219.005s][info][gc,start    ] GC(186) Pause Remark
[219.011s][info][gc          ] GC(186) Pause Remark 67M->67M(125M) 5.674ms
[219.011s][info][gc,cpu      ] GC(186) User=0.00s Sys=0.00s Real=0.01s
[219.011s][info][gc,marking  ] GC(186) Concurrent Mark 75.832ms
[219.011s][info][gc,marking  ] GC(186) Concurrent Rebuild Remembered Sets and Scrub Regions
[219.032s][info][gc,marking  ] GC(186) Concurrent Rebuild Remembered Sets and Scrub Regions 21.437ms
[219.033s][info][gc,start    ] GC(186) Pause Cleanup
[219.033s][info][gc          ] GC(186) Pause Cleanup 73M->73M(125M) 0.136ms
[219.033s][info][gc,cpu      ] GC(186) User=0.00s Sys=0.00s Real=0.00s
[219.033s][info][gc,marking  ] GC(186) Concurrent Clear Claimed Marks
[219.033s][info][gc,marking  ] GC(186) Concurrent Clear Claimed Marks 0.117ms
[219.033s][info][gc,marking  ] GC(186) Concurrent Cleanup for Next Mark
[219.033s][info][gc,marking  ] GC(186) Concurrent Cleanup for Next Mark 0.207ms
[219.033s][info][gc          ] GC(186) Concurrent Mark Cycle 100.554ms
[219.131s][info][gc,start    ] GC(187) Pause Young (Prepare Mixed) (G1 Evacuation Pause)
[219.131s][info][gc,task     ] GC(187) Using 8 workers of 8 for evacuation
[219.134s][info][gc,phases   ] GC(187)   Pre Evacuate Collection Set: 0.1ms
[219.134s][info][gc,phases   ] GC(187)   Merge Heap Roots: 0.1ms
[219.134s][info][gc,phases   ] GC(187)   Evacuate Collection Set: 2.0ms
[219.134s][info][gc,phases   ] GC(187)   Post Evacuate Collection Set: 0.3ms
[219.134s][info][gc,phases   ] GC(187)   Other: 0.1ms
[219.134s][info][gc,heap     ] GC(187) Eden regions: 64->0(64)
[219.134s][info][gc,heap     ] GC(187) Survivor regions: 4->4(9)
[219.134s][info][gc,heap     ] GC(187) Old regions: 44->44
[219.134s][info][gc,heap     ] GC(187) Humongous regions: 2->2
[219.134s][info][gc,metaspace] GC(187) Metaspace: 84958K(85824K)->84958K(85824K) NonClass: 73921K(74368K)->73921K(74368K) Class: 11036K(11456K)->11036K(11456K)
[219.134s][info][gc          ] GC(187) Pause Young (Prepare Mixed) (G1 Evacuation Pause) 112M->48M(125M) 2.871ms
[219.134s][info][gc,cpu      ] GC(187) User=0.00s Sys=0.00s Real=0.00s
[219.284s][info][gc,start    ] GC(188) Pause Young (Mixed) (G1 Evacuation Pause)
[219.284s][info][gc,task     ] GC(188) Using 8 workers of 8 for evacuation
[219.288s][info][gc,phases   ] GC(188)   Pre Evacuate Collection Set: 0.1ms
[219.288s][info][gc,phases   ] GC(188)   Merge Heap Roots: 0.0ms
[219.288s][info][gc,phases   ] GC(188)   Evacuate Collection Set: 2.8ms
[219.288s][info][gc,phases   ] GC(188)   Post Evacuate Collection Set: 0.4ms
[219.288s][info][gc,phases   ] GC(188)   Other: 0.1ms
[219.288s][info][gc,heap     ] GC(188) Eden regions: 64->0(64)
[219.288s][info][gc,heap     ] GC(188) Survivor regions: 4->4(9)
[219.288s][info][gc,heap     ] GC(188) Old regions: 44->44
[219.288s][info][gc,heap     ] GC(188) Humongous regions: 2->2
[219.288s][info][gc,metaspace] GC(188) Metaspace: 84958K(85824K)->84958K(85824K) NonClass: 73921K(74368K)->73921K(74368K) Class: 11036K(11456K)->11036K(11456K)
[219.288s][info][gc          ] GC(188) Pause Young (Mixed) (G1 Evacuation Pause) 112M->48M(125M) 3.769ms
[219.288s][info][gc,cpu      ] GC(188) User=0.00s Sys=0.00s Real=0.00s
[219.444s][info][gc,start    ] GC(189) Pause Young (Concurrent Start) (G1 Evacuation Pause)
[219.444s][info][gc,task     ] GC(189) Using 8 workers of 8 for evacuation
[219.447s][info][gc,phases   ] GC(189)   Pre Evacuate Collection Set: 0.2ms
[219.447s][info][gc,phases   ] GC(189)   Merge Heap Roots: 0.1ms
[219.447s][info][gc,phases   ] GC(189)   Evacuate Collection Set: 2.7ms
[219.447s][info][gc,phases   ] GC(189)   Post Evacuate Collection Set: 0.4ms
[219.447s][info][gc,phases   ] GC(189)   Other: 0.1ms
[219.447s][info][gc,heap     ] GC(189) Eden regions: 64->0(64)
[219.447s][info][gc,heap     ] GC(189) Survivor regions: 4->4(9)
[219.447s][info][gc,heap     ] GC(189) Old regions: 44->44
[219.447s][info][gc,heap     ] GC(189) Humongous regions: 2->2
[219.447s][info][gc,metaspace] GC(189) Metaspace: 84958K(85824K)->84958K(85824K) NonClass: 73922K(74368K)->73922K(74368K) Class: 11036K(11456K)->11036K(11456K)
[219.447s][info][gc          ] GC(189) Pause Young (Concurrent Start) (G1 Evacuation Pause) 112M->48M(125M) 3.897ms
[219.447s][info][gc,cpu      ] GC(189) User=0.00s Sys=0.00s Real=0.00s
[219.447s][info][gc          ] GC(190) Concurrent Mark Cycle
[219.448s][info][gc,marking  ] GC(190) Concurrent Scan Root Regions
[219.450s][info][gc,marking  ] GC(190) Concurrent Scan Root Regions 2.109ms
[219.450s][info][gc,marking  ] GC(190) Concurrent Mark
[219.450s][info][gc,marking  ] GC(190) Concurrent Mark From Roots
[219.450s][info][gc,task     ] GC(190) Using 2 workers of 2 for marking
[219.534s][info][gc,marking  ] GC(190) Concurrent Mark From Roots 84.097ms
[219.534s][info][gc,marking  ] GC(190) Concurrent Preclean
[219.534s][info][gc,marking  ] GC(190) Concurrent Preclean 0.202ms
[219.534s][info][gc,start    ] GC(190) Pause Remark
[219.540s][info][gc          ] GC(190) Pause Remark 61M->61M(125M) 5.487ms
[219.540s][info][gc,cpu      ] GC(190) User=0.00s Sys=0.00s Real=0.01s
[219.540s][info][gc,marking  ] GC(190) Concurrent Mark 90.235ms
[219.540s][info][gc,marking  ] GC(190) Concurrent Rebuild Remembered Sets and Scrub Regions
[219.566s][info][gc,marking  ] GC(190) Concurrent Rebuild Remembered Sets and Scrub Regions 25.499ms
[219.566s][info][gc,start    ] GC(190) Pause Cleanup
[219.566s][info][gc          ] GC(190) Pause Cleanup 68M->68M(125M) 0.133ms
[219.566s][info][gc,cpu      ] GC(190) User=0.00s Sys=0.00s Real=0.00s
[219.566s][info][gc,marking  ] GC(190) Concurrent Clear Claimed Marks
[219.566s][info][gc,marking  ] GC(190) Concurrent Clear Claimed Marks 0.118ms
[219.566s][info][gc,marking  ] GC(190) Concurrent Cleanup for Next Mark
[219.566s][info][gc,marking  ] GC(190) Concurrent Cleanup for Next Mark 0.231ms
[219.566s][info][gc          ] GC(190) Concurrent Mark Cycle 118.880ms
[219.664s][info][gc,start    ] GC(191) Pause Young (Normal) (G1 Evacuation Pause)
[219.664s][info][gc,task     ] GC(191) Using 8 workers of 8 for evacuation
[219.667s][info][gc,phases   ] GC(191)   Pre Evacuate Collection Set: 0.1ms
[219.667s][info][gc,phases   ] GC(191)   Merge Heap Roots: 0.1ms
[219.667s][info][gc,phases   ] GC(191)   Evacuate Collection Set: 2.0ms
[219.667s][info][gc,phases   ] GC(191)   Post Evacuate Collection Set: 0.5ms
[219.667s][info][gc,phases   ] GC(191)   Other: 0.1ms
[219.667s][info][gc,heap     ] GC(191) Eden regions: 64->0(64)
[219.667s][info][gc,heap     ] GC(191) Survivor regions: 4->4(9)
[219.667s][info][gc,heap     ] GC(191) Old regions: 44->44
[219.667s][info][gc,heap     ] GC(191) Humongous regions: 2->2
[219.667s][info][gc,metaspace] GC(191) Metaspace: 84958K(85824K)->84958K(85824K) NonClass: 73922K(74368K)->73922K(74368K) Class: 11036K(11456K)->11036K(11456K)
[219.667s][info][gc          ] GC(191) Pause Young (Normal) (G1 Evacuation Pause) 112M->48M(125M) 3.132ms
[219.667s][info][gc,cpu      ] GC(191) User=0.00s Sys=0.00s Real=0.00s
[219.823s][info][gc,start    ] GC(192) Pause Young (Concurrent Start) (G1 Evacuation Pause)
[219.823s][info][gc,task     ] GC(192) Using 8 workers of 8 for evacuation
[219.826s][info][gc,phases   ] GC(192)   Pre Evacuate Collection Set: 0.1ms
[219.826s][info][gc,phases   ] GC(192)   Merge Heap Roots: 0.1ms
[219.826s][info][gc,phases   ] GC(192)   Evacuate Collection Set: 2.5ms
[219.826s][info][gc,phases   ] GC(192)   Post Evacuate Collection Set: 0.4ms
[219.826s][info][gc,phases   ] GC(192)   Other: 0.1ms
[219.826s][info][gc,heap     ] GC(192) Eden regions: 64->0(63)
[219.826s][info][gc,heap     ] GC(192) Survivor regions: 4->4(9)
[219.826s][info][gc,heap     ] GC(192) Old regions: 44->45
[219.826s][info][gc,heap     ] GC(192) Humongous regions: 2->2
[219.826s][info][gc,metaspace] GC(192) Metaspace: 84958K(85824K)->84958K(85824K) NonClass: 73922K(74368K)->73922K(74368K) Class: 11036K(11456K)->11036K(11456K)
[219.826s][info][gc          ] GC(192) Pause Young (Concurrent Start) (G1 Evacuation Pause) 112M->49M(125M) 3.635ms
[219.826s][info][gc          ] GC(193) Concurrent Mark Cycle
[219.826s][info][gc,cpu      ] GC(192) User=0.05s Sys=0.00s Real=0.00s
[219.826s][info][gc,marking  ] GC(193) Concurrent Scan Root Regions
[219.829s][info][gc,marking  ] GC(193) Concurrent Scan Root Regions 2.433ms
[219.829s][info][gc,marking  ] GC(193) Concurrent Mark
[219.829s][info][gc,marking  ] GC(193) Concurrent Mark From Roots
[219.829s][info][gc,task     ] GC(193) Using 2 workers of 2 for marking
[219.902s][info][gc,marking  ] GC(193) Concurrent Mark From Roots 72.801ms
[219.902s][info][gc,marking  ] GC(193) Concurrent Preclean
[219.902s][info][gc,marking  ] GC(193) Concurrent Preclean 0.253ms
[219.902s][info][gc,start    ] GC(193) Pause Remark
[219.907s][info][gc          ] GC(193) Pause Remark 70M->70M(125M) 5.034ms
[219.907s][info][gc,cpu      ] GC(193) User=0.11s Sys=0.00s Real=0.00s
[219.907s][info][gc,marking  ] GC(193) Concurrent Mark 78.604ms
[219.907s][info][gc,marking  ] GC(193) Concurrent Rebuild Remembered Sets and Scrub Regions
[219.927s][info][gc,marking  ] GC(193) Concurrent Rebuild Remembered Sets and Scrub Regions 19.479ms
[219.927s][info][gc,start    ] GC(193) Pause Cleanup
[219.927s][info][gc          ] GC(193) Pause Cleanup 77M->77M(125M) 0.325ms
[219.927s][info][gc,cpu      ] GC(193) User=0.00s Sys=0.00s Real=0.00s
[219.927s][info][gc,marking  ] GC(193) Concurrent Clear Claimed Marks
[219.928s][info][gc,marking  ] GC(193) Concurrent Clear Claimed Marks 0.101ms
[219.928s][info][gc,marking  ] GC(193) Concurrent Cleanup for Next Mark
[219.928s][info][gc,marking  ] GC(193) Concurrent Cleanup for Next Mark 0.227ms
[219.928s][info][gc          ] GC(193) Concurrent Mark Cycle 101.686ms
[220.008s][info][gc,start    ] GC(194) Pause Young (Normal) (G1 Evacuation Pause)
[220.008s][info][gc,task     ] GC(194) Using 8 workers of 8 for evacuation
[220.011s][info][gc,phases   ] GC(194)   Pre Evacuate Collection Set: 0.1ms
[220.011s][info][gc,phases   ] GC(194)   Merge Heap Roots: 0.1ms
[220.011s][info][gc,phases   ] GC(194)   Evacuate Collection Set: 2.0ms
[220.011s][info][gc,phases   ] GC(194)   Post Evacuate Collection Set: 0.5ms
[220.011s][info][gc,phases   ] GC(194)   Other: 0.1ms
[220.011s][info][gc,heap     ] GC(194) Eden regions: 63->0(63)
[220.011s][info][gc,heap     ] GC(194) Survivor regions: 4->4(9)
[220.011s][info][gc,heap     ] GC(194) Old regions: 45->45
[220.011s][info][gc,heap     ] GC(194) Humongous regions: 2->2
[220.011s][info][gc,metaspace] GC(194) Metaspace: 84959K(85824K)->84959K(85824K) NonClass: 73922K(74368K)->73922K(74368K) Class: 11036K(11456K)->11036K(11456K)
[220.011s][info][gc          ] GC(194) Pause Young (Normal) (G1 Evacuation Pause) 112M->49M(125M) 3.246ms
[220.011s][info][gc,cpu      ] GC(194) User=0.00s Sys=0.00s Real=0.00s
[220.150s][info][gc,start    ] GC(195) Pause Young (Concurrent Start) (G1 Evacuation Pause)
[220.150s][info][gc,task     ] GC(195) Using 8 workers of 8 for evacuation
[220.153s][info][gc,phases   ] GC(195)   Pre Evacuate Collection Set: 0.1ms
[220.153s][info][gc,phases   ] GC(195)   Merge Heap Roots: 0.1ms
[220.153s][info][gc,phases   ] GC(195)   Evacuate Collection Set: 2.1ms
[220.153s][info][gc,phases   ] GC(195)   Post Evacuate Collection Set: 0.5ms
[220.153s][info][gc,phases   ] GC(195)   Other: 0.1ms
[220.153s][info][gc,heap     ] GC(195) Eden regions: 63->0(63)
[220.153s][info][gc,heap     ] GC(195) Survivor regions: 4->4(9)
[220.153s][info][gc,heap     ] GC(195) Old regions: 45->45
[220.153s][info][gc,heap     ] GC(195) Humongous regions: 2->2
[220.153s][info][gc,metaspace] GC(195) Metaspace: 84959K(85824K)->84959K(85824K) NonClass: 73922K(74368K)->73922K(74368K) Class: 11036K(11456K)->11036K(11456K)
[220.153s][info][gc          ] GC(195) Pause Young (Concurrent Start) (G1 Evacuation Pause) 112M->49M(125M) 3.227ms
[220.153s][info][gc,cpu      ] GC(195) User=0.02s Sys=0.00s Real=0.00s
[220.153s][info][gc          ] GC(196) Concurrent Mark Cycle
[220.154s][info][gc,marking  ] GC(196) Concurrent Scan Root Regions
[220.156s][info][gc,marking  ] GC(196) Concurrent Scan Root Regions 2.062ms
[220.156s][info][gc,marking  ] GC(196) Concurrent Mark
[220.156s][info][gc,marking  ] GC(196) Concurrent Mark From Roots
[220.156s][info][gc,task     ] GC(196) Using 2 workers of 2 for marking
[220.227s][info][gc,marking  ] GC(196) Concurrent Mark From Roots 71.179ms
[220.227s][info][gc,marking  ] GC(196) Concurrent Preclean
[220.227s][info][gc,marking  ] GC(196) Concurrent Preclean 0.292ms
[220.227s][info][gc,start    ] GC(196) Pause Remark
[220.232s][info][gc          ] GC(196) Pause Remark 70M->70M(125M) 4.696ms
[220.232s][info][gc,cpu      ] GC(196) User=0.06s Sys=0.00s Real=0.01s
[220.232s][info][gc,marking  ] GC(196) Concurrent Mark 76.491ms
[220.232s][info][gc,marking  ] GC(196) Concurrent Rebuild Remembered Sets and Scrub Regions
[220.251s][info][gc,marking  ] GC(196) Concurrent Rebuild Remembered Sets and Scrub Regions 19.300ms
[220.252s][info][gc,start    ] GC(196) Pause Cleanup
[220.252s][info][gc          ] GC(196) Pause Cleanup 75M->75M(125M) 0.191ms
[220.252s][info][gc,cpu      ] GC(196) User=0.00s Sys=0.00s Real=0.00s
[220.252s][info][gc,marking  ] GC(196) Concurrent Clear Claimed Marks
[220.252s][info][gc,marking  ] GC(196) Concurrent Clear Claimed Marks 0.252ms
[220.252s][info][gc,marking  ] GC(196) Concurrent Cleanup for Next Mark
[220.253s][info][gc,marking  ] GC(196) Concurrent Cleanup for Next Mark 0.616ms
[220.253s][info][gc          ] GC(196) Concurrent Mark Cycle 99.603ms
[220.337s][info][gc,start    ] GC(197) Pause Young (Normal) (G1 Evacuation Pause)
[220.337s][info][gc,task     ] GC(197) Using 8 workers of 8 for evacuation
[220.340s][info][gc,phases   ] GC(197)   Pre Evacuate Collection Set: 0.1ms
[220.340s][info][gc,phases   ] GC(197)   Merge Heap Roots: 0.1ms
[220.340s][info][gc,phases   ] GC(197)   Evacuate Collection Set: 1.9ms
[220.340s][info][gc,phases   ] GC(197)   Post Evacuate Collection Set: 0.3ms
[220.340s][info][gc,phases   ] GC(197)   Other: 0.1ms
[220.340s][info][gc,heap     ] GC(197) Eden regions: 63->0(63)
[220.340s][info][gc,heap     ] GC(197) Survivor regions: 4->4(9)
[220.340s][info][gc,heap     ] GC(197) Old regions: 45->45
[220.340s][info][gc,heap     ] GC(197) Humongous regions: 2->2
[220.340s][info][gc,metaspace] GC(197) Metaspace: 84959K(85824K)->84959K(85824K) NonClass: 73922K(74368K)->73922K(74368K) Class: 11036K(11456K)->11036K(11456K)
[220.340s][info][gc          ] GC(197) Pause Young (Normal) (G1 Evacuation Pause) 112M->49M(125M) 2.781ms
[220.340s][info][gc,cpu      ] GC(197) User=0.00s Sys=0.00s Real=0.00s
[230.504s][info][gc,start    ] GC(198) Pause Young (Concurrent Start) (G1 Evacuation Pause)
[230.504s][info][gc,task     ] GC(198) Using 8 workers of 8 for evacuation
[230.506s][info][gc,phases   ] GC(198)   Pre Evacuate Collection Set: 0.2ms
[230.506s][info][gc,phases   ] GC(198)   Merge Heap Roots: 0.1ms
[230.506s][info][gc,phases   ] GC(198)   Evacuate Collection Set: 1.0ms
[230.506s][info][gc,phases   ] GC(198)   Post Evacuate Collection Set: 0.7ms
[230.506s][info][gc,phases   ] GC(198)   Other: 0.2ms
[230.507s][info][gc,heap     ] GC(198) Eden regions: 63->0(67)
[230.507s][info][gc,heap     ] GC(198) Survivor regions: 4->2(9)
[230.507s][info][gc,heap     ] GC(198) Old regions: 45->45
[230.507s][info][gc,heap     ] GC(198) Humongous regions: 2->2
[230.507s][info][gc,metaspace] GC(198) Metaspace: 84977K(85824K)->84977K(85824K) NonClass: 73939K(74368K)->73939K(74368K) Class: 11037K(11456K)->11037K(11456K)
[230.507s][info][gc          ] GC(198) Pause Young (Concurrent Start) (G1 Evacuation Pause) 112M->47M(125M) 2.644ms
[230.507s][info][gc,cpu      ] GC(198) User=0.00s Sys=0.00s Real=0.00s
[230.507s][info][gc          ] GC(199) Concurrent Mark Cycle
[230.507s][info][gc,marking  ] GC(199) Concurrent Scan Root Regions
[230.509s][info][gc,marking  ] GC(199) Concurrent Scan Root Regions 1.956ms
[230.509s][info][gc,marking  ] GC(199) Concurrent Mark
[230.509s][info][gc,marking  ] GC(199) Concurrent Mark From Roots
[230.509s][info][gc,task     ] GC(199) Using 2 workers of 2 for marking
[230.572s][info][gc,marking  ] GC(199) Concurrent Mark From Roots 62.689ms
[230.572s][info][gc,marking  ] GC(199) Concurrent Preclean
[230.572s][info][gc,marking  ] GC(199) Concurrent Preclean 0.152ms
[230.572s][info][gc,start    ] GC(199) Pause Remark
[230.577s][info][gc          ] GC(199) Pause Remark 67M->67M(125M) 5.009ms
[230.577s][info][gc,cpu      ] GC(199) User=0.12s Sys=0.00s Real=0.01s
[230.577s][info][gc,marking  ] GC(199) Concurrent Mark 68.402ms
[230.577s][info][gc,marking  ] GC(199) Concurrent Rebuild Remembered Sets and Scrub Regions
[230.600s][info][gc,marking  ] GC(199) Concurrent Rebuild Remembered Sets and Scrub Regions 23.066ms
[230.600s][info][gc,start    ] GC(199) Pause Cleanup
[230.601s][info][gc          ] GC(199) Pause Cleanup 73M->73M(125M) 0.124ms
[230.601s][info][gc,cpu      ] GC(199) User=0.00s Sys=0.00s Real=0.00s
[230.601s][info][gc,marking  ] GC(199) Concurrent Clear Claimed Marks
[230.601s][info][gc,marking  ] GC(199) Concurrent Clear Claimed Marks 0.093ms
[230.601s][info][gc,marking  ] GC(199) Concurrent Cleanup for Next Mark
[230.601s][info][gc,marking  ] GC(199) Concurrent Cleanup for Next Mark 0.221ms
[230.601s][info][gc          ] GC(199) Concurrent Mark Cycle 94.303ms
[230.684s][info][gc,start    ] GC(200) Pause Young (Prepare Mixed) (G1 Evacuation Pause)
[230.685s][info][gc,task     ] GC(200) Using 8 workers of 8 for evacuation
[230.686s][info][gc,phases   ] GC(200)   Pre Evacuate Collection Set: 0.1ms
[230.686s][info][gc,phases   ] GC(200)   Merge Heap Roots: 0.1ms
[230.686s][info][gc,phases   ] GC(200)   Evacuate Collection Set: 0.9ms
[230.686s][info][gc,phases   ] GC(200)   Post Evacuate Collection Set: 0.3ms
[230.686s][info][gc,phases   ] GC(200)   Other: 0.1ms
[230.686s][info][gc,heap     ] GC(200) Eden regions: 67->0(67)
[230.686s][info][gc,heap     ] GC(200) Survivor regions: 2->2(9)
[230.686s][info][gc,heap     ] GC(200) Old regions: 45->45
[230.686s][info][gc,heap     ] GC(200) Humongous regions: 2->2
[230.686s][info][gc,metaspace] GC(200) Metaspace: 85012K(85824K)->85012K(85824K) NonClass: 73974K(74368K)->73974K(74368K) Class: 11038K(11456K)->11038K(11456K)
[230.686s][info][gc          ] GC(200) Pause Young (Prepare Mixed) (G1 Evacuation Pause) 114M->47M(125M) 1.846ms
[230.686s][info][gc,cpu      ] GC(200) User=0.00s Sys=0.00s Real=0.00s
[230.829s][info][gc,start    ] GC(201) Pause Young (Mixed) (G1 Evacuation Pause)
[230.829s][info][gc,task     ] GC(201) Using 8 workers of 8 for evacuation
[230.831s][info][gc,phases   ] GC(201)   Pre Evacuate Collection Set: 0.1ms
[230.831s][info][gc,phases   ] GC(201)   Merge Heap Roots: 0.1ms
[230.831s][info][gc,phases   ] GC(201)   Evacuate Collection Set: 1.2ms
[230.831s][info][gc,phases   ] GC(201)   Post Evacuate Collection Set: 0.4ms
[230.831s][info][gc,phases   ] GC(201)   Other: 0.1ms
[230.831s][info][gc,heap     ] GC(201) Eden regions: 67->0(68)
[230.831s][info][gc,heap     ] GC(201) Survivor regions: 2->2(9)
[230.831s][info][gc,heap     ] GC(201) Old regions: 45->44
[230.831s][info][gc,heap     ] GC(201) Humongous regions: 2->2
[230.831s][info][gc,metaspace] GC(201) Metaspace: 85012K(85824K)->85012K(85824K) NonClass: 73974K(74368K)->73974K(74368K) Class: 11038K(11456K)->11038K(11456K)
[230.831s][info][gc          ] GC(201) Pause Young (Mixed) (G1 Evacuation Pause) 114M->47M(125M) 2.205ms
[230.831s][info][gc,cpu      ] GC(201) User=0.00s Sys=0.00s Real=0.00s
[230.999s][info][gc,start    ] GC(202) Pause Young (Concurrent Start) (G1 Evacuation Pause)
[230.999s][info][gc,task     ] GC(202) Using 8 workers of 8 for evacuation
[231.001s][info][gc,phases   ] GC(202)   Pre Evacuate Collection Set: 0.2ms
[231.001s][info][gc,phases   ] GC(202)   Merge Heap Roots: 0.1ms
[231.001s][info][gc,phases   ] GC(202)   Evacuate Collection Set: 1.5ms
[231.001s][info][gc,phases   ] GC(202)   Post Evacuate Collection Set: 0.5ms
[231.001s][info][gc,phases   ] GC(202)   Other: 0.2ms
[231.001s][info][gc,heap     ] GC(202) Eden regions: 68->0(68)
[231.001s][info][gc,heap     ] GC(202) Survivor regions: 2->2(9)
[231.001s][info][gc,heap     ] GC(202) Old regions: 44->44
[231.001s][info][gc,heap     ] GC(202) Humongous regions: 2->2
[231.001s][info][gc,metaspace] GC(202) Metaspace: 85012K(85824K)->85012K(85824K) NonClass: 73974K(74368K)->73974K(74368K) Class: 11038K(11456K)->11038K(11456K)
[231.001s][info][gc          ] GC(202) Pause Young (Concurrent Start) (G1 Evacuation Pause) 115M->47M(125M) 2.865ms
[231.001s][info][gc,cpu      ] GC(202) User=0.00s Sys=0.00s Real=0.00s
[231.001s][info][gc          ] GC(203) Concurrent Mark Cycle
[231.002s][info][gc,marking  ] GC(203) Concurrent Scan Root Regions
[231.003s][info][gc,marking  ] GC(203) Concurrent Scan Root Regions 1.264ms
[231.003s][info][gc,marking  ] GC(203) Concurrent Mark
[231.003s][info][gc,marking  ] GC(203) Concurrent Mark From Roots
[231.003s][info][gc,task     ] GC(203) Using 2 workers of 2 for marking
[231.069s][info][gc,marking  ] GC(203) Concurrent Mark From Roots 66.015ms
[231.069s][info][gc,marking  ] GC(203) Concurrent Preclean
[231.069s][info][gc,marking  ] GC(203) Concurrent Preclean 0.207ms
[231.069s][info][gc,start    ] GC(203) Pause Remark
[231.074s][info][gc          ] GC(203) Pause Remark 67M->67M(125M) 5.040ms
[231.074s][info][gc,cpu      ] GC(203) User=0.00s Sys=0.00s Real=0.00s
[231.074s][info][gc,marking  ] GC(203) Concurrent Mark 71.620ms
[231.075s][info][gc,marking  ] GC(203) Concurrent Rebuild Remembered Sets and Scrub Regions
[231.101s][info][gc,marking  ] GC(203) Concurrent Rebuild Remembered Sets and Scrub Regions 26.774ms
[231.101s][info][gc,start    ] GC(203) Pause Cleanup
[231.102s][info][gc          ] GC(203) Pause Cleanup 74M->74M(125M) 0.129ms
[231.102s][info][gc,cpu      ] GC(203) User=0.00s Sys=0.00s Real=0.00s
[231.102s][info][gc,marking  ] GC(203) Concurrent Clear Claimed Marks
[231.102s][info][gc,marking  ] GC(203) Concurrent Clear Claimed Marks 0.097ms
[231.102s][info][gc,marking  ] GC(203) Concurrent Cleanup for Next Mark
[231.102s][info][gc,marking  ] GC(203) Concurrent Cleanup for Next Mark 0.238ms
[231.102s][info][gc          ] GC(203) Concurrent Mark Cycle 100.638ms
[231.206s][info][gc,start    ] GC(204) Pause Young (Prepare Mixed) (G1 Evacuation Pause)
[231.206s][info][gc,task     ] GC(204) Using 8 workers of 8 for evacuation
[231.209s][info][gc,phases   ] GC(204)   Pre Evacuate Collection Set: 0.2ms
[231.209s][info][gc,phases   ] GC(204)   Merge Heap Roots: 0.1ms
[231.209s][info][gc,phases   ] GC(204)   Evacuate Collection Set: 1.9ms
[231.209s][info][gc,phases   ] GC(204)   Post Evacuate Collection Set: 0.4ms
[231.209s][info][gc,phases   ] GC(204)   Other: 0.1ms
[231.209s][info][gc,heap     ] GC(204) Eden regions: 68->0(68)
[231.209s][info][gc,heap     ] GC(204) Survivor regions: 2->2(9)
[231.209s][info][gc,heap     ] GC(204) Old regions: 44->44
[231.209s][info][gc,heap     ] GC(204) Humongous regions: 2->2
[231.209s][info][gc,metaspace] GC(204) Metaspace: 85012K(85824K)->85012K(85824K) NonClass: 73974K(74368K)->73974K(74368K) Class: 11038K(11456K)->11038K(11456K)
[231.209s][info][gc          ] GC(204) Pause Young (Prepare Mixed) (G1 Evacuation Pause) 115M->47M(125M) 3.004ms
[231.209s][info][gc,cpu      ] GC(204) User=0.00s Sys=0.00s Real=0.00s
[231.384s][info][gc,start    ] GC(205) Pause Young (Mixed) (G1 Evacuation Pause)
[231.384s][info][gc,task     ] GC(205) Using 8 workers of 8 for evacuation
[231.387s][info][gc,phases   ] GC(205)   Pre Evacuate Collection Set: 0.1ms
[231.387s][info][gc,phases   ] GC(205)   Merge Heap Roots: 0.1ms
[231.387s][info][gc,phases   ] GC(205)   Evacuate Collection Set: 2.0ms
[231.387s][info][gc,phases   ] GC(205)   Post Evacuate Collection Set: 0.4ms
[231.387s][info][gc,phases   ] GC(205)   Other: 0.1ms
[231.387s][info][gc,heap     ] GC(205) Eden regions: 68->0(68)
[231.387s][info][gc,heap     ] GC(205) Survivor regions: 2->2(9)
[231.387s][info][gc,heap     ] GC(205) Old regions: 44->44
[231.387s][info][gc,heap     ] GC(205) Humongous regions: 2->2
[231.387s][info][gc,metaspace] GC(205) Metaspace: 85012K(85824K)->85012K(85824K) NonClass: 73974K(74368K)->73974K(74368K) Class: 11038K(11456K)->11038K(11456K)
[231.387s][info][gc          ] GC(205) Pause Young (Mixed) (G1 Evacuation Pause) 115M->47M(125M) 2.949ms
[231.387s][info][gc,cpu      ] GC(205) User=0.00s Sys=0.00s Real=0.00s
[231.583s][info][gc,start    ] GC(206) Pause Young (Concurrent Start) (G1 Evacuation Pause)
[231.583s][info][gc,task     ] GC(206) Using 8 workers of 8 for evacuation
[231.585s][info][gc,phases   ] GC(206)   Pre Evacuate Collection Set: 0.1ms
[231.585s][info][gc,phases   ] GC(206)   Merge Heap Roots: 0.1ms
[231.586s][info][gc,phases   ] GC(206)   Evacuate Collection Set: 1.7ms
[231.586s][info][gc,phases   ] GC(206)   Post Evacuate Collection Set: 0.4ms
[231.586s][info][gc,phases   ] GC(206)   Other: 0.1ms
[231.586s][info][gc,heap     ] GC(206) Eden regions: 68->0(66)
[231.586s][info][gc,heap     ] GC(206) Survivor regions: 2->3(9)
[231.586s][info][gc,heap     ] GC(206) Old regions: 44->44
[231.586s][info][gc,heap     ] GC(206) Humongous regions: 2->2
[231.586s][info][gc,metaspace] GC(206) Metaspace: 85012K(85824K)->85012K(85824K) NonClass: 73974K(74368K)->73974K(74368K) Class: 11038K(11456K)->11038K(11456K)
[231.586s][info][gc          ] GC(206) Pause Young (Concurrent Start) (G1 Evacuation Pause) 115M->47M(125M) 2.701ms
[231.586s][info][gc          ] GC(207) Concurrent Mark Cycle
[231.586s][info][gc,cpu      ] GC(206) User=0.00s Sys=0.00s Real=0.00s
[231.586s][info][gc,marking  ] GC(207) Concurrent Scan Root Regions
[231.588s][info][gc,marking  ] GC(207) Concurrent Scan Root Regions 1.693ms
[231.588s][info][gc,marking  ] GC(207) Concurrent Mark
[231.588s][info][gc,marking  ] GC(207) Concurrent Mark From Roots
[231.588s][info][gc,task     ] GC(207) Using 2 workers of 2 for marking
[231.656s][info][gc,marking  ] GC(207) Concurrent Mark From Roots 68.662ms
[231.656s][info][gc,marking  ] GC(207) Concurrent Preclean
[231.657s][info][gc,marking  ] GC(207) Concurrent Preclean 0.340ms
[231.657s][info][gc,start    ] GC(207) Pause Remark
[231.664s][info][gc          ] GC(207) Pause Remark 62M->62M(125M) 7.213ms
[231.664s][info][gc,cpu      ] GC(207) User=0.00s Sys=0.00s Real=0.01s
[231.664s][info][gc,marking  ] GC(207) Concurrent Mark 76.660ms
[231.664s][info][gc,marking  ] GC(207) Concurrent Rebuild Remembered Sets and Scrub Regions
[231.693s][info][gc,marking  ] GC(207) Concurrent Rebuild Remembered Sets and Scrub Regions 28.715ms
[231.693s][info][gc,start    ] GC(207) Pause Cleanup
[231.693s][info][gc          ] GC(207) Pause Cleanup 68M->68M(125M) 0.177ms
[231.693s][info][gc,cpu      ] GC(207) User=0.00s Sys=0.00s Real=0.00s
[231.693s][info][gc,marking  ] GC(207) Concurrent Clear Claimed Marks
[231.694s][info][gc,marking  ] GC(207) Concurrent Clear Claimed Marks 0.138ms
[231.694s][info][gc,marking  ] GC(207) Concurrent Cleanup for Next Mark
[231.694s][info][gc,marking  ] GC(207) Concurrent Cleanup for Next Mark 0.285ms
[231.694s][info][gc          ] GC(207) Concurrent Mark Cycle 108.237ms
[231.823s][info][gc,start    ] GC(208) Pause Young (Prepare Mixed) (G1 Evacuation Pause)
[231.823s][info][gc,task     ] GC(208) Using 8 workers of 8 for evacuation
[231.826s][info][gc,phases   ] GC(208)   Pre Evacuate Collection Set: 0.2ms
[231.826s][info][gc,phases   ] GC(208)   Merge Heap Roots: 0.1ms
[231.826s][info][gc,phases   ] GC(208)   Evacuate Collection Set: 2.2ms
[231.826s][info][gc,phases   ] GC(208)   Post Evacuate Collection Set: 0.4ms
[231.826s][info][gc,phases   ] GC(208)   Other: 0.1ms
[231.826s][info][gc,heap     ] GC(208) Eden regions: 66->0(66)
[231.826s][info][gc,heap     ] GC(208) Survivor regions: 3->3(9)
[231.826s][info][gc,heap     ] GC(208) Old regions: 44->44
[231.826s][info][gc,heap     ] GC(208) Humongous regions: 2->2
[231.826s][info][gc,metaspace] GC(208) Metaspace: 85012K(85824K)->85012K(85824K) NonClass: 73974K(74368K)->73974K(74368K) Class: 11038K(11456K)->11038K(11456K)
[231.826s][info][gc          ] GC(208) Pause Young (Prepare Mixed) (G1 Evacuation Pause) 113M->47M(125M) 3.603ms
[231.826s][info][gc,cpu      ] GC(208) User=0.11s Sys=0.00s Real=0.00s
[232.009s][info][gc,start    ] GC(209) Pause Young (Mixed) (G1 Evacuation Pause)
[232.009s][info][gc,task     ] GC(209) Using 8 workers of 8 for evacuation
[232.012s][info][gc,phases   ] GC(209)   Pre Evacuate Collection Set: 0.1ms
[232.012s][info][gc,phases   ] GC(209)   Merge Heap Roots: 0.1ms
[232.012s][info][gc,phases   ] GC(209)   Evacuate Collection Set: 1.7ms
[232.012s][info][gc,phases   ] GC(209)   Post Evacuate Collection Set: 0.5ms
[232.012s][info][gc,phases   ] GC(209)   Other: 0.1ms
[232.012s][info][gc,heap     ] GC(209) Eden regions: 66->0(67)
[232.012s][info][gc,heap     ] GC(209) Survivor regions: 3->3(9)
[232.012s][info][gc,heap     ] GC(209) Old regions: 44->43
[232.012s][info][gc,heap     ] GC(209) Humongous regions: 2->2
[232.012s][info][gc,metaspace] GC(209) Metaspace: 85012K(85824K)->85012K(85824K) NonClass: 73974K(74368K)->73974K(74368K) Class: 11038K(11456K)->11038K(11456K)
[232.012s][info][gc          ] GC(209) Pause Young (Mixed) (G1 Evacuation Pause) 113M->47M(125M) 3.005ms
[232.012s][info][gc,cpu      ] GC(209) User=0.00s Sys=0.00s Real=0.00s
[232.178s][info][gc,start    ] GC(210) Pause Young (Concurrent Start) (G1 Evacuation Pause)
[232.178s][info][gc,task     ] GC(210) Using 8 workers of 8 for evacuation
[232.182s][info][gc,phases   ] GC(210)   Pre Evacuate Collection Set: 0.2ms
[232.182s][info][gc,phases   ] GC(210)   Merge Heap Roots: 0.1ms
[232.182s][info][gc,phases   ] GC(210)   Evacuate Collection Set: 3.2ms
[232.182s][info][gc,phases   ] GC(210)   Post Evacuate Collection Set: 0.5ms
[232.182s][info][gc,phases   ] GC(210)   Other: 0.1ms
[232.182s][info][gc,heap     ] GC(210) Eden regions: 67->0(67)
[232.182s][info][gc,heap     ] GC(210) Survivor regions: 3->3(9)
[232.182s][info][gc,heap     ] GC(210) Old regions: 43->43
[232.182s][info][gc,heap     ] GC(210) Humongous regions: 2->2
[232.182s][info][gc,metaspace] GC(210) Metaspace: 85012K(85824K)->85012K(85824K) NonClass: 73974K(74368K)->73974K(74368K) Class: 11038K(11456K)->11038K(11456K)
[232.182s][info][gc          ] GC(210) Pause Young (Concurrent Start) (G1 Evacuation Pause) 114M->47M(125M) 4.810ms
[232.182s][info][gc,cpu      ] GC(210) User=0.00s Sys=0.00s Real=0.01s
[232.183s][info][gc          ] GC(211) Concurrent Mark Cycle
[232.183s][info][gc,marking  ] GC(211) Concurrent Scan Root Regions
[232.185s][info][gc,marking  ] GC(211) Concurrent Scan Root Regions 2.433ms
[232.185s][info][gc,marking  ] GC(211) Concurrent Mark
[232.185s][info][gc,marking  ] GC(211) Concurrent Mark From Roots
[232.185s][info][gc,task     ] GC(211) Using 2 workers of 2 for marking
[232.244s][info][gc,marking  ] GC(211) Concurrent Mark From Roots 58.502ms
[232.244s][info][gc,marking  ] GC(211) Concurrent Preclean
[232.244s][info][gc,marking  ] GC(211) Concurrent Preclean 0.167ms
[232.244s][info][gc,start    ] GC(211) Pause Remark
[232.249s][info][gc          ] GC(211) Pause Remark 67M->67M(125M) 5.406ms
[232.249s][info][gc,cpu      ] GC(211) User=0.09s Sys=0.00s Real=0.00s
[232.249s][info][gc,marking  ] GC(211) Concurrent Mark 64.386ms
[232.250s][info][gc,marking  ] GC(211) Concurrent Rebuild Remembered Sets and Scrub Regions
[232.268s][info][gc,marking  ] GC(211) Concurrent Rebuild Remembered Sets and Scrub Regions 17.982ms
[232.268s][info][gc,start    ] GC(211) Pause Cleanup
[232.268s][info][gc          ] GC(211) Pause Cleanup 74M->74M(125M) 0.144ms
[232.268s][info][gc,cpu      ] GC(211) User=0.00s Sys=0.00s Real=0.00s
[232.268s][info][gc,marking  ] GC(211) Concurrent Clear Claimed Marks
[232.268s][info][gc,marking  ] GC(211) Concurrent Clear Claimed Marks 0.114ms
[232.268s][info][gc,marking  ] GC(211) Concurrent Cleanup for Next Mark
[232.268s][info][gc,marking  ] GC(211) Concurrent Cleanup for Next Mark 0.255ms
[232.268s][info][gc          ] GC(211) Concurrent Mark Cycle 85.913ms
[232.374s][info][gc,start    ] GC(212) Pause Young (Prepare Mixed) (G1 Evacuation Pause)
[232.374s][info][gc,task     ] GC(212) Using 8 workers of 8 for evacuation
[232.377s][info][gc,phases   ] GC(212)   Pre Evacuate Collection Set: 0.2ms
[232.377s][info][gc,phases   ] GC(212)   Merge Heap Roots: 0.1ms
[232.377s][info][gc,phases   ] GC(212)   Evacuate Collection Set: 2.2ms
[232.377s][info][gc,phases   ] GC(212)   Post Evacuate Collection Set: 0.4ms
[232.377s][info][gc,phases   ] GC(212)   Other: 0.1ms
[232.377s][info][gc,heap     ] GC(212) Eden regions: 67->0(67)
[232.377s][info][gc,heap     ] GC(212) Survivor regions: 3->3(9)
[232.377s][info][gc,heap     ] GC(212) Old regions: 43->43
[232.377s][info][gc,heap     ] GC(212) Humongous regions: 2->2
[232.377s][info][gc,metaspace] GC(212) Metaspace: 85012K(85824K)->85012K(85824K) NonClass: 73974K(74368K)->73974K(74368K) Class: 11038K(11456K)->11038K(11456K)
[232.377s][info][gc          ] GC(212) Pause Young (Prepare Mixed) (G1 Evacuation Pause) 114M->47M(125M) 3.463ms
[232.377s][info][gc,cpu      ] GC(212) User=0.00s Sys=0.00s Real=0.00s
[232.553s][info][gc,start    ] GC(213) Pause Young (Mixed) (G1 Evacuation Pause)
[232.553s][info][gc,task     ] GC(213) Using 8 workers of 8 for evacuation
[232.556s][info][gc,phases   ] GC(213)   Pre Evacuate Collection Set: 0.1ms
[232.556s][info][gc,phases   ] GC(213)   Merge Heap Roots: 0.1ms
[232.556s][info][gc,phases   ] GC(213)   Evacuate Collection Set: 1.9ms
[232.556s][info][gc,phases   ] GC(213)   Post Evacuate Collection Set: 0.4ms
[232.556s][info][gc,phases   ] GC(213)   Other: 0.1ms
[232.556s][info][gc,heap     ] GC(213) Eden regions: 67->0(65)
[232.556s][info][gc,heap     ] GC(213) Survivor regions: 3->4(9)
[232.556s][info][gc,heap     ] GC(213) Old regions: 43->43
[232.556s][info][gc,heap     ] GC(213) Humongous regions: 2->2
[232.556s][info][gc,metaspace] GC(213) Metaspace: 85013K(85824K)->85013K(85824K) NonClass: 73974K(74368K)->73974K(74368K) Class: 11038K(11456K)->11038K(11456K)
[232.556s][info][gc          ] GC(213) Pause Young (Mixed) (G1 Evacuation Pause) 114M->47M(125M) 3.031ms
[232.557s][info][gc,cpu      ] GC(213) User=0.00s Sys=0.00s Real=0.00s
[232.715s][info][gc,start    ] GC(214) Pause Young (Concurrent Start) (G1 Evacuation Pause)
[232.715s][info][gc,task     ] GC(214) Using 8 workers of 8 for evacuation
[232.718s][info][gc,phases   ] GC(214)   Pre Evacuate Collection Set: 0.1ms
[232.718s][info][gc,phases   ] GC(214)   Merge Heap Roots: 0.1ms
[232.718s][info][gc,phases   ] GC(214)   Evacuate Collection Set: 2.0ms
[232.718s][info][gc,phases   ] GC(214)   Post Evacuate Collection Set: 0.4ms
[232.718s][info][gc,phases   ] GC(214)   Other: 0.1ms
[232.718s][info][gc,heap     ] GC(214) Eden regions: 65->0(65)
[232.718s][info][gc,heap     ] GC(214) Survivor regions: 4->4(9)
[232.718s][info][gc,heap     ] GC(214) Old regions: 43->43
[232.718s][info][gc,heap     ] GC(214) Humongous regions: 2->2
[232.718s][info][gc,metaspace] GC(214) Metaspace: 85013K(85824K)->85013K(85824K) NonClass: 73974K(74368K)->73974K(74368K) Class: 11038K(11456K)->11038K(11456K)
[232.718s][info][gc          ] GC(214) Pause Young (Concurrent Start) (G1 Evacuation Pause) 112M->47M(125M) 2.986ms
[232.718s][info][gc,cpu      ] GC(214) User=0.12s Sys=0.00s Real=0.00s
[232.718s][info][gc          ] GC(215) Concurrent Mark Cycle
[232.718s][info][gc,marking  ] GC(215) Concurrent Scan Root Regions
[232.721s][info][gc,marking  ] GC(215) Concurrent Scan Root Regions 2.443ms
[232.721s][info][gc,marking  ] GC(215) Concurrent Mark
[232.721s][info][gc,marking  ] GC(215) Concurrent Mark From Roots
[232.721s][info][gc,task     ] GC(215) Using 2 workers of 2 for marking
[232.781s][info][gc,marking  ] GC(215) Concurrent Mark From Roots 60.149ms
[232.781s][info][gc,marking  ] GC(215) Concurrent Preclean
[232.781s][info][gc,marking  ] GC(215) Concurrent Preclean 0.249ms
[232.782s][info][gc,start    ] GC(215) Pause Remark
[232.786s][info][gc          ] GC(215) Pause Remark 68M->68M(125M) 4.791ms
[232.786s][info][gc,cpu      ] GC(215) User=0.00s Sys=0.00s Real=0.01s
[232.786s][info][gc,marking  ] GC(215) Concurrent Mark 65.656ms
[232.787s][info][gc,marking  ] GC(215) Concurrent Rebuild Remembered Sets and Scrub Regions
[232.815s][info][gc,marking  ] GC(215) Concurrent Rebuild Remembered Sets and Scrub Regions 28.323ms
[232.815s][info][gc,start    ] GC(215) Pause Cleanup
[232.815s][info][gc          ] GC(215) Pause Cleanup 73M->73M(125M) 0.166ms
[232.815s][info][gc,cpu      ] GC(215) User=0.00s Sys=0.00s Real=0.00s
[232.815s][info][gc,marking  ] GC(215) Concurrent Clear Claimed Marks
[232.816s][info][gc,marking  ] GC(215) Concurrent Clear Claimed Marks 0.121ms
[232.816s][info][gc,marking  ] GC(215) Concurrent Cleanup for Next Mark
[232.816s][info][gc,marking  ] GC(215) Concurrent Cleanup for Next Mark 0.275ms
[232.816s][info][gc          ] GC(215) Concurrent Mark Cycle 97.642ms
[232.911s][info][gc,start    ] GC(216) Pause Young (Prepare Mixed) (G1 Evacuation Pause)
[232.911s][info][gc,task     ] GC(216) Using 8 workers of 8 for evacuation
[232.915s][info][gc,phases   ] GC(216)   Pre Evacuate Collection Set: 0.1ms
[232.915s][info][gc,phases   ] GC(216)   Merge Heap Roots: 0.1ms
[232.915s][info][gc,phases   ] GC(216)   Evacuate Collection Set: 3.1ms
[232.915s][info][gc,phases   ] GC(216)   Post Evacuate Collection Set: 0.6ms
[232.915s][info][gc,phases   ] GC(216)   Other: 0.1ms
[232.915s][info][gc,heap     ] GC(216) Eden regions: 65->0(65)
[232.915s][info][gc,heap     ] GC(216) Survivor regions: 4->4(9)
[232.915s][info][gc,heap     ] GC(216) Old regions: 43->43
[232.915s][info][gc,heap     ] GC(216) Humongous regions: 2->2
[232.915s][info][gc,metaspace] GC(216) Metaspace: 85013K(85824K)->85013K(85824K) NonClass: 73975K(74368K)->73975K(74368K) Class: 11038K(11456K)->11038K(11456K)
[232.915s][info][gc          ] GC(216) Pause Young (Prepare Mixed) (G1 Evacuation Pause) 112M->47M(125M) 4.476ms
[232.915s][info][gc,cpu      ] GC(216) User=0.00s Sys=0.00s Real=0.00s
[233.082s][info][gc,start    ] GC(217) Pause Young (Mixed) (G1 Evacuation Pause)
[233.082s][info][gc,task     ] GC(217) Using 8 workers of 8 for evacuation
[233.085s][info][gc,phases   ] GC(217)   Pre Evacuate Collection Set: 0.1ms
[233.086s][info][gc,phases   ] GC(217)   Merge Heap Roots: 0.1ms
[233.086s][info][gc,phases   ] GC(217)   Evacuate Collection Set: 2.5ms
[233.086s][info][gc,phases   ] GC(217)   Post Evacuate Collection Set: 0.5ms
[233.086s][info][gc,phases   ] GC(217)   Other: 0.1ms
[233.086s][info][gc,heap     ] GC(217) Eden regions: 65->0(66)
[233.086s][info][gc,heap     ] GC(217) Survivor regions: 4->4(9)
[233.086s][info][gc,heap     ] GC(217) Old regions: 43->42
[233.086s][info][gc,heap     ] GC(217) Humongous regions: 2->2
[233.086s][info][gc,metaspace] GC(217) Metaspace: 85013K(85824K)->85013K(85824K) NonClass: 73975K(74368K)->73975K(74368K) Class: 11038K(11456K)->11038K(11456K)
[233.086s][info][gc          ] GC(217) Pause Young (Mixed) (G1 Evacuation Pause) 112M->47M(125M) 3.758ms
[233.086s][info][gc,cpu      ] GC(217) User=0.00s Sys=0.00s Real=0.00s
[233.242s][info][gc,start    ] GC(218) Pause Young (Concurrent Start) (G1 Evacuation Pause)
[233.242s][info][gc,task     ] GC(218) Using 8 workers of 8 for evacuation
[233.245s][info][gc,phases   ] GC(218)   Pre Evacuate Collection Set: 0.2ms
[233.245s][info][gc,phases   ] GC(218)   Merge Heap Roots: 0.1ms
[233.246s][info][gc,phases   ] GC(218)   Evacuate Collection Set: 2.4ms
[233.246s][info][gc,phases   ] GC(218)   Post Evacuate Collection Set: 0.5ms
[233.246s][info][gc,phases   ] GC(218)   Other: 0.2ms
[233.246s][info][gc,heap     ] GC(218) Eden regions: 66->0(65)
[233.246s][info][gc,heap     ] GC(218) Survivor regions: 4->4(9)
[233.246s][info][gc,heap     ] GC(218) Old regions: 42->43
[233.246s][info][gc,heap     ] GC(218) Humongous regions: 2->2
[233.246s][info][gc,metaspace] GC(218) Metaspace: 85013K(85824K)->85013K(85824K) NonClass: 73975K(74368K)->73975K(74368K) Class: 11038K(11456K)->11038K(11456K)
[233.246s][info][gc          ] GC(218) Pause Young (Concurrent Start) (G1 Evacuation Pause) 113M->47M(125M) 3.889ms
[233.246s][info][gc          ] GC(219) Concurrent Mark Cycle
[233.246s][info][gc,cpu      ] GC(218) User=0.00s Sys=0.00s Real=0.00s
[233.246s][info][gc,marking  ] GC(219) Concurrent Scan Root Regions
[233.249s][info][gc,marking  ] GC(219) Concurrent Scan Root Regions 2.982ms
[233.249s][info][gc,marking  ] GC(219) Concurrent Mark
[233.249s][info][gc,marking  ] GC(219) Concurrent Mark From Roots
[233.249s][info][gc,task     ] GC(219) Using 2 workers of 2 for marking
[233.319s][info][gc,marking  ] GC(219) Concurrent Mark From Roots 69.691ms
[233.319s][info][gc,marking  ] GC(219) Concurrent Preclean
[233.319s][info][gc,marking  ] GC(219) Concurrent Preclean 0.201ms
[233.319s][info][gc,start    ] GC(219) Pause Remark
[233.324s][info][gc          ] GC(219) Pause Remark 65M->65M(125M) 5.150ms
[233.325s][info][gc,cpu      ] GC(219) User=0.00s Sys=0.00s Real=0.00s
[233.325s][info][gc,marking  ] GC(219) Concurrent Mark 75.472ms
[233.325s][info][gc,marking  ] GC(219) Concurrent Rebuild Remembered Sets and Scrub Regions
[233.350s][info][gc,marking  ] GC(219) Concurrent Rebuild Remembered Sets and Scrub Regions 25.320ms
[233.350s][info][gc,start    ] GC(219) Pause Cleanup
[233.350s][info][gc          ] GC(219) Pause Cleanup 75M->75M(125M) 0.113ms
[233.350s][info][gc,cpu      ] GC(219) User=0.00s Sys=0.00s Real=0.00s
[233.350s][info][gc,marking  ] GC(219) Concurrent Clear Claimed Marks
[233.350s][info][gc,marking  ] GC(219) Concurrent Clear Claimed Marks 0.100ms
[233.350s][info][gc,marking  ] GC(219) Concurrent Cleanup for Next Mark
[233.351s][info][gc,marking  ] GC(219) Concurrent Cleanup for Next Mark 0.197ms
[233.351s][info][gc          ] GC(219) Concurrent Mark Cycle 104.676ms
[233.436s][info][gc,start    ] GC(220) Pause Young (Normal) (G1 Evacuation Pause)
[233.436s][info][gc,task     ] GC(220) Using 8 workers of 8 for evacuation
[233.439s][info][gc,phases   ] GC(220)   Pre Evacuate Collection Set: 0.1ms
[233.439s][info][gc,phases   ] GC(220)   Merge Heap Roots: 0.1ms
[233.439s][info][gc,phases   ] GC(220)   Evacuate Collection Set: 2.0ms
[233.439s][info][gc,phases   ] GC(220)   Post Evacuate Collection Set: 0.3ms
[233.439s][info][gc,phases   ] GC(220)   Other: 0.1ms
[233.439s][info][gc,heap     ] GC(220) Eden regions: 65->0(65)
[233.439s][info][gc,heap     ] GC(220) Survivor regions: 4->4(9)
[233.439s][info][gc,heap     ] GC(220) Old regions: 43->43
[233.439s][info][gc,heap     ] GC(220) Humongous regions: 2->2
[233.439s][info][gc,metaspace] GC(220) Metaspace: 85013K(85824K)->85013K(85824K) NonClass: 73975K(74368K)->73975K(74368K) Class: 11038K(11456K)->11038K(11456K)
[233.439s][info][gc          ] GC(220) Pause Young (Normal) (G1 Evacuation Pause) 112M->47M(125M) 3.016ms
[233.439s][info][gc,cpu      ] GC(220) User=0.00s Sys=0.00s Real=0.00s
[233.604s][info][gc,start    ] GC(221) Pause Young (Concurrent Start) (G1 Evacuation Pause)
[233.604s][info][gc,task     ] GC(221) Using 8 workers of 8 for evacuation
[233.608s][info][gc,phases   ] GC(221)   Pre Evacuate Collection Set: 0.1ms
[233.608s][info][gc,phases   ] GC(221)   Merge Heap Roots: 0.0ms
[233.608s][info][gc,phases   ] GC(221)   Evacuate Collection Set: 2.4ms
[233.608s][info][gc,phases   ] GC(221)   Post Evacuate Collection Set: 0.6ms
[233.608s][info][gc,phases   ] GC(221)   Other: 0.1ms
[233.608s][info][gc,heap     ] GC(221) Eden regions: 65->0(65)
[233.608s][info][gc,heap     ] GC(221) Survivor regions: 4->4(9)
[233.608s][info][gc,heap     ] GC(221) Old regions: 43->43
[233.608s][info][gc,heap     ] GC(221) Humongous regions: 2->2
[233.608s][info][gc,metaspace] GC(221) Metaspace: 85024K(85888K)->85024K(85888K) NonClass: 73985K(74432K)->73985K(74432K) Class: 11038K(11456K)->11038K(11456K)
[233.608s][info][gc          ] GC(221) Pause Young (Concurrent Start) (G1 Evacuation Pause) 112M->48M(125M) 3.702ms
[233.608s][info][gc,cpu      ] GC(221) User=0.11s Sys=0.00s Real=0.00s
[233.608s][info][gc          ] GC(222) Concurrent Mark Cycle
[233.608s][info][gc,marking  ] GC(222) Concurrent Scan Root Regions
[233.610s][info][gc,marking  ] GC(222) Concurrent Scan Root Regions 2.144ms
[233.610s][info][gc,marking  ] GC(222) Concurrent Mark
[233.610s][info][gc,marking  ] GC(222) Concurrent Mark From Roots
[233.610s][info][gc,task     ] GC(222) Using 2 workers of 2 for marking
[233.659s][info][gc,marking  ] GC(222) Concurrent Mark From Roots 48.422ms
[233.659s][info][gc,marking  ] GC(222) Concurrent Preclean
[233.659s][info][gc,marking  ] GC(222) Concurrent Preclean 0.175ms
[233.659s][info][gc,start    ] GC(222) Pause Remark
[233.664s][info][gc          ] GC(222) Pause Remark 70M->70M(125M) 5.401ms
[233.665s][info][gc,cpu      ] GC(222) User=0.00s Sys=0.00s Real=0.01s
[233.665s][info][gc,marking  ] GC(222) Concurrent Mark 54.292ms
[233.665s][info][gc,marking  ] GC(222) Concurrent Rebuild Remembered Sets and Scrub Regions
[233.685s][info][gc,marking  ] GC(222) Concurrent Rebuild Remembered Sets and Scrub Regions 20.591ms
[233.685s][info][gc,start    ] GC(222) Pause Cleanup
[233.685s][info][gc          ] GC(222) Pause Cleanup 76M->76M(125M) 0.147ms
[233.686s][info][gc,cpu      ] GC(222) User=0.00s Sys=0.00s Real=0.00s
[233.686s][info][gc,marking  ] GC(222) Concurrent Clear Claimed Marks
[233.686s][info][gc,marking  ] GC(222) Concurrent Clear Claimed Marks 0.099ms
[233.686s][info][gc,marking  ] GC(222) Concurrent Cleanup for Next Mark
[233.686s][info][gc,marking  ] GC(222) Concurrent Cleanup for Next Mark 0.254ms
[233.686s][info][gc          ] GC(222) Concurrent Mark Cycle 78.014ms
[233.778s][info][gc,start    ] GC(223) Pause Young (Normal) (G1 Evacuation Pause)
[233.778s][info][gc,task     ] GC(223) Using 8 workers of 8 for evacuation
[233.781s][info][gc,phases   ] GC(223)   Pre Evacuate Collection Set: 0.1ms
[233.781s][info][gc,phases   ] GC(223)   Merge Heap Roots: 0.1ms
[233.782s][info][gc,phases   ] GC(223)   Evacuate Collection Set: 2.8ms
[233.782s][info][gc,phases   ] GC(223)   Post Evacuate Collection Set: 0.5ms
[233.782s][info][gc,phases   ] GC(223)   Other: 0.1ms
[233.782s][info][gc,heap     ] GC(223) Eden regions: 65->0(65)
[233.782s][info][gc,heap     ] GC(223) Survivor regions: 4->4(9)
[233.782s][info][gc,heap     ] GC(223) Old regions: 43->43
[233.782s][info][gc,heap     ] GC(223) Humongous regions: 2->2
[233.782s][info][gc,metaspace] GC(223) Metaspace: 85024K(85888K)->85024K(85888K) NonClass: 73986K(74432K)->73986K(74432K) Class: 11038K(11456K)->11038K(11456K)
[233.782s][info][gc          ] GC(223) Pause Young (Normal) (G1 Evacuation Pause) 113M->48M(125M) 4.092ms
[233.782s][info][gc,cpu      ] GC(223) User=0.00s Sys=0.00s Real=0.00s
[233.931s][info][gc,start    ] GC(224) Pause Young (Concurrent Start) (G1 Evacuation Pause)
[233.931s][info][gc,task     ] GC(224) Using 8 workers of 8 for evacuation
[233.934s][info][gc,phases   ] GC(224)   Pre Evacuate Collection Set: 0.2ms
[233.934s][info][gc,phases   ] GC(224)   Merge Heap Roots: 0.1ms
[233.934s][info][gc,phases   ] GC(224)   Evacuate Collection Set: 2.0ms
[233.934s][info][gc,phases   ] GC(224)   Post Evacuate Collection Set: 0.5ms
[233.934s][info][gc,phases   ] GC(224)   Other: 0.2ms
[233.934s][info][gc,heap     ] GC(224) Eden regions: 65->0(64)
[233.934s][info][gc,heap     ] GC(224) Survivor regions: 4->4(9)
[233.934s][info][gc,heap     ] GC(224) Old regions: 43->44
[233.934s][info][gc,heap     ] GC(224) Humongous regions: 2->2
[233.934s][info][gc,metaspace] GC(224) Metaspace: 85024K(85888K)->85024K(85888K) NonClass: 73986K(74432K)->73986K(74432K) Class: 11038K(11456K)->11038K(11456K)
[233.935s][info][gc          ] GC(224) Pause Young (Concurrent Start) (G1 Evacuation Pause) 113M->48M(125M) 3.284ms
[233.935s][info][gc,cpu      ] GC(224) User=0.00s Sys=0.00s Real=0.00s
[233.935s][info][gc          ] GC(225) Concurrent Mark Cycle
[233.935s][info][gc,marking  ] GC(225) Concurrent Scan Root Regions
[233.937s][info][gc,marking  ] GC(225) Concurrent Scan Root Regions 2.397ms
[233.937s][info][gc,marking  ] GC(225) Concurrent Mark
[233.937s][info][gc,marking  ] GC(225) Concurrent Mark From Roots
[233.937s][info][gc,task     ] GC(225) Using 2 workers of 2 for marking
[234.014s][info][gc,marking  ] GC(225) Concurrent Mark From Roots 76.873ms
[234.014s][info][gc,marking  ] GC(225) Concurrent Preclean
[234.015s][info][gc,marking  ] GC(225) Concurrent Preclean 0.644ms
[234.015s][info][gc,start    ] GC(225) Pause Remark
[234.020s][info][gc          ] GC(225) Pause Remark 67M->67M(125M) 5.123ms
[234.020s][info][gc,cpu      ] GC(225) User=0.00s Sys=0.00s Real=0.00s
[234.020s][info][gc,marking  ] GC(225) Concurrent Mark 83.237ms
[234.020s][info][gc,marking  ] GC(225) Concurrent Rebuild Remembered Sets and Scrub Regions
[234.046s][info][gc,marking  ] GC(225) Concurrent Rebuild Remembered Sets and Scrub Regions 25.755ms
[234.046s][info][gc,start    ] GC(225) Pause Cleanup
[234.047s][info][gc          ] GC(225) Pause Cleanup 76M->76M(125M) 0.164ms
[234.047s][info][gc,cpu      ] GC(225) User=0.00s Sys=0.00s Real=0.00s
[234.047s][info][gc,marking  ] GC(225) Concurrent Clear Claimed Marks
[234.047s][info][gc,marking  ] GC(225) Concurrent Clear Claimed Marks 0.100ms
[234.047s][info][gc,marking  ] GC(225) Concurrent Cleanup for Next Mark
[234.047s][info][gc,marking  ] GC(225) Concurrent Cleanup for Next Mark 0.264ms
[234.047s][info][gc          ] GC(225) Concurrent Mark Cycle 112.502ms
[234.123s][info][gc,start    ] GC(226) Pause Young (Normal) (G1 Evacuation Pause)
[234.123s][info][gc,task     ] GC(226) Using 8 workers of 8 for evacuation
[234.126s][info][gc,phases   ] GC(226)   Pre Evacuate Collection Set: 0.1ms
[234.126s][info][gc,phases   ] GC(226)   Merge Heap Roots: 0.1ms
[234.126s][info][gc,phases   ] GC(226)   Evacuate Collection Set: 2.5ms
[234.126s][info][gc,phases   ] GC(226)   Post Evacuate Collection Set: 0.3ms
[234.126s][info][gc,phases   ] GC(226)   Other: 0.1ms
[234.126s][info][gc,heap     ] GC(226) Eden regions: 64->0(64)
[234.126s][info][gc,heap     ] GC(226) Survivor regions: 4->4(9)
[234.126s][info][gc,heap     ] GC(226) Old regions: 44->44
[234.126s][info][gc,heap     ] GC(226) Humongous regions: 2->2
[234.126s][info][gc,metaspace] GC(226) Metaspace: 85025K(85888K)->85025K(85888K) NonClass: 73986K(74432K)->73986K(74432K) Class: 11038K(11456K)->11038K(11456K)
[234.126s][info][gc          ] GC(226) Pause Young (Normal) (G1 Evacuation Pause) 112M->48M(125M) 3.434ms
[234.126s][info][gc,cpu      ] GC(226) User=0.00s Sys=0.00s Real=0.00s
[234.292s][info][gc,start    ] GC(227) Pause Young (Concurrent Start) (G1 Evacuation Pause)
[234.292s][info][gc,task     ] GC(227) Using 8 workers of 8 for evacuation
[234.296s][info][gc,phases   ] GC(227)   Pre Evacuate Collection Set: 0.1ms
[234.296s][info][gc,phases   ] GC(227)   Merge Heap Roots: 0.1ms
[234.296s][info][gc,phases   ] GC(227)   Evacuate Collection Set: 3.0ms
[234.296s][info][gc,phases   ] GC(227)   Post Evacuate Collection Set: 0.5ms
[234.296s][info][gc,phases   ] GC(227)   Other: 0.2ms
[234.297s][info][gc,heap     ] GC(227) Eden regions: 64->0(64)
[234.297s][info][gc,heap     ] GC(227) Survivor regions: 4->4(9)
[234.297s][info][gc,heap     ] GC(227) Old regions: 44->44
[234.297s][info][gc,heap     ] GC(227) Humongous regions: 2->2
[234.297s][info][gc,metaspace] GC(227) Metaspace: 85025K(85888K)->85025K(85888K) NonClass: 73986K(74432K)->73986K(74432K) Class: 11038K(11456K)->11038K(11456K)
[234.297s][info][gc          ] GC(227) Pause Young (Concurrent Start) (G1 Evacuation Pause) 112M->48M(125M) 4.517ms
[234.297s][info][gc,cpu      ] GC(227) User=0.09s Sys=0.00s Real=0.01s
[234.297s][info][gc          ] GC(228) Concurrent Mark Cycle
[234.297s][info][gc,marking  ] GC(228) Concurrent Scan Root Regions
[234.300s][info][gc,marking  ] GC(228) Concurrent Scan Root Regions 3.421ms
[234.300s][info][gc,marking  ] GC(228) Concurrent Mark
[234.300s][info][gc,marking  ] GC(228) Concurrent Mark From Roots
[234.301s][info][gc,task     ] GC(228) Using 2 workers of 2 for marking
[234.367s][info][gc,marking  ] GC(228) Concurrent Mark From Roots 66.095ms
[234.367s][info][gc,marking  ] GC(228) Concurrent Preclean
[234.367s][info][gc,marking  ] GC(228) Concurrent Preclean 0.316ms
[234.367s][info][gc,start    ] GC(228) Pause Remark
[234.372s][info][gc          ] GC(228) Pause Remark 66M->66M(125M) 4.540ms
[234.372s][info][gc,cpu      ] GC(228) User=0.02s Sys=0.00s Real=0.00s
[234.372s][info][gc,marking  ] GC(228) Concurrent Mark 71.414ms
[234.372s][info][gc,marking  ] GC(228) Concurrent Rebuild Remembered Sets and Scrub Regions
[234.398s][info][gc,marking  ] GC(228) Concurrent Rebuild Remembered Sets and Scrub Regions 25.893ms
[234.398s][info][gc,start    ] GC(228) Pause Cleanup
[234.398s][info][gc          ] GC(228) Pause Cleanup 73M->73M(125M) 0.155ms
[234.398s][info][gc,cpu      ] GC(228) User=0.00s Sys=0.00s Real=0.00s
[234.398s][info][gc,marking  ] GC(228) Concurrent Clear Claimed Marks
[234.398s][info][gc,marking  ] GC(228) Concurrent Clear Claimed Marks 0.118ms
[234.398s][info][gc,marking  ] GC(228) Concurrent Cleanup for Next Mark
[234.399s][info][gc,marking  ] GC(228) Concurrent Cleanup for Next Mark 0.247ms
[234.399s][info][gc          ] GC(228) Concurrent Mark Cycle 101.839ms
[234.511s][info][gc,start    ] GC(229) Pause Young (Normal) (G1 Evacuation Pause)
[234.511s][info][gc,task     ] GC(229) Using 8 workers of 8 for evacuation
[234.514s][info][gc,phases   ] GC(229)   Pre Evacuate Collection Set: 0.1ms
[234.514s][info][gc,phases   ] GC(229)   Merge Heap Roots: 0.1ms
[234.514s][info][gc,phases   ] GC(229)   Evacuate Collection Set: 2.6ms
[234.514s][info][gc,phases   ] GC(229)   Post Evacuate Collection Set: 0.6ms
[234.515s][info][gc,phases   ] GC(229)   Other: 0.1ms
[234.515s][info][gc,heap     ] GC(229) Eden regions: 64->0(64)
[234.515s][info][gc,heap     ] GC(229) Survivor regions: 4->4(9)
[234.515s][info][gc,heap     ] GC(229) Old regions: 44->44
[234.515s][info][gc,heap     ] GC(229) Humongous regions: 2->2
[234.515s][info][gc,metaspace] GC(229) Metaspace: 85032K(85888K)->85032K(85888K) NonClass: 73994K(74432K)->73994K(74432K) Class: 11038K(11456K)->11038K(11456K)
[234.515s][info][gc          ] GC(229) Pause Young (Normal) (G1 Evacuation Pause) 112M->49M(125M) 4.094ms
[234.515s][info][gc,cpu      ] GC(229) User=0.09s Sys=0.00s Real=0.00s
[234.642s][info][gc,start    ] GC(230) Pause Young (Concurrent Start) (G1 Evacuation Pause)
[234.642s][info][gc,task     ] GC(230) Using 8 workers of 8 for evacuation
[234.645s][info][gc,phases   ] GC(230)   Pre Evacuate Collection Set: 0.2ms
[234.645s][info][gc,phases   ] GC(230)   Merge Heap Roots: 0.1ms
[234.645s][info][gc,phases   ] GC(230)   Evacuate Collection Set: 1.8ms
[234.645s][info][gc,phases   ] GC(230)   Post Evacuate Collection Set: 0.3ms
[234.645s][info][gc,phases   ] GC(230)   Other: 0.2ms
[234.645s][info][gc,heap     ] GC(230) Eden regions: 64->0(63)
[234.645s][info][gc,heap     ] GC(230) Survivor regions: 4->4(9)
[234.645s][info][gc,heap     ] GC(230) Old regions: 44->45
[234.645s][info][gc,heap     ] GC(230) Humongous regions: 2->2
[234.645s][info][gc,metaspace] GC(230) Metaspace: 85033K(85888K)->85033K(85888K) NonClass: 73995K(74432K)->73995K(74432K) Class: 11038K(11456K)->11038K(11456K)
[234.645s][info][gc          ] GC(230) Pause Young (Concurrent Start) (G1 Evacuation Pause) 113M->49M(125M) 2.828ms
[234.645s][info][gc,cpu      ] GC(230) User=0.00s Sys=0.00s Real=0.00s
[234.645s][info][gc          ] GC(231) Concurrent Mark Cycle
[234.645s][info][gc,marking  ] GC(231) Concurrent Scan Root Regions
[234.648s][info][gc,marking  ] GC(231) Concurrent Scan Root Regions 2.667ms
[234.648s][info][gc,marking  ] GC(231) Concurrent Mark
[234.648s][info][gc,marking  ] GC(231) Concurrent Mark From Roots
[234.648s][info][gc,task     ] GC(231) Using 2 workers of 2 for marking
[234.726s][info][gc,marking  ] GC(231) Concurrent Mark From Roots 77.635ms
[234.726s][info][gc,marking  ] GC(231) Concurrent Preclean
[234.726s][info][gc,marking  ] GC(231) Concurrent Preclean 0.183ms
[234.726s][info][gc,start    ] GC(231) Pause Remark
[234.732s][info][gc          ] GC(231) Pause Remark 69M->69M(125M) 5.893ms
[234.732s][info][gc,cpu      ] GC(231) User=0.06s Sys=0.02s Real=0.01s
[234.732s][info][gc,marking  ] GC(231) Concurrent Mark 84.028ms
[234.732s][info][gc,marking  ] GC(231) Concurrent Rebuild Remembered Sets and Scrub Regions
[234.752s][info][gc,marking  ] GC(231) Concurrent Rebuild Remembered Sets and Scrub Regions 19.483ms
[234.752s][info][gc,start    ] GC(231) Pause Cleanup
[234.752s][info][gc          ] GC(231) Pause Cleanup 75M->75M(125M) 0.121ms
[234.752s][info][gc,cpu      ] GC(231) User=0.00s Sys=0.00s Real=0.00s
[234.752s][info][gc,marking  ] GC(231) Concurrent Clear Claimed Marks
[234.752s][info][gc,marking  ] GC(231) Concurrent Clear Claimed Marks 0.101ms
[234.752s][info][gc,marking  ] GC(231) Concurrent Cleanup for Next Mark
[234.752s][info][gc,marking  ] GC(231) Concurrent Cleanup for Next Mark 0.253ms
[234.752s][info][gc          ] GC(231) Concurrent Mark Cycle 107.133ms
[234.838s][info][gc,start    ] GC(232) Pause Young (Normal) (G1 Evacuation Pause)
[234.838s][info][gc,task     ] GC(232) Using 8 workers of 8 for evacuation
[234.841s][info][gc,phases   ] GC(232)   Pre Evacuate Collection Set: 0.2ms
[234.841s][info][gc,phases   ] GC(232)   Merge Heap Roots: 0.1ms
[234.841s][info][gc,phases   ] GC(232)   Evacuate Collection Set: 2.2ms
[234.841s][info][gc,phases   ] GC(232)   Post Evacuate Collection Set: 0.5ms
[234.841s][info][gc,phases   ] GC(232)   Other: 0.1ms
[234.841s][info][gc,heap     ] GC(232) Eden regions: 63->0(63)
[234.841s][info][gc,heap     ] GC(232) Survivor regions: 4->4(9)
[234.841s][info][gc,heap     ] GC(232) Old regions: 45->45
[234.841s][info][gc,heap     ] GC(232) Humongous regions: 2->2
[234.841s][info][gc,metaspace] GC(232) Metaspace: 85033K(85888K)->85033K(85888K) NonClass: 73995K(74432K)->73995K(74432K) Class: 11038K(11456K)->11038K(11456K)
[234.841s][info][gc          ] GC(232) Pause Young (Normal) (G1 Evacuation Pause) 112M->49M(125M) 3.541ms
[234.841s][info][gc,cpu      ] GC(232) User=0.09s Sys=0.00s Real=0.00s
[234.998s][info][gc,start    ] GC(233) Pause Young (Concurrent Start) (G1 Evacuation Pause)
[234.998s][info][gc,task     ] GC(233) Using 8 workers of 8 for evacuation
[235.001s][info][gc,phases   ] GC(233)   Pre Evacuate Collection Set: 0.2ms
[235.001s][info][gc,phases   ] GC(233)   Merge Heap Roots: 0.2ms
[235.001s][info][gc,phases   ] GC(233)   Evacuate Collection Set: 2.2ms
[235.001s][info][gc,phases   ] GC(233)   Post Evacuate Collection Set: 0.4ms
[235.001s][info][gc,phases   ] GC(233)   Other: 0.2ms
[235.002s][info][gc,heap     ] GC(233) Eden regions: 63->0(63)
[235.002s][info][gc,heap     ] GC(233) Survivor regions: 4->4(9)
[235.002s][info][gc,heap     ] GC(233) Old regions: 45->45
[235.002s][info][gc,heap     ] GC(233) Humongous regions: 2->2
[235.002s][info][gc,metaspace] GC(233) Metaspace: 85033K(85888K)->85033K(85888K) NonClass: 73995K(74432K)->73995K(74432K) Class: 11038K(11456K)->11038K(11456K)
[235.002s][info][gc          ] GC(233) Pause Young (Concurrent Start) (G1 Evacuation Pause) 112M->49M(125M) 3.718ms
[235.002s][info][gc,cpu      ] GC(233) User=0.00s Sys=0.00s Real=0.00s
[235.002s][info][gc          ] GC(234) Concurrent Mark Cycle
[235.002s][info][gc,marking  ] GC(234) Concurrent Scan Root Regions
[235.005s][info][gc,marking  ] GC(234) Concurrent Scan Root Regions 3.007ms
[235.005s][info][gc,marking  ] GC(234) Concurrent Mark
[235.005s][info][gc,marking  ] GC(234) Concurrent Mark From Roots
[235.005s][info][gc,task     ] GC(234) Using 2 workers of 2 for marking
[235.064s][info][gc,marking  ] GC(234) Concurrent Mark From Roots 58.680ms
[235.064s][info][gc,marking  ] GC(234) Concurrent Preclean
[235.064s][info][gc,marking  ] GC(234) Concurrent Preclean 0.300ms
[235.064s][info][gc,start    ] GC(234) Pause Remark
[235.069s][info][gc          ] GC(234) Pause Remark 70M->70M(125M) 4.819ms
[235.069s][info][gc,cpu      ] GC(234) User=0.00s Sys=0.00s Real=0.00s
[235.069s][info][gc,marking  ] GC(234) Concurrent Mark 64.205ms
[235.069s][info][gc,marking  ] GC(234) Concurrent Rebuild Remembered Sets and Scrub Regions
[235.094s][info][gc,marking  ] GC(234) Concurrent Rebuild Remembered Sets and Scrub Regions 24.858ms
[235.094s][info][gc,start    ] GC(234) Pause Cleanup
[235.094s][info][gc          ] GC(234) Pause Cleanup 76M->76M(125M) 0.118ms
[235.094s][info][gc,cpu      ] GC(234) User=0.00s Sys=0.00s Real=0.00s
[235.094s][info][gc,marking  ] GC(234) Concurrent Clear Claimed Marks
[235.095s][info][gc,marking  ] GC(234) Concurrent Clear Claimed Marks 0.108ms
[235.095s][info][gc,marking  ] GC(234) Concurrent Cleanup for Next Mark
[235.095s][info][gc,marking  ] GC(234) Concurrent Cleanup for Next Mark 0.205ms
[235.095s][info][gc          ] GC(234) Concurrent Mark Cycle 93.052ms
[235.190s][info][gc,start    ] GC(235) Pause Young (Normal) (G1 Evacuation Pause)
[235.190s][info][gc,task     ] GC(235) Using 8 workers of 8 for evacuation
[235.193s][info][gc,phases   ] GC(235)   Pre Evacuate Collection Set: 0.1ms
[235.193s][info][gc,phases   ] GC(235)   Merge Heap Roots: 0.1ms
[235.193s][info][gc,phases   ] GC(235)   Evacuate Collection Set: 2.2ms
[235.193s][info][gc,phases   ] GC(235)   Post Evacuate Collection Set: 0.5ms
[235.193s][info][gc,phases   ] GC(235)   Other: 0.1ms
[235.193s][info][gc,heap     ] GC(235) Eden regions: 63->0(63)
[235.193s][info][gc,heap     ] GC(235) Survivor regions: 4->4(9)
[235.193s][info][gc,heap     ] GC(235) Old regions: 45->45
[235.193s][info][gc,heap     ] GC(235) Humongous regions: 2->2
[235.193s][info][gc,metaspace] GC(235) Metaspace: 85033K(85888K)->85033K(85888K) NonClass: 73995K(74432K)->73995K(74432K) Class: 11038K(11456K)->11038K(11456K)
[235.193s][info][gc          ] GC(235) Pause Young (Normal) (G1 Evacuation Pause) 112M->49M(125M) 3.345ms
[235.193s][info][gc,cpu      ] GC(235) User=0.00s Sys=0.00s Real=0.00s
[235.350s][info][gc,start    ] GC(236) Pause Young (Concurrent Start) (G1 Evacuation Pause)
[235.351s][info][gc,task     ] GC(236) Using 8 workers of 8 for evacuation
[235.354s][info][gc,phases   ] GC(236)   Pre Evacuate Collection Set: 0.1ms
[235.354s][info][gc,phases   ] GC(236)   Merge Heap Roots: 0.1ms
[235.354s][info][gc,phases   ] GC(236)   Evacuate Collection Set: 2.8ms
[235.354s][info][gc,phases   ] GC(236)   Post Evacuate Collection Set: 0.4ms
[235.354s][info][gc,phases   ] GC(236)   Other: 0.1ms
[235.354s][info][gc,heap     ] GC(236) Eden regions: 63->0(63)
[235.354s][info][gc,heap     ] GC(236) Survivor regions: 4->4(9)
[235.354s][info][gc,heap     ] GC(236) Old regions: 45->45
[235.354s][info][gc,heap     ] GC(236) Humongous regions: 2->2
[235.354s][info][gc,metaspace] GC(236) Metaspace: 85033K(85888K)->85033K(85888K) NonClass: 73995K(74432K)->73995K(74432K) Class: 11038K(11456K)->11038K(11456K)
[235.354s][info][gc          ] GC(236) Pause Young (Concurrent Start) (G1 Evacuation Pause) 112M->50M(125M) 3.950ms
[235.354s][info][gc,cpu      ] GC(236) User=0.00s Sys=0.00s Real=0.00s
[235.354s][info][gc          ] GC(237) Concurrent Mark Cycle
[235.355s][info][gc,marking  ] GC(237) Concurrent Scan Root Regions
[235.357s][info][gc,marking  ] GC(237) Concurrent Scan Root Regions 2.401ms
[235.357s][info][gc,marking  ] GC(237) Concurrent Mark
[235.357s][info][gc,marking  ] GC(237) Concurrent Mark From Roots
[235.357s][info][gc,task     ] GC(237) Using 2 workers of 2 for marking
[235.441s][info][gc,marking  ] GC(237) Concurrent Mark From Roots 83.670ms
[235.441s][info][gc,marking  ] GC(237) Concurrent Preclean
[235.441s][info][gc,marking  ] GC(237) Concurrent Preclean 0.214ms
[235.441s][info][gc,start    ] GC(237) Pause Remark
[235.448s][info][gc          ] GC(237) Pause Remark 66M->66M(125M) 7.209ms
[235.449s][info][gc,cpu      ] GC(237) User=0.00s Sys=0.00s Real=0.01s
[235.449s][info][gc,marking  ] GC(237) Concurrent Mark 91.704ms
[235.449s][info][gc,marking  ] GC(237) Concurrent Rebuild Remembered Sets and Scrub Regions
[235.473s][info][gc,marking  ] GC(237) Concurrent Rebuild Remembered Sets and Scrub Regions 24.532ms
[235.474s][info][gc,start    ] GC(237) Pause Cleanup
[235.474s][info][gc          ] GC(237) Pause Cleanup 73M->73M(125M) 0.227ms
[235.474s][info][gc,cpu      ] GC(237) User=0.00s Sys=0.00s Real=0.00s
[235.474s][info][gc,marking  ] GC(237) Concurrent Clear Claimed Marks
[235.474s][info][gc,marking  ] GC(237) Concurrent Clear Claimed Marks 0.106ms
[235.474s][info][gc,marking  ] GC(237) Concurrent Cleanup for Next Mark
[235.474s][info][gc,marking  ] GC(237) Concurrent Cleanup for Next Mark 0.242ms
[235.474s][info][gc          ] GC(237) Concurrent Mark Cycle 119.954ms
[235.575s][info][gc,start    ] GC(238) Pause Young (Normal) (G1 Evacuation Pause)
[235.575s][info][gc,task     ] GC(238) Using 8 workers of 8 for evacuation
[235.577s][info][gc,phases   ] GC(238)   Pre Evacuate Collection Set: 0.2ms
[235.577s][info][gc,phases   ] GC(238)   Merge Heap Roots: 0.1ms
[235.577s][info][gc,phases   ] GC(238)   Evacuate Collection Set: 1.9ms
[235.577s][info][gc,phases   ] GC(238)   Post Evacuate Collection Set: 0.4ms
[235.578s][info][gc,phases   ] GC(238)   Other: 0.1ms
[235.578s][info][gc,heap     ] GC(238) Eden regions: 63->0(62)
[235.578s][info][gc,heap     ] GC(238) Survivor regions: 4->4(9)
[235.578s][info][gc,heap     ] GC(238) Old regions: 45->46
[235.578s][info][gc,heap     ] GC(238) Humongous regions: 2->2
[235.578s][info][gc,metaspace] GC(238) Metaspace: 85033K(85888K)->85033K(85888K) NonClass: 73995K(74432K)->73995K(74432K) Class: 11038K(11456K)->11038K(11456K)
[235.578s][info][gc          ] GC(238) Pause Young (Normal) (G1 Evacuation Pause) 113M->50M(125M) 3.148ms
[235.578s][info][gc,cpu      ] GC(238) User=0.00s Sys=0.00s Real=0.00s
[235.744s][info][gc,start    ] GC(239) Pause Young (Concurrent Start) (G1 Evacuation Pause)
[235.744s][info][gc,task     ] GC(239) Using 8 workers of 8 for evacuation
[235.747s][info][gc,phases   ] GC(239)   Pre Evacuate Collection Set: 0.1ms
[235.747s][info][gc,phases   ] GC(239)   Merge Heap Roots: 0.1ms
[235.747s][info][gc,phases   ] GC(239)   Evacuate Collection Set: 2.3ms
[235.747s][info][gc,phases   ] GC(239)   Post Evacuate Collection Set: 0.5ms
[235.747s][info][gc,phases   ] GC(239)   Other: 0.1ms
[235.747s][info][gc,heap     ] GC(239) Eden regions: 62->0(62)
[235.747s][info][gc,heap     ] GC(239) Survivor regions: 4->4(9)
[235.747s][info][gc,heap     ] GC(239) Old regions: 46->46
[235.747s][info][gc,heap     ] GC(239) Humongous regions: 2->2
[235.747s][info][gc,metaspace] GC(239) Metaspace: 85033K(85888K)->85033K(85888K) NonClass: 73995K(74432K)->73995K(74432K) Class: 11038K(11456K)->11038K(11456K)
[235.747s][info][gc          ] GC(239) Pause Young (Concurrent Start) (G1 Evacuation Pause) 112M->50M(125M) 3.567ms
[235.747s][info][gc,cpu      ] GC(239) User=0.08s Sys=0.00s Real=0.00s
[235.747s][info][gc          ] GC(240) Concurrent Mark Cycle
[235.748s][info][gc,marking  ] GC(240) Concurrent Scan Root Regions
[235.749s][info][gc,marking  ] GC(240) Concurrent Scan Root Regions 1.778ms
[235.749s][info][gc,marking  ] GC(240) Concurrent Mark
[235.749s][info][gc,marking  ] GC(240) Concurrent Mark From Roots
[235.749s][info][gc,task     ] GC(240) Using 2 workers of 2 for marking
[235.809s][info][gc,marking  ] GC(240) Concurrent Mark From Roots 59.636ms
[235.809s][info][gc,marking  ] GC(240) Concurrent Preclean
[235.809s][info][gc,marking  ] GC(240) Concurrent Preclean 0.201ms
[235.809s][info][gc,start    ] GC(240) Pause Remark
[235.814s][info][gc          ] GC(240) Pause Remark 69M->69M(125M) 4.933ms
[235.814s][info][gc,cpu      ] GC(240) User=0.00s Sys=0.02s Real=0.01s
[235.814s][info][gc,marking  ] GC(240) Concurrent Mark 65.064ms
[235.814s][info][gc,marking  ] GC(240) Concurrent Rebuild Remembered Sets and Scrub Regions
[235.835s][info][gc,marking  ] GC(240) Concurrent Rebuild Remembered Sets and Scrub Regions 20.790ms
[235.835s][info][gc,start    ] GC(240) Pause Cleanup
[235.836s][info][gc          ] GC(240) Pause Cleanup 77M->77M(125M) 0.140ms
[235.836s][info][gc,cpu      ] GC(240) User=0.00s Sys=0.00s Real=0.00s
[235.836s][info][gc,marking  ] GC(240) Concurrent Clear Claimed Marks
[235.836s][info][gc,marking  ] GC(240) Concurrent Clear Claimed Marks 0.107ms
[235.836s][info][gc,marking  ] GC(240) Concurrent Cleanup for Next Mark
[235.836s][info][gc,marking  ] GC(240) Concurrent Cleanup for Next Mark 0.245ms
[235.836s][info][gc          ] GC(240) Concurrent Mark Cycle 88.685ms
[235.919s][info][gc,start    ] GC(241) Pause Young (Normal) (G1 Evacuation Pause)
[235.919s][info][gc,task     ] GC(241) Using 8 workers of 8 for evacuation
[235.922s][info][gc,phases   ] GC(241)   Pre Evacuate Collection Set: 0.1ms
[235.922s][info][gc,phases   ] GC(241)   Merge Heap Roots: 0.1ms
[235.922s][info][gc,phases   ] GC(241)   Evacuate Collection Set: 2.4ms
[235.922s][info][gc,phases   ] GC(241)   Post Evacuate Collection Set: 0.3ms
[235.922s][info][gc,phases   ] GC(241)   Other: 0.1ms
[235.922s][info][gc,heap     ] GC(241) Eden regions: 62->0(62)
[235.922s][info][gc,heap     ] GC(241) Survivor regions: 4->4(9)
[235.922s][info][gc,heap     ] GC(241) Old regions: 46->46
[235.922s][info][gc,heap     ] GC(241) Humongous regions: 2->2
[235.922s][info][gc,metaspace] GC(241) Metaspace: 85033K(85888K)->85033K(85888K) NonClass: 73995K(74432K)->73995K(74432K) Class: 11038K(11456K)->11038K(11456K)
[235.922s][info][gc          ] GC(241) Pause Young (Normal) (G1 Evacuation Pause) 112M->50M(125M) 3.329ms
[235.922s][info][gc,cpu      ] GC(241) User=0.02s Sys=0.00s Real=0.00s
[246.055s][info][gc,start    ] GC(242) Pause Young (Concurrent Start) (G1 Evacuation Pause)
[246.055s][info][gc,task     ] GC(242) Using 8 workers of 8 for evacuation
[246.057s][info][gc,phases   ] GC(242)   Pre Evacuate Collection Set: 0.3ms
[246.057s][info][gc,phases   ] GC(242)   Merge Heap Roots: 0.1ms
[246.057s][info][gc,phases   ] GC(242)   Evacuate Collection Set: 0.8ms
[246.057s][info][gc,phases   ] GC(242)   Post Evacuate Collection Set: 0.6ms
[246.058s][info][gc,phases   ] GC(242)   Other: 0.2ms
[246.058s][info][gc,heap     ] GC(242) Eden regions: 62->0(66)
[246.058s][info][gc,heap     ] GC(242) Survivor regions: 4->2(9)
[246.058s][info][gc,heap     ] GC(242) Old regions: 46->46
[246.058s][info][gc,heap     ] GC(242) Humongous regions: 2->2
[246.058s][info][gc,metaspace] GC(242) Metaspace: 85038K(85888K)->85038K(85888K) NonClass: 73999K(74432K)->73999K(74432K) Class: 11038K(11456K)->11038K(11456K)
[246.058s][info][gc          ] GC(242) Pause Young (Concurrent Start) (G1 Evacuation Pause) 112M->48M(125M) 2.255ms
[246.058s][info][gc,cpu      ] GC(242) User=0.00s Sys=0.00s Real=0.00s
[246.058s][info][gc          ] GC(243) Concurrent Mark Cycle
[246.058s][info][gc,marking  ] GC(243) Concurrent Scan Root Regions
[246.059s][info][gc,marking  ] GC(243) Concurrent Scan Root Regions 1.278ms
[246.059s][info][gc,marking  ] GC(243) Concurrent Mark
[246.059s][info][gc,marking  ] GC(243) Concurrent Mark From Roots
[246.059s][info][gc,task     ] GC(243) Using 2 workers of 2 for marking
[246.111s][info][gc,marking  ] GC(243) Concurrent Mark From Roots 51.884ms
[246.111s][info][gc,marking  ] GC(243) Concurrent Preclean
[246.111s][info][gc,marking  ] GC(243) Concurrent Preclean 0.154ms
[246.111s][info][gc,start    ] GC(243) Pause Remark
[246.116s][info][gc          ] GC(243) Pause Remark 74M->74M(127M) 5.074ms
[246.116s][info][gc,cpu      ] GC(243) User=0.00s Sys=0.00s Real=0.01s
[246.117s][info][gc,marking  ] GC(243) Concurrent Mark 57.451ms
[246.117s][info][gc,marking  ] GC(243) Concurrent Rebuild Remembered Sets and Scrub Regions
[246.131s][info][gc,marking  ] GC(243) Concurrent Rebuild Remembered Sets and Scrub Regions 13.936ms
[246.131s][info][gc,start    ] GC(243) Pause Cleanup
[246.131s][info][gc          ] GC(243) Pause Cleanup 80M->80M(127M) 0.155ms
[246.131s][info][gc,cpu      ] GC(243) User=0.00s Sys=0.00s Real=0.00s
[246.131s][info][gc,marking  ] GC(243) Concurrent Clear Claimed Marks
[246.131s][info][gc,marking  ] GC(243) Concurrent Clear Claimed Marks 0.087ms
[246.131s][info][gc,marking  ] GC(243) Concurrent Cleanup for Next Mark
[246.131s][info][gc,marking  ] GC(243) Concurrent Cleanup for Next Mark 0.305ms
[246.131s][info][gc          ] GC(243) Concurrent Mark Cycle 73.651ms
[246.187s][info][gc,start    ] GC(244) Pause Young (Prepare Mixed) (G1 Evacuation Pause)
[246.187s][info][gc,task     ] GC(244) Using 8 workers of 8 for evacuation
[246.188s][info][gc,phases   ] GC(244)   Pre Evacuate Collection Set: 0.1ms
[246.188s][info][gc,phases   ] GC(244)   Merge Heap Roots: 0.1ms
[246.189s][info][gc,phases   ] GC(244)   Evacuate Collection Set: 1.0ms
[246.189s][info][gc,phases   ] GC(244)   Post Evacuate Collection Set: 0.3ms
[246.189s][info][gc,phases   ] GC(244)   Other: 0.1ms
[246.189s][info][gc,heap     ] GC(244) Eden regions: 66->0(68)
[246.189s][info][gc,heap     ] GC(244) Survivor regions: 2->2(9)
[246.189s][info][gc,heap     ] GC(244) Old regions: 46->46
[246.189s][info][gc,heap     ] GC(244) Humongous regions: 2->2
[246.189s][info][gc,metaspace] GC(244) Metaspace: 85038K(85888K)->85038K(85888K) NonClass: 73999K(74432K)->73999K(74432K) Class: 11038K(11456K)->11038K(11456K)
[246.189s][info][gc          ] GC(244) Pause Young (Prepare Mixed) (G1 Evacuation Pause) 114M->48M(127M) 2.085ms
[246.189s][info][gc,cpu      ] GC(244) User=0.00s Sys=0.00s Real=0.00s
[246.325s][info][gc,start    ] GC(245) Pause Young (Mixed) (G1 Evacuation Pause)
[246.325s][info][gc,task     ] GC(245) Using 8 workers of 8 for evacuation
[246.327s][info][gc,phases   ] GC(245)   Pre Evacuate Collection Set: 0.2ms
[246.327s][info][gc,phases   ] GC(245)   Merge Heap Roots: 0.1ms
[246.327s][info][gc,phases   ] GC(245)   Evacuate Collection Set: 1.1ms
[246.327s][info][gc,phases   ] GC(245)   Post Evacuate Collection Set: 0.4ms
[246.327s][info][gc,phases   ] GC(245)   Other: 0.1ms
[246.327s][info][gc,heap     ] GC(245) Eden regions: 68->0(69)
[246.327s][info][gc,heap     ] GC(245) Survivor regions: 2->2(9)
[246.327s][info][gc,heap     ] GC(245) Old regions: 46->45
[246.327s][info][gc,heap     ] GC(245) Humongous regions: 2->2
[246.327s][info][gc,metaspace] GC(245) Metaspace: 85038K(85888K)->85038K(85888K) NonClass: 73999K(74432K)->73999K(74432K) Class: 11038K(11456K)->11038K(11456K)
[246.327s][info][gc          ] GC(245) Pause Young (Mixed) (G1 Evacuation Pause) 116M->47M(127M) 2.216ms
[246.327s][info][gc,cpu      ] GC(245) User=0.02s Sys=0.00s Real=0.00s
[246.490s][info][gc,start    ] GC(246) Pause Young (Concurrent Start) (G1 Evacuation Pause)
[246.490s][info][gc,task     ] GC(246) Using 8 workers of 8 for evacuation
[246.492s][info][gc,phases   ] GC(246)   Pre Evacuate Collection Set: 0.1ms
[246.493s][info][gc,phases   ] GC(246)   Merge Heap Roots: 0.1ms
[246.493s][info][gc,phases   ] GC(246)   Evacuate Collection Set: 1.4ms
[246.493s][info][gc,phases   ] GC(246)   Post Evacuate Collection Set: 0.4ms
[246.493s][info][gc,phases   ] GC(246)   Other: 0.1ms
[246.493s][info][gc,heap     ] GC(246) Eden regions: 69->0(69)
[246.493s][info][gc,heap     ] GC(246) Survivor regions: 2->2(9)
[246.493s][info][gc,heap     ] GC(246) Old regions: 45->45
[246.493s][info][gc,heap     ] GC(246) Humongous regions: 2->2
[246.493s][info][gc,metaspace] GC(246) Metaspace: 85038K(85888K)->85038K(85888K) NonClass: 73999K(74432K)->73999K(74432K) Class: 11038K(11456K)->11038K(11456K)
[246.493s][info][gc          ] GC(246) Pause Young (Concurrent Start) (G1 Evacuation Pause) 116M->48M(127M) 2.602ms
[246.493s][info][gc,cpu      ] GC(246) User=0.00s Sys=0.00s Real=0.00s
[246.493s][info][gc          ] GC(247) Concurrent Mark Cycle
[246.493s][info][gc,marking  ] GC(247) Concurrent Scan Root Regions
[246.495s][info][gc,marking  ] GC(247) Concurrent Scan Root Regions 2.315ms
[246.495s][info][gc,marking  ] GC(247) Concurrent Mark
[246.495s][info][gc,marking  ] GC(247) Concurrent Mark From Roots
[246.495s][info][gc,task     ] GC(247) Using 2 workers of 2 for marking
[246.555s][info][gc,marking  ] GC(247) Concurrent Mark From Roots 60.017ms
[246.555s][info][gc,marking  ] GC(247) Concurrent Preclean
[246.556s][info][gc,marking  ] GC(247) Concurrent Preclean 0.201ms
[246.556s][info][gc,start    ] GC(247) Pause Remark
[246.560s][info][gc          ] GC(247) Pause Remark 69M->69M(127M) 4.683ms
[246.561s][info][gc,cpu      ] GC(247) User=0.11s Sys=0.02s Real=0.01s
[246.561s][info][gc,marking  ] GC(247) Concurrent Mark 65.232ms
[246.561s][info][gc,marking  ] GC(247) Concurrent Rebuild Remembered Sets and Scrub Regions
[246.586s][info][gc,marking  ] GC(247) Concurrent Rebuild Remembered Sets and Scrub Regions 25.580ms
[246.587s][info][gc,start    ] GC(247) Pause Cleanup
[246.587s][info][gc          ] GC(247) Pause Cleanup 75M->75M(127M) 0.181ms
[246.587s][info][gc,cpu      ] GC(247) User=0.00s Sys=0.00s Real=0.00s
[246.587s][info][gc,marking  ] GC(247) Concurrent Clear Claimed Marks
[246.587s][info][gc,marking  ] GC(247) Concurrent Clear Claimed Marks 0.114ms
[246.587s][info][gc,marking  ] GC(247) Concurrent Cleanup for Next Mark
[246.587s][info][gc,marking  ] GC(247) Concurrent Cleanup for Next Mark 0.274ms
[246.587s][info][gc          ] GC(247) Concurrent Mark Cycle 94.465ms
[246.672s][info][gc,start    ] GC(248) Pause Young (Prepare Mixed) (G1 Evacuation Pause)
[246.672s][info][gc,task     ] GC(248) Using 8 workers of 8 for evacuation
[246.674s][info][gc,phases   ] GC(248)   Pre Evacuate Collection Set: 0.1ms
[246.674s][info][gc,phases   ] GC(248)   Merge Heap Roots: 0.1ms
[246.674s][info][gc,phases   ] GC(248)   Evacuate Collection Set: 1.2ms
[246.674s][info][gc,phases   ] GC(248)   Post Evacuate Collection Set: 0.3ms
[246.674s][info][gc,phases   ] GC(248)   Other: 0.1ms
[246.674s][info][gc,heap     ] GC(248) Eden regions: 69->0(69)
[246.674s][info][gc,heap     ] GC(248) Survivor regions: 2->2(9)
[246.674s][info][gc,heap     ] GC(248) Old regions: 45->45
[246.674s][info][gc,heap     ] GC(248) Humongous regions: 2->2
[246.674s][info][gc,metaspace] GC(248) Metaspace: 85038K(85888K)->85038K(85888K) NonClass: 73999K(74432K)->73999K(74432K) Class: 11038K(11456K)->11038K(11456K)
[246.674s][info][gc          ] GC(248) Pause Young (Prepare Mixed) (G1 Evacuation Pause) 117M->48M(127M) 2.103ms
[246.674s][info][gc,cpu      ] GC(248) User=0.00s Sys=0.00s Real=0.00s
[246.836s][info][gc,start    ] GC(249) Pause Young (Mixed) (G1 Evacuation Pause)
[246.836s][info][gc,task     ] GC(249) Using 8 workers of 8 for evacuation
[246.838s][info][gc,phases   ] GC(249)   Pre Evacuate Collection Set: 0.2ms
[246.838s][info][gc,phases   ] GC(249)   Merge Heap Roots: 0.1ms
[246.838s][info][gc,phases   ] GC(249)   Evacuate Collection Set: 1.2ms
[246.838s][info][gc,phases   ] GC(249)   Post Evacuate Collection Set: 0.6ms
[246.838s][info][gc,phases   ] GC(249)   Other: 0.1ms
[246.838s][info][gc,heap     ] GC(249) Eden regions: 69->0(70)
[246.838s][info][gc,heap     ] GC(249) Survivor regions: 2->2(9)
[246.838s][info][gc,heap     ] GC(249) Old regions: 45->44
[246.838s][info][gc,heap     ] GC(249) Humongous regions: 2->2
[246.838s][info][gc,metaspace] GC(249) Metaspace: 85038K(85888K)->85038K(85888K) NonClass: 73999K(74432K)->73999K(74432K) Class: 11038K(11456K)->11038K(11456K)
[246.838s][info][gc          ] GC(249) Pause Young (Mixed) (G1 Evacuation Pause) 117M->47M(127M) 2.478ms
[246.838s][info][gc,cpu      ] GC(249) User=0.00s Sys=0.00s Real=0.00s
[246.991s][info][gc,start    ] GC(250) Pause Young (Concurrent Start) (G1 Evacuation Pause)
[246.991s][info][gc,task     ] GC(250) Using 8 workers of 8 for evacuation
[246.993s][info][gc,phases   ] GC(250)   Pre Evacuate Collection Set: 0.1ms
[246.993s][info][gc,phases   ] GC(250)   Merge Heap Roots: 0.1ms
[246.993s][info][gc,phases   ] GC(250)   Evacuate Collection Set: 1.8ms
[246.994s][info][gc,phases   ] GC(250)   Post Evacuate Collection Set: 0.4ms
[246.994s][info][gc,phases   ] GC(250)   Other: 0.2ms
[246.994s][info][gc,heap     ] GC(250) Eden regions: 70->0(68)
[246.994s][info][gc,heap     ] GC(250) Survivor regions: 2->3(9)
[246.994s][info][gc,heap     ] GC(250) Old regions: 44->44
[246.994s][info][gc,heap     ] GC(250) Humongous regions: 2->2
[246.994s][info][gc,metaspace] GC(250) Metaspace: 85038K(85888K)->85038K(85888K) NonClass: 73999K(74432K)->73999K(74432K) Class: 11038K(11456K)->11038K(11456K)
[246.994s][info][gc          ] GC(250) Pause Young (Concurrent Start) (G1 Evacuation Pause) 117M->47M(127M) 3.122ms
[246.994s][info][gc          ] GC(251) Concurrent Mark Cycle
[246.994s][info][gc,cpu      ] GC(250) User=0.00s Sys=0.00s Real=0.00s
[246.994s][info][gc,marking  ] GC(251) Concurrent Scan Root Regions
[246.997s][info][gc,marking  ] GC(251) Concurrent Scan Root Regions 2.812ms
[246.997s][info][gc,marking  ] GC(251) Concurrent Mark
[246.997s][info][gc,marking  ] GC(251) Concurrent Mark From Roots
[246.997s][info][gc,task     ] GC(251) Using 2 workers of 2 for marking
[247.072s][info][gc,marking  ] GC(251) Concurrent Mark From Roots 74.700ms
[247.072s][info][gc,marking  ] GC(251) Concurrent Preclean
[247.072s][info][gc,marking  ] GC(251) Concurrent Preclean 0.305ms
[247.072s][info][gc,start    ] GC(251) Pause Remark
[247.076s][info][gc          ] GC(251) Pause Remark 66M->66M(127M) 4.322ms
[247.077s][info][gc,cpu      ] GC(251) User=0.11s Sys=0.00s Real=0.00s
[247.077s][info][gc,marking  ] GC(251) Concurrent Mark 79.721ms
[247.077s][info][gc,marking  ] GC(251) Concurrent Rebuild Remembered Sets and Scrub Regions
[247.098s][info][gc,marking  ] GC(251) Concurrent Rebuild Remembered Sets and Scrub Regions 21.589ms
[247.098s][info][gc,start    ] GC(251) Pause Cleanup
[247.099s][info][gc          ] GC(251) Pause Cleanup 74M->74M(127M) 0.131ms
[247.099s][info][gc,cpu      ] GC(251) User=0.00s Sys=0.00s Real=0.00s
[247.099s][info][gc,marking  ] GC(251) Concurrent Clear Claimed Marks
[247.099s][info][gc,marking  ] GC(251) Concurrent Clear Claimed Marks 0.104ms
[247.099s][info][gc,marking  ] GC(251) Concurrent Cleanup for Next Mark
[247.099s][info][gc,marking  ] GC(251) Concurrent Cleanup for Next Mark 0.252ms
[247.099s][info][gc          ] GC(251) Concurrent Mark Cycle 105.162ms
[247.254s][info][gc,start    ] GC(252) Pause Young (Prepare Mixed) (G1 Evacuation Pause)
[247.254s][info][gc,task     ] GC(252) Using 8 workers of 8 for evacuation
[247.256s][info][gc,phases   ] GC(252)   Pre Evacuate Collection Set: 0.1ms
[247.256s][info][gc,phases   ] GC(252)   Merge Heap Roots: 0.1ms
[247.256s][info][gc,phases   ] GC(252)   Evacuate Collection Set: 1.7ms
[247.256s][info][gc,phases   ] GC(252)   Post Evacuate Collection Set: 0.3ms
[247.256s][info][gc,phases   ] GC(252)   Other: 0.1ms
[247.256s][info][gc,heap     ] GC(252) Eden regions: 68->0(68)
[247.256s][info][gc,heap     ] GC(252) Survivor regions: 3->3(9)
[247.256s][info][gc,heap     ] GC(252) Old regions: 44->44
[247.257s][info][gc,heap     ] GC(252) Humongous regions: 2->2
[247.257s][info][gc,metaspace] GC(252) Metaspace: 85038K(85888K)->85038K(85888K) NonClass: 73999K(74432K)->73999K(74432K) Class: 11038K(11456K)->11038K(11456K)
[247.257s][info][gc          ] GC(252) Pause Young (Prepare Mixed) (G1 Evacuation Pause) 115M->48M(127M) 2.691ms
[247.257s][info][gc,cpu      ] GC(252) User=0.00s Sys=0.00s Real=0.00s
[247.463s][info][gc,start    ] GC(253) Pause Young (Mixed) (G1 Evacuation Pause)
[247.464s][info][gc,task     ] GC(253) Using 8 workers of 8 for evacuation
[247.466s][info][gc,phases   ] GC(253)   Pre Evacuate Collection Set: 0.2ms
[247.467s][info][gc,phases   ] GC(253)   Merge Heap Roots: 0.1ms
[247.467s][info][gc,phases   ] GC(253)   Evacuate Collection Set: 2.2ms
[247.467s][info][gc,phases   ] GC(253)   Post Evacuate Collection Set: 0.3ms
[247.467s][info][gc,phases   ] GC(253)   Other: 0.1ms
[247.467s][info][gc,heap     ] GC(253) Eden regions: 68->0(68)
[247.467s][info][gc,heap     ] GC(253) Survivor regions: 3->3(9)
[247.467s][info][gc,heap     ] GC(253) Old regions: 44->44
[247.467s][info][gc,heap     ] GC(253) Humongous regions: 2->2
[247.467s][info][gc,metaspace] GC(253) Metaspace: 85038K(85888K)->85038K(85888K) NonClass: 73999K(74432K)->73999K(74432K) Class: 11038K(11456K)->11038K(11456K)
[247.467s][info][gc          ] GC(253) Pause Young (Mixed) (G1 Evacuation Pause) 116M->47M(127M) 3.497ms
[247.467s][info][gc,cpu      ] GC(253) User=0.09s Sys=0.00s Real=0.00s
[247.651s][info][gc,start    ] GC(254) Pause Young (Concurrent Start) (G1 Evacuation Pause)
[247.651s][info][gc,task     ] GC(254) Using 8 workers of 8 for evacuation
[247.655s][info][gc,phases   ] GC(254)   Pre Evacuate Collection Set: 0.1ms
[247.655s][info][gc,phases   ] GC(254)   Merge Heap Roots: 0.1ms
[247.655s][info][gc,phases   ] GC(254)   Evacuate Collection Set: 3.1ms
[247.655s][info][gc,phases   ] GC(254)   Post Evacuate Collection Set: 0.4ms
[247.655s][info][gc,phases   ] GC(254)   Other: 0.1ms
[247.655s][info][gc,heap     ] GC(254) Eden regions: 68->0(68)
[247.655s][info][gc,heap     ] GC(254) Survivor regions: 3->3(9)
[247.655s][info][gc,heap     ] GC(254) Old regions: 44->44
[247.655s][info][gc,heap     ] GC(254) Humongous regions: 2->2
[247.655s][info][gc,metaspace] GC(254) Metaspace: 85038K(85888K)->85038K(85888K) NonClass: 73999K(74432K)->73999K(74432K) Class: 11038K(11456K)->11038K(11456K)
[247.655s][info][gc          ] GC(254) Pause Young (Concurrent Start) (G1 Evacuation Pause) 115M->47M(127M) 4.222ms
[247.655s][info][gc,cpu      ] GC(254) User=0.11s Sys=0.00s Real=0.00s
[247.655s][info][gc          ] GC(255) Concurrent Mark Cycle
[247.655s][info][gc,marking  ] GC(255) Concurrent Scan Root Regions
[247.657s][info][gc,marking  ] GC(255) Concurrent Scan Root Regions 2.224ms
[247.657s][info][gc,marking  ] GC(255) Concurrent Mark
[247.657s][info][gc,marking  ] GC(255) Concurrent Mark From Roots
[247.657s][info][gc,task     ] GC(255) Using 2 workers of 2 for marking
[247.729s][info][gc,marking  ] GC(255) Concurrent Mark From Roots 71.970ms
[247.729s][info][gc,marking  ] GC(255) Concurrent Preclean
[247.730s][info][gc,marking  ] GC(255) Concurrent Preclean 0.462ms
[247.730s][info][gc,start    ] GC(255) Pause Remark
[247.736s][info][gc          ] GC(255) Pause Remark 67M->67M(127M) 6.416ms
[247.737s][info][gc,cpu      ] GC(255) User=0.11s Sys=0.00s Real=0.01s
[247.737s][info][gc,marking  ] GC(255) Concurrent Mark 79.388ms
[247.737s][info][gc,marking  ] GC(255) Concurrent Rebuild Remembered Sets and Scrub Regions
[247.771s][info][gc,marking  ] GC(255) Concurrent Rebuild Remembered Sets and Scrub Regions 33.997ms
[247.771s][info][gc,start    ] GC(255) Pause Cleanup
[247.771s][info][gc          ] GC(255) Pause Cleanup 74M->74M(127M) 0.150ms
[247.771s][info][gc,cpu      ] GC(255) User=0.00s Sys=0.00s Real=0.00s
[247.772s][info][gc,marking  ] GC(255) Concurrent Clear Claimed Marks
[247.772s][info][gc,marking  ] GC(255) Concurrent Clear Claimed Marks 0.134ms
[247.772s][info][gc,marking  ] GC(255) Concurrent Cleanup for Next Mark
[247.772s][info][gc,marking  ] GC(255) Concurrent Cleanup for Next Mark 0.336ms
[247.772s][info][gc          ] GC(255) Concurrent Mark Cycle 117.193ms
[247.861s][info][gc,start    ] GC(256) Pause Young (Prepare Mixed) (G1 Evacuation Pause)
[247.861s][info][gc,task     ] GC(256) Using 8 workers of 8 for evacuation
[247.864s][info][gc,phases   ] GC(256)   Pre Evacuate Collection Set: 0.1ms
[247.864s][info][gc,phases   ] GC(256)   Merge Heap Roots: 0.1ms
[247.864s][info][gc,phases   ] GC(256)   Evacuate Collection Set: 2.2ms
[247.864s][info][gc,phases   ] GC(256)   Post Evacuate Collection Set: 0.5ms
[247.864s][info][gc,phases   ] GC(256)   Other: 0.1ms
[247.864s][info][gc,heap     ] GC(256) Eden regions: 68->0(68)
[247.864s][info][gc,heap     ] GC(256) Survivor regions: 3->3(9)
[247.864s][info][gc,heap     ] GC(256) Old regions: 44->44
[247.864s][info][gc,heap     ] GC(256) Humongous regions: 2->2
[247.864s][info][gc,metaspace] GC(256) Metaspace: 85038K(85888K)->85038K(85888K) NonClass: 73999K(74432K)->73999K(74432K) Class: 11038K(11456K)->11038K(11456K)
[247.864s][info][gc          ] GC(256) Pause Young (Prepare Mixed) (G1 Evacuation Pause) 115M->47M(127M) 3.277ms
[247.864s][info][gc,cpu      ] GC(256) User=0.00s Sys=0.00s Real=0.00s
[248.024s][info][gc,start    ] GC(257) Pause Young (Mixed) (G1 Evacuation Pause)
[248.024s][info][gc,task     ] GC(257) Using 8 workers of 8 for evacuation
[248.027s][info][gc,phases   ] GC(257)   Pre Evacuate Collection Set: 0.1ms
[248.027s][info][gc,phases   ] GC(257)   Merge Heap Roots: 0.1ms
[248.027s][info][gc,phases   ] GC(257)   Evacuate Collection Set: 2.2ms
[248.027s][info][gc,phases   ] GC(257)   Post Evacuate Collection Set: 0.5ms
[248.027s][info][gc,phases   ] GC(257)   Other: 0.1ms
[248.027s][info][gc,heap     ] GC(257) Eden regions: 68->0(67)
[248.027s][info][gc,heap     ] GC(257) Survivor regions: 3->4(9)
[248.027s][info][gc,heap     ] GC(257) Old regions: 44->43
[248.027s][info][gc,heap     ] GC(257) Humongous regions: 2->2
[248.027s][info][gc,metaspace] GC(257) Metaspace: 85038K(85888K)->85038K(85888K) NonClass: 73999K(74432K)->73999K(74432K) Class: 11038K(11456K)->11038K(11456K)
[248.027s][info][gc          ] GC(257) Pause Young (Mixed) (G1 Evacuation Pause) 115M->47M(127M) 3.345ms
[248.027s][info][gc,cpu      ] GC(257) User=0.00s Sys=0.00s Real=0.00s
[248.172s][info][gc,start    ] GC(258) Pause Young (Concurrent Start) (G1 Evacuation Pause)
[248.172s][info][gc,task     ] GC(258) Using 8 workers of 8 for evacuation
[248.176s][info][gc,phases   ] GC(258)   Pre Evacuate Collection Set: 0.2ms
[248.176s][info][gc,phases   ] GC(258)   Merge Heap Roots: 0.1ms
[248.176s][info][gc,phases   ] GC(258)   Evacuate Collection Set: 2.6ms
[248.176s][info][gc,phases   ] GC(258)   Post Evacuate Collection Set: 0.4ms
[248.176s][info][gc,phases   ] GC(258)   Other: 0.3ms
[248.176s][info][gc,heap     ] GC(258) Eden regions: 67->0(67)
[248.176s][info][gc,heap     ] GC(258) Survivor regions: 4->4(9)
[248.176s][info][gc,heap     ] GC(258) Old regions: 43->43
[248.176s][info][gc,heap     ] GC(258) Humongous regions: 2->2
[248.176s][info][gc,metaspace] GC(258) Metaspace: 85038K(85888K)->85038K(85888K) NonClass: 73999K(74432K)->73999K(74432K) Class: 11038K(11456K)->11038K(11456K)
[248.176s][info][gc          ] GC(258) Pause Young (Concurrent Start) (G1 Evacuation Pause) 114M->47M(127M) 3.888ms
[248.176s][info][gc,cpu      ] GC(258) User=0.00s Sys=0.00s Real=0.00s
[248.176s][info][gc          ] GC(259) Concurrent Mark Cycle
[248.176s][info][gc,marking  ] GC(259) Concurrent Scan Root Regions
[248.178s][info][gc,marking  ] GC(259) Concurrent Scan Root Regions 2.270ms
[248.178s][info][gc,marking  ] GC(259) Concurrent Mark
[248.178s][info][gc,marking  ] GC(259) Concurrent Mark From Roots
[248.178s][info][gc,task     ] GC(259) Using 2 workers of 2 for marking
[248.240s][info][gc,marking  ] GC(259) Concurrent Mark From Roots 61.906ms
[248.240s][info][gc,marking  ] GC(259) Concurrent Preclean
[248.240s][info][gc,marking  ] GC(259) Concurrent Preclean 0.165ms
[248.241s][info][gc,start    ] GC(259) Pause Remark
[248.245s][info][gc          ] GC(259) Pause Remark 68M->68M(127M) 4.312ms
[248.245s][info][gc,cpu      ] GC(259) User=0.00s Sys=0.00s Real=0.00s
[248.245s][info][gc,marking  ] GC(259) Concurrent Mark 66.705ms
[248.245s][info][gc,marking  ] GC(259) Concurrent Rebuild Remembered Sets and Scrub Regions
[248.265s][info][gc,marking  ] GC(259) Concurrent Rebuild Remembered Sets and Scrub Regions 20.441ms
[248.266s][info][gc,start    ] GC(259) Pause Cleanup
[248.266s][info][gc          ] GC(259) Pause Cleanup 76M->76M(127M) 0.137ms
[248.266s][info][gc,cpu      ] GC(259) User=0.00s Sys=0.00s Real=0.00s
[248.266s][info][gc,marking  ] GC(259) Concurrent Clear Claimed Marks
[248.266s][info][gc,marking  ] GC(259) Concurrent Clear Claimed Marks 0.124ms
[248.266s][info][gc,marking  ] GC(259) Concurrent Cleanup for Next Mark
[248.266s][info][gc,marking  ] GC(259) Concurrent Cleanup for Next Mark 0.219ms
[248.266s][info][gc          ] GC(259) Concurrent Mark Cycle 90.460ms
[248.370s][info][gc,start    ] GC(260) Pause Young (Prepare Mixed) (G1 Evacuation Pause)
[248.370s][info][gc,task     ] GC(260) Using 8 workers of 8 for evacuation
[248.373s][info][gc,phases   ] GC(260)   Pre Evacuate Collection Set: 0.1ms
[248.373s][info][gc,phases   ] GC(260)   Merge Heap Roots: 0.1ms
[248.373s][info][gc,phases   ] GC(260)   Evacuate Collection Set: 2.3ms
[248.373s][info][gc,phases   ] GC(260)   Post Evacuate Collection Set: 0.4ms
[248.373s][info][gc,phases   ] GC(260)   Other: 0.1ms
[248.373s][info][gc,heap     ] GC(260) Eden regions: 67->0(67)
[248.373s][info][gc,heap     ] GC(260) Survivor regions: 4->4(9)
[248.373s][info][gc,heap     ] GC(260) Old regions: 43->43
[248.374s][info][gc,heap     ] GC(260) Humongous regions: 2->2
[248.374s][info][gc,metaspace] GC(260) Metaspace: 85038K(85888K)->85038K(85888K) NonClass: 73999K(74432K)->73999K(74432K) Class: 11038K(11456K)->11038K(11456K)
[248.374s][info][gc          ] GC(260) Pause Young (Prepare Mixed) (G1 Evacuation Pause) 114M->48M(127M) 3.478ms
[248.374s][info][gc,cpu      ] GC(260) User=0.11s Sys=0.00s Real=0.00s
[248.541s][info][gc,start    ] GC(261) Pause Young (Mixed) (G1 Evacuation Pause)
[248.541s][info][gc,task     ] GC(261) Using 8 workers of 8 for evacuation
[248.545s][info][gc,phases   ] GC(261)   Pre Evacuate Collection Set: 0.1ms
[248.545s][info][gc,phases   ] GC(261)   Merge Heap Roots: 0.1ms
[248.545s][info][gc,phases   ] GC(261)   Evacuate Collection Set: 3.2ms
[248.545s][info][gc,phases   ] GC(261)   Post Evacuate Collection Set: 0.4ms
[248.545s][info][gc,phases   ] GC(261)   Other: 0.1ms
[248.545s][info][gc,heap     ] GC(261) Eden regions: 67->0(67)
[248.545s][info][gc,heap     ] GC(261) Survivor regions: 4->4(9)
[248.545s][info][gc,heap     ] GC(261) Old regions: 43->43
[248.545s][info][gc,heap     ] GC(261) Humongous regions: 2->2
[248.545s][info][gc,metaspace] GC(261) Metaspace: 85038K(85888K)->85038K(85888K) NonClass: 74000K(74432K)->74000K(74432K) Class: 11038K(11456K)->11038K(11456K)
[248.545s][info][gc          ] GC(261) Pause Young (Mixed) (G1 Evacuation Pause) 115M->48M(127M) 4.279ms
[248.546s][info][gc,cpu      ] GC(261) User=0.11s Sys=0.00s Real=0.00s
[248.684s][info][gc,start    ] GC(262) Pause Young (Concurrent Start) (G1 Evacuation Pause)
[248.684s][info][gc,task     ] GC(262) Using 8 workers of 8 for evacuation
[248.688s][info][gc,phases   ] GC(262)   Pre Evacuate Collection Set: 0.2ms
[248.688s][info][gc,phases   ] GC(262)   Merge Heap Roots: 0.1ms
[248.688s][info][gc,phases   ] GC(262)   Evacuate Collection Set: 3.2ms
[248.688s][info][gc,phases   ] GC(262)   Post Evacuate Collection Set: 0.4ms
[248.688s][info][gc,phases   ] GC(262)   Other: 0.1ms
[248.688s][info][gc,heap     ] GC(262) Eden regions: 67->0(67)
[248.688s][info][gc,heap     ] GC(262) Survivor regions: 4->4(9)
[248.688s][info][gc,heap     ] GC(262) Old regions: 43->43
[248.688s][info][gc,heap     ] GC(262) Humongous regions: 2->2
[248.688s][info][gc,metaspace] GC(262) Metaspace: 85038K(85888K)->85038K(85888K) NonClass: 74000K(74432K)->74000K(74432K) Class: 11038K(11456K)->11038K(11456K)
[248.688s][info][gc          ] GC(262) Pause Young (Concurrent Start) (G1 Evacuation Pause) 115M->48M(127M) 4.493ms
[248.688s][info][gc,cpu      ] GC(262) User=0.02s Sys=0.00s Real=0.01s
[248.688s][info][gc          ] GC(263) Concurrent Mark Cycle
[248.689s][info][gc,marking  ] GC(263) Concurrent Scan Root Regions
[248.691s][info][gc,marking  ] GC(263) Concurrent Scan Root Regions 2.364ms
[248.691s][info][gc,marking  ] GC(263) Concurrent Mark
[248.691s][info][gc,marking  ] GC(263) Concurrent Mark From Roots
[248.691s][info][gc,task     ] GC(263) Using 2 workers of 2 for marking
[248.753s][info][gc,marking  ] GC(263) Concurrent Mark From Roots 61.849ms
[248.753s][info][gc,marking  ] GC(263) Concurrent Preclean
[248.753s][info][gc,marking  ] GC(263) Concurrent Preclean 0.249ms
[248.753s][info][gc,start    ] GC(263) Pause Remark
[248.758s][info][gc          ] GC(263) Pause Remark 71M->71M(127M) 4.718ms
[248.758s][info][gc,cpu      ] GC(263) User=0.00s Sys=0.00s Real=0.00s
[248.758s][info][gc,marking  ] GC(263) Concurrent Mark 67.175ms
[248.758s][info][gc,marking  ] GC(263) Concurrent Rebuild Remembered Sets and Scrub Regions
[248.766s][info][gc,marking  ] GC(263) Concurrent Rebuild Remembered Sets and Scrub Regions 8.104ms
[248.766s][info][gc,start    ] GC(263) Pause Cleanup
[248.766s][info][gc          ] GC(263) Pause Cleanup 74M->74M(127M) 0.061ms
[248.767s][info][gc,cpu      ] GC(263) User=0.00s Sys=0.00s Real=0.00s
[248.767s][info][gc,marking  ] GC(263) Concurrent Clear Claimed Marks
[248.767s][info][gc,marking  ] GC(263) Concurrent Clear Claimed Marks 0.108ms
[248.767s][info][gc,marking  ] GC(263) Concurrent Cleanup for Next Mark
[248.767s][info][gc,marking  ] GC(263) Concurrent Cleanup for Next Mark 0.333ms
[248.767s][info][gc          ] GC(263) Concurrent Mark Cycle 78.725ms
[248.877s][info][gc,start    ] GC(264) Pause Young (Normal) (G1 Evacuation Pause)
[248.877s][info][gc,task     ] GC(264) Using 8 workers of 8 for evacuation
[248.880s][info][gc,phases   ] GC(264)   Pre Evacuate Collection Set: 0.2ms
[248.880s][info][gc,phases   ] GC(264)   Merge Heap Roots: 0.1ms
[248.880s][info][gc,phases   ] GC(264)   Evacuate Collection Set: 2.6ms
[248.880s][info][gc,phases   ] GC(264)   Post Evacuate Collection Set: 0.5ms
[248.880s][info][gc,phases   ] GC(264)   Other: 0.1ms
[248.880s][info][gc,heap     ] GC(264) Eden regions: 67->0(66)
[248.880s][info][gc,heap     ] GC(264) Survivor regions: 4->4(9)
[248.880s][info][gc,heap     ] GC(264) Old regions: 43->44
[248.881s][info][gc,heap     ] GC(264) Humongous regions: 2->2
[248.881s][info][gc,metaspace] GC(264) Metaspace: 85038K(85888K)->85038K(85888K) NonClass: 74000K(74432K)->74000K(74432K) Class: 11038K(11456K)->11038K(11456K)
[248.881s][info][gc          ] GC(264) Pause Young (Normal) (G1 Evacuation Pause) 115M->48M(127M) 3.928ms
[248.881s][info][gc,cpu      ] GC(264) User=0.00s Sys=0.00s Real=0.00s
[249.034s][info][gc,start    ] GC(265) Pause Young (Concurrent Start) (G1 Evacuation Pause)
[249.034s][info][gc,task     ] GC(265) Using 8 workers of 8 for evacuation
[249.038s][info][gc,phases   ] GC(265)   Pre Evacuate Collection Set: 0.1ms
[249.038s][info][gc,phases   ] GC(265)   Merge Heap Roots: 0.1ms
[249.038s][info][gc,phases   ] GC(265)   Evacuate Collection Set: 2.9ms
[249.038s][info][gc,phases   ] GC(265)   Post Evacuate Collection Set: 0.3ms
[249.038s][info][gc,phases   ] GC(265)   Other: 0.1ms
[249.038s][info][gc,heap     ] GC(265) Eden regions: 66->0(66)
[249.038s][info][gc,heap     ] GC(265) Survivor regions: 4->4(9)
[249.038s][info][gc,heap     ] GC(265) Old regions: 44->44
[249.038s][info][gc,heap     ] GC(265) Humongous regions: 2->2
[249.038s][info][gc,metaspace] GC(265) Metaspace: 85038K(85888K)->85038K(85888K) NonClass: 74000K(74432K)->74000K(74432K) Class: 11038K(11456K)->11038K(11456K)
[249.038s][info][gc          ] GC(265) Pause Young (Concurrent Start) (G1 Evacuation Pause) 114M->48M(127M) 3.959ms
[249.038s][info][gc,cpu      ] GC(265) User=0.00s Sys=0.00s Real=0.00s
[249.038s][info][gc          ] GC(266) Concurrent Mark Cycle
[249.038s][info][gc,marking  ] GC(266) Concurrent Scan Root Regions
[249.040s][info][gc,marking  ] GC(266) Concurrent Scan Root Regions 1.696ms
[249.040s][info][gc,marking  ] GC(266) Concurrent Mark
[249.040s][info][gc,marking  ] GC(266) Concurrent Mark From Roots
[249.040s][info][gc,task     ] GC(266) Using 2 workers of 2 for marking
[249.114s][info][gc,marking  ] GC(266) Concurrent Mark From Roots 73.698ms
[249.114s][info][gc,marking  ] GC(266) Concurrent Preclean
[249.114s][info][gc,marking  ] GC(266) Concurrent Preclean 0.302ms
[249.114s][info][gc,start    ] GC(266) Pause Remark
[249.120s][info][gc          ] GC(266) Pause Remark 74M->74M(127M) 5.464ms
[249.120s][info][gc,cpu      ] GC(266) User=0.00s Sys=0.00s Real=0.01s
[249.120s][info][gc,marking  ] GC(266) Concurrent Mark 79.893ms
[249.120s][info][gc,marking  ] GC(266) Concurrent Rebuild Remembered Sets and Scrub Regions
[249.143s][info][gc,marking  ] GC(266) Concurrent Rebuild Remembered Sets and Scrub Regions 23.179ms
[249.143s][info][gc,start    ] GC(266) Pause Cleanup
[249.143s][info][gc          ] GC(266) Pause Cleanup 84M->84M(127M) 0.132ms
[249.143s][info][gc,cpu      ] GC(266) User=0.00s Sys=0.00s Real=0.00s
[249.144s][info][gc,marking  ] GC(266) Concurrent Clear Claimed Marks
[249.144s][info][gc,marking  ] GC(266) Concurrent Clear Claimed Marks 0.120ms
[249.144s][info][gc,marking  ] GC(266) Concurrent Cleanup for Next Mark
[249.144s][info][gc,marking  ] GC(266) Concurrent Cleanup for Next Mark 0.324ms
[249.144s][info][gc          ] GC(266) Concurrent Mark Cycle 105.854ms
[249.230s][info][gc,start    ] GC(267) Pause Young (Normal) (G1 Evacuation Pause)
[249.230s][info][gc,task     ] GC(267) Using 8 workers of 8 for evacuation
[249.233s][info][gc,phases   ] GC(267)   Pre Evacuate Collection Set: 0.2ms
[249.233s][info][gc,phases   ] GC(267)   Merge Heap Roots: 0.1ms
[249.233s][info][gc,phases   ] GC(267)   Evacuate Collection Set: 2.7ms
[249.233s][info][gc,phases   ] GC(267)   Post Evacuate Collection Set: 0.4ms
[249.233s][info][gc,phases   ] GC(267)   Other: 0.1ms
[249.233s][info][gc,heap     ] GC(267) Eden regions: 66->0(66)
[249.233s][info][gc,heap     ] GC(267) Survivor regions: 4->4(9)
[249.233s][info][gc,heap     ] GC(267) Old regions: 44->44
[249.233s][info][gc,heap     ] GC(267) Humongous regions: 2->2
[249.233s][info][gc,metaspace] GC(267) Metaspace: 85038K(85888K)->85038K(85888K) NonClass: 74000K(74432K)->74000K(74432K) Class: 11038K(11456K)->11038K(11456K)
[249.233s][info][gc          ] GC(267) Pause Young (Normal) (G1 Evacuation Pause) 114M->48M(127M) 3.897ms
[249.233s][info][gc,cpu      ] GC(267) User=0.11s Sys=0.00s Real=0.00s
[249.366s][info][gc,start    ] GC(268) Pause Young (Concurrent Start) (G1 Evacuation Pause)
[249.366s][info][gc,task     ] GC(268) Using 8 workers of 8 for evacuation
[249.369s][info][gc,phases   ] GC(268)   Pre Evacuate Collection Set: 0.1ms
[249.370s][info][gc,phases   ] GC(268)   Merge Heap Roots: 0.1ms
[249.370s][info][gc,phases   ] GC(268)   Evacuate Collection Set: 2.9ms
[249.370s][info][gc,phases   ] GC(268)   Post Evacuate Collection Set: 0.4ms
[249.370s][info][gc,phases   ] GC(268)   Other: 0.2ms
[249.370s][info][gc,heap     ] GC(268) Eden regions: 66->0(66)
[249.370s][info][gc,heap     ] GC(268) Survivor regions: 4->4(9)
[249.370s][info][gc,heap     ] GC(268) Old regions: 44->44
[249.370s][info][gc,heap     ] GC(268) Humongous regions: 2->2
[249.370s][info][gc,metaspace] GC(268) Metaspace: 85038K(85888K)->85038K(85888K) NonClass: 74000K(74432K)->74000K(74432K) Class: 11038K(11456K)->11038K(11456K)
[249.370s][info][gc          ] GC(268) Pause Young (Concurrent Start) (G1 Evacuation Pause) 114M->49M(127M) 4.412ms
[249.370s][info][gc          ] GC(269) Concurrent Mark Cycle
[249.370s][info][gc,cpu      ] GC(268) User=0.00s Sys=0.00s Real=0.00s
[249.370s][info][gc,marking  ] GC(269) Concurrent Scan Root Regions
[249.373s][info][gc,marking  ] GC(269) Concurrent Scan Root Regions 2.904ms
[249.373s][info][gc,marking  ] GC(269) Concurrent Mark
[249.373s][info][gc,marking  ] GC(269) Concurrent Mark From Roots
[249.373s][info][gc,task     ] GC(269) Using 2 workers of 2 for marking
[249.453s][info][gc,marking  ] GC(269) Concurrent Mark From Roots 79.402ms
[249.453s][info][gc,marking  ] GC(269) Concurrent Preclean
[249.453s][info][gc,marking  ] GC(269) Concurrent Preclean 0.253ms
[249.453s][info][gc,start    ] GC(269) Pause Remark
[249.458s][info][gc          ] GC(269) Pause Remark 67M->67M(127M) 4.444ms
[249.458s][info][gc,cpu      ] GC(269) User=0.00s Sys=0.00s Real=0.00s
[249.458s][info][gc,marking  ] GC(269) Concurrent Mark 84.483ms
[249.458s][info][gc,marking  ] GC(269) Concurrent Rebuild Remembered Sets and Scrub Regions
[249.483s][info][gc,marking  ] GC(269) Concurrent Rebuild Remembered Sets and Scrub Regions 25.453ms
[249.483s][info][gc,start    ] GC(269) Pause Cleanup
[249.484s][info][gc          ] GC(269) Pause Cleanup 74M->74M(127M) 0.144ms
[249.484s][info][gc,cpu      ] GC(269) User=0.00s Sys=0.00s Real=0.00s
[249.484s][info][gc,marking  ] GC(269) Concurrent Clear Claimed Marks
[249.484s][info][gc,marking  ] GC(269) Concurrent Clear Claimed Marks 0.106ms
[249.484s][info][gc,marking  ] GC(269) Concurrent Cleanup for Next Mark
[249.484s][info][gc,marking  ] GC(269) Concurrent Cleanup for Next Mark 0.221ms
[249.484s][info][gc          ] GC(269) Concurrent Mark Cycle 113.829ms
[249.581s][info][gc,start    ] GC(270) Pause Young (Normal) (G1 Evacuation Pause)
[249.581s][info][gc,task     ] GC(270) Using 8 workers of 8 for evacuation
[249.584s][info][gc,phases   ] GC(270)   Pre Evacuate Collection Set: 0.1ms
[249.584s][info][gc,phases   ] GC(270)   Merge Heap Roots: 0.1ms
[249.584s][info][gc,phases   ] GC(270)   Evacuate Collection Set: 2.2ms
[249.584s][info][gc,phases   ] GC(270)   Post Evacuate Collection Set: 0.3ms
[249.584s][info][gc,phases   ] GC(270)   Other: 0.1ms
[249.584s][info][gc,heap     ] GC(270) Eden regions: 66->0(65)
[249.584s][info][gc,heap     ] GC(270) Survivor regions: 4->4(9)
[249.584s][info][gc,heap     ] GC(270) Old regions: 44->45
[249.584s][info][gc,heap     ] GC(270) Humongous regions: 2->2
[249.584s][info][gc,metaspace] GC(270) Metaspace: 85038K(85888K)->85038K(85888K) NonClass: 74000K(74432K)->74000K(74432K) Class: 11038K(11456K)->11038K(11456K)
[249.584s][info][gc          ] GC(270) Pause Young (Normal) (G1 Evacuation Pause) 115M->49M(127M) 3.133ms
[249.584s][info][gc,cpu      ] GC(270) User=0.00s Sys=0.00s Real=0.00s
[249.749s][info][gc,start    ] GC(271) Pause Young (Concurrent Start) (G1 Evacuation Pause)
[249.749s][info][gc,task     ] GC(271) Using 8 workers of 8 for evacuation
[249.753s][info][gc,phases   ] GC(271)   Pre Evacuate Collection Set: 0.1ms
[249.754s][info][gc,phases   ] GC(271)   Merge Heap Roots: 0.1ms
[249.754s][info][gc,phases   ] GC(271)   Evacuate Collection Set: 3.0ms
[249.754s][info][gc,phases   ] GC(271)   Post Evacuate Collection Set: 0.5ms
[249.754s][info][gc,phases   ] GC(271)   Other: 0.2ms
[249.754s][info][gc,heap     ] GC(271) Eden regions: 65->0(65)
[249.754s][info][gc,heap     ] GC(271) Survivor regions: 4->4(9)
[249.754s][info][gc,heap     ] GC(271) Old regions: 45->45
[249.754s][info][gc,heap     ] GC(271) Humongous regions: 2->2
[249.754s][info][gc,metaspace] GC(271) Metaspace: 85038K(85888K)->85038K(85888K) NonClass: 74000K(74432K)->74000K(74432K) Class: 11038K(11456K)->11038K(11456K)
[249.754s][info][gc          ] GC(271) Pause Young (Concurrent Start) (G1 Evacuation Pause) 114M->49M(127M) 4.957ms
[249.754s][info][gc,cpu      ] GC(271) User=0.00s Sys=0.00s Real=0.01s
[249.754s][info][gc          ] GC(272) Concurrent Mark Cycle
[249.754s][info][gc,marking  ] GC(272) Concurrent Scan Root Regions
[249.757s][info][gc,marking  ] GC(272) Concurrent Scan Root Regions 2.360ms
[249.757s][info][gc,marking  ] GC(272) Concurrent Mark
[249.757s][info][gc,marking  ] GC(272) Concurrent Mark From Roots
[249.757s][info][gc,task     ] GC(272) Using 2 workers of 2 for marking
[249.816s][info][gc,marking  ] GC(272) Concurrent Mark From Roots 59.038ms
[249.816s][info][gc,marking  ] GC(272) Concurrent Preclean
[249.816s][info][gc,marking  ] GC(272) Concurrent Preclean 0.173ms
[249.816s][info][gc,start    ] GC(272) Pause Remark
[249.821s][info][gc          ] GC(272) Pause Remark 66M->66M(127M) 5.127ms
[249.821s][info][gc,cpu      ] GC(272) User=0.00s Sys=0.00s Real=0.01s
[249.822s][info][gc,marking  ] GC(272) Concurrent Mark 64.661ms
[249.822s][info][gc,marking  ] GC(272) Concurrent Rebuild Remembered Sets and Scrub Regions
[249.840s][info][gc,marking  ] GC(272) Concurrent Rebuild Remembered Sets and Scrub Regions 18.388ms
[249.840s][info][gc,start    ] GC(272) Pause Cleanup
[249.840s][info][gc          ] GC(272) Pause Cleanup 75M->75M(127M) 0.116ms
[249.840s][info][gc,cpu      ] GC(272) User=0.00s Sys=0.00s Real=0.00s
[249.840s][info][gc,marking  ] GC(272) Concurrent Clear Claimed Marks
[249.841s][info][gc,marking  ] GC(272) Concurrent Clear Claimed Marks 0.264ms
[249.841s][info][gc,marking  ] GC(272) Concurrent Cleanup for Next Mark
[249.841s][info][gc,marking  ] GC(272) Concurrent Cleanup for Next Mark 0.196ms
[249.841s][info][gc          ] GC(272) Concurrent Mark Cycle 86.485ms
[249.932s][info][gc,start    ] GC(273) Pause Young (Normal) (G1 Evacuation Pause)
[249.932s][info][gc,task     ] GC(273) Using 8 workers of 8 for evacuation
[249.935s][info][gc,phases   ] GC(273)   Pre Evacuate Collection Set: 0.1ms
[249.936s][info][gc,phases   ] GC(273)   Merge Heap Roots: 0.1ms
[249.936s][info][gc,phases   ] GC(273)   Evacuate Collection Set: 2.4ms
[249.936s][info][gc,phases   ] GC(273)   Post Evacuate Collection Set: 0.5ms
[249.936s][info][gc,phases   ] GC(273)   Other: 0.1ms
[249.936s][info][gc,heap     ] GC(273) Eden regions: 65->0(65)
[249.936s][info][gc,heap     ] GC(273) Survivor regions: 4->4(9)
[249.936s][info][gc,heap     ] GC(273) Old regions: 45->45
[249.936s][info][gc,heap     ] GC(273) Humongous regions: 2->2
[249.936s][info][gc,metaspace] GC(273) Metaspace: 85038K(85888K)->85038K(85888K) NonClass: 74000K(74432K)->74000K(74432K) Class: 11038K(11456K)->11038K(11456K)
[249.936s][info][gc          ] GC(273) Pause Young (Normal) (G1 Evacuation Pause) 114M->49M(127M) 3.763ms
[249.936s][info][gc,cpu      ] GC(273) User=0.08s Sys=0.00s Real=0.00s
[250.081s][info][gc,start    ] GC(274) Pause Young (Concurrent Start) (G1 Evacuation Pause)
[250.081s][info][gc,task     ] GC(274) Using 8 workers of 8 for evacuation
[250.084s][info][gc,phases   ] GC(274)   Pre Evacuate Collection Set: 0.2ms
[250.084s][info][gc,phases   ] GC(274)   Merge Heap Roots: 0.1ms
[250.084s][info][gc,phases   ] GC(274)   Evacuate Collection Set: 2.1ms
[250.084s][info][gc,phases   ] GC(274)   Post Evacuate Collection Set: 0.4ms
[250.084s][info][gc,phases   ] GC(274)   Other: 0.2ms
[250.084s][info][gc,heap     ] GC(274) Eden regions: 65->0(65)
[250.084s][info][gc,heap     ] GC(274) Survivor regions: 4->4(9)
[250.084s][info][gc,heap     ] GC(274) Old regions: 45->45
[250.084s][info][gc,heap     ] GC(274) Humongous regions: 2->2
[250.084s][info][gc,metaspace] GC(274) Metaspace: 85038K(85888K)->85038K(85888K) NonClass: 74000K(74432K)->74000K(74432K) Class: 11038K(11456K)->11038K(11456K)
[250.084s][info][gc          ] GC(274) Pause Young (Concurrent Start) (G1 Evacuation Pause) 114M->50M(127M) 3.381ms
[250.084s][info][gc,cpu      ] GC(274) User=0.00s Sys=0.00s Real=0.00s
[250.084s][info][gc          ] GC(275) Concurrent Mark Cycle
[250.084s][info][gc,marking  ] GC(275) Concurrent Scan Root Regions
[250.087s][info][gc,marking  ] GC(275) Concurrent Scan Root Regions 2.615ms
[250.087s][info][gc,marking  ] GC(275) Concurrent Mark
[250.087s][info][gc,marking  ] GC(275) Concurrent Mark From Roots
[250.087s][info][gc,task     ] GC(275) Using 2 workers of 2 for marking
[250.160s][info][gc,marking  ] GC(275) Concurrent Mark From Roots 73.357ms
[250.160s][info][gc,marking  ] GC(275) Concurrent Preclean
[250.160s][info][gc,marking  ] GC(275) Concurrent Preclean 0.195ms
[250.161s][info][gc,start    ] GC(275) Pause Remark
[250.175s][info][gc          ] GC(275) Pause Remark 70M->70M(127M) 14.132ms
[250.175s][info][gc,cpu      ] GC(275) User=0.08s Sys=0.00s Real=0.02s
[250.175s][info][gc,marking  ] GC(275) Concurrent Mark 88.067ms
[250.175s][info][gc,marking  ] GC(275) Concurrent Rebuild Remembered Sets and Scrub Regions
[250.202s][info][gc,marking  ] GC(275) Concurrent Rebuild Remembered Sets and Scrub Regions 27.173ms
[250.202s][info][gc,start    ] GC(275) Pause Cleanup
[250.203s][info][gc          ] GC(275) Pause Cleanup 76M->76M(127M) 0.226ms
[250.203s][info][gc,cpu      ] GC(275) User=0.00s Sys=0.00s Real=0.00s
[250.203s][info][gc,marking  ] GC(275) Concurrent Clear Claimed Marks
[250.203s][info][gc,marking  ] GC(275) Concurrent Clear Claimed Marks 0.124ms
[250.203s][info][gc,marking  ] GC(275) Concurrent Cleanup for Next Mark
[250.203s][info][gc,marking  ] GC(275) Concurrent Cleanup for Next Mark 0.290ms
[250.203s][info][gc          ] GC(275) Concurrent Mark Cycle 119.397ms
[250.287s][info][gc,start    ] GC(276) Pause Young (Normal) (G1 Evacuation Pause)
[250.287s][info][gc,task     ] GC(276) Using 8 workers of 8 for evacuation
[250.290s][info][gc,phases   ] GC(276)   Pre Evacuate Collection Set: 0.2ms
[250.290s][info][gc,phases   ] GC(276)   Merge Heap Roots: 0.1ms
[250.290s][info][gc,phases   ] GC(276)   Evacuate Collection Set: 2.2ms
[250.290s][info][gc,phases   ] GC(276)   Post Evacuate Collection Set: 0.4ms
[250.290s][info][gc,phases   ] GC(276)   Other: 0.1ms
[250.290s][info][gc,heap     ] GC(276) Eden regions: 65->0(65)
[250.290s][info][gc,heap     ] GC(276) Survivor regions: 4->4(9)
[250.290s][info][gc,heap     ] GC(276) Old regions: 45->45
[250.290s][info][gc,heap     ] GC(276) Humongous regions: 2->2
[250.290s][info][gc,metaspace] GC(276) Metaspace: 85028K(85888K)->85028K(85888K) NonClass: 73992K(74432K)->73992K(74432K) Class: 11035K(11456K)->11035K(11456K)
[250.290s][info][gc          ] GC(276) Pause Young (Normal) (G1 Evacuation Pause) 115M->50M(127M) 3.268ms
[250.290s][info][gc,cpu      ] GC(276) User=0.00s Sys=0.00s Real=0.00s
[250.446s][info][gc,start    ] GC(277) Pause Young (Concurrent Start) (G1 Evacuation Pause)
[250.446s][info][gc,task     ] GC(277) Using 8 workers of 8 for evacuation
[250.449s][info][gc,phases   ] GC(277)   Pre Evacuate Collection Set: 0.1ms
[250.449s][info][gc,phases   ] GC(277)   Merge Heap Roots: 0.1ms
[250.449s][info][gc,phases   ] GC(277)   Evacuate Collection Set: 2.5ms
[250.449s][info][gc,phases   ] GC(277)   Post Evacuate Collection Set: 0.3ms
[250.449s][info][gc,phases   ] GC(277)   Other: 0.1ms
[250.449s][info][gc,heap     ] GC(277) Eden regions: 65->0(64)
[250.449s][info][gc,heap     ] GC(277) Survivor regions: 4->4(9)
[250.449s][info][gc,heap     ] GC(277) Old regions: 45->46
[250.449s][info][gc,heap     ] GC(277) Humongous regions: 2->2
[250.449s][info][gc,metaspace] GC(277) Metaspace: 85028K(85888K)->85028K(85888K) NonClass: 73992K(74432K)->73992K(74432K) Class: 11035K(11456K)->11035K(11456K)
[250.449s][info][gc          ] GC(277) Pause Young (Concurrent Start) (G1 Evacuation Pause) 115M->50M(127M) 3.566ms
[250.449s][info][gc,cpu      ] GC(277) User=0.00s Sys=0.00s Real=0.00s
[250.449s][info][gc          ] GC(278) Concurrent Mark Cycle
[250.450s][info][gc,marking  ] GC(278) Concurrent Scan Root Regions
[250.452s][info][gc,marking  ] GC(278) Concurrent Scan Root Regions 2.356ms
[250.452s][info][gc,marking  ] GC(278) Concurrent Mark
[250.452s][info][gc,marking  ] GC(278) Concurrent Mark From Roots
[250.452s][info][gc,task     ] GC(278) Using 2 workers of 2 for marking
[250.523s][info][gc,marking  ] GC(278) Concurrent Mark From Roots 70.805ms
[250.523s][info][gc,marking  ] GC(278) Concurrent Preclean
[250.523s][info][gc,marking  ] GC(278) Concurrent Preclean 0.184ms
[250.523s][info][gc,start    ] GC(278) Pause Remark
[250.527s][info][gc          ] GC(278) Pause Remark 72M->72M(127M) 4.294ms
[250.527s][info][gc,cpu      ] GC(278) User=0.00s Sys=0.00s Real=0.00s
[250.528s][info][gc,marking  ] GC(278) Concurrent Mark 75.580ms
[250.528s][info][gc,marking  ] GC(278) Concurrent Rebuild Remembered Sets and Scrub Regions
[250.549s][info][gc,marking  ] GC(278) Concurrent Rebuild Remembered Sets and Scrub Regions 21.124ms
[250.549s][info][gc,start    ] GC(278) Pause Cleanup
[250.549s][info][gc          ] GC(278) Pause Cleanup 78M->78M(127M) 0.122ms
[250.549s][info][gc,cpu      ] GC(278) User=0.00s Sys=0.00s Real=0.00s
[250.549s][info][gc,marking  ] GC(278) Concurrent Clear Claimed Marks
[250.549s][info][gc,marking  ] GC(278) Concurrent Clear Claimed Marks 0.096ms
[250.549s][info][gc,marking  ] GC(278) Concurrent Cleanup for Next Mark
[250.549s][info][gc,marking  ] GC(278) Concurrent Cleanup for Next Mark 0.241ms
[250.549s][info][gc          ] GC(278) Concurrent Mark Cycle 100.025ms
[250.638s][info][gc,start    ] GC(279) Pause Young (Normal) (G1 Evacuation Pause)
[250.638s][info][gc,task     ] GC(279) Using 8 workers of 8 for evacuation
[250.641s][info][gc,phases   ] GC(279)   Pre Evacuate Collection Set: 0.1ms
[250.641s][info][gc,phases   ] GC(279)   Merge Heap Roots: 0.1ms
[250.641s][info][gc,phases   ] GC(279)   Evacuate Collection Set: 2.4ms
[250.641s][info][gc,phases   ] GC(279)   Post Evacuate Collection Set: 0.5ms
[250.641s][info][gc,phases   ] GC(279)   Other: 0.1ms
[250.641s][info][gc,heap     ] GC(279) Eden regions: 64->0(64)
[250.641s][info][gc,heap     ] GC(279) Survivor regions: 4->4(9)
[250.641s][info][gc,heap     ] GC(279) Old regions: 46->46
[250.641s][info][gc,heap     ] GC(279) Humongous regions: 2->2
[250.641s][info][gc,metaspace] GC(279) Metaspace: 85028K(85888K)->85028K(85888K) NonClass: 73992K(74432K)->73992K(74432K) Class: 11035K(11456K)->11035K(11456K)
[250.641s][info][gc          ] GC(279) Pause Young (Normal) (G1 Evacuation Pause) 114M->50M(127M) 3.617ms
[250.641s][info][gc,cpu      ] GC(279) User=0.00s Sys=0.00s Real=0.00s
[250.801s][info][gc,start    ] GC(280) Pause Young (Concurrent Start) (G1 Evacuation Pause)
[250.801s][info][gc,task     ] GC(280) Using 8 workers of 8 for evacuation
[250.804s][info][gc,phases   ] GC(280)   Pre Evacuate Collection Set: 0.2ms
[250.805s][info][gc,phases   ] GC(280)   Merge Heap Roots: 0.1ms
[250.805s][info][gc,phases   ] GC(280)   Evacuate Collection Set: 2.6ms
[250.805s][info][gc,phases   ] GC(280)   Post Evacuate Collection Set: 0.4ms
[250.805s][info][gc,phases   ] GC(280)   Other: 0.2ms
[250.805s][info][gc,heap     ] GC(280) Eden regions: 64->0(64)
[250.805s][info][gc,heap     ] GC(280) Survivor regions: 4->4(9)
[250.805s][info][gc,heap     ] GC(280) Old regions: 46->46
[250.805s][info][gc,heap     ] GC(280) Humongous regions: 2->2
[250.805s][info][gc,metaspace] GC(280) Metaspace: 85028K(85888K)->85028K(85888K) NonClass: 73992K(74432K)->73992K(74432K) Class: 11035K(11456K)->11035K(11456K)
[250.805s][info][gc          ] GC(280) Pause Young (Concurrent Start) (G1 Evacuation Pause) 114M->51M(127M) 3.896ms
[250.805s][info][gc,cpu      ] GC(280) User=0.00s Sys=0.00s Real=0.00s
[250.805s][info][gc          ] GC(281) Concurrent Mark Cycle
[250.805s][info][gc,marking  ] GC(281) Concurrent Scan Root Regions
[250.807s][info][gc,marking  ] GC(281) Concurrent Scan Root Regions 2.154ms
[250.807s][info][gc,marking  ] GC(281) Concurrent Mark
[250.807s][info][gc,marking  ] GC(281) Concurrent Mark From Roots
[250.807s][info][gc,task     ] GC(281) Using 2 workers of 2 for marking
[250.901s][info][gc,marking  ] GC(281) Concurrent Mark From Roots 93.407ms
[250.901s][info][gc,marking  ] GC(281) Concurrent Preclean
[250.901s][info][gc,marking  ] GC(281) Concurrent Preclean 0.364ms
[250.901s][info][gc,start    ] GC(281) Pause Remark
[250.916s][info][gc          ] GC(281) Pause Remark 72M->72M(127M) 14.381ms
[250.916s][info][gc,cpu      ] GC(281) User=0.05s Sys=0.00s Real=0.02s
[250.916s][info][gc,marking  ] GC(281) Concurrent Mark 108.643ms
[250.916s][info][gc,marking  ] GC(281) Concurrent Rebuild Remembered Sets and Scrub Regions
[250.948s][info][gc,marking  ] GC(281) Concurrent Rebuild Remembered Sets and Scrub Regions 31.935ms
[250.948s][info][gc,start    ] GC(281) Pause Cleanup
[250.948s][info][gc          ] GC(281) Pause Cleanup 78M->78M(127M) 0.198ms
[250.948s][info][gc,cpu      ] GC(281) User=0.00s Sys=0.00s Real=0.00s
[250.948s][info][gc,marking  ] GC(281) Concurrent Clear Claimed Marks
[250.949s][info][gc,marking  ] GC(281) Concurrent Clear Claimed Marks 0.204ms
[250.949s][info][gc,marking  ] GC(281) Concurrent Cleanup for Next Mark
[250.949s][info][gc,marking  ] GC(281) Concurrent Cleanup for Next Mark 0.246ms
[250.949s][info][gc          ] GC(281) Concurrent Mark Cycle 144.045ms
[251.079s][info][gc,start    ] GC(282) Pause Young (Normal) (G1 Evacuation Pause)
[251.079s][info][gc,task     ] GC(282) Using 8 workers of 8 for evacuation
[251.083s][info][gc,phases   ] GC(282)   Pre Evacuate Collection Set: 0.1ms
[251.083s][info][gc,phases   ] GC(282)   Merge Heap Roots: 0.1ms
[251.083s][info][gc,phases   ] GC(282)   Evacuate Collection Set: 3.1ms
[251.083s][info][gc,phases   ] GC(282)   Post Evacuate Collection Set: 0.4ms
[251.083s][info][gc,phases   ] GC(282)   Other: 0.1ms
[251.083s][info][gc,heap     ] GC(282) Eden regions: 64->0(64)
[251.084s][info][gc,heap     ] GC(282) Survivor regions: 4->4(9)
[251.084s][info][gc,heap     ] GC(282) Old regions: 46->46
[251.084s][info][gc,heap     ] GC(282) Humongous regions: 2->2
[251.084s][info][gc,metaspace] GC(282) Metaspace: 85023K(85888K)->85023K(85888K) NonClass: 73988K(74432K)->73988K(74432K) Class: 11034K(11456K)->11034K(11456K)
[251.084s][info][gc          ] GC(282) Pause Young (Normal) (G1 Evacuation Pause) 115M->51M(127M) 4.377ms
[251.084s][info][gc,cpu      ] GC(282) User=0.00s Sys=0.00s Real=0.00s
[251.255s][info][gc,start    ] GC(283) Pause Young (Concurrent Start) (G1 Evacuation Pause)
[251.255s][info][gc,task     ] GC(283) Using 8 workers of 8 for evacuation
[251.258s][info][gc,phases   ] GC(283)   Pre Evacuate Collection Set: 0.2ms
[251.258s][info][gc,phases   ] GC(283)   Merge Heap Roots: 0.1ms
[251.258s][info][gc,phases   ] GC(283)   Evacuate Collection Set: 2.2ms
[251.258s][info][gc,phases   ] GC(283)   Post Evacuate Collection Set: 0.4ms
[251.258s][info][gc,phases   ] GC(283)   Other: 0.1ms
[251.258s][info][gc,heap     ] GC(283) Eden regions: 64->0(63)
[251.258s][info][gc,heap     ] GC(283) Survivor regions: 4->4(9)
[251.258s][info][gc,heap     ] GC(283) Old regions: 46->47
[251.258s][info][gc,heap     ] GC(283) Humongous regions: 2->2
[251.258s][info][gc,metaspace] GC(283) Metaspace: 85023K(85888K)->85023K(85888K) NonClass: 73988K(74432K)->73988K(74432K) Class: 11034K(11456K)->11034K(11456K)
[251.258s][info][gc          ] GC(283) Pause Young (Concurrent Start) (G1 Evacuation Pause) 115M->51M(127M) 3.364ms
[251.258s][info][gc,cpu      ] GC(283) User=0.00s Sys=0.00s Real=0.00s
[251.258s][info][gc          ] GC(284) Concurrent Mark Cycle
[251.258s][info][gc,marking  ] GC(284) Concurrent Scan Root Regions
[251.260s][info][gc,marking  ] GC(284) Concurrent Scan Root Regions 1.564ms
[251.260s][info][gc,marking  ] GC(284) Concurrent Mark
[251.260s][info][gc,marking  ] GC(284) Concurrent Mark From Roots
[251.260s][info][gc,task     ] GC(284) Using 2 workers of 2 for marking
[251.341s][info][gc,marking  ] GC(284) Concurrent Mark From Roots 80.762ms
[251.341s][info][gc,marking  ] GC(284) Concurrent Preclean
[251.341s][info][gc,marking  ] GC(284) Concurrent Preclean 0.204ms
[251.341s][info][gc,start    ] GC(284) Pause Remark
[251.346s][info][gc          ] GC(284) Pause Remark 72M->72M(127M) 4.869ms
[251.346s][info][gc,cpu      ] GC(284) User=0.00s Sys=0.00s Real=0.01s
[251.346s][info][gc,marking  ] GC(284) Concurrent Mark 86.134ms
[251.346s][info][gc,marking  ] GC(284) Concurrent Rebuild Remembered Sets and Scrub Regions
[251.365s][info][gc,marking  ] GC(284) Concurrent Rebuild Remembered Sets and Scrub Regions 18.894ms
[251.365s][info][gc,start    ] GC(284) Pause Cleanup
[251.365s][info][gc          ] GC(284) Pause Cleanup 72M->72M(127M) 0.121ms
[251.365s][info][gc,cpu      ] GC(284) User=0.00s Sys=0.00s Real=0.00s
[251.365s][info][gc,marking  ] GC(284) Concurrent Clear Claimed Marks
[251.365s][info][gc,marking  ] GC(284) Concurrent Clear Claimed Marks 0.089ms
[251.365s][info][gc,marking  ] GC(284) Concurrent Cleanup for Next Mark
[251.366s][info][gc,marking  ] GC(284) Concurrent Cleanup for Next Mark 0.213ms
[251.366s][info][gc          ] GC(284) Concurrent Mark Cycle 107.463ms
[261.409s][info][gc,start    ] GC(285) Pause Young (Normal) (G1 Evacuation Pause)
[261.409s][info][gc,task     ] GC(285) Using 8 workers of 8 for evacuation
[261.411s][info][gc,phases   ] GC(285)   Pre Evacuate Collection Set: 0.2ms
[261.411s][info][gc,phases   ] GC(285)   Merge Heap Roots: 0.1ms
[261.411s][info][gc,phases   ] GC(285)   Evacuate Collection Set: 0.9ms
[261.411s][info][gc,phases   ] GC(285)   Post Evacuate Collection Set: 0.6ms
[261.411s][info][gc,phases   ] GC(285)   Other: 0.1ms
[261.411s][info][gc,heap     ] GC(285) Eden regions: 63->0(67)
[261.411s][info][gc,heap     ] GC(285) Survivor regions: 4->2(9)
[261.411s][info][gc,heap     ] GC(285) Old regions: 47->47
[261.412s][info][gc,heap     ] GC(285) Humongous regions: 2->2
[261.412s][info][gc,metaspace] GC(285) Metaspace: 85030K(85888K)->85030K(85888K) NonClass: 73995K(74432K)->73995K(74432K) Class: 11034K(11456K)->11034K(11456K)
[261.412s][info][gc          ] GC(285) Pause Young (Normal) (G1 Evacuation Pause) 114M->49M(127M) 2.187ms
[261.412s][info][gc,cpu      ] GC(285) User=0.00s Sys=0.00s Real=0.00s
[261.525s][info][gc,start    ] GC(286) Pause Young (Concurrent Start) (G1 Evacuation Pause)
[261.525s][info][gc,task     ] GC(286) Using 8 workers of 8 for evacuation
[261.527s][info][gc,phases   ] GC(286)   Pre Evacuate Collection Set: 0.2ms
[261.527s][info][gc,phases   ] GC(286)   Merge Heap Roots: 0.1ms
[261.527s][info][gc,phases   ] GC(286)   Evacuate Collection Set: 0.8ms
[261.527s][info][gc,phases   ] GC(286)   Post Evacuate Collection Set: 0.5ms
[261.527s][info][gc,phases   ] GC(286)   Other: 0.2ms
[261.527s][info][gc,heap     ] GC(286) Eden regions: 67->0(67)
[261.527s][info][gc,heap     ] GC(286) Survivor regions: 2->2(9)
[261.527s][info][gc,heap     ] GC(286) Old regions: 47->47
[261.527s][info][gc,heap     ] GC(286) Humongous regions: 2->2
[261.527s][info][gc,metaspace] GC(286) Metaspace: 85030K(85888K)->85030K(85888K) NonClass: 73995K(74432K)->73995K(74432K) Class: 11034K(11456K)->11034K(11456K)
[261.527s][info][gc          ] GC(286) Pause Young (Concurrent Start) (G1 Evacuation Pause) 116M->49M(127M) 2.056ms
[261.527s][info][gc,cpu      ] GC(286) User=0.00s Sys=0.00s Real=0.00s
[261.527s][info][gc          ] GC(287) Concurrent Mark Cycle
[261.527s][info][gc,marking  ] GC(287) Concurrent Scan Root Regions
[261.528s][info][gc,marking  ] GC(287) Concurrent Scan Root Regions 1.429ms
[261.528s][info][gc,marking  ] GC(287) Concurrent Mark
[261.528s][info][gc,marking  ] GC(287) Concurrent Mark From Roots
[261.528s][info][gc,task     ] GC(287) Using 2 workers of 2 for marking
[261.572s][info][gc,marking  ] GC(287) Concurrent Mark From Roots 43.557ms
[261.572s][info][gc,marking  ] GC(287) Concurrent Preclean
[261.572s][info][gc,marking  ] GC(287) Concurrent Preclean 0.324ms
[261.573s][info][gc,start    ] GC(287) Pause Remark
[261.585s][info][gc          ] GC(287) Pause Remark 68M->68M(127M) 12.171ms
[261.585s][info][gc,cpu      ] GC(287) User=0.05s Sys=0.00s Real=0.01s
[261.585s][info][gc,marking  ] GC(287) Concurrent Mark 56.524ms
[261.585s][info][gc,marking  ] GC(287) Concurrent Rebuild Remembered Sets and Scrub Regions
[261.610s][info][gc,marking  ] GC(287) Concurrent Rebuild Remembered Sets and Scrub Regions 25.294ms
[261.610s][info][gc,start    ] GC(287) Pause Cleanup
[261.611s][info][gc          ] GC(287) Pause Cleanup 74M->74M(127M) 0.139ms
[261.611s][info][gc,cpu      ] GC(287) User=0.00s Sys=0.00s Real=0.00s
[261.611s][info][gc,marking  ] GC(287) Concurrent Clear Claimed Marks
[261.611s][info][gc,marking  ] GC(287) Concurrent Clear Claimed Marks 0.122ms
[261.611s][info][gc,marking  ] GC(287) Concurrent Cleanup for Next Mark
[261.611s][info][gc,marking  ] GC(287) Concurrent Cleanup for Next Mark 0.237ms
[261.611s][info][gc          ] GC(287) Concurrent Mark Cycle 84.240ms
[261.700s][info][gc,start    ] GC(288) Pause Young (Prepare Mixed) (G1 Evacuation Pause)
[261.700s][info][gc,task     ] GC(288) Using 8 workers of 8 for evacuation
[261.703s][info][gc,phases   ] GC(288)   Pre Evacuate Collection Set: 0.3ms
[261.703s][info][gc,phases   ] GC(288)   Merge Heap Roots: 0.1ms
[261.703s][info][gc,phases   ] GC(288)   Evacuate Collection Set: 1.5ms
[261.703s][info][gc,phases   ] GC(288)   Post Evacuate Collection Set: 0.6ms
[261.703s][info][gc,phases   ] GC(288)   Other: 0.1ms
[261.703s][info][gc,heap     ] GC(288) Eden regions: 67->0(67)
[261.703s][info][gc,heap     ] GC(288) Survivor regions: 2->2(9)
[261.703s][info][gc,heap     ] GC(288) Old regions: 47->47
[261.703s][info][gc,heap     ] GC(288) Humongous regions: 2->2
[261.703s][info][gc,metaspace] GC(288) Metaspace: 84972K(85888K)->84972K(85888K) NonClass: 73952K(74432K)->73952K(74432K) Class: 11019K(11456K)->11019K(11456K)
[261.703s][info][gc          ] GC(288) Pause Young (Prepare Mixed) (G1 Evacuation Pause) 116M->49M(127M) 2.968ms
[261.703s][info][gc,cpu      ] GC(288) User=0.02s Sys=0.00s Real=0.00s
[261.864s][info][gc,start    ] GC(289) Pause Young (Mixed) (G1 Evacuation Pause)
[261.864s][info][gc,task     ] GC(289) Using 8 workers of 8 for evacuation
[261.866s][info][gc,phases   ] GC(289)   Pre Evacuate Collection Set: 0.2ms
[261.866s][info][gc,phases   ] GC(289)   Merge Heap Roots: 0.1ms
[261.866s][info][gc,phases   ] GC(289)   Evacuate Collection Set: 1.0ms
[261.866s][info][gc,phases   ] GC(289)   Post Evacuate Collection Set: 0.5ms
[261.866s][info][gc,phases   ] GC(289)   Other: 0.1ms
[261.866s][info][gc,heap     ] GC(289) Eden regions: 67->0(68)
[261.866s][info][gc,heap     ] GC(289) Survivor regions: 2->2(9)
[261.866s][info][gc,heap     ] GC(289) Old regions: 47->46
[261.866s][info][gc,heap     ] GC(289) Humongous regions: 2->2
[261.866s][info][gc,metaspace] GC(289) Metaspace: 84972K(85888K)->84972K(85888K) NonClass: 73952K(74432K)->73952K(74432K) Class: 11019K(11456K)->11019K(11456K)
[261.866s][info][gc          ] GC(289) Pause Young (Mixed) (G1 Evacuation Pause) 116M->48M(127M) 2.288ms
[261.866s][info][gc,cpu      ] GC(289) User=0.00s Sys=0.00s Real=0.00s
[262.031s][info][gc,start    ] GC(290) Pause Young (Concurrent Start) (G1 Evacuation Pause)
[262.031s][info][gc,task     ] GC(290) Using 8 workers of 8 for evacuation
[262.033s][info][gc,phases   ] GC(290)   Pre Evacuate Collection Set: 0.1ms
[262.033s][info][gc,phases   ] GC(290)   Merge Heap Roots: 0.2ms
[262.033s][info][gc,phases   ] GC(290)   Evacuate Collection Set: 1.7ms
[262.033s][info][gc,phases   ] GC(290)   Post Evacuate Collection Set: 0.3ms
[262.033s][info][gc,phases   ] GC(290)   Other: 0.2ms
[262.033s][info][gc,heap     ] GC(290) Eden regions: 68->0(68)
[262.033s][info][gc,heap     ] GC(290) Survivor regions: 2->2(9)
[262.033s][info][gc,heap     ] GC(290) Old regions: 46->46
[262.033s][info][gc,heap     ] GC(290) Humongous regions: 2->2
[262.033s][info][gc,metaspace] GC(290) Metaspace: 84972K(85888K)->84972K(85888K) NonClass: 73952K(74432K)->73952K(74432K) Class: 11019K(11456K)->11019K(11456K)
[262.033s][info][gc          ] GC(290) Pause Young (Concurrent Start) (G1 Evacuation Pause) 116M->49M(127M) 2.875ms
[262.034s][info][gc,cpu      ] GC(290) User=0.00s Sys=0.00s Real=0.00s
[262.034s][info][gc          ] GC(291) Concurrent Mark Cycle
[262.034s][info][gc,marking  ] GC(291) Concurrent Scan Root Regions
[262.036s][info][gc,marking  ] GC(291) Concurrent Scan Root Regions 2.720ms
[262.036s][info][gc,marking  ] GC(291) Concurrent Mark
[262.036s][info][gc,marking  ] GC(291) Concurrent Mark From Roots
[262.036s][info][gc,task     ] GC(291) Using 2 workers of 2 for marking
[262.101s][info][gc,marking  ] GC(291) Concurrent Mark From Roots 64.185ms
[262.101s][info][gc,marking  ] GC(291) Concurrent Preclean
[262.101s][info][gc,marking  ] GC(291) Concurrent Preclean 0.200ms
[262.101s][info][gc,start    ] GC(291) Pause Remark
[262.107s][info][gc          ] GC(291) Pause Remark 67M->67M(127M) 5.557ms
[262.107s][info][gc,cpu      ] GC(291) User=0.06s Sys=0.00s Real=0.01s
[262.107s][info][gc,marking  ] GC(291) Concurrent Mark 70.399ms
[262.107s][info][gc,marking  ] GC(291) Concurrent Rebuild Remembered Sets and Scrub Regions
[262.133s][info][gc,marking  ] GC(291) Concurrent Rebuild Remembered Sets and Scrub Regions 26.139ms
[262.133s][info][gc,start    ] GC(291) Pause Cleanup
[262.133s][info][gc          ] GC(291) Pause Cleanup 74M->74M(127M) 0.136ms
[262.133s][info][gc,cpu      ] GC(291) User=0.00s Sys=0.00s Real=0.00s
[262.133s][info][gc,marking  ] GC(291) Concurrent Clear Claimed Marks
[262.133s][info][gc,marking  ] GC(291) Concurrent Clear Claimed Marks 0.105ms
[262.134s][info][gc,marking  ] GC(291) Concurrent Cleanup for Next Mark
[262.134s][info][gc,marking  ] GC(291) Concurrent Cleanup for Next Mark 0.234ms
[262.134s][info][gc          ] GC(291) Concurrent Mark Cycle 100.294ms
[262.248s][info][gc,start    ] GC(292) Pause Young (Prepare Mixed) (G1 Evacuation Pause)
[262.248s][info][gc,task     ] GC(292) Using 8 workers of 8 for evacuation
[262.250s][info][gc,phases   ] GC(292)   Pre Evacuate Collection Set: 0.1ms
[262.251s][info][gc,phases   ] GC(292)   Merge Heap Roots: 0.1ms
[262.251s][info][gc,phases   ] GC(292)   Evacuate Collection Set: 1.5ms
[262.251s][info][gc,phases   ] GC(292)   Post Evacuate Collection Set: 0.4ms
[262.251s][info][gc,phases   ] GC(292)   Other: 0.1ms
[262.251s][info][gc,heap     ] GC(292) Eden regions: 68->0(68)
[262.251s][info][gc,heap     ] GC(292) Survivor regions: 2->2(9)
[262.251s][info][gc,heap     ] GC(292) Old regions: 46->46
[262.251s][info][gc,heap     ] GC(292) Humongous regions: 2->2
[262.251s][info][gc,metaspace] GC(292) Metaspace: 84972K(85888K)->84972K(85888K) NonClass: 73952K(74432K)->73952K(74432K) Class: 11019K(11456K)->11019K(11456K)
[262.251s][info][gc          ] GC(292) Pause Young (Prepare Mixed) (G1 Evacuation Pause) 117M->49M(127M) 2.628ms
[262.251s][info][gc,cpu      ] GC(292) User=0.00s Sys=0.00s Real=0.00s
[262.437s][info][gc,start    ] GC(293) Pause Young (Mixed) (G1 Evacuation Pause)
[262.437s][info][gc,task     ] GC(293) Using 8 workers of 8 for evacuation
[262.440s][info][gc,phases   ] GC(293)   Pre Evacuate Collection Set: 0.2ms
[262.440s][info][gc,phases   ] GC(293)   Merge Heap Roots: 0.1ms
[262.440s][info][gc,phases   ] GC(293)   Evacuate Collection Set: 2.5ms
[262.440s][info][gc,phases   ] GC(293)   Post Evacuate Collection Set: 0.5ms
[262.440s][info][gc,phases   ] GC(293)   Other: 0.1ms
[262.440s][info][gc,heap     ] GC(293) Eden regions: 68->0(67)
[262.440s][info][gc,heap     ] GC(293) Survivor regions: 2->3(9)
[262.440s][info][gc,heap     ] GC(293) Old regions: 46->45
[262.441s][info][gc,heap     ] GC(293) Humongous regions: 2->2
[262.441s][info][gc,metaspace] GC(293) Metaspace: 84972K(85888K)->84972K(85888K) NonClass: 73952K(74432K)->73952K(74432K) Class: 11019K(11456K)->11019K(11456K)
[262.441s][info][gc          ] GC(293) Pause Young (Mixed) (G1 Evacuation Pause) 117M->48M(127M) 3.990ms
[262.441s][info][gc,cpu      ] GC(293) User=0.00s Sys=0.00s Real=0.00s
[262.651s][info][gc,start    ] GC(294) Pause Young (Concurrent Start) (G1 Evacuation Pause)
[262.652s][info][gc,task     ] GC(294) Using 8 workers of 8 for evacuation
[262.654s][info][gc,phases   ] GC(294)   Pre Evacuate Collection Set: 0.2ms
[262.655s][info][gc,phases   ] GC(294)   Merge Heap Roots: 0.1ms
[262.655s][info][gc,phases   ] GC(294)   Evacuate Collection Set: 2.1ms
[262.655s][info][gc,phases   ] GC(294)   Post Evacuate Collection Set: 0.4ms
[262.655s][info][gc,phases   ] GC(294)   Other: 0.1ms
[262.655s][info][gc,heap     ] GC(294) Eden regions: 67->0(67)
[262.655s][info][gc,heap     ] GC(294) Survivor regions: 3->3(9)
[262.655s][info][gc,heap     ] GC(294) Old regions: 45->45
[262.655s][info][gc,heap     ] GC(294) Humongous regions: 2->2
[262.655s][info][gc,metaspace] GC(294) Metaspace: 84972K(85888K)->84972K(85888K) NonClass: 73952K(74432K)->73952K(74432K) Class: 11019K(11456K)->11019K(11456K)
[262.655s][info][gc          ] GC(294) Pause Young (Concurrent Start) (G1 Evacuation Pause) 115M->48M(127M) 3.318ms
[262.655s][info][gc,cpu      ] GC(294) User=0.11s Sys=0.00s Real=0.00s
[262.655s][info][gc          ] GC(295) Concurrent Mark Cycle
[262.655s][info][gc,marking  ] GC(295) Concurrent Scan Root Regions
[262.657s][info][gc,marking  ] GC(295) Concurrent Scan Root Regions 2.360ms
[262.657s][info][gc,marking  ] GC(295) Concurrent Mark
[262.657s][info][gc,marking  ] GC(295) Concurrent Mark From Roots
[262.657s][info][gc,task     ] GC(295) Using 2 workers of 2 for marking
[262.726s][info][gc,marking  ] GC(295) Concurrent Mark From Roots 68.914ms
[262.726s][info][gc,marking  ] GC(295) Concurrent Preclean
[262.727s][info][gc,marking  ] GC(295) Concurrent Preclean 0.221ms
[262.727s][info][gc,start    ] GC(295) Pause Remark
[262.731s][info][gc          ] GC(295) Pause Remark 68M->68M(127M) 4.270ms
[262.731s][info][gc,cpu      ] GC(295) User=0.00s Sys=0.00s Real=0.00s
[262.731s][info][gc,marking  ] GC(295) Concurrent Mark 73.743ms
[262.731s][info][gc,marking  ] GC(295) Concurrent Rebuild Remembered Sets and Scrub Regions
[262.749s][info][gc,marking  ] GC(295) Concurrent Rebuild Remembered Sets and Scrub Regions 18.102ms
[262.749s][info][gc,start    ] GC(295) Pause Cleanup
[262.749s][info][gc          ] GC(295) Pause Cleanup 76M->76M(127M) 0.118ms
[262.750s][info][gc,cpu      ] GC(295) User=0.00s Sys=0.00s Real=0.00s
[262.750s][info][gc,marking  ] GC(295) Concurrent Clear Claimed Marks
[262.750s][info][gc,marking  ] GC(295) Concurrent Clear Claimed Marks 0.094ms
[262.750s][info][gc,marking  ] GC(295) Concurrent Cleanup for Next Mark
[262.750s][info][gc,marking  ] GC(295) Concurrent Cleanup for Next Mark 0.221ms
[262.750s][info][gc          ] GC(295) Concurrent Mark Cycle 95.194ms
[262.847s][info][gc,start    ] GC(296) Pause Young (Prepare Mixed) (G1 Evacuation Pause)
[262.847s][info][gc,task     ] GC(296) Using 8 workers of 8 for evacuation
[262.850s][info][gc,phases   ] GC(296)   Pre Evacuate Collection Set: 0.1ms
[262.850s][info][gc,phases   ] GC(296)   Merge Heap Roots: 0.1ms
[262.850s][info][gc,phases   ] GC(296)   Evacuate Collection Set: 1.8ms
[262.850s][info][gc,phases   ] GC(296)   Post Evacuate Collection Set: 0.4ms
[262.850s][info][gc,phases   ] GC(296)   Other: 0.1ms
[262.850s][info][gc,heap     ] GC(296) Eden regions: 67->0(67)
[262.850s][info][gc,heap     ] GC(296) Survivor regions: 3->3(9)
[262.850s][info][gc,heap     ] GC(296) Old regions: 45->45
[262.850s][info][gc,heap     ] GC(296) Humongous regions: 2->2
[262.850s][info][gc,metaspace] GC(296) Metaspace: 84972K(85888K)->84972K(85888K) NonClass: 73952K(74432K)->73952K(74432K) Class: 11019K(11456K)->11019K(11456K)
[262.850s][info][gc          ] GC(296) Pause Young (Prepare Mixed) (G1 Evacuation Pause) 115M->49M(127M) 2.876ms
[262.850s][info][gc,cpu      ] GC(296) User=0.00s Sys=0.00s Real=0.00s
[263.015s][info][gc,start    ] GC(297) Pause Young (Mixed) (G1 Evacuation Pause)
[263.015s][info][gc,task     ] GC(297) Using 8 workers of 8 for evacuation
[263.018s][info][gc,phases   ] GC(297)   Pre Evacuate Collection Set: 0.2ms
[263.018s][info][gc,phases   ] GC(297)   Merge Heap Roots: 0.1ms
[263.018s][info][gc,phases   ] GC(297)   Evacuate Collection Set: 2.0ms
[263.018s][info][gc,phases   ] GC(297)   Post Evacuate Collection Set: 0.4ms
[263.018s][info][gc,phases   ] GC(297)   Other: 0.1ms
[263.018s][info][gc,heap     ] GC(297) Eden regions: 67->0(68)
[263.018s][info][gc,heap     ] GC(297) Survivor regions: 3->3(9)
[263.018s][info][gc,heap     ] GC(297) Old regions: 45->44
[263.018s][info][gc,heap     ] GC(297) Humongous regions: 2->2
[263.018s][info][gc,metaspace] GC(297) Metaspace: 84972K(85888K)->84972K(85888K) NonClass: 73952K(74432K)->73952K(74432K) Class: 11019K(11456K)->11019K(11456K)
[263.018s][info][gc          ] GC(297) Pause Young (Mixed) (G1 Evacuation Pause) 116M->48M(127M) 3.133ms
[263.018s][info][gc,cpu      ] GC(297) User=0.00s Sys=0.00s Real=0.00s
[263.169s][info][gc,start    ] GC(298) Pause Young (Concurrent Start) (G1 Evacuation Pause)
[263.169s][info][gc,task     ] GC(298) Using 8 workers of 8 for evacuation
[263.171s][info][gc,phases   ] GC(298)   Pre Evacuate Collection Set: 0.2ms
[263.171s][info][gc,phases   ] GC(298)   Merge Heap Roots: 0.1ms
[263.171s][info][gc,phases   ] GC(298)   Evacuate Collection Set: 1.8ms
[263.172s][info][gc,phases   ] GC(298)   Post Evacuate Collection Set: 0.4ms
[263.172s][info][gc,phases   ] GC(298)   Other: 0.2ms
[263.172s][info][gc,heap     ] GC(298) Eden regions: 68->0(68)
[263.172s][info][gc,heap     ] GC(298) Survivor regions: 3->3(9)
[263.172s][info][gc,heap     ] GC(298) Old regions: 44->44
[263.172s][info][gc,heap     ] GC(298) Humongous regions: 2->2
[263.172s][info][gc,metaspace] GC(298) Metaspace: 84972K(85888K)->84972K(85888K) NonClass: 73952K(74432K)->73952K(74432K) Class: 11019K(11456K)->11019K(11456K)
[263.172s][info][gc          ] GC(298) Pause Young (Concurrent Start) (G1 Evacuation Pause) 116M->48M(127M) 3.132ms
[263.172s][info][gc,cpu      ] GC(298) User=0.00s Sys=0.00s Real=0.00s
[263.172s][info][gc          ] GC(299) Concurrent Mark Cycle
[263.172s][info][gc,marking  ] GC(299) Concurrent Scan Root Regions
[263.174s][info][gc,marking  ] GC(299) Concurrent Scan Root Regions 2.220ms
[263.174s][info][gc,marking  ] GC(299) Concurrent Mark
[263.174s][info][gc,marking  ] GC(299) Concurrent Mark From Roots
[263.174s][info][gc,task     ] GC(299) Using 2 workers of 2 for marking
[263.247s][info][gc,marking  ] GC(299) Concurrent Mark From Roots 72.607ms
[263.247s][info][gc,marking  ] GC(299) Concurrent Preclean
[263.247s][info][gc,marking  ] GC(299) Concurrent Preclean 0.189ms
[263.247s][info][gc,start    ] GC(299) Pause Remark
[263.251s][info][gc          ] GC(299) Pause Remark 69M->69M(127M) 4.333ms
[263.251s][info][gc,cpu      ] GC(299) User=0.00s Sys=0.00s Real=0.00s
[263.252s][info][gc,marking  ] GC(299) Concurrent Mark 77.447ms
[263.252s][info][gc,marking  ] GC(299) Concurrent Rebuild Remembered Sets and Scrub Regions
[263.278s][info][gc,marking  ] GC(299) Concurrent Rebuild Remembered Sets and Scrub Regions 26.108ms
[263.278s][info][gc,start    ] GC(299) Pause Cleanup
[263.278s][info][gc          ] GC(299) Pause Cleanup 75M->75M(127M) 0.157ms
[263.278s][info][gc,cpu      ] GC(299) User=0.00s Sys=0.00s Real=0.00s
[263.278s][info][gc,marking  ] GC(299) Concurrent Clear Claimed Marks
[263.278s][info][gc,marking  ] GC(299) Concurrent Clear Claimed Marks 0.129ms
[263.278s][info][gc,marking  ] GC(299) Concurrent Cleanup for Next Mark
[263.279s][info][gc,marking  ] GC(299) Concurrent Cleanup for Next Mark 0.218ms
[263.279s][info][gc          ] GC(299) Concurrent Mark Cycle 106.918ms
[263.383s][info][gc,start    ] GC(300) Pause Young (Prepare Mixed) (G1 Evacuation Pause)
[263.383s][info][gc,task     ] GC(300) Using 8 workers of 8 for evacuation
[263.387s][info][gc,phases   ] GC(300)   Pre Evacuate Collection Set: 0.1ms
[263.387s][info][gc,phases   ] GC(300)   Merge Heap Roots: 0.1ms
[263.387s][info][gc,phases   ] GC(300)   Evacuate Collection Set: 3.2ms
[263.387s][info][gc,phases   ] GC(300)   Post Evacuate Collection Set: 0.4ms
[263.387s][info][gc,phases   ] GC(300)   Other: 0.1ms
[263.387s][info][gc,heap     ] GC(300) Eden regions: 68->0(68)
[263.387s][info][gc,heap     ] GC(300) Survivor regions: 3->3(9)
[263.387s][info][gc,heap     ] GC(300) Old regions: 44->44
[263.387s][info][gc,heap     ] GC(300) Humongous regions: 2->2
[263.387s][info][gc,metaspace] GC(300) Metaspace: 84972K(85888K)->84972K(85888K) NonClass: 73952K(74432K)->73952K(74432K) Class: 11019K(11456K)->11019K(11456K)
[263.388s][info][gc          ] GC(300) Pause Young (Prepare Mixed) (G1 Evacuation Pause) 116M->48M(127M) 4.388ms
[263.388s][info][gc,cpu      ] GC(300) User=0.02s Sys=0.00s Real=0.00s
[263.596s][info][gc,start    ] GC(301) Pause Young (Mixed) (G1 Evacuation Pause)
[263.596s][info][gc,task     ] GC(301) Using 8 workers of 8 for evacuation
[263.599s][info][gc,phases   ] GC(301)   Pre Evacuate Collection Set: 0.1ms
[263.599s][info][gc,phases   ] GC(301)   Merge Heap Roots: 0.1ms
[263.599s][info][gc,phases   ] GC(301)   Evacuate Collection Set: 3.0ms
[263.599s][info][gc,phases   ] GC(301)   Post Evacuate Collection Set: 0.4ms
[263.599s][info][gc,phases   ] GC(301)   Other: 0.1ms
[263.600s][info][gc,heap     ] GC(301) Eden regions: 68->0(67)
[263.600s][info][gc,heap     ] GC(301) Survivor regions: 3->4(9)
[263.600s][info][gc,heap     ] GC(301) Old regions: 44->43
[263.600s][info][gc,heap     ] GC(301) Humongous regions: 2->2
[263.600s][info][gc,metaspace] GC(301) Metaspace: 84972K(85888K)->84972K(85888K) NonClass: 73952K(74432K)->73952K(74432K) Class: 11019K(11456K)->11019K(11456K)
[263.600s][info][gc          ] GC(301) Pause Young (Mixed) (G1 Evacuation Pause) 116M->48M(127M) 4.256ms
[263.600s][info][gc,cpu      ] GC(301) User=0.00s Sys=0.00s Real=0.01s
[263.790s][info][gc,start    ] GC(302) Pause Young (Concurrent Start) (G1 Evacuation Pause)
[263.790s][info][gc,task     ] GC(302) Using 8 workers of 8 for evacuation
[263.794s][info][gc,phases   ] GC(302)   Pre Evacuate Collection Set: 0.2ms
[263.794s][info][gc,phases   ] GC(302)   Merge Heap Roots: 0.1ms
[263.794s][info][gc,phases   ] GC(302)   Evacuate Collection Set: 3.8ms
[263.795s][info][gc,phases   ] GC(302)   Post Evacuate Collection Set: 0.4ms
[263.795s][info][gc,phases   ] GC(302)   Other: 0.2ms
[263.795s][info][gc,heap     ] GC(302) Eden regions: 67->0(66)
[263.795s][info][gc,heap     ] GC(302) Survivor regions: 4->4(9)
[263.795s][info][gc,heap     ] GC(302) Old regions: 43->44
[263.795s][info][gc,heap     ] GC(302) Humongous regions: 2->2
[263.795s][info][gc,metaspace] GC(302) Metaspace: 84972K(85888K)->84972K(85888K) NonClass: 73952K(74432K)->73952K(74432K) Class: 11019K(11456K)->11019K(11456K)
[263.795s][info][gc          ] GC(302) Pause Young (Concurrent Start) (G1 Evacuation Pause) 115M->48M(127M) 5.067ms
[263.795s][info][gc          ] GC(303) Concurrent Mark Cycle
[263.795s][info][gc,cpu      ] GC(302) User=0.05s Sys=0.00s Real=0.00s
[263.795s][info][gc,marking  ] GC(303) Concurrent Scan Root Regions
[263.797s][info][gc,marking  ] GC(303) Concurrent Scan Root Regions 2.412ms
[263.797s][info][gc,marking  ] GC(303) Concurrent Mark
[263.797s][info][gc,marking  ] GC(303) Concurrent Mark From Roots
[263.797s][info][gc,task     ] GC(303) Using 2 workers of 2 for marking
[263.891s][info][gc,marking  ] GC(303) Concurrent Mark From Roots 94.085ms
[263.892s][info][gc,marking  ] GC(303) Concurrent Preclean
[263.892s][info][gc,marking  ] GC(303) Concurrent Preclean 0.261ms
[263.892s][info][gc,start    ] GC(303) Pause Remark
[263.897s][info][gc          ] GC(303) Pause Remark 66M->66M(127M) 5.198ms
[263.897s][info][gc,cpu      ] GC(303) User=0.00s Sys=0.00s Real=0.00s
[263.897s][info][gc,marking  ] GC(303) Concurrent Mark 99.950ms
[263.897s][info][gc,marking  ] GC(303) Concurrent Rebuild Remembered Sets and Scrub Regions
[263.922s][info][gc,marking  ] GC(303) Concurrent Rebuild Remembered Sets and Scrub Regions 24.502ms
[263.922s][info][gc,start    ] GC(303) Pause Cleanup
[263.922s][info][gc          ] GC(303) Pause Cleanup 72M->72M(127M) 0.153ms
[263.922s][info][gc,cpu      ] GC(303) User=0.00s Sys=0.00s Real=0.00s
[263.922s][info][gc,marking  ] GC(303) Concurrent Clear Claimed Marks
[263.922s][info][gc,marking  ] GC(303) Concurrent Clear Claimed Marks 0.111ms
[263.922s][info][gc,marking  ] GC(303) Concurrent Cleanup for Next Mark
[263.923s][info][gc,marking  ] GC(303) Concurrent Cleanup for Next Mark 0.248ms
[263.923s][info][gc          ] GC(303) Concurrent Mark Cycle 127.909ms
[264.046s][info][gc,start    ] GC(304) Pause Young (Prepare Mixed) (G1 Evacuation Pause)
[264.046s][info][gc,task     ] GC(304) Using 8 workers of 8 for evacuation
[264.049s][info][gc,phases   ] GC(304)   Pre Evacuate Collection Set: 0.1ms
[264.050s][info][gc,phases   ] GC(304)   Merge Heap Roots: 0.1ms
[264.050s][info][gc,phases   ] GC(304)   Evacuate Collection Set: 2.6ms
[264.050s][info][gc,phases   ] GC(304)   Post Evacuate Collection Set: 0.4ms
[264.050s][info][gc,phases   ] GC(304)   Other: 0.1ms
[264.050s][info][gc,heap     ] GC(304) Eden regions: 66->0(66)
[264.050s][info][gc,heap     ] GC(304) Survivor regions: 4->4(9)
[264.050s][info][gc,heap     ] GC(304) Old regions: 44->44
[264.050s][info][gc,heap     ] GC(304) Humongous regions: 2->2
[264.050s][info][gc,metaspace] GC(304) Metaspace: 84972K(85888K)->84972K(85888K) NonClass: 73952K(74432K)->73952K(74432K) Class: 11019K(11456K)->11019K(11456K)
[264.050s][info][gc          ] GC(304) Pause Young (Prepare Mixed) (G1 Evacuation Pause) 114M->48M(127M) 3.770ms
[264.050s][info][gc,cpu      ] GC(304) User=0.00s Sys=0.00s Real=0.00s
[264.213s][info][gc,start    ] GC(305) Pause Young (Mixed) (G1 Evacuation Pause)
[264.213s][info][gc,task     ] GC(305) Using 8 workers of 8 for evacuation
[264.219s][info][gc,phases   ] GC(305)   Pre Evacuate Collection Set: 0.2ms
[264.219s][info][gc,phases   ] GC(305)   Merge Heap Roots: 0.2ms
[264.219s][info][gc,phases   ] GC(305)   Evacuate Collection Set: 4.8ms
[264.219s][info][gc,phases   ] GC(305)   Post Evacuate Collection Set: 0.5ms
[264.219s][info][gc,phases   ] GC(305)   Other: 0.1ms
[264.219s][info][gc,heap     ] GC(305) Eden regions: 66->0(66)
[264.219s][info][gc,heap     ] GC(305) Survivor regions: 4->4(9)
[264.219s][info][gc,heap     ] GC(305) Old regions: 44->44
[264.219s][info][gc,heap     ] GC(305) Humongous regions: 2->2
[264.219s][info][gc,metaspace] GC(305) Metaspace: 84972K(85888K)->84972K(85888K) NonClass: 73952K(74432K)->73952K(74432K) Class: 11019K(11456K)->11019K(11456K)
[264.220s][info][gc          ] GC(305) Pause Young (Mixed) (G1 Evacuation Pause) 114M->49M(127M) 6.503ms
[264.220s][info][gc,cpu      ] GC(305) User=0.12s Sys=0.00s Real=0.01s
[264.385s][info][gc,start    ] GC(306) Pause Young (Concurrent Start) (G1 Evacuation Pause)
[264.385s][info][gc,task     ] GC(306) Using 8 workers of 8 for evacuation
[264.389s][info][gc,phases   ] GC(306)   Pre Evacuate Collection Set: 0.1ms
[264.389s][info][gc,phases   ] GC(306)   Merge Heap Roots: 0.1ms
[264.389s][info][gc,phases   ] GC(306)   Evacuate Collection Set: 2.7ms
[264.389s][info][gc,phases   ] GC(306)   Post Evacuate Collection Set: 0.4ms
[264.389s][info][gc,phases   ] GC(306)   Other: 0.1ms
[264.389s][info][gc,heap     ] GC(306) Eden regions: 66->0(66)
[264.389s][info][gc,heap     ] GC(306) Survivor regions: 4->4(9)
[264.389s][info][gc,heap     ] GC(306) Old regions: 44->44
[264.389s][info][gc,heap     ] GC(306) Humongous regions: 2->2
[264.389s][info][gc,metaspace] GC(306) Metaspace: 84972K(85888K)->84972K(85888K) NonClass: 73952K(74432K)->73952K(74432K) Class: 11019K(11456K)->11019K(11456K)
[264.389s][info][gc          ] GC(306) Pause Young (Concurrent Start) (G1 Evacuation Pause) 115M->49M(127M) 3.861ms
[264.389s][info][gc          ] GC(307) Concurrent Mark Cycle
[264.389s][info][gc,cpu      ] GC(306) User=0.11s Sys=0.00s Real=0.00s
[264.389s][info][gc,marking  ] GC(307) Concurrent Scan Root Regions
[264.392s][info][gc,marking  ] GC(307) Concurrent Scan Root Regions 3.135ms
[264.392s][info][gc,marking  ] GC(307) Concurrent Mark
[264.392s][info][gc,marking  ] GC(307) Concurrent Mark From Roots
[264.392s][info][gc,task     ] GC(307) Using 2 workers of 2 for marking
[264.474s][info][gc,marking  ] GC(307) Concurrent Mark From Roots 81.564ms
[264.474s][info][gc,marking  ] GC(307) Concurrent Preclean
[264.475s][info][gc,marking  ] GC(307) Concurrent Preclean 0.469ms
[264.475s][info][gc,start    ] GC(307) Pause Remark
[264.481s][info][gc          ] GC(307) Pause Remark 69M->69M(127M) 6.548ms
[264.481s][info][gc,cpu      ] GC(307) User=0.00s Sys=0.00s Real=0.01s
[264.481s][info][gc,marking  ] GC(307) Concurrent Mark 89.095ms
[264.482s][info][gc,marking  ] GC(307) Concurrent Rebuild Remembered Sets and Scrub Regions
[264.512s][info][gc,marking  ] GC(307) Concurrent Rebuild Remembered Sets and Scrub Regions 30.122ms
[264.512s][info][gc,start    ] GC(307) Pause Cleanup
[264.512s][info][gc          ] GC(307) Pause Cleanup 74M->74M(127M) 0.148ms
[264.512s][info][gc,cpu      ] GC(307) User=0.00s Sys=0.00s Real=0.00s
[264.512s][info][gc,marking  ] GC(307) Concurrent Clear Claimed Marks
[264.512s][info][gc,marking  ] GC(307) Concurrent Clear Claimed Marks 0.091ms
[264.512s][info][gc,marking  ] GC(307) Concurrent Cleanup for Next Mark
[264.512s][info][gc,marking  ] GC(307) Concurrent Cleanup for Next Mark 0.212ms
[264.512s][info][gc          ] GC(307) Concurrent Mark Cycle 123.367ms
[264.608s][info][gc,start    ] GC(308) Pause Young (Normal) (G1 Evacuation Pause)
[264.608s][info][gc,task     ] GC(308) Using 8 workers of 8 for evacuation
[264.611s][info][gc,phases   ] GC(308)   Pre Evacuate Collection Set: 0.1ms
[264.611s][info][gc,phases   ] GC(308)   Merge Heap Roots: 0.1ms
[264.611s][info][gc,phases   ] GC(308)   Evacuate Collection Set: 1.8ms
[264.611s][info][gc,phases   ] GC(308)   Post Evacuate Collection Set: 0.3ms
[264.611s][info][gc,phases   ] GC(308)   Other: 0.1ms
[264.611s][info][gc,heap     ] GC(308) Eden regions: 66->0(65)
[264.611s][info][gc,heap     ] GC(308) Survivor regions: 4->4(9)
[264.611s][info][gc,heap     ] GC(308) Old regions: 44->45
[264.611s][info][gc,heap     ] GC(308) Humongous regions: 2->2
[264.611s][info][gc,metaspace] GC(308) Metaspace: 84972K(85888K)->84972K(85888K) NonClass: 73952K(74432K)->73952K(74432K) Class: 11019K(11456K)->11019K(11456K)
[264.611s][info][gc          ] GC(308) Pause Young (Normal) (G1 Evacuation Pause) 115M->49M(127M) 2.712ms
[264.611s][info][gc,cpu      ] GC(308) User=0.00s Sys=0.00s Real=0.00s
[264.776s][info][gc,start    ] GC(309) Pause Young (Concurrent Start) (G1 Evacuation Pause)
[264.777s][info][gc,task     ] GC(309) Using 8 workers of 8 for evacuation
[264.779s][info][gc,phases   ] GC(309)   Pre Evacuate Collection Set: 0.1ms
[264.779s][info][gc,phases   ] GC(309)   Merge Heap Roots: 0.1ms
[264.779s][info][gc,phases   ] GC(309)   Evacuate Collection Set: 1.9ms
[264.779s][info][gc,phases   ] GC(309)   Post Evacuate Collection Set: 0.4ms
[264.779s][info][gc,phases   ] GC(309)   Other: 0.2ms
[264.779s][info][gc,heap     ] GC(309) Eden regions: 65->0(65)
[264.779s][info][gc,heap     ] GC(309) Survivor regions: 4->4(9)
[264.779s][info][gc,heap     ] GC(309) Old regions: 45->45
[264.779s][info][gc,heap     ] GC(309) Humongous regions: 2->2
[264.779s][info][gc,metaspace] GC(309) Metaspace: 84972K(85888K)->84972K(85888K) NonClass: 73952K(74432K)->73952K(74432K) Class: 11019K(11456K)->11019K(11456K)
[264.780s][info][gc          ] GC(309) Pause Young (Concurrent Start) (G1 Evacuation Pause) 114M->49M(127M) 3.095ms
[264.780s][info][gc,cpu      ] GC(309) User=0.12s Sys=0.00s Real=0.00s
[264.780s][info][gc          ] GC(310) Concurrent Mark Cycle
[264.780s][info][gc,marking  ] GC(310) Concurrent Scan Root Regions
[264.782s][info][gc,marking  ] GC(310) Concurrent Scan Root Regions 2.553ms
[264.782s][info][gc,marking  ] GC(310) Concurrent Mark
[264.782s][info][gc,marking  ] GC(310) Concurrent Mark From Roots
[264.782s][info][gc,task     ] GC(310) Using 2 workers of 2 for marking
[264.852s][info][gc,marking  ] GC(310) Concurrent Mark From Roots 69.418ms
[264.852s][info][gc,marking  ] GC(310) Concurrent Preclean
[264.852s][info][gc,marking  ] GC(310) Concurrent Preclean 0.319ms
[264.852s][info][gc,start    ] GC(310) Pause Remark
[264.857s][info][gc          ] GC(310) Pause Remark 69M->69M(127M) 5.098ms
[264.858s][info][gc,cpu      ] GC(310) User=0.11s Sys=0.00s Real=0.01s
[264.858s][info][gc,marking  ] GC(310) Concurrent Mark 75.349ms
[264.858s][info][gc,marking  ] GC(310) Concurrent Rebuild Remembered Sets and Scrub Regions
[264.882s][info][gc,marking  ] GC(310) Concurrent Rebuild Remembered Sets and Scrub Regions 24.177ms
[264.882s][info][gc,start    ] GC(310) Pause Cleanup
[264.882s][info][gc          ] GC(310) Pause Cleanup 75M->75M(127M) 0.134ms
[264.882s][info][gc,cpu      ] GC(310) User=0.00s Sys=0.00s Real=0.00s
[264.882s][info][gc,marking  ] GC(310) Concurrent Clear Claimed Marks
[264.882s][info][gc,marking  ] GC(310) Concurrent Clear Claimed Marks 0.146ms
[264.883s][info][gc,marking  ] GC(310) Concurrent Cleanup for Next Mark
[264.883s][info][gc,marking  ] GC(310) Concurrent Cleanup for Next Mark 0.412ms
[264.883s][info][gc          ] GC(310) Concurrent Mark Cycle 103.457ms
[264.972s][info][gc,start    ] GC(311) Pause Young (Normal) (G1 Evacuation Pause)
[264.973s][info][gc,task     ] GC(311) Using 8 workers of 8 for evacuation
[264.976s][info][gc,phases   ] GC(311)   Pre Evacuate Collection Set: 0.1ms
[264.976s][info][gc,phases   ] GC(311)   Merge Heap Roots: 0.1ms
[264.976s][info][gc,phases   ] GC(311)   Evacuate Collection Set: 2.8ms
[264.976s][info][gc,phases   ] GC(311)   Post Evacuate Collection Set: 0.6ms
[264.976s][info][gc,phases   ] GC(311)   Other: 0.1ms
[264.977s][info][gc,heap     ] GC(311) Eden regions: 65->0(65)
[264.977s][info][gc,heap     ] GC(311) Survivor regions: 4->4(9)
[264.977s][info][gc,heap     ] GC(311) Old regions: 45->45
[264.977s][info][gc,heap     ] GC(311) Humongous regions: 2->2
[264.977s][info][gc,metaspace] GC(311) Metaspace: 84972K(85888K)->84972K(85888K) NonClass: 73952K(74432K)->73952K(74432K) Class: 11019K(11456K)->11019K(11456K)
[264.977s][info][gc          ] GC(311) Pause Young (Normal) (G1 Evacuation Pause) 114M->50M(127M) 4.239ms
[264.977s][info][gc,cpu      ] GC(311) User=0.00s Sys=0.00s Real=0.00s
[265.133s][info][gc,start    ] GC(312) Pause Young (Concurrent Start) (G1 Evacuation Pause)
[265.133s][info][gc,task     ] GC(312) Using 8 workers of 8 for evacuation
[265.137s][info][gc,phases   ] GC(312)   Pre Evacuate Collection Set: 0.2ms
[265.137s][info][gc,phases   ] GC(312)   Merge Heap Roots: 0.1ms
[265.137s][info][gc,phases   ] GC(312)   Evacuate Collection Set: 2.2ms
[265.137s][info][gc,phases   ] GC(312)   Post Evacuate Collection Set: 0.8ms
[265.137s][info][gc,phases   ] GC(312)   Other: 0.2ms
[265.137s][info][gc,heap     ] GC(312) Eden regions: 65->0(65)
[265.137s][info][gc,heap     ] GC(312) Survivor regions: 4->4(9)
[265.137s][info][gc,heap     ] GC(312) Old regions: 45->45
[265.137s][info][gc,heap     ] GC(312) Humongous regions: 2->2
[265.137s][info][gc,metaspace] GC(312) Metaspace: 84972K(85888K)->84972K(85888K) NonClass: 73952K(74432K)->73952K(74432K) Class: 11019K(11456K)->11019K(11456K)
[265.137s][info][gc          ] GC(312) Pause Young (Concurrent Start) (G1 Evacuation Pause) 115M->49M(127M) 3.922ms
[265.137s][info][gc          ] GC(313) Concurrent Mark Cycle
[265.137s][info][gc,cpu      ] GC(312) User=0.02s Sys=0.00s Real=0.00s
[265.137s][info][gc,marking  ] GC(313) Concurrent Scan Root Regions
[265.140s][info][gc,marking  ] GC(313) Concurrent Scan Root Regions 2.450ms
[265.140s][info][gc,marking  ] GC(313) Concurrent Mark
[265.140s][info][gc,marking  ] GC(313) Concurrent Mark From Roots
[265.140s][info][gc,task     ] GC(313) Using 2 workers of 2 for marking
[265.210s][info][gc,marking  ] GC(313) Concurrent Mark From Roots 69.889ms
[265.210s][info][gc,marking  ] GC(313) Concurrent Preclean
[265.210s][info][gc,marking  ] GC(313) Concurrent Preclean 0.239ms
[265.210s][info][gc,start    ] GC(313) Pause Remark
[265.215s][info][gc          ] GC(313) Pause Remark 70M->70M(127M) 4.236ms
[265.215s][info][gc,cpu      ] GC(313) User=0.00s Sys=0.00s Real=0.00s
[265.215s][info][gc,marking  ] GC(313) Concurrent Mark 74.656ms
[265.215s][info][gc,marking  ] GC(313) Concurrent Rebuild Remembered Sets and Scrub Regions
[265.235s][info][gc,marking  ] GC(313) Concurrent Rebuild Remembered Sets and Scrub Regions 20.657ms
[265.235s][info][gc,start    ] GC(313) Pause Cleanup
[265.236s][info][gc          ] GC(313) Pause Cleanup 79M->79M(127M) 0.109ms
[265.236s][info][gc,cpu      ] GC(313) User=0.00s Sys=0.00s Real=0.00s
[265.236s][info][gc,marking  ] GC(313) Concurrent Clear Claimed Marks
[265.236s][info][gc,marking  ] GC(313) Concurrent Clear Claimed Marks 0.261ms
[265.236s][info][gc,marking  ] GC(313) Concurrent Cleanup for Next Mark
[265.236s][info][gc,marking  ] GC(313) Concurrent Cleanup for Next Mark 0.486ms
[265.236s][info][gc          ] GC(313) Concurrent Mark Cycle 99.063ms
[265.315s][info][gc,start    ] GC(314) Pause Young (Normal) (G1 Evacuation Pause)
[265.315s][info][gc,task     ] GC(314) Using 8 workers of 8 for evacuation
[265.318s][info][gc,phases   ] GC(314)   Pre Evacuate Collection Set: 0.1ms
[265.318s][info][gc,phases   ] GC(314)   Merge Heap Roots: 0.1ms
[265.318s][info][gc,phases   ] GC(314)   Evacuate Collection Set: 2.0ms
[265.318s][info][gc,phases   ] GC(314)   Post Evacuate Collection Set: 0.4ms
[265.318s][info][gc,phases   ] GC(314)   Other: 0.1ms
[265.318s][info][gc,heap     ] GC(314) Eden regions: 65->0(65)
[265.318s][info][gc,heap     ] GC(314) Survivor regions: 4->4(9)
[265.318s][info][gc,heap     ] GC(314) Old regions: 45->45
[265.318s][info][gc,heap     ] GC(314) Humongous regions: 2->2
[265.318s][info][gc,metaspace] GC(314) Metaspace: 84972K(85888K)->84972K(85888K) NonClass: 73952K(74432K)->73952K(74432K) Class: 11019K(11456K)->11019K(11456K)
[265.318s][info][gc          ] GC(314) Pause Young (Normal) (G1 Evacuation Pause) 114M->50M(127M) 2.955ms
[265.318s][info][gc,cpu      ] GC(314) User=0.00s Sys=0.00s Real=0.00s
[265.482s][info][gc,start    ] GC(315) Pause Young (Concurrent Start) (G1 Evacuation Pause)
[265.483s][info][gc,task     ] GC(315) Using 8 workers of 8 for evacuation
[265.485s][info][gc,phases   ] GC(315)   Pre Evacuate Collection Set: 0.1ms
[265.485s][info][gc,phases   ] GC(315)   Merge Heap Roots: 0.1ms
[265.486s][info][gc,phases   ] GC(315)   Evacuate Collection Set: 2.0ms
[265.486s][info][gc,phases   ] GC(315)   Post Evacuate Collection Set: 0.5ms
[265.486s][info][gc,phases   ] GC(315)   Other: 0.2ms
[265.486s][info][gc,heap     ] GC(315) Eden regions: 65->0(64)
[265.486s][info][gc,heap     ] GC(315) Survivor regions: 4->4(9)
[265.486s][info][gc,heap     ] GC(315) Old regions: 45->46
[265.486s][info][gc,heap     ] GC(315) Humongous regions: 2->2
[265.486s][info][gc,metaspace] GC(315) Metaspace: 84972K(85888K)->84972K(85888K) NonClass: 73952K(74432K)->73952K(74432K) Class: 11019K(11456K)->11019K(11456K)
[265.486s][info][gc          ] GC(315) Pause Young (Concurrent Start) (G1 Evacuation Pause) 115M->50M(127M) 3.532ms
[265.486s][info][gc          ] GC(316) Concurrent Mark Cycle
[265.486s][info][gc,cpu      ] GC(315) User=0.00s Sys=0.00s Real=0.00s
[265.486s][info][gc,marking  ] GC(316) Concurrent Scan Root Regions
[265.490s][info][gc,marking  ] GC(316) Concurrent Scan Root Regions 3.385ms
[265.490s][info][gc,marking  ] GC(316) Concurrent Mark
[265.490s][info][gc,marking  ] GC(316) Concurrent Mark From Roots
[265.490s][info][gc,task     ] GC(316) Using 2 workers of 2 for marking
[265.560s][info][gc,marking  ] GC(316) Concurrent Mark From Roots 70.526ms
[265.560s][info][gc,marking  ] GC(316) Concurrent Preclean
[265.560s][info][gc,marking  ] GC(316) Concurrent Preclean 0.224ms
[265.561s][info][gc,start    ] GC(316) Pause Remark
[265.571s][info][gc          ] GC(316) Pause Remark 74M->74M(129M) 10.852ms
[265.571s][info][gc,cpu      ] GC(316) User=0.00s Sys=0.00s Real=0.01s
[265.572s][info][gc,marking  ] GC(316) Concurrent Mark 81.934ms
[265.572s][info][gc,marking  ] GC(316) Concurrent Rebuild Remembered Sets and Scrub Regions
[265.598s][info][gc,marking  ] GC(316) Concurrent Rebuild Remembered Sets and Scrub Regions 26.077ms
[265.598s][info][gc,start    ] GC(316) Pause Cleanup
[265.598s][info][gc          ] GC(316) Pause Cleanup 80M->80M(129M) 0.126ms
[265.598s][info][gc,cpu      ] GC(316) User=0.00s Sys=0.00s Real=0.00s
[265.598s][info][gc,marking  ] GC(316) Concurrent Clear Claimed Marks
[265.598s][info][gc,marking  ] GC(316) Concurrent Clear Claimed Marks 0.112ms
[265.598s][info][gc,marking  ] GC(316) Concurrent Cleanup for Next Mark
[265.598s][info][gc,marking  ] GC(316) Concurrent Cleanup for Next Mark 0.242ms
[265.598s][info][gc          ] GC(316) Concurrent Mark Cycle 112.412ms
[265.682s][info][gc,start    ] GC(317) Pause Young (Normal) (G1 Evacuation Pause)
[265.682s][info][gc,task     ] GC(317) Using 8 workers of 8 for evacuation
[265.686s][info][gc,phases   ] GC(317)   Pre Evacuate Collection Set: 0.1ms
[265.686s][info][gc,phases   ] GC(317)   Merge Heap Roots: 0.1ms
[265.686s][info][gc,phases   ] GC(317)   Evacuate Collection Set: 2.8ms
[265.686s][info][gc,phases   ] GC(317)   Post Evacuate Collection Set: 0.4ms
[265.686s][info][gc,phases   ] GC(317)   Other: 0.1ms
[265.686s][info][gc,heap     ] GC(317) Eden regions: 64->0(66)
[265.686s][info][gc,heap     ] GC(317) Survivor regions: 4->4(9)
[265.686s][info][gc,heap     ] GC(317) Old regions: 46->46
[265.686s][info][gc,heap     ] GC(317) Humongous regions: 2->2
[265.686s][info][gc,metaspace] GC(317) Metaspace: 84957K(85888K)->84957K(85888K) NonClass: 73941K(74432K)->73941K(74432K) Class: 11015K(11456K)->11015K(11456K)
[265.686s][info][gc          ] GC(317) Pause Young (Normal) (G1 Evacuation Pause) 114M->50M(129M) 3.797ms
[265.686s][info][gc,cpu      ] GC(317) User=0.09s Sys=0.00s Real=0.00s
[265.829s][info][gc,start    ] GC(318) Pause Young (Concurrent Start) (G1 Evacuation Pause)
[265.829s][info][gc,task     ] GC(318) Using 8 workers of 8 for evacuation
[265.831s][info][gc,phases   ] GC(318)   Pre Evacuate Collection Set: 0.2ms
[265.831s][info][gc,phases   ] GC(318)   Merge Heap Roots: 0.1ms
[265.831s][info][gc,phases   ] GC(318)   Evacuate Collection Set: 1.9ms
[265.832s][info][gc,phases   ] GC(318)   Post Evacuate Collection Set: 0.4ms
[265.832s][info][gc,phases   ] GC(318)   Other: 0.2ms
[265.832s][info][gc,heap     ] GC(318) Eden regions: 66->0(66)
[265.832s][info][gc,heap     ] GC(318) Survivor regions: 4->4(9)
[265.832s][info][gc,heap     ] GC(318) Old regions: 46->46
[265.832s][info][gc,heap     ] GC(318) Humongous regions: 2->2
[265.832s][info][gc,metaspace] GC(318) Metaspace: 84957K(85888K)->84957K(85888K) NonClass: 73941K(74432K)->73941K(74432K) Class: 11015K(11456K)->11015K(11456K)
[265.832s][info][gc          ] GC(318) Pause Young (Concurrent Start) (G1 Evacuation Pause) 116M->50M(129M) 3.186ms
[265.832s][info][gc,cpu      ] GC(318) User=0.00s Sys=0.00s Real=0.00s
[265.832s][info][gc          ] GC(319) Concurrent Mark Cycle
[265.832s][info][gc,marking  ] GC(319) Concurrent Scan Root Regions
[265.834s][info][gc,marking  ] GC(319) Concurrent Scan Root Regions 2.405ms
[265.834s][info][gc,marking  ] GC(319) Concurrent Mark
[265.834s][info][gc,marking  ] GC(319) Concurrent Mark From Roots
[265.834s][info][gc,task     ] GC(319) Using 2 workers of 2 for marking
[265.912s][info][gc,marking  ] GC(319) Concurrent Mark From Roots 77.621ms
[265.912s][info][gc,marking  ] GC(319) Concurrent Preclean
[265.912s][info][gc,marking  ] GC(319) Concurrent Preclean 0.434ms
[265.913s][info][gc,start    ] GC(319) Pause Remark
[265.918s][info][gc          ] GC(319) Pause Remark 72M->72M(129M) 4.936ms
[265.918s][info][gc,cpu      ] GC(319) User=0.00s Sys=0.00s Real=0.00s
[265.918s][info][gc,marking  ] GC(319) Concurrent Mark 83.411ms
[265.918s][info][gc,marking  ] GC(319) Concurrent Rebuild Remembered Sets and Scrub Regions
[265.947s][info][gc,marking  ] GC(319) Concurrent Rebuild Remembered Sets and Scrub Regions 28.776ms
[265.947s][info][gc,start    ] GC(319) Pause Cleanup
[265.947s][info][gc          ] GC(319) Pause Cleanup 79M->79M(129M) 0.135ms
[265.947s][info][gc,cpu      ] GC(319) User=0.00s Sys=0.00s Real=0.00s
[265.947s][info][gc,marking  ] GC(319) Concurrent Clear Claimed Marks
[265.947s][info][gc,marking  ] GC(319) Concurrent Clear Claimed Marks 0.119ms
[265.947s][info][gc,marking  ] GC(319) Concurrent Cleanup for Next Mark
[265.947s][info][gc,marking  ] GC(319) Concurrent Cleanup for Next Mark 0.241ms
[265.947s][info][gc          ] GC(319) Concurrent Mark Cycle 115.659ms
[266.035s][info][gc,start    ] GC(320) Pause Young (Normal) (G1 Evacuation Pause)
[266.035s][info][gc,task     ] GC(320) Using 8 workers of 8 for evacuation
[266.039s][info][gc,phases   ] GC(320)   Pre Evacuate Collection Set: 0.1ms
[266.039s][info][gc,phases   ] GC(320)   Merge Heap Roots: 0.1ms
[266.039s][info][gc,phases   ] GC(320)   Evacuate Collection Set: 2.6ms
[266.039s][info][gc,phases   ] GC(320)   Post Evacuate Collection Set: 0.4ms
[266.039s][info][gc,phases   ] GC(320)   Other: 0.1ms
[266.039s][info][gc,heap     ] GC(320) Eden regions: 66->0(66)
[266.039s][info][gc,heap     ] GC(320) Survivor regions: 4->4(9)
[266.039s][info][gc,heap     ] GC(320) Old regions: 46->46
[266.039s][info][gc,heap     ] GC(320) Humongous regions: 2->2
[266.039s][info][gc,metaspace] GC(320) Metaspace: 84957K(85888K)->84957K(85888K) NonClass: 73941K(74432K)->73941K(74432K) Class: 11015K(11456K)->11015K(11456K)
[266.039s][info][gc          ] GC(320) Pause Young (Normal) (G1 Evacuation Pause) 116M->51M(129M) 3.887ms
[266.039s][info][gc,cpu      ] GC(320) User=0.00s Sys=0.00s Real=0.00s
[266.198s][info][gc,start    ] GC(321) Pause Young (Concurrent Start) (G1 Evacuation Pause)
[266.198s][info][gc,task     ] GC(321) Using 8 workers of 8 for evacuation
[266.201s][info][gc,phases   ] GC(321)   Pre Evacuate Collection Set: 0.2ms
[266.201s][info][gc,phases   ] GC(321)   Merge Heap Roots: 0.0ms
[266.201s][info][gc,phases   ] GC(321)   Evacuate Collection Set: 1.9ms
[266.201s][info][gc,phases   ] GC(321)   Post Evacuate Collection Set: 0.4ms
[266.201s][info][gc,phases   ] GC(321)   Other: 0.2ms
[266.201s][info][gc,heap     ] GC(321) Eden regions: 66->0(65)
[266.201s][info][gc,heap     ] GC(321) Survivor regions: 4->4(9)
[266.201s][info][gc,heap     ] GC(321) Old regions: 46->47
[266.201s][info][gc,heap     ] GC(321) Humongous regions: 2->2
[266.201s][info][gc,metaspace] GC(321) Metaspace: 84957K(85888K)->84957K(85888K) NonClass: 73941K(74432K)->73941K(74432K) Class: 11015K(11456K)->11015K(11456K)
[266.201s][info][gc          ] GC(321) Pause Young (Concurrent Start) (G1 Evacuation Pause) 117M->51M(129M) 3.053ms
[266.201s][info][gc,cpu      ] GC(321) User=0.12s Sys=0.00s Real=0.00s
[266.201s][info][gc          ] GC(322) Concurrent Mark Cycle
[266.201s][info][gc,marking  ] GC(322) Concurrent Scan Root Regions
[266.203s][info][gc,marking  ] GC(322) Concurrent Scan Root Regions 1.579ms
[266.203s][info][gc,marking  ] GC(322) Concurrent Mark
[266.203s][info][gc,marking  ] GC(322) Concurrent Mark From Roots
[266.203s][info][gc,task     ] GC(322) Using 2 workers of 2 for marking
[266.268s][info][gc,marking  ] GC(322) Concurrent Mark From Roots 64.642ms
[266.268s][info][gc,marking  ] GC(322) Concurrent Preclean
[266.268s][info][gc,marking  ] GC(322) Concurrent Preclean 0.219ms
[266.268s][info][gc,start    ] GC(322) Pause Remark
[266.273s][info][gc          ] GC(322) Pause Remark 77M->77M(132M) 5.203ms
[266.273s][info][gc,cpu      ] GC(322) User=0.00s Sys=0.00s Real=0.01s
[266.273s][info][gc,marking  ] GC(322) Concurrent Mark 70.387ms
[266.273s][info][gc,marking  ] GC(322) Concurrent Rebuild Remembered Sets and Scrub Regions
[266.301s][info][gc,marking  ] GC(322) Concurrent Rebuild Remembered Sets and Scrub Regions 27.544ms
[266.301s][info][gc,start    ] GC(322) Pause Cleanup
[266.301s][info][gc          ] GC(322) Pause Cleanup 83M->83M(132M) 0.146ms
[266.301s][info][gc,cpu      ] GC(322) User=0.00s Sys=0.00s Real=0.00s
[266.301s][info][gc,marking  ] GC(322) Concurrent Clear Claimed Marks
[266.301s][info][gc,marking  ] GC(322) Concurrent Clear Claimed Marks 0.102ms
[266.301s][info][gc,marking  ] GC(322) Concurrent Cleanup for Next Mark
[266.302s][info][gc,marking  ] GC(322) Concurrent Cleanup for Next Mark 0.296ms
[266.302s][info][gc          ] GC(322) Concurrent Mark Cycle 100.605ms
[266.388s][info][gc,start    ] GC(323) Pause Young (Normal) (G1 Evacuation Pause)
[266.388s][info][gc,task     ] GC(323) Using 8 workers of 8 for evacuation
[266.391s][info][gc,phases   ] GC(323)   Pre Evacuate Collection Set: 0.1ms
[266.392s][info][gc,phases   ] GC(323)   Merge Heap Roots: 0.1ms
[266.392s][info][gc,phases   ] GC(323)   Evacuate Collection Set: 2.3ms
[266.392s][info][gc,phases   ] GC(323)   Post Evacuate Collection Set: 0.6ms
[266.392s][info][gc,phases   ] GC(323)   Other: 0.1ms
[266.392s][info][gc,heap     ] GC(323) Eden regions: 64->0(67)
[266.392s][info][gc,heap     ] GC(323) Survivor regions: 4->4(9)
[266.392s][info][gc,heap     ] GC(323) Old regions: 47->47
[266.392s][info][gc,heap     ] GC(323) Humongous regions: 2->2
[266.392s][info][gc,metaspace] GC(323) Metaspace: 84957K(85888K)->84957K(85888K) NonClass: 73941K(74432K)->73941K(74432K) Class: 11015K(11456K)->11015K(11456K)
[266.392s][info][gc          ] GC(323) Pause Young (Normal) (G1 Evacuation Pause) 115M->51M(132M) 3.862ms
[266.392s][info][gc,cpu      ] GC(323) User=0.00s Sys=0.00s Real=0.00s
[266.589s][info][gc,start    ] GC(324) Pause Young (Concurrent Start) (G1 Evacuation Pause)
[266.589s][info][gc,task     ] GC(324) Using 8 workers of 8 for evacuation
[266.594s][info][gc,phases   ] GC(324)   Pre Evacuate Collection Set: 0.2ms
[266.594s][info][gc,phases   ] GC(324)   Merge Heap Roots: 0.1ms
[266.594s][info][gc,phases   ] GC(324)   Evacuate Collection Set: 3.7ms
[266.594s][info][gc,phases   ] GC(324)   Post Evacuate Collection Set: 0.9ms
[266.594s][info][gc,phases   ] GC(324)   Other: 0.2ms
[266.594s][info][gc,heap     ] GC(324) Eden regions: 67->0(67)
[266.594s][info][gc,heap     ] GC(324) Survivor regions: 4->4(9)
[266.594s][info][gc,heap     ] GC(324) Old regions: 47->47
[266.594s][info][gc,heap     ] GC(324) Humongous regions: 2->2
[266.594s][info][gc,metaspace] GC(324) Metaspace: 84957K(85888K)->84957K(85888K) NonClass: 73941K(74432K)->73941K(74432K) Class: 11015K(11456K)->11015K(11456K)
[266.595s][info][gc          ] GC(324) Pause Young (Concurrent Start) (G1 Evacuation Pause) 118M->51M(132M) 5.472ms
[266.595s][info][gc,cpu      ] GC(324) User=0.05s Sys=0.00s Real=0.01s
[266.595s][info][gc          ] GC(325) Concurrent Mark Cycle
[266.595s][info][gc,marking  ] GC(325) Concurrent Scan Root Regions
[266.597s][info][gc,marking  ] GC(325) Concurrent Scan Root Regions 2.812ms
[266.598s][info][gc,marking  ] GC(325) Concurrent Mark
[266.598s][info][gc,marking  ] GC(325) Concurrent Mark From Roots
[266.598s][info][gc,task     ] GC(325) Using 2 workers of 2 for marking
[266.678s][info][gc,marking  ] GC(325) Concurrent Mark From Roots 80.511ms
[266.678s][info][gc,marking  ] GC(325) Concurrent Preclean
[266.679s][info][gc,marking  ] GC(325) Concurrent Preclean 0.357ms
[266.679s][info][gc,start    ] GC(325) Pause Remark
[266.684s][info][gc          ] GC(325) Pause Remark 73M->73M(132M) 5.710ms
[266.684s][info][gc,cpu      ] GC(325) User=0.03s Sys=0.00s Real=0.01s
[266.685s][info][gc,marking  ] GC(325) Concurrent Mark 86.968ms
[266.685s][info][gc,marking  ] GC(325) Concurrent Rebuild Remembered Sets and Scrub Regions
[266.707s][info][gc,marking  ] GC(325) Concurrent Rebuild Remembered Sets and Scrub Regions 22.704ms
[266.707s][info][gc,start    ] GC(325) Pause Cleanup
[266.708s][info][gc          ] GC(325) Pause Cleanup 79M->79M(132M) 0.138ms
[266.708s][info][gc,cpu      ] GC(325) User=0.00s Sys=0.00s Real=0.00s
[266.708s][info][gc,marking  ] GC(325) Concurrent Clear Claimed Marks
[266.708s][info][gc,marking  ] GC(325) Concurrent Clear Claimed Marks 0.108ms
[266.708s][info][gc,marking  ] GC(325) Concurrent Cleanup for Next Mark
[266.708s][info][gc,marking  ] GC(325) Concurrent Cleanup for Next Mark 0.268ms
[266.708s][info][gc          ] GC(325) Concurrent Mark Cycle 113.565ms
[266.854s][info][gc,start    ] GC(326) Pause Young (Normal) (G1 Evacuation Pause)
[266.854s][info][gc,task     ] GC(326) Using 8 workers of 8 for evacuation
[266.858s][info][gc,phases   ] GC(326)   Pre Evacuate Collection Set: 0.2ms
[266.858s][info][gc,phases   ] GC(326)   Merge Heap Roots: 0.1ms
[266.858s][info][gc,phases   ] GC(326)   Evacuate Collection Set: 3.0ms
[266.858s][info][gc,phases   ] GC(326)   Post Evacuate Collection Set: 0.5ms
[266.858s][info][gc,phases   ] GC(326)   Other: 0.1ms
[266.858s][info][gc,heap     ] GC(326) Eden regions: 67->0(67)
[266.858s][info][gc,heap     ] GC(326) Survivor regions: 4->4(9)
[266.858s][info][gc,heap     ] GC(326) Old regions: 47->47
[266.858s][info][gc,heap     ] GC(326) Humongous regions: 2->2
[266.858s][info][gc,metaspace] GC(326) Metaspace: 84957K(85888K)->84957K(85888K) NonClass: 73941K(74432K)->73941K(74432K) Class: 11015K(11456K)->11015K(11456K)
[266.859s][info][gc          ] GC(326) Pause Young (Normal) (G1 Evacuation Pause) 118M->52M(132M) 4.580ms
[266.859s][info][gc,cpu      ] GC(326) User=0.09s Sys=0.00s Real=0.00s
[277.034s][info][gc,start    ] GC(327) Pause Young (Concurrent Start) (G1 Evacuation Pause)
[277.035s][info][gc,task     ] GC(327) Using 8 workers of 8 for evacuation
[277.036s][info][gc,phases   ] GC(327)   Pre Evacuate Collection Set: 0.2ms
[277.036s][info][gc,phases   ] GC(327)   Merge Heap Roots: 0.1ms
[277.036s][info][gc,phases   ] GC(327)   Evacuate Collection Set: 0.8ms
[277.036s][info][gc,phases   ] GC(327)   Post Evacuate Collection Set: 0.6ms
[277.036s][info][gc,phases   ] GC(327)   Other: 0.1ms
[277.036s][info][gc,heap     ] GC(327) Eden regions: 67->0(71)
[277.036s][info][gc,heap     ] GC(327) Survivor regions: 4->2(9)
[277.036s][info][gc,heap     ] GC(327) Old regions: 47->47
[277.037s][info][gc,heap     ] GC(327) Humongous regions: 2->2
[277.037s][info][gc,metaspace] GC(327) Metaspace: 84966K(85888K)->84966K(85888K) NonClass: 73950K(74432K)->73950K(74432K) Class: 11016K(11456K)->11016K(11456K)
[277.037s][info][gc          ] GC(327) Pause Young (Concurrent Start) (G1 Evacuation Pause) 119M->50M(132M) 2.120ms
[277.037s][info][gc,cpu      ] GC(327) User=0.00s Sys=0.00s Real=0.00s
[277.037s][info][gc          ] GC(328) Concurrent Mark Cycle
[277.037s][info][gc,marking  ] GC(328) Concurrent Scan Root Regions
[277.038s][info][gc,marking  ] GC(328) Concurrent Scan Root Regions 1.346ms
[277.038s][info][gc,marking  ] GC(328) Concurrent Mark
[277.038s][info][gc,marking  ] GC(328) Concurrent Mark From Roots
[277.038s][info][gc,task     ] GC(328) Using 2 workers of 2 for marking
[277.094s][info][gc,marking  ] GC(328) Concurrent Mark From Roots 56.189ms
[277.094s][info][gc,marking  ] GC(328) Concurrent Preclean
[277.095s][info][gc,marking  ] GC(328) Concurrent Preclean 0.289ms
[277.095s][info][gc,start    ] GC(328) Pause Remark
[277.106s][info][gc          ] GC(328) Pause Remark 70M->70M(132M) 11.591ms
[277.106s][info][gc,cpu      ] GC(328) User=0.02s Sys=0.00s Real=0.01s
[277.107s][info][gc,marking  ] GC(328) Concurrent Mark 68.443ms
[277.107s][info][gc,marking  ] GC(328) Concurrent Rebuild Remembered Sets and Scrub Regions
[277.124s][info][gc,marking  ] GC(328) Concurrent Rebuild Remembered Sets and Scrub Regions 17.819ms
[277.125s][info][gc,start    ] GC(328) Pause Cleanup
[277.125s][info][gc          ] GC(328) Pause Cleanup 77M->77M(132M) 0.165ms
[277.125s][info][gc,cpu      ] GC(328) User=0.00s Sys=0.00s Real=0.00s
[277.125s][info][gc,marking  ] GC(328) Concurrent Clear Claimed Marks
[277.125s][info][gc,marking  ] GC(328) Concurrent Clear Claimed Marks 0.083ms
[277.125s][info][gc,marking  ] GC(328) Concurrent Cleanup for Next Mark
[277.125s][info][gc,marking  ] GC(328) Concurrent Cleanup for Next Mark 0.217ms
[277.125s][info][gc          ] GC(328) Concurrent Mark Cycle 88.586ms
[277.203s][info][gc,start    ] GC(329) Pause Young (Prepare Mixed) (G1 Evacuation Pause)
[277.203s][info][gc,task     ] GC(329) Using 8 workers of 8 for evacuation
[277.204s][info][gc,phases   ] GC(329)   Pre Evacuate Collection Set: 0.2ms
[277.204s][info][gc,phases   ] GC(329)   Merge Heap Roots: 0.1ms
[277.204s][info][gc,phases   ] GC(329)   Evacuate Collection Set: 0.9ms
[277.204s][info][gc,phases   ] GC(329)   Post Evacuate Collection Set: 0.4ms
[277.204s][info][gc,phases   ] GC(329)   Other: 0.1ms
[277.204s][info][gc,heap     ] GC(329) Eden regions: 71->0(71)
[277.205s][info][gc,heap     ] GC(329) Survivor regions: 2->2(10)
[277.205s][info][gc,heap     ] GC(329) Old regions: 47->47
[277.205s][info][gc,heap     ] GC(329) Humongous regions: 2->2
[277.205s][info][gc,metaspace] GC(329) Metaspace: 84946K(85888K)->84946K(85888K) NonClass: 73938K(74432K)->73938K(74432K) Class: 11008K(11456K)->11008K(11456K)
[277.205s][info][gc          ] GC(329) Pause Young (Prepare Mixed) (G1 Evacuation Pause) 121M->49M(132M) 1.914ms
[277.205s][info][gc,cpu      ] GC(329) User=0.00s Sys=0.00s Real=0.00s
[277.361s][info][gc,start    ] GC(330) Pause Young (Mixed) (G1 Evacuation Pause)
[277.361s][info][gc,task     ] GC(330) Using 8 workers of 8 for evacuation
[277.363s][info][gc,phases   ] GC(330)   Pre Evacuate Collection Set: 0.2ms
[277.363s][info][gc,phases   ] GC(330)   Merge Heap Roots: 0.1ms
[277.363s][info][gc,phases   ] GC(330)   Evacuate Collection Set: 1.4ms
[277.364s][info][gc,phases   ] GC(330)   Post Evacuate Collection Set: 0.5ms
[277.364s][info][gc,phases   ] GC(330)   Other: 0.1ms
[277.364s][info][gc,heap     ] GC(330) Eden regions: 71->0(72)
[277.364s][info][gc,heap     ] GC(330) Survivor regions: 2->2(10)
[277.364s][info][gc,heap     ] GC(330) Old regions: 47->46
[277.364s][info][gc,heap     ] GC(330) Humongous regions: 2->2
[277.364s][info][gc,metaspace] GC(330) Metaspace: 84946K(85888K)->84946K(85888K) NonClass: 73938K(74432K)->73938K(74432K) Class: 11008K(11456K)->11008K(11456K)
[277.364s][info][gc          ] GC(330) Pause Young (Mixed) (G1 Evacuation Pause) 120M->49M(132M) 2.820ms
[277.364s][info][gc,cpu      ] GC(330) User=0.00s Sys=0.00s Real=0.00s
[277.521s][info][gc,start    ] GC(331) Pause Young (Concurrent Start) (G1 Evacuation Pause)
[277.521s][info][gc,task     ] GC(331) Using 8 workers of 8 for evacuation
[277.523s][info][gc,phases   ] GC(331)   Pre Evacuate Collection Set: 0.1ms
[277.523s][info][gc,phases   ] GC(331)   Merge Heap Roots: 0.1ms
[277.523s][info][gc,phases   ] GC(331)   Evacuate Collection Set: 1.2ms
[277.523s][info][gc,phases   ] GC(331)   Post Evacuate Collection Set: 0.4ms
[277.523s][info][gc,phases   ] GC(331)   Other: 0.1ms
[277.523s][info][gc,heap     ] GC(331) Eden regions: 72->0(72)
[277.523s][info][gc,heap     ] GC(331) Survivor regions: 2->2(10)
[277.523s][info][gc,heap     ] GC(331) Old regions: 46->46
[277.523s][info][gc,heap     ] GC(331) Humongous regions: 2->2
[277.523s][info][gc,metaspace] GC(331) Metaspace: 84946K(85888K)->84946K(85888K) NonClass: 73938K(74432K)->73938K(74432K) Class: 11008K(11456K)->11008K(11456K)
[277.523s][info][gc          ] GC(331) Pause Young (Concurrent Start) (G1 Evacuation Pause) 121M->49M(132M) 2.292ms
[277.523s][info][gc,cpu      ] GC(331) User=0.00s Sys=0.00s Real=0.00s
[277.523s][info][gc          ] GC(332) Concurrent Mark Cycle
[277.523s][info][gc,marking  ] GC(332) Concurrent Scan Root Regions
[277.525s][info][gc,marking  ] GC(332) Concurrent Scan Root Regions 1.947ms
[277.525s][info][gc,marking  ] GC(332) Concurrent Mark
[277.525s][info][gc,marking  ] GC(332) Concurrent Mark From Roots
[277.525s][info][gc,task     ] GC(332) Using 2 workers of 2 for marking
[277.584s][info][gc,marking  ] GC(332) Concurrent Mark From Roots 59.196ms
[277.584s][info][gc,marking  ] GC(332) Concurrent Preclean
[277.585s][info][gc,marking  ] GC(332) Concurrent Preclean 0.452ms
[277.585s][info][gc,start    ] GC(332) Pause Remark
[277.590s][info][gc          ] GC(332) Pause Remark 66M->66M(132M) 5.386ms
[277.590s][info][gc,cpu      ] GC(332) User=0.00s Sys=0.00s Real=0.01s
[277.590s][info][gc,marking  ] GC(332) Concurrent Mark 65.444ms
[277.591s][info][gc,marking  ] GC(332) Concurrent Rebuild Remembered Sets and Scrub Regions
[277.620s][info][gc,marking  ] GC(332) Concurrent Rebuild Remembered Sets and Scrub Regions 29.160ms
[277.620s][info][gc,start    ] GC(332) Pause Cleanup
[277.620s][info][gc          ] GC(332) Pause Cleanup 73M->73M(132M) 0.173ms
[277.620s][info][gc,cpu      ] GC(332) User=0.00s Sys=0.00s Real=0.00s
[277.620s][info][gc,marking  ] GC(332) Concurrent Clear Claimed Marks
[277.620s][info][gc,marking  ] GC(332) Concurrent Clear Claimed Marks 0.112ms
[277.620s][info][gc,marking  ] GC(332) Concurrent Cleanup for Next Mark
[277.621s][info][gc,marking  ] GC(332) Concurrent Cleanup for Next Mark 0.282ms
[277.621s][info][gc          ] GC(332) Concurrent Mark Cycle 97.654ms
[277.743s][info][gc,start    ] GC(333) Pause Young (Prepare Mixed) (G1 Evacuation Pause)
[277.743s][info][gc,task     ] GC(333) Using 8 workers of 8 for evacuation
[277.746s][info][gc,phases   ] GC(333)   Pre Evacuate Collection Set: 0.1ms
[277.746s][info][gc,phases   ] GC(333)   Merge Heap Roots: 0.1ms
[277.746s][info][gc,phases   ] GC(333)   Evacuate Collection Set: 1.4ms
[277.746s][info][gc,phases   ] GC(333)   Post Evacuate Collection Set: 0.4ms
[277.746s][info][gc,phases   ] GC(333)   Other: 0.1ms
[277.746s][info][gc,heap     ] GC(333) Eden regions: 72->0(72)
[277.746s][info][gc,heap     ] GC(333) Survivor regions: 2->2(10)
[277.746s][info][gc,heap     ] GC(333) Old regions: 46->46
[277.746s][info][gc,heap     ] GC(333) Humongous regions: 2->2
[277.746s][info][gc,metaspace] GC(333) Metaspace: 84946K(85888K)->84946K(85888K) NonClass: 73938K(74432K)->73938K(74432K) Class: 11008K(11456K)->11008K(11456K)
[277.746s][info][gc          ] GC(333) Pause Young (Prepare Mixed) (G1 Evacuation Pause) 121M->49M(132M) 2.490ms
[277.746s][info][gc,cpu      ] GC(333) User=0.00s Sys=0.00s Real=0.00s
[277.963s][info][gc,start    ] GC(334) Pause Young (Mixed) (G1 Evacuation Pause)
[277.963s][info][gc,task     ] GC(334) Using 8 workers of 8 for evacuation
[277.965s][info][gc,phases   ] GC(334)   Pre Evacuate Collection Set: 0.1ms
[277.965s][info][gc,phases   ] GC(334)   Merge Heap Roots: 0.1ms
[277.965s][info][gc,phases   ] GC(334)   Evacuate Collection Set: 1.5ms
[277.965s][info][gc,phases   ] GC(334)   Post Evacuate Collection Set: 0.3ms
[277.965s][info][gc,phases   ] GC(334)   Other: 0.3ms
[277.965s][info][gc,heap     ] GC(334) Eden regions: 72->0(73)
[277.965s][info][gc,heap     ] GC(334) Survivor regions: 2->2(10)
[277.965s][info][gc,heap     ] GC(334) Old regions: 46->45
[277.965s][info][gc,heap     ] GC(334) Humongous regions: 2->2
[277.966s][info][gc,metaspace] GC(334) Metaspace: 84946K(85888K)->84946K(85888K) NonClass: 73938K(74432K)->73938K(74432K) Class: 11008K(11456K)->11008K(11456K)
[277.966s][info][gc          ] GC(334) Pause Young (Mixed) (G1 Evacuation Pause) 121M->48M(132M) 2.802ms
[277.966s][info][gc,cpu      ] GC(334) User=0.00s Sys=0.00s Real=0.00s
[278.142s][info][gc,start    ] GC(335) Pause Young (Concurrent Start) (G1 Evacuation Pause)
[278.142s][info][gc,task     ] GC(335) Using 8 workers of 8 for evacuation
[278.144s][info][gc,phases   ] GC(335)   Pre Evacuate Collection Set: 0.1ms
[278.144s][info][gc,phases   ] GC(335)   Merge Heap Roots: 0.1ms
[278.144s][info][gc,phases   ] GC(335)   Evacuate Collection Set: 1.3ms
[278.144s][info][gc,phases   ] GC(335)   Post Evacuate Collection Set: 0.3ms
[278.144s][info][gc,phases   ] GC(335)   Other: 0.1ms
[278.144s][info][gc,heap     ] GC(335) Eden regions: 73->0(70)
[278.144s][info][gc,heap     ] GC(335) Survivor regions: 2->3(10)
[278.144s][info][gc,heap     ] GC(335) Old regions: 45->46
[278.144s][info][gc,heap     ] GC(335) Humongous regions: 2->2
[278.144s][info][gc,metaspace] GC(335) Metaspace: 84946K(85888K)->84946K(85888K) NonClass: 73938K(74432K)->73938K(74432K) Class: 11008K(11456K)->11008K(11456K)
[278.144s][info][gc          ] GC(335) Pause Young (Concurrent Start) (G1 Evacuation Pause) 121M->49M(132M) 2.472ms
[278.144s][info][gc,cpu      ] GC(335) User=0.00s Sys=0.00s Real=0.00s
[278.144s][info][gc          ] GC(336) Concurrent Mark Cycle
[278.144s][info][gc,marking  ] GC(336) Concurrent Scan Root Regions
[278.146s][info][gc,marking  ] GC(336) Concurrent Scan Root Regions 1.983ms
[278.146s][info][gc,marking  ] GC(336) Concurrent Mark
[278.146s][info][gc,marking  ] GC(336) Concurrent Mark From Roots
[278.146s][info][gc,task     ] GC(336) Using 2 workers of 2 for marking
[278.208s][info][gc,marking  ] GC(336) Concurrent Mark From Roots 61.735ms
[278.208s][info][gc,marking  ] GC(336) Concurrent Preclean
[278.208s][info][gc,marking  ] GC(336) Concurrent Preclean 0.368ms
[278.209s][info][gc,start    ] GC(336) Pause Remark
[278.214s][info][gc          ] GC(336) Pause Remark 69M->69M(132M) 5.787ms
[278.215s][info][gc,cpu      ] GC(336) User=0.00s Sys=0.00s Real=0.01s
[278.215s][info][gc,marking  ] GC(336) Concurrent Mark 68.327ms
[278.215s][info][gc,marking  ] GC(336) Concurrent Rebuild Remembered Sets and Scrub Regions
[278.241s][info][gc,marking  ] GC(336) Concurrent Rebuild Remembered Sets and Scrub Regions 26.285ms
[278.241s][info][gc,start    ] GC(336) Pause Cleanup
[278.241s][info][gc          ] GC(336) Pause Cleanup 77M->77M(132M) 0.205ms
[278.241s][info][gc,cpu      ] GC(336) User=0.00s Sys=0.00s Real=0.00s
[278.242s][info][gc,marking  ] GC(336) Concurrent Clear Claimed Marks
[278.242s][info][gc,marking  ] GC(336) Concurrent Clear Claimed Marks 0.182ms
[278.242s][info][gc,marking  ] GC(336) Concurrent Cleanup for Next Mark
[278.242s][info][gc,marking  ] GC(336) Concurrent Cleanup for Next Mark 0.330ms
[278.242s][info][gc          ] GC(336) Concurrent Mark Cycle 97.977ms
[278.345s][info][gc,start    ] GC(337) Pause Young (Prepare Mixed) (G1 Evacuation Pause)
[278.345s][info][gc,task     ] GC(337) Using 8 workers of 8 for evacuation
[278.348s][info][gc,phases   ] GC(337)   Pre Evacuate Collection Set: 0.1ms
[278.348s][info][gc,phases   ] GC(337)   Merge Heap Roots: 0.1ms
[278.348s][info][gc,phases   ] GC(337)   Evacuate Collection Set: 1.9ms
[278.348s][info][gc,phases   ] GC(337)   Post Evacuate Collection Set: 0.8ms
[278.348s][info][gc,phases   ] GC(337)   Other: 0.1ms
[278.348s][info][gc,heap     ] GC(337) Eden regions: 70->0(70)
[278.348s][info][gc,heap     ] GC(337) Survivor regions: 3->3(10)
[278.348s][info][gc,heap     ] GC(337) Old regions: 46->46
[278.348s][info][gc,heap     ] GC(337) Humongous regions: 2->2
[278.349s][info][gc,metaspace] GC(337) Metaspace: 84946K(85888K)->84946K(85888K) NonClass: 73938K(74432K)->73938K(74432K) Class: 11008K(11456K)->11008K(11456K)
[278.349s][info][gc          ] GC(337) Pause Young (Prepare Mixed) (G1 Evacuation Pause) 119M->49M(132M) 3.795ms
[278.349s][info][gc,cpu      ] GC(337) User=0.00s Sys=0.00s Real=0.00s
[278.511s][info][gc,start    ] GC(338) Pause Young (Mixed) (G1 Evacuation Pause)
[278.512s][info][gc,task     ] GC(338) Using 8 workers of 8 for evacuation
[278.515s][info][gc,phases   ] GC(338)   Pre Evacuate Collection Set: 0.2ms
[278.515s][info][gc,phases   ] GC(338)   Merge Heap Roots: 0.1ms
[278.515s][info][gc,phases   ] GC(338)   Evacuate Collection Set: 2.7ms
[278.515s][info][gc,phases   ] GC(338)   Post Evacuate Collection Set: 0.6ms
[278.516s][info][gc,phases   ] GC(338)   Other: 0.1ms
[278.516s][info][gc,heap     ] GC(338) Eden regions: 70->0(71)
[278.516s][info][gc,heap     ] GC(338) Survivor regions: 3->3(10)
[278.516s][info][gc,heap     ] GC(338) Old regions: 46->45
[278.516s][info][gc,heap     ] GC(338) Humongous regions: 2->2
[278.516s][info][gc,metaspace] GC(338) Metaspace: 84946K(85888K)->84946K(85888K) NonClass: 73938K(74432K)->73938K(74432K) Class: 11008K(11456K)->11008K(11456K)
[278.516s][info][gc          ] GC(338) Pause Young (Mixed) (G1 Evacuation Pause) 119M->48M(132M) 4.327ms
[278.516s][info][gc,cpu      ] GC(338) User=0.09s Sys=0.00s Real=0.00s
[278.664s][info][gc,start    ] GC(339) Pause Young (Concurrent Start) (G1 Evacuation Pause)
[278.665s][info][gc,task     ] GC(339) Using 8 workers of 8 for evacuation
[278.668s][info][gc,phases   ] GC(339)   Pre Evacuate Collection Set: 0.2ms
[278.668s][info][gc,phases   ] GC(339)   Merge Heap Roots: 0.1ms
[278.668s][info][gc,phases   ] GC(339)   Evacuate Collection Set: 1.8ms
[278.668s][info][gc,phases   ] GC(339)   Post Evacuate Collection Set: 0.4ms
[278.668s][info][gc,phases   ] GC(339)   Other: 0.3ms
[278.668s][info][gc,heap     ] GC(339) Eden regions: 71->0(71)
[278.668s][info][gc,heap     ] GC(339) Survivor regions: 3->3(10)
[278.668s][info][gc,heap     ] GC(339) Old regions: 45->45
[278.668s][info][gc,heap     ] GC(339) Humongous regions: 2->2
[278.668s][info][gc,metaspace] GC(339) Metaspace: 84946K(85888K)->84946K(85888K) NonClass: 73938K(74432K)->73938K(74432K) Class: 11008K(11456K)->11008K(11456K)
[278.668s][info][gc          ] GC(339) Pause Young (Concurrent Start) (G1 Evacuation Pause) 119M->48M(132M) 3.310ms
[278.668s][info][gc,cpu      ] GC(339) User=0.00s Sys=0.00s Real=0.00s
[278.668s][info][gc          ] GC(340) Concurrent Mark Cycle
[278.668s][info][gc,marking  ] GC(340) Concurrent Scan Root Regions
[278.670s][info][gc,marking  ] GC(340) Concurrent Scan Root Regions 2.182ms
[278.670s][info][gc,marking  ] GC(340) Concurrent Mark
[278.670s][info][gc,marking  ] GC(340) Concurrent Mark From Roots
[278.670s][info][gc,task     ] GC(340) Using 2 workers of 2 for marking
[278.752s][info][gc,marking  ] GC(340) Concurrent Mark From Roots 81.483ms
[278.752s][info][gc,marking  ] GC(340) Concurrent Preclean
[278.752s][info][gc,marking  ] GC(340) Concurrent Preclean 0.259ms
[278.752s][info][gc,start    ] GC(340) Pause Remark
[278.757s][info][gc          ] GC(340) Pause Remark 67M->67M(132M) 5.124ms
[278.757s][info][gc,cpu      ] GC(340) User=0.00s Sys=0.00s Real=0.01s
[278.757s][info][gc,marking  ] GC(340) Concurrent Mark 87.196ms
[278.757s][info][gc,marking  ] GC(340) Concurrent Rebuild Remembered Sets and Scrub Regions
[278.786s][info][gc,marking  ] GC(340) Concurrent Rebuild Remembered Sets and Scrub Regions 28.781ms
[278.786s][info][gc,start    ] GC(340) Pause Cleanup
[278.786s][info][gc          ] GC(340) Pause Cleanup 73M->73M(132M) 0.134ms
[278.787s][info][gc,cpu      ] GC(340) User=0.00s Sys=0.00s Real=0.00s
[278.787s][info][gc,marking  ] GC(340) Concurrent Clear Claimed Marks
[278.787s][info][gc,marking  ] GC(340) Concurrent Clear Claimed Marks 0.101ms
[278.787s][info][gc,marking  ] GC(340) Concurrent Cleanup for Next Mark
[278.787s][info][gc,marking  ] GC(340) Concurrent Cleanup for Next Mark 0.281ms
[278.787s][info][gc          ] GC(340) Concurrent Mark Cycle 119.237ms
[278.906s][info][gc,start    ] GC(341) Pause Young (Prepare Mixed) (G1 Evacuation Pause)
[278.906s][info][gc,task     ] GC(341) Using 8 workers of 8 for evacuation
[278.910s][info][gc,phases   ] GC(341)   Pre Evacuate Collection Set: 0.1ms
[278.910s][info][gc,phases   ] GC(341)   Merge Heap Roots: 0.1ms
[278.910s][info][gc,phases   ] GC(341)   Evacuate Collection Set: 2.8ms
[278.910s][info][gc,phases   ] GC(341)   Post Evacuate Collection Set: 0.5ms
[278.910s][info][gc,phases   ] GC(341)   Other: 0.1ms
[278.910s][info][gc,heap     ] GC(341) Eden regions: 71->0(71)
[278.910s][info][gc,heap     ] GC(341) Survivor regions: 3->3(10)
[278.910s][info][gc,heap     ] GC(341) Old regions: 45->45
[278.910s][info][gc,heap     ] GC(341) Humongous regions: 2->2
[278.910s][info][gc,metaspace] GC(341) Metaspace: 84946K(85888K)->84946K(85888K) NonClass: 73938K(74432K)->73938K(74432K) Class: 11008K(11456K)->11008K(11456K)
[278.910s][info][gc          ] GC(341) Pause Young (Prepare Mixed) (G1 Evacuation Pause) 119M->49M(132M) 4.064ms
[278.910s][info][gc,cpu      ] GC(341) User=0.00s Sys=0.00s Real=0.00s
[279.083s][info][gc,start    ] GC(342) Pause Young (Mixed) (G1 Evacuation Pause)
[279.083s][info][gc,task     ] GC(342) Using 8 workers of 8 for evacuation
[279.086s][info][gc,phases   ] GC(342)   Pre Evacuate Collection Set: 0.1ms
[279.087s][info][gc,phases   ] GC(342)   Merge Heap Roots: 0.1ms
[279.087s][info][gc,phases   ] GC(342)   Evacuate Collection Set: 2.4ms
[279.087s][info][gc,phases   ] GC(342)   Post Evacuate Collection Set: 0.6ms
[279.087s][info][gc,phases   ] GC(342)   Other: 0.1ms
[279.087s][info][gc,heap     ] GC(342) Eden regions: 71->0(70)
[279.087s][info][gc,heap     ] GC(342) Survivor regions: 3->4(10)
[279.087s][info][gc,heap     ] GC(342) Old regions: 45->44
[279.087s][info][gc,heap     ] GC(342) Humongous regions: 2->2
[279.087s][info][gc,metaspace] GC(342) Metaspace: 84946K(85888K)->84946K(85888K) NonClass: 73938K(74432K)->73938K(74432K) Class: 11008K(11456K)->11008K(11456K)
[279.087s][info][gc          ] GC(342) Pause Young (Mixed) (G1 Evacuation Pause) 120M->48M(132M) 3.748ms
[279.087s][info][gc,cpu      ] GC(342) User=0.00s Sys=0.00s Real=0.00s
[279.234s][info][gc,start    ] GC(343) Pause Young (Concurrent Start) (G1 Evacuation Pause)
[279.234s][info][gc,task     ] GC(343) Using 8 workers of 8 for evacuation
[279.237s][info][gc,phases   ] GC(343)   Pre Evacuate Collection Set: 0.3ms
[279.237s][info][gc,phases   ] GC(343)   Merge Heap Roots: 0.1ms
[279.237s][info][gc,phases   ] GC(343)   Evacuate Collection Set: 1.7ms
[279.237s][info][gc,phases   ] GC(343)   Post Evacuate Collection Set: 0.5ms
[279.237s][info][gc,phases   ] GC(343)   Other: 0.2ms
[279.237s][info][gc,heap     ] GC(343) Eden regions: 70->0(70)
[279.237s][info][gc,heap     ] GC(343) Survivor regions: 4->4(10)
[279.237s][info][gc,heap     ] GC(343) Old regions: 44->44
[279.237s][info][gc,heap     ] GC(343) Humongous regions: 2->2
[279.237s][info][gc,metaspace] GC(343) Metaspace: 84946K(85888K)->84946K(85888K) NonClass: 73938K(74432K)->73938K(74432K) Class: 11008K(11456K)->11008K(11456K)
[279.237s][info][gc          ] GC(343) Pause Young (Concurrent Start) (G1 Evacuation Pause) 118M->49M(132M) 3.123ms
[279.237s][info][gc          ] GC(344) Concurrent Mark Cycle
[279.237s][info][gc,cpu      ] GC(343) User=0.00s Sys=0.00s Real=0.00s
[279.237s][info][gc,marking  ] GC(344) Concurrent Scan Root Regions
[279.239s][info][gc,marking  ] GC(344) Concurrent Scan Root Regions 1.777ms
[279.239s][info][gc,marking  ] GC(344) Concurrent Mark
[279.239s][info][gc,marking  ] GC(344) Concurrent Mark From Roots
[279.239s][info][gc,task     ] GC(344) Using 2 workers of 2 for marking
[279.304s][info][gc,marking  ] GC(344) Concurrent Mark From Roots 65.125ms
[279.304s][info][gc,marking  ] GC(344) Concurrent Preclean
[279.305s][info][gc,marking  ] GC(344) Concurrent Preclean 0.226ms
[279.305s][info][gc,start    ] GC(344) Pause Remark
[279.310s][info][gc          ] GC(344) Pause Remark 69M->69M(132M) 5.756ms
[279.311s][info][gc,cpu      ] GC(344) User=0.12s Sys=0.00s Real=0.01s
[279.311s][info][gc,marking  ] GC(344) Concurrent Mark 71.498ms
[279.311s][info][gc,marking  ] GC(344) Concurrent Rebuild Remembered Sets and Scrub Regions
[279.338s][info][gc,marking  ] GC(344) Concurrent Rebuild Remembered Sets and Scrub Regions 27.385ms
[279.338s][info][gc,start    ] GC(344) Pause Cleanup
[279.338s][info][gc          ] GC(344) Pause Cleanup 78M->78M(132M) 0.184ms
[279.338s][info][gc,cpu      ] GC(344) User=0.00s Sys=0.00s Real=0.00s
[279.339s][info][gc,marking  ] GC(344) Concurrent Clear Claimed Marks
[279.339s][info][gc,marking  ] GC(344) Concurrent Clear Claimed Marks 0.102ms
[279.339s][info][gc,marking  ] GC(344) Concurrent Cleanup for Next Mark
[279.339s][info][gc,marking  ] GC(344) Concurrent Cleanup for Next Mark 0.277ms
[279.339s][info][gc          ] GC(344) Concurrent Mark Cycle 101.847ms
[279.484s][info][gc,start    ] GC(345) Pause Young (Prepare Mixed) (G1 Evacuation Pause)
[279.484s][info][gc,task     ] GC(345) Using 8 workers of 8 for evacuation
[279.488s][info][gc,phases   ] GC(345)   Pre Evacuate Collection Set: 0.1ms
[279.488s][info][gc,phases   ] GC(345)   Merge Heap Roots: 0.1ms
[279.488s][info][gc,phases   ] GC(345)   Evacuate Collection Set: 3.4ms
[279.488s][info][gc,phases   ] GC(345)   Post Evacuate Collection Set: 0.4ms
[279.488s][info][gc,phases   ] GC(345)   Other: 0.1ms
[279.488s][info][gc,heap     ] GC(345) Eden regions: 70->0(70)
[279.488s][info][gc,heap     ] GC(345) Survivor regions: 4->4(10)
[279.488s][info][gc,heap     ] GC(345) Old regions: 44->44
[279.488s][info][gc,heap     ] GC(345) Humongous regions: 2->2
[279.488s][info][gc,metaspace] GC(345) Metaspace: 84948K(85888K)->84948K(85888K) NonClass: 73939K(74432K)->73939K(74432K) Class: 11009K(11456K)->11009K(11456K)
[279.488s][info][gc          ] GC(345) Pause Young (Prepare Mixed) (G1 Evacuation Pause) 119M->49M(132M) 4.695ms
[279.488s][info][gc,cpu      ] GC(345) User=0.00s Sys=0.00s Real=0.00s
[279.692s][info][gc,start    ] GC(346) Pause Young (Mixed) (G1 Evacuation Pause)
[279.692s][info][gc,task     ] GC(346) Using 8 workers of 8 for evacuation
[279.700s][info][gc,phases   ] GC(346)   Pre Evacuate Collection Set: 0.2ms
[279.700s][info][gc,phases   ] GC(346)   Merge Heap Roots: 0.2ms
[279.700s][info][gc,phases   ] GC(346)   Evacuate Collection Set: 6.9ms
[279.700s][info][gc,phases   ] GC(346)   Post Evacuate Collection Set: 0.5ms
[279.700s][info][gc,phases   ] GC(346)   Other: 0.1ms
[279.700s][info][gc,heap     ] GC(346) Eden regions: 70->0(70)
[279.700s][info][gc,heap     ] GC(346) Survivor regions: 4->4(10)
[279.700s][info][gc,heap     ] GC(346) Old regions: 44->44
[279.700s][info][gc,heap     ] GC(346) Humongous regions: 2->2
[279.700s][info][gc,metaspace] GC(346) Metaspace: 84948K(85888K)->84948K(85888K) NonClass: 73939K(74432K)->73939K(74432K) Class: 11009K(11456K)->11009K(11456K)
[279.700s][info][gc          ] GC(346) Pause Young (Mixed) (G1 Evacuation Pause) 119M->49M(132M) 8.543ms
[279.700s][info][gc,cpu      ] GC(346) User=0.09s Sys=0.00s Real=0.01s
[279.855s][info][gc,start    ] GC(347) Pause Young (Concurrent Start) (G1 Evacuation Pause)
[279.855s][info][gc,task     ] GC(347) Using 8 workers of 8 for evacuation
[279.858s][info][gc,phases   ] GC(347)   Pre Evacuate Collection Set: 0.2ms
[279.858s][info][gc,phases   ] GC(347)   Merge Heap Roots: 0.1ms
[279.858s][info][gc,phases   ] GC(347)   Evacuate Collection Set: 2.0ms
[279.858s][info][gc,phases   ] GC(347)   Post Evacuate Collection Set: 0.5ms
[279.859s][info][gc,phases   ] GC(347)   Other: 0.1ms
[279.859s][info][gc,heap     ] GC(347) Eden regions: 70->0(69)
[279.859s][info][gc,heap     ] GC(347) Survivor regions: 4->4(10)
[279.859s][info][gc,heap     ] GC(347) Old regions: 44->45
[279.859s][info][gc,heap     ] GC(347) Humongous regions: 2->2
[279.859s][info][gc,metaspace] GC(347) Metaspace: 84948K(85888K)->84948K(85888K) NonClass: 73939K(74432K)->73939K(74432K) Class: 11009K(11456K)->11009K(11456K)
[279.859s][info][gc          ] GC(347) Pause Young (Concurrent Start) (G1 Evacuation Pause) 119M->49M(132M) 3.263ms
[279.859s][info][gc,cpu      ] GC(347) User=0.12s Sys=0.00s Real=0.00s
[279.859s][info][gc          ] GC(348) Concurrent Mark Cycle
[279.859s][info][gc,marking  ] GC(348) Concurrent Scan Root Regions
[279.861s][info][gc,marking  ] GC(348) Concurrent Scan Root Regions 1.831ms
[279.861s][info][gc,marking  ] GC(348) Concurrent Mark
[279.861s][info][gc,marking  ] GC(348) Concurrent Mark From Roots
[279.861s][info][gc,task     ] GC(348) Using 2 workers of 2 for marking
[279.927s][info][gc,marking  ] GC(348) Concurrent Mark From Roots 65.816ms
[279.927s][info][gc,marking  ] GC(348) Concurrent Preclean
[279.927s][info][gc,marking  ] GC(348) Concurrent Preclean 0.266ms
[279.927s][info][gc,start    ] GC(348) Pause Remark
[279.940s][info][gc          ] GC(348) Pause Remark 68M->68M(132M) 12.651ms
[279.940s][info][gc,cpu      ] GC(348) User=0.12s Sys=0.00s Real=0.01s
[279.940s][info][gc,marking  ] GC(348) Concurrent Mark 79.106ms
[279.940s][info][gc,marking  ] GC(348) Concurrent Rebuild Remembered Sets and Scrub Regions
[279.968s][info][gc,marking  ] GC(348) Concurrent Rebuild Remembered Sets and Scrub Regions 27.865ms
[279.968s][info][gc,start    ] GC(348) Pause Cleanup
[279.968s][info][gc          ] GC(348) Pause Cleanup 76M->76M(132M) 0.177ms
[279.968s][info][gc,cpu      ] GC(348) User=0.00s Sys=0.00s Real=0.00s
[279.968s][info][gc,marking  ] GC(348) Concurrent Clear Claimed Marks
[279.968s][info][gc,marking  ] GC(348) Concurrent Clear Claimed Marks 0.106ms
[279.968s][info][gc,marking  ] GC(348) Concurrent Cleanup for Next Mark
[279.969s][info][gc,marking  ] GC(348) Concurrent Cleanup for Next Mark 0.291ms
[279.969s][info][gc          ] GC(348) Concurrent Mark Cycle 109.959ms
[280.104s][info][gc,start    ] GC(349) Pause Young (Prepare Mixed) (G1 Evacuation Pause)
[280.104s][info][gc,task     ] GC(349) Using 8 workers of 8 for evacuation
[280.106s][info][gc,phases   ] GC(349)   Pre Evacuate Collection Set: 0.1ms
[280.107s][info][gc,phases   ] GC(349)   Merge Heap Roots: 0.1ms
[280.107s][info][gc,phases   ] GC(349)   Evacuate Collection Set: 1.9ms
[280.107s][info][gc,phases   ] GC(349)   Post Evacuate Collection Set: 0.3ms
[280.107s][info][gc,phases   ] GC(349)   Other: 0.1ms
[280.107s][info][gc,heap     ] GC(349) Eden regions: 69->0(69)
[280.107s][info][gc,heap     ] GC(349) Survivor regions: 4->4(10)
[280.107s][info][gc,heap     ] GC(349) Old regions: 45->45
[280.107s][info][gc,heap     ] GC(349) Humongous regions: 2->2
[280.107s][info][gc,metaspace] GC(349) Metaspace: 84937K(85888K)->84937K(85888K) NonClass: 73931K(74432K)->73931K(74432K) Class: 11006K(11456K)->11006K(11456K)
[280.107s][info][gc          ] GC(349) Pause Young (Prepare Mixed) (G1 Evacuation Pause) 118M->49M(132M) 2.740ms
[280.107s][info][gc,cpu      ] GC(349) User=0.00s Sys=0.02s Real=0.00s
[280.295s][info][gc,start    ] GC(350) Pause Young (Mixed) (G1 Evacuation Pause)
[280.295s][info][gc,task     ] GC(350) Using 8 workers of 8 for evacuation
[280.299s][info][gc,phases   ] GC(350)   Pre Evacuate Collection Set: 0.1ms
[280.299s][info][gc,phases   ] GC(350)   Merge Heap Roots: 0.1ms
[280.299s][info][gc,phases   ] GC(350)   Evacuate Collection Set: 3.1ms
[280.299s][info][gc,phases   ] GC(350)   Post Evacuate Collection Set: 0.4ms
[280.299s][info][gc,phases   ] GC(350)   Other: 0.1ms
[280.299s][info][gc,heap     ] GC(350) Eden regions: 69->0(69)
[280.299s][info][gc,heap     ] GC(350) Survivor regions: 4->4(10)
[280.299s][info][gc,heap     ] GC(350) Old regions: 45->45
[280.299s][info][gc,heap     ] GC(350) Humongous regions: 2->2
[280.299s][info][gc,metaspace] GC(350) Metaspace: 84937K(85888K)->84937K(85888K) NonClass: 73931K(74432K)->73931K(74432K) Class: 11006K(11456K)->11006K(11456K)
[280.299s][info][gc          ] GC(350) Pause Young (Mixed) (G1 Evacuation Pause) 118M->50M(132M) 4.241ms
[280.299s][info][gc,cpu      ] GC(350) User=0.00s Sys=0.00s Real=0.00s
[280.435s][info][gc,start    ] GC(351) Pause Young (Concurrent Start) (G1 Evacuation Pause)
[280.435s][info][gc,task     ] GC(351) Using 8 workers of 8 for evacuation
[280.438s][info][gc,phases   ] GC(351)   Pre Evacuate Collection Set: 0.2ms
[280.438s][info][gc,phases   ] GC(351)   Merge Heap Roots: 0.1ms
[280.438s][info][gc,phases   ] GC(351)   Evacuate Collection Set: 2.0ms
[280.438s][info][gc,phases   ] GC(351)   Post Evacuate Collection Set: 0.4ms
[280.438s][info][gc,phases   ] GC(351)   Other: 0.1ms
[280.438s][info][gc,heap     ] GC(351) Eden regions: 69->0(69)
[280.438s][info][gc,heap     ] GC(351) Survivor regions: 4->4(10)
[280.438s][info][gc,heap     ] GC(351) Old regions: 45->45
[280.438s][info][gc,heap     ] GC(351) Humongous regions: 2->2
[280.438s][info][gc,metaspace] GC(351) Metaspace: 84937K(85888K)->84937K(85888K) NonClass: 73931K(74432K)->73931K(74432K) Class: 11006K(11456K)->11006K(11456K)
[280.438s][info][gc          ] GC(351) Pause Young (Concurrent Start) (G1 Evacuation Pause) 119M->50M(132M) 3.103ms
[280.438s][info][gc,cpu      ] GC(351) User=0.00s Sys=0.00s Real=0.00s
[280.438s][info][gc          ] GC(352) Concurrent Mark Cycle
[280.438s][info][gc,marking  ] GC(352) Concurrent Scan Root Regions
[280.440s][info][gc,marking  ] GC(352) Concurrent Scan Root Regions 2.300ms
[280.440s][info][gc,marking  ] GC(352) Concurrent Mark
[280.440s][info][gc,marking  ] GC(352) Concurrent Mark From Roots
[280.440s][info][gc,task     ] GC(352) Using 2 workers of 2 for marking
[280.519s][info][gc,marking  ] GC(352) Concurrent Mark From Roots 78.987ms
[280.519s][info][gc,marking  ] GC(352) Concurrent Preclean
[280.520s][info][gc,marking  ] GC(352) Concurrent Preclean 0.378ms
[280.520s][info][gc,start    ] GC(352) Pause Remark
[280.525s][info][gc          ] GC(352) Pause Remark 70M->70M(132M) 5.084ms
[280.525s][info][gc,cpu      ] GC(352) User=0.00s Sys=0.00s Real=0.01s
[280.525s][info][gc,marking  ] GC(352) Concurrent Mark 85.028ms
[280.525s][info][gc,marking  ] GC(352) Concurrent Rebuild Remembered Sets and Scrub Regions
[280.551s][info][gc,marking  ] GC(352) Concurrent Rebuild Remembered Sets and Scrub Regions 25.528ms
[280.551s][info][gc,start    ] GC(352) Pause Cleanup
[280.551s][info][gc          ] GC(352) Pause Cleanup 77M->77M(132M) 0.152ms
[280.551s][info][gc,cpu      ] GC(352) User=0.00s Sys=0.00s Real=0.00s
[280.551s][info][gc,marking  ] GC(352) Concurrent Clear Claimed Marks
[280.552s][info][gc,marking  ] GC(352) Concurrent Clear Claimed Marks 0.094ms
[280.552s][info][gc,marking  ] GC(352) Concurrent Cleanup for Next Mark
[280.552s][info][gc,marking  ] GC(352) Concurrent Cleanup for Next Mark 0.267ms
[280.552s][info][gc          ] GC(352) Concurrent Mark Cycle 113.948ms
[280.659s][info][gc,start    ] GC(353) Pause Young (Normal) (G1 Evacuation Pause)
[280.659s][info][gc,task     ] GC(353) Using 8 workers of 8 for evacuation
[280.662s][info][gc,phases   ] GC(353)   Pre Evacuate Collection Set: 0.1ms
[280.662s][info][gc,phases   ] GC(353)   Merge Heap Roots: 0.1ms
[280.662s][info][gc,phases   ] GC(353)   Evacuate Collection Set: 2.2ms
[280.662s][info][gc,phases   ] GC(353)   Post Evacuate Collection Set: 0.3ms
[280.662s][info][gc,phases   ] GC(353)   Other: 0.1ms
[280.662s][info][gc,heap     ] GC(353) Eden regions: 69->0(68)
[280.662s][info][gc,heap     ] GC(353) Survivor regions: 4->4(10)
[280.662s][info][gc,heap     ] GC(353) Old regions: 45->46
[280.662s][info][gc,heap     ] GC(353) Humongous regions: 2->2
[280.662s][info][gc,metaspace] GC(353) Metaspace: 84937K(85888K)->84937K(85888K) NonClass: 73931K(74432K)->73931K(74432K) Class: 11006K(11456K)->11006K(11456K)
[280.662s][info][gc          ] GC(353) Pause Young (Normal) (G1 Evacuation Pause) 119M->50M(132M) 3.067ms
[280.662s][info][gc,cpu      ] GC(353) User=0.00s Sys=0.00s Real=0.00s
[280.841s][info][gc,start    ] GC(354) Pause Young (Concurrent Start) (G1 Evacuation Pause)
[280.841s][info][gc,task     ] GC(354) Using 8 workers of 8 for evacuation
[280.846s][info][gc,phases   ] GC(354)   Pre Evacuate Collection Set: 0.2ms
[280.846s][info][gc,phases   ] GC(354)   Merge Heap Roots: 0.1ms
[280.846s][info][gc,phases   ] GC(354)   Evacuate Collection Set: 3.6ms
[280.846s][info][gc,phases   ] GC(354)   Post Evacuate Collection Set: 0.5ms
[280.846s][info][gc,phases   ] GC(354)   Other: 0.2ms
[280.846s][info][gc,heap     ] GC(354) Eden regions: 68->0(68)
[280.846s][info][gc,heap     ] GC(354) Survivor regions: 4->4(9)
[280.846s][info][gc,heap     ] GC(354) Old regions: 46->46
[280.846s][info][gc,heap     ] GC(354) Humongous regions: 2->2
[280.846s][info][gc,metaspace] GC(354) Metaspace: 84937K(85888K)->84937K(85888K) NonClass: 73931K(74432K)->73931K(74432K) Class: 11006K(11456K)->11006K(11456K)
[280.846s][info][gc          ] GC(354) Pause Young (Concurrent Start) (G1 Evacuation Pause) 118M->50M(132M) 5.029ms
[280.846s][info][gc          ] GC(355) Concurrent Mark Cycle
[280.846s][info][gc,cpu      ] GC(354) User=0.00s Sys=0.00s Real=0.01s
[280.846s][info][gc,marking  ] GC(355) Concurrent Scan Root Regions
[280.850s][info][gc,marking  ] GC(355) Concurrent Scan Root Regions 3.818ms
[280.850s][info][gc,marking  ] GC(355) Concurrent Mark
[280.850s][info][gc,marking  ] GC(355) Concurrent Mark From Roots
[280.850s][info][gc,task     ] GC(355) Using 2 workers of 2 for marking
[280.942s][info][gc,marking  ] GC(355) Concurrent Mark From Roots 91.499ms
[280.942s][info][gc,marking  ] GC(355) Concurrent Preclean
[280.942s][info][gc,marking  ] GC(355) Concurrent Preclean 0.376ms
[280.942s][info][gc,start    ] GC(355) Pause Remark
[280.957s][info][gc          ] GC(355) Pause Remark 71M->71M(132M) 14.365ms
[280.957s][info][gc,cpu      ] GC(355) User=0.05s Sys=0.02s Real=0.01s
[280.957s][info][gc,marking  ] GC(355) Concurrent Mark 106.721ms
[280.957s][info][gc,marking  ] GC(355) Concurrent Rebuild Remembered Sets and Scrub Regions
[280.990s][info][gc,marking  ] GC(355) Concurrent Rebuild Remembered Sets and Scrub Regions 32.891ms
[280.990s][info][gc,start    ] GC(355) Pause Cleanup
[280.990s][info][gc          ] GC(355) Pause Cleanup 78M->78M(132M) 0.163ms
[280.990s][info][gc,cpu      ] GC(355) User=0.00s Sys=0.00s Real=0.00s
[280.990s][info][gc,marking  ] GC(355) Concurrent Clear Claimed Marks
[280.990s][info][gc,marking  ] GC(355) Concurrent Clear Claimed Marks 0.102ms
[280.990s][info][gc,marking  ] GC(355) Concurrent Cleanup for Next Mark
[280.991s][info][gc,marking  ] GC(355) Concurrent Cleanup for Next Mark 0.281ms
[280.991s][info][gc          ] GC(355) Concurrent Mark Cycle 144.557ms
[281.135s][info][gc,start    ] GC(356) Pause Young (Prepare Mixed) (G1 Evacuation Pause)
[281.136s][info][gc,task     ] GC(356) Using 8 workers of 8 for evacuation
[281.139s][info][gc,phases   ] GC(356)   Pre Evacuate Collection Set: 0.1ms
[281.139s][info][gc,phases   ] GC(356)   Merge Heap Roots: 0.1ms
[281.139s][info][gc,phases   ] GC(356)   Evacuate Collection Set: 2.4ms
[281.139s][info][gc,phases   ] GC(356)   Post Evacuate Collection Set: 0.4ms
[281.139s][info][gc,phases   ] GC(356)   Other: 0.1ms
[281.139s][info][gc,heap     ] GC(356) Eden regions: 68->0(68)
[281.139s][info][gc,heap     ] GC(356) Survivor regions: 4->4(9)
[281.139s][info][gc,heap     ] GC(356) Old regions: 46->46
[281.139s][info][gc,heap     ] GC(356) Humongous regions: 2->2
[281.139s][info][gc,metaspace] GC(356) Metaspace: 84913K(85888K)->84913K(85888K) NonClass: 73914K(74432K)->73914K(74432K) Class: 10999K(11456K)->10999K(11456K)
[281.139s][info][gc          ] GC(356) Pause Young (Prepare Mixed) (G1 Evacuation Pause) 118M->50M(132M) 3.466ms
[281.139s][info][gc,cpu      ] GC(356) User=0.12s Sys=0.00s Real=0.00s
[281.292s][info][gc,start    ] GC(357) Pause Young (Mixed) (G1 Evacuation Pause)
[281.292s][info][gc,task     ] GC(357) Using 8 workers of 8 for evacuation
[281.299s][info][gc,phases   ] GC(357)   Pre Evacuate Collection Set: 0.1ms
[281.299s][info][gc,phases   ] GC(357)   Merge Heap Roots: 0.1ms
[281.299s][info][gc,phases   ] GC(357)   Evacuate Collection Set: 5.5ms
[281.299s][info][gc,phases   ] GC(357)   Post Evacuate Collection Set: 0.4ms
[281.299s][info][gc,phases   ] GC(357)   Other: 0.1ms
[281.299s][info][gc,heap     ] GC(357) Eden regions: 68->0(68)
[281.299s][info][gc,heap     ] GC(357) Survivor regions: 4->4(9)
[281.299s][info][gc,heap     ] GC(357) Old regions: 46->46
[281.299s][info][gc,heap     ] GC(357) Humongous regions: 2->2
[281.299s][info][gc,metaspace] GC(357) Metaspace: 84913K(85888K)->84913K(85888K) NonClass: 73914K(74432K)->73914K(74432K) Class: 10999K(11456K)->10999K(11456K)
[281.299s][info][gc          ] GC(357) Pause Young (Mixed) (G1 Evacuation Pause) 118M->51M(132M) 6.966ms
[281.299s][info][gc,cpu      ] GC(357) User=0.09s Sys=0.00s Real=0.01s
[281.470s][info][gc,start    ] GC(358) Pause Young (Concurrent Start) (G1 Evacuation Pause)
[281.470s][info][gc,task     ] GC(358) Using 8 workers of 8 for evacuation
[281.473s][info][gc,phases   ] GC(358)   Pre Evacuate Collection Set: 0.1ms
[281.473s][info][gc,phases   ] GC(358)   Merge Heap Roots: 0.1ms
[281.473s][info][gc,phases   ] GC(358)   Evacuate Collection Set: 2.3ms
[281.473s][info][gc,phases   ] GC(358)   Post Evacuate Collection Set: 0.4ms
[281.473s][info][gc,phases   ] GC(358)   Other: 0.1ms
[281.473s][info][gc,heap     ] GC(358) Eden regions: 68->0(68)
[281.473s][info][gc,heap     ] GC(358) Survivor regions: 4->4(9)
[281.473s][info][gc,heap     ] GC(358) Old regions: 46->46
[281.473s][info][gc,heap     ] GC(358) Humongous regions: 2->2
[281.473s][info][gc,metaspace] GC(358) Metaspace: 84913K(85888K)->84913K(85888K) NonClass: 73914K(74432K)->73914K(74432K) Class: 10999K(11456K)->10999K(11456K)
[281.473s][info][gc          ] GC(358) Pause Young (Concurrent Start) (G1 Evacuation Pause) 119M->51M(132M) 3.410ms
[281.473s][info][gc,cpu      ] GC(358) User=0.00s Sys=0.00s Real=0.00s
[281.473s][info][gc          ] GC(359) Concurrent Mark Cycle
[281.473s][info][gc,marking  ] GC(359) Concurrent Scan Root Regions
[281.475s][info][gc,marking  ] GC(359) Concurrent Scan Root Regions 2.064ms
[281.475s][info][gc,marking  ] GC(359) Concurrent Mark
[281.475s][info][gc,marking  ] GC(359) Concurrent Mark From Roots
[281.475s][info][gc,task     ] GC(359) Using 2 workers of 2 for marking
[281.544s][info][gc,marking  ] GC(359) Concurrent Mark From Roots 69.056ms
[281.545s][info][gc,marking  ] GC(359) Concurrent Preclean
[281.545s][info][gc,marking  ] GC(359) Concurrent Preclean 0.237ms
[281.545s][info][gc,start    ] GC(359) Pause Remark
[281.557s][info][gc          ] GC(359) Pause Remark 70M->70M(132M) 11.726ms
[281.557s][info][gc,cpu      ] GC(359) User=0.00s Sys=0.00s Real=0.01s
[281.557s][info][gc,marking  ] GC(359) Concurrent Mark 81.402ms
[281.557s][info][gc,marking  ] GC(359) Concurrent Rebuild Remembered Sets and Scrub Regions
[281.568s][info][gc,marking  ] GC(359) Concurrent Rebuild Remembered Sets and Scrub Regions 11.159ms
[281.568s][info][gc,start    ] GC(359) Pause Cleanup
[281.568s][info][gc          ] GC(359) Pause Cleanup 73M->73M(132M) 0.079ms
[281.568s][info][gc,cpu      ] GC(359) User=0.00s Sys=0.00s Real=0.00s
[281.568s][info][gc,marking  ] GC(359) Concurrent Clear Claimed Marks
[281.568s][info][gc,marking  ] GC(359) Concurrent Clear Claimed Marks 0.102ms
[281.568s][info][gc,marking  ] GC(359) Concurrent Cleanup for Next Mark
[281.569s][info][gc,marking  ] GC(359) Concurrent Cleanup for Next Mark 0.247ms
[281.569s][info][gc          ] GC(359) Concurrent Mark Cycle 95.664ms
[281.695s][info][gc,start    ] GC(360) Pause Young (Normal) (G1 Evacuation Pause)
[281.695s][info][gc,task     ] GC(360) Using 8 workers of 8 for evacuation
[281.700s][info][gc,phases   ] GC(360)   Pre Evacuate Collection Set: 0.1ms
[281.700s][info][gc,phases   ] GC(360)   Merge Heap Roots: 0.1ms
[281.700s][info][gc,phases   ] GC(360)   Evacuate Collection Set: 3.8ms
[281.700s][info][gc,phases   ] GC(360)   Post Evacuate Collection Set: 0.5ms
[281.700s][info][gc,phases   ] GC(360)   Other: 0.1ms
[281.700s][info][gc,heap     ] GC(360) Eden regions: 68->0(67)
[281.700s][info][gc,heap     ] GC(360) Survivor regions: 4->4(9)
[281.700s][info][gc,heap     ] GC(360) Old regions: 46->47
[281.700s][info][gc,heap     ] GC(360) Humongous regions: 2->2
[281.700s][info][gc,metaspace] GC(360) Metaspace: 84908K(85888K)->84908K(85888K) NonClass: 73909K(74432K)->73909K(74432K) Class: 10998K(11456K)->10998K(11456K)
[281.701s][info][gc          ] GC(360) Pause Young (Normal) (G1 Evacuation Pause) 119M->51M(132M) 5.266ms
[281.701s][info][gc,cpu      ] GC(360) User=0.02s Sys=0.00s Real=0.01s
[281.893s][info][gc,start    ] GC(361) Pause Young (Concurrent Start) (G1 Evacuation Pause)
[281.893s][info][gc,task     ] GC(361) Using 8 workers of 8 for evacuation
[281.895s][info][gc,phases   ] GC(361)   Pre Evacuate Collection Set: 0.2ms
[281.895s][info][gc,phases   ] GC(361)   Merge Heap Roots: 0.1ms
[281.895s][info][gc,phases   ] GC(361)   Evacuate Collection Set: 2.0ms
[281.895s][info][gc,phases   ] GC(361)   Post Evacuate Collection Set: 0.4ms
[281.895s][info][gc,phases   ] GC(361)   Other: 0.2ms
[281.896s][info][gc,heap     ] GC(361) Eden regions: 67->0(67)
[281.896s][info][gc,heap     ] GC(361) Survivor regions: 4->4(9)
[281.896s][info][gc,heap     ] GC(361) Old regions: 47->47
[281.896s][info][gc,heap     ] GC(361) Humongous regions: 2->2
[281.896s][info][gc,metaspace] GC(361) Metaspace: 84908K(85888K)->84908K(85888K) NonClass: 73909K(74432K)->73909K(74432K) Class: 10998K(11456K)->10998K(11456K)
[281.896s][info][gc          ] GC(361) Pause Young (Concurrent Start) (G1 Evacuation Pause) 118M->51M(132M) 3.124ms
[281.896s][info][gc,cpu      ] GC(361) User=0.00s Sys=0.00s Real=0.00s
[281.896s][info][gc          ] GC(362) Concurrent Mark Cycle
[281.896s][info][gc,marking  ] GC(362) Concurrent Scan Root Regions
[281.898s][info][gc,marking  ] GC(362) Concurrent Scan Root Regions 2.492ms
[281.898s][info][gc,marking  ] GC(362) Concurrent Mark
[281.898s][info][gc,marking  ] GC(362) Concurrent Mark From Roots
[281.898s][info][gc,task     ] GC(362) Using 2 workers of 2 for marking
[281.978s][info][gc,marking  ] GC(362) Concurrent Mark From Roots 79.928ms
[281.978s][info][gc,marking  ] GC(362) Concurrent Preclean
[281.979s][info][gc,marking  ] GC(362) Concurrent Preclean 0.292ms
[281.979s][info][gc,start    ] GC(362) Pause Remark
[281.985s][info][gc          ] GC(362) Pause Remark 77M->77M(132M) 6.179ms
[281.985s][info][gc,cpu      ] GC(362) User=0.02s Sys=0.00s Real=0.01s
[281.985s][info][gc,marking  ] GC(362) Concurrent Mark 86.815ms
[281.985s][info][gc,marking  ] GC(362) Concurrent Rebuild Remembered Sets and Scrub Regions
[282.009s][info][gc,marking  ] GC(362) Concurrent Rebuild Remembered Sets and Scrub Regions 23.389ms
[282.009s][info][gc,start    ] GC(362) Pause Cleanup
[282.009s][info][gc          ] GC(362) Pause Cleanup 85M->85M(132M) 0.147ms
[282.009s][info][gc,cpu      ] GC(362) User=0.00s Sys=0.00s Real=0.00s
[282.009s][info][gc,marking  ] GC(362) Concurrent Clear Claimed Marks
[282.009s][info][gc,marking  ] GC(362) Concurrent Clear Claimed Marks 0.181ms
[282.009s][info][gc,marking  ] GC(362) Concurrent Cleanup for Next Mark
[282.010s][info][gc,marking  ] GC(362) Concurrent Cleanup for Next Mark 0.618ms
[282.010s][info][gc          ] GC(362) Concurrent Mark Cycle 114.206ms
[282.090s][info][gc,start    ] GC(363) Pause Young (Normal) (G1 Evacuation Pause)
[282.090s][info][gc,task     ] GC(363) Using 8 workers of 8 for evacuation
[282.094s][info][gc,phases   ] GC(363)   Pre Evacuate Collection Set: 0.1ms
[282.094s][info][gc,phases   ] GC(363)   Merge Heap Roots: 0.1ms
[282.094s][info][gc,phases   ] GC(363)   Evacuate Collection Set: 3.3ms
[282.094s][info][gc,phases   ] GC(363)   Post Evacuate Collection Set: 0.5ms
[282.094s][info][gc,phases   ] GC(363)   Other: 0.1ms
[282.094s][info][gc,heap     ] GC(363) Eden regions: 67->0(67)
[282.094s][info][gc,heap     ] GC(363) Survivor regions: 4->4(9)
[282.094s][info][gc,heap     ] GC(363) Old regions: 47->47
[282.094s][info][gc,heap     ] GC(363) Humongous regions: 2->2
[282.094s][info][gc,metaspace] GC(363) Metaspace: 84908K(85888K)->84908K(85888K) NonClass: 73909K(74432K)->73909K(74432K) Class: 10998K(11456K)->10998K(11456K)
[282.094s][info][gc          ] GC(363) Pause Young (Normal) (G1 Evacuation Pause) 118M->51M(132M) 4.670ms
[282.094s][info][gc,cpu      ] GC(363) User=0.11s Sys=0.00s Real=0.00s
[282.263s][info][gc,start    ] GC(364) Pause Young (Concurrent Start) (G1 Evacuation Pause)
[282.263s][info][gc,task     ] GC(364) Using 8 workers of 8 for evacuation
[282.267s][info][gc,phases   ] GC(364)   Pre Evacuate Collection Set: 0.1ms
[282.267s][info][gc,phases   ] GC(364)   Merge Heap Roots: 0.1ms
[282.267s][info][gc,phases   ] GC(364)   Evacuate Collection Set: 2.9ms
[282.267s][info][gc,phases   ] GC(364)   Post Evacuate Collection Set: 0.6ms
[282.267s][info][gc,phases   ] GC(364)   Other: 0.1ms
[282.267s][info][gc,heap     ] GC(364) Eden regions: 67->0(67)
[282.267s][info][gc,heap     ] GC(364) Survivor regions: 4->4(9)
[282.267s][info][gc,heap     ] GC(364) Old regions: 47->47
[282.267s][info][gc,heap     ] GC(364) Humongous regions: 2->2
[282.267s][info][gc,metaspace] GC(364) Metaspace: 84908K(85888K)->84908K(85888K) NonClass: 73909K(74432K)->73909K(74432K) Class: 10998K(11456K)->10998K(11456K)
[282.267s][info][gc          ] GC(364) Pause Young (Concurrent Start) (G1 Evacuation Pause) 118M->52M(132M) 4.485ms
[282.267s][info][gc,cpu      ] GC(364) User=0.00s Sys=0.00s Real=0.01s
[282.267s][info][gc          ] GC(365) Concurrent Mark Cycle
[282.267s][info][gc,marking  ] GC(365) Concurrent Scan Root Regions
[282.270s][info][gc,marking  ] GC(365) Concurrent Scan Root Regions 2.258ms
[282.270s][info][gc,marking  ] GC(365) Concurrent Mark
[282.270s][info][gc,marking  ] GC(365) Concurrent Mark From Roots
[282.270s][info][gc,task     ] GC(365) Using 2 workers of 2 for marking
[282.351s][info][gc,marking  ] GC(365) Concurrent Mark From Roots 81.174ms
[282.351s][info][gc,marking  ] GC(365) Concurrent Preclean
[282.351s][info][gc,marking  ] GC(365) Concurrent Preclean 0.419ms
[282.351s][info][gc,start    ] GC(365) Pause Remark
[282.364s][info][gc          ] GC(365) Pause Remark 75M->75M(132M) 12.212ms
[282.364s][info][gc,cpu      ] GC(365) User=0.11s Sys=0.00s Real=0.01s
[282.364s][info][gc,marking  ] GC(365) Concurrent Mark 94.269ms
[282.364s][info][gc,marking  ] GC(365) Concurrent Rebuild Remembered Sets and Scrub Regions
[282.392s][info][gc,marking  ] GC(365) Concurrent Rebuild Remembered Sets and Scrub Regions 28.110ms
[282.392s][info][gc,start    ] GC(365) Pause Cleanup
[282.392s][info][gc          ] GC(365) Pause Cleanup 81M->81M(132M) 0.124ms
[282.392s][info][gc,cpu      ] GC(365) User=0.00s Sys=0.00s Real=0.00s
[282.392s][info][gc,marking  ] GC(365) Concurrent Clear Claimed Marks
[282.393s][info][gc,marking  ] GC(365) Concurrent Clear Claimed Marks 0.203ms
[282.393s][info][gc,marking  ] GC(365) Concurrent Cleanup for Next Mark
[282.393s][info][gc,marking  ] GC(365) Concurrent Cleanup for Next Mark 0.653ms
[282.393s][info][gc          ] GC(365) Concurrent Mark Cycle 126.153ms
[282.475s][info][gc,start    ] GC(366) Pause Young (Normal) (G1 Evacuation Pause)
[282.475s][info][gc,task     ] GC(366) Using 8 workers of 8 for evacuation
[282.479s][info][gc,phases   ] GC(366)   Pre Evacuate Collection Set: 0.1ms
[282.479s][info][gc,phases   ] GC(366)   Merge Heap Roots: 0.1ms
[282.479s][info][gc,phases   ] GC(366)   Evacuate Collection Set: 2.6ms
[282.479s][info][gc,phases   ] GC(366)   Post Evacuate Collection Set: 0.4ms
[282.479s][info][gc,phases   ] GC(366)   Other: 0.1ms
[282.479s][info][gc,heap     ] GC(366) Eden regions: 67->0(66)
[282.479s][info][gc,heap     ] GC(366) Survivor regions: 4->4(9)
[282.479s][info][gc,heap     ] GC(366) Old regions: 47->48
[282.479s][info][gc,heap     ] GC(366) Humongous regions: 2->2
[282.479s][info][gc,metaspace] GC(366) Metaspace: 84899K(85888K)->84899K(85888K) NonClass: 73902K(74432K)->73902K(74432K) Class: 10996K(11456K)->10996K(11456K)
[282.479s][info][gc          ] GC(366) Pause Young (Normal) (G1 Evacuation Pause) 119M->52M(132M) 3.816ms
[282.479s][info][gc,cpu      ] GC(366) User=0.00s Sys=0.00s Real=0.00s
[292.612s][info][gc,start    ] GC(367) Pause Young (Concurrent Start) (G1 Evacuation Pause)
[292.612s][info][gc,task     ] GC(367) Using 8 workers of 8 for evacuation
[292.615s][info][gc,phases   ] GC(367)   Pre Evacuate Collection Set: 0.3ms
[292.615s][info][gc,phases   ] GC(367)   Merge Heap Roots: 0.2ms
[292.615s][info][gc,phases   ] GC(367)   Evacuate Collection Set: 1.6ms
[292.615s][info][gc,phases   ] GC(367)   Post Evacuate Collection Set: 0.6ms
[292.615s][info][gc,phases   ] GC(367)   Other: 0.2ms
[292.615s][info][gc,heap     ] GC(367) Eden regions: 66->0(70)
[292.615s][info][gc,heap     ] GC(367) Survivor regions: 4->2(9)
[292.615s][info][gc,heap     ] GC(367) Old regions: 48->48
[292.615s][info][gc,heap     ] GC(367) Humongous regions: 2->2
[292.615s][info][gc,metaspace] GC(367) Metaspace: 84906K(85888K)->84906K(85888K) NonClass: 73909K(74432K)->73909K(74432K) Class: 10996K(11456K)->10996K(11456K)
[292.615s][info][gc          ] GC(367) Pause Young (Concurrent Start) (G1 Evacuation Pause) 118M->50M(132M) 3.235ms
[292.615s][info][gc,cpu      ] GC(367) User=0.00s Sys=0.00s Real=0.00s
[292.615s][info][gc          ] GC(368) Concurrent Mark Cycle
[292.615s][info][gc,marking  ] GC(368) Concurrent Scan Root Regions
[292.618s][info][gc,marking  ] GC(368) Concurrent Scan Root Regions 2.466ms
[292.618s][info][gc,marking  ] GC(368) Concurrent Mark
[292.618s][info][gc,marking  ] GC(368) Concurrent Mark From Roots
[292.618s][info][gc,task     ] GC(368) Using 2 workers of 2 for marking
[292.668s][info][gc,marking  ] GC(368) Concurrent Mark From Roots 49.632ms
[292.668s][info][gc,marking  ] GC(368) Concurrent Preclean
[292.668s][info][gc,marking  ] GC(368) Concurrent Preclean 0.542ms
[292.668s][info][gc,start    ] GC(368) Pause Remark
[292.680s][info][gc          ] GC(368) Pause Remark 71M->71M(132M) 11.854ms
[292.680s][info][gc,cpu      ] GC(368) User=0.08s Sys=0.02s Real=0.01s
[292.681s][info][gc,marking  ] GC(368) Concurrent Mark 62.514ms
[292.681s][info][gc,marking  ] GC(368) Concurrent Rebuild Remembered Sets and Scrub Regions
[292.713s][info][gc,marking  ] GC(368) Concurrent Rebuild Remembered Sets and Scrub Regions 31.950ms
[292.713s][info][gc,start    ] GC(368) Pause Cleanup
[292.713s][info][gc          ] GC(368) Pause Cleanup 80M->80M(132M) 0.220ms
[292.713s][info][gc,cpu      ] GC(368) User=0.00s Sys=0.00s Real=0.00s
[292.713s][info][gc,marking  ] GC(368) Concurrent Clear Claimed Marks
[292.713s][info][gc,marking  ] GC(368) Concurrent Clear Claimed Marks 0.137ms
[292.713s][info][gc,marking  ] GC(368) Concurrent Cleanup for Next Mark
[292.714s][info][gc,marking  ] GC(368) Concurrent Cleanup for Next Mark 0.552ms
[292.714s][info][gc          ] GC(368) Concurrent Mark Cycle 98.589ms
[292.802s][info][gc,start    ] GC(369) Pause Young (Prepare Mixed) (G1 Evacuation Pause)
[292.802s][info][gc,task     ] GC(369) Using 8 workers of 8 for evacuation
[292.804s][info][gc,phases   ] GC(369)   Pre Evacuate Collection Set: 0.1ms
[292.804s][info][gc,phases   ] GC(369)   Merge Heap Roots: 0.1ms
[292.804s][info][gc,phases   ] GC(369)   Evacuate Collection Set: 1.9ms
[292.804s][info][gc,phases   ] GC(369)   Post Evacuate Collection Set: 0.5ms
[292.804s][info][gc,phases   ] GC(369)   Other: 0.1ms
[292.805s][info][gc,heap     ] GC(369) Eden regions: 70->0(70)
[292.805s][info][gc,heap     ] GC(369) Survivor regions: 2->2(9)
[292.805s][info][gc,heap     ] GC(369) Old regions: 48->48
[292.805s][info][gc,heap     ] GC(369) Humongous regions: 2->2
[292.805s][info][gc,metaspace] GC(369) Metaspace: 84614K(85888K)->84614K(85888K) NonClass: 73686K(74432K)->73686K(74432K) Class: 10928K(11456K)->10928K(11456K)
[292.805s][info][gc          ] GC(369) Pause Young (Prepare Mixed) (G1 Evacuation Pause) 120M->50M(132M) 3.148ms
[292.805s][info][gc,cpu      ] GC(369) User=0.00s Sys=0.00s Real=0.00s
[292.998s][info][gc,start    ] GC(370) Pause Young (Mixed) (G1 Evacuation Pause)
[292.998s][info][gc,task     ] GC(370) Using 8 workers of 8 for evacuation
[293.001s][info][gc,phases   ] GC(370)   Pre Evacuate Collection Set: 0.1ms
[293.001s][info][gc,phases   ] GC(370)   Merge Heap Roots: 0.1ms
[293.001s][info][gc,phases   ] GC(370)   Evacuate Collection Set: 2.1ms
[293.001s][info][gc,phases   ] GC(370)   Post Evacuate Collection Set: 0.4ms
[293.001s][info][gc,phases   ] GC(370)   Other: 0.1ms
[293.001s][info][gc,heap     ] GC(370) Eden regions: 70->0(72)
[293.001s][info][gc,heap     ] GC(370) Survivor regions: 2->2(9)
[293.001s][info][gc,heap     ] GC(370) Old regions: 48->46
[293.001s][info][gc,heap     ] GC(370) Humongous regions: 2->2
[293.001s][info][gc,metaspace] GC(370) Metaspace: 84614K(85888K)->84614K(85888K) NonClass: 73686K(74432K)->73686K(74432K) Class: 10928K(11456K)->10928K(11456K)
[293.001s][info][gc          ] GC(370) Pause Young (Mixed) (G1 Evacuation Pause) 120M->48M(132M) 3.449ms
[293.001s][info][gc,cpu      ] GC(370) User=0.00s Sys=0.00s Real=0.00s
[293.181s][info][gc,start    ] GC(371) Pause Young (Concurrent Start) (G1 Evacuation Pause)
[293.181s][info][gc,task     ] GC(371) Using 8 workers of 8 for evacuation
[293.183s][info][gc,phases   ] GC(371)   Pre Evacuate Collection Set: 0.2ms
[293.183s][info][gc,phases   ] GC(371)   Merge Heap Roots: 0.1ms
[293.183s][info][gc,phases   ] GC(371)   Evacuate Collection Set: 1.0ms
[293.183s][info][gc,phases   ] GC(371)   Post Evacuate Collection Set: 0.4ms
[293.183s][info][gc,phases   ] GC(371)   Other: 0.2ms
[293.183s][info][gc,heap     ] GC(371) Eden regions: 72->0(72)
[293.183s][info][gc,heap     ] GC(371) Survivor regions: 2->2(10)
[293.183s][info][gc,heap     ] GC(371) Old regions: 46->46
[293.183s][info][gc,heap     ] GC(371) Humongous regions: 2->2
[293.183s][info][gc,metaspace] GC(371) Metaspace: 84614K(85888K)->84614K(85888K) NonClass: 73686K(74432K)->73686K(74432K) Class: 10928K(11456K)->10928K(11456K)
[293.183s][info][gc          ] GC(371) Pause Young (Concurrent Start) (G1 Evacuation Pause) 120M->48M(132M) 2.276ms
[293.183s][info][gc,cpu      ] GC(371) User=0.00s Sys=0.00s Real=0.00s
[293.183s][info][gc          ] GC(372) Concurrent Mark Cycle
[293.183s][info][gc,marking  ] GC(372) Concurrent Scan Root Regions
[293.185s][info][gc,marking  ] GC(372) Concurrent Scan Root Regions 1.778ms
[293.185s][info][gc,marking  ] GC(372) Concurrent Mark
[293.185s][info][gc,marking  ] GC(372) Concurrent Mark From Roots
[293.185s][info][gc,task     ] GC(372) Using 2 workers of 2 for marking
[293.247s][info][gc,marking  ] GC(372) Concurrent Mark From Roots 61.524ms
[293.247s][info][gc,marking  ] GC(372) Concurrent Preclean
[293.247s][info][gc,marking  ] GC(372) Concurrent Preclean 0.538ms
[293.248s][info][gc,start    ] GC(372) Pause Remark
[293.253s][info][gc          ] GC(372) Pause Remark 70M->70M(132M) 5.713ms
[293.253s][info][gc,cpu      ] GC(372) User=0.00s Sys=0.00s Real=0.01s
[293.253s][info][gc,marking  ] GC(372) Concurrent Mark 68.201ms
[293.254s][info][gc,marking  ] GC(372) Concurrent Rebuild Remembered Sets and Scrub Regions
[293.288s][info][gc,marking  ] GC(372) Concurrent Rebuild Remembered Sets and Scrub Regions 34.688ms
[293.288s][info][gc,start    ] GC(372) Pause Cleanup
[293.289s][info][gc          ] GC(372) Pause Cleanup 78M->78M(132M) 0.178ms
[293.289s][info][gc,cpu      ] GC(372) User=0.00s Sys=0.00s Real=0.00s
[293.289s][info][gc,marking  ] GC(372) Concurrent Clear Claimed Marks
[293.289s][info][gc,marking  ] GC(372) Concurrent Clear Claimed Marks 0.095ms
[293.289s][info][gc,marking  ] GC(372) Concurrent Cleanup for Next Mark
[293.289s][info][gc,marking  ] GC(372) Concurrent Cleanup for Next Mark 0.238ms
[293.289s][info][gc          ] GC(372) Concurrent Mark Cycle 105.802ms
[293.388s][info][gc,start    ] GC(373) Pause Young (Prepare Mixed) (G1 Evacuation Pause)
[293.388s][info][gc,task     ] GC(373) Using 8 workers of 8 for evacuation
[293.390s][info][gc,phases   ] GC(373)   Pre Evacuate Collection Set: 0.1ms
[293.390s][info][gc,phases   ] GC(373)   Merge Heap Roots: 0.1ms
[293.391s][info][gc,phases   ] GC(373)   Evacuate Collection Set: 1.9ms
[293.391s][info][gc,phases   ] GC(373)   Post Evacuate Collection Set: 0.4ms
[293.391s][info][gc,phases   ] GC(373)   Other: 0.1ms
[293.391s][info][gc,heap     ] GC(373) Eden regions: 72->0(72)
[293.391s][info][gc,heap     ] GC(373) Survivor regions: 2->2(10)
[293.391s][info][gc,heap     ] GC(373) Old regions: 46->46
[293.391s][info][gc,heap     ] GC(373) Humongous regions: 2->2
[293.391s][info][gc,metaspace] GC(373) Metaspace: 84614K(85888K)->84614K(85888K) NonClass: 73686K(74432K)->73686K(74432K) Class: 10928K(11456K)->10928K(11456K)
[293.391s][info][gc          ] GC(373) Pause Young (Prepare Mixed) (G1 Evacuation Pause) 120M->48M(132M) 2.868ms
[293.391s][info][gc,cpu      ] GC(373) User=0.00s Sys=0.00s Real=0.00s
[293.560s][info][gc,start    ] GC(374) Pause Young (Mixed) (G1 Evacuation Pause)
[293.560s][info][gc,task     ] GC(374) Using 8 workers of 8 for evacuation
[293.563s][info][gc,phases   ] GC(374)   Pre Evacuate Collection Set: 0.1ms
[293.564s][info][gc,phases   ] GC(374)   Merge Heap Roots: 0.1ms
[293.564s][info][gc,phases   ] GC(374)   Evacuate Collection Set: 2.5ms
[293.564s][info][gc,phases   ] GC(374)   Post Evacuate Collection Set: 0.5ms
[293.564s][info][gc,phases   ] GC(374)   Other: 0.1ms
[293.564s][info][gc,heap     ] GC(374) Eden regions: 72->0(71)
[293.564s][info][gc,heap     ] GC(374) Survivor regions: 2->3(10)
[293.564s][info][gc,heap     ] GC(374) Old regions: 46->45
[293.564s][info][gc,heap     ] GC(374) Humongous regions: 2->2
[293.564s][info][gc,metaspace] GC(374) Metaspace: 84614K(85888K)->84614K(85888K) NonClass: 73686K(74432K)->73686K(74432K) Class: 10928K(11456K)->10928K(11456K)
[293.564s][info][gc          ] GC(374) Pause Young (Mixed) (G1 Evacuation Pause) 120M->48M(132M) 3.748ms
[293.564s][info][gc,cpu      ] GC(374) User=0.00s Sys=0.00s Real=0.00s
[293.718s][info][gc,start    ] GC(375) Pause Young (Concurrent Start) (G1 Evacuation Pause)
[293.718s][info][gc,task     ] GC(375) Using 8 workers of 8 for evacuation
[293.721s][info][gc,phases   ] GC(375)   Pre Evacuate Collection Set: 0.2ms
[293.721s][info][gc,phases   ] GC(375)   Merge Heap Roots: 0.1ms
[293.721s][info][gc,phases   ] GC(375)   Evacuate Collection Set: 2.3ms
[293.721s][info][gc,phases   ] GC(375)   Post Evacuate Collection Set: 0.4ms
[293.721s][info][gc,phases   ] GC(375)   Other: 0.2ms
[293.721s][info][gc,heap     ] GC(375) Eden regions: 71->0(71)
[293.721s][info][gc,heap     ] GC(375) Survivor regions: 3->3(10)
[293.721s][info][gc,heap     ] GC(375) Old regions: 45->45
[293.721s][info][gc,heap     ] GC(375) Humongous regions: 2->2
[293.721s][info][gc,metaspace] GC(375) Metaspace: 84616K(85888K)->84616K(85888K) NonClass: 73688K(74432K)->73688K(74432K) Class: 10928K(11456K)->10928K(11456K)
[293.721s][info][gc          ] GC(375) Pause Young (Concurrent Start) (G1 Evacuation Pause) 119M->48M(132M) 3.527ms
[293.721s][info][gc,cpu      ] GC(375) User=0.00s Sys=0.00s Real=0.00s
[293.721s][info][gc          ] GC(376) Concurrent Mark Cycle
[293.721s][info][gc,marking  ] GC(376) Concurrent Scan Root Regions
[293.723s][info][gc,marking  ] GC(376) Concurrent Scan Root Regions 1.595ms
[293.723s][info][gc,marking  ] GC(376) Concurrent Mark
[293.723s][info][gc,marking  ] GC(376) Concurrent Mark From Roots
[293.723s][info][gc,task     ] GC(376) Using 2 workers of 2 for marking
[293.779s][info][gc,marking  ] GC(376) Concurrent Mark From Roots 55.666ms
[293.779s][info][gc,marking  ] GC(376) Concurrent Preclean
[293.779s][info][gc,marking  ] GC(376) Concurrent Preclean 0.333ms
[293.779s][info][gc,start    ] GC(376) Pause Remark
[293.784s][info][gc          ] GC(376) Pause Remark 67M->67M(132M) 4.872ms
[293.784s][info][gc,cpu      ] GC(376) User=0.00s Sys=0.00s Real=0.01s
[293.784s][info][gc,marking  ] GC(376) Concurrent Mark 61.333ms
[293.784s][info][gc,marking  ] GC(376) Concurrent Rebuild Remembered Sets and Scrub Regions
[293.821s][info][gc,marking  ] GC(376) Concurrent Rebuild Remembered Sets and Scrub Regions 36.333ms
[293.821s][info][gc,start    ] GC(376) Pause Cleanup
[293.821s][info][gc          ] GC(376) Pause Cleanup 76M->76M(132M) 0.305ms
[293.821s][info][gc,cpu      ] GC(376) User=0.00s Sys=0.00s Real=0.00s
[293.821s][info][gc,marking  ] GC(376) Concurrent Clear Claimed Marks
[293.821s][info][gc,marking  ] GC(376) Concurrent Clear Claimed Marks 0.096ms
[293.821s][info][gc,marking  ] GC(376) Concurrent Cleanup for Next Mark
[293.822s][info][gc,marking  ] GC(376) Concurrent Cleanup for Next Mark 0.229ms
[293.822s][info][gc          ] GC(376) Concurrent Mark Cycle 100.398ms
[293.922s][info][gc,start    ] GC(377) Pause Young (Prepare Mixed) (G1 Evacuation Pause)
[293.922s][info][gc,task     ] GC(377) Using 8 workers of 8 for evacuation
[293.924s][info][gc,phases   ] GC(377)   Pre Evacuate Collection Set: 0.1ms
[293.924s][info][gc,phases   ] GC(377)   Merge Heap Roots: 0.1ms
[293.924s][info][gc,phases   ] GC(377)   Evacuate Collection Set: 1.6ms
[293.924s][info][gc,phases   ] GC(377)   Post Evacuate Collection Set: 0.5ms
[293.924s][info][gc,phases   ] GC(377)   Other: 0.1ms
[293.924s][info][gc,heap     ] GC(377) Eden regions: 71->0(71)
[293.924s][info][gc,heap     ] GC(377) Survivor regions: 3->3(10)
[293.924s][info][gc,heap     ] GC(377) Old regions: 45->45
[293.925s][info][gc,heap     ] GC(377) Humongous regions: 2->2
[293.925s][info][gc,metaspace] GC(377) Metaspace: 84616K(85888K)->84616K(85888K) NonClass: 73688K(74432K)->73688K(74432K) Class: 10928K(11456K)->10928K(11456K)
[293.925s][info][gc          ] GC(377) Pause Young (Prepare Mixed) (G1 Evacuation Pause) 119M->48M(132M) 2.832ms
[293.925s][info][gc,cpu      ] GC(377) User=0.00s Sys=0.00s Real=0.00s
[294.097s][info][gc,start    ] GC(378) Pause Young (Mixed) (G1 Evacuation Pause)
[294.097s][info][gc,task     ] GC(378) Using 8 workers of 8 for evacuation
[294.101s][info][gc,phases   ] GC(378)   Pre Evacuate Collection Set: 0.1ms
[294.101s][info][gc,phases   ] GC(378)   Merge Heap Roots: 0.1ms
[294.101s][info][gc,phases   ] GC(378)   Evacuate Collection Set: 3.3ms
[294.101s][info][gc,phases   ] GC(378)   Post Evacuate Collection Set: 0.5ms
[294.101s][info][gc,phases   ] GC(378)   Other: 0.1ms
[294.101s][info][gc,heap     ] GC(378) Eden regions: 71->0(72)
[294.101s][info][gc,heap     ] GC(378) Survivor regions: 3->3(10)
[294.101s][info][gc,heap     ] GC(378) Old regions: 45->44
[294.101s][info][gc,heap     ] GC(378) Humongous regions: 2->2
[294.101s][info][gc,metaspace] GC(378) Metaspace: 84616K(85888K)->84616K(85888K) NonClass: 73688K(74432K)->73688K(74432K) Class: 10928K(11456K)->10928K(11456K)
[294.101s][info][gc          ] GC(378) Pause Young (Mixed) (G1 Evacuation Pause) 119M->48M(132M) 4.461ms
[294.101s][info][gc,cpu      ] GC(378) User=0.00s Sys=0.00s Real=0.00s
[294.263s][info][gc,start    ] GC(379) Pause Young (Concurrent Start) (G1 Evacuation Pause)
[294.263s][info][gc,task     ] GC(379) Using 8 workers of 8 for evacuation
[294.266s][info][gc,phases   ] GC(379)   Pre Evacuate Collection Set: 0.2ms
[294.266s][info][gc,phases   ] GC(379)   Merge Heap Roots: 0.1ms
[294.266s][info][gc,phases   ] GC(379)   Evacuate Collection Set: 2.3ms
[294.266s][info][gc,phases   ] GC(379)   Post Evacuate Collection Set: 0.4ms
[294.266s][info][gc,phases   ] GC(379)   Other: 0.1ms
[294.266s][info][gc,heap     ] GC(379) Eden regions: 72->0(72)
[294.266s][info][gc,heap     ] GC(379) Survivor regions: 3->3(10)
[294.266s][info][gc,heap     ] GC(379) Old regions: 44->44
[294.266s][info][gc,heap     ] GC(379) Humongous regions: 2->2
[294.266s][info][gc,metaspace] GC(379) Metaspace: 84616K(85888K)->84616K(85888K) NonClass: 73688K(74432K)->73688K(74432K) Class: 10928K(11456K)->10928K(11456K)
[294.266s][info][gc          ] GC(379) Pause Young (Concurrent Start) (G1 Evacuation Pause) 120M->48M(132M) 3.494ms
[294.266s][info][gc,cpu      ] GC(379) User=0.00s Sys=0.00s Real=0.00s
[294.266s][info][gc          ] GC(380) Concurrent Mark Cycle
[294.266s][info][gc,marking  ] GC(380) Concurrent Scan Root Regions
[294.268s][info][gc,marking  ] GC(380) Concurrent Scan Root Regions 1.579ms
[294.268s][info][gc,marking  ] GC(380) Concurrent Mark
[294.268s][info][gc,marking  ] GC(380) Concurrent Mark From Roots
[294.268s][info][gc,task     ] GC(380) Using 2 workers of 2 for marking
[294.345s][info][gc,marking  ] GC(380) Concurrent Mark From Roots 77.046ms
[294.345s][info][gc,marking  ] GC(380) Concurrent Preclean
[294.345s][info][gc,marking  ] GC(380) Concurrent Preclean 0.229ms
[294.345s][info][gc,start    ] GC(380) Pause Remark
[294.350s][info][gc          ] GC(380) Pause Remark 69M->69M(132M) 4.742ms
[294.350s][info][gc,cpu      ] GC(380) User=0.00s Sys=0.00s Real=0.00s
[294.350s][info][gc,marking  ] GC(380) Concurrent Mark 82.323ms
[294.350s][info][gc,marking  ] GC(380) Concurrent Rebuild Remembered Sets and Scrub Regions
[294.382s][info][gc,marking  ] GC(380) Concurrent Rebuild Remembered Sets and Scrub Regions 31.757ms
[294.382s][info][gc,start    ] GC(380) Pause Cleanup
[294.383s][info][gc          ] GC(380) Pause Cleanup 78M->78M(132M) 0.159ms
[294.383s][info][gc,cpu      ] GC(380) User=0.00s Sys=0.00s Real=0.00s
[294.383s][info][gc,marking  ] GC(380) Concurrent Clear Claimed Marks
[294.383s][info][gc,marking  ] GC(380) Concurrent Clear Claimed Marks 0.106ms
[294.383s][info][gc,marking  ] GC(380) Concurrent Cleanup for Next Mark
[294.383s][info][gc,marking  ] GC(380) Concurrent Cleanup for Next Mark 0.317ms
[294.383s][info][gc          ] GC(380) Concurrent Mark Cycle 116.969ms
[294.473s][info][gc,start    ] GC(381) Pause Young (Prepare Mixed) (G1 Evacuation Pause)
[294.473s][info][gc,task     ] GC(381) Using 8 workers of 8 for evacuation
[294.476s][info][gc,phases   ] GC(381)   Pre Evacuate Collection Set: 0.1ms
[294.476s][info][gc,phases   ] GC(381)   Merge Heap Roots: 0.1ms
[294.476s][info][gc,phases   ] GC(381)   Evacuate Collection Set: 2.6ms
[294.476s][info][gc,phases   ] GC(381)   Post Evacuate Collection Set: 0.4ms
[294.476s][info][gc,phases   ] GC(381)   Other: 0.1ms
[294.477s][info][gc,heap     ] GC(381) Eden regions: 72->0(70)
[294.477s][info][gc,heap     ] GC(381) Survivor regions: 3->4(10)
[294.477s][info][gc,heap     ] GC(381) Old regions: 44->44
[294.477s][info][gc,heap     ] GC(381) Humongous regions: 2->2
[294.477s][info][gc,metaspace] GC(381) Metaspace: 84616K(85888K)->84616K(85888K) NonClass: 73688K(74432K)->73688K(74432K) Class: 10928K(11456K)->10928K(11456K)
[294.477s][info][gc          ] GC(381) Pause Young (Prepare Mixed) (G1 Evacuation Pause) 120M->48M(132M) 3.762ms
[294.477s][info][gc,cpu      ] GC(381) User=0.00s Sys=0.00s Real=0.00s
[294.642s][info][gc,start    ] GC(382) Pause Young (Mixed) (G1 Evacuation Pause)
[294.642s][info][gc,task     ] GC(382) Using 8 workers of 8 for evacuation
[294.647s][info][gc,phases   ] GC(382)   Pre Evacuate Collection Set: 0.1ms
[294.647s][info][gc,phases   ] GC(382)   Merge Heap Roots: 0.1ms
[294.647s][info][gc,phases   ] GC(382)   Evacuate Collection Set: 3.9ms
[294.647s][info][gc,phases   ] GC(382)   Post Evacuate Collection Set: 0.4ms
[294.647s][info][gc,phases   ] GC(382)   Other: 0.1ms
[294.647s][info][gc,heap     ] GC(382) Eden regions: 70->0(70)
[294.647s][info][gc,heap     ] GC(382) Survivor regions: 4->4(10)
[294.647s][info][gc,heap     ] GC(382) Old regions: 44->44
[294.647s][info][gc,heap     ] GC(382) Humongous regions: 2->2
[294.647s][info][gc,metaspace] GC(382) Metaspace: 84621K(85888K)->84621K(85888K) NonClass: 73693K(74432K)->73693K(74432K) Class: 10928K(11456K)->10928K(11456K)
[294.647s][info][gc          ] GC(382) Pause Young (Mixed) (G1 Evacuation Pause) 118M->48M(132M) 4.974ms
[294.647s][info][gc,cpu      ] GC(382) User=0.00s Sys=0.00s Real=0.00s
[294.807s][info][gc,start    ] GC(383) Pause Young (Concurrent Start) (G1 Evacuation Pause)
[294.807s][info][gc,task     ] GC(383) Using 8 workers of 8 for evacuation
[294.811s][info][gc,phases   ] GC(383)   Pre Evacuate Collection Set: 0.1ms
[294.811s][info][gc,phases   ] GC(383)   Merge Heap Roots: 0.1ms
[294.811s][info][gc,phases   ] GC(383)   Evacuate Collection Set: 3.0ms
[294.811s][info][gc,phases   ] GC(383)   Post Evacuate Collection Set: 0.4ms
[294.811s][info][gc,phases   ] GC(383)   Other: 0.1ms
[294.811s][info][gc,heap     ] GC(383) Eden regions: 70->0(70)
[294.811s][info][gc,heap     ] GC(383) Survivor regions: 4->4(10)
[294.811s][info][gc,heap     ] GC(383) Old regions: 44->44
[294.811s][info][gc,heap     ] GC(383) Humongous regions: 2->2
[294.811s][info][gc,metaspace] GC(383) Metaspace: 84621K(85888K)->84621K(85888K) NonClass: 73693K(74432K)->73693K(74432K) Class: 10928K(11456K)->10928K(11456K)
[294.811s][info][gc          ] GC(383) Pause Young (Concurrent Start) (G1 Evacuation Pause) 118M->48M(132M) 4.240ms
[294.811s][info][gc,cpu      ] GC(383) User=0.09s Sys=0.00s Real=0.00s
[294.811s][info][gc          ] GC(384) Concurrent Mark Cycle
[294.812s][info][gc,marking  ] GC(384) Concurrent Scan Root Regions
[294.814s][info][gc,marking  ] GC(384) Concurrent Scan Root Regions 2.756ms
[294.814s][info][gc,marking  ] GC(384) Concurrent Mark
[294.814s][info][gc,marking  ] GC(384) Concurrent Mark From Roots
[294.814s][info][gc,task     ] GC(384) Using 2 workers of 2 for marking
[294.876s][info][gc,marking  ] GC(384) Concurrent Mark From Roots 61.599ms
[294.876s][info][gc,marking  ] GC(384) Concurrent Preclean
[294.877s][info][gc,marking  ] GC(384) Concurrent Preclean 0.390ms
[294.877s][info][gc,start    ] GC(384) Pause Remark
[294.882s][info][gc          ] GC(384) Pause Remark 68M->68M(132M) 5.384ms
[294.882s][info][gc,cpu      ] GC(384) User=0.00s Sys=0.00s Real=0.01s
[294.882s][info][gc,marking  ] GC(384) Concurrent Mark 67.753ms
[294.882s][info][gc,marking  ] GC(384) Concurrent Rebuild Remembered Sets and Scrub Regions
[294.917s][info][gc,marking  ] GC(384) Concurrent Rebuild Remembered Sets and Scrub Regions 34.708ms
[294.917s][info][gc,start    ] GC(384) Pause Cleanup
[294.917s][info][gc          ] GC(384) Pause Cleanup 77M->77M(132M) 0.136ms
[294.917s][info][gc,cpu      ] GC(384) User=0.00s Sys=0.00s Real=0.00s
[294.917s][info][gc,marking  ] GC(384) Concurrent Clear Claimed Marks
[294.917s][info][gc,marking  ] GC(384) Concurrent Clear Claimed Marks 0.079ms
[294.917s][info][gc,marking  ] GC(384) Concurrent Cleanup for Next Mark
[294.918s][info][gc,marking  ] GC(384) Concurrent Cleanup for Next Mark 0.211ms
[294.918s][info][gc          ] GC(384) Concurrent Mark Cycle 106.184ms
[295.009s][info][gc,start    ] GC(385) Pause Young (Prepare Mixed) (G1 Evacuation Pause)
[295.009s][info][gc,task     ] GC(385) Using 8 workers of 8 for evacuation
[295.012s][info][gc,phases   ] GC(385)   Pre Evacuate Collection Set: 0.1ms
[295.012s][info][gc,phases   ] GC(385)   Merge Heap Roots: 0.1ms
[295.012s][info][gc,phases   ] GC(385)   Evacuate Collection Set: 2.4ms
[295.012s][info][gc,phases   ] GC(385)   Post Evacuate Collection Set: 0.4ms
[295.012s][info][gc,phases   ] GC(385)   Other: 0.1ms
[295.012s][info][gc,heap     ] GC(385) Eden regions: 70->0(70)
[295.012s][info][gc,heap     ] GC(385) Survivor regions: 4->4(10)
[295.012s][info][gc,heap     ] GC(385) Old regions: 44->44
[295.012s][info][gc,heap     ] GC(385) Humongous regions: 2->2
[295.012s][info][gc,metaspace] GC(385) Metaspace: 84621K(85888K)->84621K(85888K) NonClass: 73693K(74432K)->73693K(74432K) Class: 10928K(11456K)->10928K(11456K)
[295.012s][info][gc          ] GC(385) Pause Young (Prepare Mixed) (G1 Evacuation Pause) 118M->48M(132M) 3.381ms
[295.012s][info][gc,cpu      ] GC(385) User=0.00s Sys=0.00s Real=0.00s
[295.190s][info][gc,start    ] GC(386) Pause Young (Mixed) (G1 Evacuation Pause)
[295.190s][info][gc,task     ] GC(386) Using 8 workers of 8 for evacuation
[295.196s][info][gc,phases   ] GC(386)   Pre Evacuate Collection Set: 0.2ms
[295.196s][info][gc,phases   ] GC(386)   Merge Heap Roots: 0.1ms
[295.196s][info][gc,phases   ] GC(386)   Evacuate Collection Set: 4.6ms
[295.196s][info][gc,phases   ] GC(386)   Post Evacuate Collection Set: 0.5ms
[295.196s][info][gc,phases   ] GC(386)   Other: 0.1ms
[295.196s][info][gc,heap     ] GC(386) Eden regions: 70->0(69)
[295.196s][info][gc,heap     ] GC(386) Survivor regions: 4->5(10)
[295.196s][info][gc,heap     ] GC(386) Old regions: 44->43
[295.196s][info][gc,heap     ] GC(386) Humongous regions: 2->2
[295.196s][info][gc,metaspace] GC(386) Metaspace: 84621K(85888K)->84621K(85888K) NonClass: 73693K(74432K)->73693K(74432K) Class: 10928K(11456K)->10928K(11456K)
[295.196s][info][gc          ] GC(386) Pause Young (Mixed) (G1 Evacuation Pause) 118M->48M(132M) 5.888ms
[295.196s][info][gc,cpu      ] GC(386) User=0.00s Sys=0.00s Real=0.01s
[295.335s][info][gc,start    ] GC(387) Pause Young (Concurrent Start) (G1 Evacuation Pause)
[295.335s][info][gc,task     ] GC(387) Using 8 workers of 8 for evacuation
[295.339s][info][gc,phases   ] GC(387)   Pre Evacuate Collection Set: 0.2ms
[295.339s][info][gc,phases   ] GC(387)   Merge Heap Roots: 0.1ms
[295.339s][info][gc,phases   ] GC(387)   Evacuate Collection Set: 2.9ms
[295.339s][info][gc,phases   ] GC(387)   Post Evacuate Collection Set: 0.5ms
[295.339s][info][gc,phases   ] GC(387)   Other: 0.2ms
[295.339s][info][gc,heap     ] GC(387) Eden regions: 69->0(70)
[295.339s][info][gc,heap     ] GC(387) Survivor regions: 5->4(10)
[295.339s][info][gc,heap     ] GC(387) Old regions: 43->44
[295.339s][info][gc,heap     ] GC(387) Humongous regions: 2->2
[295.339s][info][gc,metaspace] GC(387) Metaspace: 84622K(85888K)->84622K(85888K) NonClass: 73693K(74432K)->73693K(74432K) Class: 10928K(11456K)->10928K(11456K)
[295.339s][info][gc          ] GC(387) Pause Young (Concurrent Start) (G1 Evacuation Pause) 117M->49M(132M) 4.319ms
[295.339s][info][gc,cpu      ] GC(387) User=0.00s Sys=0.00s Real=0.00s
[295.339s][info][gc          ] GC(388) Concurrent Mark Cycle
[295.339s][info][gc,marking  ] GC(388) Concurrent Scan Root Regions
[295.342s][info][gc,marking  ] GC(388) Concurrent Scan Root Regions 2.547ms
[295.342s][info][gc,marking  ] GC(388) Concurrent Mark
[295.342s][info][gc,marking  ] GC(388) Concurrent Mark From Roots
[295.342s][info][gc,task     ] GC(388) Using 2 workers of 2 for marking
[295.428s][info][gc,marking  ] GC(388) Concurrent Mark From Roots 86.459ms
[295.428s][info][gc,marking  ] GC(388) Concurrent Preclean
[295.429s][info][gc,marking  ] GC(388) Concurrent Preclean 0.429ms
[295.429s][info][gc,start    ] GC(388) Pause Remark
[295.435s][info][gc          ] GC(388) Pause Remark 67M->67M(132M) 6.605ms
[295.435s][info][gc,cpu      ] GC(388) User=0.06s Sys=0.02s Real=0.01s
[295.437s][info][gc,marking  ] GC(388) Concurrent Mark 95.098ms
[295.437s][info][gc,marking  ] GC(388) Concurrent Rebuild Remembered Sets and Scrub Regions
[295.474s][info][gc,marking  ] GC(388) Concurrent Rebuild Remembered Sets and Scrub Regions 36.829ms
[295.474s][info][gc,start    ] GC(388) Pause Cleanup
[295.474s][info][gc          ] GC(388) Pause Cleanup 74M->74M(132M) 0.301ms
[295.474s][info][gc,cpu      ] GC(388) User=0.00s Sys=0.00s Real=0.00s
[295.474s][info][gc,marking  ] GC(388) Concurrent Clear Claimed Marks
[295.474s][info][gc,marking  ] GC(388) Concurrent Clear Claimed Marks 0.110ms
[295.474s][info][gc,marking  ] GC(388) Concurrent Cleanup for Next Mark
[295.475s][info][gc,marking  ] GC(388) Concurrent Cleanup for Next Mark 0.273ms
[295.475s][info][gc          ] GC(388) Concurrent Mark Cycle 135.775ms
[295.616s][info][gc,start    ] GC(389) Pause Young (Prepare Mixed) (G1 Evacuation Pause)
[295.616s][info][gc,task     ] GC(389) Using 8 workers of 8 for evacuation
[295.619s][info][gc,phases   ] GC(389)   Pre Evacuate Collection Set: 0.1ms
[295.619s][info][gc,phases   ] GC(389)   Merge Heap Roots: 0.1ms
[295.619s][info][gc,phases   ] GC(389)   Evacuate Collection Set: 2.3ms
[295.619s][info][gc,phases   ] GC(389)   Post Evacuate Collection Set: 0.5ms
[295.619s][info][gc,phases   ] GC(389)   Other: 0.1ms
[295.619s][info][gc,heap     ] GC(389) Eden regions: 70->0(70)
[295.619s][info][gc,heap     ] GC(389) Survivor regions: 4->4(10)
[295.619s][info][gc,heap     ] GC(389) Old regions: 44->44
[295.620s][info][gc,heap     ] GC(389) Humongous regions: 2->2
[295.620s][info][gc,metaspace] GC(389) Metaspace: 84624K(85888K)->84624K(85888K) NonClass: 73696K(74432K)->73696K(74432K) Class: 10928K(11456K)->10928K(11456K)
[295.620s][info][gc          ] GC(389) Pause Young (Prepare Mixed) (G1 Evacuation Pause) 119M->49M(132M) 3.527ms
[295.620s][info][gc,cpu      ] GC(389) User=0.00s Sys=0.00s Real=0.00s
[295.791s][info][gc,start    ] GC(390) Pause Young (Mixed) (G1 Evacuation Pause)
[295.791s][info][gc,task     ] GC(390) Using 8 workers of 8 for evacuation
[295.796s][info][gc,phases   ] GC(390)   Pre Evacuate Collection Set: 0.2ms
[295.796s][info][gc,phases   ] GC(390)   Merge Heap Roots: 0.1ms
[295.796s][info][gc,phases   ] GC(390)   Evacuate Collection Set: 3.6ms
[295.796s][info][gc,phases   ] GC(390)   Post Evacuate Collection Set: 0.4ms
[295.796s][info][gc,phases   ] GC(390)   Other: 0.1ms
[295.796s][info][gc,heap     ] GC(390) Eden regions: 70->0(70)
[295.796s][info][gc,heap     ] GC(390) Survivor regions: 4->4(10)
[295.796s][info][gc,heap     ] GC(390) Old regions: 44->44
[295.796s][info][gc,heap     ] GC(390) Humongous regions: 2->2
[295.796s][info][gc,metaspace] GC(390) Metaspace: 84624K(85888K)->84624K(85888K) NonClass: 73696K(74432K)->73696K(74432K) Class: 10928K(11456K)->10928K(11456K)
[295.796s][info][gc          ] GC(390) Pause Young (Mixed) (G1 Evacuation Pause) 119M->49M(132M) 4.827ms
[295.796s][info][gc,cpu      ] GC(390) User=0.11s Sys=0.00s Real=0.00s
[295.990s][info][gc,start    ] GC(391) Pause Young (Concurrent Start) (G1 Evacuation Pause)
[295.990s][info][gc,task     ] GC(391) Using 8 workers of 8 for evacuation
[295.994s][info][gc,phases   ] GC(391)   Pre Evacuate Collection Set: 0.2ms
[295.994s][info][gc,phases   ] GC(391)   Merge Heap Roots: 0.1ms
[295.994s][info][gc,phases   ] GC(391)   Evacuate Collection Set: 2.2ms
[295.994s][info][gc,phases   ] GC(391)   Post Evacuate Collection Set: 0.5ms
[295.994s][info][gc,phases   ] GC(391)   Other: 0.2ms
[295.994s][info][gc,heap     ] GC(391) Eden regions: 70->0(69)
[295.994s][info][gc,heap     ] GC(391) Survivor regions: 4->4(10)
[295.994s][info][gc,heap     ] GC(391) Old regions: 44->45
[295.994s][info][gc,heap     ] GC(391) Humongous regions: 2->2
[295.994s][info][gc,metaspace] GC(391) Metaspace: 84624K(85888K)->84624K(85888K) NonClass: 73696K(74432K)->73696K(74432K) Class: 10928K(11456K)->10928K(11456K)
[295.994s][info][gc          ] GC(391) Pause Young (Concurrent Start) (G1 Evacuation Pause) 119M->49M(132M) 3.608ms
[295.994s][info][gc,cpu      ] GC(391) User=0.00s Sys=0.00s Real=0.00s
[295.994s][info][gc          ] GC(392) Concurrent Mark Cycle
[295.994s][info][gc,marking  ] GC(392) Concurrent Scan Root Regions
[295.996s][info][gc,marking  ] GC(392) Concurrent Scan Root Regions 1.499ms
[295.996s][info][gc,marking  ] GC(392) Concurrent Mark
[295.996s][info][gc,marking  ] GC(392) Concurrent Mark From Roots
[295.996s][info][gc,task     ] GC(392) Using 2 workers of 2 for marking
[296.045s][info][gc,marking  ] GC(392) Concurrent Mark From Roots 49.183ms
[296.045s][info][gc,marking  ] GC(392) Concurrent Preclean
[296.045s][info][gc,marking  ] GC(392) Concurrent Preclean 0.216ms
[296.045s][info][gc,start    ] GC(392) Pause Remark
[296.050s][info][gc          ] GC(392) Pause Remark 71M->71M(132M) 4.289ms
[296.050s][info][gc,cpu      ] GC(392) User=0.00s Sys=0.00s Real=0.01s
[296.050s][info][gc,marking  ] GC(392) Concurrent Mark 53.993ms
[296.050s][info][gc,marking  ] GC(392) Concurrent Rebuild Remembered Sets and Scrub Regions
[296.075s][info][gc,marking  ] GC(392) Concurrent Rebuild Remembered Sets and Scrub Regions 25.024ms
[296.075s][info][gc,start    ] GC(392) Pause Cleanup
[296.075s][info][gc          ] GC(392) Pause Cleanup 80M->80M(132M) 0.170ms
[296.075s][info][gc,cpu      ] GC(392) User=0.00s Sys=0.00s Real=0.00s
[296.075s][info][gc,marking  ] GC(392) Concurrent Clear Claimed Marks
[296.075s][info][gc,marking  ] GC(392) Concurrent Clear Claimed Marks 0.093ms
[296.075s][info][gc,marking  ] GC(392) Concurrent Cleanup for Next Mark
[296.076s][info][gc,marking  ] GC(392) Concurrent Cleanup for Next Mark 0.252ms
[296.076s][info][gc          ] GC(392) Concurrent Mark Cycle 81.548ms
[296.178s][info][gc,start    ] GC(393) Pause Young (Prepare Mixed) (G1 Evacuation Pause)
[296.178s][info][gc,task     ] GC(393) Using 8 workers of 8 for evacuation
[296.182s][info][gc,phases   ] GC(393)   Pre Evacuate Collection Set: 0.1ms
[296.182s][info][gc,phases   ] GC(393)   Merge Heap Roots: 0.1ms
[296.182s][info][gc,phases   ] GC(393)   Evacuate Collection Set: 3.4ms
[296.182s][info][gc,phases   ] GC(393)   Post Evacuate Collection Set: 0.6ms
[296.183s][info][gc,phases   ] GC(393)   Other: 0.1ms
[296.183s][info][gc,heap     ] GC(393) Eden regions: 69->0(69)
[296.183s][info][gc,heap     ] GC(393) Survivor regions: 4->4(10)
[296.183s][info][gc,heap     ] GC(393) Old regions: 45->45
[296.183s][info][gc,heap     ] GC(393) Humongous regions: 2->2
[296.183s][info][gc,metaspace] GC(393) Metaspace: 84624K(85888K)->84624K(85888K) NonClass: 73696K(74432K)->73696K(74432K) Class: 10928K(11456K)->10928K(11456K)
[296.183s][info][gc          ] GC(393) Pause Young (Prepare Mixed) (G1 Evacuation Pause) 118M->49M(132M) 4.638ms
[296.183s][info][gc,cpu      ] GC(393) User=0.00s Sys=0.00s Real=0.01s
[296.393s][info][gc,start    ] GC(394) Pause Young (Mixed) (G1 Evacuation Pause)
[296.393s][info][gc,task     ] GC(394) Using 8 workers of 8 for evacuation
[296.398s][info][gc,phases   ] GC(394)   Pre Evacuate Collection Set: 0.1ms
[296.398s][info][gc,phases   ] GC(394)   Merge Heap Roots: 0.1ms
[296.398s][info][gc,phases   ] GC(394)   Evacuate Collection Set: 3.5ms
[296.398s][info][gc,phases   ] GC(394)   Post Evacuate Collection Set: 0.4ms
[296.398s][info][gc,phases   ] GC(394)   Other: 0.1ms
[296.398s][info][gc,heap     ] GC(394) Eden regions: 69->0(69)
[296.398s][info][gc,heap     ] GC(394) Survivor regions: 4->4(10)
[296.398s][info][gc,heap     ] GC(394) Old regions: 45->45
[296.398s][info][gc,heap     ] GC(394) Humongous regions: 2->2
[296.398s][info][gc,metaspace] GC(394) Metaspace: 84624K(85888K)->84624K(85888K) NonClass: 73696K(74432K)->73696K(74432K) Class: 10928K(11456K)->10928K(11456K)
[296.398s][info][gc          ] GC(394) Pause Young (Mixed) (G1 Evacuation Pause) 118M->49M(132M) 4.846ms
[296.398s][info][gc,cpu      ] GC(394) User=0.00s Sys=0.00s Real=0.00s
[296.577s][info][gc,start    ] GC(395) Pause Young (Concurrent Start) (G1 Evacuation Pause)
[296.577s][info][gc,task     ] GC(395) Using 8 workers of 8 for evacuation
[296.581s][info][gc,phases   ] GC(395)   Pre Evacuate Collection Set: 0.2ms
[296.581s][info][gc,phases   ] GC(395)   Merge Heap Roots: 0.1ms
[296.581s][info][gc,phases   ] GC(395)   Evacuate Collection Set: 2.8ms
[296.581s][info][gc,phases   ] GC(395)   Post Evacuate Collection Set: 0.7ms
[296.581s][info][gc,phases   ] GC(395)   Other: 0.1ms
[296.581s][info][gc,heap     ] GC(395) Eden regions: 69->0(69)
[296.581s][info][gc,heap     ] GC(395) Survivor regions: 4->4(10)
[296.581s][info][gc,heap     ] GC(395) Old regions: 45->45
[296.581s][info][gc,heap     ] GC(395) Humongous regions: 2->2
[296.581s][info][gc,metaspace] GC(395) Metaspace: 84624K(85888K)->84624K(85888K) NonClass: 73696K(74432K)->73696K(74432K) Class: 10928K(11456K)->10928K(11456K)
[296.581s][info][gc          ] GC(395) Pause Young (Concurrent Start) (G1 Evacuation Pause) 118M->50M(132M) 4.420ms
[296.581s][info][gc,cpu      ] GC(395) User=0.00s Sys=0.00s Real=0.00s
[296.581s][info][gc          ] GC(396) Concurrent Mark Cycle
[296.582s][info][gc,marking  ] GC(396) Concurrent Scan Root Regions
[296.584s][info][gc,marking  ] GC(396) Concurrent Scan Root Regions 2.806ms
[296.584s][info][gc,marking  ] GC(396) Concurrent Mark
[296.584s][info][gc,marking  ] GC(396) Concurrent Mark From Roots
[296.585s][info][gc,task     ] GC(396) Using 2 workers of 2 for marking
[296.651s][info][gc,marking  ] GC(396) Concurrent Mark From Roots 66.129ms
[296.651s][info][gc,marking  ] GC(396) Concurrent Preclean
[296.651s][info][gc,marking  ] GC(396) Concurrent Preclean 0.264ms
[296.651s][info][gc,start    ] GC(396) Pause Remark
[296.656s][info][gc          ] GC(396) Pause Remark 72M->72M(132M) 5.377ms
[296.657s][info][gc,cpu      ] GC(396) User=0.08s Sys=0.00s Real=0.01s
[296.657s][info][gc,marking  ] GC(396) Concurrent Mark 72.122ms
[296.657s][info][gc,marking  ] GC(396) Concurrent Rebuild Remembered Sets and Scrub Regions
[296.692s][info][gc,marking  ] GC(396) Concurrent Rebuild Remembered Sets and Scrub Regions 35.171ms
[296.692s][info][gc,start    ] GC(396) Pause Cleanup
[296.692s][info][gc          ] GC(396) Pause Cleanup 80M->80M(132M) 0.175ms
[296.692s][info][gc,cpu      ] GC(396) User=0.00s Sys=0.00s Real=0.00s
[296.692s][info][gc,marking  ] GC(396) Concurrent Clear Claimed Marks
[296.692s][info][gc,marking  ] GC(396) Concurrent Clear Claimed Marks 0.105ms
[296.692s][info][gc,marking  ] GC(396) Concurrent Cleanup for Next Mark
[296.693s][info][gc,marking  ] GC(396) Concurrent Cleanup for Next Mark 0.296ms
[296.693s][info][gc          ] GC(396) Concurrent Mark Cycle 111.358ms
[296.783s][info][gc,start    ] GC(397) Pause Young (Prepare Mixed) (G1 Evacuation Pause)
[296.784s][info][gc,task     ] GC(397) Using 8 workers of 8 for evacuation
[296.788s][info][gc,phases   ] GC(397)   Pre Evacuate Collection Set: 0.1ms
[296.788s][info][gc,phases   ] GC(397)   Merge Heap Roots: 0.1ms
[296.788s][info][gc,phases   ] GC(397)   Evacuate Collection Set: 3.2ms
[296.788s][info][gc,phases   ] GC(397)   Post Evacuate Collection Set: 0.5ms
[296.788s][info][gc,phases   ] GC(397)   Other: 0.1ms
[296.788s][info][gc,heap     ] GC(397) Eden regions: 69->0(68)
[296.788s][info][gc,heap     ] GC(397) Survivor regions: 4->4(10)
[296.788s][info][gc,heap     ] GC(397) Old regions: 45->46
[296.788s][info][gc,heap     ] GC(397) Humongous regions: 2->2
[296.788s][info][gc,metaspace] GC(397) Metaspace: 84624K(85888K)->84624K(85888K) NonClass: 73696K(74432K)->73696K(74432K) Class: 10928K(11456K)->10928K(11456K)
[296.788s][info][gc          ] GC(397) Pause Young (Prepare Mixed) (G1 Evacuation Pause) 119M->50M(132M) 4.885ms
[296.788s][info][gc,cpu      ] GC(397) User=0.00s Sys=0.00s Real=0.01s
[296.952s][info][gc,start    ] GC(398) Pause Young (Mixed) (G1 Evacuation Pause)
[296.952s][info][gc,task     ] GC(398) Using 8 workers of 8 for evacuation
[296.957s][info][gc,phases   ] GC(398)   Pre Evacuate Collection Set: 0.1ms
[296.957s][info][gc,phases   ] GC(398)   Merge Heap Roots: 0.2ms
[296.957s][info][gc,phases   ] GC(398)   Evacuate Collection Set: 3.8ms
[296.957s][info][gc,phases   ] GC(398)   Post Evacuate Collection Set: 0.5ms
[296.957s][info][gc,phases   ] GC(398)   Other: 0.1ms
[296.957s][info][gc,heap     ] GC(398) Eden regions: 68->0(68)
[296.957s][info][gc,heap     ] GC(398) Survivor regions: 4->4(9)
[296.957s][info][gc,heap     ] GC(398) Old regions: 46->46
[296.957s][info][gc,heap     ] GC(398) Humongous regions: 2->2
[296.957s][info][gc,metaspace] GC(398) Metaspace: 84624K(85888K)->84624K(85888K) NonClass: 73696K(74432K)->73696K(74432K) Class: 10928K(11456K)->10928K(11456K)
[296.957s][info][gc          ] GC(398) Pause Young (Mixed) (G1 Evacuation Pause) 118M->50M(132M) 5.090ms
[296.957s][info][gc,cpu      ] GC(398) User=0.00s Sys=0.00s Real=0.00s
[297.129s][info][gc,start    ] GC(399) Pause Young (Concurrent Start) (G1 Evacuation Pause)
[297.129s][info][gc,task     ] GC(399) Using 8 workers of 8 for evacuation
[297.133s][info][gc,phases   ] GC(399)   Pre Evacuate Collection Set: 0.2ms
[297.133s][info][gc,phases   ] GC(399)   Merge Heap Roots: 0.1ms
[297.133s][info][gc,phases   ] GC(399)   Evacuate Collection Set: 2.4ms
[297.133s][info][gc,phases   ] GC(399)   Post Evacuate Collection Set: 0.5ms
[297.133s][info][gc,phases   ] GC(399)   Other: 0.2ms
[297.133s][info][gc,heap     ] GC(399) Eden regions: 68->0(68)
[297.133s][info][gc,heap     ] GC(399) Survivor regions: 4->4(9)
[297.133s][info][gc,heap     ] GC(399) Old regions: 46->46
[297.133s][info][gc,heap     ] GC(399) Humongous regions: 2->2
[297.133s][info][gc,metaspace] GC(399) Metaspace: 84624K(85888K)->84624K(85888K) NonClass: 73696K(74432K)->73696K(74432K) Class: 10928K(11456K)->10928K(11456K)
[297.133s][info][gc          ] GC(399) Pause Young (Concurrent Start) (G1 Evacuation Pause) 118M->50M(132M) 3.703ms
[297.133s][info][gc,cpu      ] GC(399) User=0.00s Sys=0.00s Real=0.00s
[297.133s][info][gc          ] GC(400) Concurrent Mark Cycle
[297.133s][info][gc,marking  ] GC(400) Concurrent Scan Root Regions
[297.135s][info][gc,marking  ] GC(400) Concurrent Scan Root Regions 1.796ms
[297.135s][info][gc,marking  ] GC(400) Concurrent Mark
[297.135s][info][gc,marking  ] GC(400) Concurrent Mark From Roots
[297.135s][info][gc,task     ] GC(400) Using 2 workers of 2 for marking
[297.208s][info][gc,marking  ] GC(400) Concurrent Mark From Roots 73.151ms
[297.208s][info][gc,marking  ] GC(400) Concurrent Preclean
[297.209s][info][gc,marking  ] GC(400) Concurrent Preclean 0.266ms
[297.209s][info][gc,start    ] GC(400) Pause Remark
[297.213s][info][gc          ] GC(400) Pause Remark 73M->73M(132M) 4.569ms
[297.213s][info][gc,cpu      ] GC(400) User=0.00s Sys=0.00s Real=0.00s
[297.213s][info][gc,marking  ] GC(400) Concurrent Mark 78.293ms
[297.213s][info][gc,marking  ] GC(400) Concurrent Rebuild Remembered Sets and Scrub Regions
[297.238s][info][gc,marking  ] GC(400) Concurrent Rebuild Remembered Sets and Scrub Regions 24.997ms
[297.239s][info][gc,start    ] GC(400) Pause Cleanup
[297.239s][info][gc          ] GC(400) Pause Cleanup 82M->82M(132M) 0.147ms
[297.239s][info][gc,cpu      ] GC(400) User=0.00s Sys=0.00s Real=0.00s
[297.239s][info][gc,marking  ] GC(400) Concurrent Clear Claimed Marks
[297.239s][info][gc,marking  ] GC(400) Concurrent Clear Claimed Marks 0.096ms
[297.239s][info][gc,marking  ] GC(400) Concurrent Cleanup for Next Mark
[297.239s][info][gc,marking  ] GC(400) Concurrent Cleanup for Next Mark 0.263ms
[297.239s][info][gc          ] GC(400) Concurrent Mark Cycle 106.125ms
[297.325s][info][gc,start    ] GC(401) Pause Young (Prepare Mixed) (G1 Evacuation Pause)
[297.325s][info][gc,task     ] GC(401) Using 8 workers of 8 for evacuation
[297.328s][info][gc,phases   ] GC(401)   Pre Evacuate Collection Set: 0.1ms
[297.328s][info][gc,phases   ] GC(401)   Merge Heap Roots: 0.1ms
[297.328s][info][gc,phases   ] GC(401)   Evacuate Collection Set: 2.1ms
[297.328s][info][gc,phases   ] GC(401)   Post Evacuate Collection Set: 0.5ms
[297.328s][info][gc,phases   ] GC(401)   Other: 0.1ms
[297.328s][info][gc,heap     ] GC(401) Eden regions: 68->0(68)
[297.328s][info][gc,heap     ] GC(401) Survivor regions: 4->4(9)
[297.328s][info][gc,heap     ] GC(401) Old regions: 46->46
[297.328s][info][gc,heap     ] GC(401) Humongous regions: 2->2
[297.328s][info][gc,metaspace] GC(401) Metaspace: 84624K(85888K)->84624K(85888K) NonClass: 73696K(74432K)->73696K(74432K) Class: 10928K(11456K)->10928K(11456K)
[297.328s][info][gc          ] GC(401) Pause Young (Prepare Mixed) (G1 Evacuation Pause) 118M->50M(132M) 3.320ms
[297.329s][info][gc,cpu      ] GC(401) User=0.00s Sys=0.02s Real=0.00s
[297.466s][info][gc,start    ] GC(402) Pause Young (Mixed) (G1 Evacuation Pause)
[297.466s][info][gc,task     ] GC(402) Using 8 workers of 8 for evacuation
[297.469s][info][gc,phases   ] GC(402)   Pre Evacuate Collection Set: 0.2ms
[297.469s][info][gc,phases   ] GC(402)   Merge Heap Roots: 0.1ms
[297.469s][info][gc,phases   ] GC(402)   Evacuate Collection Set: 2.7ms
[297.469s][info][gc,phases   ] GC(402)   Post Evacuate Collection Set: 0.4ms
[297.469s][info][gc,phases   ] GC(402)   Other: 0.1ms
[297.469s][info][gc,heap     ] GC(402) Eden regions: 68->0(68)
[297.469s][info][gc,heap     ] GC(402) Survivor regions: 4->4(9)
[297.469s][info][gc,heap     ] GC(402) Old regions: 46->46
[297.469s][info][gc,heap     ] GC(402) Humongous regions: 2->2
[297.469s][info][gc,metaspace] GC(402) Metaspace: 84624K(85888K)->84624K(85888K) NonClass: 73696K(74432K)->73696K(74432K) Class: 10928K(11456K)->10928K(11456K)
[297.470s][info][gc          ] GC(402) Pause Young (Mixed) (G1 Evacuation Pause) 118M->51M(132M) 4.001ms
[297.470s][info][gc,cpu      ] GC(402) User=0.00s Sys=0.00s Real=0.00s
[297.634s][info][gc,start    ] GC(403) Pause Young (Concurrent Start) (G1 Evacuation Pause)
[297.634s][info][gc,task     ] GC(403) Using 8 workers of 8 for evacuation
[297.637s][info][gc,phases   ] GC(403)   Pre Evacuate Collection Set: 0.2ms
[297.637s][info][gc,phases   ] GC(403)   Merge Heap Roots: 0.1ms
[297.637s][info][gc,phases   ] GC(403)   Evacuate Collection Set: 1.9ms
[297.637s][info][gc,phases   ] GC(403)   Post Evacuate Collection Set: 0.6ms
[297.637s][info][gc,phases   ] GC(403)   Other: 0.2ms
[297.638s][info][gc,heap     ] GC(403) Eden regions: 68->0(68)
[297.638s][info][gc,heap     ] GC(403) Survivor regions: 4->4(9)
[297.638s][info][gc,heap     ] GC(403) Old regions: 46->46
[297.638s][info][gc,heap     ] GC(403) Humongous regions: 2->2
[297.638s][info][gc,metaspace] GC(403) Metaspace: 84624K(85888K)->84624K(85888K) NonClass: 73696K(74432K)->73696K(74432K) Class: 10928K(11456K)->10928K(11456K)
[297.638s][info][gc          ] GC(403) Pause Young (Concurrent Start) (G1 Evacuation Pause) 119M->51M(132M) 3.390ms
[297.638s][info][gc,cpu      ] GC(403) User=0.02s Sys=0.00s Real=0.00s
[297.638s][info][gc          ] GC(404) Concurrent Mark Cycle
[297.638s][info][gc,marking  ] GC(404) Concurrent Scan Root Regions
[297.640s][info][gc,marking  ] GC(404) Concurrent Scan Root Regions 1.836ms
[297.640s][info][gc,marking  ] GC(404) Concurrent Mark
[297.640s][info][gc,marking  ] GC(404) Concurrent Mark From Roots
[297.640s][info][gc,task     ] GC(404) Using 2 workers of 2 for marking
[297.713s][info][gc,marking  ] GC(404) Concurrent Mark From Roots 73.664ms
[297.713s][info][gc,marking  ] GC(404) Concurrent Preclean
[297.714s][info][gc,marking  ] GC(404) Concurrent Preclean 0.265ms
[297.714s][info][gc,start    ] GC(404) Pause Remark
[297.720s][info][gc          ] GC(404) Pause Remark 75M->75M(132M) 5.713ms
[297.720s][info][gc,cpu      ] GC(404) User=0.12s Sys=0.00s Real=0.01s
[297.720s][info][gc,marking  ] GC(404) Concurrent Mark 79.961ms
[297.720s][info][gc,marking  ] GC(404) Concurrent Rebuild Remembered Sets and Scrub Regions
[297.746s][info][gc,marking  ] GC(404) Concurrent Rebuild Remembered Sets and Scrub Regions 26.037ms
[297.746s][info][gc,start    ] GC(404) Pause Cleanup
[297.746s][info][gc          ] GC(404) Pause Cleanup 84M->84M(132M) 0.132ms
[297.746s][info][gc,cpu      ] GC(404) User=0.00s Sys=0.00s Real=0.00s
[297.746s][info][gc,marking  ] GC(404) Concurrent Clear Claimed Marks
[297.746s][info][gc,marking  ] GC(404) Concurrent Clear Claimed Marks 0.089ms
[297.746s][info][gc,marking  ] GC(404) Concurrent Cleanup for Next Mark
[297.747s][info][gc,marking  ] GC(404) Concurrent Cleanup for Next Mark 0.225ms
[297.747s][info][gc          ] GC(404) Concurrent Mark Cycle 108.862ms
[307.822s][info][gc,start    ] GC(405) Pause Young (Prepare Mixed) (G1 Evacuation Pause)
[307.822s][info][gc,task     ] GC(405) Using 8 workers of 8 for evacuation
[307.824s][info][gc,phases   ] GC(405)   Pre Evacuate Collection Set: 0.2ms
[307.824s][info][gc,phases   ] GC(405)   Merge Heap Roots: 0.1ms
[307.824s][info][gc,phases   ] GC(405)   Evacuate Collection Set: 0.9ms
[307.824s][info][gc,phases   ] GC(405)   Post Evacuate Collection Set: 0.3ms
[307.824s][info][gc,phases   ] GC(405)   Other: 0.1ms
[307.824s][info][gc,heap     ] GC(405) Eden regions: 68->0(72)
[307.824s][info][gc,heap     ] GC(405) Survivor regions: 4->2(9)
[307.824s][info][gc,heap     ] GC(405) Old regions: 46->46
[307.824s][info][gc,heap     ] GC(405) Humongous regions: 2->2
[307.824s][info][gc,metaspace] GC(405) Metaspace: 84630K(85888K)->84630K(85888K) NonClass: 73702K(74432K)->73702K(74432K) Class: 10928K(11456K)->10928K(11456K)
[307.824s][info][gc          ] GC(405) Pause Young (Prepare Mixed) (G1 Evacuation Pause) 119M->49M(132M) 2.115ms
[307.824s][info][gc,cpu      ] GC(405) User=0.00s Sys=0.00s Real=0.00s
[307.942s][info][gc,start    ] GC(406) Pause Young (Mixed) (G1 Evacuation Pause)
[307.942s][info][gc,task     ] GC(406) Using 8 workers of 8 for evacuation
[307.945s][info][gc,phases   ] GC(406)   Pre Evacuate Collection Set: 0.2ms
[307.945s][info][gc,phases   ] GC(406)   Merge Heap Roots: 0.1ms
[307.945s][info][gc,phases   ] GC(406)   Evacuate Collection Set: 1.5ms
[307.945s][info][gc,phases   ] GC(406)   Post Evacuate Collection Set: 0.6ms
[307.945s][info][gc,phases   ] GC(406)   Other: 0.1ms
[307.945s][info][gc,heap     ] GC(406) Eden regions: 72->0(72)
[307.945s][info][gc,heap     ] GC(406) Survivor regions: 2->2(10)
[307.945s][info][gc,heap     ] GC(406) Old regions: 46->46
[307.945s][info][gc,heap     ] GC(406) Humongous regions: 2->2
[307.945s][info][gc,metaspace] GC(406) Metaspace: 84630K(85888K)->84630K(85888K) NonClass: 73702K(74432K)->73702K(74432K) Class: 10928K(11456K)->10928K(11456K)
[307.945s][info][gc          ] GC(406) Pause Young (Mixed) (G1 Evacuation Pause) 121M->49M(132M) 2.805ms
[307.945s][info][gc,cpu      ] GC(406) User=0.00s Sys=0.00s Real=0.00s
[308.073s][info][gc,start    ] GC(407) Pause Young (Concurrent Start) (G1 Evacuation Pause)
[308.073s][info][gc,task     ] GC(407) Using 8 workers of 8 for evacuation
[308.075s][info][gc,phases   ] GC(407)   Pre Evacuate Collection Set: 0.1ms
[308.075s][info][gc,phases   ] GC(407)   Merge Heap Roots: 0.1ms
[308.076s][info][gc,phases   ] GC(407)   Evacuate Collection Set: 1.6ms
[308.076s][info][gc,phases   ] GC(407)   Post Evacuate Collection Set: 0.4ms
[308.076s][info][gc,phases   ] GC(407)   Other: 0.1ms
[308.076s][info][gc,heap     ] GC(407) Eden regions: 72->0(72)
[308.076s][info][gc,heap     ] GC(407) Survivor regions: 2->2(10)
[308.076s][info][gc,heap     ] GC(407) Old regions: 46->46
[308.076s][info][gc,heap     ] GC(407) Humongous regions: 2->2
[308.076s][info][gc,metaspace] GC(407) Metaspace: 84630K(85888K)->84630K(85888K) NonClass: 73702K(74432K)->73702K(74432K) Class: 10928K(11456K)->10928K(11456K)
[308.076s][info][gc          ] GC(407) Pause Young (Concurrent Start) (G1 Evacuation Pause) 121M->49M(132M) 2.860ms
[308.076s][info][gc,cpu      ] GC(407) User=0.02s Sys=0.00s Real=0.00s
[308.076s][info][gc          ] GC(408) Concurrent Mark Cycle
[308.076s][info][gc,marking  ] GC(408) Concurrent Scan Root Regions
[308.077s][info][gc,marking  ] GC(408) Concurrent Scan Root Regions 1.315ms
[308.077s][info][gc,marking  ] GC(408) Concurrent Mark
[308.077s][info][gc,marking  ] GC(408) Concurrent Mark From Roots
[308.077s][info][gc,task     ] GC(408) Using 2 workers of 2 for marking
[308.134s][info][gc,marking  ] GC(408) Concurrent Mark From Roots 57.003ms
[308.135s][info][gc,marking  ] GC(408) Concurrent Preclean
[308.135s][info][gc,marking  ] GC(408) Concurrent Preclean 0.264ms
[308.135s][info][gc,start    ] GC(408) Pause Remark
[308.142s][info][gc          ] GC(408) Pause Remark 70M->70M(132M) 7.317ms
[308.142s][info][gc,cpu      ] GC(408) User=0.00s Sys=0.00s Real=0.01s
[308.142s][info][gc,marking  ] GC(408) Concurrent Mark 64.952ms
[308.142s][info][gc,marking  ] GC(408) Concurrent Rebuild Remembered Sets and Scrub Regions
[308.167s][info][gc,marking  ] GC(408) Concurrent Rebuild Remembered Sets and Scrub Regions 24.719ms
[308.167s][info][gc,start    ] GC(408) Pause Cleanup
[308.168s][info][gc          ] GC(408) Pause Cleanup 80M->80M(132M) 0.238ms
[308.168s][info][gc,cpu      ] GC(408) User=0.00s Sys=0.00s Real=0.00s
[308.168s][info][gc,marking  ] GC(408) Concurrent Clear Claimed Marks
[308.168s][info][gc,marking  ] GC(408) Concurrent Clear Claimed Marks 0.081ms
[308.168s][info][gc,marking  ] GC(408) Concurrent Cleanup for Next Mark
[308.168s][info][gc,marking  ] GC(408) Concurrent Cleanup for Next Mark 0.267ms
[308.168s][info][gc          ] GC(408) Concurrent Mark Cycle 92.179ms
[308.272s][info][gc,start    ] GC(409) Pause Young (Prepare Mixed) (G1 Evacuation Pause)
[308.272s][info][gc,task     ] GC(409) Using 8 workers of 8 for evacuation
[308.274s][info][gc,phases   ] GC(409)   Pre Evacuate Collection Set: 0.1ms
[308.274s][info][gc,phases   ] GC(409)   Merge Heap Roots: 0.1ms
[308.274s][info][gc,phases   ] GC(409)   Evacuate Collection Set: 1.3ms
[308.274s][info][gc,phases   ] GC(409)   Post Evacuate Collection Set: 0.4ms
[308.274s][info][gc,phases   ] GC(409)   Other: 0.1ms
[308.274s][info][gc,heap     ] GC(409) Eden regions: 72->0(72)
[308.274s][info][gc,heap     ] GC(409) Survivor regions: 2->2(10)
[308.274s][info][gc,heap     ] GC(409) Old regions: 46->46
[308.274s][info][gc,heap     ] GC(409) Humongous regions: 2->2
[308.274s][info][gc,metaspace] GC(409) Metaspace: 84630K(85888K)->84630K(85888K) NonClass: 73702K(74432K)->73702K(74432K) Class: 10928K(11456K)->10928K(11456K)
[308.274s][info][gc          ] GC(409) Pause Young (Prepare Mixed) (G1 Evacuation Pause) 121M->49M(132M) 2.453ms
[308.274s][info][gc,cpu      ] GC(409) User=0.00s Sys=0.00s Real=0.00s
[308.444s][info][gc,start    ] GC(410) Pause Young (Mixed) (G1 Evacuation Pause)
[308.444s][info][gc,task     ] GC(410) Using 8 workers of 8 for evacuation
[308.446s][info][gc,phases   ] GC(410)   Pre Evacuate Collection Set: 0.1ms
[308.446s][info][gc,phases   ] GC(410)   Merge Heap Roots: 0.1ms
[308.446s][info][gc,phases   ] GC(410)   Evacuate Collection Set: 1.2ms
[308.446s][info][gc,phases   ] GC(410)   Post Evacuate Collection Set: 0.4ms
[308.446s][info][gc,phases   ] GC(410)   Other: 0.1ms
[308.446s][info][gc,heap     ] GC(410) Eden regions: 72->0(73)
[308.446s][info][gc,heap     ] GC(410) Survivor regions: 2->2(10)
[308.446s][info][gc,heap     ] GC(410) Old regions: 46->45
[308.446s][info][gc,heap     ] GC(410) Humongous regions: 2->2
[308.446s][info][gc,metaspace] GC(410) Metaspace: 84630K(85888K)->84630K(85888K) NonClass: 73702K(74432K)->73702K(74432K) Class: 10928K(11456K)->10928K(11456K)
[308.446s][info][gc          ] GC(410) Pause Young (Mixed) (G1 Evacuation Pause) 121M->47M(132M) 2.158ms
[308.447s][info][gc,cpu      ] GC(410) User=0.00s Sys=0.00s Real=0.00s
[308.631s][info][gc,start    ] GC(411) Pause Young (Concurrent Start) (G1 Evacuation Pause)
[308.631s][info][gc,task     ] GC(411) Using 8 workers of 8 for evacuation
[308.634s][info][gc,phases   ] GC(411)   Pre Evacuate Collection Set: 0.1ms
[308.634s][info][gc,phases   ] GC(411)   Merge Heap Roots: 0.1ms
[308.634s][info][gc,phases   ] GC(411)   Evacuate Collection Set: 1.9ms
[308.634s][info][gc,phases   ] GC(411)   Post Evacuate Collection Set: 0.4ms
[308.634s][info][gc,phases   ] GC(411)   Other: 0.1ms
[308.634s][info][gc,heap     ] GC(411) Eden regions: 73->0(73)
[308.634s][info][gc,heap     ] GC(411) Survivor regions: 2->2(10)
[308.634s][info][gc,heap     ] GC(411) Old regions: 45->45
[308.634s][info][gc,heap     ] GC(411) Humongous regions: 2->2
[308.634s][info][gc,metaspace] GC(411) Metaspace: 84630K(85888K)->84630K(85888K) NonClass: 73702K(74432K)->73702K(74432K) Class: 10928K(11456K)->10928K(11456K)
[308.634s][info][gc          ] GC(411) Pause Young (Concurrent Start) (G1 Evacuation Pause) 120M->48M(132M) 3.009ms
[308.634s][info][gc,cpu      ] GC(411) User=0.00s Sys=0.00s Real=0.00s
[308.634s][info][gc          ] GC(412) Concurrent Mark Cycle
[308.634s][info][gc,marking  ] GC(412) Concurrent Scan Root Regions
[308.635s][info][gc,marking  ] GC(412) Concurrent Scan Root Regions 1.351ms
[308.635s][info][gc,marking  ] GC(412) Concurrent Mark
[308.635s][info][gc,marking  ] GC(412) Concurrent Mark From Roots
[308.635s][info][gc,task     ] GC(412) Using 2 workers of 2 for marking
[308.696s][info][gc,marking  ] GC(412) Concurrent Mark From Roots 60.356ms
[308.696s][info][gc,marking  ] GC(412) Concurrent Preclean
[308.696s][info][gc,marking  ] GC(412) Concurrent Preclean 0.364ms
[308.696s][info][gc,start    ] GC(412) Pause Remark
[308.701s][info][gc          ] GC(412) Pause Remark 65M->65M(132M) 4.740ms
[308.701s][info][gc,cpu      ] GC(412) User=0.08s Sys=0.00s Real=0.00s
[308.701s][info][gc,marking  ] GC(412) Concurrent Mark 65.795ms
[308.701s][info][gc,marking  ] GC(412) Concurrent Rebuild Remembered Sets and Scrub Regions
[308.728s][info][gc,marking  ] GC(412) Concurrent Rebuild Remembered Sets and Scrub Regions 27.032ms
[308.728s][info][gc,start    ] GC(412) Pause Cleanup
[308.728s][info][gc          ] GC(412) Pause Cleanup 72M->72M(132M) 0.135ms
[308.729s][info][gc,cpu      ] GC(412) User=0.00s Sys=0.00s Real=0.00s
[308.729s][info][gc,marking  ] GC(412) Concurrent Clear Claimed Marks
[308.729s][info][gc,marking  ] GC(412) Concurrent Clear Claimed Marks 0.077ms
[308.729s][info][gc,marking  ] GC(412) Concurrent Cleanup for Next Mark
[308.729s][info][gc,marking  ] GC(412) Concurrent Cleanup for Next Mark 0.215ms
[308.729s][info][gc          ] GC(412) Concurrent Mark Cycle 95.013ms
[308.829s][info][gc,start    ] GC(413) Pause Young (Prepare Mixed) (G1 Evacuation Pause)
[308.829s][info][gc,task     ] GC(413) Using 8 workers of 8 for evacuation
[308.832s][info][gc,phases   ] GC(413)   Pre Evacuate Collection Set: 0.3ms
[308.832s][info][gc,phases   ] GC(413)   Merge Heap Roots: 0.1ms
[308.832s][info][gc,phases   ] GC(413)   Evacuate Collection Set: 1.9ms
[308.832s][info][gc,phases   ] GC(413)   Post Evacuate Collection Set: 0.4ms
[308.832s][info][gc,phases   ] GC(413)   Other: 0.1ms
[308.832s][info][gc,heap     ] GC(413) Eden regions: 73->0(71)
[308.832s][info][gc,heap     ] GC(413) Survivor regions: 2->3(10)
[308.832s][info][gc,heap     ] GC(413) Old regions: 45->45
[308.832s][info][gc,heap     ] GC(413) Humongous regions: 2->2
[308.832s][info][gc,metaspace] GC(413) Metaspace: 84630K(85888K)->84630K(85888K) NonClass: 73702K(74432K)->73702K(74432K) Class: 10928K(11456K)->10928K(11456K)
[308.832s][info][gc          ] GC(413) Pause Young (Prepare Mixed) (G1 Evacuation Pause) 121M->48M(132M) 3.108ms
[308.832s][info][gc,cpu      ] GC(413) User=0.00s Sys=0.00s Real=0.00s
[308.996s][info][gc,start    ] GC(414) Pause Young (Mixed) (G1 Evacuation Pause)
[308.996s][info][gc,task     ] GC(414) Using 8 workers of 8 for evacuation
[308.999s][info][gc,phases   ] GC(414)   Pre Evacuate Collection Set: 0.2ms
[308.999s][info][gc,phases   ] GC(414)   Merge Heap Roots: 0.1ms
[308.999s][info][gc,phases   ] GC(414)   Evacuate Collection Set: 1.9ms
[308.999s][info][gc,phases   ] GC(414)   Post Evacuate Collection Set: 0.5ms
[308.999s][info][gc,phases   ] GC(414)   Other: 0.1ms
[308.999s][info][gc,heap     ] GC(414) Eden regions: 71->0(72)
[308.999s][info][gc,heap     ] GC(414) Survivor regions: 3->3(10)
[308.999s][info][gc,heap     ] GC(414) Old regions: 45->44
[308.999s][info][gc,heap     ] GC(414) Humongous regions: 2->2
[308.999s][info][gc,metaspace] GC(414) Metaspace: 84630K(85888K)->84630K(85888K) NonClass: 73702K(74432K)->73702K(74432K) Class: 10928K(11456K)->10928K(11456K)
[308.999s][info][gc          ] GC(414) Pause Young (Mixed) (G1 Evacuation Pause) 119M->47M(132M) 3.112ms
[308.999s][info][gc,cpu      ] GC(414) User=0.12s Sys=0.00s Real=0.00s
[309.172s][info][gc,start    ] GC(415) Pause Young (Concurrent Start) (G1 Evacuation Pause)
[309.172s][info][gc,task     ] GC(415) Using 8 workers of 8 for evacuation
[309.176s][info][gc,phases   ] GC(415)   Pre Evacuate Collection Set: 0.3ms
[309.176s][info][gc,phases   ] GC(415)   Merge Heap Roots: 0.1ms
[309.176s][info][gc,phases   ] GC(415)   Evacuate Collection Set: 2.3ms
[309.176s][info][gc,phases   ] GC(415)   Post Evacuate Collection Set: 0.5ms
[309.176s][info][gc,phases   ] GC(415)   Other: 0.2ms
[309.176s][info][gc,heap     ] GC(415) Eden regions: 72->0(72)
[309.176s][info][gc,heap     ] GC(415) Survivor regions: 3->3(10)
[309.176s][info][gc,heap     ] GC(415) Old regions: 44->44
[309.176s][info][gc,heap     ] GC(415) Humongous regions: 2->2
[309.176s][info][gc,metaspace] GC(415) Metaspace: 84630K(85888K)->84630K(85888K) NonClass: 73702K(74432K)->73702K(74432K) Class: 10928K(11456K)->10928K(11456K)
[309.176s][info][gc          ] GC(415) Pause Young (Concurrent Start) (G1 Evacuation Pause) 119M->48M(132M) 3.839ms
[309.176s][info][gc          ] GC(416) Concurrent Mark Cycle
[309.176s][info][gc,cpu      ] GC(415) User=0.00s Sys=0.00s Real=0.00s
[309.176s][info][gc,marking  ] GC(416) Concurrent Scan Root Regions
[309.179s][info][gc,marking  ] GC(416) Concurrent Scan Root Regions 2.661ms
[309.179s][info][gc,marking  ] GC(416) Concurrent Mark
[309.179s][info][gc,marking  ] GC(416) Concurrent Mark From Roots
[309.179s][info][gc,task     ] GC(416) Using 2 workers of 2 for marking
[309.245s][info][gc,marking  ] GC(416) Concurrent Mark From Roots 65.837ms
[309.245s][info][gc,marking  ] GC(416) Concurrent Preclean
[309.245s][info][gc,marking  ] GC(416) Concurrent Preclean 0.257ms
[309.245s][info][gc,start    ] GC(416) Pause Remark
[309.249s][info][gc          ] GC(416) Pause Remark 67M->67M(132M) 4.012ms
[309.249s][info][gc,cpu      ] GC(416) User=0.03s Sys=0.00s Real=0.00s
[309.249s][info][gc,marking  ] GC(416) Concurrent Mark 70.416ms
[309.250s][info][gc,marking  ] GC(416) Concurrent Rebuild Remembered Sets and Scrub Regions
[309.279s][info][gc,marking  ] GC(416) Concurrent Rebuild Remembered Sets and Scrub Regions 29.825ms
[309.279s][info][gc,start    ] GC(416) Pause Cleanup
[309.280s][info][gc          ] GC(416) Pause Cleanup 77M->77M(132M) 0.138ms
[309.280s][info][gc,cpu      ] GC(416) User=0.00s Sys=0.00s Real=0.00s
[309.280s][info][gc,marking  ] GC(416) Concurrent Clear Claimed Marks
[309.280s][info][gc,marking  ] GC(416) Concurrent Clear Claimed Marks 0.112ms
[309.280s][info][gc,marking  ] GC(416) Concurrent Cleanup for Next Mark
[309.280s][info][gc,marking  ] GC(416) Concurrent Cleanup for Next Mark 0.229ms
[309.280s][info][gc          ] GC(416) Concurrent Mark Cycle 103.883ms
[309.389s][info][gc,start    ] GC(417) Pause Young (Prepare Mixed) (G1 Evacuation Pause)
[309.389s][info][gc,task     ] GC(417) Using 8 workers of 8 for evacuation
[309.392s][info][gc,phases   ] GC(417)   Pre Evacuate Collection Set: 0.1ms
[309.392s][info][gc,phases   ] GC(417)   Merge Heap Roots: 0.1ms
[309.393s][info][gc,phases   ] GC(417)   Evacuate Collection Set: 2.3ms
[309.393s][info][gc,phases   ] GC(417)   Post Evacuate Collection Set: 0.5ms
[309.393s][info][gc,phases   ] GC(417)   Other: 0.1ms
[309.393s][info][gc,heap     ] GC(417) Eden regions: 72->0(72)
[309.393s][info][gc,heap     ] GC(417) Survivor regions: 3->3(10)
[309.393s][info][gc,heap     ] GC(417) Old regions: 44->44
[309.393s][info][gc,heap     ] GC(417) Humongous regions: 2->2
[309.393s][info][gc,metaspace] GC(417) Metaspace: 84630K(85888K)->84630K(85888K) NonClass: 73702K(74432K)->73702K(74432K) Class: 10928K(11456K)->10928K(11456K)
[309.393s][info][gc          ] GC(417) Pause Young (Prepare Mixed) (G1 Evacuation Pause) 120M->48M(132M) 3.673ms
[309.393s][info][gc,cpu      ] GC(417) User=0.00s Sys=0.00s Real=0.00s
[309.553s][info][gc,start    ] GC(418) Pause Young (Mixed) (G1 Evacuation Pause)
[309.553s][info][gc,task     ] GC(418) Using 8 workers of 8 for evacuation
[309.556s][info][gc,phases   ] GC(418)   Pre Evacuate Collection Set: 0.1ms
[309.556s][info][gc,phases   ] GC(418)   Merge Heap Roots: 0.1ms
[309.556s][info][gc,phases   ] GC(418)   Evacuate Collection Set: 2.7ms
[309.556s][info][gc,phases   ] GC(418)   Post Evacuate Collection Set: 0.4ms
[309.556s][info][gc,phases   ] GC(418)   Other: 0.1ms
[309.556s][info][gc,heap     ] GC(418) Eden regions: 72->0(72)
[309.556s][info][gc,heap     ] GC(418) Survivor regions: 3->3(10)
[309.556s][info][gc,heap     ] GC(418) Old regions: 44->44
[309.556s][info][gc,heap     ] GC(418) Humongous regions: 2->2
[309.556s][info][gc,metaspace] GC(418) Metaspace: 84630K(85888K)->84630K(85888K) NonClass: 73702K(74432K)->73702K(74432K) Class: 10928K(11456K)->10928K(11456K)
[309.556s][info][gc          ] GC(418) Pause Young (Mixed) (G1 Evacuation Pause) 120M->48M(132M) 3.804ms
[309.557s][info][gc,cpu      ] GC(418) User=0.00s Sys=0.00s Real=0.00s
[309.738s][info][gc,start    ] GC(419) Pause Young (Concurrent Start) (G1 Evacuation Pause)
[309.738s][info][gc,task     ] GC(419) Using 8 workers of 8 for evacuation
[309.741s][info][gc,phases   ] GC(419)   Pre Evacuate Collection Set: 0.1ms
[309.741s][info][gc,phases   ] GC(419)   Merge Heap Roots: 0.1ms
[309.741s][info][gc,phases   ] GC(419)   Evacuate Collection Set: 1.9ms
[309.741s][info][gc,phases   ] GC(419)   Post Evacuate Collection Set: 0.5ms
[309.741s][info][gc,phases   ] GC(419)   Other: 0.2ms
[309.741s][info][gc,heap     ] GC(419) Eden regions: 72->0(70)
[309.741s][info][gc,heap     ] GC(419) Survivor regions: 3->4(10)
[309.742s][info][gc,heap     ] GC(419) Old regions: 44->44
[309.742s][info][gc,heap     ] GC(419) Humongous regions: 2->2
[309.742s][info][gc,metaspace] GC(419) Metaspace: 84630K(85888K)->84630K(85888K) NonClass: 73702K(74432K)->73702K(74432K) Class: 10928K(11456K)->10928K(11456K)
[309.742s][info][gc          ] GC(419) Pause Young (Concurrent Start) (G1 Evacuation Pause) 120M->48M(132M) 3.455ms
[309.742s][info][gc          ] GC(420) Concurrent Mark Cycle
[309.742s][info][gc,cpu      ] GC(419) User=0.00s Sys=0.00s Real=0.00s
[309.742s][info][gc,marking  ] GC(420) Concurrent Scan Root Regions
[309.745s][info][gc,marking  ] GC(420) Concurrent Scan Root Regions 3.119ms
[309.745s][info][gc,marking  ] GC(420) Concurrent Mark
[309.745s][info][gc,marking  ] GC(420) Concurrent Mark From Roots
[309.745s][info][gc,task     ] GC(420) Using 2 workers of 2 for marking
[309.806s][info][gc,marking  ] GC(420) Concurrent Mark From Roots 60.684ms
[309.806s][info][gc,marking  ] GC(420) Concurrent Preclean
[309.806s][info][gc,marking  ] GC(420) Concurrent Preclean 0.273ms
[309.806s][info][gc,start    ] GC(420) Pause Remark
[309.812s][info][gc          ] GC(420) Pause Remark 70M->70M(132M) 5.389ms
[309.812s][info][gc,cpu      ] GC(420) User=0.06s Sys=0.00s Real=0.00s
[309.812s][info][gc,marking  ] GC(420) Concurrent Mark 66.714ms
[309.812s][info][gc,marking  ] GC(420) Concurrent Rebuild Remembered Sets and Scrub Regions
[309.843s][info][gc,marking  ] GC(420) Concurrent Rebuild Remembered Sets and Scrub Regions 31.531ms
[309.844s][info][gc,start    ] GC(420) Pause Cleanup
[309.844s][info][gc          ] GC(420) Pause Cleanup 81M->81M(132M) 0.145ms
[309.844s][info][gc,cpu      ] GC(420) User=0.00s Sys=0.00s Real=0.00s
[309.844s][info][gc,marking  ] GC(420) Concurrent Clear Claimed Marks
[309.844s][info][gc,marking  ] GC(420) Concurrent Clear Claimed Marks 0.120ms
[309.844s][info][gc,marking  ] GC(420) Concurrent Cleanup for Next Mark
[309.844s][info][gc,marking  ] GC(420) Concurrent Cleanup for Next Mark 0.264ms
[309.844s][info][gc          ] GC(420) Concurrent Mark Cycle 102.463ms
[309.932s][info][gc,start    ] GC(421) Pause Young (Prepare Mixed) (G1 Evacuation Pause)
[309.932s][info][gc,task     ] GC(421) Using 8 workers of 8 for evacuation
[309.934s][info][gc,phases   ] GC(421)   Pre Evacuate Collection Set: 0.1ms
[309.935s][info][gc,phases   ] GC(421)   Merge Heap Roots: 0.1ms
[309.935s][info][gc,phases   ] GC(421)   Evacuate Collection Set: 2.1ms
[309.935s][info][gc,phases   ] GC(421)   Post Evacuate Collection Set: 0.3ms
[309.935s][info][gc,phases   ] GC(421)   Other: 0.1ms
[309.935s][info][gc,heap     ] GC(421) Eden regions: 70->0(70)
[309.935s][info][gc,heap     ] GC(421) Survivor regions: 4->4(10)
[309.935s][info][gc,heap     ] GC(421) Old regions: 44->44
[309.935s][info][gc,heap     ] GC(421) Humongous regions: 2->2
[309.935s][info][gc,metaspace] GC(421) Metaspace: 84630K(85888K)->84630K(85888K) NonClass: 73702K(74432K)->73702K(74432K) Class: 10928K(11456K)->10928K(11456K)
[309.935s][info][gc          ] GC(421) Pause Young (Prepare Mixed) (G1 Evacuation Pause) 118M->48M(132M) 3.035ms
[309.935s][info][gc,cpu      ] GC(421) User=0.12s Sys=0.00s Real=0.00s
[310.109s][info][gc,start    ] GC(422) Pause Young (Mixed) (G1 Evacuation Pause)
[310.109s][info][gc,task     ] GC(422) Using 8 workers of 8 for evacuation
[310.113s][info][gc,phases   ] GC(422)   Pre Evacuate Collection Set: 0.1ms
[310.113s][info][gc,phases   ] GC(422)   Merge Heap Roots: 0.1ms
[310.114s][info][gc,phases   ] GC(422)   Evacuate Collection Set: 3.3ms
[310.114s][info][gc,phases   ] GC(422)   Post Evacuate Collection Set: 0.4ms
[310.114s][info][gc,phases   ] GC(422)   Other: 0.1ms
[310.114s][info][gc,heap     ] GC(422) Eden regions: 70->0(70)
[310.114s][info][gc,heap     ] GC(422) Survivor regions: 4->4(10)
[310.114s][info][gc,heap     ] GC(422) Old regions: 44->44
[310.114s][info][gc,heap     ] GC(422) Humongous regions: 2->2
[310.114s][info][gc,metaspace] GC(422) Metaspace: 84630K(85888K)->84630K(85888K) NonClass: 73702K(74432K)->73702K(74432K) Class: 10928K(11456K)->10928K(11456K)
[310.114s][info][gc          ] GC(422) Pause Young (Mixed) (G1 Evacuation Pause) 118M->48M(132M) 4.392ms
[310.114s][info][gc,cpu      ] GC(422) User=0.00s Sys=0.00s Real=0.00s
[310.281s][info][gc,start    ] GC(423) Pause Young (Concurrent Start) (G1 Evacuation Pause)
[310.281s][info][gc,task     ] GC(423) Using 8 workers of 8 for evacuation
[310.284s][info][gc,phases   ] GC(423)   Pre Evacuate Collection Set: 0.1ms
[310.284s][info][gc,phases   ] GC(423)   Merge Heap Roots: 0.1ms
[310.284s][info][gc,phases   ] GC(423)   Evacuate Collection Set: 2.5ms
[310.284s][info][gc,phases   ] GC(423)   Post Evacuate Collection Set: 0.4ms
[310.284s][info][gc,phases   ] GC(423)   Other: 0.1ms
[310.284s][info][gc,heap     ] GC(423) Eden regions: 70->0(70)
[310.284s][info][gc,heap     ] GC(423) Survivor regions: 4->4(10)
[310.284s][info][gc,heap     ] GC(423) Old regions: 44->44
[310.284s][info][gc,heap     ] GC(423) Humongous regions: 2->2
[310.284s][info][gc,metaspace] GC(423) Metaspace: 84630K(85888K)->84630K(85888K) NonClass: 73702K(74432K)->73702K(74432K) Class: 10928K(11456K)->10928K(11456K)
[310.284s][info][gc          ] GC(423) Pause Young (Concurrent Start) (G1 Evacuation Pause) 118M->48M(132M) 3.661ms
[310.284s][info][gc          ] GC(424) Concurrent Mark Cycle
[310.284s][info][gc,cpu      ] GC(423) User=0.00s Sys=0.00s Real=0.00s
[310.284s][info][gc,marking  ] GC(424) Concurrent Scan Root Regions
[310.287s][info][gc,marking  ] GC(424) Concurrent Scan Root Regions 2.601ms
[310.287s][info][gc,marking  ] GC(424) Concurrent Mark
[310.287s][info][gc,marking  ] GC(424) Concurrent Mark From Roots
[310.287s][info][gc,task     ] GC(424) Using 2 workers of 2 for marking
[310.357s][info][gc,marking  ] GC(424) Concurrent Mark From Roots 70.473ms
[310.358s][info][gc,marking  ] GC(424) Concurrent Preclean
[310.358s][info][gc,marking  ] GC(424) Concurrent Preclean 0.387ms
[310.358s][info][gc,start    ] GC(424) Pause Remark
[310.364s][info][gc          ] GC(424) Pause Remark 69M->69M(132M) 5.474ms
[310.364s][info][gc,cpu      ] GC(424) User=0.00s Sys=0.00s Real=0.01s
[310.364s][info][gc,marking  ] GC(424) Concurrent Mark 76.719ms
[310.364s][info][gc,marking  ] GC(424) Concurrent Rebuild Remembered Sets and Scrub Regions
[310.400s][info][gc,marking  ] GC(424) Concurrent Rebuild Remembered Sets and Scrub Regions 35.897ms
[310.400s][info][gc,start    ] GC(424) Pause Cleanup
[310.400s][info][gc          ] GC(424) Pause Cleanup 76M->76M(132M) 0.154ms
[310.400s][info][gc,cpu      ] GC(424) User=0.00s Sys=0.00s Real=0.00s
[310.400s][info][gc,marking  ] GC(424) Concurrent Clear Claimed Marks
[310.400s][info][gc,marking  ] GC(424) Concurrent Clear Claimed Marks 0.108ms
[310.400s][info][gc,marking  ] GC(424) Concurrent Cleanup for Next Mark
[310.401s][info][gc,marking  ] GC(424) Concurrent Cleanup for Next Mark 0.261ms
[310.401s][info][gc          ] GC(424) Concurrent Mark Cycle 116.355ms
[310.497s][info][gc,start    ] GC(425) Pause Young (Prepare Mixed) (G1 Evacuation Pause)
[310.497s][info][gc,task     ] GC(425) Using 8 workers of 8 for evacuation
[310.501s][info][gc,phases   ] GC(425)   Pre Evacuate Collection Set: 0.1ms
[310.501s][info][gc,phases   ] GC(425)   Merge Heap Roots: 0.1ms
[310.501s][info][gc,phases   ] GC(425)   Evacuate Collection Set: 3.1ms
[310.501s][info][gc,phases   ] GC(425)   Post Evacuate Collection Set: 0.4ms
[310.501s][info][gc,phases   ] GC(425)   Other: 0.1ms
[310.501s][info][gc,heap     ] GC(425) Eden regions: 70->0(70)
[310.501s][info][gc,heap     ] GC(425) Survivor regions: 4->4(10)
[310.501s][info][gc,heap     ] GC(425) Old regions: 44->44
[310.501s][info][gc,heap     ] GC(425) Humongous regions: 2->2
[310.501s][info][gc,metaspace] GC(425) Metaspace: 84630K(85888K)->84630K(85888K) NonClass: 73702K(74432K)->73702K(74432K) Class: 10928K(11456K)->10928K(11456K)
[310.501s][info][gc          ] GC(425) Pause Young (Prepare Mixed) (G1 Evacuation Pause) 118M->49M(132M) 4.211ms
[310.501s][info][gc,cpu      ] GC(425) User=0.12s Sys=0.00s Real=0.00s
[310.662s][info][gc,start    ] GC(426) Pause Young (Mixed) (G1 Evacuation Pause)
[310.662s][info][gc,task     ] GC(426) Using 8 workers of 8 for evacuation
[310.666s][info][gc,phases   ] GC(426)   Pre Evacuate Collection Set: 0.1ms
[310.666s][info][gc,phases   ] GC(426)   Merge Heap Roots: 0.1ms
[310.666s][info][gc,phases   ] GC(426)   Evacuate Collection Set: 3.4ms
[310.666s][info][gc,phases   ] GC(426)   Post Evacuate Collection Set: 0.5ms
[310.666s][info][gc,phases   ] GC(426)   Other: 0.1ms
[310.666s][info][gc,heap     ] GC(426) Eden regions: 70->0(70)
[310.666s][info][gc,heap     ] GC(426) Survivor regions: 4->4(10)
[310.666s][info][gc,heap     ] GC(426) Old regions: 44->44
[310.666s][info][gc,heap     ] GC(426) Humongous regions: 2->2
[310.666s][info][gc,metaspace] GC(426) Metaspace: 84630K(85888K)->84630K(85888K) NonClass: 73702K(74432K)->73702K(74432K) Class: 10928K(11456K)->10928K(11456K)
[310.666s][info][gc          ] GC(426) Pause Young (Mixed) (G1 Evacuation Pause) 119M->49M(132M) 4.537ms
[310.666s][info][gc,cpu      ] GC(426) User=0.00s Sys=0.00s Real=0.00s
[310.871s][info][gc,start    ] GC(427) Pause Young (Concurrent Start) (G1 Evacuation Pause)
[310.871s][info][gc,task     ] GC(427) Using 8 workers of 8 for evacuation
[310.875s][info][gc,phases   ] GC(427)   Pre Evacuate Collection Set: 0.1ms
[310.875s][info][gc,phases   ] GC(427)   Merge Heap Roots: 0.1ms
[310.875s][info][gc,phases   ] GC(427)   Evacuate Collection Set: 3.1ms
[310.875s][info][gc,phases   ] GC(427)   Post Evacuate Collection Set: 0.5ms
[310.875s][info][gc,phases   ] GC(427)   Other: 0.2ms
[310.875s][info][gc,heap     ] GC(427) Eden regions: 70->0(70)
[310.875s][info][gc,heap     ] GC(427) Survivor regions: 4->4(10)
[310.875s][info][gc,heap     ] GC(427) Old regions: 44->44
[310.875s][info][gc,heap     ] GC(427) Humongous regions: 2->2
[310.876s][info][gc,metaspace] GC(427) Metaspace: 84630K(85888K)->84630K(85888K) NonClass: 73702K(74432K)->73702K(74432K) Class: 10928K(11456K)->10928K(11456K)
[310.876s][info][gc          ] GC(427) Pause Young (Concurrent Start) (G1 Evacuation Pause) 119M->49M(132M) 4.494ms
[310.876s][info][gc          ] GC(428) Concurrent Mark Cycle
[310.876s][info][gc,cpu      ] GC(427) User=0.09s Sys=0.00s Real=0.00s
[310.876s][info][gc,marking  ] GC(428) Concurrent Scan Root Regions
[310.879s][info][gc,marking  ] GC(428) Concurrent Scan Root Regions 3.307ms
[310.879s][info][gc,marking  ] GC(428) Concurrent Mark
[310.879s][info][gc,marking  ] GC(428) Concurrent Mark From Roots
[310.879s][info][gc,task     ] GC(428) Using 2 workers of 2 for marking
[310.964s][info][gc,marking  ] GC(428) Concurrent Mark From Roots 85.274ms
[310.964s][info][gc,marking  ] GC(428) Concurrent Preclean
[310.965s][info][gc,marking  ] GC(428) Concurrent Preclean 0.282ms
[310.965s][info][gc,start    ] GC(428) Pause Remark
[310.969s][info][gc          ] GC(428) Pause Remark 67M->67M(132M) 4.463ms
[310.969s][info][gc,cpu      ] GC(428) User=0.06s Sys=0.00s Real=0.00s
[310.969s][info][gc,marking  ] GC(428) Concurrent Mark 90.359ms
[310.970s][info][gc,marking  ] GC(428) Concurrent Rebuild Remembered Sets and Scrub Regions
[311.008s][info][gc,marking  ] GC(428) Concurrent Rebuild Remembered Sets and Scrub Regions 38.388ms
[311.008s][info][gc,start    ] GC(428) Pause Cleanup
[311.008s][info][gc          ] GC(428) Pause Cleanup 74M->74M(132M) 0.210ms
[311.008s][info][gc,cpu      ] GC(428) User=0.00s Sys=0.00s Real=0.00s
[311.009s][info][gc,marking  ] GC(428) Concurrent Clear Claimed Marks
[311.009s][info][gc,marking  ] GC(428) Concurrent Clear Claimed Marks 0.151ms
[311.009s][info][gc,marking  ] GC(428) Concurrent Cleanup for Next Mark
[311.009s][info][gc,marking  ] GC(428) Concurrent Cleanup for Next Mark 0.572ms
[311.010s][info][gc          ] GC(428) Concurrent Mark Cycle 133.862ms
[311.139s][info][gc,start    ] GC(429) Pause Young (Prepare Mixed) (G1 Evacuation Pause)
[311.139s][info][gc,task     ] GC(429) Using 8 workers of 8 for evacuation
[311.143s][info][gc,phases   ] GC(429)   Pre Evacuate Collection Set: 0.1ms
[311.143s][info][gc,phases   ] GC(429)   Merge Heap Roots: 0.1ms
[311.143s][info][gc,phases   ] GC(429)   Evacuate Collection Set: 2.7ms
[311.143s][info][gc,phases   ] GC(429)   Post Evacuate Collection Set: 0.7ms
[311.143s][info][gc,phases   ] GC(429)   Other: 0.1ms
[311.143s][info][gc,heap     ] GC(429) Eden regions: 70->0(69)
[311.143s][info][gc,heap     ] GC(429) Survivor regions: 4->4(10)
[311.143s][info][gc,heap     ] GC(429) Old regions: 44->45
[311.143s][info][gc,heap     ] GC(429) Humongous regions: 2->2
[311.143s][info][gc,metaspace] GC(429) Metaspace: 84639K(85888K)->84639K(85888K) NonClass: 73710K(74432K)->73710K(74432K) Class: 10928K(11456K)->10928K(11456K)
[311.143s][info][gc          ] GC(429) Pause Young (Prepare Mixed) (G1 Evacuation Pause) 119M->49M(132M) 4.287ms
[311.143s][info][gc,cpu      ] GC(429) User=0.00s Sys=0.00s Real=0.00s
[311.336s][info][gc,start    ] GC(430) Pause Young (Mixed) (G1 Evacuation Pause)
[311.336s][info][gc,task     ] GC(430) Using 8 workers of 8 for evacuation
[311.341s][info][gc,phases   ] GC(430)   Pre Evacuate Collection Set: 0.2ms
[311.341s][info][gc,phases   ] GC(430)   Merge Heap Roots: 0.1ms
[311.341s][info][gc,phases   ] GC(430)   Evacuate Collection Set: 4.3ms
[311.341s][info][gc,phases   ] GC(430)   Post Evacuate Collection Set: 0.4ms
[311.341s][info][gc,phases   ] GC(430)   Other: 0.1ms
[311.341s][info][gc,heap     ] GC(430) Eden regions: 69->0(69)
[311.341s][info][gc,heap     ] GC(430) Survivor regions: 4->4(10)
[311.341s][info][gc,heap     ] GC(430) Old regions: 45->45
[311.341s][info][gc,heap     ] GC(430) Humongous regions: 2->2
[311.341s][info][gc,metaspace] GC(430) Metaspace: 84639K(85888K)->84639K(85888K) NonClass: 73710K(74432K)->73710K(74432K) Class: 10928K(11456K)->10928K(11456K)
[311.341s][info][gc          ] GC(430) Pause Young (Mixed) (G1 Evacuation Pause) 118M->49M(132M) 5.554ms
[311.341s][info][gc,cpu      ] GC(430) User=0.11s Sys=0.00s Real=0.01s
[311.537s][info][gc,start    ] GC(431) Pause Young (Concurrent Start) (G1 Evacuation Pause)
[311.537s][info][gc,task     ] GC(431) Using 8 workers of 8 for evacuation
[311.540s][info][gc,phases   ] GC(431)   Pre Evacuate Collection Set: 0.2ms
[311.540s][info][gc,phases   ] GC(431)   Merge Heap Roots: 0.1ms
[311.540s][info][gc,phases   ] GC(431)   Evacuate Collection Set: 2.2ms
[311.540s][info][gc,phases   ] GC(431)   Post Evacuate Collection Set: 0.3ms
[311.540s][info][gc,phases   ] GC(431)   Other: 0.1ms
[311.540s][info][gc,heap     ] GC(431) Eden regions: 69->0(69)
[311.540s][info][gc,heap     ] GC(431) Survivor regions: 4->4(10)
[311.540s][info][gc,heap     ] GC(431) Old regions: 45->45
[311.540s][info][gc,heap     ] GC(431) Humongous regions: 2->2
[311.540s][info][gc,metaspace] GC(431) Metaspace: 84639K(85888K)->84639K(85888K) NonClass: 73710K(74432K)->73710K(74432K) Class: 10928K(11456K)->10928K(11456K)
[311.540s][info][gc          ] GC(431) Pause Young (Concurrent Start) (G1 Evacuation Pause) 118M->49M(132M) 3.289ms
[311.540s][info][gc,cpu      ] GC(431) User=0.00s Sys=0.00s Real=0.00s
[311.540s][info][gc          ] GC(432) Concurrent Mark Cycle
[311.540s][info][gc,marking  ] GC(432) Concurrent Scan Root Regions
[311.542s][info][gc,marking  ] GC(432) Concurrent Scan Root Regions 1.559ms
[311.542s][info][gc,marking  ] GC(432) Concurrent Mark
[311.542s][info][gc,marking  ] GC(432) Concurrent Mark From Roots
[311.542s][info][gc,task     ] GC(432) Using 2 workers of 2 for marking
[311.614s][info][gc,marking  ] GC(432) Concurrent Mark From Roots 72.742ms
[311.615s][info][gc,marking  ] GC(432) Concurrent Preclean
[311.615s][info][gc,marking  ] GC(432) Concurrent Preclean 0.284ms
[311.615s][info][gc,start    ] GC(432) Pause Remark
[311.620s][info][gc          ] GC(432) Pause Remark 74M->74M(132M) 4.714ms
[311.620s][info][gc,cpu      ] GC(432) User=0.00s Sys=0.00s Real=0.01s
[311.620s][info][gc,marking  ] GC(432) Concurrent Mark 78.061ms
[311.620s][info][gc,marking  ] GC(432) Concurrent Rebuild Remembered Sets and Scrub Regions
[311.643s][info][gc,marking  ] GC(432) Concurrent Rebuild Remembered Sets and Scrub Regions 23.293ms
[311.643s][info][gc,start    ] GC(432) Pause Cleanup
[311.643s][info][gc          ] GC(432) Pause Cleanup 84M->84M(132M) 0.220ms
[311.644s][info][gc,cpu      ] GC(432) User=0.00s Sys=0.00s Real=0.00s
[311.644s][info][gc,marking  ] GC(432) Concurrent Clear Claimed Marks
[311.644s][info][gc,marking  ] GC(432) Concurrent Clear Claimed Marks 0.205ms
[311.644s][info][gc,marking  ] GC(432) Concurrent Cleanup for Next Mark
[311.645s][info][gc,marking  ] GC(432) Concurrent Cleanup for Next Mark 0.685ms
[311.645s][info][gc          ] GC(432) Concurrent Mark Cycle 104.590ms
[311.744s][info][gc,start    ] GC(433) Pause Young (Prepare Mixed) (G1 Evacuation Pause)
[311.744s][info][gc,task     ] GC(433) Using 8 workers of 8 for evacuation
[311.747s][info][gc,phases   ] GC(433)   Pre Evacuate Collection Set: 0.1ms
[311.747s][info][gc,phases   ] GC(433)   Merge Heap Roots: 0.1ms
[311.747s][info][gc,phases   ] GC(433)   Evacuate Collection Set: 2.6ms
[311.747s][info][gc,phases   ] GC(433)   Post Evacuate Collection Set: 0.3ms
[311.747s][info][gc,phases   ] GC(433)   Other: 0.1ms
[311.747s][info][gc,heap     ] GC(433) Eden regions: 69->0(69)
[311.747s][info][gc,heap     ] GC(433) Survivor regions: 4->4(10)
[311.748s][info][gc,heap     ] GC(433) Old regions: 45->45
[311.748s][info][gc,heap     ] GC(433) Humongous regions: 2->2
[311.748s][info][gc,metaspace] GC(433) Metaspace: 84639K(85888K)->84639K(85888K) NonClass: 73710K(74432K)->73710K(74432K) Class: 10928K(11456K)->10928K(11456K)
[311.748s][info][gc          ] GC(433) Pause Young (Prepare Mixed) (G1 Evacuation Pause) 118M->50M(132M) 3.573ms
[311.748s][info][gc,cpu      ] GC(433) User=0.02s Sys=0.06s Real=0.00s
[311.927s][info][gc,start    ] GC(434) Pause Young (Mixed) (G1 Evacuation Pause)
[311.927s][info][gc,task     ] GC(434) Using 8 workers of 8 for evacuation
[311.933s][info][gc,phases   ] GC(434)   Pre Evacuate Collection Set: 0.2ms
[311.933s][info][gc,phases   ] GC(434)   Merge Heap Roots: 0.2ms
[311.933s][info][gc,phases   ] GC(434)   Evacuate Collection Set: 4.4ms
[311.933s][info][gc,phases   ] GC(434)   Post Evacuate Collection Set: 0.5ms
[311.933s][info][gc,phases   ] GC(434)   Other: 0.1ms
[311.933s][info][gc,heap     ] GC(434) Eden regions: 69->0(69)
[311.933s][info][gc,heap     ] GC(434) Survivor regions: 4->4(10)
[311.933s][info][gc,heap     ] GC(434) Old regions: 45->45
[311.933s][info][gc,heap     ] GC(434) Humongous regions: 2->2
[311.933s][info][gc,metaspace] GC(434) Metaspace: 84639K(85888K)->84639K(85888K) NonClass: 73710K(74432K)->73710K(74432K) Class: 10928K(11456K)->10928K(11456K)
[311.933s][info][gc          ] GC(434) Pause Young (Mixed) (G1 Evacuation Pause) 119M->50M(132M) 5.775ms
[311.933s][info][gc,cpu      ] GC(434) User=0.00s Sys=0.00s Real=0.01s
[312.063s][info][gc,start    ] GC(435) Pause Young (Concurrent Start) (G1 Evacuation Pause)
[312.063s][info][gc,task     ] GC(435) Using 8 workers of 8 for evacuation
[312.066s][info][gc,phases   ] GC(435)   Pre Evacuate Collection Set: 0.3ms
[312.066s][info][gc,phases   ] GC(435)   Merge Heap Roots: 0.1ms
[312.066s][info][gc,phases   ] GC(435)   Evacuate Collection Set: 1.7ms
[312.066s][info][gc,phases   ] GC(435)   Post Evacuate Collection Set: 0.4ms
[312.066s][info][gc,phases   ] GC(435)   Other: 0.2ms
[312.066s][info][gc,heap     ] GC(435) Eden regions: 69->0(69)
[312.066s][info][gc,heap     ] GC(435) Survivor regions: 4->4(10)
[312.066s][info][gc,heap     ] GC(435) Old regions: 45->45
[312.066s][info][gc,heap     ] GC(435) Humongous regions: 2->2
[312.066s][info][gc,metaspace] GC(435) Metaspace: 84639K(85888K)->84639K(85888K) NonClass: 73710K(74432K)->73710K(74432K) Class: 10928K(11456K)->10928K(11456K)
[312.066s][info][gc          ] GC(435) Pause Young (Concurrent Start) (G1 Evacuation Pause) 119M->50M(132M) 3.120ms
[312.067s][info][gc          ] GC(436) Concurrent Mark Cycle
[312.067s][info][gc,cpu      ] GC(435) User=0.00s Sys=0.00s Real=0.00s
[312.067s][info][gc,marking  ] GC(436) Concurrent Scan Root Regions
[312.069s][info][gc,marking  ] GC(436) Concurrent Scan Root Regions 2.359ms
[312.069s][info][gc,marking  ] GC(436) Concurrent Mark
[312.069s][info][gc,marking  ] GC(436) Concurrent Mark From Roots
[312.069s][info][gc,task     ] GC(436) Using 2 workers of 2 for marking
[312.145s][info][gc,marking  ] GC(436) Concurrent Mark From Roots 75.489ms
[312.145s][info][gc,marking  ] GC(436) Concurrent Preclean
[312.145s][info][gc,marking  ] GC(436) Concurrent Preclean 0.414ms
[312.145s][info][gc,start    ] GC(436) Pause Remark
[312.151s][info][gc          ] GC(436) Pause Remark 70M->70M(132M) 5.455ms
[312.151s][info][gc,cpu      ] GC(436) User=0.00s Sys=0.00s Real=0.00s
[312.151s][info][gc,marking  ] GC(436) Concurrent Mark 81.846ms
[312.151s][info][gc,marking  ] GC(436) Concurrent Rebuild Remembered Sets and Scrub Regions
[312.175s][info][gc,marking  ] GC(436) Concurrent Rebuild Remembered Sets and Scrub Regions 23.784ms
[312.175s][info][gc,start    ] GC(436) Pause Cleanup
[312.175s][info][gc          ] GC(436) Pause Cleanup 78M->78M(132M) 0.335ms
[312.175s][info][gc,cpu      ] GC(436) User=0.00s Sys=0.00s Real=0.00s
[312.176s][info][gc,marking  ] GC(436) Concurrent Clear Claimed Marks
[312.176s][info][gc,marking  ] GC(436) Concurrent Clear Claimed Marks 0.216ms
[312.176s][info][gc,marking  ] GC(436) Concurrent Cleanup for Next Mark
[312.176s][info][gc,marking  ] GC(436) Concurrent Cleanup for Next Mark 0.531ms
[312.177s][info][gc          ] GC(436) Concurrent Mark Cycle 110.008ms
[312.277s][info][gc,start    ] GC(437) Pause Young (Prepare Mixed) (G1 Evacuation Pause)
[312.277s][info][gc,task     ] GC(437) Using 8 workers of 8 for evacuation
[312.280s][info][gc,phases   ] GC(437)   Pre Evacuate Collection Set: 0.1ms
[312.280s][info][gc,phases   ] GC(437)   Merge Heap Roots: 0.1ms
[312.280s][info][gc,phases   ] GC(437)   Evacuate Collection Set: 2.3ms
[312.280s][info][gc,phases   ] GC(437)   Post Evacuate Collection Set: 0.4ms
[312.280s][info][gc,phases   ] GC(437)   Other: 0.1ms
[312.280s][info][gc,heap     ] GC(437) Eden regions: 69->0(68)
[312.280s][info][gc,heap     ] GC(437) Survivor regions: 4->4(10)
[312.280s][info][gc,heap     ] GC(437) Old regions: 45->46
[312.280s][info][gc,heap     ] GC(437) Humongous regions: 2->2
[312.280s][info][gc,metaspace] GC(437) Metaspace: 84639K(85888K)->84639K(85888K) NonClass: 73710K(74432K)->73710K(74432K) Class: 10928K(11456K)->10928K(11456K)
[312.280s][info][gc          ] GC(437) Pause Young (Prepare Mixed) (G1 Evacuation Pause) 119M->50M(132M) 3.459ms
[312.280s][info][gc,cpu      ] GC(437) User=0.12s Sys=0.00s Real=0.00s
[312.452s][info][gc,start    ] GC(438) Pause Young (Mixed) (G1 Evacuation Pause)
[312.452s][info][gc,task     ] GC(438) Using 8 workers of 8 for evacuation
[312.458s][info][gc,phases   ] GC(438)   Pre Evacuate Collection Set: 0.1ms
[312.458s][info][gc,phases   ] GC(438)   Merge Heap Roots: 0.1ms
[312.458s][info][gc,phases   ] GC(438)   Evacuate Collection Set: 4.4ms
[312.458s][info][gc,phases   ] GC(438)   Post Evacuate Collection Set: 0.4ms
[312.458s][info][gc,phases   ] GC(438)   Other: 0.1ms
[312.458s][info][gc,heap     ] GC(438) Eden regions: 68->0(68)
[312.458s][info][gc,heap     ] GC(438) Survivor regions: 4->4(9)
[312.458s][info][gc,heap     ] GC(438) Old regions: 46->46
[312.458s][info][gc,heap     ] GC(438) Humongous regions: 2->2
[312.458s][info][gc,metaspace] GC(438) Metaspace: 84639K(85888K)->84639K(85888K) NonClass: 73710K(74432K)->73710K(74432K) Class: 10928K(11456K)->10928K(11456K)
[312.458s][info][gc          ] GC(438) Pause Young (Mixed) (G1 Evacuation Pause) 118M->50M(132M) 5.589ms
[312.458s][info][gc,cpu      ] GC(438) User=0.00s Sys=0.00s Real=0.01s
[312.615s][info][gc,start    ] GC(439) Pause Young (Concurrent Start) (G1 Evacuation Pause)
[312.615s][info][gc,task     ] GC(439) Using 8 workers of 8 for evacuation
[312.618s][info][gc,phases   ] GC(439)   Pre Evacuate Collection Set: 0.2ms
[312.618s][info][gc,phases   ] GC(439)   Merge Heap Roots: 0.1ms
[312.618s][info][gc,phases   ] GC(439)   Evacuate Collection Set: 2.1ms
[312.618s][info][gc,phases   ] GC(439)   Post Evacuate Collection Set: 0.5ms
[312.618s][info][gc,phases   ] GC(439)   Other: 0.2ms
[312.618s][info][gc,heap     ] GC(439) Eden regions: 68->0(68)
[312.618s][info][gc,heap     ] GC(439) Survivor regions: 4->4(9)
[312.618s][info][gc,heap     ] GC(439) Old regions: 46->46
[312.618s][info][gc,heap     ] GC(439) Humongous regions: 2->2
[312.618s][info][gc,metaspace] GC(439) Metaspace: 84639K(85888K)->84639K(85888K) NonClass: 73710K(74432K)->73710K(74432K) Class: 10928K(11456K)->10928K(11456K)
[312.618s][info][gc          ] GC(439) Pause Young (Concurrent Start) (G1 Evacuation Pause) 118M->50M(132M) 3.393ms
[312.618s][info][gc,cpu      ] GC(439) User=0.00s Sys=0.00s Real=0.00s
[312.618s][info][gc          ] GC(440) Concurrent Mark Cycle
[312.618s][info][gc,marking  ] GC(440) Concurrent Scan Root Regions
[312.620s][info][gc,marking  ] GC(440) Concurrent Scan Root Regions 1.625ms
[312.620s][info][gc,marking  ] GC(440) Concurrent Mark
[312.620s][info][gc,marking  ] GC(440) Concurrent Mark From Roots
[312.620s][info][gc,task     ] GC(440) Using 2 workers of 2 for marking
[312.683s][info][gc,marking  ] GC(440) Concurrent Mark From Roots 62.850ms
[312.683s][info][gc,marking  ] GC(440) Concurrent Preclean
[312.683s][info][gc,marking  ] GC(440) Concurrent Preclean 0.400ms
[312.683s][info][gc,start    ] GC(440) Pause Remark
[312.689s][info][gc          ] GC(440) Pause Remark 69M->69M(132M) 5.829ms
[312.689s][info][gc,cpu      ] GC(440) User=0.06s Sys=0.02s Real=0.01s
[312.689s][info][gc,marking  ] GC(440) Concurrent Mark 69.453ms
[312.689s][info][gc,marking  ] GC(440) Concurrent Rebuild Remembered Sets and Scrub Regions
[312.723s][info][gc,marking  ] GC(440) Concurrent Rebuild Remembered Sets and Scrub Regions 33.708ms
[312.723s][info][gc,start    ] GC(440) Pause Cleanup
[312.723s][info][gc          ] GC(440) Pause Cleanup 76M->76M(132M) 0.169ms
[312.724s][info][gc,cpu      ] GC(440) User=0.00s Sys=0.00s Real=0.00s
[312.724s][info][gc,marking  ] GC(440) Concurrent Clear Claimed Marks
[312.724s][info][gc,marking  ] GC(440) Concurrent Clear Claimed Marks 0.105ms
[312.724s][info][gc,marking  ] GC(440) Concurrent Cleanup for Next Mark
[312.724s][info][gc,marking  ] GC(440) Concurrent Cleanup for Next Mark 0.283ms
[312.724s][info][gc          ] GC(440) Concurrent Mark Cycle 105.949ms
[312.824s][info][gc,start    ] GC(441) Pause Young (Prepare Mixed) (G1 Evacuation Pause)
[312.824s][info][gc,task     ] GC(441) Using 8 workers of 8 for evacuation
[312.827s][info][gc,phases   ] GC(441)   Pre Evacuate Collection Set: 0.1ms
[312.828s][info][gc,phases   ] GC(441)   Merge Heap Roots: 0.1ms
[312.828s][info][gc,phases   ] GC(441)   Evacuate Collection Set: 2.2ms
[312.828s][info][gc,phases   ] GC(441)   Post Evacuate Collection Set: 0.5ms
[312.828s][info][gc,phases   ] GC(441)   Other: 0.1ms
[312.828s][info][gc,heap     ] GC(441) Eden regions: 68->0(68)
[312.828s][info][gc,heap     ] GC(441) Survivor regions: 4->4(9)
[312.828s][info][gc,heap     ] GC(441) Old regions: 46->46
[312.828s][info][gc,heap     ] GC(441) Humongous regions: 2->2
[312.828s][info][gc,metaspace] GC(441) Metaspace: 84639K(85888K)->84639K(85888K) NonClass: 73710K(74432K)->73710K(74432K) Class: 10928K(11456K)->10928K(11456K)
[312.828s][info][gc          ] GC(441) Pause Young (Prepare Mixed) (G1 Evacuation Pause) 118M->51M(132M) 3.585ms
[312.828s][info][gc,cpu      ] GC(441) User=0.12s Sys=0.00s Real=0.00s
[323.008s][info][gc,start    ] GC(442) Pause Young (Mixed) (G1 Evacuation Pause)
[323.008s][info][gc,task     ] GC(442) Using 8 workers of 8 for evacuation
[323.013s][info][gc,phases   ] GC(442)   Pre Evacuate Collection Set: 0.3ms
[323.013s][info][gc,phases   ] GC(442)   Merge Heap Roots: 0.2ms
[323.013s][info][gc,phases   ] GC(442)   Evacuate Collection Set: 3.8ms
[323.013s][info][gc,phases   ] GC(442)   Post Evacuate Collection Set: 0.6ms
[323.013s][info][gc,phases   ] GC(442)   Other: 0.1ms
[323.013s][info][gc,heap     ] GC(442) Eden regions: 68->0(72)
[323.013s][info][gc,heap     ] GC(442) Survivor regions: 4->2(9)
[323.013s][info][gc,heap     ] GC(442) Old regions: 46->46
[323.013s][info][gc,heap     ] GC(442) Humongous regions: 2->2
[323.013s][info][gc,metaspace] GC(442) Metaspace: 84641K(85888K)->84641K(85888K) NonClass: 73713K(74432K)->73713K(74432K) Class: 10928K(11456K)->10928K(11456K)
[323.013s][info][gc          ] GC(442) Pause Young (Mixed) (G1 Evacuation Pause) 119M->48M(132M) 5.515ms
[323.013s][info][gc,cpu      ] GC(442) User=0.00s Sys=0.00s Real=0.01s
[323.122s][info][gc,start    ] GC(443) Pause Young (Concurrent Start) (G1 Evacuation Pause)
[323.122s][info][gc,task     ] GC(443) Using 8 workers of 8 for evacuation
[323.124s][info][gc,phases   ] GC(443)   Pre Evacuate Collection Set: 0.1ms
[323.124s][info][gc,phases   ] GC(443)   Merge Heap Roots: 0.1ms
[323.124s][info][gc,phases   ] GC(443)   Evacuate Collection Set: 1.3ms
[323.124s][info][gc,phases   ] GC(443)   Post Evacuate Collection Set: 0.4ms
[323.124s][info][gc,phases   ] GC(443)   Other: 0.1ms
[323.124s][info][gc,heap     ] GC(443) Eden regions: 72->0(72)
[323.124s][info][gc,heap     ] GC(443) Survivor regions: 2->2(10)
[323.124s][info][gc,heap     ] GC(443) Old regions: 46->46
[323.124s][info][gc,heap     ] GC(443) Humongous regions: 2->2
[323.124s][info][gc,metaspace] GC(443) Metaspace: 84642K(85888K)->84642K(85888K) NonClass: 73713K(74432K)->73713K(74432K) Class: 10928K(11456K)->10928K(11456K)
[323.124s][info][gc          ] GC(443) Pause Young (Concurrent Start) (G1 Evacuation Pause) 120M->48M(132M) 2.367ms
[323.125s][info][gc,cpu      ] GC(443) User=0.02s Sys=0.00s Real=0.00s
[323.125s][info][gc          ] GC(444) Concurrent Mark Cycle
[323.125s][info][gc,marking  ] GC(444) Concurrent Scan Root Regions
[323.126s][info][gc,marking  ] GC(444) Concurrent Scan Root Regions 1.748ms
[323.126s][info][gc,marking  ] GC(444) Concurrent Mark
[323.126s][info][gc,marking  ] GC(444) Concurrent Mark From Roots
[323.126s][info][gc,task     ] GC(444) Using 2 workers of 2 for marking
[323.173s][info][gc,marking  ] GC(444) Concurrent Mark From Roots 46.406ms
[323.173s][info][gc,marking  ] GC(444) Concurrent Preclean
[323.173s][info][gc,marking  ] GC(444) Concurrent Preclean 0.298ms
[323.173s][info][gc,start    ] GC(444) Pause Remark
[323.178s][info][gc          ] GC(444) Pause Remark 68M->68M(132M) 4.545ms
[323.178s][info][gc,cpu      ] GC(444) User=0.00s Sys=0.00s Real=0.00s
[323.178s][info][gc,marking  ] GC(444) Concurrent Mark 51.587ms
[323.178s][info][gc,marking  ] GC(444) Concurrent Rebuild Remembered Sets and Scrub Regions
[323.206s][info][gc,marking  ] GC(444) Concurrent Rebuild Remembered Sets and Scrub Regions 27.686ms
[323.206s][info][gc,start    ] GC(444) Pause Cleanup
[323.206s][info][gc          ] GC(444) Pause Cleanup 79M->79M(132M) 0.180ms
[323.206s][info][gc,cpu      ] GC(444) User=0.00s Sys=0.00s Real=0.00s
[323.206s][info][gc,marking  ] GC(444) Concurrent Clear Claimed Marks
[323.206s][info][gc,marking  ] GC(444) Concurrent Clear Claimed Marks 0.071ms
[323.206s][info][gc,marking  ] GC(444) Concurrent Cleanup for Next Mark
[323.207s][info][gc,marking  ] GC(444) Concurrent Cleanup for Next Mark 0.233ms
[323.207s][info][gc          ] GC(444) Concurrent Mark Cycle 82.009ms
[323.271s][info][gc,start    ] GC(445) Pause Young (Prepare Mixed) (G1 Evacuation Pause)
[323.271s][info][gc,task     ] GC(445) Using 8 workers of 8 for evacuation
[323.273s][info][gc,phases   ] GC(445)   Pre Evacuate Collection Set: 0.1ms
[323.273s][info][gc,phases   ] GC(445)   Merge Heap Roots: 0.1ms
[323.273s][info][gc,phases   ] GC(445)   Evacuate Collection Set: 1.1ms
[323.273s][info][gc,phases   ] GC(445)   Post Evacuate Collection Set: 0.5ms
[323.273s][info][gc,phases   ] GC(445)   Other: 0.1ms
[323.274s][info][gc,heap     ] GC(445) Eden regions: 72->0(72)
[323.274s][info][gc,heap     ] GC(445) Survivor regions: 2->2(10)
[323.274s][info][gc,heap     ] GC(445) Old regions: 46->46
[323.274s][info][gc,heap     ] GC(445) Humongous regions: 2->2
[323.274s][info][gc,metaspace] GC(445) Metaspace: 84642K(85888K)->84642K(85888K) NonClass: 73713K(74432K)->73713K(74432K) Class: 10928K(11456K)->10928K(11456K)
[323.274s][info][gc          ] GC(445) Pause Young (Prepare Mixed) (G1 Evacuation Pause) 120M->48M(132M) 2.276ms
[323.274s][info][gc,cpu      ] GC(445) User=0.00s Sys=0.00s Real=0.00s
[323.468s][info][gc,start    ] GC(446) Pause Young (Mixed) (G1 Evacuation Pause)
[323.468s][info][gc,task     ] GC(446) Using 8 workers of 8 for evacuation
[323.470s][info][gc,phases   ] GC(446)   Pre Evacuate Collection Set: 0.1ms
[323.470s][info][gc,phases   ] GC(446)   Merge Heap Roots: 0.1ms
[323.470s][info][gc,phases   ] GC(446)   Evacuate Collection Set: 1.7ms
[323.470s][info][gc,phases   ] GC(446)   Post Evacuate Collection Set: 0.4ms
[323.470s][info][gc,phases   ] GC(446)   Other: 0.1ms
[323.470s][info][gc,heap     ] GC(446) Eden regions: 72->0(72)
[323.470s][info][gc,heap     ] GC(446) Survivor regions: 2->2(10)
[323.470s][info][gc,heap     ] GC(446) Old regions: 46->46
[323.470s][info][gc,heap     ] GC(446) Humongous regions: 2->2
[323.471s][info][gc,metaspace] GC(446) Metaspace: 84642K(85888K)->84642K(85888K) NonClass: 73713K(74432K)->73713K(74432K) Class: 10928K(11456K)->10928K(11456K)
[323.471s][info][gc          ] GC(446) Pause Young (Mixed) (G1 Evacuation Pause) 120M->48M(132M) 2.744ms
[323.471s][info][gc,cpu      ] GC(446) User=0.00s Sys=0.00s Real=0.00s
[323.667s][info][gc,start    ] GC(447) Pause Young (Concurrent Start) (G1 Evacuation Pause)
[323.667s][info][gc,task     ] GC(447) Using 8 workers of 8 for evacuation
[323.669s][info][gc,phases   ] GC(447)   Pre Evacuate Collection Set: 0.1ms
[323.669s][info][gc,phases   ] GC(447)   Merge Heap Roots: 0.1ms
[323.669s][info][gc,phases   ] GC(447)   Evacuate Collection Set: 1.4ms
[323.669s][info][gc,phases   ] GC(447)   Post Evacuate Collection Set: 0.3ms
[323.669s][info][gc,phases   ] GC(447)   Other: 0.1ms
[323.669s][info][gc,heap     ] GC(447) Eden regions: 72->0(72)
[323.669s][info][gc,heap     ] GC(447) Survivor regions: 2->2(10)
[323.669s][info][gc,heap     ] GC(447) Old regions: 46->46
[323.669s][info][gc,heap     ] GC(447) Humongous regions: 2->2
[323.669s][info][gc,metaspace] GC(447) Metaspace: 84642K(85888K)->84642K(85888K) NonClass: 73713K(74432K)->73713K(74432K) Class: 10928K(11456K)->10928K(11456K)
[323.669s][info][gc          ] GC(447) Pause Young (Concurrent Start) (G1 Evacuation Pause) 120M->48M(132M) 2.350ms
[323.669s][info][gc,cpu      ] GC(447) User=0.11s Sys=0.00s Real=0.00s
[323.669s][info][gc          ] GC(448) Concurrent Mark Cycle
[323.669s][info][gc,marking  ] GC(448) Concurrent Scan Root Regions
[323.671s][info][gc,marking  ] GC(448) Concurrent Scan Root Regions 1.180ms
[323.671s][info][gc,marking  ] GC(448) Concurrent Mark
[323.671s][info][gc,marking  ] GC(448) Concurrent Mark From Roots
[323.671s][info][gc,task     ] GC(448) Using 2 workers of 2 for marking
[323.740s][info][gc,marking  ] GC(448) Concurrent Mark From Roots 68.902ms
[323.740s][info][gc,marking  ] GC(448) Concurrent Preclean
[323.740s][info][gc,marking  ] GC(448) Concurrent Preclean 0.302ms
[323.740s][info][gc,start    ] GC(448) Pause Remark
[323.745s][info][gc          ] GC(448) Pause Remark 66M->66M(132M) 4.747ms
[323.745s][info][gc,cpu      ] GC(448) User=0.00s Sys=0.00s Real=0.01s
[323.745s][info][gc,marking  ] GC(448) Concurrent Mark 74.286ms
[323.745s][info][gc,marking  ] GC(448) Concurrent Rebuild Remembered Sets and Scrub Regions
[323.771s][info][gc,marking  ] GC(448) Concurrent Rebuild Remembered Sets and Scrub Regions 26.277ms
[323.771s][info][gc,start    ] GC(448) Pause Cleanup
[323.772s][info][gc          ] GC(448) Pause Cleanup 74M->74M(132M) 0.173ms
[323.772s][info][gc,cpu      ] GC(448) User=0.00s Sys=0.00s Real=0.00s
[323.772s][info][gc,marking  ] GC(448) Concurrent Clear Claimed Marks
[323.772s][info][gc,marking  ] GC(448) Concurrent Clear Claimed Marks 0.106ms
[323.772s][info][gc,marking  ] GC(448) Concurrent Cleanup for Next Mark
[323.772s][info][gc,marking  ] GC(448) Concurrent Cleanup for Next Mark 0.227ms
[323.772s][info][gc          ] GC(448) Concurrent Mark Cycle 102.778ms
[323.889s][info][gc,start    ] GC(449) Pause Young (Prepare Mixed) (G1 Evacuation Pause)
[323.889s][info][gc,task     ] GC(449) Using 8 workers of 8 for evacuation
[323.892s][info][gc,phases   ] GC(449)   Pre Evacuate Collection Set: 0.1ms
[323.892s][info][gc,phases   ] GC(449)   Merge Heap Roots: 0.1ms
[323.892s][info][gc,phases   ] GC(449)   Evacuate Collection Set: 1.8ms
[323.892s][info][gc,phases   ] GC(449)   Post Evacuate Collection Set: 0.4ms
[323.892s][info][gc,phases   ] GC(449)   Other: 0.1ms
[323.892s][info][gc,heap     ] GC(449) Eden regions: 72->0(72)
[323.892s][info][gc,heap     ] GC(449) Survivor regions: 2->2(10)
[323.892s][info][gc,heap     ] GC(449) Old regions: 46->46
[323.892s][info][gc,heap     ] GC(449) Humongous regions: 2->2
[323.892s][info][gc,metaspace] GC(449) Metaspace: 84642K(85888K)->84642K(85888K) NonClass: 73713K(74432K)->73713K(74432K) Class: 10928K(11456K)->10928K(11456K)
[323.892s][info][gc          ] GC(449) Pause Young (Prepare Mixed) (G1 Evacuation Pause) 120M->49M(132M) 2.932ms
[323.892s][info][gc,cpu      ] GC(449) User=0.00s Sys=0.00s Real=0.00s
[324.049s][info][gc,start    ] GC(450) Pause Young (Mixed) (G1 Evacuation Pause)
[324.050s][info][gc,task     ] GC(450) Using 8 workers of 8 for evacuation
[324.053s][info][gc,phases   ] GC(450)   Pre Evacuate Collection Set: 0.1ms
[324.053s][info][gc,phases   ] GC(450)   Merge Heap Roots: 0.1ms
[324.053s][info][gc,phases   ] GC(450)   Evacuate Collection Set: 2.6ms
[324.053s][info][gc,phases   ] GC(450)   Post Evacuate Collection Set: 0.4ms
[324.053s][info][gc,phases   ] GC(450)   Other: 0.1ms
[324.053s][info][gc,heap     ] GC(450) Eden regions: 72->0(71)
[324.053s][info][gc,heap     ] GC(450) Survivor regions: 2->3(10)
[324.053s][info][gc,heap     ] GC(450) Old regions: 46->45
[324.053s][info][gc,heap     ] GC(450) Humongous regions: 2->2
[324.053s][info][gc,metaspace] GC(450) Metaspace: 84642K(85888K)->84642K(85888K) NonClass: 73713K(74432K)->73713K(74432K) Class: 10928K(11456K)->10928K(11456K)
[324.053s][info][gc          ] GC(450) Pause Young (Mixed) (G1 Evacuation Pause) 121M->48M(132M) 3.713ms
[324.053s][info][gc,cpu      ] GC(450) User=0.00s Sys=0.00s Real=0.00s
[324.208s][info][gc,start    ] GC(451) Pause Young (Concurrent Start) (G1 Evacuation Pause)
[324.208s][info][gc,task     ] GC(451) Using 8 workers of 8 for evacuation
[324.211s][info][gc,phases   ] GC(451)   Pre Evacuate Collection Set: 0.2ms
[324.211s][info][gc,phases   ] GC(451)   Merge Heap Roots: 0.1ms
[324.211s][info][gc,phases   ] GC(451)   Evacuate Collection Set: 2.0ms
[324.211s][info][gc,phases   ] GC(451)   Post Evacuate Collection Set: 0.4ms
[324.211s][info][gc,phases   ] GC(451)   Other: 0.1ms
[324.211s][info][gc,heap     ] GC(451) Eden regions: 71->0(71)
[324.211s][info][gc,heap     ] GC(451) Survivor regions: 3->3(10)
[324.211s][info][gc,heap     ] GC(451) Old regions: 45->45
[324.211s][info][gc,heap     ] GC(451) Humongous regions: 2->2
[324.211s][info][gc,metaspace] GC(451) Metaspace: 84642K(85888K)->84642K(85888K) NonClass: 73713K(74432K)->73713K(74432K) Class: 10928K(11456K)->10928K(11456K)
[324.211s][info][gc          ] GC(451) Pause Young (Concurrent Start) (G1 Evacuation Pause) 119M->48M(132M) 3.296ms
[324.212s][info][gc,cpu      ] GC(451) User=0.00s Sys=0.00s Real=0.00s
[324.212s][info][gc          ] GC(452) Concurrent Mark Cycle
[324.212s][info][gc,marking  ] GC(452) Concurrent Scan Root Regions
[324.214s][info][gc,marking  ] GC(452) Concurrent Scan Root Regions 2.405ms
[324.214s][info][gc,marking  ] GC(452) Concurrent Mark
[324.214s][info][gc,marking  ] GC(452) Concurrent Mark From Roots
[324.214s][info][gc,task     ] GC(452) Using 2 workers of 2 for marking
[324.278s][info][gc,marking  ] GC(452) Concurrent Mark From Roots 63.307ms
[324.278s][info][gc,marking  ] GC(452) Concurrent Preclean
[324.278s][info][gc,marking  ] GC(452) Concurrent Preclean 0.224ms
[324.278s][info][gc,start    ] GC(452) Pause Remark
[324.284s][info][gc          ] GC(452) Pause Remark 68M->68M(132M) 5.857ms
[324.284s][info][gc,cpu      ] GC(452) User=0.11s Sys=0.00s Real=0.01s
[324.284s][info][gc,marking  ] GC(452) Concurrent Mark 69.934ms
[324.284s][info][gc,marking  ] GC(452) Concurrent Rebuild Remembered Sets and Scrub Regions
[324.318s][info][gc,marking  ] GC(452) Concurrent Rebuild Remembered Sets and Scrub Regions 33.983ms
[324.318s][info][gc,start    ] GC(452) Pause Cleanup
[324.318s][info][gc          ] GC(452) Pause Cleanup 78M->78M(132M) 0.147ms
[324.318s][info][gc,cpu      ] GC(452) User=0.00s Sys=0.00s Real=0.00s
[324.319s][info][gc,marking  ] GC(452) Concurrent Clear Claimed Marks
[324.319s][info][gc,marking  ] GC(452) Concurrent Clear Claimed Marks 0.080ms
[324.319s][info][gc,marking  ] GC(452) Concurrent Cleanup for Next Mark
[324.319s][info][gc,marking  ] GC(452) Concurrent Cleanup for Next Mark 0.228ms
[324.319s][info][gc          ] GC(452) Concurrent Mark Cycle 107.384ms
[324.423s][info][gc,start    ] GC(453) Pause Young (Prepare Mixed) (G1 Evacuation Pause)
[324.423s][info][gc,task     ] GC(453) Using 8 workers of 8 for evacuation
[324.426s][info][gc,phases   ] GC(453)   Pre Evacuate Collection Set: 0.1ms
[324.426s][info][gc,phases   ] GC(453)   Merge Heap Roots: 0.1ms
[324.426s][info][gc,phases   ] GC(453)   Evacuate Collection Set: 2.1ms
[324.426s][info][gc,phases   ] GC(453)   Post Evacuate Collection Set: 0.6ms
[324.426s][info][gc,phases   ] GC(453)   Other: 0.1ms
[324.426s][info][gc,heap     ] GC(453) Eden regions: 71->0(71)
[324.426s][info][gc,heap     ] GC(453) Survivor regions: 3->3(10)
[324.426s][info][gc,heap     ] GC(453) Old regions: 45->45
[324.426s][info][gc,heap     ] GC(453) Humongous regions: 2->2
[324.426s][info][gc,metaspace] GC(453) Metaspace: 84642K(85888K)->84642K(85888K) NonClass: 73713K(74432K)->73713K(74432K) Class: 10928K(11456K)->10928K(11456K)
[324.426s][info][gc          ] GC(453) Pause Young (Prepare Mixed) (G1 Evacuation Pause) 119M->49M(132M) 3.431ms
[324.427s][info][gc,cpu      ] GC(453) User=0.00s Sys=0.00s Real=0.00s
[324.600s][info][gc,start    ] GC(454) Pause Young (Mixed) (G1 Evacuation Pause)
[324.600s][info][gc,task     ] GC(454) Using 8 workers of 8 for evacuation
[324.604s][info][gc,phases   ] GC(454)   Pre Evacuate Collection Set: 0.1ms
[324.604s][info][gc,phases   ] GC(454)   Merge Heap Roots: 0.1ms
[324.604s][info][gc,phases   ] GC(454)   Evacuate Collection Set: 2.8ms
[324.604s][info][gc,phases   ] GC(454)   Post Evacuate Collection Set: 0.4ms
[324.604s][info][gc,phases   ] GC(454)   Other: 0.1ms
[324.604s][info][gc,heap     ] GC(454) Eden regions: 71->0(71)
[324.604s][info][gc,heap     ] GC(454) Survivor regions: 3->3(10)
[324.604s][info][gc,heap     ] GC(454) Old regions: 45->45
[324.604s][info][gc,heap     ] GC(454) Humongous regions: 2->2
[324.604s][info][gc,metaspace] GC(454) Metaspace: 84642K(85888K)->84642K(85888K) NonClass: 73713K(74432K)->73713K(74432K) Class: 10928K(11456K)->10928K(11456K)
[324.604s][info][gc          ] GC(454) Pause Young (Mixed) (G1 Evacuation Pause) 120M->48M(132M) 3.939ms
[324.604s][info][gc,cpu      ] GC(454) User=0.00s Sys=0.00s Real=0.00s
[324.763s][info][gc,start    ] GC(455) Pause Young (Concurrent Start) (G1 Evacuation Pause)
[324.763s][info][gc,task     ] GC(455) Using 8 workers of 8 for evacuation
[324.767s][info][gc,phases   ] GC(455)   Pre Evacuate Collection Set: 0.1ms
[324.767s][info][gc,phases   ] GC(455)   Merge Heap Roots: 0.1ms
[324.767s][info][gc,phases   ] GC(455)   Evacuate Collection Set: 2.5ms
[324.767s][info][gc,phases   ] GC(455)   Post Evacuate Collection Set: 0.4ms
[324.767s][info][gc,phases   ] GC(455)   Other: 0.1ms
[324.767s][info][gc,heap     ] GC(455) Eden regions: 71->0(71)
[324.767s][info][gc,heap     ] GC(455) Survivor regions: 3->3(10)
[324.767s][info][gc,heap     ] GC(455) Old regions: 45->45
[324.767s][info][gc,heap     ] GC(455) Humongous regions: 2->2
[324.767s][info][gc,metaspace] GC(455) Metaspace: 84642K(85888K)->84642K(85888K) NonClass: 73713K(74432K)->73713K(74432K) Class: 10928K(11456K)->10928K(11456K)
[324.767s][info][gc          ] GC(455) Pause Young (Concurrent Start) (G1 Evacuation Pause) 119M->49M(132M) 3.582ms
[324.767s][info][gc,cpu      ] GC(455) User=0.00s Sys=0.00s Real=0.00s
[324.767s][info][gc          ] GC(456) Concurrent Mark Cycle
[324.767s][info][gc,marking  ] GC(456) Concurrent Scan Root Regions
[324.768s][info][gc,marking  ] GC(456) Concurrent Scan Root Regions 1.494ms
[324.769s][info][gc,marking  ] GC(456) Concurrent Mark
[324.769s][info][gc,marking  ] GC(456) Concurrent Mark From Roots
[324.769s][info][gc,task     ] GC(456) Using 2 workers of 2 for marking
[324.834s][info][gc,marking  ] GC(456) Concurrent Mark From Roots 65.445ms
[324.834s][info][gc,marking  ] GC(456) Concurrent Preclean
[324.834s][info][gc,marking  ] GC(456) Concurrent Preclean 0.336ms
[324.835s][info][gc,start    ] GC(456) Pause Remark
[324.839s][info][gc          ] GC(456) Pause Remark 67M->67M(132M) 4.939ms
[324.840s][info][gc,cpu      ] GC(456) User=0.00s Sys=0.00s Real=0.01s
[324.840s][info][gc,marking  ] GC(456) Concurrent Mark 71.114ms
[324.840s][info][gc,marking  ] GC(456) Concurrent Rebuild Remembered Sets and Scrub Regions
[324.863s][info][gc,marking  ] GC(456) Concurrent Rebuild Remembered Sets and Scrub Regions 23.228ms
[324.863s][info][gc,start    ] GC(456) Pause Cleanup
[324.863s][info][gc          ] GC(456) Pause Cleanup 77M->77M(132M) 0.159ms
[324.863s][info][gc,cpu      ] GC(456) User=0.00s Sys=0.00s Real=0.00s
[324.863s][info][gc,marking  ] GC(456) Concurrent Clear Claimed Marks
[324.863s][info][gc,marking  ] GC(456) Concurrent Clear Claimed Marks 0.102ms
[324.863s][info][gc,marking  ] GC(456) Concurrent Cleanup for Next Mark
[324.864s][info][gc,marking  ] GC(456) Concurrent Cleanup for Next Mark 0.254ms
[324.864s][info][gc          ] GC(456) Concurrent Mark Cycle 96.881ms
[324.973s][info][gc,start    ] GC(457) Pause Young (Prepare Mixed) (G1 Evacuation Pause)
[324.973s][info][gc,task     ] GC(457) Using 8 workers of 8 for evacuation
[324.976s][info][gc,phases   ] GC(457)   Pre Evacuate Collection Set: 0.1ms
[324.976s][info][gc,phases   ] GC(457)   Merge Heap Roots: 0.1ms
[324.976s][info][gc,phases   ] GC(457)   Evacuate Collection Set: 1.8ms
[324.976s][info][gc,phases   ] GC(457)   Post Evacuate Collection Set: 0.6ms
[324.976s][info][gc,phases   ] GC(457)   Other: 0.1ms
[324.976s][info][gc,heap     ] GC(457) Eden regions: 71->0(71)
[324.976s][info][gc,heap     ] GC(457) Survivor regions: 3->3(10)
[324.976s][info][gc,heap     ] GC(457) Old regions: 45->45
[324.976s][info][gc,heap     ] GC(457) Humongous regions: 2->2
[324.976s][info][gc,metaspace] GC(457) Metaspace: 84642K(85888K)->84642K(85888K) NonClass: 73713K(74432K)->73713K(74432K) Class: 10928K(11456K)->10928K(11456K)
[324.976s][info][gc          ] GC(457) Pause Young (Prepare Mixed) (G1 Evacuation Pause) 120M->49M(132M) 3.429ms
[324.976s][info][gc,cpu      ] GC(457) User=0.00s Sys=0.00s Real=0.00s
[325.158s][info][gc,start    ] GC(458) Pause Young (Mixed) (G1 Evacuation Pause)
[325.158s][info][gc,task     ] GC(458) Using 8 workers of 8 for evacuation
[325.163s][info][gc,phases   ] GC(458)   Pre Evacuate Collection Set: 0.1ms
[325.163s][info][gc,phases   ] GC(458)   Merge Heap Roots: 0.1ms
[325.163s][info][gc,phases   ] GC(458)   Evacuate Collection Set: 3.5ms
[325.163s][info][gc,phases   ] GC(458)   Post Evacuate Collection Set: 0.4ms
[325.163s][info][gc,phases   ] GC(458)   Other: 0.1ms
[325.163s][info][gc,heap     ] GC(458) Eden regions: 71->0(70)
[325.163s][info][gc,heap     ] GC(458) Survivor regions: 3->4(10)
[325.163s][info][gc,heap     ] GC(458) Old regions: 45->44
[325.163s][info][gc,heap     ] GC(458) Humongous regions: 2->2
[325.163s][info][gc,metaspace] GC(458) Metaspace: 84642K(85888K)->84642K(85888K) NonClass: 73713K(74432K)->73713K(74432K) Class: 10928K(11456K)->10928K(11456K)
[325.163s][info][gc          ] GC(458) Pause Young (Mixed) (G1 Evacuation Pause) 120M->49M(132M) 4.617ms
[325.163s][info][gc,cpu      ] GC(458) User=0.00s Sys=0.00s Real=0.01s
[325.333s][info][gc,start    ] GC(459) Pause Young (Concurrent Start) (G1 Evacuation Pause)
[325.333s][info][gc,task     ] GC(459) Using 8 workers of 8 for evacuation
[325.336s][info][gc,phases   ] GC(459)   Pre Evacuate Collection Set: 0.2ms
[325.336s][info][gc,phases   ] GC(459)   Merge Heap Roots: 0.1ms
[325.336s][info][gc,phases   ] GC(459)   Evacuate Collection Set: 1.8ms
[325.336s][info][gc,phases   ] GC(459)   Post Evacuate Collection Set: 0.3ms
[325.336s][info][gc,phases   ] GC(459)   Other: 0.1ms
[325.336s][info][gc,heap     ] GC(459) Eden regions: 70->0(70)
[325.336s][info][gc,heap     ] GC(459) Survivor regions: 4->4(10)
[325.336s][info][gc,heap     ] GC(459) Old regions: 44->44
[325.336s][info][gc,heap     ] GC(459) Humongous regions: 2->2
[325.336s][info][gc,metaspace] GC(459) Metaspace: 84642K(85888K)->84642K(85888K) NonClass: 73713K(74432K)->73713K(74432K) Class: 10928K(11456K)->10928K(11456K)
[325.336s][info][gc          ] GC(459) Pause Young (Concurrent Start) (G1 Evacuation Pause) 119M->49M(132M) 2.750ms
[325.336s][info][gc,cpu      ] GC(459) User=0.00s Sys=0.00s Real=0.00s
[325.336s][info][gc          ] GC(460) Concurrent Mark Cycle
[325.336s][info][gc,marking  ] GC(460) Concurrent Scan Root Regions
[325.338s][info][gc,marking  ] GC(460) Concurrent Scan Root Regions 2.047ms
[325.338s][info][gc,marking  ] GC(460) Concurrent Mark
[325.338s][info][gc,marking  ] GC(460) Concurrent Mark From Roots
[325.338s][info][gc,task     ] GC(460) Using 2 workers of 2 for marking
[325.393s][info][gc,marking  ] GC(460) Concurrent Mark From Roots 55.056ms
[325.393s][info][gc,marking  ] GC(460) Concurrent Preclean
[325.393s][info][gc,marking  ] GC(460) Concurrent Preclean 0.217ms
[325.394s][info][gc,start    ] GC(460) Pause Remark
[325.399s][info][gc          ] GC(460) Pause Remark 67M->67M(132M) 5.460ms
[325.399s][info][gc,cpu      ] GC(460) User=0.00s Sys=0.00s Real=0.01s
[325.399s][info][gc,marking  ] GC(460) Concurrent Mark 61.097ms
[325.399s][info][gc,marking  ] GC(460) Concurrent Rebuild Remembered Sets and Scrub Regions
[325.427s][info][gc,marking  ] GC(460) Concurrent Rebuild Remembered Sets and Scrub Regions 27.737ms
[325.427s][info][gc,start    ] GC(460) Pause Cleanup
[325.427s][info][gc          ] GC(460) Pause Cleanup 77M->77M(132M) 0.145ms
[325.427s][info][gc,cpu      ] GC(460) User=0.00s Sys=0.00s Real=0.00s
[325.427s][info][gc,marking  ] GC(460) Concurrent Clear Claimed Marks
[325.427s][info][gc,marking  ] GC(460) Concurrent Clear Claimed Marks 0.085ms
[325.427s][info][gc,marking  ] GC(460) Concurrent Cleanup for Next Mark
[325.428s][info][gc,marking  ] GC(460) Concurrent Cleanup for Next Mark 0.288ms
[325.428s][info][gc          ] GC(460) Concurrent Mark Cycle 91.918ms
[325.517s][info][gc,start    ] GC(461) Pause Young (Prepare Mixed) (G1 Evacuation Pause)
[325.517s][info][gc,task     ] GC(461) Using 8 workers of 8 for evacuation
[325.520s][info][gc,phases   ] GC(461)   Pre Evacuate Collection Set: 0.2ms
[325.520s][info][gc,phases   ] GC(461)   Merge Heap Roots: 0.1ms
[325.520s][info][gc,phases   ] GC(461)   Evacuate Collection Set: 2.2ms
[325.520s][info][gc,phases   ] GC(461)   Post Evacuate Collection Set: 0.5ms
[325.520s][info][gc,phases   ] GC(461)   Other: 0.1ms
[325.520s][info][gc,heap     ] GC(461) Eden regions: 70->0(70)
[325.520s][info][gc,heap     ] GC(461) Survivor regions: 4->4(10)
[325.520s][info][gc,heap     ] GC(461) Old regions: 44->44
[325.520s][info][gc,heap     ] GC(461) Humongous regions: 2->2
[325.520s][info][gc,metaspace] GC(461) Metaspace: 84642K(85888K)->84642K(85888K) NonClass: 73713K(74432K)->73713K(74432K) Class: 10928K(11456K)->10928K(11456K)
[325.520s][info][gc          ] GC(461) Pause Young (Prepare Mixed) (G1 Evacuation Pause) 119M->49M(132M) 3.369ms
[325.520s][info][gc,cpu      ] GC(461) User=0.00s Sys=0.00s Real=0.00s
[325.692s][info][gc,start    ] GC(462) Pause Young (Mixed) (G1 Evacuation Pause)
[325.692s][info][gc,task     ] GC(462) Using 8 workers of 8 for evacuation
[325.698s][info][gc,phases   ] GC(462)   Pre Evacuate Collection Set: 0.2ms
[325.698s][info][gc,phases   ] GC(462)   Merge Heap Roots: 0.2ms
[325.698s][info][gc,phases   ] GC(462)   Evacuate Collection Set: 4.6ms
[325.698s][info][gc,phases   ] GC(462)   Post Evacuate Collection Set: 0.5ms
[325.698s][info][gc,phases   ] GC(462)   Other: 0.1ms
[325.698s][info][gc,heap     ] GC(462) Eden regions: 70->0(70)
[325.698s][info][gc,heap     ] GC(462) Survivor regions: 4->4(10)
[325.698s][info][gc,heap     ] GC(462) Old regions: 44->44
[325.698s][info][gc,heap     ] GC(462) Humongous regions: 2->2
[325.698s][info][gc,metaspace] GC(462) Metaspace: 84642K(85888K)->84642K(85888K) NonClass: 73714K(74432K)->73714K(74432K) Class: 10928K(11456K)->10928K(11456K)
[325.698s][info][gc          ] GC(462) Pause Young (Mixed) (G1 Evacuation Pause) 119M->49M(132M) 6.182ms
[325.698s][info][gc,cpu      ] GC(462) User=0.00s Sys=0.00s Real=0.01s
[325.862s][info][gc,start    ] GC(463) Pause Young (Concurrent Start) (G1 Evacuation Pause)
[325.862s][info][gc,task     ] GC(463) Using 8 workers of 8 for evacuation
[325.865s][info][gc,phases   ] GC(463)   Pre Evacuate Collection Set: 0.1ms
[325.865s][info][gc,phases   ] GC(463)   Merge Heap Roots: 0.1ms
[325.865s][info][gc,phases   ] GC(463)   Evacuate Collection Set: 2.2ms
[325.865s][info][gc,phases   ] GC(463)   Post Evacuate Collection Set: 0.5ms
[325.865s][info][gc,phases   ] GC(463)   Other: 0.2ms
[325.865s][info][gc,heap     ] GC(463) Eden regions: 70->0(69)
[325.865s][info][gc,heap     ] GC(463) Survivor regions: 4->4(10)
[325.865s][info][gc,heap     ] GC(463) Old regions: 44->45
[325.865s][info][gc,heap     ] GC(463) Humongous regions: 2->2
[325.866s][info][gc,metaspace] GC(463) Metaspace: 84642K(85888K)->84642K(85888K) NonClass: 73714K(74432K)->73714K(74432K) Class: 10928K(11456K)->10928K(11456K)
[325.866s][info][gc          ] GC(463) Pause Young (Concurrent Start) (G1 Evacuation Pause) 119M->49M(132M) 3.645ms
[325.866s][info][gc          ] GC(464) Concurrent Mark Cycle
[325.866s][info][gc,cpu      ] GC(463) User=0.00s Sys=0.00s Real=0.00s
[325.866s][info][gc,marking  ] GC(464) Concurrent Scan Root Regions
[325.868s][info][gc,marking  ] GC(464) Concurrent Scan Root Regions 2.621ms
[325.869s][info][gc,marking  ] GC(464) Concurrent Mark
[325.869s][info][gc,marking  ] GC(464) Concurrent Mark From Roots
[325.869s][info][gc,task     ] GC(464) Using 2 workers of 2 for marking
[325.932s][info][gc,marking  ] GC(464) Concurrent Mark From Roots 63.146ms
[325.932s][info][gc,marking  ] GC(464) Concurrent Preclean
[325.932s][info][gc,marking  ] GC(464) Concurrent Preclean 0.304ms
[325.932s][info][gc,start    ] GC(464) Pause Remark
[325.937s][info][gc          ] GC(464) Pause Remark 67M->67M(132M) 5.151ms
[325.937s][info][gc,cpu      ] GC(464) User=0.05s Sys=0.02s Real=0.00s
[325.938s][info][gc,marking  ] GC(464) Concurrent Mark 69.009ms
[325.938s][info][gc,marking  ] GC(464) Concurrent Rebuild Remembered Sets and Scrub Regions
[325.963s][info][gc,marking  ] GC(464) Concurrent Rebuild Remembered Sets and Scrub Regions 25.574ms
[325.963s][info][gc,start    ] GC(464) Pause Cleanup
[325.964s][info][gc          ] GC(464) Pause Cleanup 74M->74M(132M) 0.154ms
[325.964s][info][gc,cpu      ] GC(464) User=0.00s Sys=0.00s Real=0.00s
[325.964s][info][gc,marking  ] GC(464) Concurrent Clear Claimed Marks
[325.964s][info][gc,marking  ] GC(464) Concurrent Clear Claimed Marks 0.116ms
[325.964s][info][gc,marking  ] GC(464) Concurrent Cleanup for Next Mark
[325.964s][info][gc,marking  ] GC(464) Concurrent Cleanup for Next Mark 0.317ms
[325.964s][info][gc          ] GC(464) Concurrent Mark Cycle 98.490ms
[326.068s][info][gc,start    ] GC(465) Pause Young (Prepare Mixed) (G1 Evacuation Pause)
[326.068s][info][gc,task     ] GC(465) Using 8 workers of 8 for evacuation
[326.071s][info][gc,phases   ] GC(465)   Pre Evacuate Collection Set: 0.2ms
[326.071s][info][gc,phases   ] GC(465)   Merge Heap Roots: 0.1ms
[326.071s][info][gc,phases   ] GC(465)   Evacuate Collection Set: 2.4ms
[326.071s][info][gc,phases   ] GC(465)   Post Evacuate Collection Set: 0.4ms
[326.071s][info][gc,phases   ] GC(465)   Other: 0.1ms
[326.071s][info][gc,heap     ] GC(465) Eden regions: 69->0(69)
[326.071s][info][gc,heap     ] GC(465) Survivor regions: 4->4(10)
[326.071s][info][gc,heap     ] GC(465) Old regions: 45->45
[326.071s][info][gc,heap     ] GC(465) Humongous regions: 2->2
[326.071s][info][gc,metaspace] GC(465) Metaspace: 84642K(85888K)->84642K(85888K) NonClass: 73714K(74432K)->73714K(74432K) Class: 10928K(11456K)->10928K(11456K)
[326.071s][info][gc          ] GC(465) Pause Young (Prepare Mixed) (G1 Evacuation Pause) 118M->50M(132M) 3.568ms
[326.071s][info][gc,cpu      ] GC(465) User=0.00s Sys=0.00s Real=0.00s
[326.251s][info][gc,start    ] GC(466) Pause Young (Mixed) (G1 Evacuation Pause)
[326.251s][info][gc,task     ] GC(466) Using 8 workers of 8 for evacuation
[326.256s][info][gc,phases   ] GC(466)   Pre Evacuate Collection Set: 0.1ms
[326.256s][info][gc,phases   ] GC(466)   Merge Heap Roots: 0.1ms
[326.256s][info][gc,phases   ] GC(466)   Evacuate Collection Set: 4.1ms
[326.256s][info][gc,phases   ] GC(466)   Post Evacuate Collection Set: 0.5ms
[326.256s][info][gc,phases   ] GC(466)   Other: 0.1ms
[326.256s][info][gc,heap     ] GC(466) Eden regions: 69->0(69)
[326.256s][info][gc,heap     ] GC(466) Survivor regions: 4->4(10)
[326.256s][info][gc,heap     ] GC(466) Old regions: 45->45
[326.256s][info][gc,heap     ] GC(466) Humongous regions: 2->2
[326.256s][info][gc,metaspace] GC(466) Metaspace: 84642K(85888K)->84642K(85888K) NonClass: 73714K(74432K)->73714K(74432K) Class: 10928K(11456K)->10928K(11456K)
[326.256s][info][gc          ] GC(466) Pause Young (Mixed) (G1 Evacuation Pause) 119M->49M(132M) 5.323ms
[326.257s][info][gc,cpu      ] GC(466) User=0.00s Sys=0.00s Real=0.01s
[326.443s][info][gc,start    ] GC(467) Pause Young (Concurrent Start) (G1 Evacuation Pause)
[326.443s][info][gc,task     ] GC(467) Using 8 workers of 8 for evacuation
[326.446s][info][gc,phases   ] GC(467)   Pre Evacuate Collection Set: 0.2ms
[326.446s][info][gc,phases   ] GC(467)   Merge Heap Roots: 0.1ms
[326.446s][info][gc,phases   ] GC(467)   Evacuate Collection Set: 2.2ms
[326.446s][info][gc,phases   ] GC(467)   Post Evacuate Collection Set: 0.3ms
[326.446s][info][gc,phases   ] GC(467)   Other: 0.1ms
[326.446s][info][gc,heap     ] GC(467) Eden regions: 69->0(69)
[326.446s][info][gc,heap     ] GC(467) Survivor regions: 4->4(10)
[326.446s][info][gc,heap     ] GC(467) Old regions: 45->45
[326.447s][info][gc,heap     ] GC(467) Humongous regions: 2->2
[326.447s][info][gc,metaspace] GC(467) Metaspace: 84642K(85888K)->84642K(85888K) NonClass: 73714K(74432K)->73714K(74432K) Class: 10928K(11456K)->10928K(11456K)
[326.447s][info][gc          ] GC(467) Pause Young (Concurrent Start) (G1 Evacuation Pause) 118M->49M(132M) 3.438ms
[326.447s][info][gc          ] GC(468) Concurrent Mark Cycle
[326.447s][info][gc,cpu      ] GC(467) User=0.00s Sys=0.00s Real=0.00s
[326.447s][info][gc,marking  ] GC(468) Concurrent Scan Root Regions
[326.449s][info][gc,marking  ] GC(468) Concurrent Scan Root Regions 2.743ms
[326.450s][info][gc,marking  ] GC(468) Concurrent Mark
[326.450s][info][gc,marking  ] GC(468) Concurrent Mark From Roots
[326.450s][info][gc,task     ] GC(468) Using 2 workers of 2 for marking
[326.513s][info][gc,marking  ] GC(468) Concurrent Mark From Roots 63.425ms
[326.513s][info][gc,marking  ] GC(468) Concurrent Preclean
[326.513s][info][gc,marking  ] GC(468) Concurrent Preclean 0.241ms
[326.513s][info][gc,start    ] GC(468) Pause Remark
[326.518s][info][gc          ] GC(468) Pause Remark 70M->70M(132M) 5.053ms
[326.519s][info][gc,cpu      ] GC(468) User=0.00s Sys=0.00s Real=0.01s
[326.519s][info][gc,marking  ] GC(468) Concurrent Mark 69.099ms
[326.519s][info][gc,marking  ] GC(468) Concurrent Rebuild Remembered Sets and Scrub Regions
[326.540s][info][gc,marking  ] GC(468) Concurrent Rebuild Remembered Sets and Scrub Regions 21.352ms
[326.540s][info][gc,start    ] GC(468) Pause Cleanup
[326.540s][info][gc          ] GC(468) Pause Cleanup 77M->77M(132M) 0.122ms
[326.540s][info][gc,cpu      ] GC(468) User=0.00s Sys=0.00s Real=0.00s
[326.540s][info][gc,marking  ] GC(468) Concurrent Clear Claimed Marks
[326.541s][info][gc,marking  ] GC(468) Concurrent Clear Claimed Marks 0.097ms
[326.541s][info][gc,marking  ] GC(468) Concurrent Cleanup for Next Mark
[326.541s][info][gc,marking  ] GC(468) Concurrent Cleanup for Next Mark 0.248ms
[326.541s][info][gc          ] GC(468) Concurrent Mark Cycle 94.164ms
[326.642s][info][gc,start    ] GC(469) Pause Young (Prepare Mixed) (G1 Evacuation Pause)
[326.642s][info][gc,task     ] GC(469) Using 8 workers of 8 for evacuation
[326.645s][info][gc,phases   ] GC(469)   Pre Evacuate Collection Set: 0.1ms
[326.645s][info][gc,phases   ] GC(469)   Merge Heap Roots: 0.1ms
[326.645s][info][gc,phases   ] GC(469)   Evacuate Collection Set: 2.5ms
[326.645s][info][gc,phases   ] GC(469)   Post Evacuate Collection Set: 0.3ms
[326.645s][info][gc,phases   ] GC(469)   Other: 0.1ms
[326.646s][info][gc,heap     ] GC(469) Eden regions: 69->0(69)
[326.646s][info][gc,heap     ] GC(469) Survivor regions: 4->4(10)
[326.646s][info][gc,heap     ] GC(469) Old regions: 45->45
[326.646s][info][gc,heap     ] GC(469) Humongous regions: 2->2
[326.646s][info][gc,metaspace] GC(469) Metaspace: 84642K(85888K)->84642K(85888K) NonClass: 73714K(74432K)->73714K(74432K) Class: 10928K(11456K)->10928K(11456K)
[326.646s][info][gc          ] GC(469) Pause Young (Prepare Mixed) (G1 Evacuation Pause) 118M->49M(132M) 3.552ms
[326.646s][info][gc,cpu      ] GC(469) User=0.00s Sys=0.00s Real=0.00s
[326.805s][info][gc,start    ] GC(470) Pause Young (Mixed) (G1 Evacuation Pause)
[326.805s][info][gc,task     ] GC(470) Using 8 workers of 8 for evacuation
[326.810s][info][gc,phases   ] GC(470)   Pre Evacuate Collection Set: 0.1ms
[326.810s][info][gc,phases   ] GC(470)   Merge Heap Roots: 0.2ms
[326.810s][info][gc,phases   ] GC(470)   Evacuate Collection Set: 3.9ms
[326.810s][info][gc,phases   ] GC(470)   Post Evacuate Collection Set: 0.7ms
[326.811s][info][gc,phases   ] GC(470)   Other: 0.1ms
[326.811s][info][gc,heap     ] GC(470) Eden regions: 69->0(69)
[326.811s][info][gc,heap     ] GC(470) Survivor regions: 4->4(10)
[326.811s][info][gc,heap     ] GC(470) Old regions: 45->45
[326.811s][info][gc,heap     ] GC(470) Humongous regions: 2->2
[326.811s][info][gc,metaspace] GC(470) Metaspace: 84642K(85888K)->84642K(85888K) NonClass: 73714K(74432K)->73714K(74432K) Class: 10928K(11456K)->10928K(11456K)
[326.811s][info][gc          ] GC(470) Pause Young (Mixed) (G1 Evacuation Pause) 118M->50M(132M) 5.948ms
[326.811s][info][gc,cpu      ] GC(470) User=0.06s Sys=0.00s Real=0.01s
[326.968s][info][gc,start    ] GC(471) Pause Young (Concurrent Start) (G1 Evacuation Pause)
[326.968s][info][gc,task     ] GC(471) Using 8 workers of 8 for evacuation
[326.971s][info][gc,phases   ] GC(471)   Pre Evacuate Collection Set: 0.2ms
[326.971s][info][gc,phases   ] GC(471)   Merge Heap Roots: 0.1ms
[326.971s][info][gc,phases   ] GC(471)   Evacuate Collection Set: 1.9ms
[326.971s][info][gc,phases   ] GC(471)   Post Evacuate Collection Set: 0.5ms
[326.971s][info][gc,phases   ] GC(471)   Other: 0.1ms
[326.971s][info][gc,heap     ] GC(471) Eden regions: 69->0(69)
[326.971s][info][gc,heap     ] GC(471) Survivor regions: 4->4(10)
[326.971s][info][gc,heap     ] GC(471) Old regions: 45->45
[326.971s][info][gc,heap     ] GC(471) Humongous regions: 2->2
[326.971s][info][gc,metaspace] GC(471) Metaspace: 84642K(85888K)->84642K(85888K) NonClass: 73714K(74432K)->73714K(74432K) Class: 10928K(11456K)->10928K(11456K)
[326.971s][info][gc          ] GC(471) Pause Young (Concurrent Start) (G1 Evacuation Pause) 119M->50M(132M) 3.218ms
[326.971s][info][gc,cpu      ] GC(471) User=0.00s Sys=0.00s Real=0.00s
[326.971s][info][gc          ] GC(472) Concurrent Mark Cycle
[326.971s][info][gc,marking  ] GC(472) Concurrent Scan Root Regions
[326.973s][info][gc,marking  ] GC(472) Concurrent Scan Root Regions 1.471ms
[326.973s][info][gc,marking  ] GC(472) Concurrent Mark
[326.973s][info][gc,marking  ] GC(472) Concurrent Mark From Roots
[326.973s][info][gc,task     ] GC(472) Using 2 workers of 2 for marking
[327.054s][info][gc,marking  ] GC(472) Concurrent Mark From Roots 81.247ms
[327.054s][info][gc,marking  ] GC(472) Concurrent Preclean
[327.054s][info][gc,marking  ] GC(472) Concurrent Preclean 0.288ms
[327.054s][info][gc,start    ] GC(472) Pause Remark
[327.059s][info][gc          ] GC(472) Pause Remark 69M->69M(132M) 4.554ms
[327.059s][info][gc,cpu      ] GC(472) User=0.00s Sys=0.00s Real=0.00s
[327.059s][info][gc,marking  ] GC(472) Concurrent Mark 86.425ms
[327.059s][info][gc,marking  ] GC(472) Concurrent Rebuild Remembered Sets and Scrub Regions
[327.084s][info][gc,marking  ] GC(472) Concurrent Rebuild Remembered Sets and Scrub Regions 24.592ms
[327.084s][info][gc,start    ] GC(472) Pause Cleanup
[327.084s][info][gc          ] GC(472) Pause Cleanup 77M->77M(132M) 0.126ms
[327.084s][info][gc,cpu      ] GC(472) User=0.00s Sys=0.00s Real=0.00s
[327.084s][info][gc,marking  ] GC(472) Concurrent Clear Claimed Marks
[327.084s][info][gc,marking  ] GC(472) Concurrent Clear Claimed Marks 0.108ms
[327.084s][info][gc,marking  ] GC(472) Concurrent Cleanup for Next Mark
[327.085s][info][gc,marking  ] GC(472) Concurrent Cleanup for Next Mark 0.236ms
[327.085s][info][gc          ] GC(472) Concurrent Mark Cycle 113.484ms
[327.164s][info][gc,start    ] GC(473) Pause Young (Normal) (G1 Evacuation Pause)
[327.164s][info][gc,task     ] GC(473) Using 8 workers of 8 for evacuation
[327.167s][info][gc,phases   ] GC(473)   Pre Evacuate Collection Set: 0.2ms
[327.167s][info][gc,phases   ] GC(473)   Merge Heap Roots: 0.1ms
[327.167s][info][gc,phases   ] GC(473)   Evacuate Collection Set: 2.5ms
[327.167s][info][gc,phases   ] GC(473)   Post Evacuate Collection Set: 0.3ms
[327.167s][info][gc,phases   ] GC(473)   Other: 0.1ms
[327.167s][info][gc,heap     ] GC(473) Eden regions: 69->0(68)
[327.167s][info][gc,heap     ] GC(473) Survivor regions: 4->4(10)
[327.167s][info][gc,heap     ] GC(473) Old regions: 45->46
[327.167s][info][gc,heap     ] GC(473) Humongous regions: 2->2
[327.167s][info][gc,metaspace] GC(473) Metaspace: 84642K(85888K)->84642K(85888K) NonClass: 73714K(74432K)->73714K(74432K) Class: 10928K(11456K)->10928K(11456K)
[327.167s][info][gc          ] GC(473) Pause Young (Normal) (G1 Evacuation Pause) 119M->50M(132M) 3.577ms
[327.167s][info][gc,cpu      ] GC(473) User=0.00s Sys=0.00s Real=0.00s
[327.342s][info][gc,start    ] GC(474) Pause Young (Concurrent Start) (G1 Evacuation Pause)
[327.342s][info][gc,task     ] GC(474) Using 8 workers of 8 for evacuation
[327.345s][info][gc,phases   ] GC(474)   Pre Evacuate Collection Set: 0.2ms
[327.345s][info][gc,phases   ] GC(474)   Merge Heap Roots: 0.1ms
[327.345s][info][gc,phases   ] GC(474)   Evacuate Collection Set: 2.5ms
[327.345s][info][gc,phases   ] GC(474)   Post Evacuate Collection Set: 0.4ms
[327.345s][info][gc,phases   ] GC(474)   Other: 0.1ms
[327.345s][info][gc,heap     ] GC(474) Eden regions: 68->0(68)
[327.345s][info][gc,heap     ] GC(474) Survivor regions: 4->4(9)
[327.345s][info][gc,heap     ] GC(474) Old regions: 46->46
[327.345s][info][gc,heap     ] GC(474) Humongous regions: 2->2
[327.345s][info][gc,metaspace] GC(474) Metaspace: 84642K(85888K)->84642K(85888K) NonClass: 73714K(74432K)->73714K(74432K) Class: 10928K(11456K)->10928K(11456K)
[327.345s][info][gc          ] GC(474) Pause Young (Concurrent Start) (G1 Evacuation Pause) 118M->50M(132M) 3.723ms
[327.345s][info][gc,cpu      ] GC(474) User=0.00s Sys=0.00s Real=0.00s
[327.346s][info][gc          ] GC(475) Concurrent Mark Cycle
[327.346s][info][gc,marking  ] GC(475) Concurrent Scan Root Regions
[327.347s][info][gc,marking  ] GC(475) Concurrent Scan Root Regions 1.484ms
[327.347s][info][gc,marking  ] GC(475) Concurrent Mark
[327.347s][info][gc,marking  ] GC(475) Concurrent Mark From Roots
[327.347s][info][gc,task     ] GC(475) Using 2 workers of 2 for marking
[327.411s][info][gc,marking  ] GC(475) Concurrent Mark From Roots 64.163ms
[327.411s][info][gc,marking  ] GC(475) Concurrent Preclean
[327.412s][info][gc,marking  ] GC(475) Concurrent Preclean 0.233ms
[327.412s][info][gc,start    ] GC(475) Pause Remark
[327.418s][info][gc          ] GC(475) Pause Remark 69M->69M(132M) 6.720ms
[327.418s][info][gc,cpu      ] GC(475) User=0.00s Sys=0.00s Real=0.01s
[327.419s][info][gc,marking  ] GC(475) Concurrent Mark 71.462ms
[327.419s][info][gc,marking  ] GC(475) Concurrent Rebuild Remembered Sets and Scrub Regions
[327.448s][info][gc,marking  ] GC(475) Concurrent Rebuild Remembered Sets and Scrub Regions 29.279ms
[327.448s][info][gc,start    ] GC(475) Pause Cleanup
[327.448s][info][gc          ] GC(475) Pause Cleanup 75M->75M(132M) 0.217ms
[327.448s][info][gc,cpu      ] GC(475) User=0.00s Sys=0.00s Real=0.00s
[327.449s][info][gc,marking  ] GC(475) Concurrent Clear Claimed Marks
[327.449s][info][gc,marking  ] GC(475) Concurrent Clear Claimed Marks 0.111ms
[327.449s][info][gc,marking  ] GC(475) Concurrent Cleanup for Next Mark
[327.449s][info][gc,marking  ] GC(475) Concurrent Cleanup for Next Mark 0.303ms
[327.449s][info][gc          ] GC(475) Concurrent Mark Cycle 103.562ms
[327.592s][info][gc,start    ] GC(476) Pause Young (Normal) (G1 Evacuation Pause)
[327.592s][info][gc,task     ] GC(476) Using 8 workers of 8 for evacuation
[327.596s][info][gc,phases   ] GC(476)   Pre Evacuate Collection Set: 0.1ms
[327.596s][info][gc,phases   ] GC(476)   Merge Heap Roots: 0.1ms
[327.596s][info][gc,phases   ] GC(476)   Evacuate Collection Set: 3.2ms
[327.596s][info][gc,phases   ] GC(476)   Post Evacuate Collection Set: 0.4ms
[327.596s][info][gc,phases   ] GC(476)   Other: 0.1ms
[327.596s][info][gc,heap     ] GC(476) Eden regions: 68->0(68)
[327.596s][info][gc,heap     ] GC(476) Survivor regions: 4->4(9)
[327.596s][info][gc,heap     ] GC(476) Old regions: 46->46
[327.596s][info][gc,heap     ] GC(476) Humongous regions: 2->2
[327.596s][info][gc,metaspace] GC(476) Metaspace: 84642K(85888K)->84642K(85888K) NonClass: 73714K(74432K)->73714K(74432K) Class: 10928K(11456K)->10928K(11456K)
[327.597s][info][gc          ] GC(476) Pause Young (Normal) (G1 Evacuation Pause) 118M->51M(132M) 4.257ms
[327.597s][info][gc,cpu      ] GC(476) User=0.00s Sys=0.00s Real=0.00s
[327.753s][info][gc,start    ] GC(477) Pause Young (Concurrent Start) (G1 Evacuation Pause)
[327.753s][info][gc,task     ] GC(477) Using 8 workers of 8 for evacuation
[327.756s][info][gc,phases   ] GC(477)   Pre Evacuate Collection Set: 0.1ms
[327.756s][info][gc,phases   ] GC(477)   Merge Heap Roots: 0.1ms
[327.756s][info][gc,phases   ] GC(477)   Evacuate Collection Set: 1.9ms
[327.756s][info][gc,phases   ] GC(477)   Post Evacuate Collection Set: 0.4ms
[327.756s][info][gc,phases   ] GC(477)   Other: 0.1ms
[327.756s][info][gc,heap     ] GC(477) Eden regions: 68->0(68)
[327.756s][info][gc,heap     ] GC(477) Survivor regions: 4->4(9)
[327.756s][info][gc,heap     ] GC(477) Old regions: 46->46
[327.756s][info][gc,heap     ] GC(477) Humongous regions: 2->2
[327.756s][info][gc,metaspace] GC(477) Metaspace: 84642K(85888K)->84642K(85888K) NonClass: 73714K(74432K)->73714K(74432K) Class: 10928K(11456K)->10928K(11456K)
[327.756s][info][gc          ] GC(477) Pause Young (Concurrent Start) (G1 Evacuation Pause) 119M->51M(132M) 2.963ms
[327.756s][info][gc,cpu      ] GC(477) User=0.00s Sys=0.00s Real=0.00s
[327.756s][info][gc          ] GC(478) Concurrent Mark Cycle
[327.756s][info][gc,marking  ] GC(478) Concurrent Scan Root Regions
[327.758s][info][gc,marking  ] GC(478) Concurrent Scan Root Regions 1.859ms
[327.758s][info][gc,marking  ] GC(478) Concurrent Mark
[327.758s][info][gc,marking  ] GC(478) Concurrent Mark From Roots
[327.758s][info][gc,task     ] GC(478) Using 2 workers of 2 for marking
[327.826s][info][gc,marking  ] GC(478) Concurrent Mark From Roots 68.185ms
[327.827s][info][gc,marking  ] GC(478) Concurrent Preclean
[327.827s][info][gc,marking  ] GC(478) Concurrent Preclean 0.394ms
[327.827s][info][gc,start    ] GC(478) Pause Remark
[327.832s][info][gc          ] GC(478) Pause Remark 75M->75M(132M) 4.698ms
[327.832s][info][gc,cpu      ] GC(478) User=0.00s Sys=0.00s Real=0.00s
[327.832s][info][gc,marking  ] GC(478) Concurrent Mark 73.681ms
[327.832s][info][gc,marking  ] GC(478) Concurrent Rebuild Remembered Sets and Scrub Regions
[327.852s][info][gc,marking  ] GC(478) Concurrent Rebuild Remembered Sets and Scrub Regions 19.818ms
[327.852s][info][gc,start    ] GC(478) Pause Cleanup
[327.852s][info][gc          ] GC(478) Pause Cleanup 83M->83M(132M) 0.159ms
[327.852s][info][gc,cpu      ] GC(478) User=0.00s Sys=0.00s Real=0.00s
[327.852s][info][gc,marking  ] GC(478) Concurrent Clear Claimed Marks
[327.852s][info][gc,marking  ] GC(478) Concurrent Clear Claimed Marks 0.087ms
[327.852s][info][gc,marking  ] GC(478) Concurrent Cleanup for Next Mark
[327.853s][info][gc,marking  ] GC(478) Concurrent Cleanup for Next Mark 0.228ms
[327.853s][info][gc          ] GC(478) Concurrent Mark Cycle 96.356ms
[327.939s][info][gc,start    ] GC(479) Pause Young (Normal) (G1 Evacuation Pause)
[327.939s][info][gc,task     ] GC(479) Using 8 workers of 8 for evacuation
[327.942s][info][gc,phases   ] GC(479)   Pre Evacuate Collection Set: 0.2ms
[327.942s][info][gc,phases   ] GC(479)   Merge Heap Roots: 0.1ms
[327.942s][info][gc,phases   ] GC(479)   Evacuate Collection Set: 2.1ms
[327.942s][info][gc,phases   ] GC(479)   Post Evacuate Collection Set: 0.4ms
[327.942s][info][gc,phases   ] GC(479)   Other: 0.1ms
[327.942s][info][gc,heap     ] GC(479) Eden regions: 68->0(67)
[327.942s][info][gc,heap     ] GC(479) Survivor regions: 4->4(9)
[327.942s][info][gc,heap     ] GC(479) Old regions: 46->47
[327.942s][info][gc,heap     ] GC(479) Humongous regions: 2->2
[327.942s][info][gc,metaspace] GC(479) Metaspace: 84642K(85888K)->84642K(85888K) NonClass: 73714K(74432K)->73714K(74432K) Class: 10928K(11456K)->10928K(11456K)
[327.942s][info][gc          ] GC(479) Pause Young (Normal) (G1 Evacuation Pause) 119M->51M(132M) 3.221ms
[327.942s][info][gc,cpu      ] GC(479) User=0.00s Sys=0.00s Real=0.00s
[328.100s][info][gc,start    ] GC(480) Pause Young (Concurrent Start) (G1 Evacuation Pause)
[328.100s][info][gc,task     ] GC(480) Using 8 workers of 8 for evacuation
[328.103s][info][gc,phases   ] GC(480)   Pre Evacuate Collection Set: 0.1ms
[328.103s][info][gc,phases   ] GC(480)   Merge Heap Roots: 0.1ms
[328.103s][info][gc,phases   ] GC(480)   Evacuate Collection Set: 1.9ms
[328.103s][info][gc,phases   ] GC(480)   Post Evacuate Collection Set: 0.4ms
[328.103s][info][gc,phases   ] GC(480)   Other: 0.2ms
[328.103s][info][gc,heap     ] GC(480) Eden regions: 67->0(67)
[328.103s][info][gc,heap     ] GC(480) Survivor regions: 4->4(9)
[328.103s][info][gc,heap     ] GC(480) Old regions: 47->47
[328.103s][info][gc,heap     ] GC(480) Humongous regions: 2->2
[328.103s][info][gc,metaspace] GC(480) Metaspace: 84642K(85888K)->84642K(85888K) NonClass: 73714K(74432K)->73714K(74432K) Class: 10928K(11456K)->10928K(11456K)
[328.103s][info][gc          ] GC(480) Pause Young (Concurrent Start) (G1 Evacuation Pause) 118M->51M(132M) 3.217ms
[328.103s][info][gc          ] GC(481) Concurrent Mark Cycle
[328.103s][info][gc,cpu      ] GC(480) User=0.00s Sys=0.00s Real=0.00s
[328.103s][info][gc,marking  ] GC(481) Concurrent Scan Root Regions
[328.106s][info][gc,marking  ] GC(481) Concurrent Scan Root Regions 2.210ms
[328.106s][info][gc,marking  ] GC(481) Concurrent Mark
[328.106s][info][gc,marking  ] GC(481) Concurrent Mark From Roots
[328.106s][info][gc,task     ] GC(481) Using 2 workers of 2 for marking
[328.161s][info][gc,marking  ] GC(481) Concurrent Mark From Roots 55.611ms
[328.161s][info][gc,marking  ] GC(481) Concurrent Preclean
[328.161s][info][gc,marking  ] GC(481) Concurrent Preclean 0.216ms
[328.162s][info][gc,start    ] GC(481) Pause Remark
[328.168s][info][gc          ] GC(481) Pause Remark 75M->75M(132M) 6.851ms
[328.168s][info][gc,cpu      ] GC(481) User=0.00s Sys=0.00s Real=0.01s
[328.169s][info][gc,marking  ] GC(481) Concurrent Mark 63.032ms
[328.169s][info][gc,marking  ] GC(481) Concurrent Rebuild Remembered Sets and Scrub Regions
[328.198s][info][gc,marking  ] GC(481) Concurrent Rebuild Remembered Sets and Scrub Regions 29.663ms
[328.198s][info][gc,start    ] GC(481) Pause Cleanup
[328.199s][info][gc          ] GC(481) Pause Cleanup 81M->81M(132M) 0.221ms
[328.199s][info][gc,cpu      ] GC(481) User=0.00s Sys=0.00s Real=0.00s
[328.199s][info][gc,marking  ] GC(481) Concurrent Clear Claimed Marks
[328.199s][info][gc,marking  ] GC(481) Concurrent Clear Claimed Marks 0.182ms
[328.199s][info][gc,marking  ] GC(481) Concurrent Cleanup for Next Mark
[328.199s][info][gc,marking  ] GC(481) Concurrent Cleanup for Next Mark 0.286ms
[328.200s][info][gc          ] GC(481) Concurrent Mark Cycle 96.311ms
[407.725s][info][gc,start    ] GC(482) Pause Full (System.gc())
[407.725s][info][gc,task     ] GC(482) Using 5 workers of 8 for full compaction
[407.726s][info][gc,phases,start] GC(482) Phase 1: Mark live objects
[407.757s][info][gc,phases      ] GC(482) Phase 1: Mark live objects 31.698ms
[407.757s][info][gc,phases,start] GC(482) Phase 2: Prepare compaction
[407.761s][info][gc,phases      ] GC(482) Phase 2: Prepare compaction 3.800ms
[407.761s][info][gc,phases,start] GC(482) Phase 3: Adjust pointers
[407.771s][info][gc,phases      ] GC(482) Phase 3: Adjust pointers 9.663ms
[407.771s][info][gc,phases,start] GC(482) Phase 4: Compact heap
[407.777s][info][gc,phases      ] GC(482) Phase 4: Compact heap 5.634ms
[407.777s][info][gc,phases,start] GC(482) Phase 5: Reset Metadata
[407.778s][info][gc,phases      ] GC(482) Phase 5: Reset Metadata 0.839ms
[407.785s][info][gc,heap        ] GC(482) Eden regions: 36->0(79)
[407.786s][info][gc,heap        ] GC(482) Survivor regions: 4->0(9)
[407.786s][info][gc,heap        ] GC(482) Old regions: 47->42
[407.786s][info][gc,heap        ] GC(482) Humongous regions: 2->2
[407.786s][info][gc,metaspace   ] GC(482) Metaspace: 84661K(85888K)->84661K(85888K) NonClass: 73731K(74432K)->73731K(74432K) Class: 10930K(11456K)->10930K(11456K)
[407.786s][info][gc             ] GC(482) Pause Full (System.gc()) 87M->41M(132M) 60.398ms
[407.786s][info][gc,cpu         ] GC(482) User=0.25s Sys=0.00s Real=0.06s
[421.708s][info][gc,start       ] GC(483) Pause Young (Concurrent Start) (G1 Evacuation Pause)
[421.708s][info][gc,task        ] GC(483) Using 8 workers of 8 for evacuation
[421.710s][info][gc,phases      ] GC(483)   Pre Evacuate Collection Set: 0.4ms
[421.710s][info][gc,phases      ] GC(483)   Merge Heap Roots: 0.2ms
[421.710s][info][gc,phases      ] GC(483)   Evacuate Collection Set: 0.8ms
[421.710s][info][gc,phases      ] GC(483)   Post Evacuate Collection Set: 0.6ms
[421.710s][info][gc,phases      ] GC(483)   Other: 0.2ms
[421.710s][info][gc,heap        ] GC(483) Eden regions: 79->0(76)
[421.710s][info][gc,heap        ] GC(483) Survivor regions: 0->2(10)
[421.710s][info][gc,heap        ] GC(483) Old regions: 42->42
[421.710s][info][gc,heap        ] GC(483) Humongous regions: 2->2
[421.710s][info][gc,metaspace   ] GC(483) Metaspace: 84690K(85952K)->84690K(85952K) NonClass: 73758K(74496K)->73758K(74496K) Class: 10932K(11456K)->10932K(11456K)
[421.710s][info][gc             ] GC(483) Pause Young (Concurrent Start) (G1 Evacuation Pause) 120M->42M(132M) 2.329ms
[421.710s][info][gc,cpu         ] GC(483) User=0.00s Sys=0.00s Real=0.00s
[421.710s][info][gc             ] GC(484) Concurrent Mark Cycle
[421.710s][info][gc,marking     ] GC(484) Concurrent Scan Root Regions
[421.711s][info][gc,marking     ] GC(484) Concurrent Scan Root Regions 1.020ms
[421.711s][info][gc,marking     ] GC(484) Concurrent Mark
[421.711s][info][gc,marking     ] GC(484) Concurrent Mark From Roots
[421.711s][info][gc,task        ] GC(484) Using 2 workers of 2 for marking
[421.763s][info][gc,marking     ] GC(484) Concurrent Mark From Roots 51.722ms
[421.763s][info][gc,marking     ] GC(484) Concurrent Preclean
[421.763s][info][gc,marking     ] GC(484) Concurrent Preclean 0.203ms
[421.763s][info][gc,start       ] GC(484) Pause Remark
[421.775s][info][gc             ] GC(484) Pause Remark 64M->64M(132M) 11.553ms
[421.775s][info][gc,cpu         ] GC(484) User=0.00s Sys=0.00s Real=0.01s
[421.775s][info][gc,marking     ] GC(484) Concurrent Mark 63.732ms
[421.775s][info][gc,marking     ] GC(484) Concurrent Rebuild Remembered Sets and Scrub Regions
[421.803s][info][gc,marking     ] GC(484) Concurrent Rebuild Remembered Sets and Scrub Regions 28.085ms
[421.803s][info][gc,start       ] GC(484) Pause Cleanup
[421.803s][info][gc             ] GC(484) Pause Cleanup 71M->71M(132M) 0.145ms
[421.803s][info][gc,cpu         ] GC(484) User=0.00s Sys=0.00s Real=0.00s
[421.803s][info][gc,marking     ] GC(484) Concurrent Clear Claimed Marks
[421.804s][info][gc,marking     ] GC(484) Concurrent Clear Claimed Marks 0.088ms
[421.804s][info][gc,marking     ] GC(484) Concurrent Cleanup for Next Mark
[421.804s][info][gc,marking     ] GC(484) Concurrent Cleanup for Next Mark 0.230ms
[421.804s][info][gc             ] GC(484) Concurrent Mark Cycle 93.768ms
[421.893s][info][gc,start       ] GC(485) Pause Young (Prepare Mixed) (G1 Evacuation Pause)
[421.894s][info][gc,task        ] GC(485) Using 8 workers of 8 for evacuation
[421.895s][info][gc,phases      ] GC(485)   Pre Evacuate Collection Set: 0.1ms
[421.895s][info][gc,phases      ] GC(485)   Merge Heap Roots: 0.0ms
[421.895s][info][gc,phases      ] GC(485)   Evacuate Collection Set: 1.0ms
[421.895s][info][gc,phases      ] GC(485)   Post Evacuate Collection Set: 0.4ms
[421.895s][info][gc,phases      ] GC(485)   Other: 0.1ms
[421.895s][info][gc,heap        ] GC(485) Eden regions: 76->0(76)
[421.895s][info][gc,heap        ] GC(485) Survivor regions: 2->2(10)
[421.895s][info][gc,heap        ] GC(485) Old regions: 42->42
[421.895s][info][gc,heap        ] GC(485) Humongous regions: 2->2
[421.895s][info][gc,metaspace   ] GC(485) Metaspace: 84640K(85952K)->84640K(85952K) NonClass: 73722K(74496K)->73722K(74496K) Class: 10918K(11456K)->10918K(11456K)
[421.895s][info][gc             ] GC(485) Pause Young (Prepare Mixed) (G1 Evacuation Pause) 118M->42M(132M) 1.998ms
[421.895s][info][gc,cpu         ] GC(485) User=0.00s Sys=0.00s Real=0.00s
[422.080s][info][gc,start       ] GC(486) Pause Young (Mixed) (G1 Evacuation Pause)
[422.080s][info][gc,task        ] GC(486) Using 8 workers of 8 for evacuation
[422.083s][info][gc,phases      ] GC(486)   Pre Evacuate Collection Set: 0.1ms
[422.083s][info][gc,phases      ] GC(486)   Merge Heap Roots: 0.1ms
[422.083s][info][gc,phases      ] GC(486)   Evacuate Collection Set: 1.8ms
[422.083s][info][gc,phases      ] GC(486)   Post Evacuate Collection Set: 0.4ms
[422.083s][info][gc,phases      ] GC(486)   Other: 0.1ms
[422.083s][info][gc,heap        ] GC(486) Eden regions: 76->0(76)
[422.083s][info][gc,heap        ] GC(486) Survivor regions: 2->2(10)
[422.083s][info][gc,heap        ] GC(486) Old regions: 42->42
[422.083s][info][gc,heap        ] GC(486) Humongous regions: 2->2
[422.083s][info][gc,metaspace   ] GC(486) Metaspace: 84640K(85952K)->84640K(85952K) NonClass: 73722K(74496K)->73722K(74496K) Class: 10918K(11456K)->10918K(11456K)
[422.083s][info][gc             ] GC(486) Pause Young (Mixed) (G1 Evacuation Pause) 118M->42M(132M) 3.033ms
[422.083s][info][gc,cpu         ] GC(486) User=0.00s Sys=0.00s Real=0.00s
[422.247s][info][gc,start       ] GC(487) Pause Young (Concurrent Start) (G1 Evacuation Pause)
[422.247s][info][gc,task        ] GC(487) Using 8 workers of 8 for evacuation
[422.249s][info][gc,phases      ] GC(487)   Pre Evacuate Collection Set: 0.1ms
[422.249s][info][gc,phases      ] GC(487)   Merge Heap Roots: 0.0ms
[422.249s][info][gc,phases      ] GC(487)   Evacuate Collection Set: 0.9ms
[422.249s][info][gc,phases      ] GC(487)   Post Evacuate Collection Set: 0.3ms
[422.249s][info][gc,phases      ] GC(487)   Other: 0.1ms
[422.249s][info][gc,heap        ] GC(487) Eden regions: 76->0(76)
[422.249s][info][gc,heap        ] GC(487) Survivor regions: 2->2(10)
[422.249s][info][gc,heap        ] GC(487) Old regions: 42->42
[422.249s][info][gc,heap        ] GC(487) Humongous regions: 2->2
[422.249s][info][gc,metaspace   ] GC(487) Metaspace: 84640K(85952K)->84640K(85952K) NonClass: 73722K(74496K)->73722K(74496K) Class: 10918K(11456K)->10918K(11456K)
[422.249s][info][gc             ] GC(487) Pause Young (Concurrent Start) (G1 Evacuation Pause) 118M->43M(132M) 1.705ms
[422.249s][info][gc,cpu         ] GC(487) User=0.02s Sys=0.00s Real=0.00s
[422.249s][info][gc             ] GC(488) Concurrent Mark Cycle
[422.249s][info][gc,marking     ] GC(488) Concurrent Scan Root Regions
[422.250s][info][gc,marking     ] GC(488) Concurrent Scan Root Regions 0.930ms
[422.250s][info][gc,marking     ] GC(488) Concurrent Mark
[422.250s][info][gc,marking     ] GC(488) Concurrent Mark From Roots
[422.250s][info][gc,task        ] GC(488) Using 2 workers of 2 for marking
[422.306s][info][gc,marking     ] GC(488) Concurrent Mark From Roots 56.442ms
[422.306s][info][gc,marking     ] GC(488) Concurrent Preclean
[422.307s][info][gc,marking     ] GC(488) Concurrent Preclean 0.200ms
[422.307s][info][gc,start       ] GC(488) Pause Remark
[422.311s][info][gc             ] GC(488) Pause Remark 63M->63M(132M) 4.676ms
[422.311s][info][gc,cpu         ] GC(488) User=0.00s Sys=0.02s Real=0.01s
[422.311s][info][gc,marking     ] GC(488) Concurrent Mark 61.630ms
[422.311s][info][gc,marking     ] GC(488) Concurrent Rebuild Remembered Sets and Scrub Regions
[422.332s][info][gc,marking     ] GC(488) Concurrent Rebuild Remembered Sets and Scrub Regions 21.018ms
[422.333s][info][gc,start       ] GC(488) Pause Cleanup
[422.333s][info][gc             ] GC(488) Pause Cleanup 72M->72M(132M) 0.140ms
[422.333s][info][gc,cpu         ] GC(488) User=0.00s Sys=0.00s Real=0.00s
[422.333s][info][gc,marking     ] GC(488) Concurrent Clear Claimed Marks
[422.333s][info][gc,marking     ] GC(488) Concurrent Clear Claimed Marks 0.092ms
[422.333s][info][gc,marking     ] GC(488) Concurrent Cleanup for Next Mark
[422.333s][info][gc,marking     ] GC(488) Concurrent Cleanup for Next Mark 0.235ms
[422.333s][info][gc             ] GC(488) Concurrent Mark Cycle 84.515ms
[422.452s][info][gc,start       ] GC(489) Pause Young (Prepare Mixed) (G1 Evacuation Pause)
[422.452s][info][gc,task        ] GC(489) Using 8 workers of 8 for evacuation
[422.454s][info][gc,phases      ] GC(489)   Pre Evacuate Collection Set: 0.1ms
[422.454s][info][gc,phases      ] GC(489)   Merge Heap Roots: 0.1ms
[422.454s][info][gc,phases      ] GC(489)   Evacuate Collection Set: 1.1ms
[422.454s][info][gc,phases      ] GC(489)   Post Evacuate Collection Set: 0.3ms
[422.454s][info][gc,phases      ] GC(489)   Other: 0.1ms
[422.454s][info][gc,heap        ] GC(489) Eden regions: 76->0(76)
[422.454s][info][gc,heap        ] GC(489) Survivor regions: 2->2(10)
[422.454s][info][gc,heap        ] GC(489) Old regions: 42->42
[422.454s][info][gc,heap        ] GC(489) Humongous regions: 2->2
[422.454s][info][gc,metaspace   ] GC(489) Metaspace: 84640K(85952K)->84640K(85952K) NonClass: 73722K(74496K)->73722K(74496K) Class: 10918K(11456K)->10918K(11456K)
[422.454s][info][gc             ] GC(489) Pause Young (Prepare Mixed) (G1 Evacuation Pause) 119M->43M(132M) 1.890ms
[422.454s][info][gc,cpu         ] GC(489) User=0.00s Sys=0.00s Real=0.00s
[422.616s][info][gc,start       ] GC(490) Pause Young (Mixed) (G1 Evacuation Pause)
[422.616s][info][gc,task        ] GC(490) Using 8 workers of 8 for evacuation
[422.619s][info][gc,phases      ] GC(490)   Pre Evacuate Collection Set: 0.1ms
[422.619s][info][gc,phases      ] GC(490)   Merge Heap Roots: 0.0ms
[422.619s][info][gc,phases      ] GC(490)   Evacuate Collection Set: 1.8ms
[422.619s][info][gc,phases      ] GC(490)   Post Evacuate Collection Set: 0.6ms
[422.619s][info][gc,phases      ] GC(490)   Other: 0.1ms
[422.619s][info][gc,heap        ] GC(490) Eden regions: 76->0(74)
[422.619s][info][gc,heap        ] GC(490) Survivor regions: 2->3(10)
[422.619s][info][gc,heap        ] GC(490) Old regions: 42->42
[422.619s][info][gc,heap        ] GC(490) Humongous regions: 2->2
[422.619s][info][gc,metaspace   ] GC(490) Metaspace: 84640K(85952K)->84640K(85952K) NonClass: 73722K(74496K)->73722K(74496K) Class: 10918K(11456K)->10918K(11456K)
[422.619s][info][gc             ] GC(490) Pause Young (Mixed) (G1 Evacuation Pause) 119M->43M(132M) 3.074ms
[422.619s][info][gc,cpu         ] GC(490) User=0.00s Sys=0.00s Real=0.00s
[422.883s][info][gc,start       ] GC(491) Pause Young (Concurrent Start) (G1 Evacuation Pause)
[422.883s][info][gc,task        ] GC(491) Using 8 workers of 8 for evacuation
[422.886s][info][gc,phases      ] GC(491)   Pre Evacuate Collection Set: 0.1ms
[422.886s][info][gc,phases      ] GC(491)   Merge Heap Roots: 0.1ms
[422.886s][info][gc,phases      ] GC(491)   Evacuate Collection Set: 1.7ms
[422.886s][info][gc,phases      ] GC(491)   Post Evacuate Collection Set: 0.5ms
[422.886s][info][gc,phases      ] GC(491)   Other: 0.2ms
[422.886s][info][gc,heap        ] GC(491) Eden regions: 74->0(74)
[422.886s][info][gc,heap        ] GC(491) Survivor regions: 3->3(10)
[422.886s][info][gc,heap        ] GC(491) Old regions: 42->42
[422.886s][info][gc,heap        ] GC(491) Humongous regions: 2->2
[422.886s][info][gc,metaspace   ] GC(491) Metaspace: 84640K(85952K)->84640K(85952K) NonClass: 73722K(74496K)->73722K(74496K) Class: 10918K(11456K)->10918K(11456K)
[422.887s][info][gc             ] GC(491) Pause Young (Concurrent Start) (G1 Evacuation Pause) 117M->44M(132M) 3.141ms
[422.887s][info][gc             ] GC(492) Concurrent Mark Cycle
[422.887s][info][gc,cpu         ] GC(491) User=0.00s Sys=0.00s Real=0.00s
[422.887s][info][gc,marking     ] GC(492) Concurrent Scan Root Regions
[422.890s][info][gc,marking     ] GC(492) Concurrent Scan Root Regions 3.441ms
[422.890s][info][gc,marking     ] GC(492) Concurrent Mark
[422.890s][info][gc,marking     ] GC(492) Concurrent Mark From Roots
[422.890s][info][gc,task        ] GC(492) Using 2 workers of 2 for marking
[422.949s][info][gc,marking     ] GC(492) Concurrent Mark From Roots 58.917ms
[422.949s][info][gc,marking     ] GC(492) Concurrent Preclean
[422.949s][info][gc,marking     ] GC(492) Concurrent Preclean 0.222ms
[422.949s][info][gc,start       ] GC(492) Pause Remark
[422.955s][info][gc             ] GC(492) Pause Remark 62M->62M(132M) 5.073ms
[422.955s][info][gc,cpu         ] GC(492) User=0.12s Sys=0.00s Real=0.01s
[422.955s][info][gc,marking     ] GC(492) Concurrent Mark 64.557ms
[422.955s][info][gc,marking     ] GC(492) Concurrent Rebuild Remembered Sets and Scrub Regions
[422.981s][info][gc,marking     ] GC(492) Concurrent Rebuild Remembered Sets and Scrub Regions 25.730ms
[422.981s][info][gc,start       ] GC(492) Pause Cleanup
[422.981s][info][gc             ] GC(492) Pause Cleanup 71M->71M(132M) 0.169ms
[422.981s][info][gc,cpu         ] GC(492) User=0.00s Sys=0.00s Real=0.00s
[422.981s][info][gc,marking     ] GC(492) Concurrent Clear Claimed Marks
[422.981s][info][gc,marking     ] GC(492) Concurrent Clear Claimed Marks 0.086ms
[422.981s][info][gc,marking     ] GC(492) Concurrent Cleanup for Next Mark
[422.981s][info][gc,marking     ] GC(492) Concurrent Cleanup for Next Mark 0.278ms
[422.981s][info][gc             ] GC(492) Concurrent Mark Cycle 94.822ms
[423.089s][info][gc,start       ] GC(493) Pause Young (Prepare Mixed) (G1 Evacuation Pause)
[423.089s][info][gc,task        ] GC(493) Using 8 workers of 8 for evacuation
[423.091s][info][gc,phases      ] GC(493)   Pre Evacuate Collection Set: 0.1ms
[423.091s][info][gc,phases      ] GC(493)   Merge Heap Roots: 0.1ms
[423.091s][info][gc,phases      ] GC(493)   Evacuate Collection Set: 1.4ms
[423.091s][info][gc,phases      ] GC(493)   Post Evacuate Collection Set: 0.4ms
[423.091s][info][gc,phases      ] GC(493)   Other: 0.1ms
[423.091s][info][gc,heap        ] GC(493) Eden regions: 74->0(74)
[423.091s][info][gc,heap        ] GC(493) Survivor regions: 3->3(10)
[423.091s][info][gc,heap        ] GC(493) Old regions: 42->42
[423.091s][info][gc,heap        ] GC(493) Humongous regions: 2->2
[423.091s][info][gc,metaspace   ] GC(493) Metaspace: 84640K(85952K)->84640K(85952K) NonClass: 73722K(74496K)->73722K(74496K) Class: 10918K(11456K)->10918K(11456K)
[423.091s][info][gc             ] GC(493) Pause Young (Prepare Mixed) (G1 Evacuation Pause) 118M->44M(132M) 2.471ms
[423.091s][info][gc,cpu         ] GC(493) User=0.08s Sys=0.00s Real=0.00s
[423.240s][info][gc,start       ] GC(494) Pause Young (Mixed) (G1 Evacuation Pause)
[423.240s][info][gc,task        ] GC(494) Using 8 workers of 8 for evacuation
[423.244s][info][gc,phases      ] GC(494)   Pre Evacuate Collection Set: 0.1ms
[423.244s][info][gc,phases      ] GC(494)   Merge Heap Roots: 0.1ms
[423.244s][info][gc,phases      ] GC(494)   Evacuate Collection Set: 3.0ms
[423.244s][info][gc,phases      ] GC(494)   Post Evacuate Collection Set: 0.5ms
[423.244s][info][gc,phases      ] GC(494)   Other: 0.1ms
[423.244s][info][gc,heap        ] GC(494) Eden regions: 74->0(74)
[423.244s][info][gc,heap        ] GC(494) Survivor regions: 3->3(10)
[423.244s][info][gc,heap        ] GC(494) Old regions: 42->42
[423.244s][info][gc,heap        ] GC(494) Humongous regions: 2->2
[423.244s][info][gc,metaspace   ] GC(494) Metaspace: 84640K(85952K)->84640K(85952K) NonClass: 73722K(74496K)->73722K(74496K) Class: 10918K(11456K)->10918K(11456K)
[423.244s][info][gc             ] GC(494) Pause Young (Mixed) (G1 Evacuation Pause) 118M->44M(132M) 4.287ms
[423.244s][info][gc,cpu         ] GC(494) User=0.00s Sys=0.00s Real=0.01s
[423.398s][info][gc,start       ] GC(495) Pause Young (Concurrent Start) (G1 Evacuation Pause)
[423.398s][info][gc,task        ] GC(495) Using 8 workers of 8 for evacuation
[423.401s][info][gc,phases      ] GC(495)   Pre Evacuate Collection Set: 0.2ms
[423.401s][info][gc,phases      ] GC(495)   Merge Heap Roots: 0.1ms
[423.401s][info][gc,phases      ] GC(495)   Evacuate Collection Set: 1.8ms
[423.401s][info][gc,phases      ] GC(495)   Post Evacuate Collection Set: 0.5ms
[423.401s][info][gc,phases      ] GC(495)   Other: 0.2ms
[423.401s][info][gc,heap        ] GC(495) Eden regions: 74->0(74)
[423.401s][info][gc,heap        ] GC(495) Survivor regions: 3->3(10)
[423.401s][info][gc,heap        ] GC(495) Old regions: 42->42
[423.401s][info][gc,heap        ] GC(495) Humongous regions: 2->2
[423.401s][info][gc,metaspace   ] GC(495) Metaspace: 84640K(85952K)->84640K(85952K) NonClass: 73722K(74496K)->73722K(74496K) Class: 10918K(11456K)->10918K(11456K)
[423.401s][info][gc             ] GC(495) Pause Young (Concurrent Start) (G1 Evacuation Pause) 118M->44M(132M) 3.069ms
[423.402s][info][gc             ] GC(496) Concurrent Mark Cycle
[423.402s][info][gc,cpu         ] GC(495) User=0.00s Sys=0.00s Real=0.00s
[423.402s][info][gc,marking     ] GC(496) Concurrent Scan Root Regions
[423.404s][info][gc,marking     ] GC(496) Concurrent Scan Root Regions 2.417ms
[423.404s][info][gc,marking     ] GC(496) Concurrent Mark
[423.404s][info][gc,marking     ] GC(496) Concurrent Mark From Roots
[423.404s][info][gc,task        ] GC(496) Using 2 workers of 2 for marking
[423.480s][info][gc,marking     ] GC(496) Concurrent Mark From Roots 76.194ms
[423.480s][info][gc,marking     ] GC(496) Concurrent Preclean
[423.481s][info][gc,marking     ] GC(496) Concurrent Preclean 0.324ms
[423.481s][info][gc,start       ] GC(496) Pause Remark
[423.489s][info][gc             ] GC(496) Pause Remark 62M->62M(132M) 8.174ms
[423.489s][info][gc,cpu         ] GC(496) User=0.08s Sys=0.00s Real=0.01s
[423.489s][info][gc,marking     ] GC(496) Concurrent Mark 85.097ms
[423.489s][info][gc,marking     ] GC(496) Concurrent Rebuild Remembered Sets and Scrub Regions
[423.516s][info][gc,marking     ] GC(496) Concurrent Rebuild Remembered Sets and Scrub Regions 26.765ms
[423.516s][info][gc,start       ] GC(496) Pause Cleanup
[423.516s][info][gc             ] GC(496) Pause Cleanup 70M->70M(132M) 0.133ms
[423.516s][info][gc,cpu         ] GC(496) User=0.00s Sys=0.00s Real=0.00s
[423.516s][info][gc,marking     ] GC(496) Concurrent Clear Claimed Marks
[423.516s][info][gc,marking     ] GC(496) Concurrent Clear Claimed Marks 0.088ms
[423.517s][info][gc,marking     ] GC(496) Concurrent Cleanup for Next Mark
[423.517s][info][gc,marking     ] GC(496) Concurrent Cleanup for Next Mark 0.257ms
[423.517s][info][gc             ] GC(496) Concurrent Mark Cycle 115.294ms
[423.637s][info][gc,start       ] GC(497) Pause Young (Prepare Mixed) (G1 Evacuation Pause)
[423.637s][info][gc,task        ] GC(497) Using 8 workers of 8 for evacuation
[423.640s][info][gc,phases      ] GC(497)   Pre Evacuate Collection Set: 0.1ms
[423.640s][info][gc,phases      ] GC(497)   Merge Heap Roots: 0.1ms
[423.640s][info][gc,phases      ] GC(497)   Evacuate Collection Set: 2.1ms
[423.640s][info][gc,phases      ] GC(497)   Post Evacuate Collection Set: 0.4ms
[423.640s][info][gc,phases      ] GC(497)   Other: 0.1ms
[423.640s][info][gc,heap        ] GC(497) Eden regions: 74->0(72)
[423.640s][info][gc,heap        ] GC(497) Survivor regions: 3->4(10)
[423.640s][info][gc,heap        ] GC(497) Old regions: 42->42
[423.640s][info][gc,heap        ] GC(497) Humongous regions: 2->2
[423.640s][info][gc,metaspace   ] GC(497) Metaspace: 84640K(85952K)->84640K(85952K) NonClass: 73722K(74496K)->73722K(74496K) Class: 10918K(11456K)->10918K(11456K)
[423.640s][info][gc             ] GC(497) Pause Young (Prepare Mixed) (G1 Evacuation Pause) 118M->45M(132M) 3.147ms
[423.640s][info][gc,cpu         ] GC(497) User=0.09s Sys=0.00s Real=0.00s
[423.813s][info][gc,start       ] GC(498) Pause Young (Mixed) (G1 Evacuation Pause)
[423.813s][info][gc,task        ] GC(498) Using 8 workers of 8 for evacuation
[423.817s][info][gc,phases      ] GC(498)   Pre Evacuate Collection Set: 0.1ms
[423.817s][info][gc,phases      ] GC(498)   Merge Heap Roots: 0.1ms
[423.817s][info][gc,phases      ] GC(498)   Evacuate Collection Set: 2.7ms
[423.817s][info][gc,phases      ] GC(498)   Post Evacuate Collection Set: 0.5ms
[423.817s][info][gc,phases      ] GC(498)   Other: 0.1ms
[423.817s][info][gc,heap        ] GC(498) Eden regions: 72->0(73)
[423.817s][info][gc,heap        ] GC(498) Survivor regions: 4->4(10)
[423.817s][info][gc,heap        ] GC(498) Old regions: 42->41
[423.817s][info][gc,heap        ] GC(498) Humongous regions: 2->2
[423.817s][info][gc,metaspace   ] GC(498) Metaspace: 84640K(85952K)->84640K(85952K) NonClass: 73722K(74496K)->73722K(74496K) Class: 10918K(11456K)->10918K(11456K)
[423.817s][info][gc             ] GC(498) Pause Young (Mixed) (G1 Evacuation Pause) 117M->45M(132M) 3.880ms
[423.817s][info][gc,cpu         ] GC(498) User=0.00s Sys=0.00s Real=0.00s
[423.980s][info][gc,start       ] GC(499) Pause Young (Normal) (G1 Evacuation Pause)
[423.980s][info][gc,task        ] GC(499) Using 8 workers of 8 for evacuation
[423.982s][info][gc,phases      ] GC(499)   Pre Evacuate Collection Set: 0.1ms
[423.982s][info][gc,phases      ] GC(499)   Merge Heap Roots: 0.1ms
[423.982s][info][gc,phases      ] GC(499)   Evacuate Collection Set: 1.9ms
[423.982s][info][gc,phases      ] GC(499)   Post Evacuate Collection Set: 0.4ms
[423.982s][info][gc,phases      ] GC(499)   Other: 0.1ms
[423.983s][info][gc,heap        ] GC(499) Eden regions: 73->0(73)
[423.983s][info][gc,heap        ] GC(499) Survivor regions: 4->4(10)
[423.983s][info][gc,heap        ] GC(499) Old regions: 41->41
[423.983s][info][gc,heap        ] GC(499) Humongous regions: 2->2
[423.983s][info][gc,metaspace   ] GC(499) Metaspace: 84640K(85952K)->84640K(85952K) NonClass: 73722K(74496K)->73722K(74496K) Class: 10918K(11456K)->10918K(11456K)
[423.983s][info][gc             ] GC(499) Pause Young (Normal) (G1 Evacuation Pause) 118M->45M(132M) 2.974ms
[423.983s][info][gc,cpu         ] GC(499) User=0.11s Sys=0.00s Real=0.00s
[424.132s][info][gc,start       ] GC(500) Pause Young (Normal) (G1 Evacuation Pause)
[424.132s][info][gc,task        ] GC(500) Using 8 workers of 8 for evacuation
[424.135s][info][gc,phases      ] GC(500)   Pre Evacuate Collection Set: 0.1ms
[424.135s][info][gc,phases      ] GC(500)   Merge Heap Roots: 0.1ms
[424.135s][info][gc,phases      ] GC(500)   Evacuate Collection Set: 2.3ms
[424.135s][info][gc,phases      ] GC(500)   Post Evacuate Collection Set: 0.5ms
[424.135s][info][gc,phases      ] GC(500)   Other: 0.1ms
[424.135s][info][gc,heap        ] GC(500) Eden regions: 73->0(71)
[424.135s][info][gc,heap        ] GC(500) Survivor regions: 4->5(10)
[424.135s][info][gc,heap        ] GC(500) Old regions: 41->41
[424.135s][info][gc,heap        ] GC(500) Humongous regions: 2->2
[424.135s][info][gc,metaspace   ] GC(500) Metaspace: 84640K(85952K)->84640K(85952K) NonClass: 73722K(74496K)->73722K(74496K) Class: 10918K(11456K)->10918K(11456K)
[424.135s][info][gc             ] GC(500) Pause Young (Normal) (G1 Evacuation Pause) 118M->45M(132M) 3.549ms
[424.135s][info][gc,cpu         ] GC(500) User=0.00s Sys=0.00s Real=0.00s
[424.350s][info][gc,start       ] GC(501) Pause Young (Normal) (G1 Evacuation Pause)
[424.350s][info][gc,task        ] GC(501) Using 8 workers of 8 for evacuation
[424.353s][info][gc,phases      ] GC(501)   Pre Evacuate Collection Set: 0.1ms
[424.353s][info][gc,phases      ] GC(501)   Merge Heap Roots: 0.1ms
[424.353s][info][gc,phases      ] GC(501)   Evacuate Collection Set: 2.5ms
[424.353s][info][gc,phases      ] GC(501)   Post Evacuate Collection Set: 0.5ms
[424.353s][info][gc,phases      ] GC(501)   Other: 0.1ms
[424.353s][info][gc,heap        ] GC(501) Eden regions: 71->0(71)
[424.353s][info][gc,heap        ] GC(501) Survivor regions: 5->5(10)
[424.353s][info][gc,heap        ] GC(501) Old regions: 41->41
[424.353s][info][gc,heap        ] GC(501) Humongous regions: 2->2
[424.353s][info][gc,metaspace   ] GC(501) Metaspace: 84640K(85952K)->84640K(85952K) NonClass: 73722K(74496K)->73722K(74496K) Class: 10918K(11456K)->10918K(11456K)
[424.353s][info][gc             ] GC(501) Pause Young (Normal) (G1 Evacuation Pause) 116M->46M(132M) 3.526ms
[424.353s][info][gc,cpu         ] GC(501) User=0.00s Sys=0.00s Real=0.00s
[424.541s][info][gc,start       ] GC(502) Pause Young (Normal) (G1 Evacuation Pause)
[424.541s][info][gc,task        ] GC(502) Using 8 workers of 8 for evacuation
[424.544s][info][gc,phases      ] GC(502)   Pre Evacuate Collection Set: 0.1ms
[424.544s][info][gc,phases      ] GC(502)   Merge Heap Roots: 0.0ms
[424.544s][info][gc,phases      ] GC(502)   Evacuate Collection Set: 2.3ms
[424.544s][info][gc,phases      ] GC(502)   Post Evacuate Collection Set: 0.3ms
[424.544s][info][gc,phases      ] GC(502)   Other: 0.1ms
[424.544s][info][gc,heap        ] GC(502) Eden regions: 71->0(72)
[424.544s][info][gc,heap        ] GC(502) Survivor regions: 5->4(10)
[424.544s][info][gc,heap        ] GC(502) Old regions: 41->42
[424.544s][info][gc,heap        ] GC(502) Humongous regions: 2->2
[424.544s][info][gc,metaspace   ] GC(502) Metaspace: 84640K(85952K)->84640K(85952K) NonClass: 73722K(74496K)->73722K(74496K) Class: 10918K(11456K)->10918K(11456K)
[424.544s][info][gc             ] GC(502) Pause Young (Normal) (G1 Evacuation Pause) 117M->46M(132M) 3.226ms
[424.544s][info][gc,cpu         ] GC(502) User=0.11s Sys=0.00s Real=0.00s
[424.706s][info][gc,start       ] GC(503) Pause Young (Concurrent Start) (G1 Evacuation Pause)
[424.706s][info][gc,task        ] GC(503) Using 8 workers of 8 for evacuation
[424.708s][info][gc,phases      ] GC(503)   Pre Evacuate Collection Set: 0.1ms
[424.708s][info][gc,phases      ] GC(503)   Merge Heap Roots: 0.0ms
[424.708s][info][gc,phases      ] GC(503)   Evacuate Collection Set: 1.8ms
[424.708s][info][gc,phases      ] GC(503)   Post Evacuate Collection Set: 0.3ms
[424.708s][info][gc,phases      ] GC(503)   Other: 0.1ms
[424.708s][info][gc,heap        ] GC(503) Eden regions: 72->0(72)
[424.708s][info][gc,heap        ] GC(503) Survivor regions: 4->4(10)
[424.708s][info][gc,heap        ] GC(503) Old regions: 42->42
[424.708s][info][gc,heap        ] GC(503) Humongous regions: 2->2
[424.708s][info][gc,metaspace   ] GC(503) Metaspace: 84640K(85952K)->84640K(85952K) NonClass: 73722K(74496K)->73722K(74496K) Class: 10918K(11456K)->10918K(11456K)
[424.708s][info][gc             ] GC(503) Pause Young (Concurrent Start) (G1 Evacuation Pause) 118M->46M(132M) 2.751ms
[424.709s][info][gc,cpu         ] GC(503) User=0.00s Sys=0.00s Real=0.00s
[424.709s][info][gc             ] GC(504) Concurrent Mark Cycle
[424.709s][info][gc,marking     ] GC(504) Concurrent Scan Root Regions
[424.710s][info][gc,marking     ] GC(504) Concurrent Scan Root Regions 1.543ms
[424.710s][info][gc,marking     ] GC(504) Concurrent Mark
[424.710s][info][gc,marking     ] GC(504) Concurrent Mark From Roots
[424.710s][info][gc,task        ] GC(504) Using 2 workers of 2 for marking
[424.758s][info][gc,marking     ] GC(504) Concurrent Mark From Roots 47.975ms
[424.758s][info][gc,marking     ] GC(504) Concurrent Preclean
[424.758s][info][gc,marking     ] GC(504) Concurrent Preclean 0.200ms
[424.759s][info][gc,start       ] GC(504) Pause Remark
[424.762s][info][gc             ] GC(504) Pause Remark 69M->69M(132M) 3.610ms
[424.762s][info][gc,cpu         ] GC(504) User=0.00s Sys=0.00s Real=0.00s
[424.762s][info][gc,marking     ] GC(504) Concurrent Mark 52.053ms
[424.762s][info][gc,marking     ] GC(504) Concurrent Rebuild Remembered Sets and Scrub Regions
[424.789s][info][gc,marking     ] GC(504) Concurrent Rebuild Remembered Sets and Scrub Regions 26.874ms
[424.789s][info][gc,start       ] GC(504) Pause Cleanup
[424.789s][info][gc             ] GC(504) Pause Cleanup 77M->77M(132M) 0.160ms
[424.790s][info][gc,cpu         ] GC(504) User=0.00s Sys=0.00s Real=0.00s
[424.790s][info][gc,marking     ] GC(504) Concurrent Clear Claimed Marks
[424.790s][info][gc,marking     ] GC(504) Concurrent Clear Claimed Marks 0.088ms
[424.790s][info][gc,marking     ] GC(504) Concurrent Cleanup for Next Mark
[424.790s][info][gc,marking     ] GC(504) Concurrent Cleanup for Next Mark 0.239ms
[424.790s][info][gc             ] GC(504) Concurrent Mark Cycle 81.465ms
[424.873s][info][gc,start       ] GC(505) Pause Young (Prepare Mixed) (G1 Evacuation Pause)
[424.873s][info][gc,task        ] GC(505) Using 8 workers of 8 for evacuation
[424.876s][info][gc,phases      ] GC(505)   Pre Evacuate Collection Set: 0.1ms
[424.876s][info][gc,phases      ] GC(505)   Merge Heap Roots: 0.1ms
[424.876s][info][gc,phases      ] GC(505)   Evacuate Collection Set: 1.9ms
[424.876s][info][gc,phases      ] GC(505)   Post Evacuate Collection Set: 0.4ms
[424.876s][info][gc,phases      ] GC(505)   Other: 0.1ms
[424.876s][info][gc,heap        ] GC(505) Eden regions: 72->0(71)
[424.876s][info][gc,heap        ] GC(505) Survivor regions: 4->4(10)
[424.876s][info][gc,heap        ] GC(505) Old regions: 42->43
[424.876s][info][gc,heap        ] GC(505) Humongous regions: 2->2
[424.876s][info][gc,metaspace   ] GC(505) Metaspace: 84640K(85952K)->84640K(85952K) NonClass: 73722K(74496K)->73722K(74496K) Class: 10918K(11456K)->10918K(11456K)
[424.876s][info][gc             ] GC(505) Pause Young (Prepare Mixed) (G1 Evacuation Pause) 118M->46M(132M) 3.039ms
[424.876s][info][gc,cpu         ] GC(505) User=0.00s Sys=0.00s Real=0.00s
[425.030s][info][gc,start       ] GC(506) Pause Young (Mixed) (G1 Evacuation Pause)
[425.030s][info][gc,task        ] GC(506) Using 8 workers of 8 for evacuation
[425.034s][info][gc,phases      ] GC(506)   Pre Evacuate Collection Set: 0.2ms
[425.034s][info][gc,phases      ] GC(506)   Merge Heap Roots: 0.2ms
[425.034s][info][gc,phases      ] GC(506)   Evacuate Collection Set: 3.5ms
[425.035s][info][gc,phases      ] GC(506)   Post Evacuate Collection Set: 0.5ms
[425.035s][info][gc,phases      ] GC(506)   Other: 0.1ms
[425.035s][info][gc,heap        ] GC(506) Eden regions: 71->0(72)
[425.035s][info][gc,heap        ] GC(506) Survivor regions: 4->4(10)
[425.035s][info][gc,heap        ] GC(506) Old regions: 43->42
[425.035s][info][gc,heap        ] GC(506) Humongous regions: 2->2
[425.035s][info][gc,metaspace   ] GC(506) Metaspace: 84640K(85952K)->84640K(85952K) NonClass: 73722K(74496K)->73722K(74496K) Class: 10918K(11456K)->10918K(11456K)
[425.035s][info][gc             ] GC(506) Pause Young (Mixed) (G1 Evacuation Pause) 117M->46M(132M) 4.925ms
[425.035s][info][gc,cpu         ] GC(506) User=0.00s Sys=0.00s Real=0.01s
[425.190s][info][gc,start       ] GC(507) Pause Young (Concurrent Start) (G1 Evacuation Pause)
[425.190s][info][gc,task        ] GC(507) Using 8 workers of 8 for evacuation
[425.193s][info][gc,phases      ] GC(507)   Pre Evacuate Collection Set: 0.2ms
[425.193s][info][gc,phases      ] GC(507)   Merge Heap Roots: 0.1ms
[425.193s][info][gc,phases      ] GC(507)   Evacuate Collection Set: 2.2ms
[425.193s][info][gc,phases      ] GC(507)   Post Evacuate Collection Set: 0.4ms
[425.193s][info][gc,phases      ] GC(507)   Other: 0.1ms
[425.193s][info][gc,heap        ] GC(507) Eden regions: 72->0(72)
[425.193s][info][gc,heap        ] GC(507) Survivor regions: 4->4(10)
[425.193s][info][gc,heap        ] GC(507) Old regions: 42->42
[425.193s][info][gc,heap        ] GC(507) Humongous regions: 2->2
[425.193s][info][gc,metaspace   ] GC(507) Metaspace: 84640K(85952K)->84640K(85952K) NonClass: 73722K(74496K)->73722K(74496K) Class: 10918K(11456K)->10918K(11456K)
[425.193s][info][gc             ] GC(507) Pause Young (Concurrent Start) (G1 Evacuation Pause) 118M->47M(132M) 3.337ms
[425.193s][info][gc,cpu         ] GC(507) User=0.00s Sys=0.00s Real=0.00s
[425.193s][info][gc             ] GC(508) Concurrent Mark Cycle
[425.194s][info][gc,marking     ] GC(508) Concurrent Scan Root Regions
[425.196s][info][gc,marking     ] GC(508) Concurrent Scan Root Regions 2.336ms
[425.196s][info][gc,marking     ] GC(508) Concurrent Mark
[425.196s][info][gc,marking     ] GC(508) Concurrent Mark From Roots
[425.196s][info][gc,task        ] GC(508) Using 2 workers of 2 for marking
[425.262s][info][gc,marking     ] GC(508) Concurrent Mark From Roots 65.764ms
[425.262s][info][gc,marking     ] GC(508) Concurrent Preclean
[425.262s][info][gc,marking     ] GC(508) Concurrent Preclean 0.196ms
[425.262s][info][gc,start       ] GC(508) Pause Remark
[425.267s][info][gc             ] GC(508) Pause Remark 69M->69M(132M) 4.626ms
[425.267s][info][gc,cpu         ] GC(508) User=0.00s Sys=0.00s Real=0.00s
[425.267s][info][gc,marking     ] GC(508) Concurrent Mark 70.926ms
[425.267s][info][gc,marking     ] GC(508) Concurrent Rebuild Remembered Sets and Scrub Regions
[425.298s][info][gc,marking     ] GC(508) Concurrent Rebuild Remembered Sets and Scrub Regions 30.652ms
[425.298s][info][gc,start       ] GC(508) Pause Cleanup
[425.298s][info][gc             ] GC(508) Pause Cleanup 76M->76M(132M) 0.249ms
[425.298s][info][gc,cpu         ] GC(508) User=0.00s Sys=0.00s Real=0.00s
[425.298s][info][gc,marking     ] GC(508) Concurrent Clear Claimed Marks
[425.298s][info][gc,marking     ] GC(508) Concurrent Clear Claimed Marks 0.186ms
[425.299s][info][gc,marking     ] GC(508) Concurrent Cleanup for Next Mark
[425.299s][info][gc,marking     ] GC(508) Concurrent Cleanup for Next Mark 0.521ms
[425.299s][info][gc             ] GC(508) Concurrent Mark Cycle 105.602ms
[425.397s][info][gc,start       ] GC(509) Pause Young (Prepare Mixed) (G1 Evacuation Pause)
[425.397s][info][gc,task        ] GC(509) Using 8 workers of 8 for evacuation
[425.400s][info][gc,phases      ] GC(509)   Pre Evacuate Collection Set: 0.1ms
[425.400s][info][gc,phases      ] GC(509)   Merge Heap Roots: 0.1ms
[425.400s][info][gc,phases      ] GC(509)   Evacuate Collection Set: 2.6ms
[425.400s][info][gc,phases      ] GC(509)   Post Evacuate Collection Set: 0.3ms
[425.400s][info][gc,phases      ] GC(509)   Other: 0.1ms
[425.400s][info][gc,heap        ] GC(509) Eden regions: 72->0(71)
[425.400s][info][gc,heap        ] GC(509) Survivor regions: 4->4(10)
[425.400s][info][gc,heap        ] GC(509) Old regions: 42->43
[425.400s][info][gc,heap        ] GC(509) Humongous regions: 2->2
[425.400s][info][gc,metaspace   ] GC(509) Metaspace: 84640K(85952K)->84640K(85952K) NonClass: 73722K(74496K)->73722K(74496K) Class: 10918K(11456K)->10918K(11456K)
[425.400s][info][gc             ] GC(509) Pause Young (Prepare Mixed) (G1 Evacuation Pause) 119M->47M(132M) 3.478ms
[425.400s][info][gc,cpu         ] GC(509) User=0.00s Sys=0.00s Real=0.00s
[425.558s][info][gc,start       ] GC(510) Pause Young (Mixed) (G1 Evacuation Pause)
[425.558s][info][gc,task        ] GC(510) Using 8 workers of 8 for evacuation
[425.562s][info][gc,phases      ] GC(510)   Pre Evacuate Collection Set: 0.1ms
[425.562s][info][gc,phases      ] GC(510)   Merge Heap Roots: 0.2ms
[425.562s][info][gc,phases      ] GC(510)   Evacuate Collection Set: 3.7ms
[425.562s][info][gc,phases      ] GC(510)   Post Evacuate Collection Set: 0.4ms
[425.563s][info][gc,phases      ] GC(510)   Other: 0.1ms
[425.563s][info][gc,heap        ] GC(510) Eden regions: 71->0(71)
[425.563s][info][gc,heap        ] GC(510) Survivor regions: 4->4(10)
[425.563s][info][gc,heap        ] GC(510) Old regions: 43->43
[425.563s][info][gc,heap        ] GC(510) Humongous regions: 2->2
[425.563s][info][gc,metaspace   ] GC(510) Metaspace: 84640K(85952K)->84640K(85952K) NonClass: 73722K(74496K)->73722K(74496K) Class: 10918K(11456K)->10918K(11456K)
[425.563s][info][gc             ] GC(510) Pause Young (Mixed) (G1 Evacuation Pause) 118M->47M(132M) 4.722ms
[425.563s][info][gc,cpu         ] GC(510) User=0.12s Sys=0.00s Real=0.01s
[425.733s][info][gc,start       ] GC(511) Pause Young (Concurrent Start) (G1 Evacuation Pause)
[425.733s][info][gc,task        ] GC(511) Using 8 workers of 8 for evacuation
[425.736s][info][gc,phases      ] GC(511)   Pre Evacuate Collection Set: 0.1ms
[425.737s][info][gc,phases      ] GC(511)   Merge Heap Roots: 0.0ms
[425.737s][info][gc,phases      ] GC(511)   Evacuate Collection Set: 2.2ms
[425.737s][info][gc,phases      ] GC(511)   Post Evacuate Collection Set: 0.6ms
[425.737s][info][gc,phases      ] GC(511)   Other: 0.1ms
[425.737s][info][gc,heap        ] GC(511) Eden regions: 71->0(71)
[425.737s][info][gc,heap        ] GC(511) Survivor regions: 4->4(10)
[425.737s][info][gc,heap        ] GC(511) Old regions: 43->43
[425.737s][info][gc,heap        ] GC(511) Humongous regions: 2->2
[425.737s][info][gc,metaspace   ] GC(511) Metaspace: 84640K(85952K)->84640K(85952K) NonClass: 73722K(74496K)->73722K(74496K) Class: 10918K(11456K)->10918K(11456K)
[425.737s][info][gc             ] GC(511) Pause Young (Concurrent Start) (G1 Evacuation Pause) 118M->47M(132M) 3.750ms
[425.737s][info][gc,cpu         ] GC(511) User=0.00s Sys=0.00s Real=0.00s
[425.737s][info][gc             ] GC(512) Concurrent Mark Cycle
[425.737s][info][gc,marking     ] GC(512) Concurrent Scan Root Regions
[425.740s][info][gc,marking     ] GC(512) Concurrent Scan Root Regions 2.422ms
[425.740s][info][gc,marking     ] GC(512) Concurrent Mark
[425.740s][info][gc,marking     ] GC(512) Concurrent Mark From Roots
[425.740s][info][gc,task        ] GC(512) Using 2 workers of 2 for marking
[425.802s][info][gc,marking     ] GC(512) Concurrent Mark From Roots 62.488ms
[425.802s][info][gc,marking     ] GC(512) Concurrent Preclean
[425.803s][info][gc,marking     ] GC(512) Concurrent Preclean 0.342ms
[425.803s][info][gc,start       ] GC(512) Pause Remark
[425.808s][info][gc             ] GC(512) Pause Remark 71M->71M(132M) 4.980ms
[425.808s][info][gc,cpu         ] GC(512) User=0.00s Sys=0.00s Real=0.01s
[425.808s][info][gc,marking     ] GC(512) Concurrent Mark 68.169ms
[425.808s][info][gc,marking     ] GC(512) Concurrent Rebuild Remembered Sets and Scrub Regions
[425.826s][info][gc,marking     ] GC(512) Concurrent Rebuild Remembered Sets and Scrub Regions 18.521ms
[425.827s][info][gc,start       ] GC(512) Pause Cleanup
[425.827s][info][gc             ] GC(512) Pause Cleanup 77M->77M(132M) 0.130ms
[425.827s][info][gc,cpu         ] GC(512) User=0.00s Sys=0.00s Real=0.00s
[425.827s][info][gc,marking     ] GC(512) Concurrent Clear Claimed Marks
[425.827s][info][gc,marking     ] GC(512) Concurrent Clear Claimed Marks 0.085ms
[425.827s][info][gc,marking     ] GC(512) Concurrent Cleanup for Next Mark
[425.827s][info][gc,marking     ] GC(512) Concurrent Cleanup for Next Mark 0.232ms
[425.827s][info][gc             ] GC(512) Concurrent Mark Cycle 90.076ms
[425.918s][info][gc,start       ] GC(513) Pause Young (Normal) (G1 Evacuation Pause)
[425.918s][info][gc,task        ] GC(513) Using 8 workers of 8 for evacuation
[425.922s][info][gc,phases      ] GC(513)   Pre Evacuate Collection Set: 0.2ms
[425.922s][info][gc,phases      ] GC(513)   Merge Heap Roots: 0.1ms
[425.922s][info][gc,phases      ] GC(513)   Evacuate Collection Set: 2.7ms
[425.922s][info][gc,phases      ] GC(513)   Post Evacuate Collection Set: 0.4ms
[425.922s][info][gc,phases      ] GC(513)   Other: 0.1ms
[425.922s][info][gc,heap        ] GC(513) Eden regions: 71->0(71)
[425.922s][info][gc,heap        ] GC(513) Survivor regions: 4->4(10)
[425.922s][info][gc,heap        ] GC(513) Old regions: 43->43
[425.922s][info][gc,heap        ] GC(513) Humongous regions: 2->2
[425.922s][info][gc,metaspace   ] GC(513) Metaspace: 84640K(85952K)->84640K(85952K) NonClass: 73722K(74496K)->73722K(74496K) Class: 10918K(11456K)->10918K(11456K)
[425.922s][info][gc             ] GC(513) Pause Young (Normal) (G1 Evacuation Pause) 118M->48M(132M) 3.755ms
[425.922s][info][gc,cpu         ] GC(513) User=0.09s Sys=0.00s Real=0.00s
[426.057s][info][gc,start       ] GC(514) Pause Young (Concurrent Start) (G1 Evacuation Pause)
[426.057s][info][gc,task        ] GC(514) Using 8 workers of 8 for evacuation
[426.059s][info][gc,phases      ] GC(514)   Pre Evacuate Collection Set: 0.1ms
[426.059s][info][gc,phases      ] GC(514)   Merge Heap Roots: 0.0ms
[426.059s][info][gc,phases      ] GC(514)   Evacuate Collection Set: 1.7ms
[426.059s][info][gc,phases      ] GC(514)   Post Evacuate Collection Set: 0.4ms
[426.059s][info][gc,phases      ] GC(514)   Other: 0.1ms
[426.059s][info][gc,heap        ] GC(514) Eden regions: 71->0(71)
[426.059s][info][gc,heap        ] GC(514) Survivor regions: 4->4(10)
[426.059s][info][gc,heap        ] GC(514) Old regions: 43->43
[426.059s][info][gc,heap        ] GC(514) Humongous regions: 2->2
[426.059s][info][gc,metaspace   ] GC(514) Metaspace: 84640K(85952K)->84640K(85952K) NonClass: 73722K(74496K)->73722K(74496K) Class: 10918K(11456K)->10918K(11456K)
[426.060s][info][gc             ] GC(514) Pause Young (Concurrent Start) (G1 Evacuation Pause) 119M->48M(132M) 2.613ms
[426.060s][info][gc,cpu         ] GC(514) User=0.09s Sys=0.00s Real=0.00s
[426.060s][info][gc             ] GC(515) Concurrent Mark Cycle
[426.060s][info][gc,marking     ] GC(515) Concurrent Scan Root Regions
[426.062s][info][gc,marking     ] GC(515) Concurrent Scan Root Regions 2.029ms
[426.062s][info][gc,marking     ] GC(515) Concurrent Mark
[426.062s][info][gc,marking     ] GC(515) Concurrent Mark From Roots
[426.062s][info][gc,task        ] GC(515) Using 2 workers of 2 for marking
[426.135s][info][gc,marking     ] GC(515) Concurrent Mark From Roots 72.755ms
[426.135s][info][gc,marking     ] GC(515) Concurrent Preclean
[426.135s][info][gc,marking     ] GC(515) Concurrent Preclean 0.203ms
[426.135s][info][gc,start       ] GC(515) Pause Remark
[426.139s][info][gc             ] GC(515) Pause Remark 70M->70M(132M) 4.431ms
[426.139s][info][gc,cpu         ] GC(515) User=0.09s Sys=0.00s Real=0.01s
[426.139s][info][gc,marking     ] GC(515) Concurrent Mark 77.667ms
[426.139s][info][gc,marking     ] GC(515) Concurrent Rebuild Remembered Sets and Scrub Regions
[426.160s][info][gc,marking     ] GC(515) Concurrent Rebuild Remembered Sets and Scrub Regions 20.244ms
[426.160s][info][gc,start       ] GC(515) Pause Cleanup
[426.160s][info][gc             ] GC(515) Pause Cleanup 76M->76M(132M) 0.128ms
[426.160s][info][gc,cpu         ] GC(515) User=0.00s Sys=0.00s Real=0.00s
[426.160s][info][gc,marking     ] GC(515) Concurrent Clear Claimed Marks
[426.160s][info][gc,marking     ] GC(515) Concurrent Clear Claimed Marks 0.098ms
[426.160s][info][gc,marking     ] GC(515) Concurrent Cleanup for Next Mark
[426.160s][info][gc,marking     ] GC(515) Concurrent Cleanup for Next Mark 0.244ms
[426.160s][info][gc             ] GC(515) Concurrent Mark Cycle 100.867ms
[426.242s][info][gc,start       ] GC(516) Pause Young (Normal) (G1 Evacuation Pause)
[426.242s][info][gc,task        ] GC(516) Using 8 workers of 8 for evacuation
[426.244s][info][gc,phases      ] GC(516)   Pre Evacuate Collection Set: 0.1ms
[426.244s][info][gc,phases      ] GC(516)   Merge Heap Roots: 0.0ms
[426.244s][info][gc,phases      ] GC(516)   Evacuate Collection Set: 1.6ms
[426.244s][info][gc,phases      ] GC(516)   Post Evacuate Collection Set: 0.3ms
[426.244s][info][gc,phases      ] GC(516)   Other: 0.1ms
[426.244s][info][gc,heap        ] GC(516) Eden regions: 71->0(70)
[426.244s][info][gc,heap        ] GC(516) Survivor regions: 4->4(10)
[426.244s][info][gc,heap        ] GC(516) Old regions: 43->44
[426.244s][info][gc,heap        ] GC(516) Humongous regions: 2->2
[426.244s][info][gc,metaspace   ] GC(516) Metaspace: 84640K(85952K)->84640K(85952K) NonClass: 73722K(74496K)->73722K(74496K) Class: 10918K(11456K)->10918K(11456K)
[426.244s][info][gc             ] GC(516) Pause Young (Normal) (G1 Evacuation Pause) 119M->48M(132M) 2.560ms
[426.244s][info][gc,cpu         ] GC(516) User=0.00s Sys=0.00s Real=0.00s
[426.410s][info][gc,start       ] GC(517) Pause Young (Concurrent Start) (G1 Evacuation Pause)
[426.410s][info][gc,task        ] GC(517) Using 8 workers of 8 for evacuation
[426.413s][info][gc,phases      ] GC(517)   Pre Evacuate Collection Set: 0.1ms
[426.413s][info][gc,phases      ] GC(517)   Merge Heap Roots: 0.1ms
[426.413s][info][gc,phases      ] GC(517)   Evacuate Collection Set: 2.1ms
[426.413s][info][gc,phases      ] GC(517)   Post Evacuate Collection Set: 0.4ms
[426.413s][info][gc,phases      ] GC(517)   Other: 0.2ms
[426.413s][info][gc,heap        ] GC(517) Eden regions: 70->0(70)
[426.413s][info][gc,heap        ] GC(517) Survivor regions: 4->4(10)
[426.413s][info][gc,heap        ] GC(517) Old regions: 44->44
[426.413s][info][gc,heap        ] GC(517) Humongous regions: 2->2
[426.413s][info][gc,metaspace   ] GC(517) Metaspace: 84640K(85952K)->84640K(85952K) NonClass: 73722K(74496K)->73722K(74496K) Class: 10918K(11456K)->10918K(11456K)
[426.413s][info][gc             ] GC(517) Pause Young (Concurrent Start) (G1 Evacuation Pause) 118M->48M(132M) 3.339ms
[426.413s][info][gc             ] GC(518) Concurrent Mark Cycle
[426.413s][info][gc,cpu         ] GC(517) User=0.00s Sys=0.00s Real=0.00s
[426.413s][info][gc,marking     ] GC(518) Concurrent Scan Root Regions
[426.416s][info][gc,marking     ] GC(518) Concurrent Scan Root Regions 2.948ms
[426.416s][info][gc,marking     ] GC(518) Concurrent Mark
[426.416s][info][gc,marking     ] GC(518) Concurrent Mark From Roots
[426.416s][info][gc,task        ] GC(518) Using 2 workers of 2 for marking
[426.469s][info][gc,marking     ] GC(518) Concurrent Mark From Roots 52.919ms
[426.469s][info][gc,marking     ] GC(518) Concurrent Preclean
[426.469s][info][gc,marking     ] GC(518) Concurrent Preclean 0.305ms
[426.469s][info][gc,start       ] GC(518) Pause Remark
[426.474s][info][gc             ] GC(518) Pause Remark 70M->70M(132M) 4.558ms
[426.474s][info][gc,cpu         ] GC(518) User=0.00s Sys=0.00s Real=0.00s
[426.474s][info][gc,marking     ] GC(518) Concurrent Mark 58.138ms
[426.474s][info][gc,marking     ] GC(518) Concurrent Rebuild Remembered Sets and Scrub Regions
[426.495s][info][gc,marking     ] GC(518) Concurrent Rebuild Remembered Sets and Scrub Regions 21.220ms
[426.496s][info][gc,start       ] GC(518) Pause Cleanup
[426.496s][info][gc             ] GC(518) Pause Cleanup 70M->70M(132M) 0.124ms
[426.496s][info][gc,cpu         ] GC(518) User=0.00s Sys=0.00s Real=0.00s
[426.496s][info][gc,marking     ] GC(518) Concurrent Clear Claimed Marks
[426.496s][info][gc,marking     ] GC(518) Concurrent Clear Claimed Marks 0.078ms
[426.496s][info][gc,marking     ] GC(518) Concurrent Cleanup for Next Mark
[426.496s][info][gc,marking     ] GC(518) Concurrent Cleanup for Next Mark 0.261ms
[426.496s][info][gc             ] GC(518) Concurrent Mark Cycle 83.192ms
[431.547s][info][gc,start       ] GC(519) Pause Young (Prepare Mixed) (G1 Evacuation Pause)
[431.547s][info][gc,task        ] GC(519) Using 8 workers of 8 for evacuation
[431.550s][info][gc,phases      ] GC(519)   Pre Evacuate Collection Set: 0.2ms
[431.550s][info][gc,phases      ] GC(519)   Merge Heap Roots: 0.1ms
[431.550s][info][gc,phases      ] GC(519)   Evacuate Collection Set: 1.8ms
[431.550s][info][gc,phases      ] GC(519)   Post Evacuate Collection Set: 0.7ms
[431.550s][info][gc,phases      ] GC(519)   Other: 0.1ms
[431.550s][info][gc,heap        ] GC(519) Eden regions: 70->0(68)
[431.550s][info][gc,heap        ] GC(519) Survivor regions: 4->5(10)
[431.550s][info][gc,heap        ] GC(519) Old regions: 44->44
[431.550s][info][gc,heap        ] GC(519) Humongous regions: 2->2
[431.550s][info][gc,metaspace   ] GC(519) Metaspace: 84641K(85952K)->84641K(85952K) NonClass: 73723K(74496K)->73723K(74496K) Class: 10918K(11456K)->10918K(11456K)
[431.550s][info][gc             ] GC(519) Pause Young (Prepare Mixed) (G1 Evacuation Pause) 118M->49M(132M) 3.190ms
[431.550s][info][gc,cpu         ] GC(519) User=0.00s Sys=0.00s Real=0.00s
[431.677s][info][gc,start       ] GC(520) Pause Young (Mixed) (G1 Evacuation Pause)
[431.677s][info][gc,task        ] GC(520) Using 8 workers of 8 for evacuation
[431.681s][info][gc,phases      ] GC(520)   Pre Evacuate Collection Set: 0.1ms
[431.682s][info][gc,phases      ] GC(520)   Merge Heap Roots: 0.1ms
[431.682s][info][gc,phases      ] GC(520)   Evacuate Collection Set: 3.5ms
[431.682s][info][gc,phases      ] GC(520)   Post Evacuate Collection Set: 0.4ms
[431.682s][info][gc,phases      ] GC(520)   Other: 0.1ms
[431.682s][info][gc,heap        ] GC(520) Eden regions: 68->0(68)
[431.682s][info][gc,heap        ] GC(520) Survivor regions: 5->5(10)
[431.682s][info][gc,heap        ] GC(520) Old regions: 44->44
[431.682s][info][gc,heap        ] GC(520) Humongous regions: 2->2
[431.682s][info][gc,metaspace   ] GC(520) Metaspace: 84650K(85952K)->84650K(85952K) NonClass: 73732K(74496K)->73732K(74496K) Class: 10918K(11456K)->10918K(11456K)
[431.682s][info][gc             ] GC(520) Pause Young (Mixed) (G1 Evacuation Pause) 117M->49M(132M) 4.692ms
[431.682s][info][gc,cpu         ] GC(520) User=0.00s Sys=0.00s Real=0.01s
[431.815s][info][gc,start       ] GC(521) Pause Young (Concurrent Start) (G1 Evacuation Pause)
[431.815s][info][gc,task        ] GC(521) Using 8 workers of 8 for evacuation
[431.818s][info][gc,phases      ] GC(521)   Pre Evacuate Collection Set: 0.1ms
[431.818s][info][gc,phases      ] GC(521)   Merge Heap Roots: 0.1ms
[431.818s][info][gc,phases      ] GC(521)   Evacuate Collection Set: 2.0ms
[431.818s][info][gc,phases      ] GC(521)   Post Evacuate Collection Set: 0.5ms
[431.818s][info][gc,phases      ] GC(521)   Other: 0.1ms
[431.818s][info][gc,heap        ] GC(521) Eden regions: 68->0(70)
[431.818s][info][gc,heap        ] GC(521) Survivor regions: 5->4(10)
[431.818s][info][gc,heap        ] GC(521) Old regions: 44->44
[431.818s][info][gc,heap        ] GC(521) Humongous regions: 2->2
[431.818s][info][gc,metaspace   ] GC(521) Metaspace: 84650K(85952K)->84650K(85952K) NonClass: 73732K(74496K)->73732K(74496K) Class: 10918K(11456K)->10918K(11456K)
[431.818s][info][gc             ] GC(521) Pause Young (Concurrent Start) (G1 Evacuation Pause) 117M->49M(132M) 3.260ms
[431.818s][info][gc,cpu         ] GC(521) User=0.00s Sys=0.00s Real=0.00s
[431.818s][info][gc             ] GC(522) Concurrent Mark Cycle
[431.818s][info][gc,marking     ] GC(522) Concurrent Scan Root Regions
[431.821s][info][gc,marking     ] GC(522) Concurrent Scan Root Regions 2.810ms
[431.821s][info][gc,marking     ] GC(522) Concurrent Mark
[431.821s][info][gc,marking     ] GC(522) Concurrent Mark From Roots
[431.821s][info][gc,task        ] GC(522) Using 2 workers of 2 for marking
[431.879s][info][gc,marking     ] GC(522) Concurrent Mark From Roots 58.057ms
[431.879s][info][gc,marking     ] GC(522) Concurrent Preclean
[431.880s][info][gc,marking     ] GC(522) Concurrent Preclean 0.630ms
[431.880s][info][gc,start       ] GC(522) Pause Remark
[431.885s][info][gc             ] GC(522) Pause Remark 71M->71M(132M) 4.821ms
[431.885s][info][gc,cpu         ] GC(522) User=0.00s Sys=0.00s Real=0.00s
[431.885s][info][gc,marking     ] GC(522) Concurrent Mark 63.954ms
[431.885s][info][gc,marking     ] GC(522) Concurrent Rebuild Remembered Sets and Scrub Regions
[431.910s][info][gc,marking     ] GC(522) Concurrent Rebuild Remembered Sets and Scrub Regions 25.225ms
[431.910s][info][gc,start       ] GC(522) Pause Cleanup
[431.911s][info][gc             ] GC(522) Pause Cleanup 77M->77M(132M) 0.136ms
[431.911s][info][gc,cpu         ] GC(522) User=0.00s Sys=0.00s Real=0.00s
[431.911s][info][gc,marking     ] GC(522) Concurrent Clear Claimed Marks
[431.911s][info][gc,marking     ] GC(522) Concurrent Clear Claimed Marks 0.093ms
[431.911s][info][gc,marking     ] GC(522) Concurrent Cleanup for Next Mark
[431.911s][info][gc,marking     ] GC(522) Concurrent Cleanup for Next Mark 0.292ms
[431.911s][info][gc             ] GC(522) Concurrent Mark Cycle 92.969ms
[432.008s][info][gc,start       ] GC(523) Pause Young (Prepare Mixed) (G1 Evacuation Pause)
[432.008s][info][gc,task        ] GC(523) Using 8 workers of 8 for evacuation
[432.011s][info][gc,phases      ] GC(523)   Pre Evacuate Collection Set: 0.1ms
[432.011s][info][gc,phases      ] GC(523)   Merge Heap Roots: 0.1ms
[432.011s][info][gc,phases      ] GC(523)   Evacuate Collection Set: 2.6ms
[432.012s][info][gc,phases      ] GC(523)   Post Evacuate Collection Set: 0.5ms
[432.012s][info][gc,phases      ] GC(523)   Other: 0.1ms
[432.012s][info][gc,heap        ] GC(523) Eden regions: 70->0(69)
[432.012s][info][gc,heap        ] GC(523) Survivor regions: 4->4(10)
[432.012s][info][gc,heap        ] GC(523) Old regions: 44->45
[432.012s][info][gc,heap        ] GC(523) Humongous regions: 2->2
[432.012s][info][gc,metaspace   ] GC(523) Metaspace: 84650K(85952K)->84650K(85952K) NonClass: 73732K(74496K)->73732K(74496K) Class: 10918K(11456K)->10918K(11456K)
[432.012s][info][gc             ] GC(523) Pause Young (Prepare Mixed) (G1 Evacuation Pause) 119M->50M(132M) 3.626ms
[432.012s][info][gc,cpu         ] GC(523) User=0.00s Sys=0.00s Real=0.00s
[432.159s][info][gc,start       ] GC(524) Pause Young (Mixed) (G1 Evacuation Pause)
[432.159s][info][gc,task        ] GC(524) Using 8 workers of 8 for evacuation
[432.162s][info][gc,phases      ] GC(524)   Pre Evacuate Collection Set: 0.1ms
[432.162s][info][gc,phases      ] GC(524)   Merge Heap Roots: 0.1ms
[432.162s][info][gc,phases      ] GC(524)   Evacuate Collection Set: 2.1ms
[432.162s][info][gc,phases      ] GC(524)   Post Evacuate Collection Set: 0.5ms
[432.162s][info][gc,phases      ] GC(524)   Other: 0.1ms
[432.162s][info][gc,heap        ] GC(524) Eden regions: 69->0(67)
[432.162s][info][gc,heap        ] GC(524) Survivor regions: 4->5(10)
[432.162s][info][gc,heap        ] GC(524) Old regions: 45->45
[432.162s][info][gc,heap        ] GC(524) Humongous regions: 2->2
[432.162s][info][gc,metaspace   ] GC(524) Metaspace: 84650K(85952K)->84650K(85952K) NonClass: 73732K(74496K)->73732K(74496K) Class: 10918K(11456K)->10918K(11456K)
[432.162s][info][gc             ] GC(524) Pause Young (Mixed) (G1 Evacuation Pause) 119M->50M(132M) 3.252ms
[432.162s][info][gc,cpu         ] GC(524) User=0.00s Sys=0.00s Real=0.00s
[432.304s][info][gc,start       ] GC(525) Pause Young (Concurrent Start) (G1 Evacuation Pause)
[432.304s][info][gc,task        ] GC(525) Using 8 workers of 8 for evacuation
[432.307s][info][gc,phases      ] GC(525)   Pre Evacuate Collection Set: 0.2ms
[432.307s][info][gc,phases      ] GC(525)   Merge Heap Roots: 0.0ms
[432.307s][info][gc,phases      ] GC(525)   Evacuate Collection Set: 2.4ms
[432.307s][info][gc,phases      ] GC(525)   Post Evacuate Collection Set: 0.4ms
[432.307s][info][gc,phases      ] GC(525)   Other: 0.2ms
[432.307s][info][gc,heap        ] GC(525) Eden regions: 67->0(69)
[432.307s][info][gc,heap        ] GC(525) Survivor regions: 5->4(9)
[432.307s][info][gc,heap        ] GC(525) Old regions: 45->45
[432.307s][info][gc,heap        ] GC(525) Humongous regions: 2->2
[432.307s][info][gc,metaspace   ] GC(525) Metaspace: 84650K(85952K)->84650K(85952K) NonClass: 73732K(74496K)->73732K(74496K) Class: 10918K(11456K)->10918K(11456K)
[432.307s][info][gc             ] GC(525) Pause Young (Concurrent Start) (G1 Evacuation Pause) 117M->50M(132M) 3.525ms
[432.307s][info][gc,cpu         ] GC(525) User=0.00s Sys=0.00s Real=0.00s
[432.307s][info][gc             ] GC(526) Concurrent Mark Cycle
[432.307s][info][gc,marking     ] GC(526) Concurrent Scan Root Regions
[432.310s][info][gc,marking     ] GC(526) Concurrent Scan Root Regions 2.811ms
[432.310s][info][gc,marking     ] GC(526) Concurrent Mark
[432.310s][info][gc,marking     ] GC(526) Concurrent Mark From Roots
[432.310s][info][gc,task        ] GC(526) Using 2 workers of 2 for marking
[432.374s][info][gc,marking     ] GC(526) Concurrent Mark From Roots 63.698ms
[432.374s][info][gc,marking     ] GC(526) Concurrent Preclean
[432.374s][info][gc,marking     ] GC(526) Concurrent Preclean 0.233ms
[432.374s][info][gc,start       ] GC(526) Pause Remark
[432.379s][info][gc             ] GC(526) Pause Remark 71M->71M(132M) 4.287ms
[432.379s][info][gc,cpu         ] GC(526) User=0.00s Sys=0.00s Real=0.01s
[432.379s][info][gc,marking     ] GC(526) Concurrent Mark 68.534ms
[432.379s][info][gc,marking     ] GC(526) Concurrent Rebuild Remembered Sets and Scrub Regions
[432.404s][info][gc,marking     ] GC(526) Concurrent Rebuild Remembered Sets and Scrub Regions 25.479ms
[432.404s][info][gc,start       ] GC(526) Pause Cleanup
[432.405s][info][gc             ] GC(526) Pause Cleanup 80M->80M(132M) 0.148ms
[432.405s][info][gc,cpu         ] GC(526) User=0.00s Sys=0.00s Real=0.00s
[432.405s][info][gc,marking     ] GC(526) Concurrent Clear Claimed Marks
[432.405s][info][gc,marking     ] GC(526) Concurrent Clear Claimed Marks 0.087ms
[432.405s][info][gc,marking     ] GC(526) Concurrent Cleanup for Next Mark
[432.405s][info][gc,marking     ] GC(526) Concurrent Cleanup for Next Mark 0.309ms
[432.405s][info][gc             ] GC(526) Concurrent Mark Cycle 97.971ms
[432.486s][info][gc,start       ] GC(527) Pause Young (Prepare Mixed) (G1 Evacuation Pause)
[432.486s][info][gc,task        ] GC(527) Using 8 workers of 8 for evacuation
[432.490s][info][gc,phases      ] GC(527)   Pre Evacuate Collection Set: 0.1ms
[432.490s][info][gc,phases      ] GC(527)   Merge Heap Roots: 0.0ms
[432.490s][info][gc,phases      ] GC(527)   Evacuate Collection Set: 3.1ms
[432.490s][info][gc,phases      ] GC(527)   Post Evacuate Collection Set: 0.5ms
[432.490s][info][gc,phases      ] GC(527)   Other: 0.1ms
[432.490s][info][gc,heap        ] GC(527) Eden regions: 69->0(67)
[432.491s][info][gc,heap        ] GC(527) Survivor regions: 4->5(10)
[432.491s][info][gc,heap        ] GC(527) Old regions: 45->45
[432.491s][info][gc,heap        ] GC(527) Humongous regions: 2->2
[432.491s][info][gc,metaspace   ] GC(527) Metaspace: 84650K(85952K)->84650K(85952K) NonClass: 73732K(74496K)->73732K(74496K) Class: 10918K(11456K)->10918K(11456K)
[432.491s][info][gc             ] GC(527) Pause Young (Prepare Mixed) (G1 Evacuation Pause) 119M->50M(132M) 4.338ms
[432.491s][info][gc,cpu         ] GC(527) User=0.00s Sys=0.00s Real=0.01s
[432.633s][info][gc,start       ] GC(528) Pause Young (Mixed) (G1 Evacuation Pause)
[432.633s][info][gc,task        ] GC(528) Using 8 workers of 8 for evacuation
[432.637s][info][gc,phases      ] GC(528)   Pre Evacuate Collection Set: 0.1ms
[432.637s][info][gc,phases      ] GC(528)   Merge Heap Roots: 0.1ms
[432.637s][info][gc,phases      ] GC(528)   Evacuate Collection Set: 3.2ms
[432.637s][info][gc,phases      ] GC(528)   Post Evacuate Collection Set: 0.4ms
[432.638s][info][gc,phases      ] GC(528)   Other: 0.1ms
[432.638s][info][gc,heap        ] GC(528) Eden regions: 67->0(69)
[432.638s][info][gc,heap        ] GC(528) Survivor regions: 5->4(9)
[432.638s][info][gc,heap        ] GC(528) Old regions: 45->45
[432.638s][info][gc,heap        ] GC(528) Humongous regions: 2->2
[432.638s][info][gc,metaspace   ] GC(528) Metaspace: 84650K(85952K)->84650K(85952K) NonClass: 73732K(74496K)->73732K(74496K) Class: 10918K(11456K)->10918K(11456K)
[432.638s][info][gc             ] GC(528) Pause Young (Mixed) (G1 Evacuation Pause) 117M->50M(132M) 4.289ms
[432.638s][info][gc,cpu         ] GC(528) User=0.00s Sys=0.02s Real=0.00s
[432.802s][info][gc,start       ] GC(529) Pause Young (Concurrent Start) (G1 Evacuation Pause)
[432.802s][info][gc,task        ] GC(529) Using 8 workers of 8 for evacuation
[432.806s][info][gc,phases      ] GC(529)   Pre Evacuate Collection Set: 0.2ms
[432.806s][info][gc,phases      ] GC(529)   Merge Heap Roots: 0.1ms
[432.806s][info][gc,phases      ] GC(529)   Evacuate Collection Set: 2.8ms
[432.806s][info][gc,phases      ] GC(529)   Post Evacuate Collection Set: 0.5ms
[432.806s][info][gc,phases      ] GC(529)   Other: 0.2ms
[432.806s][info][gc,heap        ] GC(529) Eden regions: 69->0(69)
[432.806s][info][gc,heap        ] GC(529) Survivor regions: 4->4(10)
[432.806s][info][gc,heap        ] GC(529) Old regions: 45->45
[432.806s][info][gc,heap        ] GC(529) Humongous regions: 2->2
[432.806s][info][gc,metaspace   ] GC(529) Metaspace: 84650K(85952K)->84650K(85952K) NonClass: 73732K(74496K)->73732K(74496K) Class: 10918K(11456K)->10918K(11456K)
[432.806s][info][gc             ] GC(529) Pause Young (Concurrent Start) (G1 Evacuation Pause) 119M->50M(132M) 4.142ms
[432.806s][info][gc,cpu         ] GC(529) User=0.00s Sys=0.00s Real=0.01s
[432.807s][info][gc             ] GC(530) Concurrent Mark Cycle
[432.807s][info][gc,marking     ] GC(530) Concurrent Scan Root Regions
[432.809s][info][gc,marking     ] GC(530) Concurrent Scan Root Regions 2.684ms
[432.809s][info][gc,marking     ] GC(530) Concurrent Mark
[432.809s][info][gc,marking     ] GC(530) Concurrent Mark From Roots
[432.809s][info][gc,task        ] GC(530) Using 2 workers of 2 for marking
[432.875s][info][gc,marking     ] GC(530) Concurrent Mark From Roots 65.822ms
[432.875s][info][gc,marking     ] GC(530) Concurrent Preclean
[432.875s][info][gc,marking     ] GC(530) Concurrent Preclean 0.220ms
[432.876s][info][gc,start       ] GC(530) Pause Remark
[432.881s][info][gc             ] GC(530) Pause Remark 76M->76M(132M) 5.485ms
[432.881s][info][gc,cpu         ] GC(530) User=0.00s Sys=0.00s Real=0.01s
[432.881s][info][gc,marking     ] GC(530) Concurrent Mark 71.816ms
[432.881s][info][gc,marking     ] GC(530) Concurrent Rebuild Remembered Sets and Scrub Regions
[432.889s][info][gc,marking     ] GC(530) Concurrent Rebuild Remembered Sets and Scrub Regions 8.221ms
[432.890s][info][gc,start       ] GC(530) Pause Cleanup
[432.890s][info][gc             ] GC(530) Pause Cleanup 78M->78M(132M) 0.414ms
[432.890s][info][gc,cpu         ] GC(530) User=0.00s Sys=0.00s Real=0.00s
[432.890s][info][gc,marking     ] GC(530) Concurrent Clear Claimed Marks
[432.890s][info][gc,marking     ] GC(530) Concurrent Clear Claimed Marks 0.094ms
[432.890s][info][gc,marking     ] GC(530) Concurrent Cleanup for Next Mark
[432.891s][info][gc,marking     ] GC(530) Concurrent Cleanup for Next Mark 0.236ms
[432.891s][info][gc             ] GC(530) Concurrent Mark Cycle 84.019ms
[432.996s][info][gc,start       ] GC(531) Pause Young (Normal) (G1 Evacuation Pause)
[432.996s][info][gc,task        ] GC(531) Using 8 workers of 8 for evacuation
[432.999s][info][gc,phases      ] GC(531)   Pre Evacuate Collection Set: 0.2ms
[432.999s][info][gc,phases      ] GC(531)   Merge Heap Roots: 0.1ms
[432.999s][info][gc,phases      ] GC(531)   Evacuate Collection Set: 2.7ms
[432.999s][info][gc,phases      ] GC(531)   Post Evacuate Collection Set: 0.3ms
[432.999s][info][gc,phases      ] GC(531)   Other: 0.1ms
[432.999s][info][gc,heap        ] GC(531) Eden regions: 69->0(68)
[432.999s][info][gc,heap        ] GC(531) Survivor regions: 4->4(10)
[432.999s][info][gc,heap        ] GC(531) Old regions: 45->46
[432.999s][info][gc,heap        ] GC(531) Humongous regions: 2->2
[432.999s][info][gc,metaspace   ] GC(531) Metaspace: 84654K(85952K)->84654K(85952K) NonClass: 73736K(74496K)->73736K(74496K) Class: 10918K(11456K)->10918K(11456K)
[432.999s][info][gc             ] GC(531) Pause Young (Normal) (G1 Evacuation Pause) 119M->51M(132M) 3.761ms
[432.999s][info][gc,cpu         ] GC(531) User=0.11s Sys=0.00s Real=0.00s
[433.139s][info][gc,start       ] GC(532) Pause Young (Concurrent Start) (G1 Evacuation Pause)
[433.139s][info][gc,task        ] GC(532) Using 8 workers of 8 for evacuation
[433.142s][info][gc,phases      ] GC(532)   Pre Evacuate Collection Set: 0.2ms
[433.142s][info][gc,phases      ] GC(532)   Merge Heap Roots: 0.0ms
[433.142s][info][gc,phases      ] GC(532)   Evacuate Collection Set: 2.3ms
[433.142s][info][gc,phases      ] GC(532)   Post Evacuate Collection Set: 0.6ms
[433.142s][info][gc,phases      ] GC(532)   Other: 0.1ms
[433.142s][info][gc,heap        ] GC(532) Eden regions: 68->0(68)
[433.142s][info][gc,heap        ] GC(532) Survivor regions: 4->4(9)
[433.142s][info][gc,heap        ] GC(532) Old regions: 46->46
[433.142s][info][gc,heap        ] GC(532) Humongous regions: 2->2
[433.142s][info][gc,metaspace   ] GC(532) Metaspace: 84654K(85952K)->84654K(85952K) NonClass: 73736K(74496K)->73736K(74496K) Class: 10918K(11456K)->10918K(11456K)
[433.142s][info][gc             ] GC(532) Pause Young (Concurrent Start) (G1 Evacuation Pause) 119M->51M(132M) 3.579ms
[433.142s][info][gc,cpu         ] GC(532) User=0.00s Sys=0.00s Real=0.00s
[433.142s][info][gc             ] GC(533) Concurrent Mark Cycle
[433.142s][info][gc,marking     ] GC(533) Concurrent Scan Root Regions
[433.145s][info][gc,marking     ] GC(533) Concurrent Scan Root Regions 2.843ms
[433.145s][info][gc,marking     ] GC(533) Concurrent Mark
[433.145s][info][gc,marking     ] GC(533) Concurrent Mark From Roots
[433.145s][info][gc,task        ] GC(533) Using 2 workers of 2 for marking
[433.224s][info][gc,marking     ] GC(533) Concurrent Mark From Roots 79.157ms
[433.224s][info][gc,marking     ] GC(533) Concurrent Preclean
[433.225s][info][gc,marking     ] GC(533) Concurrent Preclean 0.348ms
[433.225s][info][gc,start       ] GC(533) Pause Remark
[433.230s][info][gc             ] GC(533) Pause Remark 70M->70M(132M) 4.898ms
[433.230s][info][gc,cpu         ] GC(533) User=0.00s Sys=0.00s Real=0.00s
[433.230s][info][gc,marking     ] GC(533) Concurrent Mark 84.772ms
[433.230s][info][gc,marking     ] GC(533) Concurrent Rebuild Remembered Sets and Scrub Regions
[433.253s][info][gc,marking     ] GC(533) Concurrent Rebuild Remembered Sets and Scrub Regions 22.987ms
[433.253s][info][gc,start       ] GC(533) Pause Cleanup
[433.253s][info][gc             ] GC(533) Pause Cleanup 77M->77M(132M) 0.160ms
[433.253s][info][gc,cpu         ] GC(533) User=0.00s Sys=0.00s Real=0.00s
[433.253s][info][gc,marking     ] GC(533) Concurrent Clear Claimed Marks
[433.254s][info][gc,marking     ] GC(533) Concurrent Clear Claimed Marks 0.106ms
[433.254s][info][gc,marking     ] GC(533) Concurrent Cleanup for Next Mark
[433.254s][info][gc,marking     ] GC(533) Concurrent Cleanup for Next Mark 0.282ms
[433.254s][info][gc             ] GC(533) Concurrent Mark Cycle 111.727ms
[433.346s][info][gc,start       ] GC(534) Pause Young (Normal) (G1 Evacuation Pause)
[433.346s][info][gc,task        ] GC(534) Using 8 workers of 8 for evacuation
[433.349s][info][gc,phases      ] GC(534)   Pre Evacuate Collection Set: 0.1ms
[433.349s][info][gc,phases      ] GC(534)   Merge Heap Roots: 0.1ms
[433.349s][info][gc,phases      ] GC(534)   Evacuate Collection Set: 2.4ms
[433.349s][info][gc,phases      ] GC(534)   Post Evacuate Collection Set: 0.4ms
[433.349s][info][gc,phases      ] GC(534)   Other: 0.1ms
[433.349s][info][gc,heap        ] GC(534) Eden regions: 68->0(66)
[433.349s][info][gc,heap        ] GC(534) Survivor regions: 4->5(9)
[433.349s][info][gc,heap        ] GC(534) Old regions: 46->46
[433.349s][info][gc,heap        ] GC(534) Humongous regions: 2->2
[433.349s][info][gc,metaspace   ] GC(534) Metaspace: 84654K(85952K)->84654K(85952K) NonClass: 73736K(74496K)->73736K(74496K) Class: 10918K(11456K)->10918K(11456K)
[433.349s][info][gc             ] GC(534) Pause Young (Normal) (G1 Evacuation Pause) 119M->51M(132M) 3.461ms
[433.349s][info][gc,cpu         ] GC(534) User=0.00s Sys=0.00s Real=0.00s
[433.487s][info][gc,start       ] GC(535) Pause Young (Concurrent Start) (G1 Evacuation Pause)
[433.487s][info][gc,task        ] GC(535) Using 8 workers of 8 for evacuation
[433.490s][info][gc,phases      ] GC(535)   Pre Evacuate Collection Set: 0.1ms
[433.490s][info][gc,phases      ] GC(535)   Merge Heap Roots: 0.1ms
[433.490s][info][gc,phases      ] GC(535)   Evacuate Collection Set: 2.4ms
[433.490s][info][gc,phases      ] GC(535)   Post Evacuate Collection Set: 0.6ms
[433.490s][info][gc,phases      ] GC(535)   Other: 0.1ms
[433.490s][info][gc,heap        ] GC(535) Eden regions: 66->0(68)
[433.490s][info][gc,heap        ] GC(535) Survivor regions: 5->4(9)
[433.490s][info][gc,heap        ] GC(535) Old regions: 46->46
[433.490s][info][gc,heap        ] GC(535) Humongous regions: 2->2
[433.490s][info][gc,metaspace   ] GC(535) Metaspace: 84654K(85952K)->84654K(85952K) NonClass: 73736K(74496K)->73736K(74496K) Class: 10918K(11456K)->10918K(11456K)
[433.490s][info][gc             ] GC(535) Pause Young (Concurrent Start) (G1 Evacuation Pause) 117M->51M(132M) 3.847ms
[433.491s][info][gc,cpu         ] GC(535) User=0.00s Sys=0.00s Real=0.00s
[433.491s][info][gc             ] GC(536) Concurrent Mark Cycle
[433.491s][info][gc,marking     ] GC(536) Concurrent Scan Root Regions
[433.494s][info][gc,marking     ] GC(536) Concurrent Scan Root Regions 3.165ms
[433.494s][info][gc,marking     ] GC(536) Concurrent Mark
[433.494s][info][gc,marking     ] GC(536) Concurrent Mark From Roots
[433.494s][info][gc,task        ] GC(536) Using 2 workers of 2 for marking
[433.560s][info][gc,marking     ] GC(536) Concurrent Mark From Roots 65.438ms
[433.560s][info][gc,marking     ] GC(536) Concurrent Preclean
[433.560s][info][gc,marking     ] GC(536) Concurrent Preclean 0.255ms
[433.560s][info][gc,start       ] GC(536) Pause Remark
[433.565s][info][gc             ] GC(536) Pause Remark 75M->75M(132M) 5.388ms
[433.565s][info][gc,cpu         ] GC(536) User=0.00s Sys=0.00s Real=0.01s
[433.565s][info][gc,marking     ] GC(536) Concurrent Mark 71.377ms
[433.565s][info][gc,marking     ] GC(536) Concurrent Rebuild Remembered Sets and Scrub Regions
[433.592s][info][gc,marking     ] GC(536) Concurrent Rebuild Remembered Sets and Scrub Regions 26.340ms
[433.592s][info][gc,start       ] GC(536) Pause Cleanup
[433.592s][info][gc             ] GC(536) Pause Cleanup 80M->80M(132M) 0.172ms
[433.592s][info][gc,cpu         ] GC(536) User=0.00s Sys=0.00s Real=0.00s
[433.592s][info][gc,marking     ] GC(536) Concurrent Clear Claimed Marks
[433.592s][info][gc,marking     ] GC(536) Concurrent Clear Claimed Marks 0.109ms
[433.592s][info][gc,marking     ] GC(536) Concurrent Cleanup for Next Mark
[433.593s][info][gc,marking     ] GC(536) Concurrent Cleanup for Next Mark 0.250ms
[433.593s][info][gc             ] GC(536) Concurrent Mark Cycle 102.031ms
[433.682s][info][gc,start       ] GC(537) Pause Young (Normal) (G1 Evacuation Pause)
[433.682s][info][gc,task        ] GC(537) Using 8 workers of 8 for evacuation
[433.685s][info][gc,phases      ] GC(537)   Pre Evacuate Collection Set: 0.1ms
[433.685s][info][gc,phases      ] GC(537)   Merge Heap Roots: 0.1ms
[433.685s][info][gc,phases      ] GC(537)   Evacuate Collection Set: 2.1ms
[433.685s][info][gc,phases      ] GC(537)   Post Evacuate Collection Set: 0.4ms
[433.685s][info][gc,phases      ] GC(537)   Other: 0.1ms
[433.685s][info][gc,heap        ] GC(537) Eden regions: 68->0(67)
[433.685s][info][gc,heap        ] GC(537) Survivor regions: 4->4(9)
[433.685s][info][gc,heap        ] GC(537) Old regions: 46->47
[433.685s][info][gc,heap        ] GC(537) Humongous regions: 2->2
[433.685s][info][gc,metaspace   ] GC(537) Metaspace: 84654K(85952K)->84654K(85952K) NonClass: 73736K(74496K)->73736K(74496K) Class: 10918K(11456K)->10918K(11456K)
[433.685s][info][gc             ] GC(537) Pause Young (Normal) (G1 Evacuation Pause) 119M->51M(132M) 3.204ms
[433.685s][info][gc,cpu         ] GC(537) User=0.12s Sys=0.00s Real=0.00s
[433.845s][info][gc,start       ] GC(538) Pause Young (Concurrent Start) (G1 Evacuation Pause)
[433.845s][info][gc,task        ] GC(538) Using 8 workers of 8 for evacuation
[433.848s][info][gc,phases      ] GC(538)   Pre Evacuate Collection Set: 0.1ms
[433.848s][info][gc,phases      ] GC(538)   Merge Heap Roots: 0.1ms
[433.848s][info][gc,phases      ] GC(538)   Evacuate Collection Set: 2.4ms
[433.848s][info][gc,phases      ] GC(538)   Post Evacuate Collection Set: 0.4ms
[433.848s][info][gc,phases      ] GC(538)   Other: 0.1ms
[433.848s][info][gc,heap        ] GC(538) Eden regions: 67->0(65)
[433.848s][info][gc,heap        ] GC(538) Survivor regions: 4->5(9)
[433.848s][info][gc,heap        ] GC(538) Old regions: 47->47
[433.848s][info][gc,heap        ] GC(538) Humongous regions: 2->2
[433.848s][info][gc,metaspace   ] GC(538) Metaspace: 84654K(85952K)->84654K(85952K) NonClass: 73736K(74496K)->73736K(74496K) Class: 10918K(11456K)->10918K(11456K)
[433.848s][info][gc             ] GC(538) Pause Young (Concurrent Start) (G1 Evacuation Pause) 118M->52M(132M) 3.444ms
[433.848s][info][gc,cpu         ] GC(538) User=0.00s Sys=0.00s Real=0.00s
[433.848s][info][gc             ] GC(539) Concurrent Mark Cycle
[433.848s][info][gc,marking     ] GC(539) Concurrent Scan Root Regions
[433.851s][info][gc,marking     ] GC(539) Concurrent Scan Root Regions 2.795ms
[433.851s][info][gc,marking     ] GC(539) Concurrent Mark
[433.851s][info][gc,marking     ] GC(539) Concurrent Mark From Roots
[433.851s][info][gc,task        ] GC(539) Using 2 workers of 2 for marking
[433.930s][info][gc,marking     ] GC(539) Concurrent Mark From Roots 79.292ms
[433.930s][info][gc,marking     ] GC(539) Concurrent Preclean
[433.931s][info][gc,marking     ] GC(539) Concurrent Preclean 0.220ms
[433.931s][info][gc,start       ] GC(539) Pause Remark
[433.935s][info][gc             ] GC(539) Pause Remark 76M->76M(132M) 4.295ms
[433.935s][info][gc,cpu         ] GC(539) User=0.12s Sys=0.00s Real=0.01s
[433.935s][info][gc,marking     ] GC(539) Concurrent Mark 84.130ms
[433.935s][info][gc,marking     ] GC(539) Concurrent Rebuild Remembered Sets and Scrub Regions
[433.959s][info][gc,marking     ] GC(539) Concurrent Rebuild Remembered Sets and Scrub Regions 23.328ms
[433.959s][info][gc,start       ] GC(539) Pause Cleanup
[433.959s][info][gc             ] GC(539) Pause Cleanup 85M->85M(132M) 0.126ms
[433.959s][info][gc,cpu         ] GC(539) User=0.00s Sys=0.00s Real=0.00s
[433.959s][info][gc,marking     ] GC(539) Concurrent Clear Claimed Marks
[433.959s][info][gc,marking     ] GC(539) Concurrent Clear Claimed Marks 0.104ms
[433.959s][info][gc,marking     ] GC(539) Concurrent Cleanup for Next Mark
[433.959s][info][gc,marking     ] GC(539) Concurrent Cleanup for Next Mark 0.267ms
[433.959s][info][gc             ] GC(539) Concurrent Mark Cycle 111.247ms
[434.034s][info][gc,start       ] GC(540) Pause Young (Normal) (G1 Evacuation Pause)
[434.035s][info][gc,task        ] GC(540) Using 8 workers of 8 for evacuation
[434.038s][info][gc,phases      ] GC(540)   Pre Evacuate Collection Set: 0.1ms
[434.038s][info][gc,phases      ] GC(540)   Merge Heap Roots: 0.1ms
[434.038s][info][gc,phases      ] GC(540)   Evacuate Collection Set: 2.4ms
[434.038s][info][gc,phases      ] GC(540)   Post Evacuate Collection Set: 0.4ms
[434.038s][info][gc,phases      ] GC(540)   Other: 0.1ms
[434.038s][info][gc,heap        ] GC(540) Eden regions: 65->0(66)
[434.038s][info][gc,heap        ] GC(540) Survivor regions: 5->4(9)
[434.038s][info][gc,heap        ] GC(540) Old regions: 47->48
[434.038s][info][gc,heap        ] GC(540) Humongous regions: 2->2
[434.038s][info][gc,metaspace   ] GC(540) Metaspace: 84654K(85952K)->84654K(85952K) NonClass: 73736K(74496K)->73736K(74496K) Class: 10918K(11456K)->10918K(11456K)
[434.038s][info][gc             ] GC(540) Pause Young (Normal) (G1 Evacuation Pause) 117M->52M(132M) 3.375ms
[434.038s][info][gc,cpu         ] GC(540) User=0.00s Sys=0.00s Real=0.00s
[434.201s][info][gc,start       ] GC(541) Pause Young (Concurrent Start) (G1 Evacuation Pause)
[434.201s][info][gc,task        ] GC(541) Using 8 workers of 8 for evacuation
[434.203s][info][gc,phases      ] GC(541)   Pre Evacuate Collection Set: 0.2ms
[434.203s][info][gc,phases      ] GC(541)   Merge Heap Roots: 0.1ms
[434.203s][info][gc,phases      ] GC(541)   Evacuate Collection Set: 1.8ms
[434.203s][info][gc,phases      ] GC(541)   Post Evacuate Collection Set: 0.4ms
[434.203s][info][gc,phases      ] GC(541)   Other: 0.2ms
[434.203s][info][gc,heap        ] GC(541) Eden regions: 66->0(66)
[434.203s][info][gc,heap        ] GC(541) Survivor regions: 4->4(9)
[434.204s][info][gc,heap        ] GC(541) Old regions: 48->48
[434.204s][info][gc,heap        ] GC(541) Humongous regions: 2->2
[434.204s][info][gc,metaspace   ] GC(541) Metaspace: 84654K(85952K)->84654K(85952K) NonClass: 73736K(74496K)->73736K(74496K) Class: 10918K(11456K)->10918K(11456K)
[434.204s][info][gc             ] GC(541) Pause Young (Concurrent Start) (G1 Evacuation Pause) 118M->52M(132M) 3.100ms
[434.204s][info][gc             ] GC(542) Concurrent Mark Cycle
[434.204s][info][gc,cpu         ] GC(541) User=0.00s Sys=0.00s Real=0.00s
[434.204s][info][gc,marking     ] GC(542) Concurrent Scan Root Regions
[434.207s][info][gc,marking     ] GC(542) Concurrent Scan Root Regions 3.644ms
[434.208s][info][gc,marking     ] GC(542) Concurrent Mark
[434.208s][info][gc,marking     ] GC(542) Concurrent Mark From Roots
[434.208s][info][gc,task        ] GC(542) Using 2 workers of 2 for marking
[434.283s][info][gc,marking     ] GC(542) Concurrent Mark From Roots 75.866ms
[434.283s][info][gc,marking     ] GC(542) Concurrent Preclean
[434.284s][info][gc,marking     ] GC(542) Concurrent Preclean 0.333ms
[434.284s][info][gc,start       ] GC(542) Pause Remark
[434.289s][info][gc             ] GC(542) Pause Remark 74M->74M(132M) 4.893ms
[434.289s][info][gc,cpu         ] GC(542) User=0.00s Sys=0.00s Real=0.00s
[434.289s][info][gc,marking     ] GC(542) Concurrent Mark 81.581ms
[434.289s][info][gc,marking     ] GC(542) Concurrent Rebuild Remembered Sets and Scrub Regions
[434.318s][info][gc,marking     ] GC(542) Concurrent Rebuild Remembered Sets and Scrub Regions 28.550ms
[434.318s][info][gc,start       ] GC(542) Pause Cleanup
[434.318s][info][gc             ] GC(542) Pause Cleanup 81M->81M(132M) 0.133ms
[434.318s][info][gc,cpu         ] GC(542) User=0.00s Sys=0.00s Real=0.00s
[434.318s][info][gc,marking     ] GC(542) Concurrent Clear Claimed Marks
[434.318s][info][gc,marking     ] GC(542) Concurrent Clear Claimed Marks 0.102ms
[434.318s][info][gc,marking     ] GC(542) Concurrent Cleanup for Next Mark
[434.319s][info][gc,marking     ] GC(542) Concurrent Cleanup for Next Mark 0.259ms
[434.319s][info][gc             ] GC(542) Concurrent Mark Cycle 114.868ms
[434.413s][info][gc,start       ] GC(543) Pause Young (Normal) (G1 Evacuation Pause)
[434.413s][info][gc,task        ] GC(543) Using 8 workers of 8 for evacuation
[434.416s][info][gc,phases      ] GC(543)   Pre Evacuate Collection Set: 0.2ms
[434.416s][info][gc,phases      ] GC(543)   Merge Heap Roots: 0.1ms
[434.416s][info][gc,phases      ] GC(543)   Evacuate Collection Set: 2.1ms
[434.416s][info][gc,phases      ] GC(543)   Post Evacuate Collection Set: 0.3ms
[434.416s][info][gc,phases      ] GC(543)   Other: 0.1ms
[434.416s][info][gc,heap        ] GC(543) Eden regions: 66->0(66)
[434.416s][info][gc,heap        ] GC(543) Survivor regions: 4->4(9)
[434.416s][info][gc,heap        ] GC(543) Old regions: 48->48
[434.416s][info][gc,heap        ] GC(543) Humongous regions: 2->2
[434.416s][info][gc,metaspace   ] GC(543) Metaspace: 84654K(85952K)->84654K(85952K) NonClass: 73736K(74496K)->73736K(74496K) Class: 10918K(11456K)->10918K(11456K)
[434.416s][info][gc             ] GC(543) Pause Young (Normal) (G1 Evacuation Pause) 118M->53M(132M) 3.117ms
[434.416s][info][gc,cpu         ] GC(543) User=0.00s Sys=0.00s Real=0.00s
[434.612s][info][gc,start       ] GC(544) Pause Young (Concurrent Start) (G1 Evacuation Pause)
[434.612s][info][gc,task        ] GC(544) Using 8 workers of 8 for evacuation
[434.614s][info][gc,phases      ] GC(544)   Pre Evacuate Collection Set: 0.2ms
[434.615s][info][gc,phases      ] GC(544)   Merge Heap Roots: 0.1ms
[434.615s][info][gc,phases      ] GC(544)   Evacuate Collection Set: 1.9ms
[434.615s][info][gc,phases      ] GC(544)   Post Evacuate Collection Set: 0.3ms
[434.615s][info][gc,phases      ] GC(544)   Other: 0.1ms
[434.615s][info][gc,heap        ] GC(544) Eden regions: 66->0(66)
[434.615s][info][gc,heap        ] GC(544) Survivor regions: 4->4(9)
[434.615s][info][gc,heap        ] GC(544) Old regions: 48->48
[434.615s][info][gc,heap        ] GC(544) Humongous regions: 2->2
[434.615s][info][gc,metaspace   ] GC(544) Metaspace: 84654K(85952K)->84654K(85952K) NonClass: 73736K(74496K)->73736K(74496K) Class: 10918K(11456K)->10918K(11456K)
[434.615s][info][gc             ] GC(544) Pause Young (Concurrent Start) (G1 Evacuation Pause) 119M->53M(132M) 3.061ms
[434.615s][info][gc,cpu         ] GC(544) User=0.00s Sys=0.00s Real=0.00s
[434.615s][info][gc             ] GC(545) Concurrent Mark Cycle
[434.615s][info][gc,marking     ] GC(545) Concurrent Scan Root Regions
[434.618s][info][gc,marking     ] GC(545) Concurrent Scan Root Regions 2.654ms
[434.618s][info][gc,marking     ] GC(545) Concurrent Mark
[434.618s][info][gc,marking     ] GC(545) Concurrent Mark From Roots
[434.618s][info][gc,task        ] GC(545) Using 2 workers of 2 for marking
[434.686s][info][gc,marking     ] GC(545) Concurrent Mark From Roots 68.781ms
[434.686s][info][gc,marking     ] GC(545) Concurrent Preclean
[434.687s][info][gc,marking     ] GC(545) Concurrent Preclean 0.345ms
[434.687s][info][gc,start       ] GC(545) Pause Remark
[434.693s][info][gc             ] GC(545) Pause Remark 81M->81M(139M) 5.908ms
[434.693s][info][gc,cpu         ] GC(545) User=0.00s Sys=0.00s Real=0.01s
[434.693s][info][gc,marking     ] GC(545) Concurrent Mark 75.398ms
[434.693s][info][gc,marking     ] GC(545) Concurrent Rebuild Remembered Sets and Scrub Regions
[434.723s][info][gc,marking     ] GC(545) Concurrent Rebuild Remembered Sets and Scrub Regions 30.445ms
[434.724s][info][gc,start       ] GC(545) Pause Cleanup
[434.724s][info][gc             ] GC(545) Pause Cleanup 88M->88M(139M) 0.191ms
[434.724s][info][gc,cpu         ] GC(545) User=0.00s Sys=0.00s Real=0.00s
[434.724s][info][gc,marking     ] GC(545) Concurrent Clear Claimed Marks
[434.724s][info][gc,marking     ] GC(545) Concurrent Clear Claimed Marks 0.100ms
[434.724s][info][gc,marking     ] GC(545) Concurrent Cleanup for Next Mark
[434.725s][info][gc,marking     ] GC(545) Concurrent Cleanup for Next Mark 0.339ms
[434.725s][info][gc             ] GC(545) Concurrent Mark Cycle 109.752ms
[434.799s][info][gc,start       ] GC(546) Pause Young (Normal) (G1 Evacuation Pause)
[434.799s][info][gc,task        ] GC(546) Using 8 workers of 8 for evacuation
[434.802s][info][gc,phases      ] GC(546)   Pre Evacuate Collection Set: 0.1ms
[434.802s][info][gc,phases      ] GC(546)   Merge Heap Roots: 0.1ms
[434.802s][info][gc,phases      ] GC(546)   Evacuate Collection Set: 2.2ms
[434.802s][info][gc,phases      ] GC(546)   Post Evacuate Collection Set: 0.4ms
[434.802s][info][gc,phases      ] GC(546)   Other: 0.1ms
[434.802s][info][gc,heap        ] GC(546) Eden regions: 66->0(73)
[434.802s][info][gc,heap        ] GC(546) Survivor regions: 4->4(9)
[434.802s][info][gc,heap        ] GC(546) Old regions: 48->48
[434.802s][info][gc,heap        ] GC(546) Humongous regions: 2->2
[434.802s][info][gc,metaspace   ] GC(546) Metaspace: 84654K(85952K)->84654K(85952K) NonClass: 73736K(74496K)->73736K(74496K) Class: 10918K(11456K)->10918K(11456K)
[434.802s][info][gc             ] GC(546) Pause Young (Normal) (G1 Evacuation Pause) 119M->53M(139M) 3.223ms
[434.802s][info][gc,cpu         ] GC(546) User=0.00s Sys=0.00s Real=0.00s
[434.968s][info][gc,start       ] GC(547) Pause Young (Concurrent Start) (G1 Evacuation Pause)
[434.968s][info][gc,task        ] GC(547) Using 8 workers of 8 for evacuation
[434.970s][info][gc,phases      ] GC(547)   Pre Evacuate Collection Set: 0.1ms
[434.970s][info][gc,phases      ] GC(547)   Merge Heap Roots: 0.1ms
[434.970s][info][gc,phases      ] GC(547)   Evacuate Collection Set: 1.7ms
[434.970s][info][gc,phases      ] GC(547)   Post Evacuate Collection Set: 0.3ms
[434.970s][info][gc,phases      ] GC(547)   Other: 0.1ms
[434.970s][info][gc,heap        ] GC(547) Eden regions: 73->0(72)
[434.971s][info][gc,heap        ] GC(547) Survivor regions: 4->4(10)
[434.971s][info][gc,heap        ] GC(547) Old regions: 48->49
[434.971s][info][gc,heap        ] GC(547) Humongous regions: 2->2
[434.971s][info][gc,metaspace   ] GC(547) Metaspace: 84654K(85952K)->84654K(85952K) NonClass: 73736K(74496K)->73736K(74496K) Class: 10918K(11456K)->10918K(11456K)
[434.971s][info][gc             ] GC(547) Pause Young (Concurrent Start) (G1 Evacuation Pause) 126M->53M(139M) 2.645ms
[434.971s][info][gc,cpu         ] GC(547) User=0.00s Sys=0.00s Real=0.00s
[434.971s][info][gc             ] GC(548) Concurrent Mark Cycle
[434.971s][info][gc,marking     ] GC(548) Concurrent Scan Root Regions
[434.976s][info][gc,marking     ] GC(548) Concurrent Scan Root Regions 5.366ms
[434.976s][info][gc,marking     ] GC(548) Concurrent Mark
[434.976s][info][gc,marking     ] GC(548) Concurrent Mark From Roots
[434.976s][info][gc,task        ] GC(548) Using 2 workers of 2 for marking
[435.060s][info][gc,marking     ] GC(548) Concurrent Mark From Roots 83.933ms
[435.060s][info][gc,marking     ] GC(548) Concurrent Preclean
[435.060s][info][gc,marking     ] GC(548) Concurrent Preclean 0.220ms
[435.060s][info][gc,start       ] GC(548) Pause Remark
[435.065s][info][gc             ] GC(548) Pause Remark 78M->78M(139M) 4.886ms
[435.065s][info][gc,cpu         ] GC(548) User=0.00s Sys=0.00s Real=0.00s
[435.065s][info][gc,marking     ] GC(548) Concurrent Mark 89.344ms
[435.066s][info][gc,marking     ] GC(548) Concurrent Rebuild Remembered Sets and Scrub Regions
[435.094s][info][gc,marking     ] GC(548) Concurrent Rebuild Remembered Sets and Scrub Regions 27.978ms
[435.094s][info][gc,start       ] GC(548) Pause Cleanup
[435.094s][info][gc             ] GC(548) Pause Cleanup 85M->85M(139M) 0.142ms
[435.094s][info][gc,cpu         ] GC(548) User=0.00s Sys=0.00s Real=0.00s
[435.094s][info][gc,marking     ] GC(548) Concurrent Clear Claimed Marks
[435.094s][info][gc,marking     ] GC(548) Concurrent Clear Claimed Marks 0.093ms
[435.094s][info][gc,marking     ] GC(548) Concurrent Cleanup for Next Mark
[435.094s][info][gc,marking     ] GC(548) Concurrent Cleanup for Next Mark 0.255ms
[435.094s][info][gc             ] GC(548) Concurrent Mark Cycle 123.693ms
[435.186s][info][gc,start       ] GC(549) Pause Young (Normal) (G1 Evacuation Pause)
[435.186s][info][gc,task        ] GC(549) Using 8 workers of 8 for evacuation
[435.189s][info][gc,phases      ] GC(549)   Pre Evacuate Collection Set: 0.1ms
[435.189s][info][gc,phases      ] GC(549)   Merge Heap Roots: 0.1ms
[435.189s][info][gc,phases      ] GC(549)   Evacuate Collection Set: 2.1ms
[435.189s][info][gc,phases      ] GC(549)   Post Evacuate Collection Set: 0.5ms
[435.189s][info][gc,phases      ] GC(549)   Other: 0.1ms
[435.189s][info][gc,heap        ] GC(549) Eden regions: 72->0(72)
[435.189s][info][gc,heap        ] GC(549) Survivor regions: 4->4(10)
[435.189s][info][gc,heap        ] GC(549) Old regions: 49->49
[435.189s][info][gc,heap        ] GC(549) Humongous regions: 2->2
[435.189s][info][gc,metaspace   ] GC(549) Metaspace: 84654K(85952K)->84654K(85952K) NonClass: 73736K(74496K)->73736K(74496K) Class: 10918K(11456K)->10918K(11456K)
[435.190s][info][gc             ] GC(549) Pause Young (Normal) (G1 Evacuation Pause) 125M->53M(139M) 3.474ms
[435.190s][info][gc,cpu         ] GC(549) User=0.00s Sys=0.00s Real=0.00s
[435.353s][info][gc,start       ] GC(550) Pause Young (Concurrent Start) (G1 Evacuation Pause)
[435.353s][info][gc,task        ] GC(550) Using 8 workers of 8 for evacuation
[435.357s][info][gc,phases      ] GC(550)   Pre Evacuate Collection Set: 0.2ms
[435.357s][info][gc,phases      ] GC(550)   Merge Heap Roots: 0.1ms
[435.357s][info][gc,phases      ] GC(550)   Evacuate Collection Set: 2.9ms
[435.357s][info][gc,phases      ] GC(550)   Post Evacuate Collection Set: 0.5ms
[435.357s][info][gc,phases      ] GC(550)   Other: 0.2ms
[435.358s][info][gc,heap        ] GC(550) Eden regions: 72->0(72)
[435.358s][info][gc,heap        ] GC(550) Survivor regions: 4->4(10)
[435.358s][info][gc,heap        ] GC(550) Old regions: 49->49
[435.358s][info][gc,heap        ] GC(550) Humongous regions: 2->2
[435.358s][info][gc,metaspace   ] GC(550) Metaspace: 84654K(85952K)->84654K(85952K) NonClass: 73736K(74496K)->73736K(74496K) Class: 10918K(11456K)->10918K(11456K)
[435.358s][info][gc             ] GC(550) Pause Young (Concurrent Start) (G1 Evacuation Pause) 125M->54M(139M) 4.320ms
[435.358s][info][gc             ] GC(551) Concurrent Mark Cycle
[435.358s][info][gc,cpu         ] GC(550) User=0.03s Sys=0.00s Real=0.00s
[435.358s][info][gc,marking     ] GC(551) Concurrent Scan Root Regions
[435.362s][info][gc,marking     ] GC(551) Concurrent Scan Root Regions 4.388ms
[435.362s][info][gc,marking     ] GC(551) Concurrent Mark
[435.362s][info][gc,marking     ] GC(551) Concurrent Mark From Roots
[435.362s][info][gc,task        ] GC(551) Using 2 workers of 2 for marking
[435.453s][info][gc,marking     ] GC(551) Concurrent Mark From Roots 90.627ms
[435.453s][info][gc,marking     ] GC(551) Concurrent Preclean
[435.453s][info][gc,marking     ] GC(551) Concurrent Preclean 0.222ms
[435.453s][info][gc,start       ] GC(551) Pause Remark
[435.460s][info][gc             ] GC(551) Pause Remark 76M->76M(139M) 6.507ms
[435.460s][info][gc,cpu         ] GC(551) User=0.00s Sys=0.00s Real=0.01s
[435.460s][info][gc,marking     ] GC(551) Concurrent Mark 97.674ms
[435.460s][info][gc,marking     ] GC(551) Concurrent Rebuild Remembered Sets and Scrub Regions
[435.489s][info][gc,marking     ] GC(551) Concurrent Rebuild Remembered Sets and Scrub Regions 29.208ms
[435.489s][info][gc,start       ] GC(551) Pause Cleanup
[435.490s][info][gc             ] GC(551) Pause Cleanup 83M->83M(139M) 0.242ms
[435.490s][info][gc,cpu         ] GC(551) User=0.00s Sys=0.00s Real=0.00s
[435.490s][info][gc,marking     ] GC(551) Concurrent Clear Claimed Marks
[435.490s][info][gc,marking     ] GC(551) Concurrent Clear Claimed Marks 0.096ms
[435.490s][info][gc,marking     ] GC(551) Concurrent Cleanup for Next Mark
[435.490s][info][gc,marking     ] GC(551) Concurrent Cleanup for Next Mark 0.327ms
[435.490s][info][gc             ] GC(551) Concurrent Mark Cycle 132.531ms
[435.593s][info][gc,start       ] GC(552) Pause Young (Normal) (G1 Evacuation Pause)
[435.593s][info][gc,task        ] GC(552) Using 8 workers of 8 for evacuation
[435.595s][info][gc,phases      ] GC(552)   Pre Evacuate Collection Set: 0.1ms
[435.595s][info][gc,phases      ] GC(552)   Merge Heap Roots: 0.1ms
[435.595s][info][gc,phases      ] GC(552)   Evacuate Collection Set: 2.0ms
[435.595s][info][gc,phases      ] GC(552)   Post Evacuate Collection Set: 0.3ms
[435.595s][info][gc,phases      ] GC(552)   Other: 0.1ms
[435.595s][info][gc,heap        ] GC(552) Eden regions: 72->0(72)
[435.596s][info][gc,heap        ] GC(552) Survivor regions: 4->4(10)
[435.596s][info][gc,heap        ] GC(552) Old regions: 49->49
[435.596s][info][gc,heap        ] GC(552) Humongous regions: 2->2
[435.596s][info][gc,metaspace   ] GC(552) Metaspace: 84654K(85952K)->84654K(85952K) NonClass: 73736K(74496K)->73736K(74496K) Class: 10918K(11456K)->10918K(11456K)
[435.596s][info][gc             ] GC(552) Pause Young (Normal) (G1 Evacuation Pause) 126M->54M(139M) 3.022ms
[435.596s][info][gc,cpu         ] GC(552) User=0.00s Sys=0.00s Real=0.00s
[435.743s][info][gc,start       ] GC(553) Pause Young (Concurrent Start) (G1 Evacuation Pause)
[435.743s][info][gc,task        ] GC(553) Using 8 workers of 8 for evacuation
[435.746s][info][gc,phases      ] GC(553)   Pre Evacuate Collection Set: 0.1ms
[435.746s][info][gc,phases      ] GC(553)   Merge Heap Roots: 0.1ms
[435.746s][info][gc,phases      ] GC(553)   Evacuate Collection Set: 1.8ms
[435.746s][info][gc,phases      ] GC(553)   Post Evacuate Collection Set: 0.3ms
[435.746s][info][gc,phases      ] GC(553)   Other: 0.1ms
[435.746s][info][gc,heap        ] GC(553) Eden regions: 72->0(71)
[435.746s][info][gc,heap        ] GC(553) Survivor regions: 4->4(10)
[435.746s][info][gc,heap        ] GC(553) Old regions: 49->50
[435.746s][info][gc,heap        ] GC(553) Humongous regions: 2->2
[435.746s][info][gc,metaspace   ] GC(553) Metaspace: 84654K(85952K)->84654K(85952K) NonClass: 73736K(74496K)->73736K(74496K) Class: 10918K(11456K)->10918K(11456K)
[435.746s][info][gc             ] GC(553) Pause Young (Concurrent Start) (G1 Evacuation Pause) 126M->54M(139M) 2.707ms
[435.746s][info][gc             ] GC(554) Concurrent Mark Cycle
[435.746s][info][gc,cpu         ] GC(553) User=0.00s Sys=0.00s Real=0.00s
[435.746s][info][gc,marking     ] GC(554) Concurrent Scan Root Regions
[435.749s][info][gc,marking     ] GC(554) Concurrent Scan Root Regions 3.352ms
[435.749s][info][gc,marking     ] GC(554) Concurrent Mark
[435.749s][info][gc,marking     ] GC(554) Concurrent Mark From Roots
[435.749s][info][gc,task        ] GC(554) Using 2 workers of 2 for marking
[435.828s][info][gc,marking     ] GC(554) Concurrent Mark From Roots 78.798ms
[435.828s][info][gc,marking     ] GC(554) Concurrent Preclean
[435.829s][info][gc,marking     ] GC(554) Concurrent Preclean 0.268ms
[435.829s][info][gc,start       ] GC(554) Pause Remark
[435.834s][info][gc             ] GC(554) Pause Remark 81M->81M(139M) 4.841ms
[435.834s][info][gc,cpu         ] GC(554) User=0.00s Sys=0.00s Real=0.01s
[435.834s][info][gc,marking     ] GC(554) Concurrent Mark 84.226ms
[435.834s][info][gc,marking     ] GC(554) Concurrent Rebuild Remembered Sets and Scrub Regions
[435.858s][info][gc,marking     ] GC(554) Concurrent Rebuild Remembered Sets and Scrub Regions 24.459ms
[435.858s][info][gc,start       ] GC(554) Pause Cleanup
[435.858s][info][gc             ] GC(554) Pause Cleanup 90M->90M(139M) 0.141ms
[435.858s][info][gc,cpu         ] GC(554) User=0.00s Sys=0.00s Real=0.00s
[435.859s][info][gc,marking     ] GC(554) Concurrent Clear Claimed Marks
[435.859s][info][gc,marking     ] GC(554) Concurrent Clear Claimed Marks 0.097ms
[435.859s][info][gc,marking     ] GC(554) Concurrent Cleanup for Next Mark
[435.859s][info][gc,marking     ] GC(554) Concurrent Cleanup for Next Mark 0.271ms
[435.859s][info][gc             ] GC(554) Concurrent Mark Cycle 113.033ms
[435.948s][info][gc,start       ] GC(555) Pause Young (Normal) (G1 Evacuation Pause)
[435.948s][info][gc,task        ] GC(555) Using 8 workers of 8 for evacuation
[435.951s][info][gc,phases      ] GC(555)   Pre Evacuate Collection Set: 0.1ms
[435.951s][info][gc,phases      ] GC(555)   Merge Heap Roots: 0.1ms
[435.951s][info][gc,phases      ] GC(555)   Evacuate Collection Set: 2.2ms
[435.951s][info][gc,phases      ] GC(555)   Post Evacuate Collection Set: 0.3ms
[435.951s][info][gc,phases      ] GC(555)   Other: 0.1ms
[435.951s][info][gc,heap        ] GC(555) Eden regions: 71->0(71)
[435.951s][info][gc,heap        ] GC(555) Survivor regions: 4->4(10)
[435.951s][info][gc,heap        ] GC(555) Old regions: 50->50
[435.951s][info][gc,heap        ] GC(555) Humongous regions: 2->2
[435.951s][info][gc,metaspace   ] GC(555) Metaspace: 84654K(85952K)->84654K(85952K) NonClass: 73736K(74496K)->73736K(74496K) Class: 10918K(11456K)->10918K(11456K)
[435.951s][info][gc             ] GC(555) Pause Young (Normal) (G1 Evacuation Pause) 125M->54M(139M) 3.011ms
[435.951s][info][gc,cpu         ] GC(555) User=0.11s Sys=0.00s Real=0.00s
[436.132s][info][gc,start       ] GC(556) Pause Young (Concurrent Start) (G1 Evacuation Pause)
[436.132s][info][gc,task        ] GC(556) Using 8 workers of 8 for evacuation
[436.134s][info][gc,phases      ] GC(556)   Pre Evacuate Collection Set: 0.1ms
[436.134s][info][gc,phases      ] GC(556)   Merge Heap Roots: 0.0ms
[436.134s][info][gc,phases      ] GC(556)   Evacuate Collection Set: 1.7ms
[436.134s][info][gc,phases      ] GC(556)   Post Evacuate Collection Set: 0.3ms
[436.134s][info][gc,phases      ] GC(556)   Other: 0.1ms
[436.134s][info][gc,heap        ] GC(556) Eden regions: 71->0(71)
[436.134s][info][gc,heap        ] GC(556) Survivor regions: 4->4(10)
[436.134s][info][gc,heap        ] GC(556) Old regions: 50->50
[436.134s][info][gc,heap        ] GC(556) Humongous regions: 2->2
[436.134s][info][gc,metaspace   ] GC(556) Metaspace: 84654K(85952K)->84654K(85952K) NonClass: 73736K(74496K)->73736K(74496K) Class: 10918K(11456K)->10918K(11456K)
[436.134s][info][gc             ] GC(556) Pause Young (Concurrent Start) (G1 Evacuation Pause) 125M->55M(139M) 2.589ms
[436.134s][info][gc,cpu         ] GC(556) User=0.00s Sys=0.00s Real=0.00s
[436.134s][info][gc             ] GC(557) Concurrent Mark Cycle
[436.134s][info][gc,marking     ] GC(557) Concurrent Scan Root Regions
[436.137s][info][gc,marking     ] GC(557) Concurrent Scan Root Regions 2.416ms
[436.137s][info][gc,marking     ] GC(557) Concurrent Mark
[436.137s][info][gc,marking     ] GC(557) Concurrent Mark From Roots
[436.137s][info][gc,task        ] GC(557) Using 2 workers of 2 for marking
[436.216s][info][gc,marking     ] GC(557) Concurrent Mark From Roots 79.101ms
[436.216s][info][gc,marking     ] GC(557) Concurrent Preclean
[436.216s][info][gc,marking     ] GC(557) Concurrent Preclean 0.316ms
[436.216s][info][gc,start       ] GC(557) Pause Remark
[436.221s][info][gc             ] GC(557) Pause Remark 81M->81M(139M) 4.521ms
[436.221s][info][gc,cpu         ] GC(557) User=0.00s Sys=0.00s Real=0.01s
[436.221s][info][gc,marking     ] GC(557) Concurrent Mark 84.306ms
[436.221s][info][gc,marking     ] GC(557) Concurrent Rebuild Remembered Sets and Scrub Regions
[436.246s][info][gc,marking     ] GC(557) Concurrent Rebuild Remembered Sets and Scrub Regions 24.952ms
[436.246s][info][gc,start       ] GC(557) Pause Cleanup
[436.246s][info][gc             ] GC(557) Pause Cleanup 88M->88M(139M) 0.128ms
[436.246s][info][gc,cpu         ] GC(557) User=0.00s Sys=0.00s Real=0.00s
[436.246s][info][gc,marking     ] GC(557) Concurrent Clear Claimed Marks
[436.246s][info][gc,marking     ] GC(557) Concurrent Clear Claimed Marks 0.078ms
[436.246s][info][gc,marking     ] GC(557) Concurrent Cleanup for Next Mark
[436.247s][info][gc,marking     ] GC(557) Concurrent Cleanup for Next Mark 0.442ms
[436.247s][info][gc             ] GC(557) Concurrent Mark Cycle 112.787ms
[436.338s][info][gc,start       ] GC(558) Pause Young (Normal) (G1 Evacuation Pause)
[436.338s][info][gc,task        ] GC(558) Using 8 workers of 8 for evacuation
[436.341s][info][gc,phases      ] GC(558)   Pre Evacuate Collection Set: 0.1ms
[436.341s][info][gc,phases      ] GC(558)   Merge Heap Roots: 0.1ms
[436.341s][info][gc,phases      ] GC(558)   Evacuate Collection Set: 2.4ms
[436.341s][info][gc,phases      ] GC(558)   Post Evacuate Collection Set: 0.6ms
[436.341s][info][gc,phases      ] GC(558)   Other: 0.1ms
[436.341s][info][gc,heap        ] GC(558) Eden regions: 71->0(71)
[436.341s][info][gc,heap        ] GC(558) Survivor regions: 4->4(10)
[436.341s][info][gc,heap        ] GC(558) Old regions: 50->50
[436.341s][info][gc,heap        ] GC(558) Humongous regions: 2->2
[436.341s][info][gc,metaspace   ] GC(558) Metaspace: 84654K(85952K)->84654K(85952K) NonClass: 73736K(74496K)->73736K(74496K) Class: 10918K(11456K)->10918K(11456K)
[436.341s][info][gc             ] GC(558) Pause Young (Normal) (G1 Evacuation Pause) 126M->55M(139M) 3.641ms
[436.342s][info][gc,cpu         ] GC(558) User=0.02s Sys=0.00s Real=0.00s
[436.512s][info][gc,start       ] GC(559) Pause Young (Concurrent Start) (G1 Evacuation Pause)
[436.512s][info][gc,task        ] GC(559) Using 8 workers of 8 for evacuation
[436.515s][info][gc,phases      ] GC(559)   Pre Evacuate Collection Set: 0.1ms
[436.515s][info][gc,phases      ] GC(559)   Merge Heap Roots: 0.1ms
[436.515s][info][gc,phases      ] GC(559)   Evacuate Collection Set: 2.7ms
[436.515s][info][gc,phases      ] GC(559)   Post Evacuate Collection Set: 0.4ms
[436.516s][info][gc,phases      ] GC(559)   Other: 0.1ms
[436.516s][info][gc,heap        ] GC(559) Eden regions: 71->0(71)
[436.516s][info][gc,heap        ] GC(559) Survivor regions: 4->4(10)
[436.516s][info][gc,heap        ] GC(559) Old regions: 50->50
[436.516s][info][gc,heap        ] GC(559) Humongous regions: 2->2
[436.516s][info][gc,metaspace   ] GC(559) Metaspace: 84654K(85952K)->84654K(85952K) NonClass: 73736K(74496K)->73736K(74496K) Class: 10918K(11456K)->10918K(11456K)
[436.516s][info][gc             ] GC(559) Pause Young (Concurrent Start) (G1 Evacuation Pause) 126M->55M(139M) 3.806ms
[436.516s][info][gc,cpu         ] GC(559) User=0.11s Sys=0.00s Real=0.00s
[436.516s][info][gc             ] GC(560) Concurrent Mark Cycle
[436.516s][info][gc,marking     ] GC(560) Concurrent Scan Root Regions
[436.519s][info][gc,marking     ] GC(560) Concurrent Scan Root Regions 3.158ms
[436.519s][info][gc,marking     ] GC(560) Concurrent Mark
[436.519s][info][gc,marking     ] GC(560) Concurrent Mark From Roots
[436.519s][info][gc,task        ] GC(560) Using 2 workers of 2 for marking
[436.595s][info][gc,marking     ] GC(560) Concurrent Mark From Roots 76.395ms
[436.595s][info][gc,marking     ] GC(560) Concurrent Preclean
[436.596s][info][gc,marking     ] GC(560) Concurrent Preclean 0.253ms
[436.596s][info][gc,start       ] GC(560) Pause Remark
[436.600s][info][gc             ] GC(560) Pause Remark 75M->75M(139M) 4.554ms
[436.600s][info][gc,cpu         ] GC(560) User=0.00s Sys=0.00s Real=0.00s
[436.600s][info][gc,marking     ] GC(560) Concurrent Mark 81.495ms
[436.601s][info][gc,marking     ] GC(560) Concurrent Rebuild Remembered Sets and Scrub Regions
[436.608s][info][gc,marking     ] GC(560) Concurrent Rebuild Remembered Sets and Scrub Regions 7.273ms
[436.608s][info][gc,start       ] GC(560) Pause Cleanup
[436.608s][info][gc             ] GC(560) Pause Cleanup 75M->75M(139M) 0.062ms
[436.608s][info][gc,cpu         ] GC(560) User=0.00s Sys=0.00s Real=0.00s
[436.608s][info][gc,marking     ] GC(560) Concurrent Clear Claimed Marks
[436.608s][info][gc,marking     ] GC(560) Concurrent Clear Claimed Marks 0.074ms
[436.608s][info][gc,marking     ] GC(560) Concurrent Cleanup for Next Mark
[436.608s][info][gc,marking     ] GC(560) Concurrent Cleanup for Next Mark 0.210ms
[436.608s][info][gc             ] GC(560) Concurrent Mark Cycle 92.703ms
[441.657s][info][gc,start       ] GC(561) Pause Young (Normal) (G1 Evacuation Pause)
[441.657s][info][gc,task        ] GC(561) Using 8 workers of 8 for evacuation
[441.661s][info][gc,phases      ] GC(561)   Pre Evacuate Collection Set: 0.2ms
[441.661s][info][gc,phases      ] GC(561)   Merge Heap Roots: 0.1ms
[441.661s][info][gc,phases      ] GC(561)   Evacuate Collection Set: 2.6ms
[441.661s][info][gc,phases      ] GC(561)   Post Evacuate Collection Set: 0.5ms
[441.661s][info][gc,phases      ] GC(561)   Other: 0.1ms
[441.661s][info][gc,heap        ] GC(561) Eden regions: 71->0(68)
[441.661s][info][gc,heap        ] GC(561) Survivor regions: 4->5(10)
[441.661s][info][gc,heap        ] GC(561) Old regions: 50->51
[441.661s][info][gc,heap        ] GC(561) Humongous regions: 2->2
[441.661s][info][gc,metaspace   ] GC(561) Metaspace: 84654K(85952K)->84654K(85952K) NonClass: 73736K(74496K)->73736K(74496K) Class: 10918K(11456K)->10918K(11456K)
[441.661s][info][gc             ] GC(561) Pause Young (Normal) (G1 Evacuation Pause) 126M->56M(139M) 3.927ms
[441.661s][info][gc,cpu         ] GC(561) User=0.00s Sys=0.00s Real=0.00s
[441.779s][info][gc,start       ] GC(562) Pause Young (Concurrent Start) (G1 Evacuation Pause)
[441.779s][info][gc,task        ] GC(562) Using 8 workers of 8 for evacuation
[441.783s][info][gc,phases      ] GC(562)   Pre Evacuate Collection Set: 0.2ms
[441.783s][info][gc,phases      ] GC(562)   Merge Heap Roots: 0.1ms
[441.783s][info][gc,phases      ] GC(562)   Evacuate Collection Set: 2.5ms
[441.783s][info][gc,phases      ] GC(562)   Post Evacuate Collection Set: 0.4ms
[441.783s][info][gc,phases      ] GC(562)   Other: 0.2ms
[441.783s][info][gc,heap        ] GC(562) Eden regions: 68->0(68)
[441.783s][info][gc,heap        ] GC(562) Survivor regions: 5->5(10)
[441.783s][info][gc,heap        ] GC(562) Old regions: 51->51
[441.783s][info][gc,heap        ] GC(562) Humongous regions: 2->2
[441.783s][info][gc,metaspace   ] GC(562) Metaspace: 84654K(85952K)->84654K(85952K) NonClass: 73736K(74496K)->73736K(74496K) Class: 10918K(11456K)->10918K(11456K)
[441.783s][info][gc             ] GC(562) Pause Young (Concurrent Start) (G1 Evacuation Pause) 124M->56M(139M) 3.927ms
[441.783s][info][gc,cpu         ] GC(562) User=0.00s Sys=0.00s Real=0.00s
[441.783s][info][gc             ] GC(563) Concurrent Mark Cycle
[441.783s][info][gc,marking     ] GC(563) Concurrent Scan Root Regions
[441.787s][info][gc,marking     ] GC(563) Concurrent Scan Root Regions 3.832ms
[441.787s][info][gc,marking     ] GC(563) Concurrent Mark
[441.787s][info][gc,marking     ] GC(563) Concurrent Mark From Roots
[441.787s][info][gc,task        ] GC(563) Using 2 workers of 2 for marking
[441.846s][info][gc,marking     ] GC(563) Concurrent Mark From Roots 58.919ms
[441.846s][info][gc,marking     ] GC(563) Concurrent Preclean
[441.846s][info][gc,marking     ] GC(563) Concurrent Preclean 0.199ms
[441.847s][info][gc,start       ] GC(563) Pause Remark
[441.852s][info][gc             ] GC(563) Pause Remark 78M->78M(139M) 5.557ms
[441.852s][info][gc,cpu         ] GC(563) User=0.00s Sys=0.00s Real=0.01s
[441.852s][info][gc,marking     ] GC(563) Concurrent Mark 64.978ms
[441.852s][info][gc,marking     ] GC(563) Concurrent Rebuild Remembered Sets and Scrub Regions
[441.869s][info][gc,marking     ] GC(563) Concurrent Rebuild Remembered Sets and Scrub Regions 17.102ms
[441.870s][info][gc,start       ] GC(563) Pause Cleanup
[441.870s][info][gc             ] GC(563) Pause Cleanup 86M->86M(139M) 0.167ms
[441.870s][info][gc,cpu         ] GC(563) User=0.00s Sys=0.00s Real=0.00s
[441.870s][info][gc,marking     ] GC(563) Concurrent Clear Claimed Marks
[441.870s][info][gc,marking     ] GC(563) Concurrent Clear Claimed Marks 0.140ms
[441.870s][info][gc,marking     ] GC(563) Concurrent Cleanup for Next Mark
[441.871s][info][gc,marking     ] GC(563) Concurrent Cleanup for Next Mark 0.554ms
[441.871s][info][gc             ] GC(563) Concurrent Mark Cycle 87.346ms
[441.950s][info][gc,start       ] GC(564) Pause Young (Prepare Mixed) (G1 Evacuation Pause)
[441.950s][info][gc,task        ] GC(564) Using 8 workers of 8 for evacuation
[441.953s][info][gc,phases      ] GC(564)   Pre Evacuate Collection Set: 0.2ms
[441.954s][info][gc,phases      ] GC(564)   Merge Heap Roots: 0.1ms
[441.954s][info][gc,phases      ] GC(564)   Evacuate Collection Set: 2.8ms
[441.954s][info][gc,phases      ] GC(564)   Post Evacuate Collection Set: 0.5ms
[441.954s][info][gc,phases      ] GC(564)   Other: 0.1ms
[441.954s][info][gc,heap        ] GC(564) Eden regions: 68->0(68)
[441.954s][info][gc,heap        ] GC(564) Survivor regions: 5->5(10)
[441.954s][info][gc,heap        ] GC(564) Old regions: 51->51
[441.954s][info][gc,heap        ] GC(564) Humongous regions: 2->2
[441.954s][info][gc,metaspace   ] GC(564) Metaspace: 84654K(85952K)->84654K(85952K) NonClass: 73736K(74496K)->73736K(74496K) Class: 10918K(11456K)->10918K(11456K)
[441.954s][info][gc             ] GC(564) Pause Young (Prepare Mixed) (G1 Evacuation Pause) 124M->56M(139M) 4.002ms
[441.954s][info][gc,cpu         ] GC(564) User=0.00s Sys=0.02s Real=0.01s
[442.122s][info][gc,start       ] GC(565) Pause Young (Mixed) (G1 Evacuation Pause)
[442.122s][info][gc,task        ] GC(565) Using 8 workers of 8 for evacuation
[442.126s][info][gc,phases      ] GC(565)   Pre Evacuate Collection Set: 0.1ms
[442.126s][info][gc,phases      ] GC(565)   Merge Heap Roots: 0.1ms
[442.126s][info][gc,phases      ] GC(565)   Evacuate Collection Set: 2.7ms
[442.126s][info][gc,phases      ] GC(565)   Post Evacuate Collection Set: 0.5ms
[442.126s][info][gc,phases      ] GC(565)   Other: 0.1ms
[442.126s][info][gc,heap        ] GC(565) Eden regions: 68->0(70)
[442.126s][info][gc,heap        ] GC(565) Survivor regions: 5->4(10)
[442.126s][info][gc,heap        ] GC(565) Old regions: 51->51
[442.126s][info][gc,heap        ] GC(565) Humongous regions: 2->2
[442.126s][info][gc,metaspace   ] GC(565) Metaspace: 84654K(85952K)->84654K(85952K) NonClass: 73736K(74496K)->73736K(74496K) Class: 10918K(11456K)->10918K(11456K)
[442.126s][info][gc             ] GC(565) Pause Young (Mixed) (G1 Evacuation Pause) 124M->56M(139M) 4.021ms
[442.126s][info][gc,cpu         ] GC(565) User=0.02s Sys=0.00s Real=0.01s
[442.279s][info][gc,start       ] GC(566) Pause Young (Concurrent Start) (G1 Evacuation Pause)
[442.279s][info][gc,task        ] GC(566) Using 8 workers of 8 for evacuation
[442.282s][info][gc,phases      ] GC(566)   Pre Evacuate Collection Set: 0.1ms
[442.282s][info][gc,phases      ] GC(566)   Merge Heap Roots: 0.1ms
[442.282s][info][gc,phases      ] GC(566)   Evacuate Collection Set: 2.6ms
[442.282s][info][gc,phases      ] GC(566)   Post Evacuate Collection Set: 0.4ms
[442.282s][info][gc,phases      ] GC(566)   Other: 0.1ms
[442.282s][info][gc,heap        ] GC(566) Eden regions: 70->0(70)
[442.282s][info][gc,heap        ] GC(566) Survivor regions: 4->4(10)
[442.282s][info][gc,heap        ] GC(566) Old regions: 51->51
[442.282s][info][gc,heap        ] GC(566) Humongous regions: 2->2
[442.282s][info][gc,metaspace   ] GC(566) Metaspace: 84654K(85952K)->84654K(85952K) NonClass: 73736K(74496K)->73736K(74496K) Class: 10918K(11456K)->10918K(11456K)
[442.282s][info][gc             ] GC(566) Pause Young (Concurrent Start) (G1 Evacuation Pause) 126M->56M(139M) 3.604ms
[442.282s][info][gc,cpu         ] GC(566) User=0.00s Sys=0.00s Real=0.00s
[442.282s][info][gc             ] GC(567) Concurrent Mark Cycle
[442.282s][info][gc,marking     ] GC(567) Concurrent Scan Root Regions
[442.285s][info][gc,marking     ] GC(567) Concurrent Scan Root Regions 2.081ms
[442.285s][info][gc,marking     ] GC(567) Concurrent Mark
[442.285s][info][gc,marking     ] GC(567) Concurrent Mark From Roots
[442.285s][info][gc,task        ] GC(567) Using 2 workers of 2 for marking
[442.347s][info][gc,marking     ] GC(567) Concurrent Mark From Roots 62.652ms
[442.347s][info][gc,marking     ] GC(567) Concurrent Preclean
[442.348s][info][gc,marking     ] GC(567) Concurrent Preclean 0.216ms
[442.348s][info][gc,start       ] GC(567) Pause Remark
[442.352s][info][gc             ] GC(567) Pause Remark 79M->79M(139M) 4.391ms
[442.352s][info][gc,cpu         ] GC(567) User=0.00s Sys=0.00s Real=0.01s
[442.352s][info][gc,marking     ] GC(567) Concurrent Mark 67.662ms
[442.352s][info][gc,marking     ] GC(567) Concurrent Rebuild Remembered Sets and Scrub Regions
[442.375s][info][gc,marking     ] GC(567) Concurrent Rebuild Remembered Sets and Scrub Regions 22.364ms
[442.375s][info][gc,start       ] GC(567) Pause Cleanup
[442.375s][info][gc             ] GC(567) Pause Cleanup 89M->89M(139M) 0.144ms
[442.375s][info][gc,cpu         ] GC(567) User=0.00s Sys=0.00s Real=0.00s
[442.375s][info][gc,marking     ] GC(567) Concurrent Clear Claimed Marks
[442.375s][info][gc,marking     ] GC(567) Concurrent Clear Claimed Marks 0.099ms
[442.375s][info][gc,marking     ] GC(567) Concurrent Cleanup for Next Mark
[442.376s][info][gc,marking     ] GC(567) Concurrent Cleanup for Next Mark 0.314ms
[442.376s][info][gc             ] GC(567) Concurrent Mark Cycle 93.333ms
[442.453s][info][gc,start       ] GC(568) Pause Young (Normal) (G1 Evacuation Pause)
[442.454s][info][gc,task        ] GC(568) Using 8 workers of 8 for evacuation
[442.457s][info][gc,phases      ] GC(568)   Pre Evacuate Collection Set: 0.2ms
[442.457s][info][gc,phases      ] GC(568)   Merge Heap Roots: 0.1ms
[442.457s][info][gc,phases      ] GC(568)   Evacuate Collection Set: 2.4ms
[442.457s][info][gc,phases      ] GC(568)   Post Evacuate Collection Set: 0.4ms
[442.457s][info][gc,phases      ] GC(568)   Other: 0.1ms
[442.457s][info][gc,heap        ] GC(568) Eden regions: 70->0(69)
[442.457s][info][gc,heap        ] GC(568) Survivor regions: 4->4(10)
[442.457s][info][gc,heap        ] GC(568) Old regions: 51->52
[442.457s][info][gc,heap        ] GC(568) Humongous regions: 2->2
[442.457s][info][gc,metaspace   ] GC(568) Metaspace: 84654K(85952K)->84654K(85952K) NonClass: 73736K(74496K)->73736K(74496K) Class: 10918K(11456K)->10918K(11456K)
[442.457s][info][gc             ] GC(568) Pause Young (Normal) (G1 Evacuation Pause) 126M->56M(139M) 3.680ms
[442.457s][info][gc,cpu         ] GC(568) User=0.00s Sys=0.00s Real=0.00s
[442.625s][info][gc,start       ] GC(569) Pause Young (Concurrent Start) (G1 Evacuation Pause)
[442.625s][info][gc,task        ] GC(569) Using 8 workers of 8 for evacuation
[442.629s][info][gc,phases      ] GC(569)   Pre Evacuate Collection Set: 0.2ms
[442.629s][info][gc,phases      ] GC(569)   Merge Heap Roots: 0.1ms
[442.629s][info][gc,phases      ] GC(569)   Evacuate Collection Set: 3.1ms
[442.629s][info][gc,phases      ] GC(569)   Post Evacuate Collection Set: 0.5ms
[442.629s][info][gc,phases      ] GC(569)   Other: 0.2ms
[442.629s][info][gc,heap        ] GC(569) Eden regions: 69->0(69)
[442.629s][info][gc,heap        ] GC(569) Survivor regions: 4->4(10)
[442.629s][info][gc,heap        ] GC(569) Old regions: 52->52
[442.629s][info][gc,heap        ] GC(569) Humongous regions: 2->2
[442.629s][info][gc,metaspace   ] GC(569) Metaspace: 84654K(85952K)->84654K(85952K) NonClass: 73736K(74496K)->73736K(74496K) Class: 10918K(11456K)->10918K(11456K)
[442.629s][info][gc             ] GC(569) Pause Young (Concurrent Start) (G1 Evacuation Pause) 125M->56M(139M) 4.501ms
[442.629s][info][gc,cpu         ] GC(569) User=0.00s Sys=0.00s Real=0.00s
[442.629s][info][gc             ] GC(570) Concurrent Mark Cycle
[442.630s][info][gc,marking     ] GC(570) Concurrent Scan Root Regions
[442.632s][info][gc,marking     ] GC(570) Concurrent Scan Root Regions 2.548ms
[442.632s][info][gc,marking     ] GC(570) Concurrent Mark
[442.632s][info][gc,marking     ] GC(570) Concurrent Mark From Roots
[442.632s][info][gc,task        ] GC(570) Using 2 workers of 2 for marking
[442.726s][info][gc,marking     ] GC(570) Concurrent Mark From Roots 93.460ms
[442.726s][info][gc,marking     ] GC(570) Concurrent Preclean
[442.726s][info][gc,marking     ] GC(570) Concurrent Preclean 0.396ms
[442.726s][info][gc,start       ] GC(570) Pause Remark
[442.731s][info][gc             ] GC(570) Pause Remark 81M->81M(139M) 4.928ms
[442.731s][info][gc,cpu         ] GC(570) User=0.00s Sys=0.00s Real=0.01s
[442.732s][info][gc,marking     ] GC(570) Concurrent Mark 99.395ms
[442.732s][info][gc,marking     ] GC(570) Concurrent Rebuild Remembered Sets and Scrub Regions
[442.761s][info][gc,marking     ] GC(570) Concurrent Rebuild Remembered Sets and Scrub Regions 29.835ms
[442.762s][info][gc,start       ] GC(570) Pause Cleanup
[442.762s][info][gc             ] GC(570) Pause Cleanup 89M->89M(139M) 0.158ms
[442.762s][info][gc,cpu         ] GC(570) User=0.00s Sys=0.00s Real=0.00s
[442.762s][info][gc,marking     ] GC(570) Concurrent Clear Claimed Marks
[442.762s][info][gc,marking     ] GC(570) Concurrent Clear Claimed Marks 0.101ms
[442.762s][info][gc,marking     ] GC(570) Concurrent Cleanup for Next Mark
[442.762s][info][gc,marking     ] GC(570) Concurrent Cleanup for Next Mark 0.261ms
[442.762s][info][gc             ] GC(570) Concurrent Mark Cycle 132.957ms
[442.855s][info][gc,start       ] GC(571) Pause Young (Normal) (G1 Evacuation Pause)
[442.855s][info][gc,task        ] GC(571) Using 8 workers of 8 for evacuation
[442.859s][info][gc,phases      ] GC(571)   Pre Evacuate Collection Set: 0.1ms
[442.859s][info][gc,phases      ] GC(571)   Merge Heap Roots: 0.1ms
[442.859s][info][gc,phases      ] GC(571)   Evacuate Collection Set: 3.4ms
[442.859s][info][gc,phases      ] GC(571)   Post Evacuate Collection Set: 0.6ms
[442.859s][info][gc,phases      ] GC(571)   Other: 0.1ms
[442.859s][info][gc,heap        ] GC(571) Eden regions: 69->0(69)
[442.860s][info][gc,heap        ] GC(571) Survivor regions: 4->4(10)
[442.860s][info][gc,heap        ] GC(571) Old regions: 52->52
[442.860s][info][gc,heap        ] GC(571) Humongous regions: 2->2
[442.860s][info][gc,metaspace   ] GC(571) Metaspace: 84654K(85952K)->84654K(85952K) NonClass: 73736K(74496K)->73736K(74496K) Class: 10918K(11456K)->10918K(11456K)
[442.860s][info][gc             ] GC(571) Pause Young (Normal) (G1 Evacuation Pause) 125M->57M(139M) 4.795ms
[442.860s][info][gc,cpu         ] GC(571) User=0.08s Sys=0.00s Real=0.00s
[443.031s][info][gc,start       ] GC(572) Pause Young (Concurrent Start) (G1 Evacuation Pause)
[443.031s][info][gc,task        ] GC(572) Using 8 workers of 8 for evacuation
[443.034s][info][gc,phases      ] GC(572)   Pre Evacuate Collection Set: 0.1ms
[443.034s][info][gc,phases      ] GC(572)   Merge Heap Roots: 0.0ms
[443.034s][info][gc,phases      ] GC(572)   Evacuate Collection Set: 1.9ms
[443.034s][info][gc,phases      ] GC(572)   Post Evacuate Collection Set: 0.3ms
[443.034s][info][gc,phases      ] GC(572)   Other: 0.1ms
[443.034s][info][gc,heap        ] GC(572) Eden regions: 69->0(69)
[443.034s][info][gc,heap        ] GC(572) Survivor regions: 4->4(10)
[443.034s][info][gc,heap        ] GC(572) Old regions: 52->52
[443.034s][info][gc,heap        ] GC(572) Humongous regions: 2->2
[443.034s][info][gc,metaspace   ] GC(572) Metaspace: 84654K(85952K)->84654K(85952K) NonClass: 73736K(74496K)->73736K(74496K) Class: 10918K(11456K)->10918K(11456K)
[443.034s][info][gc             ] GC(572) Pause Young (Concurrent Start) (G1 Evacuation Pause) 126M->57M(139M) 2.774ms
[443.034s][info][gc,cpu         ] GC(572) User=0.00s Sys=0.00s Real=0.00s
[443.034s][info][gc             ] GC(573) Concurrent Mark Cycle
[443.034s][info][gc,marking     ] GC(573) Concurrent Scan Root Regions
[443.037s][info][gc,marking     ] GC(573) Concurrent Scan Root Regions 2.284ms
[443.037s][info][gc,marking     ] GC(573) Concurrent Mark
[443.037s][info][gc,marking     ] GC(573) Concurrent Mark From Roots
[443.037s][info][gc,task        ] GC(573) Using 2 workers of 2 for marking
[443.106s][info][gc,marking     ] GC(573) Concurrent Mark From Roots 69.390ms
[443.106s][info][gc,marking     ] GC(573) Concurrent Preclean
[443.106s][info][gc,marking     ] GC(573) Concurrent Preclean 0.254ms
[443.106s][info][gc,start       ] GC(573) Pause Remark
[443.112s][info][gc             ] GC(573) Pause Remark 84M->84M(142M) 5.675ms
[443.112s][info][gc,cpu         ] GC(573) User=0.00s Sys=0.00s Real=0.00s
[443.112s][info][gc,marking     ] GC(573) Concurrent Mark 75.645ms
[443.112s][info][gc,marking     ] GC(573) Concurrent Rebuild Remembered Sets and Scrub Regions
[443.133s][info][gc,marking     ] GC(573) Concurrent Rebuild Remembered Sets and Scrub Regions 20.681ms
[443.133s][info][gc,start       ] GC(573) Pause Cleanup
[443.133s][info][gc             ] GC(573) Pause Cleanup 91M->91M(142M) 0.128ms
[443.133s][info][gc,cpu         ] GC(573) User=0.00s Sys=0.00s Real=0.00s
[443.133s][info][gc,marking     ] GC(573) Concurrent Clear Claimed Marks
[443.134s][info][gc,marking     ] GC(573) Concurrent Clear Claimed Marks 0.092ms
[443.134s][info][gc,marking     ] GC(573) Concurrent Cleanup for Next Mark
[443.134s][info][gc,marking     ] GC(573) Concurrent Cleanup for Next Mark 0.284ms
[443.134s][info][gc             ] GC(573) Concurrent Mark Cycle 99.650ms
[443.217s][info][gc,start       ] GC(574) Pause Young (Normal) (G1 Evacuation Pause)
[443.217s][info][gc,task        ] GC(574) Using 8 workers of 8 for evacuation
[443.220s][info][gc,phases      ] GC(574)   Pre Evacuate Collection Set: 0.3ms
[443.220s][info][gc,phases      ] GC(574)   Merge Heap Roots: 0.1ms
[443.220s][info][gc,phases      ] GC(574)   Evacuate Collection Set: 2.0ms
[443.220s][info][gc,phases      ] GC(574)   Post Evacuate Collection Set: 0.4ms
[443.220s][info][gc,phases      ] GC(574)   Other: 0.1ms
[443.220s][info][gc,heap        ] GC(574) Eden regions: 69->0(72)
[443.220s][info][gc,heap        ] GC(574) Survivor regions: 4->4(10)
[443.220s][info][gc,heap        ] GC(574) Old regions: 52->52
[443.220s][info][gc,heap        ] GC(574) Humongous regions: 2->2
[443.220s][info][gc,metaspace   ] GC(574) Metaspace: 84654K(85952K)->84654K(85952K) NonClass: 73736K(74496K)->73736K(74496K) Class: 10918K(11456K)->10918K(11456K)
[443.220s][info][gc             ] GC(574) Pause Young (Normal) (G1 Evacuation Pause) 126M->57M(142M) 3.167ms
[443.220s][info][gc,cpu         ] GC(574) User=0.00s Sys=0.00s Real=0.00s
[443.377s][info][gc,start       ] GC(575) Pause Young (Concurrent Start) (G1 Evacuation Pause)
[443.377s][info][gc,task        ] GC(575) Using 8 workers of 8 for evacuation
[443.380s][info][gc,phases      ] GC(575)   Pre Evacuate Collection Set: 0.1ms
[443.380s][info][gc,phases      ] GC(575)   Merge Heap Roots: 0.0ms
[443.380s][info][gc,phases      ] GC(575)   Evacuate Collection Set: 2.5ms
[443.380s][info][gc,phases      ] GC(575)   Post Evacuate Collection Set: 0.4ms
[443.380s][info][gc,phases      ] GC(575)   Other: 0.1ms
[443.380s][info][gc,heap        ] GC(575) Eden regions: 72->0(71)
[443.380s][info][gc,heap        ] GC(575) Survivor regions: 4->4(10)
[443.380s][info][gc,heap        ] GC(575) Old regions: 52->53
[443.380s][info][gc,heap        ] GC(575) Humongous regions: 2->2
[443.380s][info][gc,metaspace   ] GC(575) Metaspace: 84654K(85952K)->84654K(85952K) NonClass: 73736K(74496K)->73736K(74496K) Class: 10918K(11456K)->10918K(11456K)
[443.380s][info][gc             ] GC(575) Pause Young (Concurrent Start) (G1 Evacuation Pause) 129M->58M(142M) 3.741ms
[443.380s][info][gc             ] GC(576) Concurrent Mark Cycle
[443.380s][info][gc,cpu         ] GC(575) User=0.00s Sys=0.00s Real=0.00s
[443.381s][info][gc,marking     ] GC(576) Concurrent Scan Root Regions
[443.383s][info][gc,marking     ] GC(576) Concurrent Scan Root Regions 2.805ms
[443.383s][info][gc,marking     ] GC(576) Concurrent Mark
[443.383s][info][gc,marking     ] GC(576) Concurrent Mark From Roots
[443.383s][info][gc,task        ] GC(576) Using 2 workers of 2 for marking
[443.469s][info][gc,marking     ] GC(576) Concurrent Mark From Roots 85.398ms
[443.469s][info][gc,marking     ] GC(576) Concurrent Preclean
[443.469s][info][gc,marking     ] GC(576) Concurrent Preclean 0.263ms
[443.469s][info][gc,start       ] GC(576) Pause Remark
[443.482s][info][gc             ] GC(576) Pause Remark 75M->75M(142M) 13.156ms
[443.482s][info][gc,cpu         ] GC(576) User=0.06s Sys=0.00s Real=0.01s
[443.483s][info][gc,marking     ] GC(576) Concurrent Mark 99.156ms
[443.483s][info][gc,marking     ] GC(576) Concurrent Rebuild Remembered Sets and Scrub Regions
[443.511s][info][gc,marking     ] GC(576) Concurrent Rebuild Remembered Sets and Scrub Regions 28.853ms
[443.512s][info][gc,start       ] GC(576) Pause Cleanup
[443.512s][info][gc             ] GC(576) Pause Cleanup 82M->82M(142M) 0.137ms
[443.512s][info][gc,cpu         ] GC(576) User=0.00s Sys=0.00s Real=0.00s
[443.512s][info][gc,marking     ] GC(576) Concurrent Clear Claimed Marks
[443.512s][info][gc,marking     ] GC(576) Concurrent Clear Claimed Marks 0.098ms
[443.512s][info][gc,marking     ] GC(576) Concurrent Cleanup for Next Mark
[443.512s][info][gc,marking     ] GC(576) Concurrent Cleanup for Next Mark 0.285ms
[443.512s][info][gc             ] GC(576) Concurrent Mark Cycle 131.863ms
[443.620s][info][gc,start       ] GC(577) Pause Young (Normal) (G1 Evacuation Pause)
[443.620s][info][gc,task        ] GC(577) Using 8 workers of 8 for evacuation
[443.624s][info][gc,phases      ] GC(577)   Pre Evacuate Collection Set: 0.2ms
[443.624s][info][gc,phases      ] GC(577)   Merge Heap Roots: 0.1ms
[443.624s][info][gc,phases      ] GC(577)   Evacuate Collection Set: 2.7ms
[443.624s][info][gc,phases      ] GC(577)   Post Evacuate Collection Set: 0.4ms
[443.624s][info][gc,phases      ] GC(577)   Other: 0.1ms
[443.624s][info][gc,heap        ] GC(577) Eden regions: 71->0(69)
[443.624s][info][gc,heap        ] GC(577) Survivor regions: 4->5(10)
[443.624s][info][gc,heap        ] GC(577) Old regions: 53->53
[443.624s][info][gc,heap        ] GC(577) Humongous regions: 2->2
[443.624s][info][gc,metaspace   ] GC(577) Metaspace: 84654K(85952K)->84654K(85952K) NonClass: 73736K(74496K)->73736K(74496K) Class: 10918K(11456K)->10918K(11456K)
[443.624s][info][gc             ] GC(577) Pause Young (Normal) (G1 Evacuation Pause) 129M->58M(142M) 3.824ms
[443.624s][info][gc,cpu         ] GC(577) User=0.12s Sys=0.00s Real=0.00s
[443.754s][info][gc,start       ] GC(578) Pause Young (Concurrent Start) (G1 Evacuation Pause)
[443.754s][info][gc,task        ] GC(578) Using 8 workers of 8 for evacuation
[443.757s][info][gc,phases      ] GC(578)   Pre Evacuate Collection Set: 0.3ms
[443.757s][info][gc,phases      ] GC(578)   Merge Heap Roots: 0.1ms
[443.757s][info][gc,phases      ] GC(578)   Evacuate Collection Set: 2.4ms
[443.758s][info][gc,phases      ] GC(578)   Post Evacuate Collection Set: 0.5ms
[443.758s][info][gc,phases      ] GC(578)   Other: 0.1ms
[443.758s][info][gc,heap        ] GC(578) Eden regions: 69->0(69)
[443.758s][info][gc,heap        ] GC(578) Survivor regions: 5->5(10)
[443.758s][info][gc,heap        ] GC(578) Old regions: 53->53
[443.758s][info][gc,heap        ] GC(578) Humongous regions: 2->2
[443.758s][info][gc,metaspace   ] GC(578) Metaspace: 84654K(85952K)->84654K(85952K) NonClass: 73736K(74496K)->73736K(74496K) Class: 10918K(11456K)->10918K(11456K)
[443.758s][info][gc             ] GC(578) Pause Young (Concurrent Start) (G1 Evacuation Pause) 127M->59M(142M) 3.718ms
[443.758s][info][gc,cpu         ] GC(578) User=0.00s Sys=0.00s Real=0.00s
[443.758s][info][gc             ] GC(579) Concurrent Mark Cycle
[443.758s][info][gc,marking     ] GC(579) Concurrent Scan Root Regions
[443.761s][info][gc,marking     ] GC(579) Concurrent Scan Root Regions 3.606ms
[443.761s][info][gc,marking     ] GC(579) Concurrent Mark
[443.761s][info][gc,marking     ] GC(579) Concurrent Mark From Roots
[443.761s][info][gc,task        ] GC(579) Using 2 workers of 2 for marking
[443.845s][info][gc,marking     ] GC(579) Concurrent Mark From Roots 83.246ms
[443.845s][info][gc,marking     ] GC(579) Concurrent Preclean
[443.845s][info][gc,marking     ] GC(579) Concurrent Preclean 0.238ms
[443.845s][info][gc,start       ] GC(579) Pause Remark
[443.850s][info][gc             ] GC(579) Pause Remark 84M->84M(144M) 5.019ms
[443.850s][info][gc,cpu         ] GC(579) User=0.00s Sys=0.00s Real=0.01s
[443.850s][info][gc,marking     ] GC(579) Concurrent Mark 88.936ms
[443.850s][info][gc,marking     ] GC(579) Concurrent Rebuild Remembered Sets and Scrub Regions
[443.876s][info][gc,marking     ] GC(579) Concurrent Rebuild Remembered Sets and Scrub Regions 25.841ms
[443.877s][info][gc,start       ] GC(579) Pause Cleanup
[443.877s][info][gc             ] GC(579) Pause Cleanup 93M->93M(144M) 0.343ms
[443.877s][info][gc,cpu         ] GC(579) User=0.00s Sys=0.00s Real=0.00s
[443.877s][info][gc,marking     ] GC(579) Concurrent Clear Claimed Marks
[443.877s][info][gc,marking     ] GC(579) Concurrent Clear Claimed Marks 0.100ms
[443.878s][info][gc,marking     ] GC(579) Concurrent Cleanup for Next Mark
[443.878s][info][gc,marking     ] GC(579) Concurrent Cleanup for Next Mark 0.299ms
[443.878s][info][gc             ] GC(579) Concurrent Mark Cycle 120.158ms
[443.951s][info][gc,start       ] GC(580) Pause Young (Prepare Mixed) (G1 Evacuation Pause)
[443.951s][info][gc,task        ] GC(580) Using 8 workers of 8 for evacuation
[443.954s][info][gc,phases      ] GC(580)   Pre Evacuate Collection Set: 0.1ms
[443.954s][info][gc,phases      ] GC(580)   Merge Heap Roots: 0.1ms
[443.954s][info][gc,phases      ] GC(580)   Evacuate Collection Set: 2.2ms
[443.954s][info][gc,phases      ] GC(580)   Post Evacuate Collection Set: 0.3ms
[443.954s][info][gc,phases      ] GC(580)   Other: 0.1ms
[443.954s][info][gc,heap        ] GC(580) Eden regions: 69->0(71)
[443.954s][info][gc,heap        ] GC(580) Survivor regions: 5->5(10)
[443.954s][info][gc,heap        ] GC(580) Old regions: 53->53
[443.954s][info][gc,heap        ] GC(580) Humongous regions: 2->2
[443.954s][info][gc,metaspace   ] GC(580) Metaspace: 84654K(85952K)->84654K(85952K) NonClass: 73736K(74496K)->73736K(74496K) Class: 10918K(11456K)->10918K(11456K)
[443.954s][info][gc             ] GC(580) Pause Young (Prepare Mixed) (G1 Evacuation Pause) 128M->59M(144M) 3.108ms
[443.954s][info][gc,cpu         ] GC(580) User=0.00s Sys=0.00s Real=0.00s
[444.122s][info][gc,start       ] GC(581) Pause Young (Mixed) (G1 Evacuation Pause)
[444.122s][info][gc,task        ] GC(581) Using 8 workers of 8 for evacuation
[444.125s][info][gc,phases      ] GC(581)   Pre Evacuate Collection Set: 0.1ms
[444.125s][info][gc,phases      ] GC(581)   Merge Heap Roots: 0.1ms
[444.125s][info][gc,phases      ] GC(581)   Evacuate Collection Set: 2.7ms
[444.125s][info][gc,phases      ] GC(581)   Post Evacuate Collection Set: 0.4ms
[444.125s][info][gc,phases      ] GC(581)   Other: 0.1ms
[444.125s][info][gc,heap        ] GC(581) Eden regions: 71->0(71)
[444.125s][info][gc,heap        ] GC(581) Survivor regions: 5->5(10)
[444.125s][info][gc,heap        ] GC(581) Old regions: 53->53
[444.125s][info][gc,heap        ] GC(581) Humongous regions: 2->2
[444.125s][info][gc,metaspace   ] GC(581) Metaspace: 84654K(85952K)->84654K(85952K) NonClass: 73736K(74496K)->73736K(74496K) Class: 10918K(11456K)->10918K(11456K)
[444.126s][info][gc             ] GC(581) Pause Young (Mixed) (G1 Evacuation Pause) 130M->59M(144M) 3.806ms
[444.126s][info][gc,cpu         ] GC(581) User=0.11s Sys=0.00s Real=0.00s
[444.307s][info][gc,start       ] GC(582) Pause Young (Concurrent Start) (G1 Evacuation Pause)
[444.307s][info][gc,task        ] GC(582) Using 8 workers of 8 for evacuation
[444.311s][info][gc,phases      ] GC(582)   Pre Evacuate Collection Set: 0.2ms
[444.311s][info][gc,phases      ] GC(582)   Merge Heap Roots: 0.1ms
[444.311s][info][gc,phases      ] GC(582)   Evacuate Collection Set: 3.0ms
[444.311s][info][gc,phases      ] GC(582)   Post Evacuate Collection Set: 0.5ms
[444.311s][info][gc,phases      ] GC(582)   Other: 0.2ms
[444.311s][info][gc,heap        ] GC(582) Eden regions: 71->0(70)
[444.311s][info][gc,heap        ] GC(582) Survivor regions: 5->5(10)
[444.311s][info][gc,heap        ] GC(582) Old regions: 53->54
[444.311s][info][gc,heap        ] GC(582) Humongous regions: 2->2
[444.311s][info][gc,metaspace   ] GC(582) Metaspace: 84654K(85952K)->84654K(85952K) NonClass: 73736K(74496K)->73736K(74496K) Class: 10918K(11456K)->10918K(11456K)
[444.311s][info][gc             ] GC(582) Pause Young (Concurrent Start) (G1 Evacuation Pause) 130M->59M(144M) 4.219ms
[444.311s][info][gc,cpu         ] GC(582) User=0.09s Sys=0.00s Real=0.00s
[444.311s][info][gc             ] GC(583) Concurrent Mark Cycle
[444.311s][info][gc,marking     ] GC(583) Concurrent Scan Root Regions
[444.316s][info][gc,marking     ] GC(583) Concurrent Scan Root Regions 4.926ms
[444.316s][info][gc,marking     ] GC(583) Concurrent Mark
[444.316s][info][gc,marking     ] GC(583) Concurrent Mark From Roots
[444.316s][info][gc,task        ] GC(583) Using 2 workers of 2 for marking
[444.386s][info][gc,marking     ] GC(583) Concurrent Mark From Roots 69.792ms
[444.386s][info][gc,marking     ] GC(583) Concurrent Preclean
[444.387s][info][gc,marking     ] GC(583) Concurrent Preclean 0.426ms
[444.387s][info][gc,start       ] GC(583) Pause Remark
[444.391s][info][gc             ] GC(583) Pause Remark 87M->87M(149M) 4.656ms
[444.391s][info][gc,cpu         ] GC(583) User=0.11s Sys=0.00s Real=0.01s
[444.392s][info][gc,marking     ] GC(583) Concurrent Mark 75.251ms
[444.392s][info][gc,marking     ] GC(583) Concurrent Rebuild Remembered Sets and Scrub Regions
[444.419s][info][gc,marking     ] GC(583) Concurrent Rebuild Remembered Sets and Scrub Regions 27.392ms
[444.419s][info][gc,start       ] GC(583) Pause Cleanup
[444.419s][info][gc             ] GC(583) Pause Cleanup 95M->95M(149M) 0.138ms
[444.419s][info][gc,cpu         ] GC(583) User=0.00s Sys=0.00s Real=0.00s
[444.419s][info][gc,marking     ] GC(583) Concurrent Clear Claimed Marks
[444.419s][info][gc,marking     ] GC(583) Concurrent Clear Claimed Marks 0.085ms
[444.420s][info][gc,marking     ] GC(583) Concurrent Cleanup for Next Mark
[444.420s][info][gc,marking     ] GC(583) Concurrent Cleanup for Next Mark 0.255ms
[444.420s][info][gc             ] GC(583) Concurrent Mark Cycle 108.553ms
[444.499s][info][gc,start       ] GC(584) Pause Young (Normal) (G1 Evacuation Pause)
[444.499s][info][gc,task        ] GC(584) Using 8 workers of 8 for evacuation
[444.502s][info][gc,phases      ] GC(584)   Pre Evacuate Collection Set: 0.1ms
[444.502s][info][gc,phases      ] GC(584)   Merge Heap Roots: 0.1ms
[444.502s][info][gc,phases      ] GC(584)   Evacuate Collection Set: 2.3ms
[444.502s][info][gc,phases      ] GC(584)   Post Evacuate Collection Set: 0.5ms
[444.502s][info][gc,phases      ] GC(584)   Other: 0.1ms
[444.502s][info][gc,heap        ] GC(584) Eden regions: 70->0(77)
[444.502s][info][gc,heap        ] GC(584) Survivor regions: 5->4(10)
[444.502s][info][gc,heap        ] GC(584) Old regions: 54->54
[444.502s][info][gc,heap        ] GC(584) Humongous regions: 2->2
[444.502s][info][gc,metaspace   ] GC(584) Metaspace: 84654K(85952K)->84654K(85952K) NonClass: 73736K(74496K)->73736K(74496K) Class: 10918K(11456K)->10918K(11456K)
[444.502s][info][gc             ] GC(584) Pause Young (Normal) (G1 Evacuation Pause) 129M->59M(149M) 3.452ms
[444.503s][info][gc,cpu         ] GC(584) User=0.00s Sys=0.00s Real=0.00s
[444.686s][info][gc,start       ] GC(585) Pause Young (Concurrent Start) (G1 Evacuation Pause)
[444.686s][info][gc,task        ] GC(585) Using 8 workers of 8 for evacuation
[444.690s][info][gc,phases      ] GC(585)   Pre Evacuate Collection Set: 0.1ms
[444.690s][info][gc,phases      ] GC(585)   Merge Heap Roots: 0.1ms
[444.690s][info][gc,phases      ] GC(585)   Evacuate Collection Set: 2.9ms
[444.690s][info][gc,phases      ] GC(585)   Post Evacuate Collection Set: 0.4ms
[444.690s][info][gc,phases      ] GC(585)   Other: 0.1ms
[444.690s][info][gc,heap        ] GC(585) Eden regions: 77->0(76)
[444.690s][info][gc,heap        ] GC(585) Survivor regions: 4->4(11)
[444.690s][info][gc,heap        ] GC(585) Old regions: 54->55
[444.690s][info][gc,heap        ] GC(585) Humongous regions: 2->2
[444.690s][info][gc,metaspace   ] GC(585) Metaspace: 84654K(85952K)->84654K(85952K) NonClass: 73736K(74496K)->73736K(74496K) Class: 10918K(11456K)->10918K(11456K)
[444.690s][info][gc             ] GC(585) Pause Young (Concurrent Start) (G1 Evacuation Pause) 136M->59M(149M) 4.136ms
[444.690s][info][gc,cpu         ] GC(585) User=0.00s Sys=0.00s Real=0.00s
[444.690s][info][gc             ] GC(586) Concurrent Mark Cycle
[444.691s][info][gc,marking     ] GC(586) Concurrent Scan Root Regions
[444.696s][info][gc,marking     ] GC(586) Concurrent Scan Root Regions 5.004ms
[444.696s][info][gc,marking     ] GC(586) Concurrent Mark
[444.696s][info][gc,marking     ] GC(586) Concurrent Mark From Roots
[444.696s][info][gc,task        ] GC(586) Using 2 workers of 2 for marking
[444.795s][info][gc,marking     ] GC(586) Concurrent Mark From Roots 99.323ms
[444.795s][info][gc,marking     ] GC(586) Concurrent Preclean
[444.795s][info][gc,marking     ] GC(586) Concurrent Preclean 0.352ms
[444.796s][info][gc,start       ] GC(586) Pause Remark
[444.800s][info][gc             ] GC(586) Pause Remark 93M->93M(159M) 4.906ms
[444.801s][info][gc,cpu         ] GC(586) User=0.00s Sys=0.00s Real=0.01s
[444.801s][info][gc,marking     ] GC(586) Concurrent Mark 104.998ms
[444.801s][info][gc,marking     ] GC(586) Concurrent Rebuild Remembered Sets and Scrub Regions
[444.835s][info][gc,marking     ] GC(586) Concurrent Rebuild Remembered Sets and Scrub Regions 34.089ms
[444.835s][info][gc,start       ] GC(586) Pause Cleanup
[444.835s][info][gc             ] GC(586) Pause Cleanup 97M->97M(159M) 0.149ms
[444.835s][info][gc,cpu         ] GC(586) User=0.00s Sys=0.00s Real=0.00s
[444.835s][info][gc,marking     ] GC(586) Concurrent Clear Claimed Marks
[444.835s][info][gc,marking     ] GC(586) Concurrent Clear Claimed Marks 0.096ms
[444.835s][info][gc,marking     ] GC(586) Concurrent Cleanup for Next Mark
[444.836s][info][gc,marking     ] GC(586) Concurrent Cleanup for Next Mark 0.331ms
[444.836s][info][gc             ] GC(586) Concurrent Mark Cycle 145.396ms
[444.941s][info][gc,start       ] GC(587) Pause Young (Normal) (G1 Evacuation Pause)
[444.941s][info][gc,task        ] GC(587) Using 8 workers of 8 for evacuation
[444.945s][info][gc,phases      ] GC(587)   Pre Evacuate Collection Set: 0.1ms
[444.945s][info][gc,phases      ] GC(587)   Merge Heap Roots: 0.1ms
[444.945s][info][gc,phases      ] GC(587)   Evacuate Collection Set: 2.8ms
[444.945s][info][gc,phases      ] GC(587)   Post Evacuate Collection Set: 0.5ms
[444.945s][info][gc,phases      ] GC(587)   Other: 0.1ms
[444.945s][info][gc,heap        ] GC(587) Eden regions: 75->0(85)
[444.945s][info][gc,heap        ] GC(587) Survivor regions: 4->4(10)
[444.945s][info][gc,heap        ] GC(587) Old regions: 55->55
[444.945s][info][gc,heap        ] GC(587) Humongous regions: 2->2
[444.945s][info][gc,metaspace   ] GC(587) Metaspace: 84654K(85952K)->84654K(85952K) NonClass: 73736K(74496K)->73736K(74496K) Class: 10918K(11456K)->10918K(11456K)
[444.945s][info][gc             ] GC(587) Pause Young (Normal) (G1 Evacuation Pause) 134M->59M(159M) 3.981ms
[444.945s][info][gc,cpu         ] GC(587) User=0.00s Sys=0.00s Real=0.00s
[445.143s][info][gc,start       ] GC(588) Pause Young (Normal) (G1 Evacuation Pause)
[445.143s][info][gc,task        ] GC(588) Using 8 workers of 8 for evacuation
[445.146s][info][gc,phases      ] GC(588)   Pre Evacuate Collection Set: 0.2ms
[445.146s][info][gc,phases      ] GC(588)   Merge Heap Roots: 0.1ms
[445.147s][info][gc,phases      ] GC(588)   Evacuate Collection Set: 2.3ms
[445.147s][info][gc,phases      ] GC(588)   Post Evacuate Collection Set: 0.5ms
[445.147s][info][gc,phases      ] GC(588)   Other: 0.1ms
[445.147s][info][gc,heap        ] GC(588) Eden regions: 85->0(85)
[445.147s][info][gc,heap        ] GC(588) Survivor regions: 4->4(12)
[445.147s][info][gc,heap        ] GC(588) Old regions: 55->55
[445.147s][info][gc,heap        ] GC(588) Humongous regions: 2->2
[445.147s][info][gc,metaspace   ] GC(588) Metaspace: 84654K(85952K)->84654K(85952K) NonClass: 73736K(74496K)->73736K(74496K) Class: 10918K(11456K)->10918K(11456K)
[445.147s][info][gc             ] GC(588) Pause Young (Normal) (G1 Evacuation Pause) 144M->60M(159M) 3.481ms
[445.147s][info][gc,cpu         ] GC(588) User=0.00s Sys=0.00s Real=0.00s
[445.343s][info][gc,start       ] GC(589) Pause Young (Concurrent Start) (G1 Evacuation Pause)
[445.343s][info][gc,task        ] GC(589) Using 8 workers of 8 for evacuation
[445.346s][info][gc,phases      ] GC(589)   Pre Evacuate Collection Set: 0.1ms
[445.346s][info][gc,phases      ] GC(589)   Merge Heap Roots: 0.1ms
[445.346s][info][gc,phases      ] GC(589)   Evacuate Collection Set: 2.5ms
[445.346s][info][gc,phases      ] GC(589)   Post Evacuate Collection Set: 0.6ms
[445.346s][info][gc,phases      ] GC(589)   Other: 0.2ms
[445.346s][info][gc,heap        ] GC(589) Eden regions: 85->0(85)
[445.346s][info][gc,heap        ] GC(589) Survivor regions: 4->4(12)
[445.346s][info][gc,heap        ] GC(589) Old regions: 55->55
[445.347s][info][gc,heap        ] GC(589) Humongous regions: 2->2
[445.347s][info][gc,metaspace   ] GC(589) Metaspace: 84654K(85952K)->84654K(85952K) NonClass: 73736K(74496K)->73736K(74496K) Class: 10918K(11456K)->10918K(11456K)
[445.347s][info][gc             ] GC(589) Pause Young (Concurrent Start) (G1 Evacuation Pause) 145M->60M(159M) 3.929ms
[445.347s][info][gc,cpu         ] GC(589) User=0.00s Sys=0.00s Real=0.00s
[445.347s][info][gc             ] GC(590) Concurrent Mark Cycle
[445.347s][info][gc,marking     ] GC(590) Concurrent Scan Root Regions
[445.351s][info][gc,marking     ] GC(590) Concurrent Scan Root Regions 4.250ms
[445.351s][info][gc,marking     ] GC(590) Concurrent Mark
[445.351s][info][gc,marking     ] GC(590) Concurrent Mark From Roots
[445.351s][info][gc,task        ] GC(590) Using 2 workers of 2 for marking
[445.433s][info][gc,marking     ] GC(590) Concurrent Mark From Roots 82.174ms
[445.433s][info][gc,marking     ] GC(590) Concurrent Preclean
[445.433s][info][gc,marking     ] GC(590) Concurrent Preclean 0.249ms
[445.434s][info][gc,start       ] GC(590) Pause Remark
[445.439s][info][gc             ] GC(590) Pause Remark 90M->90M(159M) 4.992ms
[445.439s][info][gc,cpu         ] GC(590) User=0.06s Sys=0.02s Real=0.01s
[445.439s][info][gc,marking     ] GC(590) Concurrent Mark 87.858ms
[445.439s][info][gc,marking     ] GC(590) Concurrent Rebuild Remembered Sets and Scrub Regions
[445.463s][info][gc,marking     ] GC(590) Concurrent Rebuild Remembered Sets and Scrub Regions 24.513ms
[445.464s][info][gc,start       ] GC(590) Pause Cleanup
[445.464s][info][gc             ] GC(590) Pause Cleanup 99M->99M(159M) 0.141ms
[445.464s][info][gc,cpu         ] GC(590) User=0.00s Sys=0.00s Real=0.00s
[445.464s][info][gc,marking     ] GC(590) Concurrent Clear Claimed Marks
[445.464s][info][gc,marking     ] GC(590) Concurrent Clear Claimed Marks 0.097ms
[445.464s][info][gc,marking     ] GC(590) Concurrent Cleanup for Next Mark
[445.464s][info][gc,marking     ] GC(590) Concurrent Cleanup for Next Mark 0.276ms
[445.464s][info][gc             ] GC(590) Concurrent Mark Cycle 117.599ms
[445.578s][info][gc,start       ] GC(591) Pause Young (Normal) (G1 Evacuation Pause)
[445.578s][info][gc,task        ] GC(591) Using 8 workers of 8 for evacuation
[445.581s][info][gc,phases      ] GC(591)   Pre Evacuate Collection Set: 0.1ms
[445.582s][info][gc,phases      ] GC(591)   Merge Heap Roots: 0.1ms
[445.582s][info][gc,phases      ] GC(591)   Evacuate Collection Set: 2.6ms
[445.582s][info][gc,phases      ] GC(591)   Post Evacuate Collection Set: 0.5ms
[445.582s][info][gc,phases      ] GC(591)   Other: 0.1ms
[445.582s][info][gc,heap        ] GC(591) Eden regions: 85->0(83)
[445.582s][info][gc,heap        ] GC(591) Survivor regions: 4->5(12)
[445.582s][info][gc,heap        ] GC(591) Old regions: 55->55
[445.582s][info][gc,heap        ] GC(591) Humongous regions: 2->2
[445.582s][info][gc,metaspace   ] GC(591) Metaspace: 84654K(85952K)->84654K(85952K) NonClass: 73736K(74496K)->73736K(74496K) Class: 10918K(11456K)->10918K(11456K)
[445.582s][info][gc             ] GC(591) Pause Young (Normal) (G1 Evacuation Pause) 145M->60M(159M) 3.900ms
[445.582s][info][gc,cpu         ] GC(591) User=0.00s Sys=0.00s Real=0.00s
[445.774s][info][gc,start       ] GC(592) Pause Young (Concurrent Start) (G1 Evacuation Pause)
[445.774s][info][gc,task        ] GC(592) Using 8 workers of 8 for evacuation
[445.778s][info][gc,phases      ] GC(592)   Pre Evacuate Collection Set: 0.1ms
[445.778s][info][gc,phases      ] GC(592)   Merge Heap Roots: 0.1ms
[445.778s][info][gc,phases      ] GC(592)   Evacuate Collection Set: 2.9ms
[445.778s][info][gc,phases      ] GC(592)   Post Evacuate Collection Set: 0.6ms
[445.778s][info][gc,phases      ] GC(592)   Other: 0.2ms
[445.779s][info][gc,heap        ] GC(592) Eden regions: 83->0(84)
[445.779s][info][gc,heap        ] GC(592) Survivor regions: 5->4(11)
[445.779s][info][gc,heap        ] GC(592) Old regions: 55->56
[445.779s][info][gc,heap        ] GC(592) Humongous regions: 2->2
[445.779s][info][gc,metaspace   ] GC(592) Metaspace: 84654K(85952K)->84654K(85952K) NonClass: 73736K(74496K)->73736K(74496K) Class: 10918K(11456K)->10918K(11456K)
[445.779s][info][gc             ] GC(592) Pause Young (Concurrent Start) (G1 Evacuation Pause) 143M->61M(159M) 4.363ms
[445.779s][info][gc,cpu         ] GC(592) User=0.00s Sys=0.02s Real=0.00s
[445.779s][info][gc             ] GC(593) Concurrent Mark Cycle
[445.779s][info][gc,marking     ] GC(593) Concurrent Scan Root Regions
[445.786s][info][gc,marking     ] GC(593) Concurrent Scan Root Regions 6.827ms
[445.786s][info][gc,marking     ] GC(593) Concurrent Mark
[445.786s][info][gc,marking     ] GC(593) Concurrent Mark From Roots
[445.786s][info][gc,task        ] GC(593) Using 2 workers of 2 for marking
[445.859s][info][gc,marking     ] GC(593) Concurrent Mark From Roots 73.237ms
[445.859s][info][gc,marking     ] GC(593) Concurrent Preclean
[445.859s][info][gc,marking     ] GC(593) Concurrent Preclean 0.246ms
[445.859s][info][gc,start       ] GC(593) Pause Remark
[445.865s][info][gc             ] GC(593) Pause Remark 89M->89M(159M) 5.345ms
[445.865s][info][gc,cpu         ] GC(593) User=0.00s Sys=0.00s Real=0.01s
[445.865s][info][gc,marking     ] GC(593) Concurrent Mark 79.184ms
[445.865s][info][gc,marking     ] GC(593) Concurrent Rebuild Remembered Sets and Scrub Regions
[445.896s][info][gc,marking     ] GC(593) Concurrent Rebuild Remembered Sets and Scrub Regions 30.426ms
[445.896s][info][gc,start       ] GC(593) Pause Cleanup
[445.896s][info][gc             ] GC(593) Pause Cleanup 98M->98M(159M) 0.181ms
[445.896s][info][gc,cpu         ] GC(593) User=0.00s Sys=0.00s Real=0.00s
[445.896s][info][gc,marking     ] GC(593) Concurrent Clear Claimed Marks
[445.896s][info][gc,marking     ] GC(593) Concurrent Clear Claimed Marks 0.085ms
[445.896s][info][gc,marking     ] GC(593) Concurrent Cleanup for Next Mark
[445.896s][info][gc,marking     ] GC(593) Concurrent Cleanup for Next Mark 0.279ms
[445.896s][info][gc             ] GC(593) Concurrent Mark Cycle 117.550ms
[446.011s][info][gc,start       ] GC(594) Pause Young (Normal) (G1 Evacuation Pause)
[446.011s][info][gc,task        ] GC(594) Using 8 workers of 8 for evacuation
[446.015s][info][gc,phases      ] GC(594)   Pre Evacuate Collection Set: 0.4ms
[446.015s][info][gc,phases      ] GC(594)   Merge Heap Roots: 0.1ms
[446.015s][info][gc,phases      ] GC(594)   Evacuate Collection Set: 2.7ms
[446.015s][info][gc,phases      ] GC(594)   Post Evacuate Collection Set: 0.4ms
[446.015s][info][gc,phases      ] GC(594)   Other: 0.1ms
[446.015s][info][gc,heap        ] GC(594) Eden regions: 84->0(82)
[446.015s][info][gc,heap        ] GC(594) Survivor regions: 4->5(11)
[446.015s][info][gc,heap        ] GC(594) Old regions: 56->56
[446.015s][info][gc,heap        ] GC(594) Humongous regions: 2->2
[446.015s][info][gc,metaspace   ] GC(594) Metaspace: 84654K(85952K)->84654K(85952K) NonClass: 73736K(74496K)->73736K(74496K) Class: 10918K(11456K)->10918K(11456K)
[446.015s][info][gc             ] GC(594) Pause Young (Normal) (G1 Evacuation Pause) 145M->61M(159M) 4.122ms
[446.015s][info][gc,cpu         ] GC(594) User=0.11s Sys=0.00s Real=0.00s
[446.193s][info][gc,start       ] GC(595) Pause Young (Concurrent Start) (G1 Evacuation Pause)
[446.193s][info][gc,task        ] GC(595) Using 8 workers of 8 for evacuation
[446.196s][info][gc,phases      ] GC(595)   Pre Evacuate Collection Set: 0.2ms
[446.196s][info][gc,phases      ] GC(595)   Merge Heap Roots: 0.1ms
[446.196s][info][gc,phases      ] GC(595)   Evacuate Collection Set: 2.8ms
[446.196s][info][gc,phases      ] GC(595)   Post Evacuate Collection Set: 0.4ms
[446.196s][info][gc,phases      ] GC(595)   Other: 0.1ms
[446.196s][info][gc,heap        ] GC(595) Eden regions: 82->0(82)
[446.197s][info][gc,heap        ] GC(595) Survivor regions: 5->5(11)
[446.197s][info][gc,heap        ] GC(595) Old regions: 56->56
[446.197s][info][gc,heap        ] GC(595) Humongous regions: 2->2
[446.197s][info][gc,metaspace   ] GC(595) Metaspace: 84654K(85952K)->84654K(85952K) NonClass: 73736K(74496K)->73736K(74496K) Class: 10918K(11456K)->10918K(11456K)
[446.197s][info][gc             ] GC(595) Pause Young (Concurrent Start) (G1 Evacuation Pause) 143M->61M(159M) 4.031ms
[446.197s][info][gc             ] GC(596) Concurrent Mark Cycle
[446.197s][info][gc,cpu         ] GC(595) User=0.00s Sys=0.00s Real=0.00s
[446.197s][info][gc,marking     ] GC(596) Concurrent Scan Root Regions
[446.204s][info][gc,marking     ] GC(596) Concurrent Scan Root Regions 6.767ms
[446.204s][info][gc,marking     ] GC(596) Concurrent Mark
[446.204s][info][gc,marking     ] GC(596) Concurrent Mark From Roots
[446.204s][info][gc,task        ] GC(596) Using 2 workers of 2 for marking
[446.272s][info][gc,marking     ] GC(596) Concurrent Mark From Roots 67.879ms
[446.272s][info][gc,marking     ] GC(596) Concurrent Preclean
[446.272s][info][gc,marking     ] GC(596) Concurrent Preclean 0.512ms
[446.272s][info][gc,start       ] GC(596) Pause Remark
[446.277s][info][gc             ] GC(596) Pause Remark 89M->89M(159M) 4.471ms
[446.277s][info][gc,cpu         ] GC(596) User=0.00s Sys=0.00s Real=0.01s
[446.277s][info][gc,marking     ] GC(596) Concurrent Mark 73.315ms
[446.277s][info][gc,marking     ] GC(596) Concurrent Rebuild Remembered Sets and Scrub Regions
[446.304s][info][gc,marking     ] GC(596) Concurrent Rebuild Remembered Sets and Scrub Regions 27.201ms
[446.304s][info][gc,start       ] GC(596) Pause Cleanup
[446.305s][info][gc             ] GC(596) Pause Cleanup 96M->96M(159M) 0.133ms
[446.305s][info][gc,cpu         ] GC(596) User=0.00s Sys=0.00s Real=0.00s
[446.305s][info][gc,marking     ] GC(596) Concurrent Clear Claimed Marks
[446.305s][info][gc,marking     ] GC(596) Concurrent Clear Claimed Marks 0.128ms
[446.305s][info][gc,marking     ] GC(596) Concurrent Cleanup for Next Mark
[446.305s][info][gc,marking     ] GC(596) Concurrent Cleanup for Next Mark 0.591ms
[446.305s][info][gc             ] GC(596) Concurrent Mark Cycle 108.736ms
[446.426s][info][gc,start       ] GC(597) Pause Young (Normal) (G1 Evacuation Pause)
[446.426s][info][gc,task        ] GC(597) Using 8 workers of 8 for evacuation
[446.429s][info][gc,phases      ] GC(597)   Pre Evacuate Collection Set: 0.1ms
[446.429s][info][gc,phases      ] GC(597)   Merge Heap Roots: 0.1ms
[446.430s][info][gc,phases      ] GC(597)   Evacuate Collection Set: 3.0ms
[446.430s][info][gc,phases      ] GC(597)   Post Evacuate Collection Set: 0.4ms
[446.430s][info][gc,phases      ] GC(597)   Other: 0.1ms
[446.430s][info][gc,heap        ] GC(597) Eden regions: 82->0(82)
[446.430s][info][gc,heap        ] GC(597) Survivor regions: 5->5(11)
[446.430s][info][gc,heap        ] GC(597) Old regions: 56->56
[446.430s][info][gc,heap        ] GC(597) Humongous regions: 2->2
[446.430s][info][gc,metaspace   ] GC(597) Metaspace: 84654K(85952K)->84654K(85952K) NonClass: 73736K(74496K)->73736K(74496K) Class: 10918K(11456K)->10918K(11456K)
[446.430s][info][gc             ] GC(597) Pause Young (Normal) (G1 Evacuation Pause) 143M->62M(159M) 4.119ms
[446.430s][info][gc,cpu         ] GC(597) User=0.00s Sys=0.00s Real=0.00s
[446.626s][info][gc,start       ] GC(598) Pause Young (Concurrent Start) (G1 Evacuation Pause)
[446.626s][info][gc,task        ] GC(598) Using 8 workers of 8 for evacuation
[446.629s][info][gc,phases      ] GC(598)   Pre Evacuate Collection Set: 0.1ms
[446.629s][info][gc,phases      ] GC(598)   Merge Heap Roots: 0.1ms
[446.630s][info][gc,phases      ] GC(598)   Evacuate Collection Set: 2.6ms
[446.630s][info][gc,phases      ] GC(598)   Post Evacuate Collection Set: 0.4ms
[446.630s][info][gc,phases      ] GC(598)   Other: 0.2ms
[446.630s][info][gc,heap        ] GC(598) Eden regions: 82->0(83)
[446.630s][info][gc,heap        ] GC(598) Survivor regions: 5->4(11)
[446.630s][info][gc,heap        ] GC(598) Old regions: 56->57
[446.630s][info][gc,heap        ] GC(598) Humongous regions: 2->2
[446.630s][info][gc,metaspace   ] GC(598) Metaspace: 84654K(85952K)->84654K(85952K) NonClass: 73736K(74496K)->73736K(74496K) Class: 10918K(11456K)->10918K(11456K)
[446.630s][info][gc             ] GC(598) Pause Young (Concurrent Start) (G1 Evacuation Pause) 144M->62M(159M) 3.979ms
[446.630s][info][gc             ] GC(599) Concurrent Mark Cycle
[446.630s][info][gc,cpu         ] GC(598) User=0.00s Sys=0.00s Real=0.00s
[446.630s][info][gc,marking     ] GC(599) Concurrent Scan Root Regions
[446.635s][info][gc,marking     ] GC(599) Concurrent Scan Root Regions 5.345ms
[446.635s][info][gc,marking     ] GC(599) Concurrent Mark
[446.635s][info][gc,marking     ] GC(599) Concurrent Mark From Roots
[446.635s][info][gc,task        ] GC(599) Using 2 workers of 2 for marking
[446.710s][info][gc,marking     ] GC(599) Concurrent Mark From Roots 74.719ms
[446.710s][info][gc,marking     ] GC(599) Concurrent Preclean
[446.710s][info][gc,marking     ] GC(599) Concurrent Preclean 0.275ms
[446.711s][info][gc,start       ] GC(599) Pause Remark
[446.715s][info][gc             ] GC(599) Pause Remark 70M->70M(159M) 4.909ms
[446.716s][info][gc,cpu         ] GC(599) User=0.00s Sys=0.00s Real=0.01s
[446.716s][info][gc,marking     ] GC(599) Concurrent Mark 80.268ms
[446.716s][info][gc,marking     ] GC(599) Concurrent Rebuild Remembered Sets and Scrub Regions
[446.735s][info][gc,marking     ] GC(599) Concurrent Rebuild Remembered Sets and Scrub Regions 19.451ms
[446.735s][info][gc,start       ] GC(599) Pause Cleanup
[446.735s][info][gc             ] GC(599) Pause Cleanup 70M->70M(159M) 0.144ms
[446.735s][info][gc,cpu         ] GC(599) User=0.00s Sys=0.00s Real=0.00s
[446.736s][info][gc,marking     ] GC(599) Concurrent Clear Claimed Marks
[446.736s][info][gc,marking     ] GC(599) Concurrent Clear Claimed Marks 0.078ms
[446.736s][info][gc,marking     ] GC(599) Concurrent Cleanup for Next Mark
[446.736s][info][gc,marking     ] GC(599) Concurrent Cleanup for Next Mark 0.272ms
[446.736s][info][gc             ] GC(599) Concurrent Mark Cycle 106.027ms
[451.776s][info][gc,start       ] GC(600) Pause Young (Normal) (G1 Evacuation Pause)
[451.776s][info][gc,task        ] GC(600) Using 8 workers of 8 for evacuation
[451.780s][info][gc,phases      ] GC(600)   Pre Evacuate Collection Set: 0.1ms
[451.780s][info][gc,phases      ] GC(600)   Merge Heap Roots: 0.1ms
[451.780s][info][gc,phases      ] GC(600)   Evacuate Collection Set: 3.3ms
[451.780s][info][gc,phases      ] GC(600)   Post Evacuate Collection Set: 0.4ms
[451.781s][info][gc,phases      ] GC(600)   Other: 0.1ms
[451.781s][info][gc,heap        ] GC(600) Eden regions: 83->0(81)
[451.781s][info][gc,heap        ] GC(600) Survivor regions: 4->5(11)
[451.781s][info][gc,heap        ] GC(600) Old regions: 57->57
[451.781s][info][gc,heap        ] GC(600) Humongous regions: 2->2
[451.781s][info][gc,metaspace   ] GC(600) Metaspace: 84655K(85952K)->84655K(85952K) NonClass: 73736K(74496K)->73736K(74496K) Class: 10918K(11456K)->10918K(11456K)
[451.781s][info][gc             ] GC(600) Pause Young (Normal) (G1 Evacuation Pause) 145M->63M(159M) 4.613ms
[451.781s][info][gc,cpu         ] GC(600) User=0.09s Sys=0.00s Real=0.00s
[451.933s][info][gc,start       ] GC(601) Pause Young (Concurrent Start) (G1 Evacuation Pause)
[451.933s][info][gc,task        ] GC(601) Using 8 workers of 8 for evacuation
[451.936s][info][gc,phases      ] GC(601)   Pre Evacuate Collection Set: 0.2ms
[451.936s][info][gc,phases      ] GC(601)   Merge Heap Roots: 0.1ms
[451.936s][info][gc,phases      ] GC(601)   Evacuate Collection Set: 2.2ms
[451.936s][info][gc,phases      ] GC(601)   Post Evacuate Collection Set: 0.5ms
[451.936s][info][gc,phases      ] GC(601)   Other: 0.2ms
[451.936s][info][gc,heap        ] GC(601) Eden regions: 81->0(80)
[451.936s][info][gc,heap        ] GC(601) Survivor regions: 5->5(11)
[451.936s][info][gc,heap        ] GC(601) Old regions: 57->58
[451.936s][info][gc,heap        ] GC(601) Humongous regions: 2->2
[451.936s][info][gc,metaspace   ] GC(601) Metaspace: 84655K(85952K)->84655K(85952K) NonClass: 73736K(74496K)->73736K(74496K) Class: 10918K(11456K)->10918K(11456K)
[451.936s][info][gc             ] GC(601) Pause Young (Concurrent Start) (G1 Evacuation Pause) 144M->63M(159M) 3.566ms
[451.936s][info][gc,cpu         ] GC(601) User=0.12s Sys=0.00s Real=0.00s
[451.936s][info][gc             ] GC(602) Concurrent Mark Cycle
[451.936s][info][gc,marking     ] GC(602) Concurrent Scan Root Regions
[451.939s][info][gc,marking     ] GC(602) Concurrent Scan Root Regions 2.334ms
[451.939s][info][gc,marking     ] GC(602) Concurrent Mark
[451.939s][info][gc,marking     ] GC(602) Concurrent Mark From Roots
[451.939s][info][gc,task        ] GC(602) Using 2 workers of 2 for marking
[452.010s][info][gc,marking     ] GC(602) Concurrent Mark From Roots 70.861ms
[452.010s][info][gc,marking     ] GC(602) Concurrent Preclean
[452.010s][info][gc,marking     ] GC(602) Concurrent Preclean 0.261ms
[452.010s][info][gc,start       ] GC(602) Pause Remark
[452.016s][info][gc             ] GC(602) Pause Remark 86M->86M(159M) 6.039ms
[452.016s][info][gc,cpu         ] GC(602) User=0.05s Sys=0.00s Real=0.01s
[452.016s][info][gc,marking     ] GC(602) Concurrent Mark 77.526ms
[452.016s][info][gc,marking     ] GC(602) Concurrent Rebuild Remembered Sets and Scrub Regions
[452.039s][info][gc,marking     ] GC(602) Concurrent Rebuild Remembered Sets and Scrub Regions 22.603ms
[452.039s][info][gc,start       ] GC(602) Pause Cleanup
[452.039s][info][gc             ] GC(602) Pause Cleanup 94M->94M(159M) 0.118ms
[452.039s][info][gc,cpu         ] GC(602) User=0.00s Sys=0.00s Real=0.00s
[452.039s][info][gc,marking     ] GC(602) Concurrent Clear Claimed Marks
[452.039s][info][gc,marking     ] GC(602) Concurrent Clear Claimed Marks 0.084ms
[452.039s][info][gc,marking     ] GC(602) Concurrent Cleanup for Next Mark
[452.040s][info][gc,marking     ] GC(602) Concurrent Cleanup for Next Mark 0.302ms
[452.040s][info][gc             ] GC(602) Concurrent Mark Cycle 103.475ms
[452.188s][info][gc,start       ] GC(603) Pause Young (Prepare Mixed) (G1 Evacuation Pause)
[452.188s][info][gc,task        ] GC(603) Using 8 workers of 8 for evacuation
[452.192s][info][gc,phases      ] GC(603)   Pre Evacuate Collection Set: 0.1ms
[452.192s][info][gc,phases      ] GC(603)   Merge Heap Roots: 0.1ms
[452.192s][info][gc,phases      ] GC(603)   Evacuate Collection Set: 3.5ms
[452.192s][info][gc,phases      ] GC(603)   Post Evacuate Collection Set: 0.8ms
[452.192s][info][gc,phases      ] GC(603)   Other: 0.1ms
[452.192s][info][gc,heap        ] GC(603) Eden regions: 80->0(80)
[452.193s][info][gc,heap        ] GC(603) Survivor regions: 5->5(11)
[452.193s][info][gc,heap        ] GC(603) Old regions: 58->58
[452.193s][info][gc,heap        ] GC(603) Humongous regions: 2->2
[452.193s][info][gc,metaspace   ] GC(603) Metaspace: 84655K(85952K)->84655K(85952K) NonClass: 73736K(74496K)->73736K(74496K) Class: 10918K(11456K)->10918K(11456K)
[452.193s][info][gc             ] GC(603) Pause Young (Prepare Mixed) (G1 Evacuation Pause) 143M->63M(159M) 5.204ms
[452.193s][info][gc,cpu         ] GC(603) User=0.00s Sys=0.00s Real=0.00s
[452.402s][info][gc,start       ] GC(604) Pause Young (Mixed) (G1 Evacuation Pause)
[452.402s][info][gc,task        ] GC(604) Using 8 workers of 8 for evacuation
[452.406s][info][gc,phases      ] GC(604)   Pre Evacuate Collection Set: 0.1ms
[452.406s][info][gc,phases      ] GC(604)   Merge Heap Roots: 0.1ms
[452.406s][info][gc,phases      ] GC(604)   Evacuate Collection Set: 3.3ms
[452.406s][info][gc,phases      ] GC(604)   Post Evacuate Collection Set: 0.5ms
[452.406s][info][gc,phases      ] GC(604)   Other: 0.1ms
[452.406s][info][gc,heap        ] GC(604) Eden regions: 80->0(80)
[452.406s][info][gc,heap        ] GC(604) Survivor regions: 5->5(11)
[452.406s][info][gc,heap        ] GC(604) Old regions: 58->58
[452.406s][info][gc,heap        ] GC(604) Humongous regions: 2->2
[452.406s][info][gc,metaspace   ] GC(604) Metaspace: 84655K(85952K)->84655K(85952K) NonClass: 73736K(74496K)->73736K(74496K) Class: 10918K(11456K)->10918K(11456K)
[452.407s][info][gc             ] GC(604) Pause Young (Mixed) (G1 Evacuation Pause) 143M->63M(159M) 4.550ms
[452.407s][info][gc,cpu         ] GC(604) User=0.11s Sys=0.00s Real=0.00s
[452.616s][info][gc,start       ] GC(605) Pause Young (Concurrent Start) (G1 Evacuation Pause)
[452.616s][info][gc,task        ] GC(605) Using 8 workers of 8 for evacuation
[452.620s][info][gc,phases      ] GC(605)   Pre Evacuate Collection Set: 0.1ms
[452.621s][info][gc,phases      ] GC(605)   Merge Heap Roots: 0.1ms
[452.621s][info][gc,phases      ] GC(605)   Evacuate Collection Set: 3.4ms
[452.621s][info][gc,phases      ] GC(605)   Post Evacuate Collection Set: 0.5ms
[452.621s][info][gc,phases      ] GC(605)   Other: 0.1ms
[452.621s][info][gc,heap        ] GC(605) Eden regions: 80->0(80)
[452.621s][info][gc,heap        ] GC(605) Survivor regions: 5->5(11)
[452.621s][info][gc,heap        ] GC(605) Old regions: 58->58
[452.621s][info][gc,heap        ] GC(605) Humongous regions: 2->2
[452.621s][info][gc,metaspace   ] GC(605) Metaspace: 84655K(85952K)->84655K(85952K) NonClass: 73736K(74496K)->73736K(74496K) Class: 10918K(11456K)->10918K(11456K)
[452.621s][info][gc             ] GC(605) Pause Young (Concurrent Start) (G1 Evacuation Pause) 143M->63M(159M) 4.906ms
[452.621s][info][gc             ] GC(606) Concurrent Mark Cycle
[452.621s][info][gc,cpu         ] GC(605) User=0.00s Sys=0.00s Real=0.00s
[452.621s][info][gc,marking     ] GC(606) Concurrent Scan Root Regions
[452.624s][info][gc,marking     ] GC(606) Concurrent Scan Root Regions 3.116ms
[452.624s][info][gc,marking     ] GC(606) Concurrent Mark
[452.624s][info][gc,marking     ] GC(606) Concurrent Mark From Roots
[452.625s][info][gc,task        ] GC(606) Using 2 workers of 2 for marking
[452.715s][info][gc,marking     ] GC(606) Concurrent Mark From Roots 90.207ms
[452.715s][info][gc,marking     ] GC(606) Concurrent Preclean
[452.715s][info][gc,marking     ] GC(606) Concurrent Preclean 0.339ms
[452.715s][info][gc,start       ] GC(606) Pause Remark
[452.720s][info][gc             ] GC(606) Pause Remark 88M->88M(159M) 4.918ms
[452.720s][info][gc,cpu         ] GC(606) User=0.12s Sys=0.00s Real=0.01s
[452.720s][info][gc,marking     ] GC(606) Concurrent Mark 95.837ms
[452.720s][info][gc,marking     ] GC(606) Concurrent Rebuild Remembered Sets and Scrub Regions
[452.748s][info][gc,marking     ] GC(606) Concurrent Rebuild Remembered Sets and Scrub Regions 28.113ms
[452.749s][info][gc,start       ] GC(606) Pause Cleanup
[452.749s][info][gc             ] GC(606) Pause Cleanup 95M->95M(159M) 0.150ms
[452.749s][info][gc,cpu         ] GC(606) User=0.00s Sys=0.00s Real=0.00s
[452.749s][info][gc,marking     ] GC(606) Concurrent Clear Claimed Marks
[452.749s][info][gc,marking     ] GC(606) Concurrent Clear Claimed Marks 0.099ms
[452.749s][info][gc,marking     ] GC(606) Concurrent Cleanup for Next Mark
[452.749s][info][gc,marking     ] GC(606) Concurrent Cleanup for Next Mark 0.342ms
[452.749s][info][gc             ] GC(606) Concurrent Mark Cycle 128.242ms
[452.865s][info][gc,start       ] GC(607) Pause Young (Prepare Mixed) (G1 Evacuation Pause)
[452.865s][info][gc,task        ] GC(607) Using 8 workers of 8 for evacuation
[452.868s][info][gc,phases      ] GC(607)   Pre Evacuate Collection Set: 0.1ms
[452.868s][info][gc,phases      ] GC(607)   Merge Heap Roots: 0.1ms
[452.868s][info][gc,phases      ] GC(607)   Evacuate Collection Set: 2.6ms
[452.868s][info][gc,phases      ] GC(607)   Post Evacuate Collection Set: 0.4ms
[452.868s][info][gc,phases      ] GC(607)   Other: 0.1ms
[452.868s][info][gc,heap        ] GC(607) Eden regions: 80->0(80)
[452.868s][info][gc,heap        ] GC(607) Survivor regions: 5->5(11)
[452.868s][info][gc,heap        ] GC(607) Old regions: 58->58
[452.868s][info][gc,heap        ] GC(607) Humongous regions: 2->2
[452.868s][info][gc,metaspace   ] GC(607) Metaspace: 84655K(85952K)->84655K(85952K) NonClass: 73736K(74496K)->73736K(74496K) Class: 10918K(11456K)->10918K(11456K)
[452.868s][info][gc             ] GC(607) Pause Young (Prepare Mixed) (G1 Evacuation Pause) 143M->63M(159M) 3.699ms
[452.868s][info][gc,cpu         ] GC(607) User=0.00s Sys=0.00s Real=0.00s
[453.042s][info][gc,start       ] GC(608) Pause Young (Mixed) (G1 Evacuation Pause)
[453.042s][info][gc,task        ] GC(608) Using 8 workers of 8 for evacuation
[453.045s][info][gc,phases      ] GC(608)   Pre Evacuate Collection Set: 0.1ms
[453.045s][info][gc,phases      ] GC(608)   Merge Heap Roots: 0.1ms
[453.045s][info][gc,phases      ] GC(608)   Evacuate Collection Set: 2.4ms
[453.045s][info][gc,phases      ] GC(608)   Post Evacuate Collection Set: 0.3ms
[453.045s][info][gc,phases      ] GC(608)   Other: 0.1ms
[453.045s][info][gc,heap        ] GC(608) Eden regions: 80->0(80)
[453.045s][info][gc,heap        ] GC(608) Survivor regions: 5->5(11)
[453.045s][info][gc,heap        ] GC(608) Old regions: 58->58
[453.045s][info][gc,heap        ] GC(608) Humongous regions: 2->2
[453.045s][info][gc,metaspace   ] GC(608) Metaspace: 84655K(85952K)->84655K(85952K) NonClass: 73736K(74496K)->73736K(74496K) Class: 10918K(11456K)->10918K(11456K)
[453.045s][info][gc             ] GC(608) Pause Young (Mixed) (G1 Evacuation Pause) 143M->64M(159M) 3.369ms
[453.045s][info][gc,cpu         ] GC(608) User=0.12s Sys=0.00s Real=0.00s
[453.240s][info][gc,start       ] GC(609) Pause Young (Concurrent Start) (G1 Evacuation Pause)
[453.240s][info][gc,task        ] GC(609) Using 8 workers of 8 for evacuation
[453.244s][info][gc,phases      ] GC(609)   Pre Evacuate Collection Set: 0.2ms
[453.244s][info][gc,phases      ] GC(609)   Merge Heap Roots: 0.1ms
[453.244s][info][gc,phases      ] GC(609)   Evacuate Collection Set: 3.2ms
[453.244s][info][gc,phases      ] GC(609)   Post Evacuate Collection Set: 0.5ms
[453.244s][info][gc,phases      ] GC(609)   Other: 0.2ms
[453.245s][info][gc,heap        ] GC(609) Eden regions: 80->0(80)
[453.245s][info][gc,heap        ] GC(609) Survivor regions: 5->5(11)
[453.245s][info][gc,heap        ] GC(609) Old regions: 58->58
[453.245s][info][gc,heap        ] GC(609) Humongous regions: 2->2
[453.245s][info][gc,metaspace   ] GC(609) Metaspace: 84655K(85952K)->84655K(85952K) NonClass: 73736K(74496K)->73736K(74496K) Class: 10918K(11456K)->10918K(11456K)
[453.245s][info][gc             ] GC(609) Pause Young (Concurrent Start) (G1 Evacuation Pause) 144M->64M(159M) 4.539ms
[453.245s][info][gc,cpu         ] GC(609) User=0.00s Sys=0.00s Real=0.00s
[453.245s][info][gc             ] GC(610) Concurrent Mark Cycle
[453.245s][info][gc,marking     ] GC(610) Concurrent Scan Root Regions
[453.248s][info][gc,marking     ] GC(610) Concurrent Scan Root Regions 3.494ms
[453.248s][info][gc,marking     ] GC(610) Concurrent Mark
[453.248s][info][gc,marking     ] GC(610) Concurrent Mark From Roots
[453.248s][info][gc,task        ] GC(610) Using 2 workers of 2 for marking
[453.339s][info][gc,marking     ] GC(610) Concurrent Mark From Roots 90.680ms
[453.339s][info][gc,marking     ] GC(610) Concurrent Preclean
[453.339s][info][gc,marking     ] GC(610) Concurrent Preclean 0.230ms
[453.339s][info][gc,start       ] GC(610) Pause Remark
[453.344s][info][gc             ] GC(610) Pause Remark 94M->94M(160M) 4.665ms
[453.344s][info][gc,cpu         ] GC(610) User=0.02s Sys=0.03s Real=0.01s
[453.344s][info][gc,marking     ] GC(610) Concurrent Mark 95.917ms
[453.344s][info][gc,marking     ] GC(610) Concurrent Rebuild Remembered Sets and Scrub Regions
[453.372s][info][gc,marking     ] GC(610) Concurrent Rebuild Remembered Sets and Scrub Regions 27.686ms
[453.372s][info][gc,start       ] GC(610) Pause Cleanup
[453.372s][info][gc             ] GC(610) Pause Cleanup 103M->103M(160M) 0.170ms
[453.372s][info][gc,cpu         ] GC(610) User=0.00s Sys=0.00s Real=0.00s
[453.372s][info][gc,marking     ] GC(610) Concurrent Clear Claimed Marks
[453.373s][info][gc,marking     ] GC(610) Concurrent Clear Claimed Marks 0.107ms
[453.373s][info][gc,marking     ] GC(610) Concurrent Cleanup for Next Mark
[453.373s][info][gc,marking     ] GC(610) Concurrent Cleanup for Next Mark 0.311ms
[453.373s][info][gc             ] GC(610) Concurrent Mark Cycle 128.327ms
[453.479s][info][gc,start       ] GC(611) Pause Young (Prepare Mixed) (G1 Evacuation Pause)
[453.480s][info][gc,task        ] GC(611) Using 8 workers of 8 for evacuation
[453.484s][info][gc,phases      ] GC(611)   Pre Evacuate Collection Set: 0.1ms
[453.484s][info][gc,phases      ] GC(611)   Merge Heap Roots: 0.1ms
[453.484s][info][gc,phases      ] GC(611)   Evacuate Collection Set: 3.7ms
[453.484s][info][gc,phases      ] GC(611)   Post Evacuate Collection Set: 0.5ms
[453.484s][info][gc,phases      ] GC(611)   Other: 0.1ms
[453.484s][info][gc,heap        ] GC(611) Eden regions: 81->0(81)
[453.484s][info][gc,heap        ] GC(611) Survivor regions: 5->5(11)
[453.484s][info][gc,heap        ] GC(611) Old regions: 58->59
[453.484s][info][gc,heap        ] GC(611) Humongous regions: 2->2
[453.484s][info][gc,metaspace   ] GC(611) Metaspace: 84655K(85952K)->84655K(85952K) NonClass: 73736K(74496K)->73736K(74496K) Class: 10918K(11456K)->10918K(11456K)
[453.484s][info][gc             ] GC(611) Pause Young (Prepare Mixed) (G1 Evacuation Pause) 145M->64M(160M) 4.969ms
[453.484s][info][gc,cpu         ] GC(611) User=0.09s Sys=0.00s Real=0.01s
[453.711s][info][gc,start       ] GC(612) Pause Young (Mixed) (G1 Evacuation Pause)
[453.712s][info][gc,task        ] GC(612) Using 8 workers of 8 for evacuation
[453.716s][info][gc,phases      ] GC(612)   Pre Evacuate Collection Set: 0.2ms
[453.716s][info][gc,phases      ] GC(612)   Merge Heap Roots: 0.1ms
[453.716s][info][gc,phases      ] GC(612)   Evacuate Collection Set: 3.9ms
[453.716s][info][gc,phases      ] GC(612)   Post Evacuate Collection Set: 0.5ms
[453.716s][info][gc,phases      ] GC(612)   Other: 0.1ms
[453.717s][info][gc,heap        ] GC(612) Eden regions: 81->0(81)
[453.717s][info][gc,heap        ] GC(612) Survivor regions: 5->5(11)
[453.717s][info][gc,heap        ] GC(612) Old regions: 59->59
[453.717s][info][gc,heap        ] GC(612) Humongous regions: 2->2
[453.717s][info][gc,metaspace   ] GC(612) Metaspace: 84655K(85952K)->84655K(85952K) NonClass: 73736K(74496K)->73736K(74496K) Class: 10918K(11456K)->10918K(11456K)
[453.717s][info][gc             ] GC(612) Pause Young (Mixed) (G1 Evacuation Pause) 145M->64M(160M) 5.251ms
[453.717s][info][gc,cpu         ] GC(612) User=0.03s Sys=0.02s Real=0.01s
[453.920s][info][gc,start       ] GC(613) Pause Young (Concurrent Start) (G1 Evacuation Pause)
[453.920s][info][gc,task        ] GC(613) Using 8 workers of 8 for evacuation
[453.924s][info][gc,phases      ] GC(613)   Pre Evacuate Collection Set: 0.1ms
[453.924s][info][gc,phases      ] GC(613)   Merge Heap Roots: 0.2ms
[453.924s][info][gc,phases      ] GC(613)   Evacuate Collection Set: 2.3ms
[453.924s][info][gc,phases      ] GC(613)   Post Evacuate Collection Set: 0.5ms
[453.924s][info][gc,phases      ] GC(613)   Other: 0.2ms
[453.924s][info][gc,heap        ] GC(613) Eden regions: 81->0(81)
[453.924s][info][gc,heap        ] GC(613) Survivor regions: 5->5(11)
[453.924s][info][gc,heap        ] GC(613) Old regions: 59->59
[453.924s][info][gc,heap        ] GC(613) Humongous regions: 2->2
[453.924s][info][gc,metaspace   ] GC(613) Metaspace: 84655K(85952K)->84655K(85952K) NonClass: 73736K(74496K)->73736K(74496K) Class: 10918K(11456K)->10918K(11456K)
[453.924s][info][gc             ] GC(613) Pause Young (Concurrent Start) (G1 Evacuation Pause) 145M->64M(160M) 3.702ms
[453.924s][info][gc,cpu         ] GC(613) User=0.00s Sys=0.00s Real=0.00s
[453.924s][info][gc             ] GC(614) Concurrent Mark Cycle
[453.924s][info][gc,marking     ] GC(614) Concurrent Scan Root Regions
[453.928s][info][gc,marking     ] GC(614) Concurrent Scan Root Regions 3.314ms
[453.928s][info][gc,marking     ] GC(614) Concurrent Mark
[453.928s][info][gc,marking     ] GC(614) Concurrent Mark From Roots
[453.928s][info][gc,task        ] GC(614) Using 2 workers of 2 for marking
[454.008s][info][gc,marking     ] GC(614) Concurrent Mark From Roots 80.473ms
[454.008s][info][gc,marking     ] GC(614) Concurrent Preclean
[454.009s][info][gc,marking     ] GC(614) Concurrent Preclean 0.637ms
[454.009s][info][gc,start       ] GC(614) Pause Remark
[454.015s][info][gc             ] GC(614) Pause Remark 91M->91M(160M) 6.326ms
[454.015s][info][gc,cpu         ] GC(614) User=0.06s Sys=0.00s Real=0.01s
[454.015s][info][gc,marking     ] GC(614) Concurrent Mark 87.909ms
[454.016s][info][gc,marking     ] GC(614) Concurrent Rebuild Remembered Sets and Scrub Regions
[454.043s][info][gc,marking     ] GC(614) Concurrent Rebuild Remembered Sets and Scrub Regions 27.712ms
[454.043s][info][gc,start       ] GC(614) Pause Cleanup
[454.044s][info][gc             ] GC(614) Pause Cleanup 101M->101M(160M) 0.167ms
[454.044s][info][gc,cpu         ] GC(614) User=0.00s Sys=0.00s Real=0.00s
[454.044s][info][gc,marking     ] GC(614) Concurrent Clear Claimed Marks
[454.044s][info][gc,marking     ] GC(614) Concurrent Clear Claimed Marks 0.102ms
[454.044s][info][gc,marking     ] GC(614) Concurrent Cleanup for Next Mark
[454.044s][info][gc,marking     ] GC(614) Concurrent Cleanup for Next Mark 0.282ms
[454.044s][info][gc             ] GC(614) Concurrent Mark Cycle 120.019ms
[454.145s][info][gc,start       ] GC(615) Pause Young (Normal) (G1 Evacuation Pause)
[454.145s][info][gc,task        ] GC(615) Using 8 workers of 8 for evacuation
[454.149s][info][gc,phases      ] GC(615)   Pre Evacuate Collection Set: 0.2ms
[454.149s][info][gc,phases      ] GC(615)   Merge Heap Roots: 0.1ms
[454.149s][info][gc,phases      ] GC(615)   Evacuate Collection Set: 3.9ms
[454.150s][info][gc,phases      ] GC(615)   Post Evacuate Collection Set: 0.4ms
[454.150s][info][gc,phases      ] GC(615)   Other: 0.1ms
[454.150s][info][gc,heap        ] GC(615) Eden regions: 81->0(81)
[454.150s][info][gc,heap        ] GC(615) Survivor regions: 5->5(11)
[454.150s][info][gc,heap        ] GC(615) Old regions: 59->59
[454.150s][info][gc,heap        ] GC(615) Humongous regions: 2->2
[454.150s][info][gc,metaspace   ] GC(615) Metaspace: 84655K(85952K)->84655K(85952K) NonClass: 73736K(74496K)->73736K(74496K) Class: 10918K(11456K)->10918K(11456K)
[454.150s][info][gc             ] GC(615) Pause Young (Normal) (G1 Evacuation Pause) 145M->65M(160M) 5.191ms
[454.150s][info][gc,cpu         ] GC(615) User=0.00s Sys=0.00s Real=0.01s
[454.350s][info][gc,start       ] GC(616) Pause Young (Concurrent Start) (G1 Evacuation Pause)
[454.350s][info][gc,task        ] GC(616) Using 8 workers of 8 for evacuation
[454.354s][info][gc,phases      ] GC(616)   Pre Evacuate Collection Set: 0.2ms
[454.354s][info][gc,phases      ] GC(616)   Merge Heap Roots: 0.1ms
[454.354s][info][gc,phases      ] GC(616)   Evacuate Collection Set: 3.0ms
[454.354s][info][gc,phases      ] GC(616)   Post Evacuate Collection Set: 0.5ms
[454.354s][info][gc,phases      ] GC(616)   Other: 0.2ms
[454.354s][info][gc,heap        ] GC(616) Eden regions: 81->0(80)
[454.354s][info][gc,heap        ] GC(616) Survivor regions: 5->5(11)
[454.354s][info][gc,heap        ] GC(616) Old regions: 59->60
[454.354s][info][gc,heap        ] GC(616) Humongous regions: 2->2
[454.354s][info][gc,metaspace   ] GC(616) Metaspace: 84655K(85952K)->84655K(85952K) NonClass: 73736K(74496K)->73736K(74496K) Class: 10918K(11456K)->10918K(11456K)
[454.355s][info][gc             ] GC(616) Pause Young (Concurrent Start) (G1 Evacuation Pause) 146M->65M(160M) 4.310ms
[454.355s][info][gc,cpu         ] GC(616) User=0.00s Sys=0.00s Real=0.00s
[454.355s][info][gc             ] GC(617) Concurrent Mark Cycle
[454.355s][info][gc,marking     ] GC(617) Concurrent Scan Root Regions
[454.358s][info][gc,marking     ] GC(617) Concurrent Scan Root Regions 2.879ms
[454.358s][info][gc,marking     ] GC(617) Concurrent Mark
[454.358s][info][gc,marking     ] GC(617) Concurrent Mark From Roots
[454.358s][info][gc,task        ] GC(617) Using 2 workers of 2 for marking
[454.458s][info][gc,marking     ] GC(617) Concurrent Mark From Roots 100.349ms
[454.458s][info][gc,marking     ] GC(617) Concurrent Preclean
[454.459s][info][gc,marking     ] GC(617) Concurrent Preclean 0.528ms
[454.459s][info][gc,start       ] GC(617) Pause Remark
[454.470s][info][gc             ] GC(617) Pause Remark 93M->93M(160M) 11.040ms
[454.470s][info][gc,cpu         ] GC(617) User=0.11s Sys=0.00s Real=0.01s
[454.470s][info][gc,marking     ] GC(617) Concurrent Mark 112.427ms
[454.470s][info][gc,marking     ] GC(617) Concurrent Rebuild Remembered Sets and Scrub Regions
[454.502s][info][gc,marking     ] GC(617) Concurrent Rebuild Remembered Sets and Scrub Regions 32.209ms
[454.502s][info][gc,start       ] GC(617) Pause Cleanup
[454.503s][info][gc             ] GC(617) Pause Cleanup 101M->101M(160M) 0.185ms
[454.503s][info][gc,cpu         ] GC(617) User=0.00s Sys=0.00s Real=0.00s
[454.503s][info][gc,marking     ] GC(617) Concurrent Clear Claimed Marks
[454.503s][info][gc,marking     ] GC(617) Concurrent Clear Claimed Marks 0.090ms
[454.503s][info][gc,marking     ] GC(617) Concurrent Cleanup for Next Mark
[454.503s][info][gc,marking     ] GC(617) Concurrent Cleanup for Next Mark 0.279ms
[454.503s][info][gc             ] GC(617) Concurrent Mark Cycle 148.637ms
[454.607s][info][gc,start       ] GC(618) Pause Young (Concurrent Start) (G1 Humongous Allocation)
[454.607s][info][gc,task        ] GC(618) Using 8 workers of 8 for evacuation
[454.610s][info][gc,phases      ] GC(618)   Pre Evacuate Collection Set: 0.1ms
[454.610s][info][gc,phases      ] GC(618)   Merge Heap Roots: 0.1ms
[454.610s][info][gc,phases      ] GC(618)   Evacuate Collection Set: 2.9ms
[454.610s][info][gc,phases      ] GC(618)   Post Evacuate Collection Set: 0.4ms
[454.610s][info][gc,phases      ] GC(618)   Other: 0.1ms
[454.610s][info][gc,heap        ] GC(618) Eden regions: 75->0(80)
[454.610s][info][gc,heap        ] GC(618) Survivor regions: 5->5(11)
[454.611s][info][gc,heap        ] GC(618) Old regions: 60->60
[454.611s][info][gc,heap        ] GC(618) Humongous regions: 2->2
[454.611s][info][gc,metaspace   ] GC(618) Metaspace: 84640K(85952K)->84640K(85952K) NonClass: 73725K(74496K)->73725K(74496K) Class: 10914K(11456K)->10914K(11456K)
[454.611s][info][gc             ] GC(618) Pause Young (Concurrent Start) (G1 Humongous Allocation) 139M->65M(160M) 3.964ms
[454.611s][info][gc,cpu         ] GC(618) User=0.00s Sys=0.00s Real=0.00s
[454.611s][info][gc             ] GC(619) Concurrent Mark Cycle
[454.611s][info][gc,marking     ] GC(619) Concurrent Scan Root Regions
[454.614s][info][gc,marking     ] GC(619) Concurrent Scan Root Regions 3.208ms
[454.614s][info][gc,marking     ] GC(619) Concurrent Mark
[454.614s][info][gc,marking     ] GC(619) Concurrent Mark From Roots
[454.614s][info][gc,task        ] GC(619) Using 2 workers of 2 for marking
[454.691s][info][gc,marking     ] GC(619) Concurrent Mark From Roots 77.093ms
[454.691s][info][gc,marking     ] GC(619) Concurrent Preclean
[454.692s][info][gc,marking     ] GC(619) Concurrent Preclean 0.390ms
[454.692s][info][gc,start       ] GC(619) Pause Remark
[454.697s][info][gc             ] GC(619) Pause Remark 95M->95M(162M) 5.406ms
[454.697s][info][gc,cpu         ] GC(619) User=0.00s Sys=0.00s Real=0.00s
[454.698s][info][gc,marking     ] GC(619) Concurrent Mark 83.499ms
[454.698s][info][gc,marking     ] GC(619) Concurrent Rebuild Remembered Sets and Scrub Regions
[454.723s][info][gc,marking     ] GC(619) Concurrent Rebuild Remembered Sets and Scrub Regions 25.162ms
[454.723s][info][gc,start       ] GC(619) Pause Cleanup
[454.723s][info][gc             ] GC(619) Pause Cleanup 104M->104M(162M) 0.142ms
[454.723s][info][gc,cpu         ] GC(619) User=0.00s Sys=0.00s Real=0.00s
[454.723s][info][gc,marking     ] GC(619) Concurrent Clear Claimed Marks
[454.723s][info][gc,marking     ] GC(619) Concurrent Clear Claimed Marks 0.105ms
[454.723s][info][gc,marking     ] GC(619) Concurrent Cleanup for Next Mark
[454.724s][info][gc,marking     ] GC(619) Concurrent Cleanup for Next Mark 0.265ms
[454.724s][info][gc             ] GC(619) Concurrent Mark Cycle 113.037ms
[454.803s][info][gc,start       ] GC(620) Pause Young (Normal) (G1 Evacuation Pause)
[454.803s][info][gc,task        ] GC(620) Using 8 workers of 8 for evacuation
[454.807s][info][gc,phases      ] GC(620)   Pre Evacuate Collection Set: 0.1ms
[454.808s][info][gc,phases      ] GC(620)   Merge Heap Roots: 0.1ms
[454.808s][info][gc,phases      ] GC(620)   Evacuate Collection Set: 3.3ms
[454.808s][info][gc,phases      ] GC(620)   Post Evacuate Collection Set: 0.4ms
[454.808s][info][gc,phases      ] GC(620)   Other: 0.1ms
[454.808s][info][gc,heap        ] GC(620) Eden regions: 79->0(80)
[454.808s][info][gc,heap        ] GC(620) Survivor regions: 5->5(11)
[454.808s][info][gc,heap        ] GC(620) Old regions: 60->60
[454.808s][info][gc,heap        ] GC(620) Humongous regions: 3->3
[454.808s][info][gc,metaspace   ] GC(620) Metaspace: 84640K(85952K)->84640K(85952K) NonClass: 73725K(74496K)->73725K(74496K) Class: 10914K(11456K)->10914K(11456K)
[454.808s][info][gc             ] GC(620) Pause Young (Normal) (G1 Evacuation Pause) 145M->67M(162M) 4.356ms
[454.808s][info][gc,cpu         ] GC(620) User=0.00s Sys=0.00s Real=0.00s
[454.992s][info][gc,start       ] GC(621) Pause Young (Concurrent Start) (G1 Evacuation Pause)
[454.992s][info][gc,task        ] GC(621) Using 8 workers of 8 for evacuation
[454.996s][info][gc,phases      ] GC(621)   Pre Evacuate Collection Set: 0.2ms
[454.996s][info][gc,phases      ] GC(621)   Merge Heap Roots: 0.1ms
[454.996s][info][gc,phases      ] GC(621)   Evacuate Collection Set: 2.6ms
[454.996s][info][gc,phases      ] GC(621)   Post Evacuate Collection Set: 0.5ms
[454.996s][info][gc,phases      ] GC(621)   Other: 0.2ms
[454.996s][info][gc,heap        ] GC(621) Eden regions: 80->0(81)
[454.996s][info][gc,heap        ] GC(621) Survivor regions: 5->4(11)
[454.996s][info][gc,heap        ] GC(621) Old regions: 60->61
[454.996s][info][gc,heap        ] GC(621) Humongous regions: 3->3
[454.996s][info][gc,metaspace   ] GC(621) Metaspace: 84640K(85952K)->84640K(85952K) NonClass: 73725K(74496K)->73725K(74496K) Class: 10914K(11456K)->10914K(11456K)
[454.996s][info][gc             ] GC(621) Pause Young (Concurrent Start) (G1 Evacuation Pause) 147M->67M(162M) 4.080ms
[454.996s][info][gc,cpu         ] GC(621) User=0.00s Sys=0.00s Real=0.00s
[454.996s][info][gc             ] GC(622) Concurrent Mark Cycle
[454.997s][info][gc,marking     ] GC(622) Concurrent Scan Root Regions
[454.999s][info][gc,marking     ] GC(622) Concurrent Scan Root Regions 2.718ms
[454.999s][info][gc,marking     ] GC(622) Concurrent Mark
[454.999s][info][gc,marking     ] GC(622) Concurrent Mark From Roots
[454.999s][info][gc,task        ] GC(622) Using 2 workers of 2 for marking
[455.110s][info][gc,marking     ] GC(622) Concurrent Mark From Roots 110.977ms
[455.110s][info][gc,marking     ] GC(622) Concurrent Preclean
[455.111s][info][gc,marking     ] GC(622) Concurrent Preclean 0.377ms
[455.111s][info][gc,start       ] GC(622) Pause Remark
[455.117s][info][gc             ] GC(622) Pause Remark 96M->96M(164M) 6.577ms
[455.118s][info][gc,cpu         ] GC(622) User=0.00s Sys=0.00s Real=0.01s
[455.118s][info][gc,marking     ] GC(622) Concurrent Mark 118.309ms
[455.118s][info][gc,marking     ] GC(622) Concurrent Rebuild Remembered Sets and Scrub Regions
[455.150s][info][gc,marking     ] GC(622) Concurrent Rebuild Remembered Sets and Scrub Regions 31.981ms
[455.150s][info][gc,start       ] GC(622) Pause Cleanup
[455.150s][info][gc             ] GC(622) Pause Cleanup 104M->104M(164M) 0.137ms
[455.150s][info][gc,cpu         ] GC(622) User=0.00s Sys=0.00s Real=0.00s
[455.150s][info][gc,marking     ] GC(622) Concurrent Clear Claimed Marks
[455.150s][info][gc,marking     ] GC(622) Concurrent Clear Claimed Marks 0.112ms
[455.150s][info][gc,marking     ] GC(622) Concurrent Cleanup for Next Mark
[455.151s][info][gc,marking     ] GC(622) Concurrent Cleanup for Next Mark 0.270ms
[455.151s][info][gc             ] GC(622) Concurrent Mark Cycle 154.071ms
[455.257s][info][gc,start       ] GC(623) Pause Young (Prepare Mixed) (G1 Evacuation Pause)
[455.257s][info][gc,task        ] GC(623) Using 8 workers of 8 for evacuation
[455.260s][info][gc,phases      ] GC(623)   Pre Evacuate Collection Set: 0.2ms
[455.260s][info][gc,phases      ] GC(623)   Merge Heap Roots: 0.1ms
[455.260s][info][gc,phases      ] GC(623)   Evacuate Collection Set: 2.7ms
[455.260s][info][gc,phases      ] GC(623)   Post Evacuate Collection Set: 0.5ms
[455.260s][info][gc,phases      ] GC(623)   Other: 0.1ms
[455.261s][info][gc,heap        ] GC(623) Eden regions: 81->0(83)
[455.261s][info][gc,heap        ] GC(623) Survivor regions: 4->4(11)
[455.261s][info][gc,heap        ] GC(623) Old regions: 61->61
[455.261s][info][gc,heap        ] GC(623) Humongous regions: 3->3
[455.261s][info][gc,metaspace   ] GC(623) Metaspace: 84640K(85952K)->84640K(85952K) NonClass: 73725K(74496K)->73725K(74496K) Class: 10914K(11456K)->10914K(11456K)
[455.261s][info][gc             ] GC(623) Pause Young (Prepare Mixed) (G1 Evacuation Pause) 148M->67M(164M) 3.974ms
[455.261s][info][gc,cpu         ] GC(623) User=0.00s Sys=0.00s Real=0.00s
[455.474s][info][gc,start       ] GC(624) Pause Young (Mixed) (G1 Evacuation Pause)
[455.474s][info][gc,task        ] GC(624) Using 8 workers of 8 for evacuation
[455.478s][info][gc,phases      ] GC(624)   Pre Evacuate Collection Set: 0.1ms
[455.478s][info][gc,phases      ] GC(624)   Merge Heap Roots: 0.1ms
[455.478s][info][gc,phases      ] GC(624)   Evacuate Collection Set: 3.1ms
[455.478s][info][gc,phases      ] GC(624)   Post Evacuate Collection Set: 0.4ms
[455.478s][info][gc,phases      ] GC(624)   Other: 0.1ms
[455.478s][info][gc,heap        ] GC(624) Eden regions: 83->0(83)
[455.478s][info][gc,heap        ] GC(624) Survivor regions: 4->4(11)
[455.478s][info][gc,heap        ] GC(624) Old regions: 61->61
[455.478s][info][gc,heap        ] GC(624) Humongous regions: 3->3
[455.478s][info][gc,metaspace   ] GC(624) Metaspace: 84640K(85952K)->84640K(85952K) NonClass: 73725K(74496K)->73725K(74496K) Class: 10914K(11456K)->10914K(11456K)
[455.478s][info][gc             ] GC(624) Pause Young (Mixed) (G1 Evacuation Pause) 150M->67M(164M) 4.307ms
[455.479s][info][gc,cpu         ] GC(624) User=0.00s Sys=0.00s Real=0.00s
[455.677s][info][gc,start       ] GC(625) Pause Young (Concurrent Start) (G1 Evacuation Pause)
[455.677s][info][gc,task        ] GC(625) Using 8 workers of 8 for evacuation
[455.680s][info][gc,phases      ] GC(625)   Pre Evacuate Collection Set: 0.2ms
[455.680s][info][gc,phases      ] GC(625)   Merge Heap Roots: 0.1ms
[455.680s][info][gc,phases      ] GC(625)   Evacuate Collection Set: 2.7ms
[455.680s][info][gc,phases      ] GC(625)   Post Evacuate Collection Set: 0.4ms
[455.680s][info][gc,phases      ] GC(625)   Other: 0.1ms
[455.680s][info][gc,heap        ] GC(625) Eden regions: 83->0(83)
[455.680s][info][gc,heap        ] GC(625) Survivor regions: 4->4(11)
[455.680s][info][gc,heap        ] GC(625) Old regions: 61->61
[455.680s][info][gc,heap        ] GC(625) Humongous regions: 3->3
[455.680s][info][gc,metaspace   ] GC(625) Metaspace: 84640K(85952K)->84640K(85952K) NonClass: 73725K(74496K)->73725K(74496K) Class: 10914K(11456K)->10914K(11456K)
[455.681s][info][gc             ] GC(625) Pause Young (Concurrent Start) (G1 Evacuation Pause) 150M->67M(164M) 4.016ms
[455.681s][info][gc,cpu         ] GC(625) User=0.00s Sys=0.00s Real=0.00s
[455.681s][info][gc             ] GC(626) Concurrent Mark Cycle
[455.681s][info][gc,marking     ] GC(626) Concurrent Scan Root Regions
[455.684s][info][gc,marking     ] GC(626) Concurrent Scan Root Regions 3.086ms
[455.684s][info][gc,marking     ] GC(626) Concurrent Mark
[455.684s][info][gc,marking     ] GC(626) Concurrent Mark From Roots
[455.684s][info][gc,task        ] GC(626) Using 2 workers of 2 for marking
[455.776s][info][gc,marking     ] GC(626) Concurrent Mark From Roots 92.554ms
[455.776s][info][gc,marking     ] GC(626) Concurrent Preclean
[455.777s][info][gc,marking     ] GC(626) Concurrent Preclean 0.361ms
[455.777s][info][gc,start       ] GC(626) Pause Remark
[455.783s][info][gc             ] GC(626) Pause Remark 96M->96M(164M) 5.969ms
[455.783s][info][gc,cpu         ] GC(626) User=0.06s Sys=0.00s Real=0.01s
[455.783s][info][gc,marking     ] GC(626) Concurrent Mark 99.259ms
[455.783s][info][gc,marking     ] GC(626) Concurrent Rebuild Remembered Sets and Scrub Regions
[455.811s][info][gc,marking     ] GC(626) Concurrent Rebuild Remembered Sets and Scrub Regions 28.081ms
[455.811s][info][gc,start       ] GC(626) Pause Cleanup
[455.811s][info][gc             ] GC(626) Pause Cleanup 104M->104M(164M) 0.135ms
[455.812s][info][gc,cpu         ] GC(626) User=0.00s Sys=0.00s Real=0.00s
[455.812s][info][gc,marking     ] GC(626) Concurrent Clear Claimed Marks
[455.812s][info][gc,marking     ] GC(626) Concurrent Clear Claimed Marks 0.088ms
[455.812s][info][gc,marking     ] GC(626) Concurrent Cleanup for Next Mark
[455.812s][info][gc,marking     ] GC(626) Concurrent Cleanup for Next Mark 0.260ms
[455.812s][info][gc             ] GC(626) Concurrent Mark Cycle 131.427ms
[455.917s][info][gc,start       ] GC(627) Pause Young (Normal) (G1 Evacuation Pause)
[455.917s][info][gc,task        ] GC(627) Using 8 workers of 8 for evacuation
[455.920s][info][gc,phases      ] GC(627)   Pre Evacuate Collection Set: 0.1ms
[455.920s][info][gc,phases      ] GC(627)   Merge Heap Roots: 0.1ms
[455.920s][info][gc,phases      ] GC(627)   Evacuate Collection Set: 2.4ms
[455.920s][info][gc,phases      ] GC(627)   Post Evacuate Collection Set: 0.4ms
[455.920s][info][gc,phases      ] GC(627)   Other: 0.1ms
[455.920s][info][gc,heap        ] GC(627) Eden regions: 83->0(82)
[455.920s][info][gc,heap        ] GC(627) Survivor regions: 4->4(11)
[455.920s][info][gc,heap        ] GC(627) Old regions: 61->62
[455.920s][info][gc,heap        ] GC(627) Humongous regions: 3->3
[455.920s][info][gc,metaspace   ] GC(627) Metaspace: 84640K(85952K)->84640K(85952K) NonClass: 73725K(74496K)->73725K(74496K) Class: 10914K(11456K)->10914K(11456K)
[455.921s][info][gc             ] GC(627) Pause Young (Normal) (G1 Evacuation Pause) 150M->67M(164M) 3.442ms
[455.921s][info][gc,cpu         ] GC(627) User=0.12s Sys=0.00s Real=0.00s
[456.124s][info][gc,start       ] GC(628) Pause Young (Concurrent Start) (G1 Evacuation Pause)
[456.124s][info][gc,task        ] GC(628) Using 8 workers of 8 for evacuation
[456.127s][info][gc,phases      ] GC(628)   Pre Evacuate Collection Set: 0.1ms
[456.127s][info][gc,phases      ] GC(628)   Merge Heap Roots: 0.1ms
[456.127s][info][gc,phases      ] GC(628)   Evacuate Collection Set: 2.5ms
[456.127s][info][gc,phases      ] GC(628)   Post Evacuate Collection Set: 0.4ms
[456.127s][info][gc,phases      ] GC(628)   Other: 0.1ms
[456.127s][info][gc,heap        ] GC(628) Eden regions: 82->0(82)
[456.127s][info][gc,heap        ] GC(628) Survivor regions: 4->4(11)
[456.127s][info][gc,heap        ] GC(628) Old regions: 62->62
[456.127s][info][gc,heap        ] GC(628) Humongous regions: 3->3
[456.127s][info][gc,metaspace   ] GC(628) Metaspace: 84640K(85952K)->84640K(85952K) NonClass: 73725K(74496K)->73725K(74496K) Class: 10914K(11456K)->10914K(11456K)
[456.128s][info][gc             ] GC(628) Pause Young (Concurrent Start) (G1 Evacuation Pause) 149M->68M(164M) 3.718ms
[456.128s][info][gc,cpu         ] GC(628) User=0.00s Sys=0.00s Real=0.00s
[456.128s][info][gc             ] GC(629) Concurrent Mark Cycle
[456.128s][info][gc,marking     ] GC(629) Concurrent Scan Root Regions
[456.130s][info][gc,marking     ] GC(629) Concurrent Scan Root Regions 2.243ms
[456.130s][info][gc,marking     ] GC(629) Concurrent Mark
[456.130s][info][gc,marking     ] GC(629) Concurrent Mark From Roots
[456.130s][info][gc,task        ] GC(629) Using 2 workers of 2 for marking
[456.218s][info][gc,marking     ] GC(629) Concurrent Mark From Roots 87.668ms
[456.218s][info][gc,marking     ] GC(629) Concurrent Preclean
[456.218s][info][gc,marking     ] GC(629) Concurrent Preclean 0.257ms
[456.218s][info][gc,start       ] GC(629) Pause Remark
[456.224s][info][gc             ] GC(629) Pause Remark 99M->99M(167M) 5.568ms
[456.224s][info][gc,cpu         ] GC(629) User=0.00s Sys=0.00s Real=0.01s
[456.224s][info][gc,marking     ] GC(629) Concurrent Mark 93.886ms
[456.224s][info][gc,marking     ] GC(629) Concurrent Rebuild Remembered Sets and Scrub Regions
[456.256s][info][gc,marking     ] GC(629) Concurrent Rebuild Remembered Sets and Scrub Regions 31.722ms
[456.256s][info][gc,start       ] GC(629) Pause Cleanup
[456.256s][info][gc             ] GC(629) Pause Cleanup 108M->108M(167M) 0.160ms
[456.256s][info][gc,cpu         ] GC(629) User=0.00s Sys=0.00s Real=0.00s
[456.256s][info][gc,marking     ] GC(629) Concurrent Clear Claimed Marks
[456.256s][info][gc,marking     ] GC(629) Concurrent Clear Claimed Marks 0.106ms
[456.256s][info][gc,marking     ] GC(629) Concurrent Cleanup for Next Mark
[456.257s][info][gc,marking     ] GC(629) Concurrent Cleanup for Next Mark 0.401ms
[456.257s][info][gc             ] GC(629) Concurrent Mark Cycle 129.177ms
[456.363s][info][gc,start       ] GC(630) Pause Young (Normal) (G1 Evacuation Pause)
[456.363s][info][gc,task        ] GC(630) Using 8 workers of 8 for evacuation
[456.367s][info][gc,phases      ] GC(630)   Pre Evacuate Collection Set: 0.1ms
[456.367s][info][gc,phases      ] GC(630)   Merge Heap Roots: 0.1ms
[456.367s][info][gc,phases      ] GC(630)   Evacuate Collection Set: 3.4ms
[456.367s][info][gc,phases      ] GC(630)   Post Evacuate Collection Set: 0.4ms
[456.367s][info][gc,phases      ] GC(630)   Other: 0.1ms
[456.367s][info][gc,heap        ] GC(630) Eden regions: 82->0(83)
[456.367s][info][gc,heap        ] GC(630) Survivor regions: 4->5(11)
[456.367s][info][gc,heap        ] GC(630) Old regions: 62->62
[456.367s][info][gc,heap        ] GC(630) Humongous regions: 3->3
[456.367s][info][gc,metaspace   ] GC(630) Metaspace: 84640K(85952K)->84640K(85952K) NonClass: 73725K(74496K)->73725K(74496K) Class: 10914K(11456K)->10914K(11456K)
[456.367s][info][gc             ] GC(630) Pause Young (Normal) (G1 Evacuation Pause) 150M->68M(167M) 4.647ms
[456.367s][info][gc,cpu         ] GC(630) User=0.00s Sys=0.00s Real=0.00s
[456.554s][info][gc,start       ] GC(631) Pause Young (Concurrent Start) (G1 Evacuation Pause)
[456.554s][info][gc,task        ] GC(631) Using 8 workers of 8 for evacuation
[456.557s][info][gc,phases      ] GC(631)   Pre Evacuate Collection Set: 0.1ms
[456.557s][info][gc,phases      ] GC(631)   Merge Heap Roots: 0.1ms
[456.557s][info][gc,phases      ] GC(631)   Evacuate Collection Set: 2.1ms
[456.557s][info][gc,phases      ] GC(631)   Post Evacuate Collection Set: 0.3ms
[456.557s][info][gc,phases      ] GC(631)   Other: 0.1ms
[456.557s][info][gc,heap        ] GC(631) Eden regions: 83->0(85)
[456.557s][info][gc,heap        ] GC(631) Survivor regions: 5->4(11)
[456.557s][info][gc,heap        ] GC(631) Old regions: 62->62
[456.557s][info][gc,heap        ] GC(631) Humongous regions: 3->3
[456.557s][info][gc,metaspace   ] GC(631) Metaspace: 84640K(85952K)->84640K(85952K) NonClass: 73725K(74496K)->73725K(74496K) Class: 10914K(11456K)->10914K(11456K)
[456.557s][info][gc             ] GC(631) Pause Young (Concurrent Start) (G1 Evacuation Pause) 151M->68M(167M) 3.048ms
[456.557s][info][gc,cpu         ] GC(631) User=0.00s Sys=0.00s Real=0.00s
[456.557s][info][gc             ] GC(632) Concurrent Mark Cycle
[456.557s][info][gc,marking     ] GC(632) Concurrent Scan Root Regions
[456.559s][info][gc,marking     ] GC(632) Concurrent Scan Root Regions 1.605ms
[456.559s][info][gc,marking     ] GC(632) Concurrent Mark
[456.559s][info][gc,marking     ] GC(632) Concurrent Mark From Roots
[456.559s][info][gc,task        ] GC(632) Using 2 workers of 2 for marking
[456.640s][info][gc,marking     ] GC(632) Concurrent Mark From Roots 81.292ms
[456.640s][info][gc,marking     ] GC(632) Concurrent Preclean
[456.641s][info][gc,marking     ] GC(632) Concurrent Preclean 0.360ms
[456.641s][info][gc,start       ] GC(632) Pause Remark
[456.646s][info][gc             ] GC(632) Pause Remark 98M->98M(167M) 5.152ms
[456.646s][info][gc,cpu         ] GC(632) User=0.00s Sys=0.00s Real=0.01s
[456.646s][info][gc,marking     ] GC(632) Concurrent Mark 87.218ms
[456.646s][info][gc,marking     ] GC(632) Concurrent Rebuild Remembered Sets and Scrub Regions
[456.682s][info][gc,marking     ] GC(632) Concurrent Rebuild Remembered Sets and Scrub Regions 35.501ms
[456.682s][info][gc,start       ] GC(632) Pause Cleanup
[456.682s][info][gc             ] GC(632) Pause Cleanup 110M->110M(167M) 0.214ms
[456.682s][info][gc,cpu         ] GC(632) User=0.00s Sys=0.00s Real=0.00s
[456.682s][info][gc,marking     ] GC(632) Concurrent Clear Claimed Marks
[456.682s][info][gc,marking     ] GC(632) Concurrent Clear Claimed Marks 0.110ms
[456.682s][info][gc,marking     ] GC(632) Concurrent Cleanup for Next Mark
[456.683s][info][gc,marking     ] GC(632) Concurrent Cleanup for Next Mark 0.323ms
[456.683s][info][gc             ] GC(632) Concurrent Mark Cycle 125.594ms
[456.801s][info][gc,start       ] GC(633) Pause Young (Normal) (G1 Evacuation Pause)
[456.801s][info][gc,task        ] GC(633) Using 8 workers of 8 for evacuation
[456.804s][info][gc,phases      ] GC(633)   Pre Evacuate Collection Set: 0.1ms
[456.804s][info][gc,phases      ] GC(633)   Merge Heap Roots: 0.1ms
[456.804s][info][gc,phases      ] GC(633)   Evacuate Collection Set: 2.9ms
[456.804s][info][gc,phases      ] GC(633)   Post Evacuate Collection Set: 0.5ms
[456.805s][info][gc,phases      ] GC(633)   Other: 0.1ms
[456.805s][info][gc,heap        ] GC(633) Eden regions: 85->0(84)
[456.805s][info][gc,heap        ] GC(633) Survivor regions: 4->4(12)
[456.805s][info][gc,heap        ] GC(633) Old regions: 62->63
[456.805s][info][gc,heap        ] GC(633) Humongous regions: 3->3
[456.805s][info][gc,metaspace   ] GC(633) Metaspace: 84640K(85952K)->84640K(85952K) NonClass: 73725K(74496K)->73725K(74496K) Class: 10914K(11456K)->10914K(11456K)
[456.805s][info][gc             ] GC(633) Pause Young (Normal) (G1 Evacuation Pause) 153M->68M(167M) 4.203ms
[456.805s][info][gc,cpu         ] GC(633) User=0.00s Sys=0.00s Real=0.00s
[462.016s][info][gc,start       ] GC(634) Pause Young (Concurrent Start) (G1 Evacuation Pause)
[462.016s][info][gc,task        ] GC(634) Using 8 workers of 8 for evacuation
[462.019s][info][gc,phases      ] GC(634)   Pre Evacuate Collection Set: 0.1ms
[462.019s][info][gc,phases      ] GC(634)   Merge Heap Roots: 0.1ms
[462.019s][info][gc,phases      ] GC(634)   Evacuate Collection Set: 2.7ms
[462.019s][info][gc,phases      ] GC(634)   Post Evacuate Collection Set: 0.7ms
[462.020s][info][gc,phases      ] GC(634)   Other: 0.1ms
[462.020s][info][gc,heap        ] GC(634) Eden regions: 84->0(82)
[462.020s][info][gc,heap        ] GC(634) Survivor regions: 4->5(11)
[462.020s][info][gc,heap        ] GC(634) Old regions: 63->63
[462.020s][info][gc,heap        ] GC(634) Humongous regions: 3->3
[462.020s][info][gc,metaspace   ] GC(634) Metaspace: 84641K(85952K)->84641K(85952K) NonClass: 73726K(74496K)->73726K(74496K) Class: 10914K(11456K)->10914K(11456K)
[462.020s][info][gc             ] GC(634) Pause Young (Concurrent Start) (G1 Evacuation Pause) 152M->70M(167M) 4.093ms
[462.020s][info][gc,cpu         ] GC(634) User=0.00s Sys=0.00s Real=0.00s
[462.020s][info][gc             ] GC(635) Concurrent Mark Cycle
[462.020s][info][gc,marking     ] GC(635) Concurrent Scan Root Regions
[462.022s][info][gc,marking     ] GC(635) Concurrent Scan Root Regions 2.006ms
[462.022s][info][gc,marking     ] GC(635) Concurrent Mark
[462.022s][info][gc,marking     ] GC(635) Concurrent Mark From Roots
[462.022s][info][gc,task        ] GC(635) Using 2 workers of 2 for marking
[462.100s][info][gc,marking     ] GC(635) Concurrent Mark From Roots 77.708ms
[462.100s][info][gc,marking     ] GC(635) Concurrent Preclean
[462.100s][info][gc,marking     ] GC(635) Concurrent Preclean 0.329ms
[462.100s][info][gc,start       ] GC(635) Pause Remark
[462.112s][info][gc             ] GC(635) Pause Remark 107M->107M(182M) 11.850ms
[462.112s][info][gc,cpu         ] GC(635) User=0.06s Sys=0.00s Real=0.01s
[462.112s][info][gc,marking     ] GC(635) Concurrent Mark 90.324ms
[462.112s][info][gc,marking     ] GC(635) Concurrent Rebuild Remembered Sets and Scrub Regions
[462.135s][info][gc,marking     ] GC(635) Concurrent Rebuild Remembered Sets and Scrub Regions 22.985ms
[462.135s][info][gc,start       ] GC(635) Pause Cleanup
[462.135s][info][gc             ] GC(635) Pause Cleanup 116M->116M(182M) 0.138ms
[462.136s][info][gc,cpu         ] GC(635) User=0.00s Sys=0.00s Real=0.00s
[462.136s][info][gc,marking     ] GC(635) Concurrent Clear Claimed Marks
[462.136s][info][gc,marking     ] GC(635) Concurrent Clear Claimed Marks 0.071ms
[462.136s][info][gc,marking     ] GC(635) Concurrent Cleanup for Next Mark
[462.136s][info][gc,marking     ] GC(635) Concurrent Cleanup for Next Mark 0.484ms
[462.136s][info][gc             ] GC(635) Concurrent Mark Cycle 116.439ms
[462.206s][info][gc,start       ] GC(636) Pause Young (Prepare Mixed) (G1 Evacuation Pause)
[462.206s][info][gc,task        ] GC(636) Using 8 workers of 8 for evacuation
[462.209s][info][gc,phases      ] GC(636)   Pre Evacuate Collection Set: 0.1ms
[462.209s][info][gc,phases      ] GC(636)   Merge Heap Roots: 0.1ms
[462.209s][info][gc,phases      ] GC(636)   Evacuate Collection Set: 2.1ms
[462.209s][info][gc,phases      ] GC(636)   Post Evacuate Collection Set: 0.4ms
[462.209s][info][gc,phases      ] GC(636)   Other: 0.1ms
[462.209s][info][gc,heap        ] GC(636) Eden regions: 81->0(96)
[462.209s][info][gc,heap        ] GC(636) Survivor regions: 5->5(11)
[462.209s][info][gc,heap        ] GC(636) Old regions: 63->63
[462.209s][info][gc,heap        ] GC(636) Humongous regions: 3->3
[462.209s][info][gc,metaspace   ] GC(636) Metaspace: 84628K(85952K)->84628K(85952K) NonClass: 73717K(74496K)->73717K(74496K) Class: 10911K(11456K)->10911K(11456K)
[462.209s][info][gc             ] GC(636) Pause Young (Prepare Mixed) (G1 Evacuation Pause) 151M->70M(182M) 3.127ms
[462.209s][info][gc,cpu         ] GC(636) User=0.00s Sys=0.00s Real=0.00s
[462.416s][info][gc,start       ] GC(637) Pause Young (Mixed) (G1 Evacuation Pause)
[462.416s][info][gc,task        ] GC(637) Using 8 workers of 8 for evacuation
[462.420s][info][gc,phases      ] GC(637)   Pre Evacuate Collection Set: 0.2ms
[462.420s][info][gc,phases      ] GC(637)   Merge Heap Roots: 0.1ms
[462.420s][info][gc,phases      ] GC(637)   Evacuate Collection Set: 3.1ms
[462.420s][info][gc,phases      ] GC(637)   Post Evacuate Collection Set: 0.4ms
[462.420s][info][gc,phases      ] GC(637)   Other: 0.1ms
[462.420s][info][gc,heap        ] GC(637) Eden regions: 96->0(96)
[462.420s][info][gc,heap        ] GC(637) Survivor regions: 5->5(13)
[462.420s][info][gc,heap        ] GC(637) Old regions: 63->63
[462.421s][info][gc,heap        ] GC(637) Humongous regions: 3->3
[462.421s][info][gc,metaspace   ] GC(637) Metaspace: 84628K(85952K)->84628K(85952K) NonClass: 73717K(74496K)->73717K(74496K) Class: 10911K(11456K)->10911K(11456K)
[462.421s][info][gc             ] GC(637) Pause Young (Mixed) (G1 Evacuation Pause) 166M->69M(182M) 4.378ms
[462.421s][info][gc,cpu         ] GC(637) User=0.12s Sys=0.00s Real=0.00s
[462.646s][info][gc,start       ] GC(638) Pause Young (Concurrent Start) (G1 Evacuation Pause)
[462.646s][info][gc,task        ] GC(638) Using 8 workers of 8 for evacuation
[462.649s][info][gc,phases      ] GC(638)   Pre Evacuate Collection Set: 0.2ms
[462.649s][info][gc,phases      ] GC(638)   Merge Heap Roots: 0.0ms
[462.649s][info][gc,phases      ] GC(638)   Evacuate Collection Set: 2.3ms
[462.649s][info][gc,phases      ] GC(638)   Post Evacuate Collection Set: 0.4ms
[462.649s][info][gc,phases      ] GC(638)   Other: 0.1ms
[462.649s][info][gc,heap        ] GC(638) Eden regions: 96->0(96)
[462.649s][info][gc,heap        ] GC(638) Survivor regions: 5->5(13)
[462.649s][info][gc,heap        ] GC(638) Old regions: 63->63
[462.649s][info][gc,heap        ] GC(638) Humongous regions: 3->3
[462.649s][info][gc,metaspace   ] GC(638) Metaspace: 84628K(85952K)->84628K(85952K) NonClass: 73717K(74496K)->73717K(74496K) Class: 10911K(11456K)->10911K(11456K)
[462.649s][info][gc             ] GC(638) Pause Young (Concurrent Start) (G1 Evacuation Pause) 165M->70M(182M) 3.446ms
[462.649s][info][gc,cpu         ] GC(638) User=0.00s Sys=0.00s Real=0.00s
[462.649s][info][gc             ] GC(639) Concurrent Mark Cycle
[462.650s][info][gc,marking     ] GC(639) Concurrent Scan Root Regions
[462.652s][info][gc,marking     ] GC(639) Concurrent Scan Root Regions 2.703ms
[462.652s][info][gc,marking     ] GC(639) Concurrent Mark
[462.652s][info][gc,marking     ] GC(639) Concurrent Mark From Roots
[462.652s][info][gc,task        ] GC(639) Using 2 workers of 2 for marking
[462.758s][info][gc,marking     ] GC(639) Concurrent Mark From Roots 105.664ms
[462.758s][info][gc,marking     ] GC(639) Concurrent Preclean
[462.758s][info][gc,marking     ] GC(639) Concurrent Preclean 0.295ms
[462.758s][info][gc,start       ] GC(639) Pause Remark
[462.764s][info][gc             ] GC(639) Pause Remark 96M->96M(182M) 5.355ms
[462.764s][info][gc,cpu         ] GC(639) User=0.08s Sys=0.02s Real=0.01s
[462.764s][info][gc,marking     ] GC(639) Concurrent Mark 111.670ms
[462.764s][info][gc,marking     ] GC(639) Concurrent Rebuild Remembered Sets and Scrub Regions
[462.804s][info][gc,marking     ] GC(639) Concurrent Rebuild Remembered Sets and Scrub Regions 39.596ms
[462.804s][info][gc,start       ] GC(639) Pause Cleanup
[462.804s][info][gc             ] GC(639) Pause Cleanup 105M->105M(182M) 0.167ms
[462.804s][info][gc,cpu         ] GC(639) User=0.00s Sys=0.00s Real=0.00s
[462.804s][info][gc,marking     ] GC(639) Concurrent Clear Claimed Marks
[462.804s][info][gc,marking     ] GC(639) Concurrent Clear Claimed Marks 0.093ms
[462.804s][info][gc,marking     ] GC(639) Concurrent Cleanup for Next Mark
[462.805s][info][gc,marking     ] GC(639) Concurrent Cleanup for Next Mark 0.315ms
[462.805s][info][gc             ] GC(639) Concurrent Mark Cycle 155.142ms
[462.962s][info][gc,start       ] GC(640) Pause Young (Normal) (G1 Evacuation Pause)
[462.962s][info][gc,task        ] GC(640) Using 8 workers of 8 for evacuation
[462.966s][info][gc,phases      ] GC(640)   Pre Evacuate Collection Set: 0.2ms
[462.966s][info][gc,phases      ] GC(640)   Merge Heap Roots: 0.1ms
[462.966s][info][gc,phases      ] GC(640)   Evacuate Collection Set: 3.2ms
[462.966s][info][gc,phases      ] GC(640)   Post Evacuate Collection Set: 0.4ms
[462.966s][info][gc,phases      ] GC(640)   Other: 0.1ms
[462.966s][info][gc,heap        ] GC(640) Eden regions: 96->0(95)
[462.966s][info][gc,heap        ] GC(640) Survivor regions: 5->5(13)
[462.966s][info][gc,heap        ] GC(640) Old regions: 63->64
[462.966s][info][gc,heap        ] GC(640) Humongous regions: 3->3
[462.966s][info][gc,metaspace   ] GC(640) Metaspace: 84628K(85952K)->84628K(85952K) NonClass: 73717K(74496K)->73717K(74496K) Class: 10911K(11456K)->10911K(11456K)
[462.966s][info][gc             ] GC(640) Pause Young (Normal) (G1 Evacuation Pause) 166M->70M(182M) 4.549ms
[462.966s][info][gc,cpu         ] GC(640) User=0.11s Sys=0.00s Real=0.00s
[463.231s][info][gc,start       ] GC(641) Pause Young (Concurrent Start) (G1 Evacuation Pause)
[463.231s][info][gc,task        ] GC(641) Using 8 workers of 8 for evacuation
[463.234s][info][gc,phases      ] GC(641)   Pre Evacuate Collection Set: 0.1ms
[463.234s][info][gc,phases      ] GC(641)   Merge Heap Roots: 0.1ms
[463.234s][info][gc,phases      ] GC(641)   Evacuate Collection Set: 2.8ms
[463.234s][info][gc,phases      ] GC(641)   Post Evacuate Collection Set: 0.5ms
[463.234s][info][gc,phases      ] GC(641)   Other: 0.1ms
[463.235s][info][gc,heap        ] GC(641) Eden regions: 95->0(95)
[463.235s][info][gc,heap        ] GC(641) Survivor regions: 5->5(13)
[463.235s][info][gc,heap        ] GC(641) Old regions: 64->64
[463.235s][info][gc,heap        ] GC(641) Humongous regions: 3->3
[463.235s][info][gc,metaspace   ] GC(641) Metaspace: 84628K(85952K)->84628K(85952K) NonClass: 73717K(74496K)->73717K(74496K) Class: 10911K(11456K)->10911K(11456K)
[463.235s][info][gc             ] GC(641) Pause Young (Concurrent Start) (G1 Evacuation Pause) 165M->70M(182M) 4.168ms
[463.235s][info][gc             ] GC(642) Concurrent Mark Cycle
[463.235s][info][gc,cpu         ] GC(641) User=0.12s Sys=0.00s Real=0.00s
[463.235s][info][gc,marking     ] GC(642) Concurrent Scan Root Regions
[463.238s][info][gc,marking     ] GC(642) Concurrent Scan Root Regions 2.857ms
[463.238s][info][gc,marking     ] GC(642) Concurrent Mark
[463.238s][info][gc,marking     ] GC(642) Concurrent Mark From Roots
[463.238s][info][gc,task        ] GC(642) Using 2 workers of 2 for marking
[463.329s][info][gc,marking     ] GC(642) Concurrent Mark From Roots 91.578ms
[463.329s][info][gc,marking     ] GC(642) Concurrent Preclean
[463.330s][info][gc,marking     ] GC(642) Concurrent Preclean 0.238ms
[463.330s][info][gc,start       ] GC(642) Pause Remark
[463.335s][info][gc             ] GC(642) Pause Remark 98M->98M(182M) 4.933ms
[463.335s][info][gc,cpu         ] GC(642) User=0.00s Sys=0.00s Real=0.00s
[463.335s][info][gc,marking     ] GC(642) Concurrent Mark 97.083ms
[463.335s][info][gc,marking     ] GC(642) Concurrent Rebuild Remembered Sets and Scrub Regions
[463.363s][info][gc,marking     ] GC(642) Concurrent Rebuild Remembered Sets and Scrub Regions 28.426ms
[463.364s][info][gc,start       ] GC(642) Pause Cleanup
[463.364s][info][gc             ] GC(642) Pause Cleanup 108M->108M(182M) 0.169ms
[463.364s][info][gc,cpu         ] GC(642) User=0.00s Sys=0.00s Real=0.00s
[463.364s][info][gc,marking     ] GC(642) Concurrent Clear Claimed Marks
[463.364s][info][gc,marking     ] GC(642) Concurrent Clear Claimed Marks 0.093ms
[463.364s][info][gc,marking     ] GC(642) Concurrent Cleanup for Next Mark
[463.364s][info][gc,marking     ] GC(642) Concurrent Cleanup for Next Mark 0.295ms
[463.364s][info][gc             ] GC(642) Concurrent Mark Cycle 129.475ms
[463.521s][info][gc,start       ] GC(643) Pause Young (Prepare Mixed) (G1 Evacuation Pause)
[463.522s][info][gc,task        ] GC(643) Using 8 workers of 8 for evacuation
[463.524s][info][gc,phases      ] GC(643)   Pre Evacuate Collection Set: 0.1ms
[463.524s][info][gc,phases      ] GC(643)   Merge Heap Roots: 0.1ms
[463.524s][info][gc,phases      ] GC(643)   Evacuate Collection Set: 2.3ms
[463.524s][info][gc,phases      ] GC(643)   Post Evacuate Collection Set: 0.3ms
[463.524s][info][gc,phases      ] GC(643)   Other: 0.1ms
[463.525s][info][gc,heap        ] GC(643) Eden regions: 95->0(95)
[463.525s][info][gc,heap        ] GC(643) Survivor regions: 5->5(13)
[463.525s][info][gc,heap        ] GC(643) Old regions: 64->64
[463.525s][info][gc,heap        ] GC(643) Humongous regions: 3->3
[463.525s][info][gc,metaspace   ] GC(643) Metaspace: 84628K(85952K)->84628K(85952K) NonClass: 73717K(74496K)->73717K(74496K) Class: 10911K(11456K)->10911K(11456K)
[463.525s][info][gc             ] GC(643) Pause Young (Prepare Mixed) (G1 Evacuation Pause) 165M->71M(182M) 3.193ms
[463.525s][info][gc,cpu         ] GC(643) User=0.00s Sys=0.00s Real=0.00s
[463.746s][info][gc,start       ] GC(644) Pause Young (Mixed) (G1 Evacuation Pause)
[463.746s][info][gc,task        ] GC(644) Using 8 workers of 8 for evacuation
[463.749s][info][gc,phases      ] GC(644)   Pre Evacuate Collection Set: 0.1ms
[463.749s][info][gc,phases      ] GC(644)   Merge Heap Roots: 0.1ms
[463.749s][info][gc,phases      ] GC(644)   Evacuate Collection Set: 2.3ms
[463.749s][info][gc,phases      ] GC(644)   Post Evacuate Collection Set: 0.4ms
[463.749s][info][gc,phases      ] GC(644)   Other: 0.1ms
[463.749s][info][gc,heap        ] GC(644) Eden regions: 95->0(95)
[463.749s][info][gc,heap        ] GC(644) Survivor regions: 5->5(13)
[463.749s][info][gc,heap        ] GC(644) Old regions: 64->64
[463.749s][info][gc,heap        ] GC(644) Humongous regions: 3->3
[463.749s][info][gc,metaspace   ] GC(644) Metaspace: 84628K(85952K)->84628K(85952K) NonClass: 73717K(74496K)->73717K(74496K) Class: 10911K(11456K)->10911K(11456K)
[463.749s][info][gc             ] GC(644) Pause Young (Mixed) (G1 Evacuation Pause) 166M->71M(182M) 3.282ms
[463.749s][info][gc,cpu         ] GC(644) User=0.12s Sys=0.00s Real=0.00s
[463.981s][info][gc,start       ] GC(645) Pause Young (Concurrent Start) (G1 Evacuation Pause)
[463.981s][info][gc,task        ] GC(645) Using 8 workers of 8 for evacuation
[463.985s][info][gc,phases      ] GC(645)   Pre Evacuate Collection Set: 0.1ms
[463.985s][info][gc,phases      ] GC(645)   Merge Heap Roots: 0.1ms
[463.986s][info][gc,phases      ] GC(645)   Evacuate Collection Set: 3.9ms
[463.986s][info][gc,phases      ] GC(645)   Post Evacuate Collection Set: 0.4ms
[463.986s][info][gc,phases      ] GC(645)   Other: 0.2ms
[463.986s][info][gc,heap        ] GC(645) Eden regions: 95->0(95)
[463.986s][info][gc,heap        ] GC(645) Survivor regions: 5->5(13)
[463.986s][info][gc,heap        ] GC(645) Old regions: 64->64
[463.986s][info][gc,heap        ] GC(645) Humongous regions: 3->3
[463.986s][info][gc,metaspace   ] GC(645) Metaspace: 84628K(85952K)->84628K(85952K) NonClass: 73717K(74496K)->73717K(74496K) Class: 10911K(11456K)->10911K(11456K)
[463.986s][info][gc             ] GC(645) Pause Young (Concurrent Start) (G1 Evacuation Pause) 166M->71M(182M) 5.227ms
[463.986s][info][gc,cpu         ] GC(645) User=0.11s Sys=0.00s Real=0.00s
[463.986s][info][gc             ] GC(646) Concurrent Mark Cycle
[463.986s][info][gc,marking     ] GC(646) Concurrent Scan Root Regions
[463.990s][info][gc,marking     ] GC(646) Concurrent Scan Root Regions 3.912ms
[463.990s][info][gc,marking     ] GC(646) Concurrent Mark
[463.990s][info][gc,marking     ] GC(646) Concurrent Mark From Roots
[463.990s][info][gc,task        ] GC(646) Using 2 workers of 2 for marking
[464.090s][info][gc,marking     ] GC(646) Concurrent Mark From Roots 99.885ms
[464.090s][info][gc,marking     ] GC(646) Concurrent Preclean
[464.090s][info][gc,marking     ] GC(646) Concurrent Preclean 0.383ms
[464.090s][info][gc,start       ] GC(646) Pause Remark
[464.096s][info][gc             ] GC(646) Pause Remark 96M->96M(182M) 5.822ms
[464.096s][info][gc,cpu         ] GC(646) User=0.02s Sys=0.00s Real=0.01s
[464.097s][info][gc,marking     ] GC(646) Concurrent Mark 106.566ms
[464.097s][info][gc,marking     ] GC(646) Concurrent Rebuild Remembered Sets and Scrub Regions
[464.113s][info][gc,marking     ] GC(646) Concurrent Rebuild Remembered Sets and Scrub Regions 16.353ms
[464.113s][info][gc,start       ] GC(646) Pause Cleanup
[464.113s][info][gc             ] GC(646) Pause Cleanup 101M->101M(182M) 0.096ms
[464.113s][info][gc,cpu         ] GC(646) User=0.00s Sys=0.00s Real=0.00s
[464.113s][info][gc,marking     ] GC(646) Concurrent Clear Claimed Marks
[464.114s][info][gc,marking     ] GC(646) Concurrent Clear Claimed Marks 0.118ms
[464.114s][info][gc,marking     ] GC(646) Concurrent Cleanup for Next Mark
[464.114s][info][gc,marking     ] GC(646) Concurrent Cleanup for Next Mark 0.431ms
[464.114s][info][gc             ] GC(646) Concurrent Mark Cycle 128.201ms
[464.271s][info][gc,start       ] GC(647) Pause Young (Normal) (G1 Evacuation Pause)
[464.271s][info][gc,task        ] GC(647) Using 8 workers of 8 for evacuation
[464.275s][info][gc,phases      ] GC(647)   Pre Evacuate Collection Set: 0.1ms
[464.275s][info][gc,phases      ] GC(647)   Merge Heap Roots: 0.1ms
[464.275s][info][gc,phases      ] GC(647)   Evacuate Collection Set: 3.1ms
[464.275s][info][gc,phases      ] GC(647)   Post Evacuate Collection Set: 0.4ms
[464.276s][info][gc,phases      ] GC(647)   Other: 0.1ms
[464.276s][info][gc,heap        ] GC(647) Eden regions: 95->0(94)
[464.276s][info][gc,heap        ] GC(647) Survivor regions: 5->5(13)
[464.276s][info][gc,heap        ] GC(647) Old regions: 64->65
[464.276s][info][gc,heap        ] GC(647) Humongous regions: 3->3
[464.276s][info][gc,metaspace   ] GC(647) Metaspace: 84628K(85952K)->84628K(85952K) NonClass: 73717K(74496K)->73717K(74496K) Class: 10911K(11456K)->10911K(11456K)
[464.276s][info][gc             ] GC(647) Pause Young (Normal) (G1 Evacuation Pause) 166M->71M(182M) 4.460ms
[464.276s][info][gc,cpu         ] GC(647) User=0.00s Sys=0.00s Real=0.00s
[464.510s][info][gc,start       ] GC(648) Pause Young (Concurrent Start) (G1 Evacuation Pause)
[464.510s][info][gc,task        ] GC(648) Using 8 workers of 8 for evacuation
[464.514s][info][gc,phases      ] GC(648)   Pre Evacuate Collection Set: 0.2ms
[464.514s][info][gc,phases      ] GC(648)   Merge Heap Roots: 0.1ms
[464.514s][info][gc,phases      ] GC(648)   Evacuate Collection Set: 3.5ms
[464.514s][info][gc,phases      ] GC(648)   Post Evacuate Collection Set: 0.4ms
[464.514s][info][gc,phases      ] GC(648)   Other: 0.1ms
[464.514s][info][gc,heap        ] GC(648) Eden regions: 94->0(94)
[464.515s][info][gc,heap        ] GC(648) Survivor regions: 5->5(13)
[464.515s][info][gc,heap        ] GC(648) Old regions: 65->65
[464.515s][info][gc,heap        ] GC(648) Humongous regions: 3->3
[464.515s][info][gc,metaspace   ] GC(648) Metaspace: 84628K(85952K)->84628K(85952K) NonClass: 73717K(74496K)->73717K(74496K) Class: 10911K(11456K)->10911K(11456K)
[464.515s][info][gc             ] GC(648) Pause Young (Concurrent Start) (G1 Evacuation Pause) 165M->72M(182M) 4.819ms
[464.515s][info][gc,cpu         ] GC(648) User=0.11s Sys=0.00s Real=0.01s
[464.515s][info][gc             ] GC(649) Concurrent Mark Cycle
[464.515s][info][gc,marking     ] GC(649) Concurrent Scan Root Regions
[464.518s][info][gc,marking     ] GC(649) Concurrent Scan Root Regions 3.330ms
[464.518s][info][gc,marking     ] GC(649) Concurrent Mark
[464.518s][info][gc,marking     ] GC(649) Concurrent Mark From Roots
[464.518s][info][gc,task        ] GC(649) Using 2 workers of 2 for marking
[464.620s][info][gc,marking     ] GC(649) Concurrent Mark From Roots 101.463ms
[464.620s][info][gc,marking     ] GC(649) Concurrent Preclean
[464.620s][info][gc,marking     ] GC(649) Concurrent Preclean 0.350ms
[464.620s][info][gc,start       ] GC(649) Pause Remark
[464.625s][info][gc             ] GC(649) Pause Remark 103M->103M(182M) 4.744ms
[464.625s][info][gc,cpu         ] GC(649) User=0.05s Sys=0.00s Real=0.00s
[464.625s][info][gc,marking     ] GC(649) Concurrent Mark 106.909ms
[464.625s][info][gc,marking     ] GC(649) Concurrent Rebuild Remembered Sets and Scrub Regions
[464.656s][info][gc,marking     ] GC(649) Concurrent Rebuild Remembered Sets and Scrub Regions 31.106ms
[464.656s][info][gc,start       ] GC(649) Pause Cleanup
[464.657s][info][gc             ] GC(649) Pause Cleanup 114M->114M(182M) 0.147ms
[464.657s][info][gc,cpu         ] GC(649) User=0.00s Sys=0.00s Real=0.00s
[464.657s][info][gc,marking     ] GC(649) Concurrent Clear Claimed Marks
[464.657s][info][gc,marking     ] GC(649) Concurrent Clear Claimed Marks 0.098ms
[464.657s][info][gc,marking     ] GC(649) Concurrent Cleanup for Next Mark
[464.657s][info][gc,marking     ] GC(649) Concurrent Cleanup for Next Mark 0.301ms
[464.657s][info][gc             ] GC(649) Concurrent Mark Cycle 142.441ms
[464.777s][info][gc,start       ] GC(650) Pause Young (Normal) (G1 Evacuation Pause)
[464.777s][info][gc,task        ] GC(650) Using 8 workers of 8 for evacuation
[464.781s][info][gc,phases      ] GC(650)   Pre Evacuate Collection Set: 0.1ms
[464.781s][info][gc,phases      ] GC(650)   Merge Heap Roots: 0.1ms
[464.781s][info][gc,phases      ] GC(650)   Evacuate Collection Set: 3.1ms
[464.781s][info][gc,phases      ] GC(650)   Post Evacuate Collection Set: 0.4ms
[464.781s][info][gc,phases      ] GC(650)   Other: 0.1ms
[464.781s][info][gc,heap        ] GC(650) Eden regions: 94->0(94)
[464.781s][info][gc,heap        ] GC(650) Survivor regions: 5->5(13)
[464.781s][info][gc,heap        ] GC(650) Old regions: 65->65
[464.781s][info][gc,heap        ] GC(650) Humongous regions: 3->3
[464.781s][info][gc,metaspace   ] GC(650) Metaspace: 84628K(85952K)->84628K(85952K) NonClass: 73717K(74496K)->73717K(74496K) Class: 10911K(11456K)->10911K(11456K)
[464.781s][info][gc             ] GC(650) Pause Young (Normal) (G1 Evacuation Pause) 166M->72M(182M) 4.100ms
[464.781s][info][gc,cpu         ] GC(650) User=0.11s Sys=0.00s Real=0.00s
[465.022s][info][gc,start       ] GC(651) Pause Young (Concurrent Start) (G1 Evacuation Pause)
[465.022s][info][gc,task        ] GC(651) Using 8 workers of 8 for evacuation
[465.025s][info][gc,phases      ] GC(651)   Pre Evacuate Collection Set: 0.2ms
[465.025s][info][gc,phases      ] GC(651)   Merge Heap Roots: 0.1ms
[465.025s][info][gc,phases      ] GC(651)   Evacuate Collection Set: 2.7ms
[465.026s][info][gc,phases      ] GC(651)   Post Evacuate Collection Set: 0.5ms
[465.026s][info][gc,phases      ] GC(651)   Other: 0.1ms
[465.026s][info][gc,heap        ] GC(651) Eden regions: 94->0(94)
[465.026s][info][gc,heap        ] GC(651) Survivor regions: 5->5(13)
[465.026s][info][gc,heap        ] GC(651) Old regions: 65->65
[465.026s][info][gc,heap        ] GC(651) Humongous regions: 3->3
[465.026s][info][gc,metaspace   ] GC(651) Metaspace: 84628K(85952K)->84628K(85952K) NonClass: 73717K(74496K)->73717K(74496K) Class: 10911K(11456K)->10911K(11456K)
[465.026s][info][gc             ] GC(651) Pause Young (Concurrent Start) (G1 Evacuation Pause) 166M->72M(182M) 3.988ms
[465.026s][info][gc,cpu         ] GC(651) User=0.00s Sys=0.00s Real=0.00s
[465.026s][info][gc             ] GC(652) Concurrent Mark Cycle
[465.026s][info][gc,marking     ] GC(652) Concurrent Scan Root Regions
[465.030s][info][gc,marking     ] GC(652) Concurrent Scan Root Regions 3.696ms
[465.030s][info][gc,marking     ] GC(652) Concurrent Mark
[465.030s][info][gc,marking     ] GC(652) Concurrent Mark From Roots
[465.030s][info][gc,task        ] GC(652) Using 2 workers of 2 for marking
[465.121s][info][gc,marking     ] GC(652) Concurrent Mark From Roots 90.966ms
[465.121s][info][gc,marking     ] GC(652) Concurrent Preclean
[465.121s][info][gc,marking     ] GC(652) Concurrent Preclean 0.266ms
[465.121s][info][gc,start       ] GC(652) Pause Remark
[465.126s][info][gc             ] GC(652) Pause Remark 101M->101M(182M) 4.623ms
[465.126s][info][gc,cpu         ] GC(652) User=0.09s Sys=0.00s Real=0.00s
[465.126s][info][gc,marking     ] GC(652) Concurrent Mark 96.168ms
[465.126s][info][gc,marking     ] GC(652) Concurrent Rebuild Remembered Sets and Scrub Regions
[465.140s][info][gc,marking     ] GC(652) Concurrent Rebuild Remembered Sets and Scrub Regions 13.915ms
[465.140s][info][gc,start       ] GC(652) Pause Cleanup
[465.140s][info][gc             ] GC(652) Pause Cleanup 105M->105M(182M) 0.065ms
[465.140s][info][gc,cpu         ] GC(652) User=0.00s Sys=0.00s Real=0.00s
[465.140s][info][gc,marking     ] GC(652) Concurrent Clear Claimed Marks
[465.140s][info][gc,marking     ] GC(652) Concurrent Clear Claimed Marks 0.093ms
[465.140s][info][gc,marking     ] GC(652) Concurrent Cleanup for Next Mark
[465.141s][info][gc,marking     ] GC(652) Concurrent Cleanup for Next Mark 0.309ms
[465.141s][info][gc             ] GC(652) Concurrent Mark Cycle 114.839ms
[465.287s][info][gc,start       ] GC(653) Pause Young (Normal) (G1 Evacuation Pause)
[465.287s][info][gc,task        ] GC(653) Using 8 workers of 8 for evacuation
[465.290s][info][gc,phases      ] GC(653)   Pre Evacuate Collection Set: 0.1ms
[465.290s][info][gc,phases      ] GC(653)   Merge Heap Roots: 0.1ms
[465.291s][info][gc,phases      ] GC(653)   Evacuate Collection Set: 2.6ms
[465.291s][info][gc,phases      ] GC(653)   Post Evacuate Collection Set: 0.4ms
[465.291s][info][gc,phases      ] GC(653)   Other: 0.1ms
[465.291s][info][gc,heap        ] GC(653) Eden regions: 94->0(93)
[465.291s][info][gc,heap        ] GC(653) Survivor regions: 5->5(13)
[465.291s][info][gc,heap        ] GC(653) Old regions: 65->66
[465.291s][info][gc,heap        ] GC(653) Humongous regions: 3->3
[465.291s][info][gc,metaspace   ] GC(653) Metaspace: 84628K(85952K)->84628K(85952K) NonClass: 73717K(74496K)->73717K(74496K) Class: 10911K(11456K)->10911K(11456K)
[465.291s][info][gc             ] GC(653) Pause Young (Normal) (G1 Evacuation Pause) 166M->73M(182M) 3.656ms
[465.291s][info][gc,cpu         ] GC(653) User=0.00s Sys=0.00s Real=0.00s
[465.555s][info][gc,start       ] GC(654) Pause Young (Concurrent Start) (G1 Evacuation Pause)
[465.555s][info][gc,task        ] GC(654) Using 8 workers of 8 for evacuation
[465.559s][info][gc,phases      ] GC(654)   Pre Evacuate Collection Set: 0.2ms
[465.559s][info][gc,phases      ] GC(654)   Merge Heap Roots: 0.1ms
[465.559s][info][gc,phases      ] GC(654)   Evacuate Collection Set: 2.7ms
[465.559s][info][gc,phases      ] GC(654)   Post Evacuate Collection Set: 0.5ms
[465.559s][info][gc,phases      ] GC(654)   Other: 0.2ms
[465.559s][info][gc,heap        ] GC(654) Eden regions: 93->0(93)
[465.559s][info][gc,heap        ] GC(654) Survivor regions: 5->5(13)
[465.559s][info][gc,heap        ] GC(654) Old regions: 66->66
[465.559s][info][gc,heap        ] GC(654) Humongous regions: 3->3
[465.559s][info][gc,metaspace   ] GC(654) Metaspace: 84628K(85952K)->84628K(85952K) NonClass: 73717K(74496K)->73717K(74496K) Class: 10911K(11456K)->10911K(11456K)
[465.559s][info][gc             ] GC(654) Pause Young (Concurrent Start) (G1 Evacuation Pause) 166M->73M(182M) 4.142ms
[465.559s][info][gc,cpu         ] GC(654) User=0.00s Sys=0.00s Real=0.00s
[465.559s][info][gc             ] GC(655) Concurrent Mark Cycle
[465.559s][info][gc,marking     ] GC(655) Concurrent Scan Root Regions
[465.561s][info][gc,marking     ] GC(655) Concurrent Scan Root Regions 2.231ms
[465.562s][info][gc,marking     ] GC(655) Concurrent Mark
[465.562s][info][gc,marking     ] GC(655) Concurrent Mark From Roots
[465.562s][info][gc,task        ] GC(655) Using 2 workers of 2 for marking
[465.670s][info][gc,marking     ] GC(655) Concurrent Mark From Roots 108.253ms
[465.670s][info][gc,marking     ] GC(655) Concurrent Preclean
[465.670s][info][gc,marking     ] GC(655) Concurrent Preclean 0.255ms
[465.670s][info][gc,start       ] GC(655) Pause Remark
[465.675s][info][gc             ] GC(655) Pause Remark 103M->103M(182M) 4.862ms
[465.675s][info][gc,cpu         ] GC(655) User=0.00s Sys=0.00s Real=0.01s
[465.675s][info][gc,marking     ] GC(655) Concurrent Mark 113.719ms
[465.675s][info][gc,marking     ] GC(655) Concurrent Rebuild Remembered Sets and Scrub Regions
[465.712s][info][gc,marking     ] GC(655) Concurrent Rebuild Remembered Sets and Scrub Regions 36.233ms
[465.712s][info][gc,start       ] GC(655) Pause Cleanup
[465.712s][info][gc             ] GC(655) Pause Cleanup 113M->113M(182M) 0.173ms
[465.712s][info][gc,cpu         ] GC(655) User=0.00s Sys=0.00s Real=0.00s
[465.712s][info][gc,marking     ] GC(655) Concurrent Clear Claimed Marks
[465.712s][info][gc,marking     ] GC(655) Concurrent Clear Claimed Marks 0.087ms
[465.712s][info][gc,marking     ] GC(655) Concurrent Cleanup for Next Mark
[465.712s][info][gc,marking     ] GC(655) Concurrent Cleanup for Next Mark 0.395ms
[465.713s][info][gc             ] GC(655) Concurrent Mark Cycle 153.437ms
[465.872s][info][gc,start       ] GC(656) Pause Young (Normal) (G1 Evacuation Pause)
[465.872s][info][gc,task        ] GC(656) Using 8 workers of 8 for evacuation
[465.877s][info][gc,phases      ] GC(656)   Pre Evacuate Collection Set: 0.2ms
[465.877s][info][gc,phases      ] GC(656)   Merge Heap Roots: 0.1ms
[465.877s][info][gc,phases      ] GC(656)   Evacuate Collection Set: 3.6ms
[465.877s][info][gc,phases      ] GC(656)   Post Evacuate Collection Set: 0.5ms
[465.877s][info][gc,phases      ] GC(656)   Other: 0.1ms
[465.877s][info][gc,heap        ] GC(656) Eden regions: 93->0(92)
[465.877s][info][gc,heap        ] GC(656) Survivor regions: 5->5(13)
[465.877s][info][gc,heap        ] GC(656) Old regions: 66->67
[465.877s][info][gc,heap        ] GC(656) Humongous regions: 3->3
[465.877s][info][gc,metaspace   ] GC(656) Metaspace: 84628K(85952K)->84628K(85952K) NonClass: 73717K(74496K)->73717K(74496K) Class: 10911K(11456K)->10911K(11456K)
[465.877s][info][gc             ] GC(656) Pause Young (Normal) (G1 Evacuation Pause) 166M->73M(182M) 5.008ms
[465.877s][info][gc,cpu         ] GC(656) User=0.00s Sys=0.00s Real=0.00s
[466.157s][info][gc,start       ] GC(657) Pause Young (Concurrent Start) (G1 Evacuation Pause)
[466.157s][info][gc,task        ] GC(657) Using 8 workers of 8 for evacuation
[466.161s][info][gc,phases      ] GC(657)   Pre Evacuate Collection Set: 0.2ms
[466.161s][info][gc,phases      ] GC(657)   Merge Heap Roots: 0.1ms
[466.161s][info][gc,phases      ] GC(657)   Evacuate Collection Set: 2.9ms
[466.161s][info][gc,phases      ] GC(657)   Post Evacuate Collection Set: 0.5ms
[466.161s][info][gc,phases      ] GC(657)   Other: 0.2ms
[466.161s][info][gc,heap        ] GC(657) Eden regions: 92->0(92)
[466.161s][info][gc,heap        ] GC(657) Survivor regions: 5->5(13)
[466.161s][info][gc,heap        ] GC(657) Old regions: 67->67
[466.161s][info][gc,heap        ] GC(657) Humongous regions: 3->3
[466.162s][info][gc,metaspace   ] GC(657) Metaspace: 84628K(85952K)->84628K(85952K) NonClass: 73717K(74496K)->73717K(74496K) Class: 10911K(11456K)->10911K(11456K)
[466.162s][info][gc             ] GC(657) Pause Young (Concurrent Start) (G1 Evacuation Pause) 165M->73M(182M) 4.514ms
[466.162s][info][gc             ] GC(658) Concurrent Mark Cycle
[466.162s][info][gc,cpu         ] GC(657) User=0.00s Sys=0.00s Real=0.00s
[466.162s][info][gc,marking     ] GC(658) Concurrent Scan Root Regions
[466.166s][info][gc,marking     ] GC(658) Concurrent Scan Root Regions 4.049ms
[466.166s][info][gc,marking     ] GC(658) Concurrent Mark
[466.166s][info][gc,marking     ] GC(658) Concurrent Mark From Roots
[466.166s][info][gc,task        ] GC(658) Using 2 workers of 2 for marking
[466.293s][info][gc,marking     ] GC(658) Concurrent Mark From Roots 127.061ms
[466.293s][info][gc,marking     ] GC(658) Concurrent Preclean
[466.293s][info][gc,marking     ] GC(658) Concurrent Preclean 0.271ms
[466.293s][info][gc,start       ] GC(658) Pause Remark
[466.300s][info][gc             ] GC(658) Pause Remark 103M->103M(182M) 6.198ms
[466.300s][info][gc,cpu         ] GC(658) User=0.02s Sys=0.00s Real=0.01s
[466.300s][info][gc,marking     ] GC(658) Concurrent Mark 133.884ms
[466.300s][info][gc,marking     ] GC(658) Concurrent Rebuild Remembered Sets and Scrub Regions
[466.338s][info][gc,marking     ] GC(658) Concurrent Rebuild Remembered Sets and Scrub Regions 38.186ms
[466.338s][info][gc,start       ] GC(658) Pause Cleanup
[466.338s][info][gc             ] GC(658) Pause Cleanup 113M->113M(182M) 0.174ms
[466.338s][info][gc,cpu         ] GC(658) User=0.00s Sys=0.00s Real=0.00s
[466.339s][info][gc,marking     ] GC(658) Concurrent Clear Claimed Marks
[466.339s][info][gc,marking     ] GC(658) Concurrent Clear Claimed Marks 0.093ms
[466.339s][info][gc,marking     ] GC(658) Concurrent Cleanup for Next Mark
[466.339s][info][gc,marking     ] GC(658) Concurrent Cleanup for Next Mark 0.319ms
[466.339s][info][gc             ] GC(658) Concurrent Mark Cycle 177.382ms
[466.524s][info][gc,start       ] GC(659) Pause Young (Normal) (G1 Evacuation Pause)
[466.524s][info][gc,task        ] GC(659) Using 8 workers of 8 for evacuation
[466.529s][info][gc,phases      ] GC(659)   Pre Evacuate Collection Set: 0.3ms
[466.529s][info][gc,phases      ] GC(659)   Merge Heap Roots: 0.1ms
[466.529s][info][gc,phases      ] GC(659)   Evacuate Collection Set: 3.4ms
[466.529s][info][gc,phases      ] GC(659)   Post Evacuate Collection Set: 0.5ms
[466.529s][info][gc,phases      ] GC(659)   Other: 0.1ms
[466.529s][info][gc,heap        ] GC(659) Eden regions: 92->0(92)
[466.529s][info][gc,heap        ] GC(659) Survivor regions: 5->5(13)
[466.529s][info][gc,heap        ] GC(659) Old regions: 67->67
[466.529s][info][gc,heap        ] GC(659) Humongous regions: 3->3
[466.529s][info][gc,metaspace   ] GC(659) Metaspace: 84628K(85952K)->84628K(85952K) NonClass: 73717K(74496K)->73717K(74496K) Class: 10911K(11456K)->10911K(11456K)
[466.529s][info][gc             ] GC(659) Pause Young (Normal) (G1 Evacuation Pause) 165M->74M(182M) 4.865ms
[466.529s][info][gc,cpu         ] GC(659) User=0.12s Sys=0.00s Real=0.00s
[466.837s][info][gc,start       ] GC(660) Pause Young (Concurrent Start) (G1 Evacuation Pause)
[466.837s][info][gc,task        ] GC(660) Using 8 workers of 8 for evacuation
[466.842s][info][gc,phases      ] GC(660)   Pre Evacuate Collection Set: 0.2ms
[466.842s][info][gc,phases      ] GC(660)   Merge Heap Roots: 0.1ms
[466.842s][info][gc,phases      ] GC(660)   Evacuate Collection Set: 3.1ms
[466.842s][info][gc,phases      ] GC(660)   Post Evacuate Collection Set: 0.6ms
[466.842s][info][gc,phases      ] GC(660)   Other: 0.2ms
[466.842s][info][gc,heap        ] GC(660) Eden regions: 92->0(91)
[466.842s][info][gc,heap        ] GC(660) Survivor regions: 5->5(13)
[466.842s][info][gc,heap        ] GC(660) Old regions: 67->68
[466.842s][info][gc,heap        ] GC(660) Humongous regions: 3->3
[466.842s][info][gc,metaspace   ] GC(660) Metaspace: 84628K(85952K)->84628K(85952K) NonClass: 73717K(74496K)->73717K(74496K) Class: 10911K(11456K)->10911K(11456K)
[466.842s][info][gc             ] GC(660) Pause Young (Concurrent Start) (G1 Evacuation Pause) 166M->74M(182M) 4.558ms
[466.842s][info][gc,cpu         ] GC(660) User=0.12s Sys=0.00s Real=0.01s
[466.842s][info][gc             ] GC(661) Concurrent Mark Cycle
[466.842s][info][gc,marking     ] GC(661) Concurrent Scan Root Regions
[466.845s][info][gc,marking     ] GC(661) Concurrent Scan Root Regions 3.409ms
[466.846s][info][gc,marking     ] GC(661) Concurrent Mark
[466.846s][info][gc,marking     ] GC(661) Concurrent Mark From Roots
[466.846s][info][gc,task        ] GC(661) Using 2 workers of 2 for marking
[466.978s][info][gc,marking     ] GC(661) Concurrent Mark From Roots 132.353ms
[466.978s][info][gc,marking     ] GC(661) Concurrent Preclean
[466.978s][info][gc,marking     ] GC(661) Concurrent Preclean 0.483ms
[466.979s][info][gc,start       ] GC(661) Pause Remark
[466.985s][info][gc             ] GC(661) Pause Remark 106M->106M(182M) 6.487ms
[466.985s][info][gc,cpu         ] GC(661) User=0.05s Sys=0.02s Real=0.01s
[466.986s][info][gc,marking     ] GC(661) Concurrent Mark 140.007ms
[466.986s][info][gc,marking     ] GC(661) Concurrent Rebuild Remembered Sets and Scrub Regions
[467.030s][info][gc,marking     ] GC(661) Concurrent Rebuild Remembered Sets and Scrub Regions 44.302ms
[467.030s][info][gc,start       ] GC(661) Pause Cleanup
[467.031s][info][gc             ] GC(661) Pause Cleanup 118M->118M(182M) 0.381ms
[467.031s][info][gc,cpu         ] GC(661) User=0.00s Sys=0.00s Real=0.00s
[467.031s][info][gc,marking     ] GC(661) Concurrent Clear Claimed Marks
[467.031s][info][gc,marking     ] GC(661) Concurrent Clear Claimed Marks 0.151ms
[467.031s][info][gc,marking     ] GC(661) Concurrent Cleanup for Next Mark
[467.031s][info][gc,marking     ] GC(661) Concurrent Cleanup for Next Mark 0.391ms
[467.031s][info][gc             ] GC(661) Concurrent Mark Cycle 189.502ms
[467.213s][info][gc,start       ] GC(662) Pause Young (Normal) (G1 Evacuation Pause)
[467.214s][info][gc,task        ] GC(662) Using 8 workers of 8 for evacuation
[467.218s][info][gc,phases      ] GC(662)   Pre Evacuate Collection Set: 0.2ms
[467.218s][info][gc,phases      ] GC(662)   Merge Heap Roots: 0.1ms
[467.218s][info][gc,phases      ] GC(662)   Evacuate Collection Set: 3.5ms
[467.218s][info][gc,phases      ] GC(662)   Post Evacuate Collection Set: 0.6ms
[467.218s][info][gc,phases      ] GC(662)   Other: 0.2ms
[467.218s][info][gc,heap        ] GC(662) Eden regions: 91->0(91)
[467.218s][info][gc,heap        ] GC(662) Survivor regions: 5->5(12)
[467.218s][info][gc,heap        ] GC(662) Old regions: 68->68
[467.219s][info][gc,heap        ] GC(662) Humongous regions: 3->3
[467.219s][info][gc,metaspace   ] GC(662) Metaspace: 84628K(85952K)->84628K(85952K) NonClass: 73717K(74496K)->73717K(74496K) Class: 10911K(11456K)->10911K(11456K)
[467.219s][info][gc             ] GC(662) Pause Young (Normal) (G1 Evacuation Pause) 165M->74M(182M) 5.181ms
[467.219s][info][gc,cpu         ] GC(662) User=0.12s Sys=0.00s Real=0.01s
[467.543s][info][gc,start       ] GC(663) Pause Young (Concurrent Start) (G1 Evacuation Pause)
[467.543s][info][gc,task        ] GC(663) Using 8 workers of 8 for evacuation
[467.548s][info][gc,phases      ] GC(663)   Pre Evacuate Collection Set: 0.2ms
[467.548s][info][gc,phases      ] GC(663)   Merge Heap Roots: 0.1ms
[467.548s][info][gc,phases      ] GC(663)   Evacuate Collection Set: 3.3ms
[467.548s][info][gc,phases      ] GC(663)   Post Evacuate Collection Set: 0.8ms
[467.548s][info][gc,phases      ] GC(663)   Other: 0.3ms
[467.548s][info][gc,heap        ] GC(663) Eden regions: 91->0(91)
[467.548s][info][gc,heap        ] GC(663) Survivor regions: 5->5(12)
[467.548s][info][gc,heap        ] GC(663) Old regions: 68->68
[467.548s][info][gc,heap        ] GC(663) Humongous regions: 3->3
[467.548s][info][gc,metaspace   ] GC(663) Metaspace: 84628K(85952K)->84628K(85952K) NonClass: 73717K(74496K)->73717K(74496K) Class: 10911K(11456K)->10911K(11456K)
[467.549s][info][gc             ] GC(663) Pause Young (Concurrent Start) (G1 Evacuation Pause) 165M->75M(182M) 5.474ms
[467.549s][info][gc             ] GC(664) Concurrent Mark Cycle
[467.549s][info][gc,cpu         ] GC(663) User=0.12s Sys=0.00s Real=0.01s
[467.549s][info][gc,marking     ] GC(664) Concurrent Scan Root Regions
[467.553s][info][gc,marking     ] GC(664) Concurrent Scan Root Regions 4.062ms
[467.553s][info][gc,marking     ] GC(664) Concurrent Mark
[467.553s][info][gc,marking     ] GC(664) Concurrent Mark From Roots
[467.553s][info][gc,task        ] GC(664) Using 2 workers of 2 for marking
[467.679s][info][gc,marking     ] GC(664) Concurrent Mark From Roots 125.797ms
[467.679s][info][gc,marking     ] GC(664) Concurrent Preclean
[467.679s][info][gc,marking     ] GC(664) Concurrent Preclean 0.360ms
[467.679s][info][gc,start       ] GC(664) Pause Remark
[467.687s][info][gc             ] GC(664) Pause Remark 104M->104M(182M) 7.466ms
[467.687s][info][gc,cpu         ] GC(664) User=0.09s Sys=0.02s Real=0.01s
[467.687s][info][gc,marking     ] GC(664) Concurrent Mark 134.159ms
[467.687s][info][gc,marking     ] GC(664) Concurrent Rebuild Remembered Sets and Scrub Regions
[467.722s][info][gc,marking     ] GC(664) Concurrent Rebuild Remembered Sets and Scrub Regions 34.573ms
[467.722s][info][gc,start       ] GC(664) Pause Cleanup
[467.722s][info][gc             ] GC(664) Pause Cleanup 112M->112M(182M) 0.170ms
[467.722s][info][gc,cpu         ] GC(664) User=0.00s Sys=0.00s Real=0.00s
[467.722s][info][gc,marking     ] GC(664) Concurrent Clear Claimed Marks
[467.722s][info][gc,marking     ] GC(664) Concurrent Clear Claimed Marks 0.118ms
[467.722s][info][gc,marking     ] GC(664) Concurrent Cleanup for Next Mark
[467.723s][info][gc,marking     ] GC(664) Concurrent Cleanup for Next Mark 0.373ms
[467.723s][info][gc             ] GC(664) Concurrent Mark Cycle 174.071ms
[467.908s][info][gc,start       ] GC(665) Pause Young (Normal) (G1 Evacuation Pause)
[467.908s][info][gc,task        ] GC(665) Using 8 workers of 8 for evacuation
[467.913s][info][gc,phases      ] GC(665)   Pre Evacuate Collection Set: 0.2ms
[467.913s][info][gc,phases      ] GC(665)   Merge Heap Roots: 0.2ms
[467.913s][info][gc,phases      ] GC(665)   Evacuate Collection Set: 4.0ms
[467.913s][info][gc,phases      ] GC(665)   Post Evacuate Collection Set: 0.5ms
[467.913s][info][gc,phases      ] GC(665)   Other: 0.1ms
[467.913s][info][gc,heap        ] GC(665) Eden regions: 91->0(90)
[467.913s][info][gc,heap        ] GC(665) Survivor regions: 5->5(12)
[467.913s][info][gc,heap        ] GC(665) Old regions: 68->69
[467.913s][info][gc,heap        ] GC(665) Humongous regions: 3->3
[467.913s][info][gc,metaspace   ] GC(665) Metaspace: 84628K(85952K)->84628K(85952K) NonClass: 73717K(74496K)->73717K(74496K) Class: 10911K(11456K)->10911K(11456K)
[467.913s][info][gc             ] GC(665) Pause Young (Normal) (G1 Evacuation Pause) 166M->75M(182M) 5.606ms
[467.914s][info][gc,cpu         ] GC(665) User=0.00s Sys=0.00s Real=0.01s
[473.096s][info][gc,start       ] GC(666) Pause Young (Concurrent Start) (G1 Evacuation Pause)
[473.096s][info][gc,task        ] GC(666) Using 8 workers of 8 for evacuation
[473.100s][info][gc,phases      ] GC(666)   Pre Evacuate Collection Set: 0.2ms
[473.100s][info][gc,phases      ] GC(666)   Merge Heap Roots: 0.1ms
[473.100s][info][gc,phases      ] GC(666)   Evacuate Collection Set: 2.6ms
[473.100s][info][gc,phases      ] GC(666)   Post Evacuate Collection Set: 0.8ms
[473.100s][info][gc,phases      ] GC(666)   Other: 0.1ms
[473.100s][info][gc,heap        ] GC(666) Eden regions: 90->0(90)
[473.100s][info][gc,heap        ] GC(666) Survivor regions: 5->5(12)
[473.100s][info][gc,heap        ] GC(666) Old regions: 69->69
[473.100s][info][gc,heap        ] GC(666) Humongous regions: 3->3
[473.100s][info][gc,metaspace   ] GC(666) Metaspace: 84637K(85952K)->84637K(85952K) NonClass: 73726K(74496K)->73726K(74496K) Class: 10911K(11456K)->10911K(11456K)
[473.100s][info][gc             ] GC(666) Pause Young (Concurrent Start) (G1 Evacuation Pause) 165M->76M(182M) 4.260ms
[473.100s][info][gc,cpu         ] GC(666) User=0.00s Sys=0.00s Real=0.00s
[473.100s][info][gc             ] GC(667) Concurrent Mark Cycle
[473.100s][info][gc,marking     ] GC(667) Concurrent Scan Root Regions
[473.103s][info][gc,marking     ] GC(667) Concurrent Scan Root Regions 2.337ms
[473.103s][info][gc,marking     ] GC(667) Concurrent Mark
[473.103s][info][gc,marking     ] GC(667) Concurrent Mark From Roots
[473.103s][info][gc,task        ] GC(667) Using 2 workers of 2 for marking
[473.178s][info][gc,marking     ] GC(667) Concurrent Mark From Roots 75.684ms
[473.178s][info][gc,marking     ] GC(667) Concurrent Preclean
[473.179s][info][gc,marking     ] GC(667) Concurrent Preclean 0.255ms
[473.179s][info][gc,start       ] GC(667) Pause Remark
[473.184s][info][gc             ] GC(667) Pause Remark 107M->107M(182M) 5.067ms
[473.184s][info][gc,cpu         ] GC(667) User=0.00s Sys=0.00s Real=0.00s
[473.184s][info][gc,marking     ] GC(667) Concurrent Mark 81.357ms
[473.184s][info][gc,marking     ] GC(667) Concurrent Rebuild Remembered Sets and Scrub Regions
[473.211s][info][gc,marking     ] GC(667) Concurrent Rebuild Remembered Sets and Scrub Regions 26.473ms
[473.211s][info][gc,start       ] GC(667) Pause Cleanup
[473.211s][info][gc             ] GC(667) Pause Cleanup 117M->117M(182M) 0.124ms
[473.211s][info][gc,cpu         ] GC(667) User=0.00s Sys=0.00s Real=0.00s
[473.211s][info][gc,marking     ] GC(667) Concurrent Clear Claimed Marks
[473.211s][info][gc,marking     ] GC(667) Concurrent Clear Claimed Marks 0.072ms
[473.211s][info][gc,marking     ] GC(667) Concurrent Cleanup for Next Mark
[473.211s][info][gc,marking     ] GC(667) Concurrent Cleanup for Next Mark 0.274ms
[473.211s][info][gc             ] GC(667) Concurrent Mark Cycle 111.149ms
[473.313s][info][gc,start       ] GC(668) Pause Young (Prepare Mixed) (G1 Evacuation Pause)
[473.313s][info][gc,task        ] GC(668) Using 8 workers of 8 for evacuation
[473.317s][info][gc,phases      ] GC(668)   Pre Evacuate Collection Set: 0.1ms
[473.317s][info][gc,phases      ] GC(668)   Merge Heap Roots: 0.1ms
[473.317s][info][gc,phases      ] GC(668)   Evacuate Collection Set: 3.5ms
[473.317s][info][gc,phases      ] GC(668)   Post Evacuate Collection Set: 0.5ms
[473.317s][info][gc,phases      ] GC(668)   Other: 0.1ms
[473.317s][info][gc,heap        ] GC(668) Eden regions: 90->0(90)
[473.317s][info][gc,heap        ] GC(668) Survivor regions: 5->5(12)
[473.317s][info][gc,heap        ] GC(668) Old regions: 69->69
[473.317s][info][gc,heap        ] GC(668) Humongous regions: 3->3
[473.317s][info][gc,metaspace   ] GC(668) Metaspace: 84637K(85952K)->84637K(85952K) NonClass: 73726K(74496K)->73726K(74496K) Class: 10911K(11456K)->10911K(11456K)
[473.317s][info][gc             ] GC(668) Pause Young (Prepare Mixed) (G1 Evacuation Pause) 166M->76M(182M) 4.667ms
[473.317s][info][gc,cpu         ] GC(668) User=0.00s Sys=0.00s Real=0.00s
[473.558s][info][gc,start       ] GC(669) Pause Young (Mixed) (G1 Evacuation Pause)
[473.558s][info][gc,task        ] GC(669) Using 8 workers of 8 for evacuation
[473.562s][info][gc,phases      ] GC(669)   Pre Evacuate Collection Set: 0.1ms
[473.562s][info][gc,phases      ] GC(669)   Merge Heap Roots: 0.1ms
[473.562s][info][gc,phases      ] GC(669)   Evacuate Collection Set: 3.2ms
[473.562s][info][gc,phases      ] GC(669)   Post Evacuate Collection Set: 0.4ms
[473.562s][info][gc,phases      ] GC(669)   Other: 0.1ms
[473.562s][info][gc,heap        ] GC(669) Eden regions: 90->0(90)
[473.562s][info][gc,heap        ] GC(669) Survivor regions: 5->5(12)
[473.562s][info][gc,heap        ] GC(669) Old regions: 69->69
[473.562s][info][gc,heap        ] GC(669) Humongous regions: 3->3
[473.562s][info][gc,metaspace   ] GC(669) Metaspace: 84637K(85952K)->84637K(85952K) NonClass: 73726K(74496K)->73726K(74496K) Class: 10911K(11456K)->10911K(11456K)
[473.563s][info][gc             ] GC(669) Pause Young (Mixed) (G1 Evacuation Pause) 166M->76M(182M) 4.236ms
[473.563s][info][gc,cpu         ] GC(669) User=0.11s Sys=0.00s Real=0.00s
[473.762s][info][gc,start       ] GC(670) Pause Young (Concurrent Start) (G1 Evacuation Pause)
[473.762s][info][gc,task        ] GC(670) Using 8 workers of 8 for evacuation
[473.765s][info][gc,phases      ] GC(670)   Pre Evacuate Collection Set: 0.2ms
[473.765s][info][gc,phases      ] GC(670)   Merge Heap Roots: 0.1ms
[473.765s][info][gc,phases      ] GC(670)   Evacuate Collection Set: 2.5ms
[473.765s][info][gc,phases      ] GC(670)   Post Evacuate Collection Set: 0.4ms
[473.765s][info][gc,phases      ] GC(670)   Other: 0.2ms
[473.765s][info][gc,heap        ] GC(670) Eden regions: 90->0(90)
[473.765s][info][gc,heap        ] GC(670) Survivor regions: 5->5(12)
[473.765s][info][gc,heap        ] GC(670) Old regions: 69->69
[473.765s][info][gc,heap        ] GC(670) Humongous regions: 3->3
[473.766s][info][gc,metaspace   ] GC(670) Metaspace: 84637K(85952K)->84637K(85952K) NonClass: 73726K(74496K)->73726K(74496K) Class: 10911K(11456K)->10911K(11456K)
[473.766s][info][gc             ] GC(670) Pause Young (Concurrent Start) (G1 Evacuation Pause) 166M->76M(182M) 3.883ms
[473.766s][info][gc             ] GC(671) Concurrent Mark Cycle
[473.766s][info][gc,cpu         ] GC(670) User=0.12s Sys=0.00s Real=0.00s
[473.766s][info][gc,marking     ] GC(671) Concurrent Scan Root Regions
[473.768s][info][gc,marking     ] GC(671) Concurrent Scan Root Regions 2.420ms
[473.768s][info][gc,marking     ] GC(671) Concurrent Mark
[473.768s][info][gc,marking     ] GC(671) Concurrent Mark From Roots
[473.768s][info][gc,task        ] GC(671) Using 2 workers of 2 for marking
[473.881s][info][gc,marking     ] GC(671) Concurrent Mark From Roots 113.066ms
[473.881s][info][gc,marking     ] GC(671) Concurrent Preclean
[473.882s][info][gc,marking     ] GC(671) Concurrent Preclean 0.398ms
[473.882s][info][gc,start       ] GC(671) Pause Remark
[473.887s][info][gc             ] GC(671) Pause Remark 109M->109M(184M) 5.085ms
[473.887s][info][gc,cpu         ] GC(671) User=0.00s Sys=0.00s Real=0.01s
[473.887s][info][gc,marking     ] GC(671) Concurrent Mark 118.958ms
[473.887s][info][gc,marking     ] GC(671) Concurrent Rebuild Remembered Sets and Scrub Regions
[473.918s][info][gc,marking     ] GC(671) Concurrent Rebuild Remembered Sets and Scrub Regions 31.274ms
[473.919s][info][gc,start       ] GC(671) Pause Cleanup
[473.919s][info][gc             ] GC(671) Pause Cleanup 121M->121M(184M) 0.139ms
[473.919s][info][gc,cpu         ] GC(671) User=0.00s Sys=0.00s Real=0.00s
[473.919s][info][gc,marking     ] GC(671) Concurrent Clear Claimed Marks
[473.919s][info][gc,marking     ] GC(671) Concurrent Clear Claimed Marks 0.102ms
[473.919s][info][gc,marking     ] GC(671) Concurrent Cleanup for Next Mark
[473.919s][info][gc,marking     ] GC(671) Concurrent Cleanup for Next Mark 0.339ms
[473.919s][info][gc             ] GC(671) Concurrent Mark Cycle 153.698ms
[474.029s][info][gc,start       ] GC(672) Pause Young (Prepare Mixed) (G1 Evacuation Pause)
[474.029s][info][gc,task        ] GC(672) Using 8 workers of 8 for evacuation
[474.034s][info][gc,phases      ] GC(672)   Pre Evacuate Collection Set: 0.1ms
[474.034s][info][gc,phases      ] GC(672)   Merge Heap Roots: 0.1ms
[474.034s][info][gc,phases      ] GC(672)   Evacuate Collection Set: 3.1ms
[474.034s][info][gc,phases      ] GC(672)   Post Evacuate Collection Set: 0.7ms
[474.034s][info][gc,phases      ] GC(672)   Other: 0.1ms
[474.034s][info][gc,heap        ] GC(672) Eden regions: 90->0(91)
[474.034s][info][gc,heap        ] GC(672) Survivor regions: 5->5(12)
[474.034s][info][gc,heap        ] GC(672) Old regions: 69->70
[474.034s][info][gc,heap        ] GC(672) Humongous regions: 3->3
[474.034s][info][gc,metaspace   ] GC(672) Metaspace: 84637K(85952K)->84637K(85952K) NonClass: 73726K(74496K)->73726K(74496K) Class: 10911K(11456K)->10911K(11456K)
[474.034s][info][gc             ] GC(672) Pause Young (Prepare Mixed) (G1 Evacuation Pause) 166M->77M(184M) 4.540ms
[474.034s][info][gc,cpu         ] GC(672) User=0.00s Sys=0.00s Real=0.01s
[474.252s][info][gc,start       ] GC(673) Pause Young (Mixed) (G1 Evacuation Pause)
[474.252s][info][gc,task        ] GC(673) Using 8 workers of 8 for evacuation
[474.256s][info][gc,phases      ] GC(673)   Pre Evacuate Collection Set: 0.1ms
[474.256s][info][gc,phases      ] GC(673)   Merge Heap Roots: 0.0ms
[474.256s][info][gc,phases      ] GC(673)   Evacuate Collection Set: 2.9ms
[474.256s][info][gc,phases      ] GC(673)   Post Evacuate Collection Set: 0.4ms
[474.256s][info][gc,phases      ] GC(673)   Other: 0.1ms
[474.256s][info][gc,heap        ] GC(673) Eden regions: 91->0(91)
[474.256s][info][gc,heap        ] GC(673) Survivor regions: 5->5(12)
[474.256s][info][gc,heap        ] GC(673) Old regions: 70->70
[474.256s][info][gc,heap        ] GC(673) Humongous regions: 3->3
[474.256s][info][gc,metaspace   ] GC(673) Metaspace: 84637K(85952K)->84637K(85952K) NonClass: 73726K(74496K)->73726K(74496K) Class: 10911K(11456K)->10911K(11456K)
[474.256s][info][gc             ] GC(673) Pause Young (Mixed) (G1 Evacuation Pause) 168M->77M(184M) 4.147ms
[474.256s][info][gc,cpu         ] GC(673) User=0.00s Sys=0.00s Real=0.00s
[474.458s][info][gc,start       ] GC(674) Pause Young (Concurrent Start) (G1 Evacuation Pause)
[474.458s][info][gc,task        ] GC(674) Using 8 workers of 8 for evacuation
[474.462s][info][gc,phases      ] GC(674)   Pre Evacuate Collection Set: 0.3ms
[474.462s][info][gc,phases      ] GC(674)   Merge Heap Roots: 0.1ms
[474.462s][info][gc,phases      ] GC(674)   Evacuate Collection Set: 3.2ms
[474.462s][info][gc,phases      ] GC(674)   Post Evacuate Collection Set: 0.5ms
[474.462s][info][gc,phases      ] GC(674)   Other: 0.2ms
[474.462s][info][gc,heap        ] GC(674) Eden regions: 91->0(91)
[474.462s][info][gc,heap        ] GC(674) Survivor regions: 5->5(12)
[474.462s][info][gc,heap        ] GC(674) Old regions: 70->70
[474.462s][info][gc,heap        ] GC(674) Humongous regions: 3->3
[474.462s][info][gc,metaspace   ] GC(674) Metaspace: 84637K(85952K)->84637K(85952K) NonClass: 73726K(74496K)->73726K(74496K) Class: 10911K(11456K)->10911K(11456K)
[474.463s][info][gc             ] GC(674) Pause Young (Concurrent Start) (G1 Evacuation Pause) 168M->77M(184M) 4.894ms
[474.463s][info][gc,cpu         ] GC(674) User=0.00s Sys=0.00s Real=0.00s
[474.463s][info][gc             ] GC(675) Concurrent Mark Cycle
[474.463s][info][gc,marking     ] GC(675) Concurrent Scan Root Regions
[474.466s][info][gc,marking     ] GC(675) Concurrent Scan Root Regions 3.123ms
[474.466s][info][gc,marking     ] GC(675) Concurrent Mark
[474.466s][info][gc,marking     ] GC(675) Concurrent Mark From Roots
[474.466s][info][gc,task        ] GC(675) Using 2 workers of 2 for marking
[474.582s][info][gc,marking     ] GC(675) Concurrent Mark From Roots 115.899ms
[474.582s][info][gc,marking     ] GC(675) Concurrent Preclean
[474.582s][info][gc,marking     ] GC(675) Concurrent Preclean 0.376ms
[474.583s][info][gc,start       ] GC(675) Pause Remark
[474.588s][info][gc             ] GC(675) Pause Remark 107M->107M(184M) 5.974ms
[474.589s][info][gc,cpu         ] GC(675) User=0.00s Sys=0.00s Real=0.01s
[474.589s][info][gc,marking     ] GC(675) Concurrent Mark 122.765ms
[474.589s][info][gc,marking     ] GC(675) Concurrent Rebuild Remembered Sets and Scrub Regions
[474.616s][info][gc,marking     ] GC(675) Concurrent Rebuild Remembered Sets and Scrub Regions 27.180ms
[474.616s][info][gc,start       ] GC(675) Pause Cleanup
[474.616s][info][gc             ] GC(675) Pause Cleanup 117M->117M(184M) 0.180ms
[474.616s][info][gc,cpu         ] GC(675) User=0.00s Sys=0.00s Real=0.00s
[474.616s][info][gc,marking     ] GC(675) Concurrent Clear Claimed Marks
[474.617s][info][gc,marking     ] GC(675) Concurrent Clear Claimed Marks 0.142ms
[474.617s][info][gc,marking     ] GC(675) Concurrent Cleanup for Next Mark
[474.617s][info][gc,marking     ] GC(675) Concurrent Cleanup for Next Mark 0.331ms
[474.617s][info][gc             ] GC(675) Concurrent Mark Cycle 154.401ms
[474.657s][info][gc,start       ] GC(676) Pause Young (Concurrent Start) (G1 Humongous Allocation)
[474.657s][info][gc,task        ] GC(676) Using 8 workers of 8 for evacuation
[474.661s][info][gc,phases      ] GC(676)   Pre Evacuate Collection Set: 0.1ms
[474.661s][info][gc,phases      ] GC(676)   Merge Heap Roots: 0.1ms
[474.661s][info][gc,phases      ] GC(676)   Evacuate Collection Set: 2.7ms
[474.661s][info][gc,phases      ] GC(676)   Post Evacuate Collection Set: 0.3ms
[474.661s][info][gc,phases      ] GC(676)   Other: 0.1ms
[474.661s][info][gc,heap        ] GC(676) Eden regions: 60->0(90)
[474.661s][info][gc,heap        ] GC(676) Survivor regions: 5->5(12)
[474.661s][info][gc,heap        ] GC(676) Old regions: 70->71
[474.661s][info][gc,heap        ] GC(676) Humongous regions: 3->3
[474.661s][info][gc,metaspace   ] GC(676) Metaspace: 84637K(85952K)->84637K(85952K) NonClass: 73726K(74496K)->73726K(74496K) Class: 10911K(11456K)->10911K(11456K)
[474.661s][info][gc             ] GC(676) Pause Young (Concurrent Start) (G1 Humongous Allocation) 137M->77M(184M) 3.699ms
[474.661s][info][gc,cpu         ] GC(676) User=0.00s Sys=0.00s Real=0.00s
[474.661s][info][gc             ] GC(677) Concurrent Mark Cycle
[474.661s][info][gc,marking     ] GC(677) Concurrent Scan Root Regions
[474.664s][info][gc,marking     ] GC(677) Concurrent Scan Root Regions 3.271ms
[474.664s][info][gc,marking     ] GC(677) Concurrent Mark
[474.664s][info][gc,marking     ] GC(677) Concurrent Mark From Roots
[474.664s][info][gc,task        ] GC(677) Using 2 workers of 2 for marking
[474.770s][info][gc,marking     ] GC(677) Concurrent Mark From Roots 105.564ms
[474.770s][info][gc,marking     ] GC(677) Concurrent Preclean
[474.770s][info][gc,marking     ] GC(677) Concurrent Preclean 0.224ms
[474.770s][info][gc,start       ] GC(677) Pause Remark
[474.776s][info][gc             ] GC(677) Pause Remark 113M->113M(192M) 5.505ms
[474.776s][info][gc,cpu         ] GC(677) User=0.00s Sys=0.00s Real=0.01s
[474.776s][info][gc,marking     ] GC(677) Concurrent Mark 111.616ms
[474.776s][info][gc,marking     ] GC(677) Concurrent Rebuild Remembered Sets and Scrub Regions
[474.814s][info][gc,marking     ] GC(677) Concurrent Rebuild Remembered Sets and Scrub Regions 37.601ms
[474.814s][info][gc,start       ] GC(677) Pause Cleanup
[474.814s][info][gc             ] GC(677) Pause Cleanup 121M->121M(192M) 0.184ms
[474.814s][info][gc,cpu         ] GC(677) User=0.00s Sys=0.00s Real=0.00s
[474.814s][info][gc,marking     ] GC(677) Concurrent Clear Claimed Marks
[474.814s][info][gc,marking     ] GC(677) Concurrent Clear Claimed Marks 0.103ms
[474.814s][info][gc,marking     ] GC(677) Concurrent Cleanup for Next Mark
[474.815s][info][gc,marking     ] GC(677) Concurrent Cleanup for Next Mark 0.410ms
[474.815s][info][gc             ] GC(677) Concurrent Mark Cycle 153.700ms
[474.922s][info][gc,start       ] GC(678) Pause Young (Prepare Mixed) (G1 Evacuation Pause)
[474.922s][info][gc,task        ] GC(678) Using 8 workers of 8 for evacuation
[474.926s][info][gc,phases      ] GC(678)   Pre Evacuate Collection Set: 0.3ms
[474.926s][info][gc,phases      ] GC(678)   Merge Heap Roots: 0.1ms
[474.926s][info][gc,phases      ] GC(678)   Evacuate Collection Set: 3.1ms
[474.926s][info][gc,phases      ] GC(678)   Post Evacuate Collection Set: 0.4ms
[474.926s][info][gc,phases      ] GC(678)   Other: 0.1ms
[474.926s][info][gc,heap        ] GC(678) Eden regions: 89->0(96)
[474.926s][info][gc,heap        ] GC(678) Survivor regions: 5->5(12)
[474.926s][info][gc,heap        ] GC(678) Old regions: 71->71
[474.926s][info][gc,heap        ] GC(678) Humongous regions: 4->4
[474.926s][info][gc,metaspace   ] GC(678) Metaspace: 84637K(85952K)->84637K(85952K) NonClass: 73726K(74496K)->73726K(74496K) Class: 10911K(11456K)->10911K(11456K)
[474.926s][info][gc             ] GC(678) Pause Young (Prepare Mixed) (G1 Evacuation Pause) 167M->79M(192M) 4.466ms
[474.926s][info][gc,cpu         ] GC(678) User=0.00s Sys=0.00s Real=0.00s
[475.143s][info][gc,start       ] GC(679) Pause Young (Mixed) (G1 Evacuation Pause)
[475.143s][info][gc,task        ] GC(679) Using 8 workers of 8 for evacuation
[475.147s][info][gc,phases      ] GC(679)   Pre Evacuate Collection Set: 0.2ms
[475.147s][info][gc,phases      ] GC(679)   Merge Heap Roots: 0.1ms
[475.147s][info][gc,phases      ] GC(679)   Evacuate Collection Set: 3.2ms
[475.147s][info][gc,phases      ] GC(679)   Post Evacuate Collection Set: 0.5ms
[475.147s][info][gc,phases      ] GC(679)   Other: 0.1ms
[475.147s][info][gc,heap        ] GC(679) Eden regions: 96->0(96)
[475.147s][info][gc,heap        ] GC(679) Survivor regions: 5->5(13)
[475.147s][info][gc,heap        ] GC(679) Old regions: 71->71
[475.147s][info][gc,heap        ] GC(679) Humongous regions: 4->4
[475.147s][info][gc,metaspace   ] GC(679) Metaspace: 84637K(85952K)->84637K(85952K) NonClass: 73726K(74496K)->73726K(74496K) Class: 10911K(11456K)->10911K(11456K)
[475.148s][info][gc             ] GC(679) Pause Young (Mixed) (G1 Evacuation Pause) 175M->79M(192M) 4.562ms
[475.148s][info][gc,cpu         ] GC(679) User=0.00s Sys=0.00s Real=0.00s
[475.366s][info][gc,start       ] GC(680) Pause Young (Concurrent Start) (G1 Evacuation Pause)
[475.366s][info][gc,task        ] GC(680) Using 8 workers of 8 for evacuation
[475.371s][info][gc,phases      ] GC(680)   Pre Evacuate Collection Set: 0.3ms
[475.371s][info][gc,phases      ] GC(680)   Merge Heap Roots: 0.1ms
[475.371s][info][gc,phases      ] GC(680)   Evacuate Collection Set: 3.9ms
[475.371s][info][gc,phases      ] GC(680)   Post Evacuate Collection Set: 0.5ms
[475.371s][info][gc,phases      ] GC(680)   Other: 0.2ms
[475.371s][info][gc,heap        ] GC(680) Eden regions: 96->0(96)
[475.371s][info][gc,heap        ] GC(680) Survivor regions: 5->5(13)
[475.371s][info][gc,heap        ] GC(680) Old regions: 71->71
[475.371s][info][gc,heap        ] GC(680) Humongous regions: 4->4
[475.371s][info][gc,metaspace   ] GC(680) Metaspace: 84637K(85952K)->84637K(85952K) NonClass: 73726K(74496K)->73726K(74496K) Class: 10911K(11456K)->10911K(11456K)
[475.371s][info][gc             ] GC(680) Pause Young (Concurrent Start) (G1 Evacuation Pause) 175M->79M(192M) 5.506ms
[475.371s][info][gc             ] GC(681) Concurrent Mark Cycle
[475.371s][info][gc,cpu         ] GC(680) User=0.00s Sys=0.00s Real=0.01s
[475.371s][info][gc,marking     ] GC(681) Concurrent Scan Root Regions
[475.376s][info][gc,marking     ] GC(681) Concurrent Scan Root Regions 4.535ms
[475.376s][info][gc,marking     ] GC(681) Concurrent Mark
[475.376s][info][gc,marking     ] GC(681) Concurrent Mark From Roots
[475.376s][info][gc,task        ] GC(681) Using 2 workers of 2 for marking
[475.513s][info][gc,marking     ] GC(681) Concurrent Mark From Roots 136.846ms
[475.513s][info][gc,marking     ] GC(681) Concurrent Preclean
[475.513s][info][gc,marking     ] GC(681) Concurrent Preclean 0.366ms
[475.513s][info][gc,start       ] GC(681) Pause Remark
[475.519s][info][gc             ] GC(681) Pause Remark 108M->107M(192M) 5.609ms
[475.519s][info][gc,cpu         ] GC(681) User=0.00s Sys=0.00s Real=0.01s
[475.519s][info][gc,marking     ] GC(681) Concurrent Mark 143.206ms
[475.519s][info][gc,marking     ] GC(681) Concurrent Rebuild Remembered Sets and Scrub Regions
[475.554s][info][gc,marking     ] GC(681) Concurrent Rebuild Remembered Sets and Scrub Regions 34.641ms
[475.554s][info][gc,start       ] GC(681) Pause Cleanup
[475.554s][info][gc             ] GC(681) Pause Cleanup 118M->118M(192M) 0.174ms
[475.554s][info][gc,cpu         ] GC(681) User=0.00s Sys=0.00s Real=0.00s
[475.554s][info][gc,marking     ] GC(681) Concurrent Clear Claimed Marks
[475.554s][info][gc,marking     ] GC(681) Concurrent Clear Claimed Marks 0.098ms
[475.555s][info][gc,marking     ] GC(681) Concurrent Cleanup for Next Mark
[475.555s][info][gc,marking     ] GC(681) Concurrent Cleanup for Next Mark 0.505ms
[475.555s][info][gc             ] GC(681) Concurrent Mark Cycle 183.769ms
[475.708s][info][gc,start       ] GC(682) Pause Young (Normal) (G1 Evacuation Pause)
[475.708s][info][gc,task        ] GC(682) Using 8 workers of 8 for evacuation
[475.711s][info][gc,phases      ] GC(682)   Pre Evacuate Collection Set: 0.1ms
[475.711s][info][gc,phases      ] GC(682)   Merge Heap Roots: 0.1ms
[475.711s][info][gc,phases      ] GC(682)   Evacuate Collection Set: 2.6ms
[475.711s][info][gc,phases      ] GC(682)   Post Evacuate Collection Set: 0.4ms
[475.711s][info][gc,phases      ] GC(682)   Other: 0.1ms
[475.711s][info][gc,heap        ] GC(682) Eden regions: 96->0(96)
[475.711s][info][gc,heap        ] GC(682) Survivor regions: 5->5(13)
[475.712s][info][gc,heap        ] GC(682) Old regions: 71->72
[475.712s][info][gc,heap        ] GC(682) Humongous regions: 3->3
[475.712s][info][gc,metaspace   ] GC(682) Metaspace: 84637K(85952K)->84637K(85952K) NonClass: 73726K(74496K)->73726K(74496K) Class: 10911K(11456K)->10911K(11456K)
[475.712s][info][gc             ] GC(682) Pause Young (Normal) (G1 Evacuation Pause) 174M->78M(192M) 3.606ms
[475.712s][info][gc,cpu         ] GC(682) User=0.00s Sys=0.00s Real=0.00s
[475.936s][info][gc,start       ] GC(683) Pause Young (Concurrent Start) (G1 Evacuation Pause)
[475.936s][info][gc,task        ] GC(683) Using 8 workers of 8 for evacuation
[475.940s][info][gc,phases      ] GC(683)   Pre Evacuate Collection Set: 0.2ms
[475.940s][info][gc,phases      ] GC(683)   Merge Heap Roots: 0.1ms
[475.940s][info][gc,phases      ] GC(683)   Evacuate Collection Set: 2.6ms
[475.940s][info][gc,phases      ] GC(683)   Post Evacuate Collection Set: 0.4ms
[475.940s][info][gc,phases      ] GC(683)   Other: 0.2ms
[475.940s][info][gc,heap        ] GC(683) Eden regions: 96->0(96)
[475.940s][info][gc,heap        ] GC(683) Survivor regions: 5->5(13)
[475.940s][info][gc,heap        ] GC(683) Old regions: 72->72
[475.940s][info][gc,heap        ] GC(683) Humongous regions: 3->3
[475.940s][info][gc,metaspace   ] GC(683) Metaspace: 84637K(85952K)->84637K(85952K) NonClass: 73726K(74496K)->73726K(74496K) Class: 10911K(11456K)->10911K(11456K)
[475.940s][info][gc             ] GC(683) Pause Young (Concurrent Start) (G1 Evacuation Pause) 174M->79M(192M) 3.845ms
[475.940s][info][gc,cpu         ] GC(683) User=0.00s Sys=0.00s Real=0.00s
[475.940s][info][gc             ] GC(684) Concurrent Mark Cycle
[475.940s][info][gc,marking     ] GC(684) Concurrent Scan Root Regions
[475.943s][info][gc,marking     ] GC(684) Concurrent Scan Root Regions 2.776ms
[475.943s][info][gc,marking     ] GC(684) Concurrent Mark
[475.943s][info][gc,marking     ] GC(684) Concurrent Mark From Roots
[475.943s][info][gc,task        ] GC(684) Using 2 workers of 2 for marking
[476.070s][info][gc,marking     ] GC(684) Concurrent Mark From Roots 127.321ms
[476.070s][info][gc,marking     ] GC(684) Concurrent Preclean
[476.071s][info][gc,marking     ] GC(684) Concurrent Preclean 0.323ms
[476.071s][info][gc,start       ] GC(684) Pause Remark
[476.076s][info][gc             ] GC(684) Pause Remark 112M->112M(192M) 5.572ms
[476.076s][info][gc,cpu         ] GC(684) User=0.08s Sys=0.00s Real=0.01s
[476.076s][info][gc,marking     ] GC(684) Concurrent Mark 133.562ms
[476.076s][info][gc,marking     ] GC(684) Concurrent Rebuild Remembered Sets and Scrub Regions
[476.113s][info][gc,marking     ] GC(684) Concurrent Rebuild Remembered Sets and Scrub Regions 37.001ms
[476.114s][info][gc,start       ] GC(684) Pause Cleanup
[476.114s][info][gc             ] GC(684) Pause Cleanup 122M->122M(192M) 0.133ms
[476.114s][info][gc,cpu         ] GC(684) User=0.00s Sys=0.00s Real=0.00s
[476.114s][info][gc,marking     ] GC(684) Concurrent Clear Claimed Marks
[476.114s][info][gc,marking     ] GC(684) Concurrent Clear Claimed Marks 0.112ms
[476.114s][info][gc,marking     ] GC(684) Concurrent Cleanup for Next Mark
[476.114s][info][gc,marking     ] GC(684) Concurrent Cleanup for Next Mark 0.368ms
[476.114s][info][gc             ] GC(684) Concurrent Mark Cycle 174.463ms
[476.241s][info][gc,start       ] GC(685) Pause Young (Normal) (G1 Evacuation Pause)
[476.241s][info][gc,task        ] GC(685) Using 8 workers of 8 for evacuation
[476.245s][info][gc,phases      ] GC(685)   Pre Evacuate Collection Set: 0.1ms
[476.245s][info][gc,phases      ] GC(685)   Merge Heap Roots: 0.1ms
[476.245s][info][gc,phases      ] GC(685)   Evacuate Collection Set: 3.2ms
[476.245s][info][gc,phases      ] GC(685)   Post Evacuate Collection Set: 0.4ms
[476.245s][info][gc,phases      ] GC(685)   Other: 0.1ms
[476.245s][info][gc,heap        ] GC(685) Eden regions: 96->0(96)
[476.245s][info][gc,heap        ] GC(685) Survivor regions: 5->5(13)
[476.245s][info][gc,heap        ] GC(685) Old regions: 72->72
[476.245s][info][gc,heap        ] GC(685) Humongous regions: 3->3
[476.245s][info][gc,metaspace   ] GC(685) Metaspace: 84637K(85952K)->84637K(85952K) NonClass: 73726K(74496K)->73726K(74496K) Class: 10911K(11456K)->10911K(11456K)
[476.245s][info][gc             ] GC(685) Pause Young (Normal) (G1 Evacuation Pause) 175M->79M(192M) 4.356ms
[476.245s][info][gc,cpu         ] GC(685) User=0.00s Sys=0.00s Real=0.00s
[476.458s][info][gc,start       ] GC(686) Pause Young (Concurrent Start) (G1 Evacuation Pause)
[476.458s][info][gc,task        ] GC(686) Using 8 workers of 8 for evacuation
[476.462s][info][gc,phases      ] GC(686)   Pre Evacuate Collection Set: 0.1ms
[476.462s][info][gc,phases      ] GC(686)   Merge Heap Roots: 0.1ms
[476.462s][info][gc,phases      ] GC(686)   Evacuate Collection Set: 2.5ms
[476.462s][info][gc,phases      ] GC(686)   Post Evacuate Collection Set: 0.5ms
[476.462s][info][gc,phases      ] GC(686)   Other: 0.1ms
[476.462s][info][gc,heap        ] GC(686) Eden regions: 96->0(96)
[476.462s][info][gc,heap        ] GC(686) Survivor regions: 5->5(13)
[476.462s][info][gc,heap        ] GC(686) Old regions: 72->72
[476.462s][info][gc,heap        ] GC(686) Humongous regions: 3->3
[476.462s][info][gc,metaspace   ] GC(686) Metaspace: 84637K(85952K)->84637K(85952K) NonClass: 73726K(74496K)->73726K(74496K) Class: 10911K(11456K)->10911K(11456K)
[476.462s][info][gc             ] GC(686) Pause Young (Concurrent Start) (G1 Evacuation Pause) 175M->79M(192M) 3.662ms
[476.462s][info][gc,cpu         ] GC(686) User=0.00s Sys=0.00s Real=0.00s
[476.462s][info][gc             ] GC(687) Concurrent Mark Cycle
[476.462s][info][gc,marking     ] GC(687) Concurrent Scan Root Regions
[476.465s][info][gc,marking     ] GC(687) Concurrent Scan Root Regions 3.190ms
[476.465s][info][gc,marking     ] GC(687) Concurrent Mark
[476.465s][info][gc,marking     ] GC(687) Concurrent Mark From Roots
[476.465s][info][gc,task        ] GC(687) Using 2 workers of 2 for marking
[476.587s][info][gc,marking     ] GC(687) Concurrent Mark From Roots 121.312ms
[476.587s][info][gc,marking     ] GC(687) Concurrent Preclean
[476.587s][info][gc,marking     ] GC(687) Concurrent Preclean 0.291ms
[476.587s][info][gc,start       ] GC(687) Pause Remark
[476.593s][info][gc             ] GC(687) Pause Remark 109M->109M(192M) 6.126ms
[476.593s][info][gc,cpu         ] GC(687) User=0.06s Sys=0.00s Real=0.01s
[476.593s][info][gc,marking     ] GC(687) Concurrent Mark 128.120ms
[476.593s][info][gc,marking     ] GC(687) Concurrent Rebuild Remembered Sets and Scrub Regions
[476.611s][info][gc,marking     ] GC(687) Concurrent Rebuild Remembered Sets and Scrub Regions 17.417ms
[476.611s][info][gc,start       ] GC(687) Pause Cleanup
[476.611s][info][gc             ] GC(687) Pause Cleanup 116M->116M(192M) 0.073ms
[476.611s][info][gc,cpu         ] GC(687) User=0.00s Sys=0.00s Real=0.00s
[476.611s][info][gc,marking     ] GC(687) Concurrent Clear Claimed Marks
[476.611s][info][gc,marking     ] GC(687) Concurrent Clear Claimed Marks 0.106ms
[476.611s][info][gc,marking     ] GC(687) Concurrent Cleanup for Next Mark
[476.612s][info][gc,marking     ] GC(687) Concurrent Cleanup for Next Mark 0.428ms
[476.612s][info][gc             ] GC(687) Concurrent Mark Cycle 149.915ms
[476.751s][info][gc,start       ] GC(688) Pause Young (Normal) (G1 Evacuation Pause)
[476.751s][info][gc,task        ] GC(688) Using 8 workers of 8 for evacuation
[476.755s][info][gc,phases      ] GC(688)   Pre Evacuate Collection Set: 0.1ms
[476.755s][info][gc,phases      ] GC(688)   Merge Heap Roots: 0.1ms
[476.755s][info][gc,phases      ] GC(688)   Evacuate Collection Set: 2.7ms
[476.755s][info][gc,phases      ] GC(688)   Post Evacuate Collection Set: 0.4ms
[476.755s][info][gc,phases      ] GC(688)   Other: 0.1ms
[476.755s][info][gc,heap        ] GC(688) Eden regions: 96->0(95)
[476.755s][info][gc,heap        ] GC(688) Survivor regions: 5->5(13)
[476.755s][info][gc,heap        ] GC(688) Old regions: 72->73
[476.755s][info][gc,heap        ] GC(688) Humongous regions: 3->3
[476.755s][info][gc,metaspace   ] GC(688) Metaspace: 84637K(85952K)->84637K(85952K) NonClass: 73726K(74496K)->73726K(74496K) Class: 10911K(11456K)->10911K(11456K)
[476.755s][info][gc             ] GC(688) Pause Young (Normal) (G1 Evacuation Pause) 175M->79M(192M) 3.922ms
[476.755s][info][gc,cpu         ] GC(688) User=0.00s Sys=0.00s Real=0.00s
[476.980s][info][gc,start       ] GC(689) Pause Young (Concurrent Start) (G1 Evacuation Pause)
[476.980s][info][gc,task        ] GC(689) Using 8 workers of 8 for evacuation
[476.985s][info][gc,phases      ] GC(689)   Pre Evacuate Collection Set: 0.2ms
[476.985s][info][gc,phases      ] GC(689)   Merge Heap Roots: 0.1ms
[476.985s][info][gc,phases      ] GC(689)   Evacuate Collection Set: 3.5ms
[476.985s][info][gc,phases      ] GC(689)   Post Evacuate Collection Set: 0.6ms
[476.985s][info][gc,phases      ] GC(689)   Other: 0.2ms
[476.985s][info][gc,heap        ] GC(689) Eden regions: 95->0(95)
[476.985s][info][gc,heap        ] GC(689) Survivor regions: 5->5(13)
[476.985s][info][gc,heap        ] GC(689) Old regions: 73->73
[476.985s][info][gc,heap        ] GC(689) Humongous regions: 3->3
[476.985s][info][gc,metaspace   ] GC(689) Metaspace: 84637K(85952K)->84637K(85952K) NonClass: 73726K(74496K)->73726K(74496K) Class: 10911K(11456K)->10911K(11456K)
[476.985s][info][gc             ] GC(689) Pause Young (Concurrent Start) (G1 Evacuation Pause) 174M->80M(192M) 5.000ms
[476.985s][info][gc             ] GC(690) Concurrent Mark Cycle
[476.985s][info][gc,cpu         ] GC(689) User=0.09s Sys=0.00s Real=0.01s
[476.985s][info][gc,marking     ] GC(690) Concurrent Scan Root Regions
[476.988s][info][gc,marking     ] GC(690) Concurrent Scan Root Regions 2.969ms
[476.988s][info][gc,marking     ] GC(690) Concurrent Mark
[476.989s][info][gc,marking     ] GC(690) Concurrent Mark From Roots
[476.989s][info][gc,task        ] GC(690) Using 2 workers of 2 for marking
[477.090s][info][gc,marking     ] GC(690) Concurrent Mark From Roots 101.623ms
[477.090s][info][gc,marking     ] GC(690) Concurrent Preclean
[477.091s][info][gc,marking     ] GC(690) Concurrent Preclean 0.376ms
[477.091s][info][gc,start       ] GC(690) Pause Remark
[477.096s][info][gc             ] GC(690) Pause Remark 110M->110M(192M) 5.212ms
[477.096s][info][gc,cpu         ] GC(690) User=0.00s Sys=0.00s Real=0.01s
[477.096s][info][gc,marking     ] GC(690) Concurrent Mark 107.610ms
[477.096s][info][gc,marking     ] GC(690) Concurrent Rebuild Remembered Sets and Scrub Regions
[477.115s][info][gc,marking     ] GC(690) Concurrent Rebuild Remembered Sets and Scrub Regions 18.362ms
[477.115s][info][gc,start       ] GC(690) Pause Cleanup
[477.115s][info][gc             ] GC(690) Pause Cleanup 114M->114M(192M) 0.069ms
[477.115s][info][gc,cpu         ] GC(690) User=0.00s Sys=0.00s Real=0.00s
[477.115s][info][gc,marking     ] GC(690) Concurrent Clear Claimed Marks
[477.115s][info][gc,marking     ] GC(690) Concurrent Clear Claimed Marks 0.097ms
[477.115s][info][gc,marking     ] GC(690) Concurrent Cleanup for Next Mark
[477.115s][info][gc,marking     ] GC(690) Concurrent Cleanup for Next Mark 0.334ms
[477.115s][info][gc             ] GC(690) Concurrent Mark Cycle 129.960ms
[477.300s][info][gc,start       ] GC(691) Pause Young (Normal) (G1 Evacuation Pause)
[477.300s][info][gc,task        ] GC(691) Using 8 workers of 8 for evacuation
[477.307s][info][gc,phases      ] GC(691)   Pre Evacuate Collection Set: 0.3ms
[477.307s][info][gc,phases      ] GC(691)   Merge Heap Roots: 0.1ms
[477.307s][info][gc,phases      ] GC(691)   Evacuate Collection Set: 5.7ms
[477.307s][info][gc,phases      ] GC(691)   Post Evacuate Collection Set: 0.5ms
[477.307s][info][gc,phases      ] GC(691)   Other: 0.2ms
[477.307s][info][gc,heap        ] GC(691) Eden regions: 95->0(94)
[477.307s][info][gc,heap        ] GC(691) Survivor regions: 5->5(13)
[477.307s][info][gc,heap        ] GC(691) Old regions: 73->74
[477.307s][info][gc,heap        ] GC(691) Humongous regions: 3->3
[477.307s][info][gc,metaspace   ] GC(691) Metaspace: 84637K(85952K)->84637K(85952K) NonClass: 73726K(74496K)->73726K(74496K) Class: 10911K(11456K)->10911K(11456K)
[477.308s][info][gc             ] GC(691) Pause Young (Normal) (G1 Evacuation Pause) 175M->80M(192M) 7.340ms
[477.308s][info][gc,cpu         ] GC(691) User=0.00s Sys=0.00s Real=0.01s
[477.640s][info][gc,start       ] GC(692) Pause Young (Concurrent Start) (G1 Evacuation Pause)
[477.640s][info][gc,task        ] GC(692) Using 8 workers of 8 for evacuation
[477.644s][info][gc,phases      ] GC(692)   Pre Evacuate Collection Set: 0.3ms
[477.644s][info][gc,phases      ] GC(692)   Merge Heap Roots: 0.1ms
[477.644s][info][gc,phases      ] GC(692)   Evacuate Collection Set: 3.1ms
[477.644s][info][gc,phases      ] GC(692)   Post Evacuate Collection Set: 0.4ms
[477.644s][info][gc,phases      ] GC(692)   Other: 0.2ms
[477.644s][info][gc,heap        ] GC(692) Eden regions: 94->0(94)
[477.644s][info][gc,heap        ] GC(692) Survivor regions: 5->5(13)
[477.644s][info][gc,heap        ] GC(692) Old regions: 74->74
[477.644s][info][gc,heap        ] GC(692) Humongous regions: 3->3
[477.644s][info][gc,metaspace   ] GC(692) Metaspace: 84637K(85952K)->84637K(85952K) NonClass: 73726K(74496K)->73726K(74496K) Class: 10911K(11456K)->10911K(11456K)
[477.644s][info][gc             ] GC(692) Pause Young (Concurrent Start) (G1 Evacuation Pause) 174M->80M(192M) 4.623ms
[477.644s][info][gc,cpu         ] GC(692) User=0.00s Sys=0.00s Real=0.00s
[477.644s][info][gc             ] GC(693) Concurrent Mark Cycle
[477.645s][info][gc,marking     ] GC(693) Concurrent Scan Root Regions
[477.647s][info][gc,marking     ] GC(693) Concurrent Scan Root Regions 2.691ms
[477.647s][info][gc,marking     ] GC(693) Concurrent Mark
[477.647s][info][gc,marking     ] GC(693) Concurrent Mark From Roots
[477.647s][info][gc,task        ] GC(693) Using 2 workers of 2 for marking
[477.786s][info][gc,marking     ] GC(693) Concurrent Mark From Roots 138.684ms
[477.786s][info][gc,marking     ] GC(693) Concurrent Preclean
[477.786s][info][gc,marking     ] GC(693) Concurrent Preclean 0.277ms
[477.786s][info][gc,start       ] GC(693) Pause Remark
[477.794s][info][gc             ] GC(693) Pause Remark 112M->112M(192M) 7.145ms
[477.794s][info][gc,cpu         ] GC(693) User=0.00s Sys=0.03s Real=0.01s
[477.794s][info][gc,marking     ] GC(693) Concurrent Mark 146.463ms
[477.794s][info][gc,marking     ] GC(693) Concurrent Rebuild Remembered Sets and Scrub Regions
[477.837s][info][gc,marking     ] GC(693) Concurrent Rebuild Remembered Sets and Scrub Regions 43.476ms
[477.837s][info][gc,start       ] GC(693) Pause Cleanup
[477.838s][info][gc             ] GC(693) Pause Cleanup 124M->124M(192M) 0.176ms
[477.838s][info][gc,cpu         ] GC(693) User=0.00s Sys=0.00s Real=0.00s
[477.838s][info][gc,marking     ] GC(693) Concurrent Clear Claimed Marks
[477.838s][info][gc,marking     ] GC(693) Concurrent Clear Claimed Marks 0.108ms
[477.838s][info][gc,marking     ] GC(693) Concurrent Cleanup for Next Mark
[477.838s][info][gc,marking     ] GC(693) Concurrent Cleanup for Next Mark 0.375ms
[477.838s][info][gc             ] GC(693) Concurrent Mark Cycle 193.978ms
[478.006s][info][gc,start       ] GC(694) Pause Young (Normal) (G1 Evacuation Pause)
[478.007s][info][gc,task        ] GC(694) Using 8 workers of 8 for evacuation
[478.011s][info][gc,phases      ] GC(694)   Pre Evacuate Collection Set: 0.2ms
[478.011s][info][gc,phases      ] GC(694)   Merge Heap Roots: 0.1ms
[478.011s][info][gc,phases      ] GC(694)   Evacuate Collection Set: 3.4ms
[478.011s][info][gc,phases      ] GC(694)   Post Evacuate Collection Set: 0.5ms
[478.011s][info][gc,phases      ] GC(694)   Other: 0.1ms
[478.011s][info][gc,heap        ] GC(694) Eden regions: 94->0(94)
[478.011s][info][gc,heap        ] GC(694) Survivor regions: 5->5(13)
[478.011s][info][gc,heap        ] GC(694) Old regions: 74->74
[478.011s][info][gc,heap        ] GC(694) Humongous regions: 3->3
[478.012s][info][gc,metaspace   ] GC(694) Metaspace: 84637K(85952K)->84637K(85952K) NonClass: 73726K(74496K)->73726K(74496K) Class: 10911K(11456K)->10911K(11456K)
[478.012s][info][gc             ] GC(694) Pause Young (Normal) (G1 Evacuation Pause) 174M->81M(192M) 5.097ms
[478.012s][info][gc,cpu         ] GC(694) User=0.00s Sys=0.00s Real=0.01s
[478.319s][info][gc,start       ] GC(695) Pause Young (Concurrent Start) (G1 Evacuation Pause)
[478.319s][info][gc,task        ] GC(695) Using 8 workers of 8 for evacuation
[478.325s][info][gc,phases      ] GC(695)   Pre Evacuate Collection Set: 0.2ms
[478.325s][info][gc,phases      ] GC(695)   Merge Heap Roots: 0.1ms
[478.325s][info][gc,phases      ] GC(695)   Evacuate Collection Set: 4.3ms
[478.325s][info][gc,phases      ] GC(695)   Post Evacuate Collection Set: 0.6ms
[478.325s][info][gc,phases      ] GC(695)   Other: 0.2ms
[478.325s][info][gc,heap        ] GC(695) Eden regions: 94->0(93)
[478.325s][info][gc,heap        ] GC(695) Survivor regions: 5->5(13)
[478.325s][info][gc,heap        ] GC(695) Old regions: 74->75
[478.325s][info][gc,heap        ] GC(695) Humongous regions: 3->3
[478.325s][info][gc,metaspace   ] GC(695) Metaspace: 84637K(85952K)->84637K(85952K) NonClass: 73726K(74496K)->73726K(74496K) Class: 10911K(11456K)->10911K(11456K)
[478.325s][info][gc             ] GC(695) Pause Young (Concurrent Start) (G1 Evacuation Pause) 175M->81M(192M) 6.016ms
[478.325s][info][gc,cpu         ] GC(695) User=0.03s Sys=0.00s Real=0.01s
[478.325s][info][gc             ] GC(696) Concurrent Mark Cycle
[478.325s][info][gc,marking     ] GC(696) Concurrent Scan Root Regions
[478.328s][info][gc,marking     ] GC(696) Concurrent Scan Root Regions 3.002ms
[478.328s][info][gc,marking     ] GC(696) Concurrent Mark
[478.328s][info][gc,marking     ] GC(696) Concurrent Mark From Roots
[478.328s][info][gc,task        ] GC(696) Using 2 workers of 2 for marking
[478.464s][info][gc,marking     ] GC(696) Concurrent Mark From Roots 135.220ms
[478.464s][info][gc,marking     ] GC(696) Concurrent Preclean
[478.464s][info][gc,marking     ] GC(696) Concurrent Preclean 0.357ms
[478.464s][info][gc,start       ] GC(696) Pause Remark
[478.471s][info][gc             ] GC(696) Pause Remark 113M->113M(194M) 6.574ms
[478.471s][info][gc,cpu         ] GC(696) User=0.06s Sys=0.02s Real=0.01s
[478.471s][info][gc,marking     ] GC(696) Concurrent Mark 142.609ms
[478.471s][info][gc,marking     ] GC(696) Concurrent Rebuild Remembered Sets and Scrub Regions
[478.514s][info][gc,marking     ] GC(696) Concurrent Rebuild Remembered Sets and Scrub Regions 43.392ms
[478.515s][info][gc,start       ] GC(696) Pause Cleanup
[478.515s][info][gc             ] GC(696) Pause Cleanup 124M->124M(194M) 0.186ms
[478.515s][info][gc,cpu         ] GC(696) User=0.00s Sys=0.00s Real=0.00s
[478.515s][info][gc,marking     ] GC(696) Concurrent Clear Claimed Marks
[478.515s][info][gc,marking     ] GC(696) Concurrent Clear Claimed Marks 0.109ms
[478.515s][info][gc,marking     ] GC(696) Concurrent Cleanup for Next Mark
[478.515s][info][gc,marking     ] GC(696) Concurrent Cleanup for Next Mark 0.398ms
[478.515s][info][gc             ] GC(696) Concurrent Mark Cycle 190.391ms
[483.661s][info][gc,start       ] GC(697) Pause Young (Normal) (G1 Evacuation Pause)
[483.661s][info][gc,task        ] GC(697) Using 8 workers of 8 for evacuation
[483.666s][info][gc,phases      ] GC(697)   Pre Evacuate Collection Set: 0.2ms
[483.666s][info][gc,phases      ] GC(697)   Merge Heap Roots: 0.1ms
[483.666s][info][gc,phases      ] GC(697)   Evacuate Collection Set: 3.4ms
[483.666s][info][gc,phases      ] GC(697)   Post Evacuate Collection Set: 0.6ms
[483.666s][info][gc,phases      ] GC(697)   Other: 0.2ms
[483.666s][info][gc,heap        ] GC(697) Eden regions: 93->0(91)
[483.666s][info][gc,heap        ] GC(697) Survivor regions: 5->7(13)
[483.666s][info][gc,heap        ] GC(697) Old regions: 75->75
[483.666s][info][gc,heap        ] GC(697) Humongous regions: 3->3
[483.666s][info][gc,metaspace   ] GC(697) Metaspace: 84637K(85952K)->84637K(85952K) NonClass: 73726K(74496K)->73726K(74496K) Class: 10911K(11456K)->10911K(11456K)
[483.666s][info][gc             ] GC(697) Pause Young (Normal) (G1 Evacuation Pause) 174M->83M(194M) 4.863ms
[483.666s][info][gc,cpu         ] GC(697) User=0.00s Sys=0.00s Real=0.00s
[483.849s][info][gc,start       ] GC(698) Pause Young (Concurrent Start) (G1 Evacuation Pause)
[483.850s][info][gc,task        ] GC(698) Using 8 workers of 8 for evacuation
[483.853s][info][gc,phases      ] GC(698)   Pre Evacuate Collection Set: 0.2ms
[483.853s][info][gc,phases      ] GC(698)   Merge Heap Roots: 0.1ms
[483.853s][info][gc,phases      ] GC(698)   Evacuate Collection Set: 2.3ms
[483.853s][info][gc,phases      ] GC(698)   Post Evacuate Collection Set: 0.9ms
[483.853s][info][gc,phases      ] GC(698)   Other: 0.2ms
[483.853s][info][gc,heap        ] GC(698) Eden regions: 91->0(95)
[483.853s][info][gc,heap        ] GC(698) Survivor regions: 7->5(13)
[483.853s][info][gc,heap        ] GC(698) Old regions: 75->75
[483.854s][info][gc,heap        ] GC(698) Humongous regions: 3->3
[483.854s][info][gc,metaspace   ] GC(698) Metaspace: 84640K(85952K)->84640K(85952K) NonClass: 73729K(74496K)->73729K(74496K) Class: 10911K(11456K)->10911K(11456K)
[483.854s][info][gc             ] GC(698) Pause Young (Concurrent Start) (G1 Evacuation Pause) 174M->82M(194M) 4.109ms
[483.854s][info][gc,cpu         ] GC(698) User=0.00s Sys=0.00s Real=0.00s
[483.854s][info][gc             ] GC(699) Concurrent Mark Cycle
[483.854s][info][gc,marking     ] GC(699) Concurrent Scan Root Regions
[483.855s][info][gc,marking     ] GC(699) Concurrent Scan Root Regions 1.615ms
[483.855s][info][gc,marking     ] GC(699) Concurrent Mark
[483.855s][info][gc,marking     ] GC(699) Concurrent Mark From Roots
[483.855s][info][gc,task        ] GC(699) Using 2 workers of 2 for marking
[483.956s][info][gc,marking     ] GC(699) Concurrent Mark From Roots 101.085ms
[483.957s][info][gc,marking     ] GC(699) Concurrent Preclean
[483.957s][info][gc,marking     ] GC(699) Concurrent Preclean 0.267ms
[483.957s][info][gc,start       ] GC(699) Pause Remark
[483.962s][info][gc             ] GC(699) Pause Remark 122M->122M(205M) 5.367ms
[483.962s][info][gc,cpu         ] GC(699) User=0.00s Sys=0.00s Real=0.01s
[483.962s][info][gc,marking     ] GC(699) Concurrent Mark 107.089ms
[483.963s][info][gc,marking     ] GC(699) Concurrent Rebuild Remembered Sets and Scrub Regions
[483.998s][info][gc,marking     ] GC(699) Concurrent Rebuild Remembered Sets and Scrub Regions 35.924ms
[483.999s][info][gc,start       ] GC(699) Pause Cleanup
[483.999s][info][gc             ] GC(699) Pause Cleanup 131M->131M(205M) 0.167ms
[483.999s][info][gc,cpu         ] GC(699) User=0.00s Sys=0.00s Real=0.00s
[483.999s][info][gc,marking     ] GC(699) Concurrent Clear Claimed Marks
[483.999s][info][gc,marking     ] GC(699) Concurrent Clear Claimed Marks 0.097ms
[483.999s][info][gc,marking     ] GC(699) Concurrent Cleanup for Next Mark
[483.999s][info][gc,marking     ] GC(699) Concurrent Cleanup for Next Mark 0.369ms
[483.999s][info][gc             ] GC(699) Concurrent Mark Cycle 145.738ms
[484.113s][info][gc,start       ] GC(700) Pause Young (Prepare Mixed) (G1 Evacuation Pause)
[484.113s][info][gc,task        ] GC(700) Using 8 workers of 8 for evacuation
[484.116s][info][gc,phases      ] GC(700)   Pre Evacuate Collection Set: 0.1ms
[484.116s][info][gc,phases      ] GC(700)   Merge Heap Roots: 0.1ms
[484.116s][info][gc,phases      ] GC(700)   Evacuate Collection Set: 2.7ms
[484.116s][info][gc,phases      ] GC(700)   Post Evacuate Collection Set: 0.4ms
[484.117s][info][gc,phases      ] GC(700)   Other: 0.1ms
[484.117s][info][gc,heap        ] GC(700) Eden regions: 95->0(104)
[484.117s][info][gc,heap        ] GC(700) Survivor regions: 5->6(13)
[484.117s][info][gc,heap        ] GC(700) Old regions: 75->75
[484.117s][info][gc,heap        ] GC(700) Humongous regions: 3->3
[484.117s][info][gc,metaspace   ] GC(700) Metaspace: 84640K(85952K)->84640K(85952K) NonClass: 73729K(74496K)->73729K(74496K) Class: 10911K(11456K)->10911K(11456K)
[484.117s][info][gc             ] GC(700) Pause Young (Prepare Mixed) (G1 Evacuation Pause) 177M->82M(205M) 3.789ms
[484.117s][info][gc,cpu         ] GC(700) User=0.00s Sys=0.00s Real=0.00s
[484.350s][info][gc,start       ] GC(701) Pause Young (Mixed) (G1 Evacuation Pause)
[484.350s][info][gc,task        ] GC(701) Using 8 workers of 8 for evacuation
[484.355s][info][gc,phases      ] GC(701)   Pre Evacuate Collection Set: 0.2ms
[484.355s][info][gc,phases      ] GC(701)   Merge Heap Roots: 0.1ms
[484.355s][info][gc,phases      ] GC(701)   Evacuate Collection Set: 3.3ms
[484.355s][info][gc,phases      ] GC(701)   Post Evacuate Collection Set: 0.5ms
[484.355s][info][gc,phases      ] GC(701)   Other: 0.1ms
[484.355s][info][gc,heap        ] GC(701) Eden regions: 104->0(106)
[484.355s][info][gc,heap        ] GC(701) Survivor regions: 6->5(14)
[484.355s][info][gc,heap        ] GC(701) Old regions: 75->75
[484.355s][info][gc,heap        ] GC(701) Humongous regions: 3->3
[484.355s][info][gc,metaspace   ] GC(701) Metaspace: 84640K(85952K)->84640K(85952K) NonClass: 73729K(74496K)->73729K(74496K) Class: 10911K(11456K)->10911K(11456K)
[484.355s][info][gc             ] GC(701) Pause Young (Mixed) (G1 Evacuation Pause) 186M->82M(205M) 4.609ms
[484.355s][info][gc,cpu         ] GC(701) User=0.00s Sys=0.00s Real=0.01s
[484.594s][info][gc,start       ] GC(702) Pause Young (Concurrent Start) (G1 Evacuation Pause)
[484.594s][info][gc,task        ] GC(702) Using 8 workers of 8 for evacuation
[484.598s][info][gc,phases      ] GC(702)   Pre Evacuate Collection Set: 0.1ms
[484.598s][info][gc,phases      ] GC(702)   Merge Heap Roots: 0.1ms
[484.598s][info][gc,phases      ] GC(702)   Evacuate Collection Set: 2.9ms
[484.598s][info][gc,phases      ] GC(702)   Post Evacuate Collection Set: 0.5ms
[484.598s][info][gc,phases      ] GC(702)   Other: 0.2ms
[484.598s][info][gc,heap        ] GC(702) Eden regions: 106->0(105)
[484.598s][info][gc,heap        ] GC(702) Survivor regions: 5->5(14)
[484.598s][info][gc,heap        ] GC(702) Old regions: 75->76
[484.598s][info][gc,heap        ] GC(702) Humongous regions: 3->3
[484.598s][info][gc,metaspace   ] GC(702) Metaspace: 84640K(85952K)->84640K(85952K) NonClass: 73729K(74496K)->73729K(74496K) Class: 10911K(11456K)->10911K(11456K)
[484.598s][info][gc             ] GC(702) Pause Young (Concurrent Start) (G1 Evacuation Pause) 188M->82M(205M) 4.251ms
[484.598s][info][gc,cpu         ] GC(702) User=0.00s Sys=0.00s Real=0.00s
[484.598s][info][gc             ] GC(703) Concurrent Mark Cycle
[484.599s][info][gc,marking     ] GC(703) Concurrent Scan Root Regions
[484.601s][info][gc,marking     ] GC(703) Concurrent Scan Root Regions 2.864ms
[484.601s][info][gc,marking     ] GC(703) Concurrent Mark
[484.601s][info][gc,marking     ] GC(703) Concurrent Mark From Roots
[484.602s][info][gc,task        ] GC(703) Using 2 workers of 2 for marking
[484.712s][info][gc,marking     ] GC(703) Concurrent Mark From Roots 110.405ms
[484.712s][info][gc,marking     ] GC(703) Concurrent Preclean
[484.712s][info][gc,marking     ] GC(703) Concurrent Preclean 0.333ms
[484.712s][info][gc,start       ] GC(703) Pause Remark
[484.717s][info][gc             ] GC(703) Pause Remark 115M->115M(205M) 4.985ms
[484.717s][info][gc,cpu         ] GC(703) User=0.12s Sys=0.00s Real=0.00s
[484.718s][info][gc,marking     ] GC(703) Concurrent Mark 116.127ms
[484.718s][info][gc,marking     ] GC(703) Concurrent Rebuild Remembered Sets and Scrub Regions
[484.755s][info][gc,marking     ] GC(703) Concurrent Rebuild Remembered Sets and Scrub Regions 37.218ms
[484.755s][info][gc,start       ] GC(703) Pause Cleanup
[484.755s][info][gc             ] GC(703) Pause Cleanup 129M->129M(205M) 0.144ms
[484.755s][info][gc,cpu         ] GC(703) User=0.00s Sys=0.00s Real=0.00s
[484.755s][info][gc,marking     ] GC(703) Concurrent Clear Claimed Marks
[484.755s][info][gc,marking     ] GC(703) Concurrent Clear Claimed Marks 0.100ms
[484.755s][info][gc,marking     ] GC(703) Concurrent Cleanup for Next Mark
[484.756s][info][gc,marking     ] GC(703) Concurrent Cleanup for Next Mark 0.363ms
[484.756s][info][gc             ] GC(703) Concurrent Mark Cycle 157.373ms
[484.906s][info][gc,start       ] GC(704) Pause Young (Normal) (G1 Evacuation Pause)
[484.906s][info][gc,task        ] GC(704) Using 8 workers of 8 for evacuation
[484.911s][info][gc,phases      ] GC(704)   Pre Evacuate Collection Set: 0.1ms
[484.911s][info][gc,phases      ] GC(704)   Merge Heap Roots: 0.1ms
[484.911s][info][gc,phases      ] GC(704)   Evacuate Collection Set: 3.9ms
[484.911s][info][gc,phases      ] GC(704)   Post Evacuate Collection Set: 0.5ms
[484.911s][info][gc,phases      ] GC(704)   Other: 0.1ms
[484.911s][info][gc,heap        ] GC(704) Eden regions: 105->0(105)
[484.911s][info][gc,heap        ] GC(704) Survivor regions: 5->5(14)
[484.911s][info][gc,heap        ] GC(704) Old regions: 76->76
[484.911s][info][gc,heap        ] GC(704) Humongous regions: 3->3
[484.911s][info][gc,metaspace   ] GC(704) Metaspace: 84640K(85952K)->84640K(85952K) NonClass: 73729K(74496K)->73729K(74496K) Class: 10911K(11456K)->10911K(11456K)
[484.911s][info][gc             ] GC(704) Pause Young (Normal) (G1 Evacuation Pause) 187M->83M(205M) 5.386ms
[484.911s][info][gc,cpu         ] GC(704) User=0.00s Sys=0.00s Real=0.00s
[485.151s][info][gc,start       ] GC(705) Pause Young (Concurrent Start) (G1 Evacuation Pause)
[485.151s][info][gc,task        ] GC(705) Using 8 workers of 8 for evacuation
[485.155s][info][gc,phases      ] GC(705)   Pre Evacuate Collection Set: 0.1ms
[485.155s][info][gc,phases      ] GC(705)   Merge Heap Roots: 0.1ms
[485.155s][info][gc,phases      ] GC(705)   Evacuate Collection Set: 3.8ms
[485.155s][info][gc,phases      ] GC(705)   Post Evacuate Collection Set: 0.4ms
[485.155s][info][gc,phases      ] GC(705)   Other: 0.1ms
[485.156s][info][gc,heap        ] GC(705) Eden regions: 105->0(103)
[485.156s][info][gc,heap        ] GC(705) Survivor regions: 5->6(14)
[485.156s][info][gc,heap        ] GC(705) Old regions: 76->76
[485.156s][info][gc,heap        ] GC(705) Humongous regions: 3->3
[485.156s][info][gc,metaspace   ] GC(705) Metaspace: 84640K(85952K)->84640K(85952K) NonClass: 73729K(74496K)->73729K(74496K) Class: 10911K(11456K)->10911K(11456K)
[485.156s][info][gc             ] GC(705) Pause Young (Concurrent Start) (G1 Evacuation Pause) 188M->83M(205M) 4.928ms
[485.156s][info][gc             ] GC(706) Concurrent Mark Cycle
[485.156s][info][gc,cpu         ] GC(705) User=0.09s Sys=0.00s Real=0.01s
[485.156s][info][gc,marking     ] GC(706) Concurrent Scan Root Regions
[485.159s][info][gc,marking     ] GC(706) Concurrent Scan Root Regions 2.895ms
[485.159s][info][gc,marking     ] GC(706) Concurrent Mark
[485.159s][info][gc,marking     ] GC(706) Concurrent Mark From Roots
[485.159s][info][gc,task        ] GC(706) Using 2 workers of 2 for marking
[485.265s][info][gc,marking     ] GC(706) Concurrent Mark From Roots 106.620ms
[485.266s][info][gc,marking     ] GC(706) Concurrent Preclean
[485.266s][info][gc,marking     ] GC(706) Concurrent Preclean 0.230ms
[485.266s][info][gc,start       ] GC(706) Pause Remark
[485.270s][info][gc             ] GC(706) Pause Remark 114M->114M(205M) 4.659ms
[485.271s][info][gc,cpu         ] GC(706) User=0.00s Sys=0.00s Real=0.01s
[485.271s][info][gc,marking     ] GC(706) Concurrent Mark 111.920ms
[485.271s][info][gc,marking     ] GC(706) Concurrent Rebuild Remembered Sets and Scrub Regions
[485.309s][info][gc,marking     ] GC(706) Concurrent Rebuild Remembered Sets and Scrub Regions 38.088ms
[485.309s][info][gc,start       ] GC(706) Pause Cleanup
[485.309s][info][gc             ] GC(706) Pause Cleanup 125M->125M(205M) 0.177ms
[485.309s][info][gc,cpu         ] GC(706) User=0.00s Sys=0.00s Real=0.00s
[485.309s][info][gc,marking     ] GC(706) Concurrent Clear Claimed Marks
[485.309s][info][gc,marking     ] GC(706) Concurrent Clear Claimed Marks 0.101ms
[485.310s][info][gc,marking     ] GC(706) Concurrent Cleanup for Next Mark
[485.310s][info][gc,marking     ] GC(706) Concurrent Cleanup for Next Mark 0.365ms
[485.310s][info][gc             ] GC(706) Concurrent Mark Cycle 154.289ms
[485.450s][info][gc,start       ] GC(707) Pause Young (Normal) (G1 Evacuation Pause)
[485.450s][info][gc,task        ] GC(707) Using 8 workers of 8 for evacuation
[485.454s][info][gc,phases      ] GC(707)   Pre Evacuate Collection Set: 0.1ms
[485.454s][info][gc,phases      ] GC(707)   Merge Heap Roots: 0.1ms
[485.455s][info][gc,phases      ] GC(707)   Evacuate Collection Set: 3.1ms
[485.455s][info][gc,phases      ] GC(707)   Post Evacuate Collection Set: 0.6ms
[485.455s][info][gc,phases      ] GC(707)   Other: 0.1ms
[485.455s][info][gc,heap        ] GC(707) Eden regions: 103->0(105)
[485.455s][info][gc,heap        ] GC(707) Survivor regions: 6->5(14)
[485.455s][info][gc,heap        ] GC(707) Old regions: 76->76
[485.455s][info][gc,heap        ] GC(707) Humongous regions: 3->3
[485.455s][info][gc,metaspace   ] GC(707) Metaspace: 84640K(85952K)->84640K(85952K) NonClass: 73729K(74496K)->73729K(74496K) Class: 10911K(11456K)->10911K(11456K)
[485.455s][info][gc             ] GC(707) Pause Young (Normal) (G1 Evacuation Pause) 186M->83M(205M) 4.338ms
[485.455s][info][gc,cpu         ] GC(707) User=0.00s Sys=0.00s Real=0.00s
[485.693s][info][gc,start       ] GC(708) Pause Young (Concurrent Start) (G1 Evacuation Pause)
[485.693s][info][gc,task        ] GC(708) Using 8 workers of 8 for evacuation
[485.697s][info][gc,phases      ] GC(708)   Pre Evacuate Collection Set: 0.2ms
[485.698s][info][gc,phases      ] GC(708)   Merge Heap Roots: 0.1ms
[485.698s][info][gc,phases      ] GC(708)   Evacuate Collection Set: 3.1ms
[485.698s][info][gc,phases      ] GC(708)   Post Evacuate Collection Set: 0.4ms
[485.698s][info][gc,phases      ] GC(708)   Other: 0.2ms
[485.698s][info][gc,heap        ] GC(708) Eden regions: 105->0(102)
[485.698s][info][gc,heap        ] GC(708) Survivor regions: 5->6(14)
[485.698s][info][gc,heap        ] GC(708) Old regions: 76->77
[485.698s][info][gc,heap        ] GC(708) Humongous regions: 3->3
[485.698s][info][gc,metaspace   ] GC(708) Metaspace: 84640K(85952K)->84640K(85952K) NonClass: 73729K(74496K)->73729K(74496K) Class: 10911K(11456K)->10911K(11456K)
[485.698s][info][gc             ] GC(708) Pause Young (Concurrent Start) (G1 Evacuation Pause) 188M->84M(205M) 4.334ms
[485.698s][info][gc,cpu         ] GC(708) User=0.00s Sys=0.00s Real=0.00s
[485.698s][info][gc             ] GC(709) Concurrent Mark Cycle
[485.698s][info][gc,marking     ] GC(709) Concurrent Scan Root Regions
[485.700s][info][gc,marking     ] GC(709) Concurrent Scan Root Regions 2.409ms
[485.700s][info][gc,marking     ] GC(709) Concurrent Mark
[485.700s][info][gc,marking     ] GC(709) Concurrent Mark From Roots
[485.700s][info][gc,task        ] GC(709) Using 2 workers of 2 for marking
[485.803s][info][gc,marking     ] GC(709) Concurrent Mark From Roots 102.374ms
[485.803s][info][gc,marking     ] GC(709) Concurrent Preclean
[485.803s][info][gc,marking     ] GC(709) Concurrent Preclean 0.229ms
[485.803s][info][gc,start       ] GC(709) Pause Remark
[485.808s][info][gc             ] GC(709) Pause Remark 114M->114M(205M) 4.877ms
[485.808s][info][gc,cpu         ] GC(709) User=0.00s Sys=0.00s Real=0.01s
[485.808s][info][gc,marking     ] GC(709) Concurrent Mark 107.948ms
[485.808s][info][gc,marking     ] GC(709) Concurrent Rebuild Remembered Sets and Scrub Regions
[485.839s][info][gc,marking     ] GC(709) Concurrent Rebuild Remembered Sets and Scrub Regions 30.580ms
[485.839s][info][gc,start       ] GC(709) Pause Cleanup
[485.839s][info][gc             ] GC(709) Pause Cleanup 125M->125M(205M) 0.162ms
[485.839s][info][gc,cpu         ] GC(709) User=0.00s Sys=0.00s Real=0.00s
[485.839s][info][gc,marking     ] GC(709) Concurrent Clear Claimed Marks
[485.839s][info][gc,marking     ] GC(709) Concurrent Clear Claimed Marks 0.092ms
[485.840s][info][gc,marking     ] GC(709) Concurrent Cleanup for Next Mark
[485.840s][info][gc,marking     ] GC(709) Concurrent Cleanup for Next Mark 0.378ms
[485.840s][info][gc             ] GC(709) Concurrent Mark Cycle 142.143ms
[485.981s][info][gc,start       ] GC(710) Pause Young (Normal) (G1 Evacuation Pause)
[485.981s][info][gc,task        ] GC(710) Using 8 workers of 8 for evacuation
[485.985s][info][gc,phases      ] GC(710)   Pre Evacuate Collection Set: 0.2ms
[485.985s][info][gc,phases      ] GC(710)   Merge Heap Roots: 0.1ms
[485.985s][info][gc,phases      ] GC(710)   Evacuate Collection Set: 3.1ms
[485.985s][info][gc,phases      ] GC(710)   Post Evacuate Collection Set: 0.4ms
[485.985s][info][gc,phases      ] GC(710)   Other: 0.1ms
[485.985s][info][gc,heap        ] GC(710) Eden regions: 102->0(102)
[485.985s][info][gc,heap        ] GC(710) Survivor regions: 6->6(14)
[485.985s][info][gc,heap        ] GC(710) Old regions: 77->77
[485.985s][info][gc,heap        ] GC(710) Humongous regions: 3->3
[485.985s][info][gc,metaspace   ] GC(710) Metaspace: 84640K(85952K)->84640K(85952K) NonClass: 73729K(74496K)->73729K(74496K) Class: 10911K(11456K)->10911K(11456K)
[485.985s][info][gc             ] GC(710) Pause Young (Normal) (G1 Evacuation Pause) 186M->84M(205M) 4.392ms
[485.986s][info][gc,cpu         ] GC(710) User=0.11s Sys=0.00s Real=0.00s
[486.217s][info][gc,start       ] GC(711) Pause Young (Concurrent Start) (G1 Evacuation Pause)
[486.217s][info][gc,task        ] GC(711) Using 8 workers of 8 for evacuation
[486.222s][info][gc,phases      ] GC(711)   Pre Evacuate Collection Set: 0.1ms
[486.222s][info][gc,phases      ] GC(711)   Merge Heap Roots: 0.1ms
[486.222s][info][gc,phases      ] GC(711)   Evacuate Collection Set: 3.5ms
[486.222s][info][gc,phases      ] GC(711)   Post Evacuate Collection Set: 0.6ms
[486.222s][info][gc,phases      ] GC(711)   Other: 0.2ms
[486.222s][info][gc,heap        ] GC(711) Eden regions: 102->0(102)
[486.222s][info][gc,heap        ] GC(711) Survivor regions: 6->6(14)
[486.222s][info][gc,heap        ] GC(711) Old regions: 77->77
[486.222s][info][gc,heap        ] GC(711) Humongous regions: 3->3
[486.222s][info][gc,metaspace   ] GC(711) Metaspace: 84640K(85952K)->84640K(85952K) NonClass: 73729K(74496K)->73729K(74496K) Class: 10911K(11456K)->10911K(11456K)
[486.222s][info][gc             ] GC(711) Pause Young (Concurrent Start) (G1 Evacuation Pause) 186M->84M(205M) 4.938ms
[486.222s][info][gc,cpu         ] GC(711) User=0.00s Sys=0.00s Real=0.01s
[486.222s][info][gc             ] GC(712) Concurrent Mark Cycle
[486.222s][info][gc,marking     ] GC(712) Concurrent Scan Root Regions
[486.224s][info][gc,marking     ] GC(712) Concurrent Scan Root Regions 2.406ms
[486.224s][info][gc,marking     ] GC(712) Concurrent Mark
[486.225s][info][gc,marking     ] GC(712) Concurrent Mark From Roots
[486.225s][info][gc,task        ] GC(712) Using 2 workers of 2 for marking
[486.334s][info][gc,marking     ] GC(712) Concurrent Mark From Roots 108.991ms
[486.334s][info][gc,marking     ] GC(712) Concurrent Preclean
[486.334s][info][gc,marking     ] GC(712) Concurrent Preclean 0.257ms
[486.334s][info][gc,start       ] GC(712) Pause Remark
[486.339s][info][gc             ] GC(712) Pause Remark 117M->117M(205M) 5.412ms
[486.339s][info][gc,cpu         ] GC(712) User=0.00s Sys=0.00s Real=0.01s
[486.340s][info][gc,marking     ] GC(712) Concurrent Mark 115.007ms
[486.340s][info][gc,marking     ] GC(712) Concurrent Rebuild Remembered Sets and Scrub Regions
[486.358s][info][gc,marking     ] GC(712) Concurrent Rebuild Remembered Sets and Scrub Regions 18.215ms
[486.358s][info][gc,start       ] GC(712) Pause Cleanup
[486.358s][info][gc             ] GC(712) Pause Cleanup 123M->123M(205M) 0.061ms
[486.358s][info][gc,cpu         ] GC(712) User=0.00s Sys=0.00s Real=0.00s
[486.358s][info][gc,marking     ] GC(712) Concurrent Clear Claimed Marks
[486.358s][info][gc,marking     ] GC(712) Concurrent Clear Claimed Marks 0.101ms
[486.358s][info][gc,marking     ] GC(712) Concurrent Cleanup for Next Mark
[486.359s][info][gc,marking     ] GC(712) Concurrent Cleanup for Next Mark 0.421ms
[486.359s][info][gc             ] GC(712) Concurrent Mark Cycle 136.729ms
[486.538s][info][gc,start       ] GC(713) Pause Young (Normal) (G1 Evacuation Pause)
[486.538s][info][gc,task        ] GC(713) Using 8 workers of 8 for evacuation
[486.542s][info][gc,phases      ] GC(713)   Pre Evacuate Collection Set: 0.3ms
[486.542s][info][gc,phases      ] GC(713)   Merge Heap Roots: 0.1ms
[486.542s][info][gc,phases      ] GC(713)   Evacuate Collection Set: 3.2ms
[486.542s][info][gc,phases      ] GC(713)   Post Evacuate Collection Set: 0.6ms
[486.542s][info][gc,phases      ] GC(713)   Other: 0.1ms
[486.542s][info][gc,heap        ] GC(713) Eden regions: 102->0(103)
[486.542s][info][gc,heap        ] GC(713) Survivor regions: 6->5(14)
[486.542s][info][gc,heap        ] GC(713) Old regions: 77->78
[486.542s][info][gc,heap        ] GC(713) Humongous regions: 3->3
[486.542s][info][gc,metaspace   ] GC(713) Metaspace: 84640K(85952K)->84640K(85952K) NonClass: 73729K(74496K)->73729K(74496K) Class: 10911K(11456K)->10911K(11456K)
[486.542s][info][gc             ] GC(713) Pause Young (Normal) (G1 Evacuation Pause) 186M->85M(205M) 4.836ms
[486.542s][info][gc,cpu         ] GC(713) User=0.00s Sys=0.00s Real=0.00s
[486.791s][info][gc,start       ] GC(714) Pause Young (Concurrent Start) (G1 Evacuation Pause)
[486.791s][info][gc,task        ] GC(714) Using 8 workers of 8 for evacuation
[486.795s][info][gc,phases      ] GC(714)   Pre Evacuate Collection Set: 0.3ms
[486.795s][info][gc,phases      ] GC(714)   Merge Heap Roots: 0.1ms
[486.795s][info][gc,phases      ] GC(714)   Evacuate Collection Set: 3.0ms
[486.795s][info][gc,phases      ] GC(714)   Post Evacuate Collection Set: 0.4ms
[486.795s][info][gc,phases      ] GC(714)   Other: 0.2ms
[486.795s][info][gc,heap        ] GC(714) Eden regions: 103->0(101)
[486.795s][info][gc,heap        ] GC(714) Survivor regions: 5->6(14)
[486.795s][info][gc,heap        ] GC(714) Old regions: 78->78
[486.795s][info][gc,heap        ] GC(714) Humongous regions: 3->3
[486.795s][info][gc,metaspace   ] GC(714) Metaspace: 84640K(85952K)->84640K(85952K) NonClass: 73729K(74496K)->73729K(74496K) Class: 10911K(11456K)->10911K(11456K)
[486.795s][info][gc             ] GC(714) Pause Young (Concurrent Start) (G1 Evacuation Pause) 188M->85M(205M) 4.479ms
[486.795s][info][gc,cpu         ] GC(714) User=0.12s Sys=0.00s Real=0.00s
[486.795s][info][gc             ] GC(715) Concurrent Mark Cycle
[486.795s][info][gc,marking     ] GC(715) Concurrent Scan Root Regions
[486.798s][info][gc,marking     ] GC(715) Concurrent Scan Root Regions 3.010ms
[486.798s][info][gc,marking     ] GC(715) Concurrent Mark
[486.798s][info][gc,marking     ] GC(715) Concurrent Mark From Roots
[486.798s][info][gc,task        ] GC(715) Using 2 workers of 2 for marking
[486.918s][info][gc,marking     ] GC(715) Concurrent Mark From Roots 119.576ms
[486.918s][info][gc,marking     ] GC(715) Concurrent Preclean
[486.918s][info][gc,marking     ] GC(715) Concurrent Preclean 0.300ms
[486.918s][info][gc,start       ] GC(715) Pause Remark
[486.923s][info][gc             ] GC(715) Pause Remark 121M->121M(205M) 4.967ms
[486.923s][info][gc,cpu         ] GC(715) User=0.11s Sys=0.02s Real=0.00s
[486.924s][info][gc,marking     ] GC(715) Concurrent Mark 125.245ms
[486.924s][info][gc,marking     ] GC(715) Concurrent Rebuild Remembered Sets and Scrub Regions
[486.957s][info][gc,marking     ] GC(715) Concurrent Rebuild Remembered Sets and Scrub Regions 33.677ms
[486.957s][info][gc,start       ] GC(715) Pause Cleanup
[486.958s][info][gc             ] GC(715) Pause Cleanup 132M->132M(205M) 0.161ms
[486.958s][info][gc,cpu         ] GC(715) User=0.00s Sys=0.00s Real=0.00s
[486.958s][info][gc,marking     ] GC(715) Concurrent Clear Claimed Marks
[486.958s][info][gc,marking     ] GC(715) Concurrent Clear Claimed Marks 0.082ms
[486.958s][info][gc,marking     ] GC(715) Concurrent Cleanup for Next Mark
[486.958s][info][gc,marking     ] GC(715) Concurrent Cleanup for Next Mark 0.331ms
[486.958s][info][gc             ] GC(715) Concurrent Mark Cycle 163.001ms
[487.090s][info][gc,start       ] GC(716) Pause Young (Normal) (G1 Evacuation Pause)
[487.090s][info][gc,task        ] GC(716) Using 8 workers of 8 for evacuation
[487.095s][info][gc,phases      ] GC(716)   Pre Evacuate Collection Set: 0.1ms
[487.095s][info][gc,phases      ] GC(716)   Merge Heap Roots: 0.1ms
[487.095s][info][gc,phases      ] GC(716)   Evacuate Collection Set: 4.4ms
[487.095s][info][gc,phases      ] GC(716)   Post Evacuate Collection Set: 0.4ms
[487.095s][info][gc,phases      ] GC(716)   Other: 0.1ms
[487.095s][info][gc,heap        ] GC(716) Eden regions: 101->0(101)
[487.095s][info][gc,heap        ] GC(716) Survivor regions: 6->6(14)
[487.095s][info][gc,heap        ] GC(716) Old regions: 78->78
[487.095s][info][gc,heap        ] GC(716) Humongous regions: 3->3
[487.096s][info][gc,metaspace   ] GC(716) Metaspace: 84640K(85952K)->84640K(85952K) NonClass: 73729K(74496K)->73729K(74496K) Class: 10911K(11456K)->10911K(11456K)
[487.096s][info][gc             ] GC(716) Pause Young (Normal) (G1 Evacuation Pause) 186M->85M(205M) 5.759ms
[487.096s][info][gc,cpu         ] GC(716) User=0.02s Sys=0.00s Real=0.01s
[487.310s][info][gc,start       ] GC(717) Pause Young (Concurrent Start) (G1 Evacuation Pause)
[487.310s][info][gc,task        ] GC(717) Using 8 workers of 8 for evacuation
[487.314s][info][gc,phases      ] GC(717)   Pre Evacuate Collection Set: 0.2ms
[487.314s][info][gc,phases      ] GC(717)   Merge Heap Roots: 0.2ms
[487.314s][info][gc,phases      ] GC(717)   Evacuate Collection Set: 3.3ms
[487.314s][info][gc,phases      ] GC(717)   Post Evacuate Collection Set: 0.5ms
[487.314s][info][gc,phases      ] GC(717)   Other: 0.2ms
[487.314s][info][gc,heap        ] GC(717) Eden regions: 101->0(100)
[487.314s][info][gc,heap        ] GC(717) Survivor regions: 6->6(14)
[487.314s][info][gc,heap        ] GC(717) Old regions: 78->79
[487.314s][info][gc,heap        ] GC(717) Humongous regions: 3->3
[487.314s][info][gc,metaspace   ] GC(717) Metaspace: 84640K(85952K)->84640K(85952K) NonClass: 73729K(74496K)->73729K(74496K) Class: 10911K(11456K)->10911K(11456K)
[487.314s][info][gc             ] GC(717) Pause Young (Concurrent Start) (G1 Evacuation Pause) 186M->86M(205M) 4.788ms
[487.314s][info][gc,cpu         ] GC(717) User=0.00s Sys=0.02s Real=0.00s
[487.314s][info][gc             ] GC(718) Concurrent Mark Cycle
[487.314s][info][gc,marking     ] GC(718) Concurrent Scan Root Regions
[487.318s][info][gc,marking     ] GC(718) Concurrent Scan Root Regions 3.038ms
[487.318s][info][gc,marking     ] GC(718) Concurrent Mark
[487.318s][info][gc,marking     ] GC(718) Concurrent Mark From Roots
[487.318s][info][gc,task        ] GC(718) Using 2 workers of 2 for marking
[487.431s][info][gc,marking     ] GC(718) Concurrent Mark From Roots 113.192ms
[487.431s][info][gc,marking     ] GC(718) Concurrent Preclean
[487.431s][info][gc,marking     ] GC(718) Concurrent Preclean 0.409ms
[487.431s][info][gc,start       ] GC(718) Pause Remark
[487.438s][info][gc             ] GC(718) Pause Remark 118M->118M(205M) 6.598ms
[487.438s][info][gc,cpu         ] GC(718) User=0.09s Sys=0.00s Real=0.01s
[487.438s][info][gc,marking     ] GC(718) Concurrent Mark 120.761ms
[487.438s][info][gc,marking     ] GC(718) Concurrent Rebuild Remembered Sets and Scrub Regions
[487.491s][info][gc,marking     ] GC(718) Concurrent Rebuild Remembered Sets and Scrub Regions 53.016ms
[487.492s][info][gc,start       ] GC(718) Pause Cleanup
[487.492s][info][gc             ] GC(718) Pause Cleanup 129M->129M(205M) 0.205ms
[487.492s][info][gc,cpu         ] GC(718) User=0.00s Sys=0.00s Real=0.00s
[487.492s][info][gc,marking     ] GC(718) Concurrent Clear Claimed Marks
[487.492s][info][gc,marking     ] GC(718) Concurrent Clear Claimed Marks 0.160ms
[487.492s][info][gc,marking     ] GC(718) Concurrent Cleanup for Next Mark
[487.493s][info][gc,marking     ] GC(718) Concurrent Cleanup for Next Mark 0.416ms
[487.493s][info][gc             ] GC(718) Concurrent Mark Cycle 178.437ms
[487.687s][info][gc,start       ] GC(719) Pause Young (Normal) (G1 Evacuation Pause)
[487.687s][info][gc,task        ] GC(719) Using 8 workers of 8 for evacuation
[487.693s][info][gc,phases      ] GC(719)   Pre Evacuate Collection Set: 0.1ms
[487.693s][info][gc,phases      ] GC(719)   Merge Heap Roots: 0.1ms
[487.693s][info][gc,phases      ] GC(719)   Evacuate Collection Set: 5.6ms
[487.693s][info][gc,phases      ] GC(719)   Post Evacuate Collection Set: 0.6ms
[487.693s][info][gc,phases      ] GC(719)   Other: 0.1ms
[487.694s][info][gc,heap        ] GC(719) Eden regions: 100->0(100)
[487.694s][info][gc,heap        ] GC(719) Survivor regions: 6->6(14)
[487.694s][info][gc,heap        ] GC(719) Old regions: 79->79
[487.694s][info][gc,heap        ] GC(719) Humongous regions: 3->3
[487.694s][info][gc,metaspace   ] GC(719) Metaspace: 84640K(85952K)->84640K(85952K) NonClass: 73729K(74496K)->73729K(74496K) Class: 10911K(11456K)->10911K(11456K)
[487.694s][info][gc             ] GC(719) Pause Young (Normal) (G1 Evacuation Pause) 186M->86M(205M) 7.248ms
[487.694s][info][gc,cpu         ] GC(719) User=0.00s Sys=0.00s Real=0.01s
[488.022s][info][gc,start       ] GC(720) Pause Young (Concurrent Start) (G1 Evacuation Pause)
[488.022s][info][gc,task        ] GC(720) Using 8 workers of 8 for evacuation
[488.026s][info][gc,phases      ] GC(720)   Pre Evacuate Collection Set: 0.3ms
[488.026s][info][gc,phases      ] GC(720)   Merge Heap Roots: 0.1ms
[488.026s][info][gc,phases      ] GC(720)   Evacuate Collection Set: 3.2ms
[488.026s][info][gc,phases      ] GC(720)   Post Evacuate Collection Set: 0.5ms
[488.026s][info][gc,phases      ] GC(720)   Other: 0.2ms
[488.026s][info][gc,heap        ] GC(720) Eden regions: 100->0(101)
[488.026s][info][gc,heap        ] GC(720) Survivor regions: 6->5(14)
[488.026s][info][gc,heap        ] GC(720) Old regions: 79->80
[488.026s][info][gc,heap        ] GC(720) Humongous regions: 3->3
[488.027s][info][gc,metaspace   ] GC(720) Metaspace: 84640K(85952K)->84640K(85952K) NonClass: 73729K(74496K)->73729K(74496K) Class: 10911K(11456K)->10911K(11456K)
[488.027s][info][gc             ] GC(720) Pause Young (Concurrent Start) (G1 Evacuation Pause) 186M->86M(205M) 5.100ms
[488.027s][info][gc,cpu         ] GC(720) User=0.00s Sys=0.00s Real=0.01s
[488.027s][info][gc             ] GC(721) Concurrent Mark Cycle
[488.027s][info][gc,marking     ] GC(721) Concurrent Scan Root Regions
[488.030s][info][gc,marking     ] GC(721) Concurrent Scan Root Regions 2.991ms
[488.030s][info][gc,marking     ] GC(721) Concurrent Mark
[488.030s][info][gc,marking     ] GC(721) Concurrent Mark From Roots
[488.030s][info][gc,task        ] GC(721) Using 2 workers of 2 for marking
[488.167s][info][gc,marking     ] GC(721) Concurrent Mark From Roots 136.647ms
[488.167s][info][gc,marking     ] GC(721) Concurrent Preclean
[488.167s][info][gc,marking     ] GC(721) Concurrent Preclean 0.295ms
[488.167s][info][gc,start       ] GC(721) Pause Remark
[488.174s][info][gc             ] GC(721) Pause Remark 121M->121M(205M) 6.396ms
[488.174s][info][gc,cpu         ] GC(721) User=0.08s Sys=0.00s Real=0.01s
[488.174s][info][gc,marking     ] GC(721) Concurrent Mark 143.764ms
[488.174s][info][gc,marking     ] GC(721) Concurrent Rebuild Remembered Sets and Scrub Regions
[488.221s][info][gc,marking     ] GC(721) Concurrent Rebuild Remembered Sets and Scrub Regions 47.514ms
[488.222s][info][gc,start       ] GC(721) Pause Cleanup
[488.222s][info][gc             ] GC(721) Pause Cleanup 132M->132M(205M) 0.270ms
[488.222s][info][gc,cpu         ] GC(721) User=0.00s Sys=0.00s Real=0.00s
[488.222s][info][gc,marking     ] GC(721) Concurrent Clear Claimed Marks
[488.222s][info][gc,marking     ] GC(721) Concurrent Clear Claimed Marks 0.185ms
[488.222s][info][gc,marking     ] GC(721) Concurrent Cleanup for Next Mark
[488.223s][info][gc,marking     ] GC(721) Concurrent Cleanup for Next Mark 0.379ms
[488.223s][info][gc             ] GC(721) Concurrent Mark Cycle 195.887ms
[488.425s][info][gc,start       ] GC(722) Pause Young (Normal) (G1 Evacuation Pause)
[488.425s][info][gc,task        ] GC(722) Using 8 workers of 8 for evacuation
[488.430s][info][gc,phases      ] GC(722)   Pre Evacuate Collection Set: 0.2ms
[488.430s][info][gc,phases      ] GC(722)   Merge Heap Roots: 0.1ms
[488.430s][info][gc,phases      ] GC(722)   Evacuate Collection Set: 4.4ms
[488.430s][info][gc,phases      ] GC(722)   Post Evacuate Collection Set: 0.6ms
[488.430s][info][gc,phases      ] GC(722)   Other: 0.1ms
[488.431s][info][gc,heap        ] GC(722) Eden regions: 101->0(101)
[488.431s][info][gc,heap        ] GC(722) Survivor regions: 5->5(14)
[488.431s][info][gc,heap        ] GC(722) Old regions: 80->80
[488.431s][info][gc,heap        ] GC(722) Humongous regions: 3->3
[488.431s][info][gc,metaspace   ] GC(722) Metaspace: 84640K(85952K)->84640K(85952K) NonClass: 73729K(74496K)->73729K(74496K) Class: 10911K(11456K)->10911K(11456K)
[488.431s][info][gc             ] GC(722) Pause Young (Normal) (G1 Evacuation Pause) 187M->87M(205M) 6.130ms
[488.431s][info][gc,cpu         ] GC(722) User=0.00s Sys=0.00s Real=0.01s
[488.784s][info][gc,start       ] GC(723) Pause Young (Concurrent Start) (G1 Evacuation Pause)
[488.785s][info][gc,task        ] GC(723) Using 8 workers of 8 for evacuation
[488.790s][info][gc,phases      ] GC(723)   Pre Evacuate Collection Set: 0.2ms
[488.790s][info][gc,phases      ] GC(723)   Merge Heap Roots: 0.1ms
[488.790s][info][gc,phases      ] GC(723)   Evacuate Collection Set: 4.5ms
[488.790s][info][gc,phases      ] GC(723)   Post Evacuate Collection Set: 0.6ms
[488.790s][info][gc,phases      ] GC(723)   Other: 0.3ms
[488.790s][info][gc,heap        ] GC(723) Eden regions: 101->0(101)
[488.791s][info][gc,heap        ] GC(723) Survivor regions: 5->5(14)
[488.791s][info][gc,heap        ] GC(723) Old regions: 80->80
[488.791s][info][gc,heap        ] GC(723) Humongous regions: 3->3
[488.791s][info][gc,metaspace   ] GC(723) Metaspace: 84640K(85952K)->84640K(85952K) NonClass: 73729K(74496K)->73729K(74496K) Class: 10911K(11456K)->10911K(11456K)
[488.791s][info][gc             ] GC(723) Pause Young (Concurrent Start) (G1 Evacuation Pause) 188M->87M(205M) 6.232ms
[488.791s][info][gc,cpu         ] GC(723) User=0.00s Sys=0.00s Real=0.01s
[488.791s][info][gc             ] GC(724) Concurrent Mark Cycle
[488.791s][info][gc,marking     ] GC(724) Concurrent Scan Root Regions
[488.795s][info][gc,marking     ] GC(724) Concurrent Scan Root Regions 4.260ms
[488.795s][info][gc,marking     ] GC(724) Concurrent Mark
[488.795s][info][gc,marking     ] GC(724) Concurrent Mark From Roots
[488.795s][info][gc,task        ] GC(724) Using 2 workers of 2 for marking
[488.923s][info][gc,marking     ] GC(724) Concurrent Mark From Roots 128.005ms
[488.923s][info][gc,marking     ] GC(724) Concurrent Preclean
[488.924s][info][gc,marking     ] GC(724) Concurrent Preclean 0.319ms
[488.924s][info][gc,start       ] GC(724) Pause Remark
[488.931s][info][gc             ] GC(724) Pause Remark 121M->121M(205M) 7.354ms
[488.931s][info][gc,cpu         ] GC(724) User=0.00s Sys=0.00s Real=0.01s
[488.931s][info][gc,marking     ] GC(724) Concurrent Mark 136.087ms
[488.931s][info][gc,marking     ] GC(724) Concurrent Rebuild Remembered Sets and Scrub Regions
[488.972s][info][gc,marking     ] GC(724) Concurrent Rebuild Remembered Sets and Scrub Regions 40.401ms
[488.972s][info][gc,start       ] GC(724) Pause Cleanup
[488.972s][info][gc             ] GC(724) Pause Cleanup 131M->131M(205M) 0.233ms
[488.972s][info][gc,cpu         ] GC(724) User=0.00s Sys=0.00s Real=0.00s
[488.972s][info][gc,marking     ] GC(724) Concurrent Clear Claimed Marks
[488.973s][info][gc,marking     ] GC(724) Concurrent Clear Claimed Marks 0.216ms
[488.973s][info][gc,marking     ] GC(724) Concurrent Cleanup for Next Mark
[488.973s][info][gc,marking     ] GC(724) Concurrent Cleanup for Next Mark 0.680ms
[488.974s][info][gc             ] GC(724) Concurrent Mark Cycle 182.723ms
[489.197s][info][gc,start       ] GC(725) Pause Young (Normal) (G1 Evacuation Pause)
[489.197s][info][gc,task        ] GC(725) Using 8 workers of 8 for evacuation
[489.202s][info][gc,phases      ] GC(725)   Pre Evacuate Collection Set: 0.2ms
[489.202s][info][gc,phases      ] GC(725)   Merge Heap Roots: 0.1ms
[489.202s][info][gc,phases      ] GC(725)   Evacuate Collection Set: 4.5ms
[489.203s][info][gc,phases      ] GC(725)   Post Evacuate Collection Set: 0.5ms
[489.203s][info][gc,phases      ] GC(725)   Other: 0.1ms
[489.203s][info][gc,heap        ] GC(725) Eden regions: 101->0(100)
[489.203s][info][gc,heap        ] GC(725) Survivor regions: 5->5(14)
[489.203s][info][gc,heap        ] GC(725) Old regions: 80->81
[489.203s][info][gc,heap        ] GC(725) Humongous regions: 3->3
[489.203s][info][gc,metaspace   ] GC(725) Metaspace: 84640K(85952K)->84640K(85952K) NonClass: 73729K(74496K)->73729K(74496K) Class: 10911K(11456K)->10911K(11456K)
[489.203s][info][gc             ] GC(725) Pause Young (Normal) (G1 Evacuation Pause) 188M->87M(205M) 5.979ms
[489.203s][info][gc,cpu         ] GC(725) User=0.09s Sys=0.00s Real=0.01s
[494.494s][info][gc,start       ] GC(726) Pause Young (Concurrent Start) (G1 Evacuation Pause)
[494.494s][info][gc,task        ] GC(726) Using 8 workers of 8 for evacuation
[494.498s][info][gc,phases      ] GC(726)   Pre Evacuate Collection Set: 0.3ms
[494.498s][info][gc,phases      ] GC(726)   Merge Heap Roots: 0.1ms
[494.498s][info][gc,phases      ] GC(726)   Evacuate Collection Set: 3.2ms
[494.499s][info][gc,phases      ] GC(726)   Post Evacuate Collection Set: 0.6ms
[494.499s][info][gc,phases      ] GC(726)   Other: 0.2ms
[494.499s][info][gc,heap        ] GC(726) Eden regions: 100->0(98)
[494.499s][info][gc,heap        ] GC(726) Survivor regions: 5->6(14)
[494.499s][info][gc,heap        ] GC(726) Old regions: 81->81
[494.499s][info][gc,heap        ] GC(726) Humongous regions: 3->3
[494.499s][info][gc,metaspace   ] GC(726) Metaspace: 84640K(85952K)->84640K(85952K) NonClass: 73729K(74496K)->73729K(74496K) Class: 10911K(11456K)->10911K(11456K)
[494.499s][info][gc             ] GC(726) Pause Young (Concurrent Start) (G1 Evacuation Pause) 187M->88M(205M) 4.787ms
[494.499s][info][gc,cpu         ] GC(726) User=0.12s Sys=0.00s Real=0.00s
[494.499s][info][gc             ] GC(727) Concurrent Mark Cycle
[494.499s][info][gc,marking     ] GC(727) Concurrent Scan Root Regions
[494.500s][info][gc,marking     ] GC(727) Concurrent Scan Root Regions 1.661ms
[494.501s][info][gc,marking     ] GC(727) Concurrent Mark
[494.501s][info][gc,marking     ] GC(727) Concurrent Mark From Roots
[494.501s][info][gc,task        ] GC(727) Using 2 workers of 2 for marking
[494.581s][info][gc,marking     ] GC(727) Concurrent Mark From Roots 80.372ms
[494.581s][info][gc,marking     ] GC(727) Concurrent Preclean
[494.581s][info][gc,marking     ] GC(727) Concurrent Preclean 0.206ms
[494.581s][info][gc,start       ] GC(727) Pause Remark
[494.585s][info][gc             ] GC(727) Pause Remark 126M->126M(214M) 4.244ms
[494.586s][info][gc,cpu         ] GC(727) User=0.00s Sys=0.00s Real=0.00s
[494.586s][info][gc,marking     ] GC(727) Concurrent Mark 85.125ms
[494.586s][info][gc,marking     ] GC(727) Concurrent Rebuild Remembered Sets and Scrub Regions
[494.616s][info][gc,marking     ] GC(727) Concurrent Rebuild Remembered Sets and Scrub Regions 30.069ms
[494.616s][info][gc,start       ] GC(727) Pause Cleanup
[494.616s][info][gc             ] GC(727) Pause Cleanup 134M->134M(214M) 0.124ms
[494.616s][info][gc,cpu         ] GC(727) User=0.00s Sys=0.00s Real=0.00s
[494.616s][info][gc,marking     ] GC(727) Concurrent Clear Claimed Marks
[494.616s][info][gc,marking     ] GC(727) Concurrent Clear Claimed Marks 0.069ms
[494.616s][info][gc,marking     ] GC(727) Concurrent Cleanup for Next Mark
[494.617s][info][gc,marking     ] GC(727) Concurrent Cleanup for Next Mark 0.335ms
[494.617s][info][gc             ] GC(727) Concurrent Mark Cycle 117.769ms
[494.716s][info][gc,start       ] GC(728) Pause Young (Prepare Mixed) (G1 Evacuation Pause)
[494.716s][info][gc,task        ] GC(728) Using 8 workers of 8 for evacuation
[494.720s][info][gc,phases      ] GC(728)   Pre Evacuate Collection Set: 0.1ms
[494.720s][info][gc,phases      ] GC(728)   Merge Heap Roots: 0.1ms
[494.720s][info][gc,phases      ] GC(728)   Evacuate Collection Set: 3.1ms
[494.720s][info][gc,phases      ] GC(728)   Post Evacuate Collection Set: 0.5ms
[494.720s][info][gc,phases      ] GC(728)   Other: 0.1ms
[494.720s][info][gc,heap        ] GC(728) Eden regions: 97->0(106)
[494.720s][info][gc,heap        ] GC(728) Survivor regions: 6->6(13)
[494.720s][info][gc,heap        ] GC(728) Old regions: 81->81
[494.720s][info][gc,heap        ] GC(728) Humongous regions: 3->3
[494.720s][info][gc,metaspace   ] GC(728) Metaspace: 84640K(85952K)->84640K(85952K) NonClass: 73729K(74496K)->73729K(74496K) Class: 10911K(11456K)->10911K(11456K)
[494.720s][info][gc             ] GC(728) Pause Young (Prepare Mixed) (G1 Evacuation Pause) 185M->88M(214M) 4.282ms
[494.720s][info][gc,cpu         ] GC(728) User=0.00s Sys=0.00s Real=0.00s
[494.951s][info][gc,start       ] GC(729) Pause Young (Mixed) (G1 Evacuation Pause)
[494.951s][info][gc,task        ] GC(729) Using 8 workers of 8 for evacuation
[494.955s][info][gc,phases      ] GC(729)   Pre Evacuate Collection Set: 0.2ms
[494.955s][info][gc,phases      ] GC(729)   Merge Heap Roots: 0.1ms
[494.955s][info][gc,phases      ] GC(729)   Evacuate Collection Set: 2.9ms
[494.955s][info][gc,phases      ] GC(729)   Post Evacuate Collection Set: 0.4ms
[494.955s][info][gc,phases      ] GC(729)   Other: 0.1ms
[494.955s][info][gc,heap        ] GC(729) Eden regions: 106->0(106)
[494.955s][info][gc,heap        ] GC(729) Survivor regions: 6->6(14)
[494.955s][info][gc,heap        ] GC(729) Old regions: 81->81
[494.955s][info][gc,heap        ] GC(729) Humongous regions: 3->3
[494.955s][info][gc,metaspace   ] GC(729) Metaspace: 84640K(85952K)->84640K(85952K) NonClass: 73729K(74496K)->73729K(74496K) Class: 10911K(11456K)->10911K(11456K)
[494.955s][info][gc             ] GC(729) Pause Young (Mixed) (G1 Evacuation Pause) 194M->89M(214M) 4.304ms
[494.955s][info][gc,cpu         ] GC(729) User=0.00s Sys=0.00s Real=0.01s
[495.233s][info][gc,start       ] GC(730) Pause Young (Concurrent Start) (G1 Evacuation Pause)
[495.233s][info][gc,task        ] GC(730) Using 8 workers of 8 for evacuation
[495.237s][info][gc,phases      ] GC(730)   Pre Evacuate Collection Set: 0.2ms
[495.237s][info][gc,phases      ] GC(730)   Merge Heap Roots: 0.1ms
[495.237s][info][gc,phases      ] GC(730)   Evacuate Collection Set: 3.1ms
[495.237s][info][gc,phases      ] GC(730)   Post Evacuate Collection Set: 0.4ms
[495.238s][info][gc,phases      ] GC(730)   Other: 0.2ms
[495.238s][info][gc,heap        ] GC(730) Eden regions: 106->0(105)
[495.238s][info][gc,heap        ] GC(730) Survivor regions: 6->6(14)
[495.238s][info][gc,heap        ] GC(730) Old regions: 81->82
[495.238s][info][gc,heap        ] GC(730) Humongous regions: 3->3
[495.238s][info][gc,metaspace   ] GC(730) Metaspace: 84640K(85952K)->84640K(85952K) NonClass: 73729K(74496K)->73729K(74496K) Class: 10911K(11456K)->10911K(11456K)
[495.238s][info][gc             ] GC(730) Pause Young (Concurrent Start) (G1 Evacuation Pause) 195M->89M(214M) 4.413ms
[495.238s][info][gc,cpu         ] GC(730) User=0.00s Sys=0.00s Real=0.00s
[495.238s][info][gc             ] GC(731) Concurrent Mark Cycle
[495.238s][info][gc,marking     ] GC(731) Concurrent Scan Root Regions
[495.241s][info][gc,marking     ] GC(731) Concurrent Scan Root Regions 3.369ms
[495.241s][info][gc,marking     ] GC(731) Concurrent Mark
[495.241s][info][gc,marking     ] GC(731) Concurrent Mark From Roots
[495.241s][info][gc,task        ] GC(731) Using 2 workers of 2 for marking
[495.344s][info][gc,marking     ] GC(731) Concurrent Mark From Roots 102.752ms
[495.344s][info][gc,marking     ] GC(731) Concurrent Preclean
[495.344s][info][gc,marking     ] GC(731) Concurrent Preclean 0.229ms
[495.345s][info][gc,start       ] GC(731) Pause Remark
[495.349s][info][gc             ] GC(731) Pause Remark 125M->125M(214M) 4.905ms
[495.350s][info][gc,cpu         ] GC(731) User=0.00s Sys=0.00s Real=0.01s
[495.350s][info][gc,marking     ] GC(731) Concurrent Mark 108.225ms
[495.350s][info][gc,marking     ] GC(731) Concurrent Rebuild Remembered Sets and Scrub Regions
[495.385s][info][gc,marking     ] GC(731) Concurrent Rebuild Remembered Sets and Scrub Regions 35.353ms
[495.385s][info][gc,start       ] GC(731) Pause Cleanup
[495.385s][info][gc             ] GC(731) Pause Cleanup 137M->137M(214M) 0.148ms
[495.385s][info][gc,cpu         ] GC(731) User=0.00s Sys=0.00s Real=0.00s
[495.385s][info][gc,marking     ] GC(731) Concurrent Clear Claimed Marks
[495.386s][info][gc,marking     ] GC(731) Concurrent Clear Claimed Marks 0.096ms
[495.386s][info][gc,marking     ] GC(731) Concurrent Cleanup for Next Mark
[495.386s][info][gc,marking     ] GC(731) Concurrent Cleanup for Next Mark 0.387ms
[495.386s][info][gc             ] GC(731) Concurrent Mark Cycle 148.214ms
[495.569s][info][gc,start       ] GC(732) Pause Young (Prepare Mixed) (G1 Evacuation Pause)
[495.569s][info][gc,task        ] GC(732) Using 8 workers of 8 for evacuation
[495.573s][info][gc,phases      ] GC(732)   Pre Evacuate Collection Set: 0.1ms
[495.573s][info][gc,phases      ] GC(732)   Merge Heap Roots: 0.1ms
[495.573s][info][gc,phases      ] GC(732)   Evacuate Collection Set: 3.3ms
[495.573s][info][gc,phases      ] GC(732)   Post Evacuate Collection Set: 0.3ms
[495.573s][info][gc,phases      ] GC(732)   Other: 0.1ms
[495.573s][info][gc,heap        ] GC(732) Eden regions: 105->0(105)
[495.573s][info][gc,heap        ] GC(732) Survivor regions: 6->6(14)
[495.573s][info][gc,heap        ] GC(732) Old regions: 82->82
[495.573s][info][gc,heap        ] GC(732) Humongous regions: 3->3
[495.573s][info][gc,metaspace   ] GC(732) Metaspace: 84640K(85952K)->84640K(85952K) NonClass: 73729K(74496K)->73729K(74496K) Class: 10911K(11456K)->10911K(11456K)
[495.573s][info][gc             ] GC(732) Pause Young (Prepare Mixed) (G1 Evacuation Pause) 194M->89M(214M) 4.285ms
[495.573s][info][gc,cpu         ] GC(732) User=0.00s Sys=0.00s Real=0.00s
[495.812s][info][gc,start       ] GC(733) Pause Young (Mixed) (G1 Evacuation Pause)
[495.813s][info][gc,task        ] GC(733) Using 8 workers of 8 for evacuation
[495.817s][info][gc,phases      ] GC(733)   Pre Evacuate Collection Set: 0.2ms
[495.817s][info][gc,phases      ] GC(733)   Merge Heap Roots: 0.1ms
[495.817s][info][gc,phases      ] GC(733)   Evacuate Collection Set: 3.7ms
[495.817s][info][gc,phases      ] GC(733)   Post Evacuate Collection Set: 0.4ms
[495.817s][info][gc,phases      ] GC(733)   Other: 0.1ms
[495.817s][info][gc,heap        ] GC(733) Eden regions: 105->0(105)
[495.817s][info][gc,heap        ] GC(733) Survivor regions: 6->6(14)
[495.817s][info][gc,heap        ] GC(733) Old regions: 82->82
[495.817s][info][gc,heap        ] GC(733) Humongous regions: 3->3
[495.817s][info][gc,metaspace   ] GC(733) Metaspace: 84640K(85952K)->84640K(85952K) NonClass: 73729K(74496K)->73729K(74496K) Class: 10911K(11456K)->10911K(11456K)
[495.817s][info][gc             ] GC(733) Pause Young (Mixed) (G1 Evacuation Pause) 194M->90M(214M) 4.798ms
[495.817s][info][gc,cpu         ] GC(733) User=0.00s Sys=0.00s Real=0.00s
[496.060s][info][gc,start       ] GC(734) Pause Young (Concurrent Start) (G1 Evacuation Pause)
[496.060s][info][gc,task        ] GC(734) Using 8 workers of 8 for evacuation
[496.064s][info][gc,phases      ] GC(734)   Pre Evacuate Collection Set: 0.2ms
[496.064s][info][gc,phases      ] GC(734)   Merge Heap Roots: 0.1ms
[496.064s][info][gc,phases      ] GC(734)   Evacuate Collection Set: 2.8ms
[496.064s][info][gc,phases      ] GC(734)   Post Evacuate Collection Set: 0.5ms
[496.064s][info][gc,phases      ] GC(734)   Other: 0.2ms
[496.064s][info][gc,heap        ] GC(734) Eden regions: 105->0(105)
[496.064s][info][gc,heap        ] GC(734) Survivor regions: 6->6(14)
[496.064s][info][gc,heap        ] GC(734) Old regions: 82->82
[496.064s][info][gc,heap        ] GC(734) Humongous regions: 3->3
[496.064s][info][gc,metaspace   ] GC(734) Metaspace: 84640K(85952K)->84640K(85952K) NonClass: 73729K(74496K)->73729K(74496K) Class: 10911K(11456K)->10911K(11456K)
[496.064s][info][gc             ] GC(734) Pause Young (Concurrent Start) (G1 Evacuation Pause) 195M->90M(214M) 4.199ms
[496.064s][info][gc,cpu         ] GC(734) User=0.00s Sys=0.00s Real=0.00s
[496.064s][info][gc             ] GC(735) Concurrent Mark Cycle
[496.064s][info][gc,marking     ] GC(735) Concurrent Scan Root Regions
[496.067s][info][gc,marking     ] GC(735) Concurrent Scan Root Regions 2.365ms
[496.067s][info][gc,marking     ] GC(735) Concurrent Mark
[496.067s][info][gc,marking     ] GC(735) Concurrent Mark From Roots
[496.067s][info][gc,task        ] GC(735) Using 2 workers of 2 for marking
[496.190s][info][gc,marking     ] GC(735) Concurrent Mark From Roots 123.321ms
[496.190s][info][gc,marking     ] GC(735) Concurrent Preclean
[496.190s][info][gc,marking     ] GC(735) Concurrent Preclean 0.340ms
[496.190s][info][gc,start       ] GC(735) Pause Remark
[496.196s][info][gc             ] GC(735) Pause Remark 126M->126M(214M) 5.585ms
[496.196s][info][gc,cpu         ] GC(735) User=0.00s Sys=0.00s Real=0.01s
[496.196s][info][gc,marking     ] GC(735) Concurrent Mark 129.802ms
[496.196s][info][gc,marking     ] GC(735) Concurrent Rebuild Remembered Sets and Scrub Regions
[496.212s][info][gc,marking     ] GC(735) Concurrent Rebuild Remembered Sets and Scrub Regions 15.194ms
[496.212s][info][gc,start       ] GC(735) Pause Cleanup
[496.212s][info][gc             ] GC(735) Pause Cleanup 131M->131M(214M) 0.062ms
[496.212s][info][gc,cpu         ] GC(735) User=0.00s Sys=0.00s Real=0.00s
[496.212s][info][gc,marking     ] GC(735) Concurrent Clear Claimed Marks
[496.212s][info][gc,marking     ] GC(735) Concurrent Clear Claimed Marks 0.091ms
[496.212s][info][gc,marking     ] GC(735) Concurrent Cleanup for Next Mark
[496.212s][info][gc,marking     ] GC(735) Concurrent Cleanup for Next Mark 0.427ms
[496.213s][info][gc             ] GC(735) Concurrent Mark Cycle 148.460ms
[496.351s][info][gc,start       ] GC(736) Pause Young (Normal) (G1 Evacuation Pause)
[496.351s][info][gc,task        ] GC(736) Using 8 workers of 8 for evacuation
[496.355s][info][gc,phases      ] GC(736)   Pre Evacuate Collection Set: 0.2ms
[496.356s][info][gc,phases      ] GC(736)   Merge Heap Roots: 0.1ms
[496.356s][info][gc,phases      ] GC(736)   Evacuate Collection Set: 3.3ms
[496.356s][info][gc,phases      ] GC(736)   Post Evacuate Collection Set: 0.4ms
[496.356s][info][gc,phases      ] GC(736)   Other: 0.1ms
[496.356s][info][gc,heap        ] GC(736) Eden regions: 105->0(104)
[496.356s][info][gc,heap        ] GC(736) Survivor regions: 6->6(14)
[496.356s][info][gc,heap        ] GC(736) Old regions: 82->83
[496.356s][info][gc,heap        ] GC(736) Humongous regions: 3->3
[496.356s][info][gc,metaspace   ] GC(736) Metaspace: 84640K(85952K)->84640K(85952K) NonClass: 73729K(74496K)->73729K(74496K) Class: 10911K(11456K)->10911K(11456K)
[496.356s][info][gc             ] GC(736) Pause Young (Normal) (G1 Evacuation Pause) 195M->90M(214M) 4.456ms
[496.356s][info][gc,cpu         ] GC(736) User=0.00s Sys=0.00s Real=0.00s
[496.609s][info][gc,start       ] GC(737) Pause Young (Concurrent Start) (G1 Evacuation Pause)
[496.609s][info][gc,task        ] GC(737) Using 8 workers of 8 for evacuation
[496.613s][info][gc,phases      ] GC(737)   Pre Evacuate Collection Set: 0.2ms
[496.613s][info][gc,phases      ] GC(737)   Merge Heap Roots: 0.1ms
[496.613s][info][gc,phases      ] GC(737)   Evacuate Collection Set: 3.5ms
[496.613s][info][gc,phases      ] GC(737)   Post Evacuate Collection Set: 0.5ms
[496.613s][info][gc,phases      ] GC(737)   Other: 0.2ms
[496.613s][info][gc,heap        ] GC(737) Eden regions: 104->0(104)
[496.614s][info][gc,heap        ] GC(737) Survivor regions: 6->6(14)
[496.614s][info][gc,heap        ] GC(737) Old regions: 83->83
[496.614s][info][gc,heap        ] GC(737) Humongous regions: 3->3
[496.614s][info][gc,metaspace   ] GC(737) Metaspace: 84640K(85952K)->84640K(85952K) NonClass: 73729K(74496K)->73729K(74496K) Class: 10911K(11456K)->10911K(11456K)
[496.614s][info][gc             ] GC(737) Pause Young (Concurrent Start) (G1 Evacuation Pause) 194M->91M(214M) 4.991ms
[496.614s][info][gc,cpu         ] GC(737) User=0.00s Sys=0.00s Real=0.00s
[496.614s][info][gc             ] GC(738) Concurrent Mark Cycle
[496.614s][info][gc,marking     ] GC(738) Concurrent Scan Root Regions
[496.617s][info][gc,marking     ] GC(738) Concurrent Scan Root Regions 2.767ms
[496.617s][info][gc,marking     ] GC(738) Concurrent Mark
[496.617s][info][gc,marking     ] GC(738) Concurrent Mark From Roots
[496.617s][info][gc,task        ] GC(738) Using 2 workers of 2 for marking
[496.737s][info][gc,marking     ] GC(738) Concurrent Mark From Roots 120.103ms
[496.737s][info][gc,marking     ] GC(738) Concurrent Preclean
[496.737s][info][gc,marking     ] GC(738) Concurrent Preclean 0.240ms
[496.737s][info][gc,start       ] GC(738) Pause Remark
[496.742s][info][gc             ] GC(738) Pause Remark 126M->126M(214M) 4.437ms
[496.742s][info][gc,cpu         ] GC(738) User=0.00s Sys=0.00s Real=0.01s
[496.742s][info][gc,marking     ] GC(738) Concurrent Mark 125.180ms
[496.742s][info][gc,marking     ] GC(738) Concurrent Rebuild Remembered Sets and Scrub Regions
[496.777s][info][gc,marking     ] GC(738) Concurrent Rebuild Remembered Sets and Scrub Regions 35.438ms
[496.777s][info][gc,start       ] GC(738) Pause Cleanup
[496.778s][info][gc             ] GC(738) Pause Cleanup 139M->139M(214M) 0.184ms
[496.778s][info][gc,cpu         ] GC(738) User=0.00s Sys=0.00s Real=0.00s
[496.778s][info][gc,marking     ] GC(738) Concurrent Clear Claimed Marks
[496.778s][info][gc,marking     ] GC(738) Concurrent Clear Claimed Marks 0.101ms
[496.778s][info][gc,marking     ] GC(738) Concurrent Cleanup for Next Mark
[496.778s][info][gc,marking     ] GC(738) Concurrent Cleanup for Next Mark 0.422ms
[496.778s][info][gc             ] GC(738) Concurrent Mark Cycle 164.699ms
[496.944s][info][gc,start       ] GC(739) Pause Young (Prepare Mixed) (G1 Evacuation Pause)
[496.944s][info][gc,task        ] GC(739) Using 8 workers of 8 for evacuation
[496.948s][info][gc,phases      ] GC(739)   Pre Evacuate Collection Set: 0.1ms
[496.948s][info][gc,phases      ] GC(739)   Merge Heap Roots: 0.1ms
[496.948s][info][gc,phases      ] GC(739)   Evacuate Collection Set: 3.2ms
[496.948s][info][gc,phases      ] GC(739)   Post Evacuate Collection Set: 0.4ms
[496.948s][info][gc,phases      ] GC(739)   Other: 0.1ms
[496.948s][info][gc,heap        ] GC(739) Eden regions: 104->0(104)
[496.948s][info][gc,heap        ] GC(739) Survivor regions: 6->6(14)
[496.948s][info][gc,heap        ] GC(739) Old regions: 83->83
[496.948s][info][gc,heap        ] GC(739) Humongous regions: 3->3
[496.948s][info][gc,metaspace   ] GC(739) Metaspace: 84640K(85952K)->84640K(85952K) NonClass: 73729K(74496K)->73729K(74496K) Class: 10911K(11456K)->10911K(11456K)
[496.948s][info][gc             ] GC(739) Pause Young (Prepare Mixed) (G1 Evacuation Pause) 195M->91M(214M) 4.366ms
[496.948s][info][gc,cpu         ] GC(739) User=0.00s Sys=0.00s Real=0.00s
[497.202s][info][gc,start       ] GC(740) Pause Young (Mixed) (G1 Evacuation Pause)
[497.202s][info][gc,task        ] GC(740) Using 8 workers of 8 for evacuation
[497.206s][info][gc,phases      ] GC(740)   Pre Evacuate Collection Set: 0.2ms
[497.206s][info][gc,phases      ] GC(740)   Merge Heap Roots: 0.1ms
[497.206s][info][gc,phases      ] GC(740)   Evacuate Collection Set: 3.3ms
[497.206s][info][gc,phases      ] GC(740)   Post Evacuate Collection Set: 0.4ms
[497.206s][info][gc,phases      ] GC(740)   Other: 0.1ms
[497.206s][info][gc,heap        ] GC(740) Eden regions: 104->0(103)
[497.206s][info][gc,heap        ] GC(740) Survivor regions: 6->6(14)
[497.206s][info][gc,heap        ] GC(740) Old regions: 83->84
[497.206s][info][gc,heap        ] GC(740) Humongous regions: 3->3
[497.206s][info][gc,metaspace   ] GC(740) Metaspace: 84640K(85952K)->84640K(85952K) NonClass: 73729K(74496K)->73729K(74496K) Class: 10911K(11456K)->10911K(11456K)
[497.206s][info][gc             ] GC(740) Pause Young (Mixed) (G1 Evacuation Pause) 195M->91M(214M) 4.458ms
[497.206s][info][gc,cpu         ] GC(740) User=0.00s Sys=0.00s Real=0.00s
[497.443s][info][gc,start       ] GC(741) Pause Young (Concurrent Start) (G1 Evacuation Pause)
[497.443s][info][gc,task        ] GC(741) Using 8 workers of 8 for evacuation
[497.447s][info][gc,phases      ] GC(741)   Pre Evacuate Collection Set: 0.2ms
[497.447s][info][gc,phases      ] GC(741)   Merge Heap Roots: 0.1ms
[497.447s][info][gc,phases      ] GC(741)   Evacuate Collection Set: 3.2ms
[497.447s][info][gc,phases      ] GC(741)   Post Evacuate Collection Set: 0.6ms
[497.447s][info][gc,phases      ] GC(741)   Other: 0.2ms
[497.447s][info][gc,heap        ] GC(741) Eden regions: 103->0(103)
[497.447s][info][gc,heap        ] GC(741) Survivor regions: 6->6(14)
[497.447s][info][gc,heap        ] GC(741) Old regions: 84->84
[497.447s][info][gc,heap        ] GC(741) Humongous regions: 3->3
[497.447s][info][gc,metaspace   ] GC(741) Metaspace: 84640K(85952K)->84640K(85952K) NonClass: 73729K(74496K)->73729K(74496K) Class: 10911K(11456K)->10911K(11456K)
[497.447s][info][gc             ] GC(741) Pause Young (Concurrent Start) (G1 Evacuation Pause) 194M->91M(214M) 4.724ms
[497.447s][info][gc,cpu         ] GC(741) User=0.00s Sys=0.00s Real=0.01s
[497.447s][info][gc             ] GC(742) Concurrent Mark Cycle
[497.448s][info][gc,marking     ] GC(742) Concurrent Scan Root Regions
[497.451s][info][gc,marking     ] GC(742) Concurrent Scan Root Regions 3.176ms
[497.451s][info][gc,marking     ] GC(742) Concurrent Mark
[497.451s][info][gc,marking     ] GC(742) Concurrent Mark From Roots
[497.451s][info][gc,task        ] GC(742) Using 2 workers of 2 for marking
[497.582s][info][gc,marking     ] GC(742) Concurrent Mark From Roots 131.262ms
[497.582s][info][gc,marking     ] GC(742) Concurrent Preclean
[497.583s][info][gc,marking     ] GC(742) Concurrent Preclean 0.375ms
[497.583s][info][gc,start       ] GC(742) Pause Remark
[497.588s][info][gc             ] GC(742) Pause Remark 131M->131M(222M) 5.334ms
[497.588s][info][gc,cpu         ] GC(742) User=0.00s Sys=0.00s Real=0.01s
[497.588s][info][gc,marking     ] GC(742) Concurrent Mark 137.398ms
[497.588s][info][gc,marking     ] GC(742) Concurrent Rebuild Remembered Sets and Scrub Regions
[497.635s][info][gc,marking     ] GC(742) Concurrent Rebuild Remembered Sets and Scrub Regions 47.190ms
[497.636s][info][gc,start       ] GC(742) Pause Cleanup
[497.636s][info][gc             ] GC(742) Pause Cleanup 140M->140M(222M) 0.145ms
[497.636s][info][gc,cpu         ] GC(742) User=0.00s Sys=0.00s Real=0.00s
[497.636s][info][gc,marking     ] GC(742) Concurrent Clear Claimed Marks
[497.636s][info][gc,marking     ] GC(742) Concurrent Clear Claimed Marks 0.092ms
[497.636s][info][gc,marking     ] GC(742) Concurrent Cleanup for Next Mark
[497.636s][info][gc,marking     ] GC(742) Concurrent Cleanup for Next Mark 0.398ms
[497.636s][info][gc             ] GC(742) Concurrent Mark Cycle 188.991ms
[497.756s][info][gc,start       ] GC(743) Pause Young (Normal) (G1 Evacuation Pause)
[497.756s][info][gc,task        ] GC(743) Using 8 workers of 8 for evacuation
[497.760s][info][gc,phases      ] GC(743)   Pre Evacuate Collection Set: 0.1ms
[497.760s][info][gc,phases      ] GC(743)   Merge Heap Roots: 0.1ms
[497.760s][info][gc,phases      ] GC(743)   Evacuate Collection Set: 3.5ms
[497.760s][info][gc,phases      ] GC(743)   Post Evacuate Collection Set: 0.4ms
[497.760s][info][gc,phases      ] GC(743)   Other: 0.1ms
[497.760s][info][gc,heap        ] GC(743) Eden regions: 103->0(111)
[497.760s][info][gc,heap        ] GC(743) Survivor regions: 6->6(14)
[497.760s][info][gc,heap        ] GC(743) Old regions: 84->84
[497.760s][info][gc,heap        ] GC(743) Humongous regions: 3->3
[497.760s][info][gc,metaspace   ] GC(743) Metaspace: 84640K(85952K)->84640K(85952K) NonClass: 73729K(74496K)->73729K(74496K) Class: 10911K(11456K)->10911K(11456K)
[497.760s][info][gc             ] GC(743) Pause Young (Normal) (G1 Evacuation Pause) 194M->92M(222M) 4.511ms
[497.760s][info][gc,cpu         ] GC(743) User=0.00s Sys=0.00s Real=0.00s
[498.035s][info][gc,start       ] GC(744) Pause Young (Concurrent Start) (G1 Evacuation Pause)
[498.035s][info][gc,task        ] GC(744) Using 8 workers of 8 for evacuation
[498.039s][info][gc,phases      ] GC(744)   Pre Evacuate Collection Set: 0.2ms
[498.039s][info][gc,phases      ] GC(744)   Merge Heap Roots: 0.1ms
[498.039s][info][gc,phases      ] GC(744)   Evacuate Collection Set: 3.2ms
[498.039s][info][gc,phases      ] GC(744)   Post Evacuate Collection Set: 0.5ms
[498.039s][info][gc,phases      ] GC(744)   Other: 0.2ms
[498.039s][info][gc,heap        ] GC(744) Eden regions: 111->0(110)
[498.039s][info][gc,heap        ] GC(744) Survivor regions: 6->6(15)
[498.039s][info][gc,heap        ] GC(744) Old regions: 84->85
[498.039s][info][gc,heap        ] GC(744) Humongous regions: 3->3
[498.039s][info][gc,metaspace   ] GC(744) Metaspace: 84640K(85952K)->84640K(85952K) NonClass: 73729K(74496K)->73729K(74496K) Class: 10911K(11456K)->10911K(11456K)
[498.039s][info][gc             ] GC(744) Pause Young (Concurrent Start) (G1 Evacuation Pause) 203M->92M(222M) 4.491ms
[498.040s][info][gc,cpu         ] GC(744) User=0.00s Sys=0.00s Real=0.00s
[498.040s][info][gc             ] GC(745) Concurrent Mark Cycle
[498.040s][info][gc,marking     ] GC(745) Concurrent Scan Root Regions
[498.043s][info][gc,marking     ] GC(745) Concurrent Scan Root Regions 3.229ms
[498.043s][info][gc,marking     ] GC(745) Concurrent Mark
[498.043s][info][gc,marking     ] GC(745) Concurrent Mark From Roots
[498.043s][info][gc,task        ] GC(745) Using 2 workers of 2 for marking
[498.170s][info][gc,marking     ] GC(745) Concurrent Mark From Roots 127.450ms
[498.170s][info][gc,marking     ] GC(745) Concurrent Preclean
[498.171s][info][gc,marking     ] GC(745) Concurrent Preclean 0.259ms
[498.171s][info][gc,start       ] GC(745) Pause Remark
[498.177s][info][gc             ] GC(745) Pause Remark 131M->131M(222M) 6.452ms
[498.177s][info][gc,cpu         ] GC(745) User=0.00s Sys=0.00s Real=0.01s
[498.177s][info][gc,marking     ] GC(745) Concurrent Mark 134.547ms
[498.177s][info][gc,marking     ] GC(745) Concurrent Rebuild Remembered Sets and Scrub Regions
[498.219s][info][gc,marking     ] GC(745) Concurrent Rebuild Remembered Sets and Scrub Regions 41.580ms
[498.219s][info][gc,start       ] GC(745) Pause Cleanup
[498.219s][info][gc             ] GC(745) Pause Cleanup 143M->143M(222M) 0.143ms
[498.219s][info][gc,cpu         ] GC(745) User=0.00s Sys=0.00s Real=0.00s
[498.219s][info][gc,marking     ] GC(745) Concurrent Clear Claimed Marks
[498.220s][info][gc,marking     ] GC(745) Concurrent Clear Claimed Marks 0.076ms
[498.220s][info][gc,marking     ] GC(745) Concurrent Cleanup for Next Mark
[498.220s][info][gc,marking     ] GC(745) Concurrent Cleanup for Next Mark 0.340ms
[498.220s][info][gc             ] GC(745) Concurrent Mark Cycle 180.388ms
[498.379s][info][gc,start       ] GC(746) Pause Young (Normal) (G1 Evacuation Pause)
[498.379s][info][gc,task        ] GC(746) Using 8 workers of 8 for evacuation
[498.383s][info][gc,phases      ] GC(746)   Pre Evacuate Collection Set: 0.1ms
[498.383s][info][gc,phases      ] GC(746)   Merge Heap Roots: 0.1ms
[498.383s][info][gc,phases      ] GC(746)   Evacuate Collection Set: 3.6ms
[498.383s][info][gc,phases      ] GC(746)   Post Evacuate Collection Set: 0.4ms
[498.383s][info][gc,phases      ] GC(746)   Other: 0.1ms
[498.383s][info][gc,heap        ] GC(746) Eden regions: 110->0(110)
[498.383s][info][gc,heap        ] GC(746) Survivor regions: 6->6(15)
[498.383s][info][gc,heap        ] GC(746) Old regions: 85->85
[498.384s][info][gc,heap        ] GC(746) Humongous regions: 3->3
[498.384s][info][gc,metaspace   ] GC(746) Metaspace: 84640K(85952K)->84640K(85952K) NonClass: 73729K(74496K)->73729K(74496K) Class: 10911K(11456K)->10911K(11456K)
[498.384s][info][gc             ] GC(746) Pause Young (Normal) (G1 Evacuation Pause) 202M->93M(222M) 4.861ms
[498.384s][info][gc,cpu         ] GC(746) User=0.00s Sys=0.00s Real=0.00s
[498.674s][info][gc,start       ] GC(747) Pause Young (Concurrent Start) (G1 Evacuation Pause)
[498.674s][info][gc,task        ] GC(747) Using 8 workers of 8 for evacuation
[498.679s][info][gc,phases      ] GC(747)   Pre Evacuate Collection Set: 0.2ms
[498.679s][info][gc,phases      ] GC(747)   Merge Heap Roots: 0.1ms
[498.679s][info][gc,phases      ] GC(747)   Evacuate Collection Set: 3.8ms
[498.679s][info][gc,phases      ] GC(747)   Post Evacuate Collection Set: 0.4ms
[498.679s][info][gc,phases      ] GC(747)   Other: 0.1ms
[498.679s][info][gc,heap        ] GC(747) Eden regions: 110->0(109)
[498.679s][info][gc,heap        ] GC(747) Survivor regions: 6->6(15)
[498.679s][info][gc,heap        ] GC(747) Old regions: 85->86
[498.679s][info][gc,heap        ] GC(747) Humongous regions: 3->3
[498.679s][info][gc,metaspace   ] GC(747) Metaspace: 84640K(85952K)->84640K(85952K) NonClass: 73729K(74496K)->73729K(74496K) Class: 10911K(11456K)->10911K(11456K)
[498.679s][info][gc             ] GC(747) Pause Young (Concurrent Start) (G1 Evacuation Pause) 203M->93M(222M) 5.068ms
[498.679s][info][gc,cpu         ] GC(747) User=0.00s Sys=0.00s Real=0.00s
[498.679s][info][gc             ] GC(748) Concurrent Mark Cycle
[498.679s][info][gc,marking     ] GC(748) Concurrent Scan Root Regions
[498.683s][info][gc,marking     ] GC(748) Concurrent Scan Root Regions 4.155ms
[498.683s][info][gc,marking     ] GC(748) Concurrent Mark
[498.683s][info][gc,marking     ] GC(748) Concurrent Mark From Roots
[498.683s][info][gc,task        ] GC(748) Using 2 workers of 2 for marking
[498.818s][info][gc,marking     ] GC(748) Concurrent Mark From Roots 134.314ms
[498.818s][info][gc,marking     ] GC(748) Concurrent Preclean
[498.818s][info][gc,marking     ] GC(748) Concurrent Preclean 0.292ms
[498.818s][info][gc,start       ] GC(748) Pause Remark
[498.823s][info][gc             ] GC(748) Pause Remark 128M->128M(222M) 5.011ms
[498.823s][info][gc,cpu         ] GC(748) User=0.00s Sys=0.00s Real=0.01s
[498.823s][info][gc,marking     ] GC(748) Concurrent Mark 140.002ms
[498.824s][info][gc,marking     ] GC(748) Concurrent Rebuild Remembered Sets and Scrub Regions
[498.866s][info][gc,marking     ] GC(748) Concurrent Rebuild Remembered Sets and Scrub Regions 42.941ms
[498.867s][info][gc,start       ] GC(748) Pause Cleanup
[498.867s][info][gc             ] GC(748) Pause Cleanup 139M->139M(222M) 0.186ms
[498.867s][info][gc,cpu         ] GC(748) User=0.00s Sys=0.00s Real=0.00s
[498.867s][info][gc,marking     ] GC(748) Concurrent Clear Claimed Marks
[498.867s][info][gc,marking     ] GC(748) Concurrent Clear Claimed Marks 0.105ms
[498.867s][info][gc,marking     ] GC(748) Concurrent Cleanup for Next Mark
[498.867s][info][gc,marking     ] GC(748) Concurrent Cleanup for Next Mark 0.363ms
[498.867s][info][gc             ] GC(748) Concurrent Mark Cycle 188.340ms
[499.066s][info][gc,start       ] GC(749) Pause Young (Normal) (G1 Evacuation Pause)
[499.066s][info][gc,task        ] GC(749) Using 8 workers of 8 for evacuation
[499.070s][info][gc,phases      ] GC(749)   Pre Evacuate Collection Set: 0.2ms
[499.070s][info][gc,phases      ] GC(749)   Merge Heap Roots: 0.1ms
[499.070s][info][gc,phases      ] GC(749)   Evacuate Collection Set: 3.3ms
[499.071s][info][gc,phases      ] GC(749)   Post Evacuate Collection Set: 0.4ms
[499.071s][info][gc,phases      ] GC(749)   Other: 0.1ms
[499.071s][info][gc,heap        ] GC(749) Eden regions: 109->0(111)
[499.071s][info][gc,heap        ] GC(749) Survivor regions: 6->5(15)
[499.071s][info][gc,heap        ] GC(749) Old regions: 86->86
[499.071s][info][gc,heap        ] GC(749) Humongous regions: 3->3
[499.071s][info][gc,metaspace   ] GC(749) Metaspace: 84640K(85952K)->84640K(85952K) NonClass: 73729K(74496K)->73729K(74496K) Class: 10911K(11456K)->10911K(11456K)
[499.071s][info][gc             ] GC(749) Pause Young (Normal) (G1 Evacuation Pause) 202M->93M(222M) 4.659ms
[499.071s][info][gc,cpu         ] GC(749) User=0.00s Sys=0.00s Real=0.01s
[499.427s][info][gc,start       ] GC(750) Pause Young (Concurrent Start) (G1 Evacuation Pause)
[499.427s][info][gc,task        ] GC(750) Using 8 workers of 8 for evacuation
[499.433s][info][gc,phases      ] GC(750)   Pre Evacuate Collection Set: 0.2ms
[499.433s][info][gc,phases      ] GC(750)   Merge Heap Roots: 0.1ms
[499.433s][info][gc,phases      ] GC(750)   Evacuate Collection Set: 4.4ms
[499.433s][info][gc,phases      ] GC(750)   Post Evacuate Collection Set: 0.6ms
[499.433s][info][gc,phases      ] GC(750)   Other: 0.2ms
[499.433s][info][gc,heap        ] GC(750) Eden regions: 111->0(111)
[499.433s][info][gc,heap        ] GC(750) Survivor regions: 5->5(15)
[499.433s][info][gc,heap        ] GC(750) Old regions: 86->86
[499.433s][info][gc,heap        ] GC(750) Humongous regions: 3->3
[499.433s][info][gc,metaspace   ] GC(750) Metaspace: 84640K(85952K)->84640K(85952K) NonClass: 73729K(74496K)->73729K(74496K) Class: 10911K(11456K)->10911K(11456K)
[499.433s][info][gc             ] GC(750) Pause Young (Concurrent Start) (G1 Evacuation Pause) 204M->93M(222M) 6.171ms
[499.433s][info][gc,cpu         ] GC(750) User=0.00s Sys=0.00s Real=0.01s
[499.433s][info][gc             ] GC(751) Concurrent Mark Cycle
[499.434s][info][gc,marking     ] GC(751) Concurrent Scan Root Regions
[499.438s][info][gc,marking     ] GC(751) Concurrent Scan Root Regions 4.039ms
[499.438s][info][gc,marking     ] GC(751) Concurrent Mark
[499.438s][info][gc,marking     ] GC(751) Concurrent Mark From Roots
[499.438s][info][gc,task        ] GC(751) Using 2 workers of 2 for marking
[499.622s][info][gc,marking     ] GC(751) Concurrent Mark From Roots 184.553ms
[499.622s][info][gc,marking     ] GC(751) Concurrent Preclean
[499.623s][info][gc,marking     ] GC(751) Concurrent Preclean 0.531ms
[499.623s][info][gc,start       ] GC(751) Pause Remark
[499.630s][info][gc             ] GC(751) Pause Remark 131M->131M(222M) 7.056ms
[499.630s][info][gc,cpu         ] GC(751) User=0.00s Sys=0.00s Real=0.01s
[499.630s][info][gc,marking     ] GC(751) Concurrent Mark 192.730ms
[499.630s][info][gc,marking     ] GC(751) Concurrent Rebuild Remembered Sets and Scrub Regions
[499.689s][info][gc,marking     ] GC(751) Concurrent Rebuild Remembered Sets and Scrub Regions 58.966ms
[499.690s][info][gc,start       ] GC(751) Pause Cleanup
[499.690s][info][gc             ] GC(751) Pause Cleanup 143M->143M(222M) 0.223ms
[499.690s][info][gc,cpu         ] GC(751) User=0.00s Sys=0.00s Real=0.00s
[499.690s][info][gc,marking     ] GC(751) Concurrent Clear Claimed Marks
[499.690s][info][gc,marking     ] GC(751) Concurrent Clear Claimed Marks 0.123ms
[499.690s][info][gc,marking     ] GC(751) Concurrent Cleanup for Next Mark
[499.691s][info][gc,marking     ] GC(751) Concurrent Cleanup for Next Mark 0.409ms
[499.691s][info][gc             ] GC(751) Concurrent Mark Cycle 257.334ms
[499.906s][info][gc,start       ] GC(752) Pause Young (Normal) (G1 Evacuation Pause)
[499.906s][info][gc,task        ] GC(752) Using 8 workers of 8 for evacuation
[499.911s][info][gc,phases      ] GC(752)   Pre Evacuate Collection Set: 0.2ms
[499.911s][info][gc,phases      ] GC(752)   Merge Heap Roots: 0.1ms
[499.911s][info][gc,phases      ] GC(752)   Evacuate Collection Set: 3.9ms
[499.911s][info][gc,phases      ] GC(752)   Post Evacuate Collection Set: 0.4ms
[499.911s][info][gc,phases      ] GC(752)   Other: 0.1ms
[499.911s][info][gc,heap        ] GC(752) Eden regions: 111->0(110)
[499.911s][info][gc,heap        ] GC(752) Survivor regions: 5->5(15)
[499.911s][info][gc,heap        ] GC(752) Old regions: 86->87
[499.911s][info][gc,heap        ] GC(752) Humongous regions: 3->3
[499.911s][info][gc,metaspace   ] GC(752) Metaspace: 84640K(85952K)->84640K(85952K) NonClass: 73729K(74496K)->73729K(74496K) Class: 10911K(11456K)->10911K(11456K)
[499.911s][info][gc             ] GC(752) Pause Young (Normal) (G1 Evacuation Pause) 204M->94M(222M) 5.144ms
[499.912s][info][gc,cpu         ] GC(752) User=0.00s Sys=0.00s Real=0.00s
[505.097s][info][gc,start       ] GC(753) Pause Young (Concurrent Start) (G1 Humongous Allocation)
[505.097s][info][gc,task        ] GC(753) Using 8 workers of 8 for evacuation
[505.101s][info][gc,phases      ] GC(753)   Pre Evacuate Collection Set: 0.2ms
[505.101s][info][gc,phases      ] GC(753)   Merge Heap Roots: 0.1ms
[505.101s][info][gc,phases      ] GC(753)   Evacuate Collection Set: 2.8ms
[505.101s][info][gc,phases      ] GC(753)   Post Evacuate Collection Set: 0.6ms
[505.101s][info][gc,phases      ] GC(753)   Other: 0.2ms
[505.101s][info][gc,heap        ] GC(753) Eden regions: 62->0(108)
[505.101s][info][gc,heap        ] GC(753) Survivor regions: 5->6(15)
[505.101s][info][gc,heap        ] GC(753) Old regions: 87->87
[505.101s][info][gc,heap        ] GC(753) Humongous regions: 3->3
[505.101s][info][gc,metaspace   ] GC(753) Metaspace: 84640K(85952K)->84640K(85952K) NonClass: 73729K(74496K)->73729K(74496K) Class: 10911K(11456K)->10911K(11456K)
[505.101s][info][gc             ] GC(753) Pause Young (Concurrent Start) (G1 Humongous Allocation) 155M->94M(222M) 4.267ms
[505.101s][info][gc,cpu         ] GC(753) User=0.00s Sys=0.00s Real=0.00s
[505.101s][info][gc             ] GC(754) Concurrent Mark Cycle
[505.101s][info][gc,marking     ] GC(754) Concurrent Scan Root Regions
[505.103s][info][gc,marking     ] GC(754) Concurrent Scan Root Regions 1.982ms
[505.103s][info][gc,marking     ] GC(754) Concurrent Mark
[505.103s][info][gc,marking     ] GC(754) Concurrent Mark From Roots
[505.103s][info][gc,task        ] GC(754) Using 2 workers of 2 for marking
[505.201s][info][gc,marking     ] GC(754) Concurrent Mark From Roots 97.784ms
[505.201s][info][gc,marking     ] GC(754) Concurrent Preclean
[505.201s][info][gc,marking     ] GC(754) Concurrent Preclean 0.229ms
[505.201s][info][gc,start       ] GC(754) Pause Remark
[505.207s][info][gc             ] GC(754) Pause Remark 140M->140M(237M) 5.878ms
[505.207s][info][gc,cpu         ] GC(754) User=0.00s Sys=0.00s Real=0.01s
[505.207s][info][gc,marking     ] GC(754) Concurrent Mark 104.246ms
[505.207s][info][gc,marking     ] GC(754) Concurrent Rebuild Remembered Sets and Scrub Regions
[505.240s][info][gc,marking     ] GC(754) Concurrent Rebuild Remembered Sets and Scrub Regions 32.206ms
[505.240s][info][gc,start       ] GC(754) Pause Cleanup
[505.240s][info][gc             ] GC(754) Pause Cleanup 153M->153M(237M) 0.167ms
[505.240s][info][gc,cpu         ] GC(754) User=0.00s Sys=0.00s Real=0.00s
[505.240s][info][gc,marking     ] GC(754) Concurrent Clear Claimed Marks
[505.240s][info][gc,marking     ] GC(754) Concurrent Clear Claimed Marks 0.069ms
[505.240s][info][gc,marking     ] GC(754) Concurrent Cleanup for Next Mark
[505.241s][info][gc,marking     ] GC(754) Concurrent Cleanup for Next Mark 0.403ms
[505.241s][info][gc             ] GC(754) Concurrent Mark Cycle 139.571ms
[505.336s][info][gc,start       ] GC(755) Pause Young (Prepare Mixed) (G1 Evacuation Pause)
[505.336s][info][gc,task        ] GC(755) Using 8 workers of 8 for evacuation
[505.340s][info][gc,phases      ] GC(755)   Pre Evacuate Collection Set: 0.2ms
[505.340s][info][gc,phases      ] GC(755)   Merge Heap Roots: 0.1ms
[505.340s][info][gc,phases      ] GC(755)   Evacuate Collection Set: 3.2ms
[505.340s][info][gc,phases      ] GC(755)   Post Evacuate Collection Set: 0.6ms
[505.340s][info][gc,phases      ] GC(755)   Other: 0.1ms
[505.340s][info][gc,heap        ] GC(755) Eden regions: 107->0(120)
[505.340s][info][gc,heap        ] GC(755) Survivor regions: 6->6(15)
[505.340s][info][gc,heap        ] GC(755) Old regions: 87->87
[505.340s][info][gc,heap        ] GC(755) Humongous regions: 5->5
[505.340s][info][gc,metaspace   ] GC(755) Metaspace: 84640K(85952K)->84640K(85952K) NonClass: 73729K(74496K)->73729K(74496K) Class: 10911K(11456K)->10911K(11456K)
[505.340s][info][gc             ] GC(755) Pause Young (Prepare Mixed) (G1 Evacuation Pause) 203M->97M(237M) 4.593ms
[505.341s][info][gc,cpu         ] GC(755) User=0.00s Sys=0.00s Real=0.00s
[505.606s][info][gc,start       ] GC(756) Pause Young (Mixed) (G1 Evacuation Pause)
[505.606s][info][gc,task        ] GC(756) Using 8 workers of 8 for evacuation
[505.610s][info][gc,phases      ] GC(756)   Pre Evacuate Collection Set: 0.1ms
[505.610s][info][gc,phases      ] GC(756)   Merge Heap Roots: 0.1ms
[505.610s][info][gc,phases      ] GC(756)   Evacuate Collection Set: 3.3ms
[505.610s][info][gc,phases      ] GC(756)   Post Evacuate Collection Set: 0.5ms
[505.610s][info][gc,phases      ] GC(756)   Other: 0.1ms
[505.610s][info][gc,heap        ] GC(756) Eden regions: 120->0(120)
[505.610s][info][gc,heap        ] GC(756) Survivor regions: 6->6(16)
[505.610s][info][gc,heap        ] GC(756) Old regions: 87->87
[505.610s][info][gc,heap        ] GC(756) Humongous regions: 5->5
[505.610s][info][gc,metaspace   ] GC(756) Metaspace: 84640K(85952K)->84640K(85952K) NonClass: 73729K(74496K)->73729K(74496K) Class: 10911K(11456K)->10911K(11456K)
[505.610s][info][gc             ] GC(756) Pause Young (Mixed) (G1 Evacuation Pause) 217M->97M(237M) 4.518ms
[505.610s][info][gc,cpu         ] GC(756) User=0.11s Sys=0.00s Real=0.00s
[505.912s][info][gc,start       ] GC(757) Pause Young (Concurrent Start) (G1 Evacuation Pause)
[505.912s][info][gc,task        ] GC(757) Using 8 workers of 8 for evacuation
[505.917s][info][gc,phases      ] GC(757)   Pre Evacuate Collection Set: 0.3ms
[505.917s][info][gc,phases      ] GC(757)   Merge Heap Roots: 0.1ms
[505.917s][info][gc,phases      ] GC(757)   Evacuate Collection Set: 3.9ms
[505.917s][info][gc,phases      ] GC(757)   Post Evacuate Collection Set: 0.6ms
[505.917s][info][gc,phases      ] GC(757)   Other: 0.2ms
[505.917s][info][gc,heap        ] GC(757) Eden regions: 120->0(119)
[505.917s][info][gc,heap        ] GC(757) Survivor regions: 6->6(16)
[505.917s][info][gc,heap        ] GC(757) Old regions: 87->88
[505.917s][info][gc,heap        ] GC(757) Humongous regions: 5->5
[505.917s][info][gc,metaspace   ] GC(757) Metaspace: 84640K(85952K)->84640K(85952K) NonClass: 73729K(74496K)->73729K(74496K) Class: 10911K(11456K)->10911K(11456K)
[505.917s][info][gc             ] GC(757) Pause Young (Concurrent Start) (G1 Evacuation Pause) 217M->97M(237M) 5.703ms
[505.917s][info][gc             ] GC(758) Concurrent Mark Cycle
[505.917s][info][gc,cpu         ] GC(757) User=0.00s Sys=0.00s Real=0.01s
[505.917s][info][gc,marking     ] GC(758) Concurrent Scan Root Regions
[505.921s][info][gc,marking     ] GC(758) Concurrent Scan Root Regions 3.478ms
[505.921s][info][gc,marking     ] GC(758) Concurrent Mark
[505.921s][info][gc,marking     ] GC(758) Concurrent Mark From Roots
[505.921s][info][gc,task        ] GC(758) Using 2 workers of 2 for marking
[506.056s][info][gc,marking     ] GC(758) Concurrent Mark From Roots 135.048ms
[506.056s][info][gc,marking     ] GC(758) Concurrent Preclean
[506.056s][info][gc,marking     ] GC(758) Concurrent Preclean 0.272ms
[506.056s][info][gc,start       ] GC(758) Pause Remark
[506.062s][info][gc             ] GC(758) Pause Remark 135M->134M(237M) 5.064ms
[506.062s][info][gc,cpu         ] GC(758) User=0.09s Sys=0.02s Real=0.01s
[506.062s][info][gc,marking     ] GC(758) Concurrent Mark 140.888ms
[506.062s][info][gc,marking     ] GC(758) Concurrent Rebuild Remembered Sets and Scrub Regions
[506.111s][info][gc,marking     ] GC(758) Concurrent Rebuild Remembered Sets and Scrub Regions 48.665ms
[506.111s][info][gc,start       ] GC(758) Pause Cleanup
[506.111s][info][gc             ] GC(758) Pause Cleanup 147M->147M(237M) 0.177ms
[506.111s][info][gc,cpu         ] GC(758) User=0.00s Sys=0.00s Real=0.00s
[506.111s][info][gc,marking     ] GC(758) Concurrent Clear Claimed Marks
[506.111s][info][gc,marking     ] GC(758) Concurrent Clear Claimed Marks 0.093ms
[506.111s][info][gc,marking     ] GC(758) Concurrent Cleanup for Next Mark
[506.112s][info][gc,marking     ] GC(758) Concurrent Cleanup for Next Mark 0.471ms
[506.112s][info][gc             ] GC(758) Concurrent Mark Cycle 194.302ms
[506.254s][info][gc,start       ] GC(759) Pause Young (Prepare Mixed) (G1 Evacuation Pause)
[506.254s][info][gc,task        ] GC(759) Using 8 workers of 8 for evacuation
[506.258s][info][gc,phases      ] GC(759)   Pre Evacuate Collection Set: 0.1ms
[506.258s][info][gc,phases      ] GC(759)   Merge Heap Roots: 0.1ms
[506.258s][info][gc,phases      ] GC(759)   Evacuate Collection Set: 3.0ms
[506.258s][info][gc,phases      ] GC(759)   Post Evacuate Collection Set: 0.5ms
[506.258s][info][gc,phases      ] GC(759)   Other: 0.1ms
[506.258s][info][gc,heap        ] GC(759) Eden regions: 119->0(120)
[506.258s][info][gc,heap        ] GC(759) Survivor regions: 6->6(16)
[506.258s][info][gc,heap        ] GC(759) Old regions: 88->88
[506.258s][info][gc,heap        ] GC(759) Humongous regions: 4->4
[506.258s][info][gc,metaspace   ] GC(759) Metaspace: 84640K(85952K)->84640K(85952K) NonClass: 73729K(74496K)->73729K(74496K) Class: 10911K(11456K)->10911K(11456K)
[506.258s][info][gc             ] GC(759) Pause Young (Prepare Mixed) (G1 Evacuation Pause) 215M->97M(237M) 4.064ms
[506.258s][info][gc,cpu         ] GC(759) User=0.00s Sys=0.00s Real=0.00s
[506.537s][info][gc,start       ] GC(760) Pause Young (Mixed) (G1 Evacuation Pause)
[506.537s][info][gc,task        ] GC(760) Using 8 workers of 8 for evacuation
[506.542s][info][gc,phases      ] GC(760)   Pre Evacuate Collection Set: 0.1ms
[506.542s][info][gc,phases      ] GC(760)   Merge Heap Roots: 0.1ms
[506.542s][info][gc,phases      ] GC(760)   Evacuate Collection Set: 3.6ms
[506.542s][info][gc,phases      ] GC(760)   Post Evacuate Collection Set: 0.5ms
[506.542s][info][gc,phases      ] GC(760)   Other: 0.1ms
[506.542s][info][gc,heap        ] GC(760) Eden regions: 120->0(120)
[506.542s][info][gc,heap        ] GC(760) Survivor regions: 6->6(16)
[506.542s][info][gc,heap        ] GC(760) Old regions: 88->88
[506.542s][info][gc,heap        ] GC(760) Humongous regions: 4->4
[506.542s][info][gc,metaspace   ] GC(760) Metaspace: 84640K(85952K)->84640K(85952K) NonClass: 73729K(74496K)->73729K(74496K) Class: 10911K(11456K)->10911K(11456K)
[506.542s][info][gc             ] GC(760) Pause Young (Mixed) (G1 Evacuation Pause) 217M->96M(237M) 4.741ms
[506.542s][info][gc,cpu         ] GC(760) User=0.00s Sys=0.00s Real=0.00s
[506.849s][info][gc,start       ] GC(761) Pause Young (Concurrent Start) (G1 Evacuation Pause)
[506.849s][info][gc,task        ] GC(761) Using 8 workers of 8 for evacuation
[506.853s][info][gc,phases      ] GC(761)   Pre Evacuate Collection Set: 0.1ms
[506.853s][info][gc,phases      ] GC(761)   Merge Heap Roots: 0.1ms
[506.853s][info][gc,phases      ] GC(761)   Evacuate Collection Set: 3.1ms
[506.853s][info][gc,phases      ] GC(761)   Post Evacuate Collection Set: 0.5ms
[506.853s][info][gc,phases      ] GC(761)   Other: 0.1ms
[506.853s][info][gc,heap        ] GC(761) Eden regions: 120->0(119)
[506.853s][info][gc,heap        ] GC(761) Survivor regions: 6->6(16)
[506.853s][info][gc,heap        ] GC(761) Old regions: 88->89
[506.853s][info][gc,heap        ] GC(761) Humongous regions: 4->4
[506.853s][info][gc,metaspace   ] GC(761) Metaspace: 84640K(85952K)->84640K(85952K) NonClass: 73729K(74496K)->73729K(74496K) Class: 10911K(11456K)->10911K(11456K)
[506.853s][info][gc             ] GC(761) Pause Young (Concurrent Start) (G1 Evacuation Pause) 216M->97M(237M) 4.425ms
[506.853s][info][gc,cpu         ] GC(761) User=0.00s Sys=0.00s Real=0.00s
[506.853s][info][gc             ] GC(762) Concurrent Mark Cycle
[506.853s][info][gc,marking     ] GC(762) Concurrent Scan Root Regions
[506.856s][info][gc,marking     ] GC(762) Concurrent Scan Root Regions 2.643ms
[506.856s][info][gc,marking     ] GC(762) Concurrent Mark
[506.856s][info][gc,marking     ] GC(762) Concurrent Mark From Roots
[506.856s][info][gc,task        ] GC(762) Using 2 workers of 2 for marking
[507.015s][info][gc,marking     ] GC(762) Concurrent Mark From Roots 159.057ms
[507.015s][info][gc,marking     ] GC(762) Concurrent Preclean
[507.016s][info][gc,marking     ] GC(762) Concurrent Preclean 0.430ms
[507.016s][info][gc,start       ] GC(762) Pause Remark
[507.021s][info][gc             ] GC(762) Pause Remark 139M->139M(237M) 5.622ms
[507.021s][info][gc,cpu         ] GC(762) User=0.00s Sys=0.00s Real=0.01s
[507.022s][info][gc,marking     ] GC(762) Concurrent Mark 165.565ms
[507.022s][info][gc,marking     ] GC(762) Concurrent Rebuild Remembered Sets and Scrub Regions
[507.060s][info][gc,marking     ] GC(762) Concurrent Rebuild Remembered Sets and Scrub Regions 38.469ms
[507.060s][info][gc,start       ] GC(762) Pause Cleanup
[507.060s][info][gc             ] GC(762) Pause Cleanup 151M->151M(237M) 0.140ms
[507.060s][info][gc,cpu         ] GC(762) User=0.00s Sys=0.00s Real=0.00s
[507.060s][info][gc,marking     ] GC(762) Concurrent Clear Claimed Marks
[507.060s][info][gc,marking     ] GC(762) Concurrent Clear Claimed Marks 0.077ms
[507.061s][info][gc,marking     ] GC(762) Concurrent Cleanup for Next Mark
[507.061s][info][gc,marking     ] GC(762) Concurrent Cleanup for Next Mark 0.360ms
[507.061s][info][gc             ] GC(762) Concurrent Mark Cycle 207.743ms
[507.223s][info][gc,start       ] GC(763) Pause Young (Normal) (G1 Evacuation Pause)
[507.223s][info][gc,task        ] GC(763) Using 8 workers of 8 for evacuation
[507.227s][info][gc,phases      ] GC(763)   Pre Evacuate Collection Set: 0.1ms
[507.227s][info][gc,phases      ] GC(763)   Merge Heap Roots: 0.1ms
[507.227s][info][gc,phases      ] GC(763)   Evacuate Collection Set: 3.4ms
[507.227s][info][gc,phases      ] GC(763)   Post Evacuate Collection Set: 0.4ms
[507.227s][info][gc,phases      ] GC(763)   Other: 0.1ms
[507.227s][info][gc,heap        ] GC(763) Eden regions: 119->0(119)
[507.227s][info][gc,heap        ] GC(763) Survivor regions: 6->6(16)
[507.227s][info][gc,heap        ] GC(763) Old regions: 89->89
[507.227s][info][gc,heap        ] GC(763) Humongous regions: 4->4
[507.227s][info][gc,metaspace   ] GC(763) Metaspace: 84640K(85952K)->84640K(85952K) NonClass: 73729K(74496K)->73729K(74496K) Class: 10911K(11456K)->10911K(11456K)
[507.227s][info][gc             ] GC(763) Pause Young (Normal) (G1 Evacuation Pause) 216M->98M(237M) 4.454ms
[507.228s][info][gc,cpu         ] GC(763) User=0.00s Sys=0.00s Real=0.00s
[507.540s][info][gc,start       ] GC(764) Pause Young (Concurrent Start) (G1 Evacuation Pause)
[507.540s][info][gc,task        ] GC(764) Using 8 workers of 8 for evacuation
[507.545s][info][gc,phases      ] GC(764)   Pre Evacuate Collection Set: 0.2ms
[507.545s][info][gc,phases      ] GC(764)   Merge Heap Roots: 0.1ms
[507.545s][info][gc,phases      ] GC(764)   Evacuate Collection Set: 4.2ms
[507.545s][info][gc,phases      ] GC(764)   Post Evacuate Collection Set: 0.5ms
[507.545s][info][gc,phases      ] GC(764)   Other: 0.1ms
[507.545s][info][gc,heap        ] GC(764) Eden regions: 119->0(119)
[507.545s][info][gc,heap        ] GC(764) Survivor regions: 6->6(16)
[507.545s][info][gc,heap        ] GC(764) Old regions: 89->89
[507.546s][info][gc,heap        ] GC(764) Humongous regions: 4->4
[507.546s][info][gc,metaspace   ] GC(764) Metaspace: 84640K(85952K)->84640K(85952K) NonClass: 73729K(74496K)->73729K(74496K) Class: 10911K(11456K)->10911K(11456K)
[507.546s][info][gc             ] GC(764) Pause Young (Concurrent Start) (G1 Evacuation Pause) 217M->98M(237M) 5.577ms
[507.546s][info][gc,cpu         ] GC(764) User=0.09s Sys=0.00s Real=0.00s
[507.546s][info][gc             ] GC(765) Concurrent Mark Cycle
[507.546s][info][gc,marking     ] GC(765) Concurrent Scan Root Regions
[507.550s][info][gc,marking     ] GC(765) Concurrent Scan Root Regions 4.602ms
[507.551s][info][gc,marking     ] GC(765) Concurrent Mark
[507.551s][info][gc,marking     ] GC(765) Concurrent Mark From Roots
[507.551s][info][gc,task        ] GC(765) Using 2 workers of 2 for marking
[507.719s][info][gc,marking     ] GC(765) Concurrent Mark From Roots 168.397ms
[507.719s][info][gc,marking     ] GC(765) Concurrent Preclean
[507.719s][info][gc,marking     ] GC(765) Concurrent Preclean 0.345ms
[507.720s][info][gc,start       ] GC(765) Pause Remark
[507.725s][info][gc             ] GC(765) Pause Remark 135M->135M(237M) 5.533ms
[507.725s][info][gc,cpu         ] GC(765) User=0.00s Sys=0.00s Real=0.01s
[507.725s][info][gc,marking     ] GC(765) Concurrent Mark 174.698ms
[507.725s][info][gc,marking     ] GC(765) Concurrent Rebuild Remembered Sets and Scrub Regions
[507.772s][info][gc,marking     ] GC(765) Concurrent Rebuild Remembered Sets and Scrub Regions 46.934ms
[507.772s][info][gc,start       ] GC(765) Pause Cleanup
[507.773s][info][gc             ] GC(765) Pause Cleanup 148M->148M(237M) 0.172ms
[507.773s][info][gc,cpu         ] GC(765) User=0.00s Sys=0.00s Real=0.00s
[507.773s][info][gc,marking     ] GC(765) Concurrent Clear Claimed Marks
[507.773s][info][gc,marking     ] GC(765) Concurrent Clear Claimed Marks 0.093ms
[507.773s][info][gc,marking     ] GC(765) Concurrent Cleanup for Next Mark
[507.773s][info][gc,marking     ] GC(765) Concurrent Cleanup for Next Mark 0.469ms
[507.773s][info][gc             ] GC(765) Concurrent Mark Cycle 227.684ms
[507.947s][info][gc,start       ] GC(766) Pause Young (Normal) (G1 Evacuation Pause)
[507.947s][info][gc,task        ] GC(766) Using 8 workers of 8 for evacuation
[507.951s][info][gc,phases      ] GC(766)   Pre Evacuate Collection Set: 0.1ms
[507.952s][info][gc,phases      ] GC(766)   Merge Heap Roots: 0.1ms
[507.952s][info][gc,phases      ] GC(766)   Evacuate Collection Set: 3.3ms
[507.952s][info][gc,phases      ] GC(766)   Post Evacuate Collection Set: 0.6ms
[507.952s][info][gc,phases      ] GC(766)   Other: 0.1ms
[507.952s][info][gc,heap        ] GC(766) Eden regions: 119->0(118)
[507.952s][info][gc,heap        ] GC(766) Survivor regions: 6->6(16)
[507.952s][info][gc,heap        ] GC(766) Old regions: 89->90
[507.952s][info][gc,heap        ] GC(766) Humongous regions: 4->4
[507.952s][info][gc,metaspace   ] GC(766) Metaspace: 84640K(85952K)->84640K(85952K) NonClass: 73729K(74496K)->73729K(74496K) Class: 10911K(11456K)->10911K(11456K)
[507.952s][info][gc             ] GC(766) Pause Young (Normal) (G1 Evacuation Pause) 217M->98M(237M) 4.817ms
[507.952s][info][gc,cpu         ] GC(766) User=0.09s Sys=0.00s Real=0.00s
[508.266s][info][gc,start       ] GC(767) Pause Young (Concurrent Start) (G1 Evacuation Pause)
[508.266s][info][gc,task        ] GC(767) Using 8 workers of 8 for evacuation
[508.271s][info][gc,phases      ] GC(767)   Pre Evacuate Collection Set: 0.1ms
[508.271s][info][gc,phases      ] GC(767)   Merge Heap Roots: 0.1ms
[508.271s][info][gc,phases      ] GC(767)   Evacuate Collection Set: 3.9ms
[508.271s][info][gc,phases      ] GC(767)   Post Evacuate Collection Set: 0.5ms
[508.271s][info][gc,phases      ] GC(767)   Other: 0.1ms
[508.271s][info][gc,heap        ] GC(767) Eden regions: 118->0(118)
[508.271s][info][gc,heap        ] GC(767) Survivor regions: 6->6(16)
[508.271s][info][gc,heap        ] GC(767) Old regions: 90->90
[508.271s][info][gc,heap        ] GC(767) Humongous regions: 4->4
[508.271s][info][gc,metaspace   ] GC(767) Metaspace: 84641K(85952K)->84641K(85952K) NonClass: 73730K(74496K)->73730K(74496K) Class: 10911K(11456K)->10911K(11456K)
[508.272s][info][gc             ] GC(767) Pause Young (Concurrent Start) (G1 Evacuation Pause) 216M->99M(237M) 5.544ms
[508.272s][info][gc             ] GC(768) Concurrent Mark Cycle
[508.272s][info][gc,cpu         ] GC(767) User=0.00s Sys=0.00s Real=0.01s
[508.272s][info][gc,marking     ] GC(768) Concurrent Scan Root Regions
[508.276s][info][gc,marking     ] GC(768) Concurrent Scan Root Regions 4.044ms
[508.276s][info][gc,marking     ] GC(768) Concurrent Mark
[508.276s][info][gc,marking     ] GC(768) Concurrent Mark From Roots
[508.276s][info][gc,task        ] GC(768) Using 2 workers of 2 for marking
[508.389s][info][gc,marking     ] GC(768) Concurrent Mark From Roots 112.965ms
[508.389s][info][gc,marking     ] GC(768) Concurrent Preclean
[508.389s][info][gc,marking     ] GC(768) Concurrent Preclean 0.259ms
[508.389s][info][gc,start       ] GC(768) Pause Remark
[508.394s][info][gc             ] GC(768) Pause Remark 140M->140M(237M) 5.266ms
[508.395s][info][gc,cpu         ] GC(768) User=0.00s Sys=0.00s Real=0.01s
[508.395s][info][gc,marking     ] GC(768) Concurrent Mark 118.839ms
[508.395s][info][gc,marking     ] GC(768) Concurrent Rebuild Remembered Sets and Scrub Regions
[508.433s][info][gc,marking     ] GC(768) Concurrent Rebuild Remembered Sets and Scrub Regions 38.132ms
[508.433s][info][gc,start       ] GC(768) Pause Cleanup
[508.433s][info][gc             ] GC(768) Pause Cleanup 152M->152M(237M) 0.164ms
[508.433s][info][gc,cpu         ] GC(768) User=0.00s Sys=0.00s Real=0.00s
[508.433s][info][gc,marking     ] GC(768) Concurrent Clear Claimed Marks
[508.433s][info][gc,marking     ] GC(768) Concurrent Clear Claimed Marks 0.117ms
[508.434s][info][gc,marking     ] GC(768) Concurrent Cleanup for Next Mark
[508.434s][info][gc,marking     ] GC(768) Concurrent Cleanup for Next Mark 0.544ms
[508.434s][info][gc             ] GC(768) Concurrent Mark Cycle 162.522ms
[508.611s][info][gc,start       ] GC(769) Pause Young (Normal) (G1 Evacuation Pause)
[508.612s][info][gc,task        ] GC(769) Using 8 workers of 8 for evacuation
[508.616s][info][gc,phases      ] GC(769)   Pre Evacuate Collection Set: 0.1ms
[508.616s][info][gc,phases      ] GC(769)   Merge Heap Roots: 0.1ms
[508.616s][info][gc,phases      ] GC(769)   Evacuate Collection Set: 3.3ms
[508.616s][info][gc,phases      ] GC(769)   Post Evacuate Collection Set: 0.4ms
[508.616s][info][gc,phases      ] GC(769)   Other: 0.1ms
[508.616s][info][gc,heap        ] GC(769) Eden regions: 118->0(118)
[508.616s][info][gc,heap        ] GC(769) Survivor regions: 6->6(16)
[508.616s][info][gc,heap        ] GC(769) Old regions: 90->90
[508.616s][info][gc,heap        ] GC(769) Humongous regions: 4->4
[508.616s][info][gc,metaspace   ] GC(769) Metaspace: 84641K(85952K)->84641K(85952K) NonClass: 73730K(74496K)->73730K(74496K) Class: 10911K(11456K)->10911K(11456K)
[508.616s][info][gc             ] GC(769) Pause Young (Normal) (G1 Evacuation Pause) 217M->99M(237M) 4.514ms
[508.616s][info][gc,cpu         ] GC(769) User=0.00s Sys=0.00s Real=0.00s
[508.926s][info][gc,start       ] GC(770) Pause Young (Concurrent Start) (G1 Evacuation Pause)
[508.926s][info][gc,task        ] GC(770) Using 8 workers of 8 for evacuation
[508.930s][info][gc,phases      ] GC(770)   Pre Evacuate Collection Set: 0.2ms
[508.930s][info][gc,phases      ] GC(770)   Merge Heap Roots: 0.1ms
[508.930s][info][gc,phases      ] GC(770)   Evacuate Collection Set: 2.9ms
[508.930s][info][gc,phases      ] GC(770)   Post Evacuate Collection Set: 0.8ms
[508.930s][info][gc,phases      ] GC(770)   Other: 0.1ms
[508.930s][info][gc,heap        ] GC(770) Eden regions: 118->0(117)
[508.930s][info][gc,heap        ] GC(770) Survivor regions: 6->6(16)
[508.930s][info][gc,heap        ] GC(770) Old regions: 90->91
[508.931s][info][gc,heap        ] GC(770) Humongous regions: 4->4
[508.931s][info][gc,metaspace   ] GC(770) Metaspace: 84641K(85952K)->84641K(85952K) NonClass: 73730K(74496K)->73730K(74496K) Class: 10911K(11456K)->10911K(11456K)
[508.931s][info][gc             ] GC(770) Pause Young (Concurrent Start) (G1 Evacuation Pause) 217M->99M(237M) 4.546ms
[508.931s][info][gc,cpu         ] GC(770) User=0.00s Sys=0.00s Real=0.00s
[508.931s][info][gc             ] GC(771) Concurrent Mark Cycle
[508.931s][info][gc,marking     ] GC(771) Concurrent Scan Root Regions
[508.934s][info][gc,marking     ] GC(771) Concurrent Scan Root Regions 2.670ms
[508.934s][info][gc,marking     ] GC(771) Concurrent Mark
[508.934s][info][gc,marking     ] GC(771) Concurrent Mark From Roots
[508.934s][info][gc,task        ] GC(771) Using 2 workers of 2 for marking
[509.057s][info][gc,marking     ] GC(771) Concurrent Mark From Roots 123.798ms
[509.057s][info][gc,marking     ] GC(771) Concurrent Preclean
[509.058s][info][gc,marking     ] GC(771) Concurrent Preclean 0.395ms
[509.058s][info][gc,start       ] GC(771) Pause Remark
[509.063s][info][gc             ] GC(771) Pause Remark 138M->138M(237M) 5.415ms
[509.064s][info][gc,cpu         ] GC(771) User=0.06s Sys=0.00s Real=0.01s
[509.064s][info][gc,marking     ] GC(771) Concurrent Mark 130.044ms
[509.064s][info][gc,marking     ] GC(771) Concurrent Rebuild Remembered Sets and Scrub Regions
[509.110s][info][gc,marking     ] GC(771) Concurrent Rebuild Remembered Sets and Scrub Regions 46.700ms
[509.111s][info][gc,start       ] GC(771) Pause Cleanup
[509.111s][info][gc             ] GC(771) Pause Cleanup 150M->150M(237M) 0.163ms
[509.111s][info][gc,cpu         ] GC(771) User=0.00s Sys=0.00s Real=0.00s
[509.111s][info][gc,marking     ] GC(771) Concurrent Clear Claimed Marks
[509.111s][info][gc,marking     ] GC(771) Concurrent Clear Claimed Marks 0.107ms
[509.111s][info][gc,marking     ] GC(771) Concurrent Cleanup for Next Mark
[509.111s][info][gc,marking     ] GC(771) Concurrent Cleanup for Next Mark 0.467ms
[509.111s][info][gc             ] GC(771) Concurrent Mark Cycle 180.769ms
[509.259s][info][gc,start       ] GC(772) Pause Young (Normal) (G1 Evacuation Pause)
[509.259s][info][gc,task        ] GC(772) Using 8 workers of 8 for evacuation
[509.263s][info][gc,phases      ] GC(772)   Pre Evacuate Collection Set: 0.2ms
[509.263s][info][gc,phases      ] GC(772)   Merge Heap Roots: 0.1ms
[509.263s][info][gc,phases      ] GC(772)   Evacuate Collection Set: 2.9ms
[509.263s][info][gc,phases      ] GC(772)   Post Evacuate Collection Set: 0.7ms
[509.263s][info][gc,phases      ] GC(772)   Other: 0.1ms
[509.263s][info][gc,heap        ] GC(772) Eden regions: 117->0(117)
[509.263s][info][gc,heap        ] GC(772) Survivor regions: 6->6(16)
[509.263s][info][gc,heap        ] GC(772) Old regions: 91->91
[509.263s][info][gc,heap        ] GC(772) Humongous regions: 4->4
[509.263s][info][gc,metaspace   ] GC(772) Metaspace: 84641K(85952K)->84641K(85952K) NonClass: 73730K(74496K)->73730K(74496K) Class: 10911K(11456K)->10911K(11456K)
[509.263s][info][gc             ] GC(772) Pause Young (Normal) (G1 Evacuation Pause) 216M->100M(237M) 4.380ms
[509.263s][info][gc,cpu         ] GC(772) User=0.12s Sys=0.00s Real=0.01s
[509.555s][info][gc,start       ] GC(773) Pause Young (Concurrent Start) (G1 Evacuation Pause)
[509.555s][info][gc,task        ] GC(773) Using 8 workers of 8 for evacuation
[509.560s][info][gc,phases      ] GC(773)   Pre Evacuate Collection Set: 0.2ms
[509.560s][info][gc,phases      ] GC(773)   Merge Heap Roots: 0.1ms
[509.560s][info][gc,phases      ] GC(773)   Evacuate Collection Set: 4.1ms
[509.560s][info][gc,phases      ] GC(773)   Post Evacuate Collection Set: 0.5ms
[509.560s][info][gc,phases      ] GC(773)   Other: 0.1ms
[509.560s][info][gc,heap        ] GC(773) Eden regions: 117->0(117)
[509.560s][info][gc,heap        ] GC(773) Survivor regions: 6->6(16)
[509.560s][info][gc,heap        ] GC(773) Old regions: 91->91
[509.560s][info][gc,heap        ] GC(773) Humongous regions: 4->4
[509.560s][info][gc,metaspace   ] GC(773) Metaspace: 84641K(85952K)->84641K(85952K) NonClass: 73730K(74496K)->73730K(74496K) Class: 10911K(11456K)->10911K(11456K)
[509.560s][info][gc             ] GC(773) Pause Young (Concurrent Start) (G1 Evacuation Pause) 217M->100M(237M) 5.396ms
[509.560s][info][gc             ] GC(774) Concurrent Mark Cycle
[509.560s][info][gc,cpu         ] GC(773) User=0.00s Sys=0.00s Real=0.01s
[509.560s][info][gc,marking     ] GC(774) Concurrent Scan Root Regions
[509.564s][info][gc,marking     ] GC(774) Concurrent Scan Root Regions 3.801ms
[509.564s][info][gc,marking     ] GC(774) Concurrent Mark
[509.564s][info][gc,marking     ] GC(774) Concurrent Mark From Roots
[509.564s][info][gc,task        ] GC(774) Using 2 workers of 2 for marking
[509.724s][info][gc,marking     ] GC(774) Concurrent Mark From Roots 160.462ms
[509.725s][info][gc,marking     ] GC(774) Concurrent Preclean
[509.725s][info][gc,marking     ] GC(774) Concurrent Preclean 0.405ms
[509.725s][info][gc,start       ] GC(774) Pause Remark
[509.731s][info][gc             ] GC(774) Pause Remark 137M->137M(237M) 5.931ms
[509.731s][info][gc,cpu         ] GC(774) User=0.02s Sys=0.00s Real=0.01s
[509.731s][info][gc,marking     ] GC(774) Concurrent Mark 167.204ms
[509.731s][info][gc,marking     ] GC(774) Concurrent Rebuild Remembered Sets and Scrub Regions
[509.777s][info][gc,marking     ] GC(774) Concurrent Rebuild Remembered Sets and Scrub Regions 45.578ms
[509.777s][info][gc,start       ] GC(774) Pause Cleanup
[509.777s][info][gc             ] GC(774) Pause Cleanup 148M->148M(237M) 0.167ms
[509.777s][info][gc,cpu         ] GC(774) User=0.00s Sys=0.00s Real=0.00s
[509.777s][info][gc,marking     ] GC(774) Concurrent Clear Claimed Marks
[509.777s][info][gc,marking     ] GC(774) Concurrent Clear Claimed Marks 0.098ms
[509.777s][info][gc,marking     ] GC(774) Concurrent Cleanup for Next Mark
[509.778s][info][gc,marking     ] GC(774) Concurrent Cleanup for Next Mark 0.420ms
[509.778s][info][gc             ] GC(774) Concurrent Mark Cycle 217.866ms
[509.969s][info][gc,start       ] GC(775) Pause Young (Normal) (G1 Evacuation Pause)
[509.969s][info][gc,task        ] GC(775) Using 8 workers of 8 for evacuation
[509.975s][info][gc,phases      ] GC(775)   Pre Evacuate Collection Set: 0.1ms
[509.975s][info][gc,phases      ] GC(775)   Merge Heap Roots: 0.1ms
[509.975s][info][gc,phases      ] GC(775)   Evacuate Collection Set: 4.5ms
[509.975s][info][gc,phases      ] GC(775)   Post Evacuate Collection Set: 0.5ms
[509.975s][info][gc,phases      ] GC(775)   Other: 0.1ms
[509.975s][info][gc,heap        ] GC(775) Eden regions: 117->0(116)
[509.975s][info][gc,heap        ] GC(775) Survivor regions: 6->6(16)
[509.975s][info][gc,heap        ] GC(775) Old regions: 91->92
[509.975s][info][gc,heap        ] GC(775) Humongous regions: 4->4
[509.975s][info][gc,metaspace   ] GC(775) Metaspace: 84641K(85952K)->84641K(85952K) NonClass: 73730K(74496K)->73730K(74496K) Class: 10911K(11456K)->10911K(11456K)
[509.975s][info][gc             ] GC(775) Pause Young (Normal) (G1 Evacuation Pause) 217M->101M(237M) 5.834ms
[509.975s][info][gc,cpu         ] GC(775) User=0.00s Sys=0.00s Real=0.01s
[510.367s][info][gc,start       ] GC(776) Pause Young (Concurrent Start) (G1 Evacuation Pause)
[510.367s][info][gc,task        ] GC(776) Using 8 workers of 8 for evacuation
[510.373s][info][gc,phases      ] GC(776)   Pre Evacuate Collection Set: 0.2ms
[510.373s][info][gc,phases      ] GC(776)   Merge Heap Roots: 0.1ms
[510.373s][info][gc,phases      ] GC(776)   Evacuate Collection Set: 4.7ms
[510.373s][info][gc,phases      ] GC(776)   Post Evacuate Collection Set: 0.5ms
[510.373s][info][gc,phases      ] GC(776)   Other: 0.1ms
[510.373s][info][gc,heap        ] GC(776) Eden regions: 116->0(116)
[510.373s][info][gc,heap        ] GC(776) Survivor regions: 6->6(16)
[510.373s][info][gc,heap        ] GC(776) Old regions: 92->92
[510.373s][info][gc,heap        ] GC(776) Humongous regions: 4->4
[510.373s][info][gc,metaspace   ] GC(776) Metaspace: 84641K(85952K)->84641K(85952K) NonClass: 73730K(74496K)->73730K(74496K) Class: 10911K(11456K)->10911K(11456K)
[510.373s][info][gc             ] GC(776) Pause Young (Concurrent Start) (G1 Evacuation Pause) 217M->101M(237M) 6.106ms
[510.373s][info][gc,cpu         ] GC(776) User=0.03s Sys=0.02s Real=0.01s
[510.373s][info][gc             ] GC(777) Concurrent Mark Cycle
[510.373s][info][gc,marking     ] GC(777) Concurrent Scan Root Regions
[510.377s][info][gc,marking     ] GC(777) Concurrent Scan Root Regions 3.321ms
[510.377s][info][gc,marking     ] GC(777) Concurrent Mark
[510.377s][info][gc,marking     ] GC(777) Concurrent Mark From Roots
[510.377s][info][gc,task        ] GC(777) Using 2 workers of 2 for marking
[510.556s][info][gc,marking     ] GC(777) Concurrent Mark From Roots 179.178ms
[510.556s][info][gc,marking     ] GC(777) Concurrent Preclean
[510.556s][info][gc,marking     ] GC(777) Concurrent Preclean 0.419ms
[510.556s][info][gc,start       ] GC(777) Pause Remark
[510.565s][info][gc             ] GC(777) Pause Remark 137M->137M(237M) 8.292ms
[510.565s][info][gc,cpu         ] GC(777) User=0.03s Sys=0.00s Real=0.01s
[510.565s][info][gc,marking     ] GC(777) Concurrent Mark 188.343ms
[510.565s][info][gc,marking     ] GC(777) Concurrent Rebuild Remembered Sets and Scrub Regions
[510.631s][info][gc,marking     ] GC(777) Concurrent Rebuild Remembered Sets and Scrub Regions 66.310ms
[510.632s][info][gc,start       ] GC(777) Pause Cleanup
[510.632s][info][gc             ] GC(777) Pause Cleanup 148M->148M(237M) 0.208ms
[510.632s][info][gc,cpu         ] GC(777) User=0.00s Sys=0.00s Real=0.00s
[510.632s][info][gc,marking     ] GC(777) Concurrent Clear Claimed Marks
[510.632s][info][gc,marking     ] GC(777) Concurrent Clear Claimed Marks 0.113ms
[510.632s][info][gc,marking     ] GC(777) Concurrent Cleanup for Next Mark
[510.633s][info][gc,marking     ] GC(777) Concurrent Cleanup for Next Mark 0.489ms
[510.633s][info][gc             ] GC(777) Concurrent Mark Cycle 259.413ms
[515.830s][info][gc,start       ] GC(778) Pause Young (Normal) (G1 Evacuation Pause)
[515.830s][info][gc,task        ] GC(778) Using 8 workers of 8 for evacuation
[515.835s][info][gc,phases      ] GC(778)   Pre Evacuate Collection Set: 0.2ms
[515.836s][info][gc,phases      ] GC(778)   Merge Heap Roots: 0.1ms
[515.836s][info][gc,phases      ] GC(778)   Evacuate Collection Set: 4.4ms
[515.836s][info][gc,phases      ] GC(778)   Post Evacuate Collection Set: 0.6ms
[515.836s][info][gc,phases      ] GC(778)   Other: 0.1ms
[515.836s][info][gc,heap        ] GC(778) Eden regions: 116->0(113)
[515.836s][info][gc,heap        ] GC(778) Survivor regions: 6->7(16)
[515.836s][info][gc,heap        ] GC(778) Old regions: 92->93
[515.836s][info][gc,heap        ] GC(778) Humongous regions: 4->4
[515.836s][info][gc,metaspace   ] GC(778) Metaspace: 84641K(85952K)->84641K(85952K) NonClass: 73730K(74496K)->73730K(74496K) Class: 10911K(11456K)->10911K(11456K)
[515.836s][info][gc             ] GC(778) Pause Young (Normal) (G1 Evacuation Pause) 217M->102M(237M) 5.740ms
[515.836s][info][gc,cpu         ] GC(778) User=0.00s Sys=0.00s Real=0.01s
[516.069s][info][gc,start       ] GC(779) Pause Young (Concurrent Start) (G1 Evacuation Pause)
[516.069s][info][gc,task        ] GC(779) Using 8 workers of 8 for evacuation
[516.074s][info][gc,phases      ] GC(779)   Pre Evacuate Collection Set: 0.1ms
[516.074s][info][gc,phases      ] GC(779)   Merge Heap Roots: 0.1ms
[516.074s][info][gc,phases      ] GC(779)   Evacuate Collection Set: 3.8ms
[516.074s][info][gc,phases      ] GC(779)   Post Evacuate Collection Set: 0.5ms
[516.074s][info][gc,phases      ] GC(779)   Other: 0.1ms
[516.074s][info][gc,heap        ] GC(779) Eden regions: 113->0(113)
[516.074s][info][gc,heap        ] GC(779) Survivor regions: 7->7(15)
[516.074s][info][gc,heap        ] GC(779) Old regions: 93->93
[516.074s][info][gc,heap        ] GC(779) Humongous regions: 4->4
[516.074s][info][gc,metaspace   ] GC(779) Metaspace: 84641K(85952K)->84641K(85952K) NonClass: 73730K(74496K)->73730K(74496K) Class: 10911K(11456K)->10911K(11456K)
[516.074s][info][gc             ] GC(779) Pause Young (Concurrent Start) (G1 Evacuation Pause) 215M->102M(237M) 5.128ms
[516.074s][info][gc             ] GC(780) Concurrent Mark Cycle
[516.074s][info][gc,cpu         ] GC(779) User=0.00s Sys=0.00s Real=0.01s
[516.074s][info][gc,marking     ] GC(780) Concurrent Scan Root Regions
[516.079s][info][gc,marking     ] GC(780) Concurrent Scan Root Regions 4.430ms
[516.079s][info][gc,marking     ] GC(780) Concurrent Mark
[516.079s][info][gc,marking     ] GC(780) Concurrent Mark From Roots
[516.079s][info][gc,task        ] GC(780) Using 2 workers of 2 for marking
[516.236s][info][gc,marking     ] GC(780) Concurrent Mark From Roots 157.181ms
[516.236s][info][gc,marking     ] GC(780) Concurrent Preclean
[516.236s][info][gc,marking     ] GC(780) Concurrent Preclean 0.440ms
[516.237s][info][gc,start       ] GC(780) Pause Remark
[516.242s][info][gc             ] GC(780) Pause Remark 138M->138M(237M) 5.774ms
[516.243s][info][gc,cpu         ] GC(780) User=0.00s Sys=0.00s Real=0.01s
[516.243s][info][gc,marking     ] GC(780) Concurrent Mark 163.797ms
[516.243s][info][gc,marking     ] GC(780) Concurrent Rebuild Remembered Sets and Scrub Regions
[516.294s][info][gc,marking     ] GC(780) Concurrent Rebuild Remembered Sets and Scrub Regions 51.031ms
[516.294s][info][gc,start       ] GC(780) Pause Cleanup
[516.294s][info][gc             ] GC(780) Pause Cleanup 150M->150M(237M) 0.165ms
[516.294s][info][gc,cpu         ] GC(780) User=0.00s Sys=0.00s Real=0.00s
[516.294s][info][gc,marking     ] GC(780) Concurrent Clear Claimed Marks
[516.294s][info][gc,marking     ] GC(780) Concurrent Clear Claimed Marks 0.107ms
[516.294s][info][gc,marking     ] GC(780) Concurrent Cleanup for Next Mark
[516.295s][info][gc,marking     ] GC(780) Concurrent Cleanup for Next Mark 0.429ms
[516.295s][info][gc             ] GC(780) Concurrent Mark Cycle 220.527ms
[516.459s][info][gc,start       ] GC(781) Pause Young (Prepare Mixed) (G1 Evacuation Pause)
[516.459s][info][gc,task        ] GC(781) Using 8 workers of 8 for evacuation
[516.464s][info][gc,phases      ] GC(781)   Pre Evacuate Collection Set: 0.1ms
[516.464s][info][gc,phases      ] GC(781)   Merge Heap Roots: 0.1ms
[516.464s][info][gc,phases      ] GC(781)   Evacuate Collection Set: 4.0ms
[516.464s][info][gc,phases      ] GC(781)   Post Evacuate Collection Set: 0.5ms
[516.464s][info][gc,phases      ] GC(781)   Other: 0.1ms
[516.464s][info][gc,heap        ] GC(781) Eden regions: 113->0(115)
[516.464s][info][gc,heap        ] GC(781) Survivor regions: 7->6(15)
[516.464s][info][gc,heap        ] GC(781) Old regions: 93->93
[516.464s][info][gc,heap        ] GC(781) Humongous regions: 4->4
[516.465s][info][gc,metaspace   ] GC(781) Metaspace: 84641K(85952K)->84641K(85952K) NonClass: 73730K(74496K)->73730K(74496K) Class: 10911K(11456K)->10911K(11456K)
[516.465s][info][gc             ] GC(781) Pause Young (Prepare Mixed) (G1 Evacuation Pause) 215M->102M(237M) 5.443ms
[516.465s][info][gc,cpu         ] GC(781) User=0.00s Sys=0.00s Real=0.01s
[516.812s][info][gc,start       ] GC(782) Pause Young (Mixed) (G1 Evacuation Pause)
[516.812s][info][gc,task        ] GC(782) Using 8 workers of 8 for evacuation
[516.817s][info][gc,phases      ] GC(782)   Pre Evacuate Collection Set: 0.1ms
[516.817s][info][gc,phases      ] GC(782)   Merge Heap Roots: 0.1ms
[516.817s][info][gc,phases      ] GC(782)   Evacuate Collection Set: 3.6ms
[516.817s][info][gc,phases      ] GC(782)   Post Evacuate Collection Set: 0.6ms
[516.817s][info][gc,phases      ] GC(782)   Other: 0.1ms
[516.817s][info][gc,heap        ] GC(782) Eden regions: 115->0(115)
[516.817s][info][gc,heap        ] GC(782) Survivor regions: 6->6(16)
[516.817s][info][gc,heap        ] GC(782) Old regions: 93->93
[516.817s][info][gc,heap        ] GC(782) Humongous regions: 4->4
[516.817s][info][gc,metaspace   ] GC(782) Metaspace: 84641K(85952K)->84641K(85952K) NonClass: 73730K(74496K)->73730K(74496K) Class: 10911K(11456K)->10911K(11456K)
[516.817s][info][gc             ] GC(782) Pause Young (Mixed) (G1 Evacuation Pause) 217M->102M(237M) 4.965ms
[516.817s][info][gc,cpu         ] GC(782) User=0.00s Sys=0.00s Real=0.00s
[517.139s][info][gc,start       ] GC(783) Pause Young (Concurrent Start) (G1 Evacuation Pause)
[517.139s][info][gc,task        ] GC(783) Using 8 workers of 8 for evacuation
[517.143s][info][gc,phases      ] GC(783)   Pre Evacuate Collection Set: 0.1ms
[517.143s][info][gc,phases      ] GC(783)   Merge Heap Roots: 0.1ms
[517.143s][info][gc,phases      ] GC(783)   Evacuate Collection Set: 3.6ms
[517.143s][info][gc,phases      ] GC(783)   Post Evacuate Collection Set: 0.4ms
[517.143s][info][gc,phases      ] GC(783)   Other: 0.1ms
[517.143s][info][gc,heap        ] GC(783) Eden regions: 115->0(112)
[517.143s][info][gc,heap        ] GC(783) Survivor regions: 6->7(16)
[517.143s][info][gc,heap        ] GC(783) Old regions: 93->94
[517.143s][info][gc,heap        ] GC(783) Humongous regions: 4->4
[517.143s][info][gc,metaspace   ] GC(783) Metaspace: 84641K(85952K)->84641K(85952K) NonClass: 73730K(74496K)->73730K(74496K) Class: 10911K(11456K)->10911K(11456K)
[517.144s][info][gc             ] GC(783) Pause Young (Concurrent Start) (G1 Evacuation Pause) 217M->103M(237M) 4.665ms
[517.144s][info][gc,cpu         ] GC(783) User=0.00s Sys=0.00s Real=0.00s
[517.144s][info][gc             ] GC(784) Concurrent Mark Cycle
[517.144s][info][gc,marking     ] GC(784) Concurrent Scan Root Regions
[517.147s][info][gc,marking     ] GC(784) Concurrent Scan Root Regions 2.919ms
[517.147s][info][gc,marking     ] GC(784) Concurrent Mark
[517.147s][info][gc,marking     ] GC(784) Concurrent Mark From Roots
[517.147s][info][gc,task        ] GC(784) Using 2 workers of 2 for marking
[517.319s][info][gc,marking     ] GC(784) Concurrent Mark From Roots 172.637ms
[517.319s][info][gc,marking     ] GC(784) Concurrent Preclean
[517.320s][info][gc,marking     ] GC(784) Concurrent Preclean 0.254ms
[517.320s][info][gc,start       ] GC(784) Pause Remark
[517.326s][info][gc             ] GC(784) Pause Remark 141M->141M(239M) 6.216ms
[517.326s][info][gc,cpu         ] GC(784) User=0.08s Sys=0.00s Real=0.01s
[517.326s][info][gc,marking     ] GC(784) Concurrent Mark 179.480ms
[517.326s][info][gc,marking     ] GC(784) Concurrent Rebuild Remembered Sets and Scrub Regions
[517.378s][info][gc,marking     ] GC(784) Concurrent Rebuild Remembered Sets and Scrub Regions 51.484ms
[517.378s][info][gc,start       ] GC(784) Pause Cleanup
[517.378s][info][gc             ] GC(784) Pause Cleanup 157M->157M(239M) 0.176ms
[517.378s][info][gc,cpu         ] GC(784) User=0.00s Sys=0.00s Real=0.00s
[517.378s][info][gc,marking     ] GC(784) Concurrent Clear Claimed Marks
[517.378s][info][gc,marking     ] GC(784) Concurrent Clear Claimed Marks 0.100ms
[517.378s][info][gc,marking     ] GC(784) Concurrent Cleanup for Next Mark
[517.379s][info][gc,marking     ] GC(784) Concurrent Cleanup for Next Mark 0.491ms
[517.379s][info][gc             ] GC(784) Concurrent Mark Cycle 235.297ms
[517.547s][info][gc,start       ] GC(785) Pause Young (Normal) (G1 Evacuation Pause)
[517.548s][info][gc,task        ] GC(785) Using 8 workers of 8 for evacuation
[517.553s][info][gc,phases      ] GC(785)   Pre Evacuate Collection Set: 0.1ms
[517.553s][info][gc,phases      ] GC(785)   Merge Heap Roots: 0.1ms
[517.553s][info][gc,phases      ] GC(785)   Evacuate Collection Set: 4.3ms
[517.553s][info][gc,phases      ] GC(785)   Post Evacuate Collection Set: 0.6ms
[517.553s][info][gc,phases      ] GC(785)   Other: 0.1ms
[517.553s][info][gc,heap        ] GC(785) Eden regions: 112->0(116)
[517.553s][info][gc,heap        ] GC(785) Survivor regions: 7->6(15)
[517.553s][info][gc,heap        ] GC(785) Old regions: 94->94
[517.553s][info][gc,heap        ] GC(785) Humongous regions: 4->4
[517.553s][info][gc,metaspace   ] GC(785) Metaspace: 84641K(85952K)->84641K(85952K) NonClass: 73730K(74496K)->73730K(74496K) Class: 10911K(11456K)->10911K(11456K)
[517.553s][info][gc             ] GC(785) Pause Young (Normal) (G1 Evacuation Pause) 215M->103M(239M) 5.640ms
[517.553s][info][gc,cpu         ] GC(785) User=0.00s Sys=0.00s Real=0.01s
[517.897s][info][gc,start       ] GC(786) Pause Young (Concurrent Start) (G1 Evacuation Pause)
[517.897s][info][gc,task        ] GC(786) Using 8 workers of 8 for evacuation
[517.903s][info][gc,phases      ] GC(786)   Pre Evacuate Collection Set: 0.3ms
[517.903s][info][gc,phases      ] GC(786)   Merge Heap Roots: 0.1ms
[517.903s][info][gc,phases      ] GC(786)   Evacuate Collection Set: 4.8ms
[517.903s][info][gc,phases      ] GC(786)   Post Evacuate Collection Set: 0.7ms
[517.903s][info][gc,phases      ] GC(786)   Other: 0.1ms
[517.903s][info][gc,heap        ] GC(786) Eden regions: 116->0(116)
[517.903s][info][gc,heap        ] GC(786) Survivor regions: 6->6(16)
[517.903s][info][gc,heap        ] GC(786) Old regions: 94->94
[517.903s][info][gc,heap        ] GC(786) Humongous regions: 4->4
[517.903s][info][gc,metaspace   ] GC(786) Metaspace: 84641K(85952K)->84641K(85952K) NonClass: 73730K(74496K)->73730K(74496K) Class: 10911K(11456K)->10911K(11456K)
[517.903s][info][gc             ] GC(786) Pause Young (Concurrent Start) (G1 Evacuation Pause) 219M->103M(239M) 6.436ms
[517.903s][info][gc,cpu         ] GC(786) User=0.00s Sys=0.00s Real=0.01s
[517.903s][info][gc             ] GC(787) Concurrent Mark Cycle
[517.903s][info][gc,marking     ] GC(787) Concurrent Scan Root Regions
[517.907s][info][gc,marking     ] GC(787) Concurrent Scan Root Regions 3.846ms
[517.907s][info][gc,marking     ] GC(787) Concurrent Mark
[517.907s][info][gc,marking     ] GC(787) Concurrent Mark From Roots
[517.907s][info][gc,task        ] GC(787) Using 2 workers of 2 for marking
[518.082s][info][gc,marking     ] GC(787) Concurrent Mark From Roots 174.814ms
[518.082s][info][gc,marking     ] GC(787) Concurrent Preclean
[518.083s][info][gc,marking     ] GC(787) Concurrent Preclean 0.374ms
[518.083s][info][gc,start       ] GC(787) Pause Remark
[518.090s][info][gc             ] GC(787) Pause Remark 147M->147M(247M) 7.615ms
[518.091s][info][gc,cpu         ] GC(787) User=0.00s Sys=0.00s Real=0.01s
[518.091s][info][gc,marking     ] GC(787) Concurrent Mark 183.262ms
[518.091s][info][gc,marking     ] GC(787) Concurrent Rebuild Remembered Sets and Scrub Regions
[518.111s][info][gc,marking     ] GC(787) Concurrent Rebuild Remembered Sets and Scrub Regions 20.470ms
[518.111s][info][gc,start       ] GC(787) Pause Cleanup
[518.111s][info][gc             ] GC(787) Pause Cleanup 150M->150M(247M) 0.064ms
[518.111s][info][gc,cpu         ] GC(787) User=0.00s Sys=0.00s Real=0.00s
[518.111s][info][gc,marking     ] GC(787) Concurrent Clear Claimed Marks
[518.112s][info][gc,marking     ] GC(787) Concurrent Clear Claimed Marks 0.095ms
[518.112s][info][gc,marking     ] GC(787) Concurrent Cleanup for Next Mark
[518.112s][info][gc,marking     ] GC(787) Concurrent Cleanup for Next Mark 0.472ms
[518.112s][info][gc             ] GC(787) Concurrent Mark Cycle 208.778ms
[518.311s][info][gc,start       ] GC(788) Pause Young (Normal) (G1 Evacuation Pause)
[518.311s][info][gc,task        ] GC(788) Using 8 workers of 8 for evacuation
[518.316s][info][gc,phases      ] GC(788)   Pre Evacuate Collection Set: 0.1ms
[518.316s][info][gc,phases      ] GC(788)   Merge Heap Roots: 0.1ms
[518.316s][info][gc,phases      ] GC(788)   Evacuate Collection Set: 3.6ms
[518.316s][info][gc,phases      ] GC(788)   Post Evacuate Collection Set: 0.5ms
[518.316s][info][gc,phases      ] GC(788)   Other: 0.1ms
[518.316s][info][gc,heap        ] GC(788) Eden regions: 116->0(123)
[518.316s][info][gc,heap        ] GC(788) Survivor regions: 6->6(16)
[518.316s][info][gc,heap        ] GC(788) Old regions: 94->95
[518.316s][info][gc,heap        ] GC(788) Humongous regions: 4->4
[518.316s][info][gc,metaspace   ] GC(788) Metaspace: 84641K(85952K)->84641K(85952K) NonClass: 73730K(74496K)->73730K(74496K) Class: 10911K(11456K)->10911K(11456K)
[518.316s][info][gc             ] GC(788) Pause Young (Normal) (G1 Evacuation Pause) 219M->104M(247M) 4.875ms
[518.316s][info][gc,cpu         ] GC(788) User=0.00s Sys=0.00s Real=0.00s
[518.658s][info][gc,start       ] GC(789) Pause Young (Concurrent Start) (G1 Evacuation Pause)
[518.658s][info][gc,task        ] GC(789) Using 8 workers of 8 for evacuation
[518.662s][info][gc,phases      ] GC(789)   Pre Evacuate Collection Set: 0.1ms
[518.662s][info][gc,phases      ] GC(789)   Merge Heap Roots: 0.1ms
[518.662s][info][gc,phases      ] GC(789)   Evacuate Collection Set: 3.4ms
[518.663s][info][gc,phases      ] GC(789)   Post Evacuate Collection Set: 0.4ms
[518.663s][info][gc,phases      ] GC(789)   Other: 0.1ms
[518.663s][info][gc,heap        ] GC(789) Eden regions: 123->0(123)
[518.663s][info][gc,heap        ] GC(789) Survivor regions: 6->6(17)
[518.663s][info][gc,heap        ] GC(789) Old regions: 95->95
[518.663s][info][gc,heap        ] GC(789) Humongous regions: 4->4
[518.663s][info][gc,metaspace   ] GC(789) Metaspace: 84641K(85952K)->84641K(85952K) NonClass: 73730K(74496K)->73730K(74496K) Class: 10911K(11456K)->10911K(11456K)
[518.663s][info][gc             ] GC(789) Pause Young (Concurrent Start) (G1 Evacuation Pause) 227M->104M(247M) 4.667ms
[518.663s][info][gc             ] GC(790) Concurrent Mark Cycle
[518.663s][info][gc,cpu         ] GC(789) User=0.00s Sys=0.00s Real=0.01s
[518.663s][info][gc,marking     ] GC(790) Concurrent Scan Root Regions
[518.666s][info][gc,marking     ] GC(790) Concurrent Scan Root Regions 3.130ms
[518.666s][info][gc,marking     ] GC(790) Concurrent Mark
[518.666s][info][gc,marking     ] GC(790) Concurrent Mark From Roots
[518.666s][info][gc,task        ] GC(790) Using 2 workers of 2 for marking
[518.835s][info][gc,marking     ] GC(790) Concurrent Mark From Roots 168.609ms
[518.835s][info][gc,marking     ] GC(790) Concurrent Preclean
[518.835s][info][gc,marking     ] GC(790) Concurrent Preclean 0.379ms
[518.835s][info][gc,start       ] GC(790) Pause Remark
[518.842s][info][gc             ] GC(790) Pause Remark 141M->141M(247M) 6.533ms
[518.842s][info][gc,cpu         ] GC(790) User=0.08s Sys=0.00s Real=0.01s
[518.842s][info][gc,marking     ] GC(790) Concurrent Mark 175.946ms
[518.842s][info][gc,marking     ] GC(790) Concurrent Rebuild Remembered Sets and Scrub Regions
[518.901s][info][gc,marking     ] GC(790) Concurrent Rebuild Remembered Sets and Scrub Regions 58.436ms
[518.901s][info][gc,start       ] GC(790) Pause Cleanup
[518.901s][info][gc             ] GC(790) Pause Cleanup 156M->156M(247M) 0.192ms
[518.901s][info][gc,cpu         ] GC(790) User=0.00s Sys=0.00s Real=0.00s
[518.901s][info][gc,marking     ] GC(790) Concurrent Clear Claimed Marks
[518.901s][info][gc,marking     ] GC(790) Concurrent Clear Claimed Marks 0.101ms
[518.901s][info][gc,marking     ] GC(790) Concurrent Cleanup for Next Mark
[518.902s][info][gc,marking     ] GC(790) Concurrent Cleanup for Next Mark 0.445ms
[518.902s][info][gc             ] GC(790) Concurrent Mark Cycle 238.953ms
[519.108s][info][gc,start       ] GC(791) Pause Young (Normal) (G1 Evacuation Pause)
[519.108s][info][gc,task        ] GC(791) Using 8 workers of 8 for evacuation
[519.114s][info][gc,phases      ] GC(791)   Pre Evacuate Collection Set: 0.2ms
[519.114s][info][gc,phases      ] GC(791)   Merge Heap Roots: 0.1ms
[519.114s][info][gc,phases      ] GC(791)   Evacuate Collection Set: 4.9ms
[519.114s][info][gc,phases      ] GC(791)   Post Evacuate Collection Set: 0.7ms
[519.114s][info][gc,phases      ] GC(791)   Other: 0.1ms
[519.114s][info][gc,heap        ] GC(791) Eden regions: 123->0(120)
[519.114s][info][gc,heap        ] GC(791) Survivor regions: 6->7(17)
[519.114s][info][gc,heap        ] GC(791) Old regions: 95->96
[519.114s][info][gc,heap        ] GC(791) Humongous regions: 4->4
[519.114s][info][gc,metaspace   ] GC(791) Metaspace: 84641K(85952K)->84641K(85952K) NonClass: 73730K(74496K)->73730K(74496K) Class: 10911K(11456K)->10911K(11456K)
[519.114s][info][gc             ] GC(791) Pause Young (Normal) (G1 Evacuation Pause) 227M->105M(247M) 6.623ms
[519.114s][info][gc,cpu         ] GC(791) User=0.00s Sys=0.00s Real=0.01s
[519.511s][info][gc,start       ] GC(792) Pause Young (Concurrent Start) (G1 Evacuation Pause)
[519.511s][info][gc,task        ] GC(792) Using 8 workers of 8 for evacuation
[519.516s][info][gc,phases      ] GC(792)   Pre Evacuate Collection Set: 0.2ms
[519.516s][info][gc,phases      ] GC(792)   Merge Heap Roots: 0.1ms
[519.516s][info][gc,phases      ] GC(792)   Evacuate Collection Set: 4.0ms
[519.516s][info][gc,phases      ] GC(792)   Post Evacuate Collection Set: 0.5ms
[519.516s][info][gc,phases      ] GC(792)   Other: 0.2ms
[519.516s][info][gc,heap        ] GC(792) Eden regions: 120->0(122)
[519.516s][info][gc,heap        ] GC(792) Survivor regions: 7->6(16)
[519.516s][info][gc,heap        ] GC(792) Old regions: 96->96
[519.516s][info][gc,heap        ] GC(792) Humongous regions: 4->4
[519.516s][info][gc,metaspace   ] GC(792) Metaspace: 84641K(85952K)->84641K(85952K) NonClass: 73730K(74496K)->73730K(74496K) Class: 10911K(11456K)->10911K(11456K)
[519.516s][info][gc             ] GC(792) Pause Young (Concurrent Start) (G1 Evacuation Pause) 225M->105M(247M) 5.476ms
[519.516s][info][gc             ] GC(793) Concurrent Mark Cycle
[519.516s][info][gc,cpu         ] GC(792) User=0.09s Sys=0.00s Real=0.01s
[519.516s][info][gc,marking     ] GC(793) Concurrent Scan Root Regions
[519.520s][info][gc,marking     ] GC(793) Concurrent Scan Root Regions 3.603ms
[519.520s][info][gc,marking     ] GC(793) Concurrent Mark
[519.520s][info][gc,marking     ] GC(793) Concurrent Mark From Roots
[519.520s][info][gc,task        ] GC(793) Using 2 workers of 2 for marking
[519.688s][info][gc,marking     ] GC(793) Concurrent Mark From Roots 168.009ms
[519.688s][info][gc,marking     ] GC(793) Concurrent Preclean
[519.688s][info][gc,marking     ] GC(793) Concurrent Preclean 0.427ms
[519.689s][info][gc,start       ] GC(793) Pause Remark
[519.695s][info][gc             ] GC(793) Pause Remark 142M->142M(247M) 5.995ms
[519.695s][info][gc,cpu         ] GC(793) User=0.00s Sys=0.00s Real=0.01s
[519.695s][info][gc,marking     ] GC(793) Concurrent Mark 174.889ms
[519.695s][info][gc,marking     ] GC(793) Concurrent Rebuild Remembered Sets and Scrub Regions
[519.746s][info][gc,marking     ] GC(793) Concurrent Rebuild Remembered Sets and Scrub Regions 51.586ms
[519.747s][info][gc,start       ] GC(793) Pause Cleanup
[519.747s][info][gc             ] GC(793) Pause Cleanup 157M->157M(247M) 0.156ms
[519.747s][info][gc,cpu         ] GC(793) User=0.00s Sys=0.02s Real=0.00s
[519.747s][info][gc,marking     ] GC(793) Concurrent Clear Claimed Marks
[519.747s][info][gc,marking     ] GC(793) Concurrent Clear Claimed Marks 0.108ms
[519.747s][info][gc,marking     ] GC(793) Concurrent Cleanup for Next Mark
[519.747s][info][gc,marking     ] GC(793) Concurrent Cleanup for Next Mark 0.439ms
[519.747s][info][gc             ] GC(793) Concurrent Mark Cycle 231.366ms
[519.963s][info][gc,start       ] GC(794) Pause Young (Normal) (G1 Evacuation Pause)
[519.963s][info][gc,task        ] GC(794) Using 8 workers of 8 for evacuation
[519.968s][info][gc,phases      ] GC(794)   Pre Evacuate Collection Set: 0.2ms
[519.969s][info][gc,phases      ] GC(794)   Merge Heap Roots: 0.1ms
[519.969s][info][gc,phases      ] GC(794)   Evacuate Collection Set: 4.1ms
[519.969s][info][gc,phases      ] GC(794)   Post Evacuate Collection Set: 0.9ms
[519.969s][info][gc,phases      ] GC(794)   Other: 0.1ms
[519.969s][info][gc,heap        ] GC(794) Eden regions: 122->0(122)
[519.969s][info][gc,heap        ] GC(794) Survivor regions: 6->6(16)
[519.969s][info][gc,heap        ] GC(794) Old regions: 96->96
[519.969s][info][gc,heap        ] GC(794) Humongous regions: 4->4
[519.969s][info][gc,metaspace   ] GC(794) Metaspace: 84641K(85952K)->84641K(85952K) NonClass: 73730K(74496K)->73730K(74496K) Class: 10911K(11456K)->10911K(11456K)
[519.969s][info][gc             ] GC(794) Pause Young (Normal) (G1 Evacuation Pause) 227M->105M(247M) 5.842ms
[519.969s][info][gc,cpu         ] GC(794) User=0.11s Sys=0.00s Real=0.01s
[520.434s][info][gc,start       ] GC(795) Pause Young (Concurrent Start) (G1 Evacuation Pause)
[520.434s][info][gc,task        ] GC(795) Using 8 workers of 8 for evacuation
[520.441s][info][gc,phases      ] GC(795)   Pre Evacuate Collection Set: 0.3ms
[520.441s][info][gc,phases      ] GC(795)   Merge Heap Roots: 0.1ms
[520.441s][info][gc,phases      ] GC(795)   Evacuate Collection Set: 5.6ms
[520.441s][info][gc,phases      ] GC(795)   Post Evacuate Collection Set: 0.5ms
[520.441s][info][gc,phases      ] GC(795)   Other: 0.2ms
[520.441s][info][gc,heap        ] GC(795) Eden regions: 122->0(121)
[520.441s][info][gc,heap        ] GC(795) Survivor regions: 6->6(16)
[520.441s][info][gc,heap        ] GC(795) Old regions: 96->97
[520.441s][info][gc,heap        ] GC(795) Humongous regions: 4->4
[520.441s][info][gc,metaspace   ] GC(795) Metaspace: 84641K(85952K)->84641K(85952K) NonClass: 73730K(74496K)->73730K(74496K) Class: 10911K(11456K)->10911K(11456K)
[520.441s][info][gc             ] GC(795) Pause Young (Concurrent Start) (G1 Evacuation Pause) 227M->106M(247M) 7.353ms
[520.441s][info][gc             ] GC(796) Concurrent Mark Cycle
[520.441s][info][gc,cpu         ] GC(795) User=0.03s Sys=0.02s Real=0.01s
[520.441s][info][gc,marking     ] GC(796) Concurrent Scan Root Regions
[520.446s][info][gc,marking     ] GC(796) Concurrent Scan Root Regions 4.500ms
[520.446s][info][gc,marking     ] GC(796) Concurrent Mark
[520.446s][info][gc,marking     ] GC(796) Concurrent Mark From Roots
[520.446s][info][gc,task        ] GC(796) Using 2 workers of 2 for marking
[520.637s][info][gc,marking     ] GC(796) Concurrent Mark From Roots 191.029ms
[520.637s][info][gc,marking     ] GC(796) Concurrent Preclean
[520.638s][info][gc,marking     ] GC(796) Concurrent Preclean 0.461ms
[520.638s][info][gc,start       ] GC(796) Pause Remark
[520.645s][info][gc             ] GC(796) Pause Remark 148M->148M(249M) 6.692ms
[520.645s][info][gc,cpu         ] GC(796) User=0.00s Sys=0.00s Real=0.01s
[520.645s][info][gc,marking     ] GC(796) Concurrent Mark 198.691ms
[520.645s][info][gc,marking     ] GC(796) Concurrent Rebuild Remembered Sets and Scrub Regions
[520.712s][info][gc,marking     ] GC(796) Concurrent Rebuild Remembered Sets and Scrub Regions 67.113ms
[520.712s][info][gc,start       ] GC(796) Pause Cleanup
[520.712s][info][gc             ] GC(796) Pause Cleanup 160M->160M(249M) 0.181ms
[520.712s][info][gc,cpu         ] GC(796) User=0.00s Sys=0.00s Real=0.00s
[520.712s][info][gc,marking     ] GC(796) Concurrent Clear Claimed Marks
[520.713s][info][gc,marking     ] GC(796) Concurrent Clear Claimed Marks 0.104ms
[520.713s][info][gc,marking     ] GC(796) Concurrent Cleanup for Next Mark
[520.713s][info][gc,marking     ] GC(796) Concurrent Cleanup for Next Mark 0.476ms
[520.713s][info][gc             ] GC(796) Concurrent Mark Cycle 271.687ms
[521.061s][info][gc,start       ] GC(797) Pause Young (Normal) (G1 Evacuation Pause)
[521.061s][info][gc,task        ] GC(797) Using 8 workers of 8 for evacuation
[521.067s][info][gc,phases      ] GC(797)   Pre Evacuate Collection Set: 0.2ms
[521.067s][info][gc,phases      ] GC(797)   Merge Heap Roots: 0.3ms
[521.067s][info][gc,phases      ] GC(797)   Evacuate Collection Set: 5.1ms
[521.067s][info][gc,phases      ] GC(797)   Post Evacuate Collection Set: 0.6ms
[521.068s][info][gc,phases      ] GC(797)   Other: 0.2ms
[521.068s][info][gc,heap        ] GC(797) Eden regions: 121->0(123)
[521.068s][info][gc,heap        ] GC(797) Survivor regions: 6->6(16)
[521.068s][info][gc,heap        ] GC(797) Old regions: 97->97
[521.068s][info][gc,heap        ] GC(797) Humongous regions: 4->4
[521.068s][info][gc,metaspace   ] GC(797) Metaspace: 84641K(85952K)->84641K(85952K) NonClass: 73730K(74496K)->73730K(74496K) Class: 10911K(11456K)->10911K(11456K)
[521.068s][info][gc             ] GC(797) Pause Young (Normal) (G1 Evacuation Pause) 227M->106M(249M) 7.205ms
[521.068s][info][gc,cpu         ] GC(797) User=0.00s Sys=0.00s Real=0.01s
[521.597s][info][gc,start       ] GC(798) Pause Young (Concurrent Start) (G1 Evacuation Pause)
[521.597s][info][gc,task        ] GC(798) Using 8 workers of 8 for evacuation
[521.604s][info][gc,phases      ] GC(798)   Pre Evacuate Collection Set: 0.2ms
[521.604s][info][gc,phases      ] GC(798)   Merge Heap Roots: 0.1ms
[521.604s][info][gc,phases      ] GC(798)   Evacuate Collection Set: 6.2ms
[521.604s][info][gc,phases      ] GC(798)   Post Evacuate Collection Set: 0.6ms
[521.605s][info][gc,phases      ] GC(798)   Other: 0.2ms
[521.605s][info][gc,heap        ] GC(798) Eden regions: 123->0(121)
[521.605s][info][gc,heap        ] GC(798) Survivor regions: 6->7(17)
[521.605s][info][gc,heap        ] GC(798) Old regions: 97->97
[521.605s][info][gc,heap        ] GC(798) Humongous regions: 4->4
[521.605s][info][gc,metaspace   ] GC(798) Metaspace: 84641K(85952K)->84641K(85952K) NonClass: 73730K(74496K)->73730K(74496K) Class: 10911K(11456K)->10911K(11456K)
[521.605s][info][gc             ] GC(798) Pause Young (Concurrent Start) (G1 Evacuation Pause) 229M->106M(249M) 8.219ms
[521.605s][info][gc             ] GC(799) Concurrent Mark Cycle
[521.605s][info][gc,cpu         ] GC(798) User=0.00s Sys=0.00s Real=0.01s
[521.605s][info][gc,marking     ] GC(799) Concurrent Scan Root Regions
[521.610s][info][gc,marking     ] GC(799) Concurrent Scan Root Regions 4.724ms
[521.610s][info][gc,marking     ] GC(799) Concurrent Mark
[521.610s][info][gc,marking     ] GC(799) Concurrent Mark From Roots
[521.610s][info][gc,task        ] GC(799) Using 2 workers of 2 for marking
[521.817s][info][gc,marking     ] GC(799) Concurrent Mark From Roots 206.852ms
[521.817s][info][gc,marking     ] GC(799) Concurrent Preclean
[521.817s][info][gc,marking     ] GC(799) Concurrent Preclean 0.297ms
[521.817s][info][gc,start       ] GC(799) Pause Remark
[521.835s][info][gc             ] GC(799) Pause Remark 142M->142M(249M) 17.587ms
[521.835s][info][gc,cpu         ] GC(799) User=0.09s Sys=0.00s Real=0.02s
[521.835s][info][gc,marking     ] GC(799) Concurrent Mark 225.431ms
[521.835s][info][gc,marking     ] GC(799) Concurrent Rebuild Remembered Sets and Scrub Regions
[521.865s][info][gc,marking     ] GC(799) Concurrent Rebuild Remembered Sets and Scrub Regions 29.055ms
[521.865s][info][gc,start       ] GC(799) Pause Cleanup
[521.865s][info][gc             ] GC(799) Pause Cleanup 148M->148M(249M) 0.094ms
[521.865s][info][gc,cpu         ] GC(799) User=0.00s Sys=0.00s Real=0.00s
[521.865s][info][gc,marking     ] GC(799) Concurrent Clear Claimed Marks
[521.865s][info][gc,marking     ] GC(799) Concurrent Clear Claimed Marks 0.114ms
[521.865s][info][gc,marking     ] GC(799) Concurrent Cleanup for Next Mark
[521.866s][info][gc,marking     ] GC(799) Concurrent Cleanup for Next Mark 0.522ms
[521.866s][info][gc             ] GC(799) Concurrent Mark Cycle 260.597ms
[522.215s][info][gc,start       ] GC(800) Pause Young (Normal) (G1 Evacuation Pause)
[522.215s][info][gc,task        ] GC(800) Using 8 workers of 8 for evacuation
[522.222s][info][gc,phases      ] GC(800)   Pre Evacuate Collection Set: 0.2ms
[522.222s][info][gc,phases      ] GC(800)   Merge Heap Roots: 0.1ms
[522.222s][info][gc,phases      ] GC(800)   Evacuate Collection Set: 5.4ms
[522.222s][info][gc,phases      ] GC(800)   Post Evacuate Collection Set: 0.9ms
[522.222s][info][gc,phases      ] GC(800)   Other: 0.1ms
[522.222s][info][gc,heap        ] GC(800) Eden regions: 121->0(122)
[522.222s][info][gc,heap        ] GC(800) Survivor regions: 7->6(16)
[522.222s][info][gc,heap        ] GC(800) Old regions: 97->98
[522.222s][info][gc,heap        ] GC(800) Humongous regions: 4->4
[522.222s][info][gc,metaspace   ] GC(800) Metaspace: 84635K(85952K)->84635K(85952K) NonClass: 73725K(74496K)->73725K(74496K) Class: 10910K(11456K)->10910K(11456K)
[522.222s][info][gc             ] GC(800) Pause Young (Normal) (G1 Evacuation Pause) 227M->107M(249M) 7.200ms
[522.222s][info][gc,cpu         ] GC(800) User=0.02s Sys=0.00s Real=0.01s
[522.749s][info][gc,start       ] GC(801) Pause Young (Concurrent Start) (G1 Evacuation Pause)
[522.749s][info][gc,task        ] GC(801) Using 8 workers of 8 for evacuation
[522.754s][info][gc,phases      ] GC(801)   Pre Evacuate Collection Set: 0.2ms
[522.754s][info][gc,phases      ] GC(801)   Merge Heap Roots: 0.1ms
[522.754s][info][gc,phases      ] GC(801)   Evacuate Collection Set: 4.2ms
[522.754s][info][gc,phases      ] GC(801)   Post Evacuate Collection Set: 0.6ms
[522.754s][info][gc,phases      ] GC(801)   Other: 0.2ms
[522.754s][info][gc,heap        ] GC(801) Eden regions: 122->0(121)
[522.754s][info][gc,heap        ] GC(801) Survivor regions: 6->6(16)
[522.754s][info][gc,heap        ] GC(801) Old regions: 98->99
[522.754s][info][gc,heap        ] GC(801) Humongous regions: 4->4
[522.755s][info][gc,metaspace   ] GC(801) Metaspace: 84635K(85952K)->84635K(85952K) NonClass: 73725K(74496K)->73725K(74496K) Class: 10910K(11456K)->10910K(11456K)
[522.755s][info][gc             ] GC(801) Pause Young (Concurrent Start) (G1 Evacuation Pause) 229M->107M(249M) 5.964ms
[522.755s][info][gc,cpu         ] GC(801) User=0.00s Sys=0.00s Real=0.01s
[522.755s][info][gc             ] GC(802) Concurrent Mark Cycle
[522.755s][info][gc,marking     ] GC(802) Concurrent Scan Root Regions
[522.760s][info][gc,marking     ] GC(802) Concurrent Scan Root Regions 4.709ms
[522.760s][info][gc,marking     ] GC(802) Concurrent Mark
[522.760s][info][gc,marking     ] GC(802) Concurrent Mark From Roots
[522.760s][info][gc,task        ] GC(802) Using 2 workers of 2 for marking
[522.963s][info][gc,marking     ] GC(802) Concurrent Mark From Roots 203.543ms
[522.963s][info][gc,marking     ] GC(802) Concurrent Preclean
[522.964s][info][gc,marking     ] GC(802) Concurrent Preclean 0.352ms
[522.964s][info][gc,start       ] GC(802) Pause Remark
[522.971s][info][gc             ] GC(802) Pause Remark 144M->144M(249M) 6.898ms
[522.971s][info][gc,cpu         ] GC(802) User=0.02s Sys=0.00s Real=0.01s
[522.971s][info][gc,marking     ] GC(802) Concurrent Mark 211.271ms
[522.971s][info][gc,marking     ] GC(802) Concurrent Rebuild Remembered Sets and Scrub Regions
[523.046s][info][gc,marking     ] GC(802) Concurrent Rebuild Remembered Sets and Scrub Regions 74.966ms
[523.046s][info][gc,start       ] GC(802) Pause Cleanup
[523.046s][info][gc             ] GC(802) Pause Cleanup 157M->157M(249M) 0.187ms
[523.046s][info][gc,cpu         ] GC(802) User=0.00s Sys=0.00s Real=0.00s
[523.046s][info][gc,marking     ] GC(802) Concurrent Clear Claimed Marks
[523.047s][info][gc,marking     ] GC(802) Concurrent Clear Claimed Marks 0.134ms
[523.047s][info][gc,marking     ] GC(802) Concurrent Cleanup for Next Mark
[523.047s][info][gc,marking     ] GC(802) Concurrent Cleanup for Next Mark 0.500ms
[523.047s][info][gc             ] GC(802) Concurrent Mark Cycle 292.550ms
[550.849s][info][gc,start       ] GC(803) Pause Young (Normal) (G1 Evacuation Pause)
[550.849s][info][gc,task        ] GC(803) Using 8 workers of 8 for evacuation
[550.855s][info][gc,phases      ] GC(803)   Pre Evacuate Collection Set: 0.1ms
[550.855s][info][gc,phases      ] GC(803)   Merge Heap Roots: 0.2ms
[550.855s][info][gc,phases      ] GC(803)   Evacuate Collection Set: 4.4ms
[550.855s][info][gc,phases      ] GC(803)   Post Evacuate Collection Set: 0.5ms
[550.855s][info][gc,phases      ] GC(803)   Other: 0.1ms
[550.855s][info][gc,heap        ] GC(803) Eden regions: 121->0(119)
[550.855s][info][gc,heap        ] GC(803) Survivor regions: 6->7(16)
[550.855s][info][gc,heap        ] GC(803) Old regions: 99->99
[550.855s][info][gc,heap        ] GC(803) Humongous regions: 4->4
[550.855s][info][gc,metaspace   ] GC(803) Metaspace: 84662K(85952K)->84662K(85952K) NonClass: 73752K(74496K)->73752K(74496K) Class: 10910K(11456K)->10910K(11456K)
[550.855s][info][gc             ] GC(803) Pause Young (Normal) (G1 Evacuation Pause) 228M->108M(249M) 5.647ms
[550.855s][info][gc,cpu         ] GC(803) User=0.00s Sys=0.00s Real=0.00s
[551.374s][info][gc,start       ] GC(804) Pause Young (Concurrent Start) (G1 Evacuation Pause)
[551.374s][info][gc,task        ] GC(804) Using 8 workers of 8 for evacuation
[551.380s][info][gc,phases      ] GC(804)   Pre Evacuate Collection Set: 0.2ms
[551.380s][info][gc,phases      ] GC(804)   Merge Heap Roots: 0.1ms
[551.380s][info][gc,phases      ] GC(804)   Evacuate Collection Set: 4.7ms
[551.380s][info][gc,phases      ] GC(804)   Post Evacuate Collection Set: 0.6ms
[551.380s][info][gc,phases      ] GC(804)   Other: 0.2ms
[551.380s][info][gc,heap        ] GC(804) Eden regions: 119->0(119)
[551.380s][info][gc,heap        ] GC(804) Survivor regions: 7->7(16)
[551.380s][info][gc,heap        ] GC(804) Old regions: 99->99
[551.380s][info][gc,heap        ] GC(804) Humongous regions: 4->4
[551.380s][info][gc,metaspace   ] GC(804) Metaspace: 84662K(85952K)->84662K(85952K) NonClass: 73752K(74496K)->73752K(74496K) Class: 10910K(11456K)->10910K(11456K)
[551.381s][info][gc             ] GC(804) Pause Young (Concurrent Start) (G1 Evacuation Pause) 227M->109M(249M) 6.786ms
[551.381s][info][gc             ] GC(805) Concurrent Mark Cycle
[551.381s][info][gc,cpu         ] GC(804) User=0.00s Sys=0.00s Real=0.01s
[551.381s][info][gc,marking     ] GC(805) Concurrent Scan Root Regions
[551.386s][info][gc,marking     ] GC(805) Concurrent Scan Root Regions 5.139ms
[551.386s][info][gc,marking     ] GC(805) Concurrent Mark
[551.386s][info][gc,marking     ] GC(805) Concurrent Mark From Roots
[551.386s][info][gc,task        ] GC(805) Using 2 workers of 2 for marking
[551.487s][info][gc,marking     ] GC(805) Concurrent Mark From Roots 100.931ms
[551.487s][info][gc,marking     ] GC(805) Concurrent Preclean
[551.487s][info][gc,marking     ] GC(805) Concurrent Preclean 0.371ms
[551.488s][info][gc,start       ] GC(805) Pause Remark
[551.494s][info][gc             ] GC(805) Pause Remark 128M->126M(249M) 5.994ms
[551.494s][info][gc,cpu         ] GC(805) User=0.00s Sys=0.00s Real=0.01s
[551.494s][info][gc,marking     ] GC(805) Concurrent Mark 107.888ms
[551.494s][info][gc,marking     ] GC(805) Concurrent Rebuild Remembered Sets and Scrub Regions
[551.535s][info][gc,marking     ] GC(805) Concurrent Rebuild Remembered Sets and Scrub Regions 40.862ms
[551.535s][info][gc,start       ] GC(805) Pause Cleanup
[551.535s][info][gc             ] GC(805) Pause Cleanup 134M->134M(249M) 0.277ms
[551.535s][info][gc,cpu         ] GC(805) User=0.00s Sys=0.00s Real=0.00s
[551.535s][info][gc,marking     ] GC(805) Concurrent Clear Claimed Marks
[551.536s][info][gc,marking     ] GC(805) Concurrent Clear Claimed Marks 0.115ms
[551.536s][info][gc,marking     ] GC(805) Concurrent Cleanup for Next Mark
[551.536s][info][gc,marking     ] GC(805) Concurrent Cleanup for Next Mark 0.785ms
[551.537s][info][gc             ] GC(805) Concurrent Mark Cycle 155.836ms
[551.793s][info][gc,start       ] GC(806) Pause Young (Prepare Mixed) (G1 Evacuation Pause)
[551.793s][info][gc,task        ] GC(806) Using 8 workers of 8 for evacuation
[551.796s][info][gc,phases      ] GC(806)   Pre Evacuate Collection Set: 0.1ms
[551.796s][info][gc,phases      ] GC(806)   Merge Heap Roots: 0.1ms
[551.796s][info][gc,phases      ] GC(806)   Evacuate Collection Set: 2.0ms
[551.796s][info][gc,phases      ] GC(806)   Post Evacuate Collection Set: 0.4ms
[551.796s][info][gc,phases      ] GC(806)   Other: 0.1ms
[551.796s][info][gc,heap        ] GC(806) Eden regions: 119->0(131)
[551.796s][info][gc,heap        ] GC(806) Survivor regions: 7->2(16)
[551.796s][info][gc,heap        ] GC(806) Old regions: 99->99
[551.796s][info][gc,heap        ] GC(806) Humongous regions: 2->2
[551.796s][info][gc,metaspace   ] GC(806) Metaspace: 84663K(85952K)->84663K(85952K) NonClass: 73753K(74496K)->73753K(74496K) Class: 10910K(11456K)->10910K(11456K)
[551.796s][info][gc             ] GC(806) Pause Young (Prepare Mixed) (G1 Evacuation Pause) 226M->102M(249M) 3.113ms
[551.796s][info][gc,cpu         ] GC(806) User=0.09s Sys=0.00s Real=0.00s
[552.348s][info][gc,start       ] GC(807) Pause Young (Mixed) (G1 Evacuation Pause)
[552.348s][info][gc,task        ] GC(807) Using 8 workers of 8 for evacuation
[552.352s][info][gc,phases      ] GC(807)   Pre Evacuate Collection Set: 0.1ms
[552.352s][info][gc,phases      ] GC(807)   Merge Heap Roots: 0.1ms
[552.352s][info][gc,phases      ] GC(807)   Evacuate Collection Set: 3.2ms
[552.352s][info][gc,phases      ] GC(807)   Post Evacuate Collection Set: 0.5ms
[552.352s][info][gc,phases      ] GC(807)   Other: 0.1ms
[552.352s][info][gc,heap        ] GC(807) Eden regions: 131->0(146)
[552.352s][info][gc,heap        ] GC(807) Survivor regions: 2->3(17)
[552.352s][info][gc,heap        ] GC(807) Old regions: 99->76
[552.352s][info][gc,heap        ] GC(807) Humongous regions: 2->2
[552.352s][info][gc,metaspace   ] GC(807) Metaspace: 84663K(85952K)->84663K(85952K) NonClass: 73753K(74496K)->73753K(74496K) Class: 10910K(11456K)->10910K(11456K)
[552.352s][info][gc             ] GC(807) Pause Young (Mixed) (G1 Evacuation Pause) 233M->79M(249M) 4.501ms
[552.352s][info][gc,cpu         ] GC(807) User=0.00s Sys=0.00s Real=0.01s
[552.805s][info][gc,start       ] GC(808) Pause Young (Mixed) (G1 Evacuation Pause)
[552.805s][info][gc,task        ] GC(808) Using 8 workers of 8 for evacuation
[552.809s][info][gc,phases      ] GC(808)   Pre Evacuate Collection Set: 0.1ms
[552.809s][info][gc,phases      ] GC(808)   Merge Heap Roots: 0.1ms
[552.809s][info][gc,phases      ] GC(808)   Evacuate Collection Set: 3.3ms
[552.809s][info][gc,phases      ] GC(808)   Post Evacuate Collection Set: 0.5ms
[552.809s][info][gc,phases      ] GC(808)   Other: 0.1ms
[552.809s][info][gc,heap        ] GC(808) Eden regions: 146->0(146)
[552.809s][info][gc,heap        ] GC(808) Survivor regions: 3->3(19)
[552.809s][info][gc,heap        ] GC(808) Old regions: 76->57
[552.809s][info][gc,heap        ] GC(808) Humongous regions: 2->2
[552.809s][info][gc,metaspace   ] GC(808) Metaspace: 84663K(85952K)->84663K(85952K) NonClass: 73753K(74496K)->73753K(74496K) Class: 10910K(11456K)->10910K(11456K)
[552.809s][info][gc             ] GC(808) Pause Young (Mixed) (G1 Evacuation Pause) 225M->61M(249M) 4.624ms
[552.809s][info][gc,cpu         ] GC(808) User=0.02s Sys=0.00s Real=0.01s
[553.205s][info][gc,start       ] GC(809) Pause Young (Normal) (G1 Evacuation Pause)
[553.205s][info][gc,task        ] GC(809) Using 8 workers of 8 for evacuation
[553.208s][info][gc,phases      ] GC(809)   Pre Evacuate Collection Set: 0.3ms
[553.208s][info][gc,phases      ] GC(809)   Merge Heap Roots: 0.1ms
[553.208s][info][gc,phases      ] GC(809)   Evacuate Collection Set: 1.8ms
[553.208s][info][gc,phases      ] GC(809)   Post Evacuate Collection Set: 0.5ms
[553.208s][info][gc,phases      ] GC(809)   Other: 0.1ms
[553.208s][info][gc,heap        ] GC(809) Eden regions: 146->0(146)
[553.208s][info][gc,heap        ] GC(809) Survivor regions: 3->3(19)
[553.208s][info][gc,heap        ] GC(809) Old regions: 57->57
[553.208s][info][gc,heap        ] GC(809) Humongous regions: 2->2
[553.208s][info][gc,metaspace   ] GC(809) Metaspace: 84663K(85952K)->84663K(85952K) NonClass: 73753K(74496K)->73753K(74496K) Class: 10910K(11456K)->10910K(11456K)
[553.209s][info][gc             ] GC(809) Pause Young (Normal) (G1 Evacuation Pause) 207M->61M(249M) 3.209ms
[553.209s][info][gc,cpu         ] GC(809) User=0.00s Sys=0.00s Real=0.00s
[553.615s][info][gc,start       ] GC(810) Pause Young (Normal) (G1 Evacuation Pause)
[553.615s][info][gc,task        ] GC(810) Using 8 workers of 8 for evacuation
[553.618s][info][gc,phases      ] GC(810)   Pre Evacuate Collection Set: 0.1ms
[553.618s][info][gc,phases      ] GC(810)   Merge Heap Roots: 0.1ms
[553.618s][info][gc,phases      ] GC(810)   Evacuate Collection Set: 2.5ms
[553.618s][info][gc,phases      ] GC(810)   Post Evacuate Collection Set: 0.5ms
[553.618s][info][gc,phases      ] GC(810)   Other: 0.1ms
[553.618s][info][gc,heap        ] GC(810) Eden regions: 146->0(145)
[553.618s][info][gc,heap        ] GC(810) Survivor regions: 3->4(19)
[553.618s][info][gc,heap        ] GC(810) Old regions: 57->57
[553.618s][info][gc,heap        ] GC(810) Humongous regions: 2->2
[553.618s][info][gc,metaspace   ] GC(810) Metaspace: 84663K(85952K)->84663K(85952K) NonClass: 73753K(74496K)->73753K(74496K) Class: 10910K(11456K)->10910K(11456K)
[553.618s][info][gc             ] GC(810) Pause Young (Normal) (G1 Evacuation Pause) 207M->62M(249M) 3.733ms
[553.618s][info][gc,cpu         ] GC(810) User=0.00s Sys=0.00s Real=0.00s
[554.079s][info][gc,start       ] GC(811) Pause Young (Normal) (G1 Evacuation Pause)
[554.080s][info][gc,task        ] GC(811) Using 8 workers of 8 for evacuation
[554.083s][info][gc,phases      ] GC(811)   Pre Evacuate Collection Set: 0.2ms
[554.083s][info][gc,phases      ] GC(811)   Merge Heap Roots: 0.1ms
[554.083s][info][gc,phases      ] GC(811)   Evacuate Collection Set: 2.6ms
[554.083s][info][gc,phases      ] GC(811)   Post Evacuate Collection Set: 0.4ms
[554.083s][info][gc,phases      ] GC(811)   Other: 0.1ms
[554.083s][info][gc,heap        ] GC(811) Eden regions: 145->0(145)
[554.083s][info][gc,heap        ] GC(811) Survivor regions: 4->4(19)
[554.083s][info][gc,heap        ] GC(811) Old regions: 57->57
[554.083s][info][gc,heap        ] GC(811) Humongous regions: 2->2
[554.083s][info][gc,metaspace   ] GC(811) Metaspace: 84663K(85952K)->84663K(85952K) NonClass: 73753K(74496K)->73753K(74496K) Class: 10910K(11456K)->10910K(11456K)
[554.083s][info][gc             ] GC(811) Pause Young (Normal) (G1 Evacuation Pause) 207M->62M(249M) 3.791ms
[554.083s][info][gc,cpu         ] GC(811) User=0.00s Sys=0.00s Real=0.00s
[554.504s][info][gc,start       ] GC(812) Pause Young (Normal) (G1 Evacuation Pause)
[554.504s][info][gc,task        ] GC(812) Using 8 workers of 8 for evacuation
[554.507s][info][gc,phases      ] GC(812)   Pre Evacuate Collection Set: 0.1ms
[554.507s][info][gc,phases      ] GC(812)   Merge Heap Roots: 0.1ms
[554.507s][info][gc,phases      ] GC(812)   Evacuate Collection Set: 2.8ms
[554.507s][info][gc,phases      ] GC(812)   Post Evacuate Collection Set: 0.5ms
[554.507s][info][gc,phases      ] GC(812)   Other: 0.1ms
[554.508s][info][gc,heap        ] GC(812) Eden regions: 145->0(144)
[554.508s][info][gc,heap        ] GC(812) Survivor regions: 4->5(19)
[554.508s][info][gc,heap        ] GC(812) Old regions: 57->57
[554.508s][info][gc,heap        ] GC(812) Humongous regions: 2->2
[554.508s][info][gc,metaspace   ] GC(812) Metaspace: 84663K(85952K)->84663K(85952K) NonClass: 73753K(74496K)->73753K(74496K) Class: 10910K(11456K)->10910K(11456K)
[554.508s][info][gc             ] GC(812) Pause Young (Normal) (G1 Evacuation Pause) 207M->63M(249M) 4.113ms
[554.508s][info][gc,cpu         ] GC(812) User=0.00s Sys=0.00s Real=0.00s
[554.970s][info][gc,start       ] GC(813) Pause Young (Normal) (G1 Evacuation Pause)
[554.970s][info][gc,task        ] GC(813) Using 8 workers of 8 for evacuation
[554.974s][info][gc,phases      ] GC(813)   Pre Evacuate Collection Set: 0.2ms
[554.974s][info][gc,phases      ] GC(813)   Merge Heap Roots: 0.1ms
[554.974s][info][gc,phases      ] GC(813)   Evacuate Collection Set: 2.4ms
[554.974s][info][gc,phases      ] GC(813)   Post Evacuate Collection Set: 0.5ms
[554.974s][info][gc,phases      ] GC(813)   Other: 0.1ms
[554.974s][info][gc,heap        ] GC(813) Eden regions: 144->0(144)
[554.974s][info][gc,heap        ] GC(813) Survivor regions: 5->5(19)
[554.974s][info][gc,heap        ] GC(813) Old regions: 57->57
[554.974s][info][gc,heap        ] GC(813) Humongous regions: 2->2
[554.974s][info][gc,metaspace   ] GC(813) Metaspace: 84663K(85952K)->84663K(85952K) NonClass: 73753K(74496K)->73753K(74496K) Class: 10910K(11456K)->10910K(11456K)
[554.974s][info][gc             ] GC(813) Pause Young (Normal) (G1 Evacuation Pause) 207M->63M(249M) 3.710ms
[554.974s][info][gc,cpu         ] GC(813) User=0.00s Sys=0.00s Real=0.00s
[555.403s][info][gc,start       ] GC(814) Pause Young (Normal) (G1 Evacuation Pause)
[555.403s][info][gc,task        ] GC(814) Using 8 workers of 8 for evacuation
[555.407s][info][gc,phases      ] GC(814)   Pre Evacuate Collection Set: 0.3ms
[555.407s][info][gc,phases      ] GC(814)   Merge Heap Roots: 0.1ms
[555.407s][info][gc,phases      ] GC(814)   Evacuate Collection Set: 3.2ms
[555.407s][info][gc,phases      ] GC(814)   Post Evacuate Collection Set: 0.5ms
[555.407s][info][gc,phases      ] GC(814)   Other: 0.1ms
[555.407s][info][gc,heap        ] GC(814) Eden regions: 144->0(143)
[555.407s][info][gc,heap        ] GC(814) Survivor regions: 5->6(19)
[555.407s][info][gc,heap        ] GC(814) Old regions: 57->57
[555.407s][info][gc,heap        ] GC(814) Humongous regions: 2->2
[555.407s][info][gc,metaspace   ] GC(814) Metaspace: 84663K(85952K)->84663K(85952K) NonClass: 73753K(74496K)->73753K(74496K) Class: 10910K(11456K)->10910K(11456K)
[555.407s][info][gc             ] GC(814) Pause Young (Normal) (G1 Evacuation Pause) 207M->64M(249M) 4.756ms
[555.407s][info][gc,cpu         ] GC(814) User=0.02s Sys=0.00s Real=0.00s
[555.839s][info][gc,start       ] GC(815) Pause Young (Normal) (G1 Evacuation Pause)
[555.840s][info][gc,task        ] GC(815) Using 8 workers of 8 for evacuation
[555.843s][info][gc,phases      ] GC(815)   Pre Evacuate Collection Set: 0.1ms
[555.843s][info][gc,phases      ] GC(815)   Merge Heap Roots: 0.1ms
[555.843s][info][gc,phases      ] GC(815)   Evacuate Collection Set: 3.0ms
[555.843s][info][gc,phases      ] GC(815)   Post Evacuate Collection Set: 0.4ms
[555.843s][info][gc,phases      ] GC(815)   Other: 0.1ms
[555.843s][info][gc,heap        ] GC(815) Eden regions: 143->0(143)
[555.843s][info][gc,heap        ] GC(815) Survivor regions: 6->6(19)
[555.843s][info][gc,heap        ] GC(815) Old regions: 57->58
[555.843s][info][gc,heap        ] GC(815) Humongous regions: 2->2
[555.843s][info][gc,metaspace   ] GC(815) Metaspace: 84663K(85952K)->84663K(85952K) NonClass: 73753K(74496K)->73753K(74496K) Class: 10910K(11456K)->10910K(11456K)
[555.843s][info][gc             ] GC(815) Pause Young (Normal) (G1 Evacuation Pause) 207M->64M(249M) 3.929ms
[555.843s][info][gc,cpu         ] GC(815) User=0.11s Sys=0.00s Real=0.00s
[556.239s][info][gc,start       ] GC(816) Pause Young (Normal) (G1 Evacuation Pause)
[556.239s][info][gc,task        ] GC(816) Using 8 workers of 8 for evacuation
[556.242s][info][gc,phases      ] GC(816)   Pre Evacuate Collection Set: 0.1ms
[556.243s][info][gc,phases      ] GC(816)   Merge Heap Roots: 0.1ms
[556.243s][info][gc,phases      ] GC(816)   Evacuate Collection Set: 2.7ms
[556.243s][info][gc,phases      ] GC(816)   Post Evacuate Collection Set: 0.4ms
[556.243s][info][gc,phases      ] GC(816)   Other: 0.1ms
[556.243s][info][gc,heap        ] GC(816) Eden regions: 143->0(142)
[556.243s][info][gc,heap        ] GC(816) Survivor regions: 6->7(19)
[556.243s][info][gc,heap        ] GC(816) Old regions: 58->58
[556.243s][info][gc,heap        ] GC(816) Humongous regions: 2->2
[556.243s][info][gc,metaspace   ] GC(816) Metaspace: 84663K(85952K)->84663K(85952K) NonClass: 73753K(74496K)->73753K(74496K) Class: 10910K(11456K)->10910K(11456K)
[556.243s][info][gc             ] GC(816) Pause Young (Normal) (G1 Evacuation Pause) 207M->65M(249M) 3.747ms
[556.243s][info][gc,cpu         ] GC(816) User=0.00s Sys=0.00s Real=0.00s
[556.634s][info][gc,start       ] GC(817) Pause Young (Normal) (G1 Evacuation Pause)
[556.634s][info][gc,task        ] GC(817) Using 8 workers of 8 for evacuation
[556.639s][info][gc,phases      ] GC(817)   Pre Evacuate Collection Set: 0.1ms
[556.639s][info][gc,phases      ] GC(817)   Merge Heap Roots: 0.1ms
[556.639s][info][gc,phases      ] GC(817)   Evacuate Collection Set: 4.0ms
[556.639s][info][gc,phases      ] GC(817)   Post Evacuate Collection Set: 0.6ms
[556.639s][info][gc,phases      ] GC(817)   Other: 0.1ms
[556.639s][info][gc,heap        ] GC(817) Eden regions: 142->0(142)
[556.639s][info][gc,heap        ] GC(817) Survivor regions: 7->7(19)
[556.639s][info][gc,heap        ] GC(817) Old regions: 58->58
[556.639s][info][gc,heap        ] GC(817) Humongous regions: 2->2
[556.639s][info][gc,metaspace   ] GC(817) Metaspace: 84663K(85952K)->84663K(85952K) NonClass: 73753K(74496K)->73753K(74496K) Class: 10910K(11456K)->10910K(11456K)
[556.639s][info][gc             ] GC(817) Pause Young (Normal) (G1 Evacuation Pause) 207M->65M(249M) 5.386ms
[556.639s][info][gc,cpu         ] GC(817) User=0.11s Sys=0.00s Real=0.01s
[562.084s][info][gc,start       ] GC(818) Pause Young (Normal) (G1 Evacuation Pause)
[562.085s][info][gc,task        ] GC(818) Using 8 workers of 8 for evacuation
[562.087s][info][gc,phases      ] GC(818)   Pre Evacuate Collection Set: 0.2ms
[562.087s][info][gc,phases      ] GC(818)   Merge Heap Roots: 0.1ms
[562.087s][info][gc,phases      ] GC(818)   Evacuate Collection Set: 1.2ms
[562.087s][info][gc,phases      ] GC(818)   Post Evacuate Collection Set: 0.7ms
[562.087s][info][gc,phases      ] GC(818)   Other: 0.1ms
[562.087s][info][gc,heap        ] GC(818) Eden regions: 142->0(146)
[562.087s][info][gc,heap        ] GC(818) Survivor regions: 7->3(19)
[562.087s][info][gc,heap        ] GC(818) Old regions: 58->58
[562.087s][info][gc,heap        ] GC(818) Humongous regions: 2->2
[562.088s][info][gc,metaspace   ] GC(818) Metaspace: 84663K(85952K)->84663K(85952K) NonClass: 73753K(74496K)->73753K(74496K) Class: 10910K(11456K)->10910K(11456K)
[562.088s][info][gc             ] GC(818) Pause Young (Normal) (G1 Evacuation Pause) 207M->61M(249M) 3.153ms
[562.088s][info][gc,cpu         ] GC(818) User=0.00s Sys=0.00s Real=0.00s
[562.509s][info][gc,start       ] GC(819) Pause Young (Normal) (G1 Evacuation Pause)
[562.509s][info][gc,task        ] GC(819) Using 8 workers of 8 for evacuation
[562.512s][info][gc,phases      ] GC(819)   Pre Evacuate Collection Set: 0.1ms
[562.512s][info][gc,phases      ] GC(819)   Merge Heap Roots: 0.1ms
[562.512s][info][gc,phases      ] GC(819)   Evacuate Collection Set: 2.4ms
[562.512s][info][gc,phases      ] GC(819)   Post Evacuate Collection Set: 0.4ms
[562.512s][info][gc,phases      ] GC(819)   Other: 0.1ms
[562.512s][info][gc,heap        ] GC(819) Eden regions: 146->0(147)
[562.512s][info][gc,heap        ] GC(819) Survivor regions: 3->2(19)
[562.512s][info][gc,heap        ] GC(819) Old regions: 58->58
[562.513s][info][gc,heap        ] GC(819) Humongous regions: 2->2
[562.513s][info][gc,metaspace   ] GC(819) Metaspace: 84663K(85952K)->84663K(85952K) NonClass: 73753K(74496K)->73753K(74496K) Class: 10910K(11456K)->10910K(11456K)
[562.513s][info][gc             ] GC(819) Pause Young (Normal) (G1 Evacuation Pause) 207M->60M(249M) 3.700ms
[562.513s][info][gc,cpu         ] GC(819) User=0.00s Sys=0.02s Real=0.00s
[563.000s][info][gc,start       ] GC(820) Pause Young (Normal) (G1 Evacuation Pause)
[563.000s][info][gc,task        ] GC(820) Using 8 workers of 8 for evacuation
[563.003s][info][gc,phases      ] GC(820)   Pre Evacuate Collection Set: 0.1ms
[563.003s][info][gc,phases      ] GC(820)   Merge Heap Roots: 0.1ms
[563.003s][info][gc,phases      ] GC(820)   Evacuate Collection Set: 1.5ms
[563.003s][info][gc,phases      ] GC(820)   Post Evacuate Collection Set: 0.4ms
[563.003s][info][gc,phases      ] GC(820)   Other: 0.1ms
[563.003s][info][gc,heap        ] GC(820) Eden regions: 147->0(147)
[563.003s][info][gc,heap        ] GC(820) Survivor regions: 2->2(19)
[563.003s][info][gc,heap        ] GC(820) Old regions: 58->58
[563.003s][info][gc,heap        ] GC(820) Humongous regions: 2->2
[563.003s][info][gc,metaspace   ] GC(820) Metaspace: 84663K(85952K)->84663K(85952K) NonClass: 73753K(74496K)->73753K(74496K) Class: 10910K(11456K)->10910K(11456K)
[563.003s][info][gc             ] GC(820) Pause Young (Normal) (G1 Evacuation Pause) 207M->60M(249M) 2.704ms
[563.003s][info][gc,cpu         ] GC(820) User=0.00s Sys=0.00s Real=0.00s
[563.654s][info][gc,start       ] GC(821) Pause Young (Normal) (G1 Evacuation Pause)
[563.654s][info][gc,task        ] GC(821) Using 8 workers of 8 for evacuation
[563.660s][info][gc,phases      ] GC(821)   Pre Evacuate Collection Set: 0.2ms
[563.660s][info][gc,phases      ] GC(821)   Merge Heap Roots: 0.3ms
[563.660s][info][gc,phases      ] GC(821)   Evacuate Collection Set: 4.3ms
[563.660s][info][gc,phases      ] GC(821)   Post Evacuate Collection Set: 0.6ms
[563.660s][info][gc,phases      ] GC(821)   Other: 0.1ms
[563.660s][info][gc,heap        ] GC(821) Eden regions: 147->0(146)
[563.660s][info][gc,heap        ] GC(821) Survivor regions: 2->3(19)
[563.660s][info][gc,heap        ] GC(821) Old regions: 58->58
[563.660s][info][gc,heap        ] GC(821) Humongous regions: 2->2
[563.660s][info][gc,metaspace   ] GC(821) Metaspace: 84663K(85952K)->84663K(85952K) NonClass: 73753K(74496K)->73753K(74496K) Class: 10910K(11456K)->10910K(11456K)
[563.660s][info][gc             ] GC(821) Pause Young (Normal) (G1 Evacuation Pause) 207M->61M(249M) 6.186ms
[563.660s][info][gc,cpu         ] GC(821) User=0.00s Sys=0.00s Real=0.01s
[564.410s][info][gc,start       ] GC(822) Pause Young (Normal) (G1 Evacuation Pause)
[564.410s][info][gc,task        ] GC(822) Using 8 workers of 8 for evacuation
[564.414s][info][gc,phases      ] GC(822)   Pre Evacuate Collection Set: 0.2ms
[564.414s][info][gc,phases      ] GC(822)   Merge Heap Roots: 0.1ms
[564.414s][info][gc,phases      ] GC(822)   Evacuate Collection Set: 2.6ms
[564.414s][info][gc,phases      ] GC(822)   Post Evacuate Collection Set: 0.6ms
[564.414s][info][gc,phases      ] GC(822)   Other: 0.1ms
[564.414s][info][gc,heap        ] GC(822) Eden regions: 146->0(146)
[564.414s][info][gc,heap        ] GC(822) Survivor regions: 3->3(19)
[564.414s][info][gc,heap        ] GC(822) Old regions: 58->58
[564.414s][info][gc,heap        ] GC(822) Humongous regions: 2->2
[564.414s][info][gc,metaspace   ] GC(822) Metaspace: 84663K(85952K)->84663K(85952K) NonClass: 73753K(74496K)->73753K(74496K) Class: 10910K(11456K)->10910K(11456K)
[564.414s][info][gc             ] GC(822) Pause Young (Normal) (G1 Evacuation Pause) 207M->61M(249M) 4.338ms
[564.415s][info][gc,cpu         ] GC(822) User=0.00s Sys=0.00s Real=0.00s
[565.109s][info][gc,start       ] GC(823) Pause Young (Normal) (G1 Evacuation Pause)
[565.109s][info][gc,task        ] GC(823) Using 8 workers of 8 for evacuation
[565.113s][info][gc,phases      ] GC(823)   Pre Evacuate Collection Set: 0.2ms
[565.113s][info][gc,phases      ] GC(823)   Merge Heap Roots: 0.2ms
[565.113s][info][gc,phases      ] GC(823)   Evacuate Collection Set: 2.6ms
[565.113s][info][gc,phases      ] GC(823)   Post Evacuate Collection Set: 0.6ms
[565.113s][info][gc,phases      ] GC(823)   Other: 0.1ms
[565.113s][info][gc,heap        ] GC(823) Eden regions: 146->0(146)
[565.113s][info][gc,heap        ] GC(823) Survivor regions: 3->3(19)
[565.113s][info][gc,heap        ] GC(823) Old regions: 58->58
[565.113s][info][gc,heap        ] GC(823) Humongous regions: 2->2
[565.113s][info][gc,metaspace   ] GC(823) Metaspace: 84663K(85952K)->84663K(85952K) NonClass: 73753K(74496K)->73753K(74496K) Class: 10910K(11456K)->10910K(11456K)
[565.114s][info][gc             ] GC(823) Pause Young (Normal) (G1 Evacuation Pause) 207M->62M(249M) 4.513ms
[565.114s][info][gc,cpu         ] GC(823) User=0.00s Sys=0.00s Real=0.00s
[565.760s][info][gc,start       ] GC(824) Pause Young (Normal) (G1 Evacuation Pause)
[565.760s][info][gc,task        ] GC(824) Using 8 workers of 8 for evacuation
[565.764s][info][gc,phases      ] GC(824)   Pre Evacuate Collection Set: 0.2ms
[565.765s][info][gc,phases      ] GC(824)   Merge Heap Roots: 0.1ms
[565.765s][info][gc,phases      ] GC(824)   Evacuate Collection Set: 2.9ms
[565.765s][info][gc,phases      ] GC(824)   Post Evacuate Collection Set: 0.7ms
[565.765s][info][gc,phases      ] GC(824)   Other: 0.1ms
[565.765s][info][gc,heap        ] GC(824) Eden regions: 146->0(145)
[565.765s][info][gc,heap        ] GC(824) Survivor regions: 3->4(19)
[565.765s][info][gc,heap        ] GC(824) Old regions: 58->58
[565.765s][info][gc,heap        ] GC(824) Humongous regions: 2->2
[565.765s][info][gc,metaspace   ] GC(824) Metaspace: 84663K(85952K)->84663K(85952K) NonClass: 73753K(74496K)->73753K(74496K) Class: 10910K(11456K)->10910K(11456K)
[565.765s][info][gc             ] GC(824) Pause Young (Normal) (G1 Evacuation Pause) 208M->62M(249M) 4.580ms
[565.765s][info][gc,cpu         ] GC(824) User=0.11s Sys=0.00s Real=0.00s
[566.432s][info][gc,start       ] GC(825) Pause Young (Normal) (G1 Evacuation Pause)
[566.432s][info][gc,task        ] GC(825) Using 8 workers of 8 for evacuation
[566.436s][info][gc,phases      ] GC(825)   Pre Evacuate Collection Set: 0.2ms
[566.436s][info][gc,phases      ] GC(825)   Merge Heap Roots: 0.1ms
[566.436s][info][gc,phases      ] GC(825)   Evacuate Collection Set: 3.3ms
[566.437s][info][gc,phases      ] GC(825)   Post Evacuate Collection Set: 0.6ms
[566.437s][info][gc,phases      ] GC(825)   Other: 0.1ms
[566.437s][info][gc,heap        ] GC(825) Eden regions: 145->0(145)
[566.437s][info][gc,heap        ] GC(825) Survivor regions: 4->4(19)
[566.437s][info][gc,heap        ] GC(825) Old regions: 58->58
[566.437s][info][gc,heap        ] GC(825) Humongous regions: 2->2
[566.437s][info][gc,metaspace   ] GC(825) Metaspace: 84663K(85952K)->84663K(85952K) NonClass: 73753K(74496K)->73753K(74496K) Class: 10910K(11456K)->10910K(11456K)
[566.437s][info][gc             ] GC(825) Pause Young (Normal) (G1 Evacuation Pause) 207M->63M(249M) 4.750ms
[566.437s][info][gc,cpu         ] GC(825) User=0.11s Sys=0.00s Real=0.01s
[567.035s][info][gc,start       ] GC(826) Pause Young (Normal) (G1 Evacuation Pause)
[567.035s][info][gc,task        ] GC(826) Using 8 workers of 8 for evacuation
[567.039s][info][gc,phases      ] GC(826)   Pre Evacuate Collection Set: 0.2ms
[567.039s][info][gc,phases      ] GC(826)   Merge Heap Roots: 0.1ms
[567.039s][info][gc,phases      ] GC(826)   Evacuate Collection Set: 3.1ms
[567.039s][info][gc,phases      ] GC(826)   Post Evacuate Collection Set: 0.5ms
[567.039s][info][gc,phases      ] GC(826)   Other: 0.1ms
[567.039s][info][gc,heap        ] GC(826) Eden regions: 145->0(144)
[567.039s][info][gc,heap        ] GC(826) Survivor regions: 4->5(19)
[567.040s][info][gc,heap        ] GC(826) Old regions: 58->58
[567.040s][info][gc,heap        ] GC(826) Humongous regions: 2->2
[567.040s][info][gc,metaspace   ] GC(826) Metaspace: 84663K(85952K)->84663K(85952K) NonClass: 73753K(74496K)->73753K(74496K) Class: 10910K(11456K)->10910K(11456K)
[567.040s][info][gc             ] GC(826) Pause Young (Normal) (G1 Evacuation Pause) 208M->63M(249M) 4.527ms
[567.040s][info][gc,cpu         ] GC(826) User=0.00s Sys=0.00s Real=0.00s
[567.628s][info][gc,start       ] GC(827) Pause Young (Normal) (G1 Evacuation Pause)
[567.629s][info][gc,task        ] GC(827) Using 8 workers of 8 for evacuation
[567.633s][info][gc,phases      ] GC(827)   Pre Evacuate Collection Set: 0.2ms
[567.633s][info][gc,phases      ] GC(827)   Merge Heap Roots: 0.1ms
[567.633s][info][gc,phases      ] GC(827)   Evacuate Collection Set: 3.4ms
[567.633s][info][gc,phases      ] GC(827)   Post Evacuate Collection Set: 0.5ms
[567.633s][info][gc,phases      ] GC(827)   Other: 0.1ms
[567.633s][info][gc,heap        ] GC(827) Eden regions: 144->0(144)
[567.633s][info][gc,heap        ] GC(827) Survivor regions: 5->5(19)
[567.633s][info][gc,heap        ] GC(827) Old regions: 58->58
[567.633s][info][gc,heap        ] GC(827) Humongous regions: 2->2
[567.633s][info][gc,metaspace   ] GC(827) Metaspace: 84663K(85952K)->84663K(85952K) NonClass: 73753K(74496K)->73753K(74496K) Class: 10910K(11456K)->10910K(11456K)
[567.633s][info][gc             ] GC(827) Pause Young (Normal) (G1 Evacuation Pause) 207M->63M(249M) 4.747ms
[567.633s][info][gc,cpu         ] GC(827) User=0.00s Sys=0.00s Real=0.00s
[568.196s][info][gc,start       ] GC(828) Pause Young (Normal) (G1 Evacuation Pause)
[568.196s][info][gc,task        ] GC(828) Using 8 workers of 8 for evacuation
[568.202s][info][gc,phases      ] GC(828)   Pre Evacuate Collection Set: 0.2ms
[568.202s][info][gc,phases      ] GC(828)   Merge Heap Roots: 0.1ms
[568.202s][info][gc,phases      ] GC(828)   Evacuate Collection Set: 4.4ms
[568.202s][info][gc,phases      ] GC(828)   Post Evacuate Collection Set: 0.5ms
[568.202s][info][gc,phases      ] GC(828)   Other: 0.1ms
[568.202s][info][gc,heap        ] GC(828) Eden regions: 144->0(143)
[568.202s][info][gc,heap        ] GC(828) Survivor regions: 5->6(19)
[568.202s][info][gc,heap        ] GC(828) Old regions: 58->58
[568.202s][info][gc,heap        ] GC(828) Humongous regions: 2->2
[568.202s][info][gc,metaspace   ] GC(828) Metaspace: 84663K(85952K)->84663K(85952K) NonClass: 73753K(74496K)->73753K(74496K) Class: 10910K(11456K)->10910K(11456K)
[568.202s][info][gc             ] GC(828) Pause Young (Normal) (G1 Evacuation Pause) 207M->64M(249M) 5.884ms
[568.202s][info][gc,cpu         ] GC(828) User=0.09s Sys=0.00s Real=0.01s
[568.749s][info][gc,start       ] GC(829) Pause Young (Normal) (G1 Evacuation Pause)
[568.749s][info][gc,task        ] GC(829) Using 8 workers of 8 for evacuation
[568.753s][info][gc,phases      ] GC(829)   Pre Evacuate Collection Set: 0.1ms
[568.753s][info][gc,phases      ] GC(829)   Merge Heap Roots: 0.1ms
[568.753s][info][gc,phases      ] GC(829)   Evacuate Collection Set: 3.4ms
[568.753s][info][gc,phases      ] GC(829)   Post Evacuate Collection Set: 0.5ms
[568.753s][info][gc,phases      ] GC(829)   Other: 0.1ms
[568.754s][info][gc,heap        ] GC(829) Eden regions: 143->0(143)
[568.754s][info][gc,heap        ] GC(829) Survivor regions: 6->6(19)
[568.754s][info][gc,heap        ] GC(829) Old regions: 58->58
[568.754s][info][gc,heap        ] GC(829) Humongous regions: 2->2
[568.754s][info][gc,metaspace   ] GC(829) Metaspace: 84663K(85952K)->84663K(85952K) NonClass: 73753K(74496K)->73753K(74496K) Class: 10910K(11456K)->10910K(11456K)
[568.754s][info][gc             ] GC(829) Pause Young (Normal) (G1 Evacuation Pause) 207M->64M(249M) 4.635ms
[568.754s][info][gc,cpu         ] GC(829) User=0.00s Sys=0.00s Real=0.00s
[569.306s][info][gc,start       ] GC(830) Pause Young (Normal) (G1 Evacuation Pause)
[569.306s][info][gc,task        ] GC(830) Using 8 workers of 8 for evacuation
[569.312s][info][gc,phases      ] GC(830)   Pre Evacuate Collection Set: 0.2ms
[569.312s][info][gc,phases      ] GC(830)   Merge Heap Roots: 0.1ms
[569.312s][info][gc,phases      ] GC(830)   Evacuate Collection Set: 4.6ms
[569.312s][info][gc,phases      ] GC(830)   Post Evacuate Collection Set: 0.9ms
[569.312s][info][gc,phases      ] GC(830)   Other: 0.1ms
[569.312s][info][gc,heap        ] GC(830) Eden regions: 143->0(143)
[569.312s][info][gc,heap        ] GC(830) Survivor regions: 6->6(19)
[569.312s][info][gc,heap        ] GC(830) Old regions: 58->58
[569.312s][info][gc,heap        ] GC(830) Humongous regions: 2->2
[569.312s][info][gc,metaspace   ] GC(830) Metaspace: 84663K(85952K)->84663K(85952K) NonClass: 73753K(74496K)->73753K(74496K) Class: 10910K(11456K)->10910K(11456K)
[569.313s][info][gc             ] GC(830) Pause Young (Normal) (G1 Evacuation Pause) 207M->65M(249M) 6.538ms
[569.313s][info][gc,cpu         ] GC(830) User=0.11s Sys=0.00s Real=0.01s
[569.867s][info][gc,start       ] GC(831) Pause Young (Normal) (G1 Evacuation Pause)
[569.867s][info][gc,task        ] GC(831) Using 8 workers of 8 for evacuation
[569.872s][info][gc,phases      ] GC(831)   Pre Evacuate Collection Set: 0.2ms
[569.872s][info][gc,phases      ] GC(831)   Merge Heap Roots: 0.1ms
[569.873s][info][gc,phases      ] GC(831)   Evacuate Collection Set: 4.5ms
[569.873s][info][gc,phases      ] GC(831)   Post Evacuate Collection Set: 0.7ms
[569.873s][info][gc,phases      ] GC(831)   Other: 0.1ms
[569.873s][info][gc,heap        ] GC(831) Eden regions: 143->0(142)
[569.873s][info][gc,heap        ] GC(831) Survivor regions: 6->7(19)
[569.873s][info][gc,heap        ] GC(831) Old regions: 58->58
[569.873s][info][gc,heap        ] GC(831) Humongous regions: 2->2
[569.873s][info][gc,metaspace   ] GC(831) Metaspace: 84663K(85952K)->84663K(85952K) NonClass: 73753K(74496K)->73753K(74496K) Class: 10910K(11456K)->10910K(11456K)
[569.873s][info][gc             ] GC(831) Pause Young (Normal) (G1 Evacuation Pause) 208M->65M(249M) 6.265ms
[569.873s][info][gc,cpu         ] GC(831) User=0.09s Sys=0.00s Real=0.01s
[575.341s][info][gc,start       ] GC(832) Pause Young (Normal) (G1 Evacuation Pause)
[575.342s][info][gc,task        ] GC(832) Using 8 workers of 8 for evacuation
[575.343s][info][gc,phases      ] GC(832)   Pre Evacuate Collection Set: 0.2ms
[575.343s][info][gc,phases      ] GC(832)   Merge Heap Roots: 0.1ms
[575.343s][info][gc,phases      ] GC(832)   Evacuate Collection Set: 0.9ms
[575.343s][info][gc,phases      ] GC(832)   Post Evacuate Collection Set: 0.5ms
[575.343s][info][gc,phases      ] GC(832)   Other: 0.1ms
[575.343s][info][gc,heap        ] GC(832) Eden regions: 142->0(147)
[575.343s][info][gc,heap        ] GC(832) Survivor regions: 7->2(19)
[575.343s][info][gc,heap        ] GC(832) Old regions: 58->58
[575.343s][info][gc,heap        ] GC(832) Humongous regions: 2->2
[575.344s][info][gc,metaspace   ] GC(832) Metaspace: 84663K(85952K)->84663K(85952K) NonClass: 73753K(74496K)->73753K(74496K) Class: 10910K(11456K)->10910K(11456K)
[575.344s][info][gc             ] GC(832) Pause Young (Normal) (G1 Evacuation Pause) 207M->60M(249M) 2.107ms
[575.344s][info][gc,cpu         ] GC(832) User=0.00s Sys=0.00s Real=0.00s
[575.712s][info][gc,start       ] GC(833) Pause Young (Normal) (G1 Evacuation Pause)
[575.712s][info][gc,task        ] GC(833) Using 8 workers of 8 for evacuation
[575.714s][info][gc,phases      ] GC(833)   Pre Evacuate Collection Set: 0.2ms
[575.714s][info][gc,phases      ] GC(833)   Merge Heap Roots: 0.1ms
[575.714s][info][gc,phases      ] GC(833)   Evacuate Collection Set: 1.2ms
[575.714s][info][gc,phases      ] GC(833)   Post Evacuate Collection Set: 0.5ms
[575.714s][info][gc,phases      ] GC(833)   Other: 0.1ms
[575.714s][info][gc,heap        ] GC(833) Eden regions: 147->0(147)
[575.714s][info][gc,heap        ] GC(833) Survivor regions: 2->2(19)
[575.714s][info][gc,heap        ] GC(833) Old regions: 58->58
[575.714s][info][gc,heap        ] GC(833) Humongous regions: 2->2
[575.714s][info][gc,metaspace   ] GC(833) Metaspace: 84663K(85952K)->84663K(85952K) NonClass: 73753K(74496K)->73753K(74496K) Class: 10910K(11456K)->10910K(11456K)
[575.714s][info][gc             ] GC(833) Pause Young (Normal) (G1 Evacuation Pause) 207M->60M(249M) 2.635ms
[575.714s][info][gc,cpu         ] GC(833) User=0.00s Sys=0.00s Real=0.00s
[576.150s][info][gc,start       ] GC(834) Pause Young (Normal) (G1 Evacuation Pause)
[576.150s][info][gc,task        ] GC(834) Using 8 workers of 8 for evacuation
[576.152s][info][gc,phases      ] GC(834)   Pre Evacuate Collection Set: 0.1ms
[576.153s][info][gc,phases      ] GC(834)   Merge Heap Roots: 0.1ms
[576.153s][info][gc,phases      ] GC(834)   Evacuate Collection Set: 2.1ms
[576.153s][info][gc,phases      ] GC(834)   Post Evacuate Collection Set: 0.5ms
[576.153s][info][gc,phases      ] GC(834)   Other: 0.1ms
[576.153s][info][gc,heap        ] GC(834) Eden regions: 147->0(147)
[576.153s][info][gc,heap        ] GC(834) Survivor regions: 2->2(19)
[576.153s][info][gc,heap        ] GC(834) Old regions: 58->58
[576.153s][info][gc,heap        ] GC(834) Humongous regions: 2->2
[576.153s][info][gc,metaspace   ] GC(834) Metaspace: 84663K(85952K)->84663K(85952K) NonClass: 73753K(74496K)->73753K(74496K) Class: 10910K(11456K)->10910K(11456K)
[576.153s][info][gc             ] GC(834) Pause Young (Normal) (G1 Evacuation Pause) 207M->61M(249M) 3.202ms
[576.153s][info][gc,cpu         ] GC(834) User=0.00s Sys=0.00s Real=0.00s
[576.568s][info][gc,start       ] GC(835) Pause Young (Normal) (G1 Evacuation Pause)
[576.568s][info][gc,task        ] GC(835) Using 8 workers of 8 for evacuation
[576.571s][info][gc,phases      ] GC(835)   Pre Evacuate Collection Set: 0.4ms
[576.571s][info][gc,phases      ] GC(835)   Merge Heap Roots: 0.1ms
[576.571s][info][gc,phases      ] GC(835)   Evacuate Collection Set: 1.8ms
[576.571s][info][gc,phases      ] GC(835)   Post Evacuate Collection Set: 0.5ms
[576.571s][info][gc,phases      ] GC(835)   Other: 0.2ms
[576.572s][info][gc,heap        ] GC(835) Eden regions: 147->0(146)
[576.572s][info][gc,heap        ] GC(835) Survivor regions: 2->3(19)
[576.572s][info][gc,heap        ] GC(835) Old regions: 58->58
[576.572s][info][gc,heap        ] GC(835) Humongous regions: 2->2
[576.572s][info][gc,metaspace   ] GC(835) Metaspace: 84663K(85952K)->84663K(85952K) NonClass: 73753K(74496K)->73753K(74496K) Class: 10910K(11456K)->10910K(11456K)
[576.572s][info][gc             ] GC(835) Pause Young (Normal) (G1 Evacuation Pause) 208M->61M(249M) 3.406ms
[576.572s][info][gc,cpu         ] GC(835) User=0.00s Sys=0.00s Real=0.00s
[577.052s][info][gc,start       ] GC(836) Pause Young (Normal) (G1 Evacuation Pause)
[577.052s][info][gc,task        ] GC(836) Using 8 workers of 8 for evacuation
[577.056s][info][gc,phases      ] GC(836)   Pre Evacuate Collection Set: 0.3ms
[577.056s][info][gc,phases      ] GC(836)   Merge Heap Roots: 0.1ms
[577.056s][info][gc,phases      ] GC(836)   Evacuate Collection Set: 2.5ms
[577.056s][info][gc,phases      ] GC(836)   Post Evacuate Collection Set: 0.5ms
[577.056s][info][gc,phases      ] GC(836)   Other: 0.2ms
[577.056s][info][gc,heap        ] GC(836) Eden regions: 146->0(146)
[577.056s][info][gc,heap        ] GC(836) Survivor regions: 3->3(19)
[577.056s][info][gc,heap        ] GC(836) Old regions: 58->58
[577.056s][info][gc,heap        ] GC(836) Humongous regions: 2->2
[577.056s][info][gc,metaspace   ] GC(836) Metaspace: 84663K(85952K)->84663K(85952K) NonClass: 73753K(74496K)->73753K(74496K) Class: 10910K(11456K)->10910K(11456K)
[577.056s][info][gc             ] GC(836) Pause Young (Normal) (G1 Evacuation Pause) 207M->62M(249M) 4.148ms
[577.056s][info][gc,cpu         ] GC(836) User=0.00s Sys=0.00s Real=0.01s
[577.541s][info][gc,start       ] GC(837) Pause Young (Normal) (G1 Evacuation Pause)
[577.541s][info][gc,task        ] GC(837) Using 8 workers of 8 for evacuation
[577.544s][info][gc,phases      ] GC(837)   Pre Evacuate Collection Set: 0.1ms
[577.544s][info][gc,phases      ] GC(837)   Merge Heap Roots: 0.1ms
[577.544s][info][gc,phases      ] GC(837)   Evacuate Collection Set: 2.1ms
[577.544s][info][gc,phases      ] GC(837)   Post Evacuate Collection Set: 0.5ms
[577.544s][info][gc,phases      ] GC(837)   Other: 0.1ms
[577.544s][info][gc,heap        ] GC(837) Eden regions: 146->0(146)
[577.544s][info][gc,heap        ] GC(837) Survivor regions: 3->3(19)
[577.544s][info][gc,heap        ] GC(837) Old regions: 58->58
[577.544s][info][gc,heap        ] GC(837) Humongous regions: 2->2
[577.544s][info][gc,metaspace   ] GC(837) Metaspace: 84663K(85952K)->84663K(85952K) NonClass: 73753K(74496K)->73753K(74496K) Class: 10910K(11456K)->10910K(11456K)
[577.544s][info][gc             ] GC(837) Pause Young (Normal) (G1 Evacuation Pause) 208M->62M(249M) 3.434ms
[577.544s][info][gc,cpu         ] GC(837) User=0.00s Sys=0.00s Real=0.00s
[578.051s][info][gc,start       ] GC(838) Pause Young (Normal) (G1 Evacuation Pause)
[578.051s][info][gc,task        ] GC(838) Using 8 workers of 8 for evacuation
[578.055s][info][gc,phases      ] GC(838)   Pre Evacuate Collection Set: 0.1ms
[578.055s][info][gc,phases      ] GC(838)   Merge Heap Roots: 0.1ms
[578.055s][info][gc,phases      ] GC(838)   Evacuate Collection Set: 2.9ms
[578.055s][info][gc,phases      ] GC(838)   Post Evacuate Collection Set: 0.5ms
[578.055s][info][gc,phases      ] GC(838)   Other: 0.1ms
[578.055s][info][gc,heap        ] GC(838) Eden regions: 146->0(145)
[578.055s][info][gc,heap        ] GC(838) Survivor regions: 3->4(19)
[578.055s][info][gc,heap        ] GC(838) Old regions: 58->58
[578.055s][info][gc,heap        ] GC(838) Humongous regions: 2->2
[578.055s][info][gc,metaspace   ] GC(838) Metaspace: 84663K(85952K)->84663K(85952K) NonClass: 73753K(74496K)->73753K(74496K) Class: 10910K(11456K)->10910K(11456K)
[578.055s][info][gc             ] GC(838) Pause Young (Normal) (G1 Evacuation Pause) 208M->63M(249M) 4.220ms
[578.055s][info][gc,cpu         ] GC(838) User=0.00s Sys=0.00s Real=0.00s
[578.550s][info][gc,start       ] GC(839) Pause Young (Normal) (G1 Evacuation Pause)
[578.550s][info][gc,task        ] GC(839) Using 8 workers of 8 for evacuation
[578.553s][info][gc,phases      ] GC(839)   Pre Evacuate Collection Set: 0.1ms
[578.554s][info][gc,phases      ] GC(839)   Merge Heap Roots: 0.1ms
[578.554s][info][gc,phases      ] GC(839)   Evacuate Collection Set: 2.6ms
[578.554s][info][gc,phases      ] GC(839)   Post Evacuate Collection Set: 0.8ms
[578.554s][info][gc,phases      ] GC(839)   Other: 0.2ms
[578.554s][info][gc,heap        ] GC(839) Eden regions: 145->0(145)
[578.554s][info][gc,heap        ] GC(839) Survivor regions: 4->4(19)
[578.554s][info][gc,heap        ] GC(839) Old regions: 58->58
[578.554s][info][gc,heap        ] GC(839) Humongous regions: 2->2
[578.554s][info][gc,metaspace   ] GC(839) Metaspace: 84663K(85952K)->84663K(85952K) NonClass: 73753K(74496K)->73753K(74496K) Class: 10910K(11456K)->10910K(11456K)
[578.554s][info][gc             ] GC(839) Pause Young (Normal) (G1 Evacuation Pause) 208M->63M(249M) 4.601ms
[578.554s][info][gc,cpu         ] GC(839) User=0.00s Sys=0.00s Real=0.00s
[579.118s][info][gc,start       ] GC(840) Pause Young (Normal) (G1 Evacuation Pause)
[579.118s][info][gc,task        ] GC(840) Using 8 workers of 8 for evacuation
[579.125s][info][gc,phases      ] GC(840)   Pre Evacuate Collection Set: 0.1ms
[579.125s][info][gc,phases      ] GC(840)   Merge Heap Roots: 0.1ms
[579.125s][info][gc,phases      ] GC(840)   Evacuate Collection Set: 4.6ms
[579.125s][info][gc,phases      ] GC(840)   Post Evacuate Collection Set: 1.1ms
[579.125s][info][gc,phases      ] GC(840)   Other: 0.1ms
[579.125s][info][gc,heap        ] GC(840) Eden regions: 145->0(144)
[579.125s][info][gc,heap        ] GC(840) Survivor regions: 4->5(19)
[579.125s][info][gc,heap        ] GC(840) Old regions: 58->58
[579.125s][info][gc,heap        ] GC(840) Humongous regions: 2->2
[579.125s][info][gc,metaspace   ] GC(840) Metaspace: 84663K(85952K)->84663K(85952K) NonClass: 73753K(74496K)->73753K(74496K) Class: 10910K(11456K)->10910K(11456K)
[579.125s][info][gc             ] GC(840) Pause Young (Normal) (G1 Evacuation Pause) 208M->64M(249M) 6.725ms
[579.125s][info][gc,cpu         ] GC(840) User=0.09s Sys=0.00s Real=0.01s
[579.770s][info][gc,start       ] GC(841) Pause Young (Normal) (G1 Evacuation Pause)
[579.770s][info][gc,task        ] GC(841) Using 8 workers of 8 for evacuation
[579.777s][info][gc,phases      ] GC(841)   Pre Evacuate Collection Set: 0.2ms
[579.777s][info][gc,phases      ] GC(841)   Merge Heap Roots: 0.1ms
[579.777s][info][gc,phases      ] GC(841)   Evacuate Collection Set: 5.3ms
[579.777s][info][gc,phases      ] GC(841)   Post Evacuate Collection Set: 0.6ms
[579.777s][info][gc,phases      ] GC(841)   Other: 0.2ms
[579.777s][info][gc,heap        ] GC(841) Eden regions: 144->0(144)
[579.777s][info][gc,heap        ] GC(841) Survivor regions: 5->5(19)
[579.777s][info][gc,heap        ] GC(841) Old regions: 58->58
[579.777s][info][gc,heap        ] GC(841) Humongous regions: 2->2
[579.777s][info][gc,metaspace   ] GC(841) Metaspace: 84663K(85952K)->84663K(85952K) NonClass: 73753K(74496K)->73753K(74496K) Class: 10910K(11456K)->10910K(11456K)
[579.777s][info][gc             ] GC(841) Pause Young (Normal) (G1 Evacuation Pause) 208M->64M(249M) 7.209ms
[579.777s][info][gc,cpu         ] GC(841) User=0.00s Sys=0.00s Real=0.01s
[580.451s][info][gc,start       ] GC(842) Pause Young (Normal) (G1 Evacuation Pause)
[580.451s][info][gc,task        ] GC(842) Using 8 workers of 8 for evacuation
[580.457s][info][gc,phases      ] GC(842)   Pre Evacuate Collection Set: 0.2ms
[580.458s][info][gc,phases      ] GC(842)   Merge Heap Roots: 0.1ms
[580.458s][info][gc,phases      ] GC(842)   Evacuate Collection Set: 5.2ms
[580.458s][info][gc,phases      ] GC(842)   Post Evacuate Collection Set: 0.6ms
[580.458s][info][gc,phases      ] GC(842)   Other: 0.2ms
[580.458s][info][gc,heap        ] GC(842) Eden regions: 144->0(143)
[580.458s][info][gc,heap        ] GC(842) Survivor regions: 5->6(19)
[580.458s][info][gc,heap        ] GC(842) Old regions: 58->58
[580.458s][info][gc,heap        ] GC(842) Humongous regions: 2->2
[580.458s][info][gc,metaspace   ] GC(842) Metaspace: 84663K(85952K)->84663K(85952K) NonClass: 73753K(74496K)->73753K(74496K) Class: 10910K(11456K)->10910K(11456K)
[580.458s][info][gc             ] GC(842) Pause Young (Normal) (G1 Evacuation Pause) 208M->64M(249M) 6.924ms
[580.458s][info][gc,cpu         ] GC(842) User=0.00s Sys=0.00s Real=0.01s
[581.195s][info][gc,start       ] GC(843) Pause Young (Normal) (G1 Evacuation Pause)
[581.195s][info][gc,task        ] GC(843) Using 8 workers of 8 for evacuation
[581.202s][info][gc,phases      ] GC(843)   Pre Evacuate Collection Set: 0.2ms
[581.202s][info][gc,phases      ] GC(843)   Merge Heap Roots: 0.1ms
[581.202s][info][gc,phases      ] GC(843)   Evacuate Collection Set: 5.4ms
[581.202s][info][gc,phases      ] GC(843)   Post Evacuate Collection Set: 0.5ms
[581.202s][info][gc,phases      ] GC(843)   Other: 0.2ms
[581.202s][info][gc,heap        ] GC(843) Eden regions: 143->0(143)
[581.202s][info][gc,heap        ] GC(843) Survivor regions: 6->6(19)
[581.202s][info][gc,heap        ] GC(843) Old regions: 58->58
[581.202s][info][gc,heap        ] GC(843) Humongous regions: 2->2
[581.202s][info][gc,metaspace   ] GC(843) Metaspace: 84663K(85952K)->84663K(85952K) NonClass: 73753K(74496K)->73753K(74496K) Class: 10910K(11456K)->10910K(11456K)
[581.202s][info][gc             ] GC(843) Pause Young (Normal) (G1 Evacuation Pause) 207M->65M(249M) 7.269ms
[581.202s][info][gc,cpu         ] GC(843) User=0.09s Sys=0.00s Real=0.01s
[581.791s][info][gc,start       ] GC(844) Pause Young (Normal) (G1 Evacuation Pause)
[581.791s][info][gc,task        ] GC(844) Using 8 workers of 8 for evacuation
[581.797s][info][gc,phases      ] GC(844)   Pre Evacuate Collection Set: 0.2ms
[581.797s][info][gc,phases      ] GC(844)   Merge Heap Roots: 0.1ms
[581.797s][info][gc,phases      ] GC(844)   Evacuate Collection Set: 4.7ms
[581.797s][info][gc,phases      ] GC(844)   Post Evacuate Collection Set: 1.0ms
[581.798s][info][gc,phases      ] GC(844)   Other: 0.2ms
[581.798s][info][gc,heap        ] GC(844) Eden regions: 143->0(143)
[581.798s][info][gc,heap        ] GC(844) Survivor regions: 6->6(19)
[581.798s][info][gc,heap        ] GC(844) Old regions: 58->58
[581.798s][info][gc,heap        ] GC(844) Humongous regions: 2->2
[581.798s][info][gc,metaspace   ] GC(844) Metaspace: 84663K(85952K)->84663K(85952K) NonClass: 73753K(74496K)->73753K(74496K) Class: 10910K(11456K)->10910K(11456K)
[581.798s][info][gc             ] GC(844) Pause Young (Normal) (G1 Evacuation Pause) 208M->65M(249M) 6.846ms
[581.798s][info][gc,cpu         ] GC(844) User=0.11s Sys=0.00s Real=0.01s
[582.418s][info][gc,start       ] GC(845) Pause Young (Normal) (G1 Evacuation Pause)
[582.418s][info][gc,task        ] GC(845) Using 8 workers of 8 for evacuation
[582.425s][info][gc,phases      ] GC(845)   Pre Evacuate Collection Set: 0.2ms
[582.425s][info][gc,phases      ] GC(845)   Merge Heap Roots: 0.2ms
[582.425s][info][gc,phases      ] GC(845)   Evacuate Collection Set: 5.1ms
[582.425s][info][gc,phases      ] GC(845)   Post Evacuate Collection Set: 1.6ms
[582.426s][info][gc,phases      ] GC(845)   Other: 0.2ms
[582.426s][info][gc,heap        ] GC(845) Eden regions: 143->0(143)
[582.426s][info][gc,heap        ] GC(845) Survivor regions: 6->6(19)
[582.426s][info][gc,heap        ] GC(845) Old regions: 58->58
[582.426s][info][gc,heap        ] GC(845) Humongous regions: 2->2
[582.426s][info][gc,metaspace   ] GC(845) Metaspace: 84663K(85952K)->84663K(85952K) NonClass: 73753K(74496K)->73753K(74496K) Class: 10910K(11456K)->10910K(11456K)
[582.426s][info][gc             ] GC(845) Pause Young (Normal) (G1 Evacuation Pause) 208M->65M(249M) 7.946ms
[582.426s][info][gc,cpu         ] GC(845) User=0.11s Sys=0.00s Real=0.01s
[587.846s][info][gc,start       ] GC(846) Pause Young (Normal) (G1 Evacuation Pause)
[587.846s][info][gc,task        ] GC(846) Using 8 workers of 8 for evacuation
[587.849s][info][gc,phases      ] GC(846)   Pre Evacuate Collection Set: 0.2ms
[587.849s][info][gc,phases      ] GC(846)   Merge Heap Roots: 0.1ms
[587.849s][info][gc,phases      ] GC(846)   Evacuate Collection Set: 1.5ms
[587.849s][info][gc,phases      ] GC(846)   Post Evacuate Collection Set: 0.8ms
[587.849s][info][gc,phases      ] GC(846)   Other: 0.2ms
[587.849s][info][gc,heap        ] GC(846) Eden regions: 143->0(147)
[587.849s][info][gc,heap        ] GC(846) Survivor regions: 6->2(19)
[587.849s][info][gc,heap        ] GC(846) Old regions: 58->58
[587.849s][info][gc,heap        ] GC(846) Humongous regions: 2->2
[587.849s][info][gc,metaspace   ] GC(846) Metaspace: 84668K(85952K)->84668K(85952K) NonClass: 73757K(74496K)->73757K(74496K) Class: 10910K(11456K)->10910K(11456K)
[587.849s][info][gc             ] GC(846) Pause Young (Normal) (G1 Evacuation Pause) 208M->61M(249M) 3.278ms
[587.849s][info][gc,cpu         ] GC(846) User=0.00s Sys=0.00s Real=0.00s
[588.233s][info][gc,start       ] GC(847) Pause Young (Normal) (G1 Evacuation Pause)
[588.233s][info][gc,task        ] GC(847) Using 8 workers of 8 for evacuation
[588.235s][info][gc,phases      ] GC(847)   Pre Evacuate Collection Set: 0.1ms
[588.235s][info][gc,phases      ] GC(847)   Merge Heap Roots: 0.1ms
[588.235s][info][gc,phases      ] GC(847)   Evacuate Collection Set: 1.5ms
[588.235s][info][gc,phases      ] GC(847)   Post Evacuate Collection Set: 0.4ms
[588.235s][info][gc,phases      ] GC(847)   Other: 0.1ms
[588.235s][info][gc,heap        ] GC(847) Eden regions: 147->0(147)
[588.235s][info][gc,heap        ] GC(847) Survivor regions: 2->2(19)
[588.235s][info][gc,heap        ] GC(847) Old regions: 58->58
[588.235s][info][gc,heap        ] GC(847) Humongous regions: 2->2
[588.235s][info][gc,metaspace   ] GC(847) Metaspace: 84668K(85952K)->84668K(85952K) NonClass: 73757K(74496K)->73757K(74496K) Class: 10910K(11456K)->10910K(11456K)
[588.235s][info][gc             ] GC(847) Pause Young (Normal) (G1 Evacuation Pause) 208M->61M(249M) 2.522ms
[588.235s][info][gc,cpu         ] GC(847) User=0.00s Sys=0.00s Real=0.00s
[588.656s][info][gc,start       ] GC(848) Pause Young (Normal) (G1 Evacuation Pause)
[588.656s][info][gc,task        ] GC(848) Using 8 workers of 8 for evacuation
[588.658s][info][gc,phases      ] GC(848)   Pre Evacuate Collection Set: 0.1ms
[588.658s][info][gc,phases      ] GC(848)   Merge Heap Roots: 0.1ms
[588.658s][info][gc,phases      ] GC(848)   Evacuate Collection Set: 1.4ms
[588.658s][info][gc,phases      ] GC(848)   Post Evacuate Collection Set: 0.4ms
[588.658s][info][gc,phases      ] GC(848)   Other: 0.1ms
[588.658s][info][gc,heap        ] GC(848) Eden regions: 147->0(147)
[588.658s][info][gc,heap        ] GC(848) Survivor regions: 2->2(19)
[588.658s][info][gc,heap        ] GC(848) Old regions: 58->58
[588.658s][info][gc,heap        ] GC(848) Humongous regions: 2->2
[588.659s][info][gc,metaspace   ] GC(848) Metaspace: 84668K(85952K)->84668K(85952K) NonClass: 73757K(74496K)->73757K(74496K) Class: 10910K(11456K)->10910K(11456K)
[588.659s][info][gc             ] GC(848) Pause Young (Normal) (G1 Evacuation Pause) 208M->61M(249M) 2.377ms
[588.659s][info][gc,cpu         ] GC(848) User=0.00s Sys=0.00s Real=0.00s
[589.074s][info][gc,start       ] GC(849) Pause Young (Normal) (G1 Evacuation Pause)
[589.074s][info][gc,task        ] GC(849) Using 8 workers of 8 for evacuation
[589.077s][info][gc,phases      ] GC(849)   Pre Evacuate Collection Set: 0.1ms
[589.077s][info][gc,phases      ] GC(849)   Merge Heap Roots: 0.1ms
[589.077s][info][gc,phases      ] GC(849)   Evacuate Collection Set: 1.9ms
[589.077s][info][gc,phases      ] GC(849)   Post Evacuate Collection Set: 0.4ms
[589.077s][info][gc,phases      ] GC(849)   Other: 0.1ms
[589.077s][info][gc,heap        ] GC(849) Eden regions: 147->0(146)
[589.077s][info][gc,heap        ] GC(849) Survivor regions: 2->3(19)
[589.077s][info][gc,heap        ] GC(849) Old regions: 58->58
[589.077s][info][gc,heap        ] GC(849) Humongous regions: 2->2
[589.077s][info][gc,metaspace   ] GC(849) Metaspace: 84668K(85952K)->84668K(85952K) NonClass: 73757K(74496K)->73757K(74496K) Class: 10910K(11456K)->10910K(11456K)
[589.077s][info][gc             ] GC(849) Pause Young (Normal) (G1 Evacuation Pause) 208M->61M(249M) 2.945ms
[589.077s][info][gc,cpu         ] GC(849) User=0.11s Sys=0.00s Real=0.00s
[589.480s][info][gc,start       ] GC(850) Pause Young (Normal) (G1 Evacuation Pause)
[589.480s][info][gc,task        ] GC(850) Using 8 workers of 8 for evacuation
[589.485s][info][gc,phases      ] GC(850)   Pre Evacuate Collection Set: 0.2ms
[589.485s][info][gc,phases      ] GC(850)   Merge Heap Roots: 0.1ms
[589.485s][info][gc,phases      ] GC(850)   Evacuate Collection Set: 3.6ms
[589.485s][info][gc,phases      ] GC(850)   Post Evacuate Collection Set: 0.5ms
[589.485s][info][gc,phases      ] GC(850)   Other: 0.2ms
[589.485s][info][gc,heap        ] GC(850) Eden regions: 146->0(146)
[589.485s][info][gc,heap        ] GC(850) Survivor regions: 3->3(19)
[589.485s][info][gc,heap        ] GC(850) Old regions: 58->58
[589.485s][info][gc,heap        ] GC(850) Humongous regions: 2->2
[589.485s][info][gc,metaspace   ] GC(850) Metaspace: 84668K(85952K)->84668K(85952K) NonClass: 73757K(74496K)->73757K(74496K) Class: 10910K(11456K)->10910K(11456K)
[589.485s][info][gc             ] GC(850) Pause Young (Normal) (G1 Evacuation Pause) 207M->62M(249M) 5.272ms
[589.486s][info][gc,cpu         ] GC(850) User=0.09s Sys=0.00s Real=0.00s
[589.952s][info][gc,start       ] GC(851) Pause Young (Normal) (G1 Evacuation Pause)
[589.953s][info][gc,task        ] GC(851) Using 8 workers of 8 for evacuation
[589.956s][info][gc,phases      ] GC(851)   Pre Evacuate Collection Set: 0.2ms
[589.956s][info][gc,phases      ] GC(851)   Merge Heap Roots: 0.1ms
[589.957s][info][gc,phases      ] GC(851)   Evacuate Collection Set: 2.9ms
[589.957s][info][gc,phases      ] GC(851)   Post Evacuate Collection Set: 0.5ms
[589.957s][info][gc,phases      ] GC(851)   Other: 0.1ms
[589.957s][info][gc,heap        ] GC(851) Eden regions: 146->0(146)
[589.957s][info][gc,heap        ] GC(851) Survivor regions: 3->3(19)
[589.957s][info][gc,heap        ] GC(851) Old regions: 58->58
[589.957s][info][gc,heap        ] GC(851) Humongous regions: 2->2
[589.957s][info][gc,metaspace   ] GC(851) Metaspace: 84668K(85952K)->84668K(85952K) NonClass: 73757K(74496K)->73757K(74496K) Class: 10910K(11456K)->10910K(11456K)
[589.957s][info][gc             ] GC(851) Pause Young (Normal) (G1 Evacuation Pause) 208M->62M(249M) 4.564ms
[589.957s][info][gc,cpu         ] GC(851) User=0.00s Sys=0.00s Real=0.01s
[590.629s][info][gc,start       ] GC(852) Pause Young (Normal) (G1 Evacuation Pause)
[590.629s][info][gc,task        ] GC(852) Using 8 workers of 8 for evacuation
[590.634s][info][gc,phases      ] GC(852)   Pre Evacuate Collection Set: 0.1ms
[590.634s][info][gc,phases      ] GC(852)   Merge Heap Roots: 0.1ms
[590.634s][info][gc,phases      ] GC(852)   Evacuate Collection Set: 3.2ms
[590.634s][info][gc,phases      ] GC(852)   Post Evacuate Collection Set: 1.0ms
[590.634s][info][gc,phases      ] GC(852)   Other: 0.1ms
[590.634s][info][gc,heap        ] GC(852) Eden regions: 146->0(145)
[590.634s][info][gc,heap        ] GC(852) Survivor regions: 3->4(19)
[590.634s][info][gc,heap        ] GC(852) Old regions: 58->58
[590.634s][info][gc,heap        ] GC(852) Humongous regions: 2->2
[590.634s][info][gc,metaspace   ] GC(852) Metaspace: 84668K(85952K)->84668K(85952K) NonClass: 73757K(74496K)->73757K(74496K) Class: 10910K(11456K)->10910K(11456K)
[590.634s][info][gc             ] GC(852) Pause Young (Normal) (G1 Evacuation Pause) 208M->63M(249M) 5.311ms
[590.634s][info][gc,cpu         ] GC(852) User=0.00s Sys=0.00s Real=0.00s
[591.213s][info][gc,start       ] GC(853) Pause Young (Normal) (G1 Evacuation Pause)
[591.213s][info][gc,task        ] GC(853) Using 8 workers of 8 for evacuation
[591.218s][info][gc,phases      ] GC(853)   Pre Evacuate Collection Set: 0.2ms
[591.218s][info][gc,phases      ] GC(853)   Merge Heap Roots: 0.1ms
[591.218s][info][gc,phases      ] GC(853)   Evacuate Collection Set: 3.4ms
[591.218s][info][gc,phases      ] GC(853)   Post Evacuate Collection Set: 0.8ms
[591.218s][info][gc,phases      ] GC(853)   Other: 0.1ms
[591.218s][info][gc,heap        ] GC(853) Eden regions: 145->0(144)
[591.218s][info][gc,heap        ] GC(853) Survivor regions: 4->5(19)
[591.218s][info][gc,heap        ] GC(853) Old regions: 58->58
[591.218s][info][gc,heap        ] GC(853) Humongous regions: 2->2
[591.218s][info][gc,metaspace   ] GC(853) Metaspace: 84668K(85952K)->84668K(85952K) NonClass: 73757K(74496K)->73757K(74496K) Class: 10910K(11456K)->10910K(11456K)
[591.218s][info][gc             ] GC(853) Pause Young (Normal) (G1 Evacuation Pause) 208M->63M(249M) 5.140ms
[591.218s][info][gc,cpu         ] GC(853) User=0.11s Sys=0.00s Real=0.01s
[591.744s][info][gc,start       ] GC(854) Pause Young (Normal) (G1 Evacuation Pause)
[591.744s][info][gc,task        ] GC(854) Using 8 workers of 8 for evacuation
[591.748s][info][gc,phases      ] GC(854)   Pre Evacuate Collection Set: 0.2ms
[591.748s][info][gc,phases      ] GC(854)   Merge Heap Roots: 0.1ms
[591.748s][info][gc,phases      ] GC(854)   Evacuate Collection Set: 3.6ms
[591.748s][info][gc,phases      ] GC(854)   Post Evacuate Collection Set: 0.5ms
[591.748s][info][gc,phases      ] GC(854)   Other: 0.1ms
[591.748s][info][gc,heap        ] GC(854) Eden regions: 144->0(144)
[591.748s][info][gc,heap        ] GC(854) Survivor regions: 5->5(19)
[591.748s][info][gc,heap        ] GC(854) Old regions: 58->58
[591.748s][info][gc,heap        ] GC(854) Humongous regions: 2->2
[591.748s][info][gc,metaspace   ] GC(854) Metaspace: 84672K(85952K)->84672K(85952K) NonClass: 73760K(74496K)->73760K(74496K) Class: 10911K(11456K)->10911K(11456K)
[591.749s][info][gc             ] GC(854) Pause Young (Normal) (G1 Evacuation Pause) 207M->64M(249M) 5.011ms
[591.749s][info][gc,cpu         ] GC(854) User=0.11s Sys=0.00s Real=0.01s
[592.325s][info][gc,start       ] GC(855) Pause Young (Normal) (G1 Evacuation Pause)
[592.325s][info][gc,task        ] GC(855) Using 8 workers of 8 for evacuation
[592.330s][info][gc,phases      ] GC(855)   Pre Evacuate Collection Set: 0.1ms
[592.330s][info][gc,phases      ] GC(855)   Merge Heap Roots: 0.1ms
[592.330s][info][gc,phases      ] GC(855)   Evacuate Collection Set: 3.8ms
[592.330s][info][gc,phases      ] GC(855)   Post Evacuate Collection Set: 0.5ms
[592.330s][info][gc,phases      ] GC(855)   Other: 0.1ms
[592.330s][info][gc,heap        ] GC(855) Eden regions: 144->0(144)
[592.330s][info][gc,heap        ] GC(855) Survivor regions: 5->5(19)
[592.330s][info][gc,heap        ] GC(855) Old regions: 58->58
[592.330s][info][gc,heap        ] GC(855) Humongous regions: 2->2
[592.330s][info][gc,metaspace   ] GC(855) Metaspace: 84672K(85952K)->84672K(85952K) NonClass: 73760K(74496K)->73760K(74496K) Class: 10911K(11456K)->10911K(11456K)
[592.330s][info][gc             ] GC(855) Pause Young (Normal) (G1 Evacuation Pause) 208M->64M(249M) 5.153ms
[592.330s][info][gc,cpu         ] GC(855) User=0.00s Sys=0.00s Real=0.01s
[592.857s][info][gc,start       ] GC(856) Pause Young (Normal) (G1 Evacuation Pause)
[592.857s][info][gc,task        ] GC(856) Using 8 workers of 8 for evacuation
[592.863s][info][gc,phases      ] GC(856)   Pre Evacuate Collection Set: 0.2ms
[592.863s][info][gc,phases      ] GC(856)   Merge Heap Roots: 0.1ms
[592.863s][info][gc,phases      ] GC(856)   Evacuate Collection Set: 4.4ms
[592.863s][info][gc,phases      ] GC(856)   Post Evacuate Collection Set: 0.7ms
[592.863s][info][gc,phases      ] GC(856)   Other: 0.1ms
[592.863s][info][gc,heap        ] GC(856) Eden regions: 144->0(143)
[592.863s][info][gc,heap        ] GC(856) Survivor regions: 5->6(19)
[592.863s][info][gc,heap        ] GC(856) Old regions: 58->58
[592.863s][info][gc,heap        ] GC(856) Humongous regions: 2->2
[592.863s][info][gc,metaspace   ] GC(856) Metaspace: 84672K(85952K)->84672K(85952K) NonClass: 73760K(74496K)->73760K(74496K) Class: 10911K(11456K)->10911K(11456K)
[592.863s][info][gc             ] GC(856) Pause Young (Normal) (G1 Evacuation Pause) 208M->65M(249M) 6.185ms
[592.863s][info][gc,cpu         ] GC(856) User=0.00s Sys=0.00s Real=0.01s
[593.484s][info][gc,start       ] GC(857) Pause Young (Normal) (G1 Evacuation Pause)
[593.484s][info][gc,task        ] GC(857) Using 8 workers of 8 for evacuation
[593.490s][info][gc,phases      ] GC(857)   Pre Evacuate Collection Set: 0.2ms
[593.490s][info][gc,phases      ] GC(857)   Merge Heap Roots: 0.1ms
[593.490s][info][gc,phases      ] GC(857)   Evacuate Collection Set: 5.1ms
[593.490s][info][gc,phases      ] GC(857)   Post Evacuate Collection Set: 0.6ms
[593.490s][info][gc,phases      ] GC(857)   Other: 0.2ms
[593.490s][info][gc,heap        ] GC(857) Eden regions: 143->0(142)
[593.490s][info][gc,heap        ] GC(857) Survivor regions: 6->7(19)
[593.490s][info][gc,heap        ] GC(857) Old regions: 58->58
[593.490s][info][gc,heap        ] GC(857) Humongous regions: 2->2
[593.490s][info][gc,metaspace   ] GC(857) Metaspace: 84672K(85952K)->84672K(85952K) NonClass: 73760K(74496K)->73760K(74496K) Class: 10911K(11456K)->10911K(11456K)
[593.491s][info][gc             ] GC(857) Pause Young (Normal) (G1 Evacuation Pause) 208M->66M(249M) 6.851ms
[593.491s][info][gc,cpu         ] GC(857) User=0.00s Sys=0.00s Real=0.01s
[594.032s][info][gc,start       ] GC(858) Pause Young (Normal) (G1 Evacuation Pause)
[594.032s][info][gc,task        ] GC(858) Using 8 workers of 8 for evacuation
[594.037s][info][gc,phases      ] GC(858)   Pre Evacuate Collection Set: 0.2ms
[594.038s][info][gc,phases      ] GC(858)   Merge Heap Roots: 0.1ms
[594.038s][info][gc,phases      ] GC(858)   Evacuate Collection Set: 4.7ms
[594.038s][info][gc,phases      ] GC(858)   Post Evacuate Collection Set: 0.7ms
[594.038s][info][gc,phases      ] GC(858)   Other: 0.1ms
[594.038s][info][gc,heap        ] GC(858) Eden regions: 142->0(143)
[594.038s][info][gc,heap        ] GC(858) Survivor regions: 7->6(19)
[594.038s][info][gc,heap        ] GC(858) Old regions: 58->58
[594.038s][info][gc,heap        ] GC(858) Humongous regions: 2->2
[594.038s][info][gc,metaspace   ] GC(858) Metaspace: 84672K(85952K)->84672K(85952K) NonClass: 73760K(74496K)->73760K(74496K) Class: 10911K(11456K)->10911K(11456K)
[594.038s][info][gc             ] GC(858) Pause Young (Normal) (G1 Evacuation Pause) 208M->65M(249M) 6.279ms
[594.038s][info][gc,cpu         ] GC(858) User=0.00s Sys=0.00s Real=0.01s
[594.541s][info][gc,start       ] GC(859) Pause Young (Normal) (G1 Evacuation Pause)
[594.541s][info][gc,task        ] GC(859) Using 8 workers of 8 for evacuation
[594.547s][info][gc,phases      ] GC(859)   Pre Evacuate Collection Set: 0.2ms
[594.547s][info][gc,phases      ] GC(859)   Merge Heap Roots: 0.1ms
[594.547s][info][gc,phases      ] GC(859)   Evacuate Collection Set: 4.6ms
[594.547s][info][gc,phases      ] GC(859)   Post Evacuate Collection Set: 0.6ms
[594.547s][info][gc,phases      ] GC(859)   Other: 0.1ms
[594.547s][info][gc,heap        ] GC(859) Eden regions: 143->0(142)
[594.547s][info][gc,heap        ] GC(859) Survivor regions: 6->7(19)
[594.547s][info][gc,heap        ] GC(859) Old regions: 58->58
[594.547s][info][gc,heap        ] GC(859) Humongous regions: 2->2
[594.547s][info][gc,metaspace   ] GC(859) Metaspace: 84672K(85952K)->84672K(85952K) NonClass: 73760K(74496K)->73760K(74496K) Class: 10911K(11456K)->10911K(11456K)
[594.547s][info][gc             ] GC(859) Pause Young (Normal) (G1 Evacuation Pause) 208M->66M(249M) 5.970ms
[594.547s][info][gc,cpu         ] GC(859) User=0.11s Sys=0.00s Real=0.01s
[598.844s][info][gc,start       ] GC(860) Pause Full (System.gc())
[598.844s][info][gc,task        ] GC(860) Using 6 workers of 8 for full compaction
[598.844s][info][gc,phases,start] GC(860) Phase 1: Mark live objects
[598.877s][info][gc,phases      ] GC(860) Phase 1: Mark live objects 32.579ms
[598.877s][info][gc,phases,start] GC(860) Phase 2: Prepare compaction
[598.879s][info][gc,phases      ] GC(860) Phase 2: Prepare compaction 2.138ms
[598.879s][info][gc,phases,start] GC(860) Phase 3: Adjust pointers
[598.889s][info][gc,phases      ] GC(860) Phase 3: Adjust pointers 10.242ms
[598.889s][info][gc,phases,start] GC(860) Phase 4: Compact heap
[598.893s][info][gc,phases      ] GC(860) Phase 4: Compact heap 3.960ms
[598.893s][info][gc,phases,start] GC(860) Phase 5: Reset Metadata
[598.896s][info][gc,phases      ] GC(860) Phase 5: Reset Metadata 2.482ms
[598.905s][info][gc,heap        ] GC(860) Eden regions: 26->0(108)
[598.905s][info][gc,heap        ] GC(860) Survivor regions: 7->0(19)
[598.905s][info][gc,heap        ] GC(860) Old regions: 58->52
[598.905s][info][gc,heap        ] GC(860) Humongous regions: 2->2
[598.905s][info][gc,metaspace   ] GC(860) Metaspace: 84687K(85952K)->84687K(85952K) NonClass: 73772K(74496K)->73772K(74496K) Class: 10915K(11456K)->10915K(11456K)
[598.905s][info][gc             ] GC(860) Pause Full (System.gc()) 91M->51M(180M) 61.603ms
[598.905s][info][gc,cpu         ] GC(860) User=0.22s Sys=0.00s Real=0.06s
[599.891s][info][gc,start       ] GC(861) Pause Young (Concurrent Start) (G1 Evacuation Pause)
[599.891s][info][gc,task        ] GC(861) Using 8 workers of 8 for evacuation
[599.894s][info][gc,phases      ] GC(861)   Pre Evacuate Collection Set: 0.3ms
[599.894s][info][gc,phases      ] GC(861)   Merge Heap Roots: 0.1ms
[599.894s][info][gc,phases      ] GC(861)   Evacuate Collection Set: 1.9ms
[599.894s][info][gc,phases      ] GC(861)   Post Evacuate Collection Set: 0.4ms
[599.894s][info][gc,phases      ] GC(861)   Other: 0.2ms
[599.894s][info][gc,heap        ] GC(861) Eden regions: 108->0(106)
[599.894s][info][gc,heap        ] GC(861) Survivor regions: 0->2(14)
[599.894s][info][gc,heap        ] GC(861) Old regions: 52->52
[599.894s][info][gc,heap        ] GC(861) Humongous regions: 2->2
[599.894s][info][gc,metaspace   ] GC(861) Metaspace: 84691K(85952K)->84691K(85952K) NonClass: 73775K(74496K)->73775K(74496K) Class: 10916K(11456K)->10916K(11456K)
[599.894s][info][gc             ] GC(861) Pause Young (Concurrent Start) (G1 Evacuation Pause) 159M->53M(180M) 3.305ms
[599.894s][info][gc,cpu         ] GC(861) User=0.00s Sys=0.00s Real=0.00s
[599.894s][info][gc             ] GC(862) Concurrent Mark Cycle
[599.894s][info][gc,marking     ] GC(862) Concurrent Scan Root Regions
[599.896s][info][gc,marking     ] GC(862) Concurrent Scan Root Regions 1.548ms
[599.896s][info][gc,marking     ] GC(862) Concurrent Mark
[599.896s][info][gc,marking     ] GC(862) Concurrent Mark From Roots
[599.896s][info][gc,task        ] GC(862) Using 2 workers of 2 for marking
[599.967s][info][gc,marking     ] GC(862) Concurrent Mark From Roots 70.950ms
[599.967s][info][gc,marking     ] GC(862) Concurrent Preclean
[599.967s][info][gc,marking     ] GC(862) Concurrent Preclean 0.307ms
[599.967s][info][gc,start       ] GC(862) Pause Remark
[599.973s][info][gc             ] GC(862) Pause Remark 77M->74M(180M) 5.588ms
[599.973s][info][gc,cpu         ] GC(862) User=0.00s Sys=0.00s Real=0.00s
[599.973s][info][gc,marking     ] GC(862) Concurrent Mark 77.266ms
[599.973s][info][gc,marking     ] GC(862) Concurrent Rebuild Remembered Sets and Scrub Regions
[600.012s][info][gc,marking     ] GC(862) Concurrent Rebuild Remembered Sets and Scrub Regions 39.033ms
[600.012s][info][gc,start       ] GC(862) Pause Cleanup
[600.012s][info][gc             ] GC(862) Pause Cleanup 80M->80M(180M) 0.190ms
[600.012s][info][gc,cpu         ] GC(862) User=0.00s Sys=0.00s Real=0.00s
[600.013s][info][gc,marking     ] GC(862) Concurrent Clear Claimed Marks
[600.013s][info][gc,marking     ] GC(862) Concurrent Clear Claimed Marks 0.106ms
[600.013s][info][gc,marking     ] GC(862) Concurrent Cleanup for Next Mark
[600.013s][info][gc,marking     ] GC(862) Concurrent Cleanup for Next Mark 0.355ms
[600.013s][info][gc             ] GC(862) Concurrent Mark Cycle 119.190ms
[600.246s][info][gc,start       ] GC(863) Pause Young (Prepare Mixed) (G1 Evacuation Pause)
[600.246s][info][gc,task        ] GC(863) Using 8 workers of 8 for evacuation
[600.248s][info][gc,phases      ] GC(863)   Pre Evacuate Collection Set: 0.1ms
[600.248s][info][gc,phases      ] GC(863)   Merge Heap Roots: 0.1ms
[600.248s][info][gc,phases      ] GC(863)   Evacuate Collection Set: 1.3ms
[600.248s][info][gc,phases      ] GC(863)   Post Evacuate Collection Set: 0.4ms
[600.248s][info][gc,phases      ] GC(863)   Other: 0.1ms
[600.248s][info][gc,heap        ] GC(863) Eden regions: 106->0(106)
[600.248s][info][gc,heap        ] GC(863) Survivor regions: 2->2(14)
[600.248s][info][gc,heap        ] GC(863) Old regions: 49->49
[600.248s][info][gc,heap        ] GC(863) Humongous regions: 2->2
[600.248s][info][gc,metaspace   ] GC(863) Metaspace: 84691K(85952K)->84691K(85952K) NonClass: 73775K(74496K)->73775K(74496K) Class: 10916K(11456K)->10916K(11456K)
[600.248s][info][gc             ] GC(863) Pause Young (Prepare Mixed) (G1 Evacuation Pause) 156M->49M(180M) 2.480ms
[600.248s][info][gc,cpu         ] GC(863) User=0.11s Sys=0.00s Real=0.00s
[600.605s][info][gc,start       ] GC(864) Pause Young (Mixed) (G1 Evacuation Pause)
[600.605s][info][gc,task        ] GC(864) Using 8 workers of 8 for evacuation
[600.607s][info][gc,phases      ] GC(864)   Pre Evacuate Collection Set: 0.1ms
[600.607s][info][gc,phases      ] GC(864)   Merge Heap Roots: 0.1ms
[600.607s][info][gc,phases      ] GC(864)   Evacuate Collection Set: 1.4ms
[600.607s][info][gc,phases      ] GC(864)   Post Evacuate Collection Set: 0.4ms
[600.607s][info][gc,phases      ] GC(864)   Other: 0.1ms
[600.607s][info][gc,heap        ] GC(864) Eden regions: 106->0(106)
[600.607s][info][gc,heap        ] GC(864) Survivor regions: 2->2(14)
[600.607s][info][gc,heap        ] GC(864) Old regions: 49->49
[600.607s][info][gc,heap        ] GC(864) Humongous regions: 2->2
[600.607s][info][gc,metaspace   ] GC(864) Metaspace: 84691K(85952K)->84691K(85952K) NonClass: 73775K(74496K)->73775K(74496K) Class: 10916K(11456K)->10916K(11456K)
[600.607s][info][gc             ] GC(864) Pause Young (Mixed) (G1 Evacuation Pause) 155M->50M(180M) 2.571ms
[600.607s][info][gc,cpu         ] GC(864) User=0.11s Sys=0.00s Real=0.00s
[600.899s][info][gc,start       ] GC(865) Pause Young (Normal) (G1 Evacuation Pause)
[600.899s][info][gc,task        ] GC(865) Using 8 workers of 8 for evacuation
[600.902s][info][gc,phases      ] GC(865)   Pre Evacuate Collection Set: 0.1ms
[600.902s][info][gc,phases      ] GC(865)   Merge Heap Roots: 0.1ms
[600.902s][info][gc,phases      ] GC(865)   Evacuate Collection Set: 1.5ms
[600.902s][info][gc,phases      ] GC(865)   Post Evacuate Collection Set: 0.4ms
[600.902s][info][gc,phases      ] GC(865)   Other: 0.1ms
[600.902s][info][gc,heap        ] GC(865) Eden regions: 106->0(106)
[600.902s][info][gc,heap        ] GC(865) Survivor regions: 2->2(14)
[600.902s][info][gc,heap        ] GC(865) Old regions: 49->49
[600.902s][info][gc,heap        ] GC(865) Humongous regions: 2->2
[600.902s][info][gc,metaspace   ] GC(865) Metaspace: 84691K(85952K)->84691K(85952K) NonClass: 73775K(74496K)->73775K(74496K) Class: 10916K(11456K)->10916K(11456K)
[600.902s][info][gc             ] GC(865) Pause Young (Normal) (G1 Evacuation Pause) 156M->50M(180M) 2.593ms
[600.902s][info][gc,cpu         ] GC(865) User=0.00s Sys=0.00s Real=0.00s
[601.226s][info][gc,start       ] GC(866) Pause Young (Normal) (G1 Evacuation Pause)
[601.226s][info][gc,task        ] GC(866) Using 8 workers of 8 for evacuation
[601.229s][info][gc,phases      ] GC(866)   Pre Evacuate Collection Set: 0.3ms
[601.229s][info][gc,phases      ] GC(866)   Merge Heap Roots: 0.2ms
[601.229s][info][gc,phases      ] GC(866)   Evacuate Collection Set: 2.0ms
[601.229s][info][gc,phases      ] GC(866)   Post Evacuate Collection Set: 0.4ms
[601.229s][info][gc,phases      ] GC(866)   Other: 0.3ms
[601.229s][info][gc,heap        ] GC(866) Eden regions: 106->0(105)
[601.229s][info][gc,heap        ] GC(866) Survivor regions: 2->3(14)
[601.229s][info][gc,heap        ] GC(866) Old regions: 49->49
[601.229s][info][gc,heap        ] GC(866) Humongous regions: 2->2
[601.229s][info][gc,metaspace   ] GC(866) Metaspace: 84691K(85952K)->84691K(85952K) NonClass: 73775K(74496K)->73775K(74496K) Class: 10916K(11456K)->10916K(11456K)
[601.230s][info][gc             ] GC(866) Pause Young (Normal) (G1 Evacuation Pause) 156M->50M(180M) 3.738ms
[601.230s][info][gc,cpu         ] GC(866) User=0.00s Sys=0.00s Real=0.00s
[601.561s][info][gc,start       ] GC(867) Pause Young (Normal) (G1 Evacuation Pause)
[601.561s][info][gc,task        ] GC(867) Using 8 workers of 8 for evacuation
[601.563s][info][gc,phases      ] GC(867)   Pre Evacuate Collection Set: 0.1ms
[601.564s][info][gc,phases      ] GC(867)   Merge Heap Roots: 0.1ms
[601.564s][info][gc,phases      ] GC(867)   Evacuate Collection Set: 1.7ms
[601.564s][info][gc,phases      ] GC(867)   Post Evacuate Collection Set: 0.5ms
[601.564s][info][gc,phases      ] GC(867)   Other: 0.1ms
[601.564s][info][gc,heap        ] GC(867) Eden regions: 105->0(105)
[601.564s][info][gc,heap        ] GC(867) Survivor regions: 3->3(14)
[601.564s][info][gc,heap        ] GC(867) Old regions: 49->49
[601.564s][info][gc,heap        ] GC(867) Humongous regions: 2->2
[601.564s][info][gc,metaspace   ] GC(867) Metaspace: 84691K(85952K)->84691K(85952K) NonClass: 73775K(74496K)->73775K(74496K) Class: 10916K(11456K)->10916K(11456K)
[601.564s][info][gc             ] GC(867) Pause Young (Normal) (G1 Evacuation Pause) 155M->51M(180M) 2.973ms
[601.564s][info][gc,cpu         ] GC(867) User=0.00s Sys=0.00s Real=0.00s
[601.916s][info][gc,start       ] GC(868) Pause Young (Normal) (G1 Evacuation Pause)
[601.916s][info][gc,task        ] GC(868) Using 8 workers of 8 for evacuation
[601.919s][info][gc,phases      ] GC(868)   Pre Evacuate Collection Set: 0.1ms
[601.919s][info][gc,phases      ] GC(868)   Merge Heap Roots: 0.1ms
[601.919s][info][gc,phases      ] GC(868)   Evacuate Collection Set: 2.5ms
[601.920s][info][gc,phases      ] GC(868)   Post Evacuate Collection Set: 0.6ms
[601.920s][info][gc,phases      ] GC(868)   Other: 0.1ms
[601.920s][info][gc,heap        ] GC(868) Eden regions: 105->0(105)
[601.920s][info][gc,heap        ] GC(868) Survivor regions: 3->3(14)
[601.920s][info][gc,heap        ] GC(868) Old regions: 49->49
[601.920s][info][gc,heap        ] GC(868) Humongous regions: 2->2
[601.920s][info][gc,metaspace   ] GC(868) Metaspace: 84691K(85952K)->84691K(85952K) NonClass: 73775K(74496K)->73775K(74496K) Class: 10916K(11456K)->10916K(11456K)
[601.920s][info][gc             ] GC(868) Pause Young (Normal) (G1 Evacuation Pause) 156M->51M(180M) 3.975ms
[601.920s][info][gc,cpu         ] GC(868) User=0.02s Sys=0.02s Real=0.00s
[602.281s][info][gc,start       ] GC(869) Pause Young (Normal) (G1 Evacuation Pause)
[602.282s][info][gc,task        ] GC(869) Using 8 workers of 8 for evacuation
[602.285s][info][gc,phases      ] GC(869)   Pre Evacuate Collection Set: 0.1ms
[602.285s][info][gc,phases      ] GC(869)   Merge Heap Roots: 0.1ms
[602.285s][info][gc,phases      ] GC(869)   Evacuate Collection Set: 2.7ms
[602.285s][info][gc,phases      ] GC(869)   Post Evacuate Collection Set: 0.5ms
[602.285s][info][gc,phases      ] GC(869)   Other: 0.1ms
[602.285s][info][gc,heap        ] GC(869) Eden regions: 105->0(104)
[602.285s][info][gc,heap        ] GC(869) Survivor regions: 3->4(14)
[602.285s][info][gc,heap        ] GC(869) Old regions: 49->49
[602.285s][info][gc,heap        ] GC(869) Humongous regions: 2->2
[602.285s][info][gc,metaspace   ] GC(869) Metaspace: 84691K(85952K)->84691K(85952K) NonClass: 73775K(74496K)->73775K(74496K) Class: 10916K(11456K)->10916K(11456K)
[602.285s][info][gc             ] GC(869) Pause Young (Normal) (G1 Evacuation Pause) 156M->51M(180M) 4.026ms
[602.286s][info][gc,cpu         ] GC(869) User=0.00s Sys=0.00s Real=0.00s
[602.711s][info][gc,start       ] GC(870) Pause Young (Normal) (G1 Evacuation Pause)
[602.711s][info][gc,task        ] GC(870) Using 8 workers of 8 for evacuation
[602.715s][info][gc,phases      ] GC(870)   Pre Evacuate Collection Set: 0.3ms
[602.716s][info][gc,phases      ] GC(870)   Merge Heap Roots: 0.1ms
[602.716s][info][gc,phases      ] GC(870)   Evacuate Collection Set: 3.3ms
[602.716s][info][gc,phases      ] GC(870)   Post Evacuate Collection Set: 0.6ms
[602.716s][info][gc,phases      ] GC(870)   Other: 0.3ms
[602.716s][info][gc,heap        ] GC(870) Eden regions: 104->0(104)
[602.716s][info][gc,heap        ] GC(870) Survivor regions: 4->4(14)
[602.716s][info][gc,heap        ] GC(870) Old regions: 49->49
[602.716s][info][gc,heap        ] GC(870) Humongous regions: 2->2
[602.716s][info][gc,metaspace   ] GC(870) Metaspace: 84691K(85952K)->84691K(85952K) NonClass: 73775K(74496K)->73775K(74496K) Class: 10916K(11456K)->10916K(11456K)
[602.716s][info][gc             ] GC(870) Pause Young (Normal) (G1 Evacuation Pause) 155M->52M(180M) 5.133ms
[602.716s][info][gc,cpu         ] GC(870) User=0.02s Sys=0.00s Real=0.01s
[603.140s][info][gc,start       ] GC(871) Pause Young (Normal) (G1 Evacuation Pause)
[603.140s][info][gc,task        ] GC(871) Using 8 workers of 8 for evacuation
[603.144s][info][gc,phases      ] GC(871)   Pre Evacuate Collection Set: 0.2ms
[603.144s][info][gc,phases      ] GC(871)   Merge Heap Roots: 0.1ms
[603.145s][info][gc,phases      ] GC(871)   Evacuate Collection Set: 3.2ms
[603.145s][info][gc,phases      ] GC(871)   Post Evacuate Collection Set: 0.7ms
[603.145s][info][gc,phases      ] GC(871)   Other: 0.1ms
[603.145s][info][gc,heap        ] GC(871) Eden regions: 104->0(104)
[603.145s][info][gc,heap        ] GC(871) Survivor regions: 4->4(14)
[603.145s][info][gc,heap        ] GC(871) Old regions: 49->49
[603.145s][info][gc,heap        ] GC(871) Humongous regions: 2->2
[603.145s][info][gc,metaspace   ] GC(871) Metaspace: 84691K(85952K)->84691K(85952K) NonClass: 73775K(74496K)->73775K(74496K) Class: 10916K(11456K)->10916K(11456K)
[603.145s][info][gc             ] GC(871) Pause Young (Normal) (G1 Evacuation Pause) 156M->52M(180M) 5.009ms
[603.145s][info][gc,cpu         ] GC(871) User=0.00s Sys=0.00s Real=0.01s
[603.575s][info][gc,start       ] GC(872) Pause Young (Normal) (G1 Evacuation Pause)
[603.575s][info][gc,task        ] GC(872) Using 8 workers of 8 for evacuation
[603.582s][info][gc,phases      ] GC(872)   Pre Evacuate Collection Set: 0.2ms
[603.582s][info][gc,phases      ] GC(872)   Merge Heap Roots: 0.1ms
[603.582s][info][gc,phases      ] GC(872)   Evacuate Collection Set: 5.5ms
[603.582s][info][gc,phases      ] GC(872)   Post Evacuate Collection Set: 0.5ms
[603.582s][info][gc,phases      ] GC(872)   Other: 0.2ms
[603.582s][info][gc,heap        ] GC(872) Eden regions: 104->0(103)
[603.582s][info][gc,heap        ] GC(872) Survivor regions: 4->5(14)
[603.582s][info][gc,heap        ] GC(872) Old regions: 49->49
[603.582s][info][gc,heap        ] GC(872) Humongous regions: 2->2
[603.582s][info][gc,metaspace   ] GC(872) Metaspace: 84695K(85952K)->84695K(85952K) NonClass: 73778K(74496K)->73778K(74496K) Class: 10917K(11456K)->10917K(11456K)
[603.582s][info][gc             ] GC(872) Pause Young (Normal) (G1 Evacuation Pause) 156M->52M(180M) 7.140ms
[603.582s][info][gc,cpu         ] GC(872) User=0.00s Sys=0.00s Real=0.01s
[603.995s][info][gc,start       ] GC(873) Pause Young (Normal) (G1 Evacuation Pause)
[603.995s][info][gc,task        ] GC(873) Using 8 workers of 8 for evacuation
[604.000s][info][gc,phases      ] GC(873)   Pre Evacuate Collection Set: 0.3ms
[604.001s][info][gc,phases      ] GC(873)   Merge Heap Roots: 0.2ms
[604.001s][info][gc,phases      ] GC(873)   Evacuate Collection Set: 4.2ms
[604.001s][info][gc,phases      ] GC(873)   Post Evacuate Collection Set: 0.6ms
[604.001s][info][gc,phases      ] GC(873)   Other: 0.2ms
[604.001s][info][gc,heap        ] GC(873) Eden regions: 103->0(103)
[604.001s][info][gc,heap        ] GC(873) Survivor regions: 5->5(14)
[604.001s][info][gc,heap        ] GC(873) Old regions: 49->49
[604.001s][info][gc,heap        ] GC(873) Humongous regions: 2->2
[604.001s][info][gc,metaspace   ] GC(873) Metaspace: 84695K(85952K)->84695K(85952K) NonClass: 73778K(74496K)->73778K(74496K) Class: 10917K(11456K)->10917K(11456K)
[604.001s][info][gc             ] GC(873) Pause Young (Normal) (G1 Evacuation Pause) 155M->53M(180M) 6.055ms
[604.001s][info][gc,cpu         ] GC(873) User=0.08s Sys=0.00s Real=0.01s
[604.435s][info][gc,start       ] GC(874) Pause Young (Normal) (G1 Evacuation Pause)
[604.435s][info][gc,task        ] GC(874) Using 8 workers of 8 for evacuation
[604.440s][info][gc,phases      ] GC(874)   Pre Evacuate Collection Set: 0.1ms
[604.440s][info][gc,phases      ] GC(874)   Merge Heap Roots: 0.1ms
[604.440s][info][gc,phases      ] GC(874)   Evacuate Collection Set: 4.3ms
[604.440s][info][gc,phases      ] GC(874)   Post Evacuate Collection Set: 0.6ms
[604.440s][info][gc,phases      ] GC(874)   Other: 0.1ms
[604.441s][info][gc,heap        ] GC(874) Eden regions: 103->0(103)
[604.441s][info][gc,heap        ] GC(874) Survivor regions: 5->5(14)
[604.441s][info][gc,heap        ] GC(874) Old regions: 49->49
[604.441s][info][gc,heap        ] GC(874) Humongous regions: 2->2
[604.441s][info][gc,metaspace   ] GC(874) Metaspace: 84695K(85952K)->84695K(85952K) NonClass: 73778K(74496K)->73778K(74496K) Class: 10917K(11456K)->10917K(11456K)
[604.441s][info][gc             ] GC(874) Pause Young (Normal) (G1 Evacuation Pause) 156M->53M(180M) 6.193ms
[604.441s][info][gc,cpu         ] GC(874) User=0.02s Sys=0.00s Real=0.01s
[604.832s][info][gc,start       ] GC(875) Pause Young (Normal) (G1 Evacuation Pause)
[604.832s][info][gc,task        ] GC(875) Using 8 workers of 8 for evacuation
[604.837s][info][gc,phases      ] GC(875)   Pre Evacuate Collection Set: 0.1ms
[604.837s][info][gc,phases      ] GC(875)   Merge Heap Roots: 0.1ms
[604.837s][info][gc,phases      ] GC(875)   Evacuate Collection Set: 3.8ms
[604.837s][info][gc,phases      ] GC(875)   Post Evacuate Collection Set: 0.5ms
[604.837s][info][gc,phases      ] GC(875)   Other: 0.1ms
[604.837s][info][gc,heap        ] GC(875) Eden regions: 103->0(103)
[604.837s][info][gc,heap        ] GC(875) Survivor regions: 5->5(14)
[604.837s][info][gc,heap        ] GC(875) Old regions: 49->49
[604.837s][info][gc,heap        ] GC(875) Humongous regions: 2->2
[604.837s][info][gc,metaspace   ] GC(875) Metaspace: 84695K(85952K)->84695K(85952K) NonClass: 73778K(74496K)->73778K(74496K) Class: 10917K(11456K)->10917K(11456K)
[604.837s][info][gc             ] GC(875) Pause Young (Normal) (G1 Evacuation Pause) 156M->53M(180M) 5.154ms
[604.837s][info][gc,cpu         ] GC(875) User=0.00s Sys=0.00s Real=0.01s
[605.250s][info][gc,start       ] GC(876) Pause Young (Normal) (G1 Evacuation Pause)
[605.250s][info][gc,task        ] GC(876) Using 8 workers of 8 for evacuation
[605.255s][info][gc,phases      ] GC(876)   Pre Evacuate Collection Set: 0.1ms
[605.255s][info][gc,phases      ] GC(876)   Merge Heap Roots: 0.1ms
[605.255s][info][gc,phases      ] GC(876)   Evacuate Collection Set: 3.5ms
[605.255s][info][gc,phases      ] GC(876)   Post Evacuate Collection Set: 0.7ms
[605.255s][info][gc,phases      ] GC(876)   Other: 0.2ms
[605.255s][info][gc,heap        ] GC(876) Eden regions: 103->0(102)
[605.255s][info][gc,heap        ] GC(876) Survivor regions: 5->6(14)
[605.255s][info][gc,heap        ] GC(876) Old regions: 49->49
[605.255s][info][gc,heap        ] GC(876) Humongous regions: 2->2
[605.255s][info][gc,metaspace   ] GC(876) Metaspace: 84695K(85952K)->84695K(85952K) NonClass: 73778K(74496K)->73778K(74496K) Class: 10917K(11456K)->10917K(11456K)
[605.255s][info][gc             ] GC(876) Pause Young (Normal) (G1 Evacuation Pause) 156M->53M(180M) 5.250ms
[605.255s][info][gc,cpu         ] GC(876) User=0.00s Sys=0.00s Real=0.01s
[605.633s][info][gc,start       ] GC(877) Pause Young (Normal) (G1 Evacuation Pause)
[605.633s][info][gc,task        ] GC(877) Using 8 workers of 8 for evacuation
[605.637s][info][gc,phases      ] GC(877)   Pre Evacuate Collection Set: 0.2ms
[605.637s][info][gc,phases      ] GC(877)   Merge Heap Roots: 0.1ms
[605.637s][info][gc,phases      ] GC(877)   Evacuate Collection Set: 3.4ms
[605.637s][info][gc,phases      ] GC(877)   Post Evacuate Collection Set: 0.5ms
[605.637s][info][gc,phases      ] GC(877)   Other: 0.1ms
[605.638s][info][gc,heap        ] GC(877) Eden regions: 102->0(103)
[605.638s][info][gc,heap        ] GC(877) Survivor regions: 6->5(14)
[605.638s][info][gc,heap        ] GC(877) Old regions: 49->49
[605.638s][info][gc,heap        ] GC(877) Humongous regions: 2->2
[605.638s][info][gc,metaspace   ] GC(877) Metaspace: 84695K(85952K)->84695K(85952K) NonClass: 73778K(74496K)->73778K(74496K) Class: 10917K(11456K)->10917K(11456K)
[605.638s][info][gc             ] GC(877) Pause Young (Normal) (G1 Evacuation Pause) 155M->54M(180M) 4.902ms
[605.638s][info][gc,cpu         ] GC(877) User=0.03s Sys=0.00s Real=0.00s
[606.037s][info][gc,start       ] GC(878) Pause Young (Normal) (G1 Evacuation Pause)
[606.037s][info][gc,task        ] GC(878) Using 8 workers of 8 for evacuation
[606.043s][info][gc,phases      ] GC(878)   Pre Evacuate Collection Set: 0.2ms
[606.043s][info][gc,phases      ] GC(878)   Merge Heap Roots: 0.1ms
[606.043s][info][gc,phases      ] GC(878)   Evacuate Collection Set: 4.7ms
[606.043s][info][gc,phases      ] GC(878)   Post Evacuate Collection Set: 0.5ms
[606.043s][info][gc,phases      ] GC(878)   Other: 0.2ms
[606.043s][info][gc,heap        ] GC(878) Eden regions: 103->0(103)
[606.043s][info][gc,heap        ] GC(878) Survivor regions: 5->5(14)
[606.043s][info][gc,heap        ] GC(878) Old regions: 49->50
[606.043s][info][gc,heap        ] GC(878) Humongous regions: 2->2
[606.043s][info][gc,metaspace   ] GC(878) Metaspace: 84695K(85952K)->84695K(85952K) NonClass: 73778K(74496K)->73778K(74496K) Class: 10917K(11456K)->10917K(11456K)
[606.043s][info][gc             ] GC(878) Pause Young (Normal) (G1 Evacuation Pause) 157M->54M(180M) 6.193ms
[606.043s][info][gc,cpu         ] GC(878) User=0.00s Sys=0.00s Real=0.01s
[606.423s][info][gc,start       ] GC(879) Pause Young (Normal) (G1 Evacuation Pause)
[606.423s][info][gc,task        ] GC(879) Using 8 workers of 8 for evacuation
[606.428s][info][gc,phases      ] GC(879)   Pre Evacuate Collection Set: 0.3ms
[606.428s][info][gc,phases      ] GC(879)   Merge Heap Roots: 0.1ms
[606.428s][info][gc,phases      ] GC(879)   Evacuate Collection Set: 4.0ms
[606.428s][info][gc,phases      ] GC(879)   Post Evacuate Collection Set: 0.6ms
[606.428s][info][gc,phases      ] GC(879)   Other: 0.1ms
[606.428s][info][gc,heap        ] GC(879) Eden regions: 103->0(103)
[606.428s][info][gc,heap        ] GC(879) Survivor regions: 5->5(14)
[606.428s][info][gc,heap        ] GC(879) Old regions: 50->50
[606.428s][info][gc,heap        ] GC(879) Humongous regions: 2->2
[606.428s][info][gc,metaspace   ] GC(879) Metaspace: 84695K(85952K)->84695K(85952K) NonClass: 73778K(74496K)->73778K(74496K) Class: 10917K(11456K)->10917K(11456K)
[606.428s][info][gc             ] GC(879) Pause Young (Normal) (G1 Evacuation Pause) 157M->54M(180M) 5.767ms
[606.428s][info][gc,cpu         ] GC(879) User=0.00s Sys=0.00s Real=0.01s
[606.829s][info][gc,start       ] GC(880) Pause Young (Normal) (G1 Evacuation Pause)
[606.829s][info][gc,task        ] GC(880) Using 8 workers of 8 for evacuation
[606.834s][info][gc,phases      ] GC(880)   Pre Evacuate Collection Set: 0.1ms
[606.834s][info][gc,phases      ] GC(880)   Merge Heap Roots: 0.1ms
[606.834s][info][gc,phases      ] GC(880)   Evacuate Collection Set: 3.9ms
[606.834s][info][gc,phases      ] GC(880)   Post Evacuate Collection Set: 0.6ms
[606.834s][info][gc,phases      ] GC(880)   Other: 0.1ms
[606.834s][info][gc,heap        ] GC(880) Eden regions: 103->0(103)
[606.834s][info][gc,heap        ] GC(880) Survivor regions: 5->5(14)
[606.834s][info][gc,heap        ] GC(880) Old regions: 50->50
[606.834s][info][gc,heap        ] GC(880) Humongous regions: 2->2
[606.834s][info][gc,metaspace   ] GC(880) Metaspace: 84695K(85952K)->84695K(85952K) NonClass: 73778K(74496K)->73778K(74496K) Class: 10917K(11456K)->10917K(11456K)
[606.834s][info][gc             ] GC(880) Pause Young (Normal) (G1 Evacuation Pause) 157M->55M(180M) 5.654ms
[606.834s][info][gc,cpu         ] GC(880) User=0.00s Sys=0.00s Real=0.01s
[612.087s][info][gc,start       ] GC(881) Pause Young (Normal) (G1 Evacuation Pause)
[612.088s][info][gc,task        ] GC(881) Using 8 workers of 8 for evacuation
[612.090s][info][gc,phases      ] GC(881)   Pre Evacuate Collection Set: 0.2ms
[612.090s][info][gc,phases      ] GC(881)   Merge Heap Roots: 0.2ms
[612.090s][info][gc,phases      ] GC(881)   Evacuate Collection Set: 1.1ms
[612.090s][info][gc,phases      ] GC(881)   Post Evacuate Collection Set: 0.5ms
[612.090s][info][gc,phases      ] GC(881)   Other: 0.1ms
[612.090s][info][gc,heap        ] GC(881) Eden regions: 103->0(106)
[612.090s][info][gc,heap        ] GC(881) Survivor regions: 5->2(14)
[612.090s][info][gc,heap        ] GC(881) Old regions: 50->50
[612.090s][info][gc,heap        ] GC(881) Humongous regions: 2->2
[612.090s][info][gc,metaspace   ] GC(881) Metaspace: 84711K(85952K)->84711K(85952K) NonClass: 73791K(74496K)->73791K(74496K) Class: 10920K(11456K)->10920K(11456K)
[612.090s][info][gc             ] GC(881) Pause Young (Normal) (G1 Evacuation Pause) 158M->51M(180M) 2.757ms
[612.090s][info][gc,cpu         ] GC(881) User=0.00s Sys=0.00s Real=0.00s
[612.423s][info][gc,start       ] GC(882) Pause Young (Normal) (G1 Evacuation Pause)
[612.423s][info][gc,task        ] GC(882) Using 8 workers of 8 for evacuation
[612.426s][info][gc,phases      ] GC(882)   Pre Evacuate Collection Set: 0.3ms
[612.426s][info][gc,phases      ] GC(882)   Merge Heap Roots: 0.1ms
[612.426s][info][gc,phases      ] GC(882)   Evacuate Collection Set: 1.9ms
[612.426s][info][gc,phases      ] GC(882)   Post Evacuate Collection Set: 0.5ms
[612.426s][info][gc,phases      ] GC(882)   Other: 0.1ms
[612.426s][info][gc,heap        ] GC(882) Eden regions: 106->0(106)
[612.426s][info][gc,heap        ] GC(882) Survivor regions: 2->2(14)
[612.426s][info][gc,heap        ] GC(882) Old regions: 50->50
[612.426s][info][gc,heap        ] GC(882) Humongous regions: 2->2
[612.426s][info][gc,metaspace   ] GC(882) Metaspace: 84711K(85952K)->84711K(85952K) NonClass: 73791K(74496K)->73791K(74496K) Class: 10920K(11456K)->10920K(11456K)
[612.426s][info][gc             ] GC(882) Pause Young (Normal) (G1 Evacuation Pause) 157M->51M(180M) 3.538ms
[612.427s][info][gc,cpu         ] GC(882) User=0.00s Sys=0.00s Real=0.00s
[612.748s][info][gc,start       ] GC(883) Pause Young (Normal) (G1 Evacuation Pause)
[612.748s][info][gc,task        ] GC(883) Using 8 workers of 8 for evacuation
[612.750s][info][gc,phases      ] GC(883)   Pre Evacuate Collection Set: 0.1ms
[612.750s][info][gc,phases      ] GC(883)   Merge Heap Roots: 0.1ms
[612.750s][info][gc,phases      ] GC(883)   Evacuate Collection Set: 1.4ms
[612.750s][info][gc,phases      ] GC(883)   Post Evacuate Collection Set: 0.4ms
[612.750s][info][gc,phases      ] GC(883)   Other: 0.1ms
[612.750s][info][gc,heap        ] GC(883) Eden regions: 106->0(106)
[612.750s][info][gc,heap        ] GC(883) Survivor regions: 2->2(14)
[612.750s][info][gc,heap        ] GC(883) Old regions: 50->50
[612.750s][info][gc,heap        ] GC(883) Humongous regions: 2->2
[612.750s][info][gc,metaspace   ] GC(883) Metaspace: 84711K(85952K)->84711K(85952K) NonClass: 73791K(74496K)->73791K(74496K) Class: 10920K(11456K)->10920K(11456K)
[612.750s][info][gc             ] GC(883) Pause Young (Normal) (G1 Evacuation Pause) 157M->51M(180M) 2.510ms
[612.750s][info][gc,cpu         ] GC(883) User=0.00s Sys=0.00s Real=0.00s
[613.094s][info][gc,start       ] GC(884) Pause Young (Normal) (G1 Evacuation Pause)
[613.095s][info][gc,task        ] GC(884) Using 8 workers of 8 for evacuation
[613.097s][info][gc,phases      ] GC(884)   Pre Evacuate Collection Set: 0.2ms
[613.097s][info][gc,phases      ] GC(884)   Merge Heap Roots: 0.1ms
[613.097s][info][gc,phases      ] GC(884)   Evacuate Collection Set: 1.9ms
[613.097s][info][gc,phases      ] GC(884)   Post Evacuate Collection Set: 0.5ms
[613.098s][info][gc,phases      ] GC(884)   Other: 0.1ms
[613.098s][info][gc,heap        ] GC(884) Eden regions: 106->0(106)
[613.098s][info][gc,heap        ] GC(884) Survivor regions: 2->2(14)
[613.098s][info][gc,heap        ] GC(884) Old regions: 50->50
[613.098s][info][gc,heap        ] GC(884) Humongous regions: 2->2
[613.098s][info][gc,metaspace   ] GC(884) Metaspace: 84711K(85952K)->84711K(85952K) NonClass: 73791K(74496K)->73791K(74496K) Class: 10920K(11456K)->10920K(11456K)
[613.098s][info][gc             ] GC(884) Pause Young (Normal) (G1 Evacuation Pause) 157M->52M(180M) 3.358ms
[613.098s][info][gc,cpu         ] GC(884) User=0.00s Sys=0.00s Real=0.00s
[613.467s][info][gc,start       ] GC(885) Pause Young (Normal) (G1 Evacuation Pause)
[613.467s][info][gc,task        ] GC(885) Using 8 workers of 8 for evacuation
[613.471s][info][gc,phases      ] GC(885)   Pre Evacuate Collection Set: 0.2ms
[613.471s][info][gc,phases      ] GC(885)   Merge Heap Roots: 0.1ms
[613.471s][info][gc,phases      ] GC(885)   Evacuate Collection Set: 2.2ms
[613.471s][info][gc,phases      ] GC(885)   Post Evacuate Collection Set: 0.7ms
[613.471s][info][gc,phases      ] GC(885)   Other: 0.2ms
[613.471s][info][gc,heap        ] GC(885) Eden regions: 106->0(105)
[613.471s][info][gc,heap        ] GC(885) Survivor regions: 2->3(14)
[613.471s][info][gc,heap        ] GC(885) Old regions: 50->50
[613.471s][info][gc,heap        ] GC(885) Humongous regions: 2->2
[613.471s][info][gc,metaspace   ] GC(885) Metaspace: 84711K(85952K)->84711K(85952K) NonClass: 73791K(74496K)->73791K(74496K) Class: 10920K(11456K)->10920K(11456K)
[613.472s][info][gc             ] GC(885) Pause Young (Normal) (G1 Evacuation Pause) 158M->52M(180M) 4.370ms
[613.472s][info][gc,cpu         ] GC(885) User=0.00s Sys=0.00s Real=0.00s
[613.828s][info][gc,start       ] GC(886) Pause Young (Normal) (G1 Evacuation Pause)
[613.828s][info][gc,task        ] GC(886) Using 8 workers of 8 for evacuation
[613.831s][info][gc,phases      ] GC(886)   Pre Evacuate Collection Set: 0.1ms
[613.831s][info][gc,phases      ] GC(886)   Merge Heap Roots: 0.1ms
[613.831s][info][gc,phases      ] GC(886)   Evacuate Collection Set: 2.3ms
[613.831s][info][gc,phases      ] GC(886)   Post Evacuate Collection Set: 0.4ms
[613.831s][info][gc,phases      ] GC(886)   Other: 0.1ms
[613.831s][info][gc,heap        ] GC(886) Eden regions: 105->0(105)
[613.831s][info][gc,heap        ] GC(886) Survivor regions: 3->3(14)
[613.831s][info][gc,heap        ] GC(886) Old regions: 50->50
[613.831s][info][gc,heap        ] GC(886) Humongous regions: 2->2
[613.831s][info][gc,metaspace   ] GC(886) Metaspace: 84711K(85952K)->84711K(85952K) NonClass: 73791K(74496K)->73791K(74496K) Class: 10920K(11456K)->10920K(11456K)
[613.831s][info][gc             ] GC(886) Pause Young (Normal) (G1 Evacuation Pause) 157M->53M(180M) 3.473ms
[613.831s][info][gc,cpu         ] GC(886) User=0.00s Sys=0.00s Real=0.00s
[614.133s][info][gc,start       ] GC(887) Pause Young (Normal) (G1 Evacuation Pause)
[614.133s][info][gc,task        ] GC(887) Using 8 workers of 8 for evacuation
[614.136s][info][gc,phases      ] GC(887)   Pre Evacuate Collection Set: 0.1ms
[614.136s][info][gc,phases      ] GC(887)   Merge Heap Roots: 0.1ms
[614.136s][info][gc,phases      ] GC(887)   Evacuate Collection Set: 2.1ms
[614.136s][info][gc,phases      ] GC(887)   Post Evacuate Collection Set: 0.4ms
[614.136s][info][gc,phases      ] GC(887)   Other: 0.1ms
[614.136s][info][gc,heap        ] GC(887) Eden regions: 105->0(105)
[614.136s][info][gc,heap        ] GC(887) Survivor regions: 3->3(14)
[614.136s][info][gc,heap        ] GC(887) Old regions: 50->50
[614.136s][info][gc,heap        ] GC(887) Humongous regions: 2->2
[614.136s][info][gc,metaspace   ] GC(887) Metaspace: 84711K(85952K)->84711K(85952K) NonClass: 73791K(74496K)->73791K(74496K) Class: 10920K(11456K)->10920K(11456K)
[614.136s][info][gc             ] GC(887) Pause Young (Normal) (G1 Evacuation Pause) 158M->53M(180M) 3.136ms
[614.136s][info][gc,cpu         ] GC(887) User=0.00s Sys=0.00s Real=0.00s
[614.472s][info][gc,start       ] GC(888) Pause Young (Normal) (G1 Evacuation Pause)
[614.472s][info][gc,task        ] GC(888) Using 8 workers of 8 for evacuation
[614.476s][info][gc,phases      ] GC(888)   Pre Evacuate Collection Set: 0.2ms
[614.476s][info][gc,phases      ] GC(888)   Merge Heap Roots: 0.1ms
[614.476s][info][gc,phases      ] GC(888)   Evacuate Collection Set: 3.1ms
[614.476s][info][gc,phases      ] GC(888)   Post Evacuate Collection Set: 0.5ms
[614.476s][info][gc,phases      ] GC(888)   Other: 0.1ms
[614.476s][info][gc,heap        ] GC(888) Eden regions: 105->0(104)
[614.477s][info][gc,heap        ] GC(888) Survivor regions: 3->4(14)
[614.477s][info][gc,heap        ] GC(888) Old regions: 50->50
[614.477s][info][gc,heap        ] GC(888) Humongous regions: 2->2
[614.477s][info][gc,metaspace   ] GC(888) Metaspace: 84711K(85952K)->84711K(85952K) NonClass: 73791K(74496K)->73791K(74496K) Class: 10920K(11456K)->10920K(11456K)
[614.477s][info][gc             ] GC(888) Pause Young (Normal) (G1 Evacuation Pause) 158M->53M(180M) 4.610ms
[614.477s][info][gc,cpu         ] GC(888) User=0.00s Sys=0.00s Real=0.00s
[614.789s][info][gc,start       ] GC(889) Pause Young (Normal) (G1 Evacuation Pause)
[614.789s][info][gc,task        ] GC(889) Using 8 workers of 8 for evacuation
[614.793s][info][gc,phases      ] GC(889)   Pre Evacuate Collection Set: 0.2ms
[614.793s][info][gc,phases      ] GC(889)   Merge Heap Roots: 0.1ms
[614.793s][info][gc,phases      ] GC(889)   Evacuate Collection Set: 3.0ms
[614.793s][info][gc,phases      ] GC(889)   Post Evacuate Collection Set: 0.5ms
[614.793s][info][gc,phases      ] GC(889)   Other: 0.1ms
[614.793s][info][gc,heap        ] GC(889) Eden regions: 104->0(104)
[614.793s][info][gc,heap        ] GC(889) Survivor regions: 4->4(14)
[614.793s][info][gc,heap        ] GC(889) Old regions: 50->50
[614.794s][info][gc,heap        ] GC(889) Humongous regions: 2->2
[614.794s][info][gc,metaspace   ] GC(889) Metaspace: 84711K(85952K)->84711K(85952K) NonClass: 73791K(74496K)->73791K(74496K) Class: 10920K(11456K)->10920K(11456K)
[614.794s][info][gc             ] GC(889) Pause Young (Normal) (G1 Evacuation Pause) 157M->53M(180M) 4.465ms
[614.794s][info][gc,cpu         ] GC(889) User=0.02s Sys=0.00s Real=0.01s
[615.128s][info][gc,start       ] GC(890) Pause Young (Normal) (G1 Evacuation Pause)
[615.128s][info][gc,task        ] GC(890) Using 8 workers of 8 for evacuation
[615.131s][info][gc,phases      ] GC(890)   Pre Evacuate Collection Set: 0.1ms
[615.131s][info][gc,phases      ] GC(890)   Merge Heap Roots: 0.1ms
[615.131s][info][gc,phases      ] GC(890)   Evacuate Collection Set: 2.6ms
[615.131s][info][gc,phases      ] GC(890)   Post Evacuate Collection Set: 0.5ms
[615.131s][info][gc,phases      ] GC(890)   Other: 0.1ms
[615.131s][info][gc,heap        ] GC(890) Eden regions: 104->0(104)
[615.131s][info][gc,heap        ] GC(890) Survivor regions: 4->4(14)
[615.131s][info][gc,heap        ] GC(890) Old regions: 50->50
[615.131s][info][gc,heap        ] GC(890) Humongous regions: 2->2
[615.131s][info][gc,metaspace   ] GC(890) Metaspace: 84711K(85952K)->84711K(85952K) NonClass: 73791K(74496K)->73791K(74496K) Class: 10920K(11456K)->10920K(11456K)
[615.131s][info][gc             ] GC(890) Pause Young (Normal) (G1 Evacuation Pause) 157M->54M(180M) 3.782ms
[615.131s][info][gc,cpu         ] GC(890) User=0.00s Sys=0.00s Real=0.00s
[615.501s][info][gc,start       ] GC(891) Pause Young (Normal) (G1 Evacuation Pause)
[615.501s][info][gc,task        ] GC(891) Using 8 workers of 8 for evacuation
[615.508s][info][gc,phases      ] GC(891)   Pre Evacuate Collection Set: 0.2ms
[615.508s][info][gc,phases      ] GC(891)   Merge Heap Roots: 0.1ms
[615.508s][info][gc,phases      ] GC(891)   Evacuate Collection Set: 5.6ms
[615.508s][info][gc,phases      ] GC(891)   Post Evacuate Collection Set: 1.1ms
[615.508s][info][gc,phases      ] GC(891)   Other: 0.1ms
[615.508s][info][gc,heap        ] GC(891) Eden regions: 104->0(104)
[615.508s][info][gc,heap        ] GC(891) Survivor regions: 4->4(14)
[615.508s][info][gc,heap        ] GC(891) Old regions: 50->50
[615.508s][info][gc,heap        ] GC(891) Humongous regions: 2->2
[615.509s][info][gc,metaspace   ] GC(891) Metaspace: 84726K(85952K)->84726K(85952K) NonClass: 73802K(74496K)->73802K(74496K) Class: 10923K(11456K)->10923K(11456K)
[615.509s][info][gc             ] GC(891) Pause Young (Normal) (G1 Evacuation Pause) 158M->54M(180M) 7.889ms
[615.509s][info][gc,cpu         ] GC(891) User=0.00s Sys=0.00s Real=0.01s
[615.901s][info][gc,start       ] GC(892) Pause Young (Normal) (G1 Evacuation Pause)
[615.901s][info][gc,task        ] GC(892) Using 8 workers of 8 for evacuation
[615.906s][info][gc,phases      ] GC(892)   Pre Evacuate Collection Set: 0.2ms
[615.906s][info][gc,phases      ] GC(892)   Merge Heap Roots: 0.1ms
[615.906s][info][gc,phases      ] GC(892)   Evacuate Collection Set: 3.7ms
[615.906s][info][gc,phases      ] GC(892)   Post Evacuate Collection Set: 0.6ms
[615.906s][info][gc,phases      ] GC(892)   Other: 0.1ms
[615.906s][info][gc,heap        ] GC(892) Eden regions: 104->0(103)
[615.906s][info][gc,heap        ] GC(892) Survivor regions: 4->5(14)
[615.907s][info][gc,heap        ] GC(892) Old regions: 50->50
[615.907s][info][gc,heap        ] GC(892) Humongous regions: 2->2
[615.907s][info][gc,metaspace   ] GC(892) Metaspace: 84726K(85952K)->84726K(85952K) NonClass: 73802K(74496K)->73802K(74496K) Class: 10923K(11456K)->10923K(11456K)
[615.907s][info][gc             ] GC(892) Pause Young (Normal) (G1 Evacuation Pause) 158M->54M(180M) 5.390ms
[615.907s][info][gc,cpu         ] GC(892) User=0.09s Sys=0.00s Real=0.01s
[616.305s][info][gc,start       ] GC(893) Pause Young (Normal) (G1 Evacuation Pause)
[616.306s][info][gc,task        ] GC(893) Using 8 workers of 8 for evacuation
[616.311s][info][gc,phases      ] GC(893)   Pre Evacuate Collection Set: 0.2ms
[616.311s][info][gc,phases      ] GC(893)   Merge Heap Roots: 0.1ms
[616.311s][info][gc,phases      ] GC(893)   Evacuate Collection Set: 4.6ms
[616.311s][info][gc,phases      ] GC(893)   Post Evacuate Collection Set: 0.6ms
[616.311s][info][gc,phases      ] GC(893)   Other: 0.1ms
[616.312s][info][gc,heap        ] GC(893) Eden regions: 103->0(103)
[616.312s][info][gc,heap        ] GC(893) Survivor regions: 5->5(14)
[616.312s][info][gc,heap        ] GC(893) Old regions: 50->50
[616.312s][info][gc,heap        ] GC(893) Humongous regions: 2->2
[616.312s][info][gc,metaspace   ] GC(893) Metaspace: 84726K(85952K)->84726K(85952K) NonClass: 73802K(74496K)->73802K(74496K) Class: 10923K(11456K)->10923K(11456K)
[616.312s][info][gc             ] GC(893) Pause Young (Normal) (G1 Evacuation Pause) 157M->55M(180M) 6.428ms
[616.312s][info][gc,cpu         ] GC(893) User=0.11s Sys=0.00s Real=0.01s
[616.706s][info][gc,start       ] GC(894) Pause Young (Normal) (G1 Evacuation Pause)
[616.706s][info][gc,task        ] GC(894) Using 8 workers of 8 for evacuation
[616.712s][info][gc,phases      ] GC(894)   Pre Evacuate Collection Set: 0.2ms
[616.712s][info][gc,phases      ] GC(894)   Merge Heap Roots: 0.1ms
[616.712s][info][gc,phases      ] GC(894)   Evacuate Collection Set: 4.2ms
[616.712s][info][gc,phases      ] GC(894)   Post Evacuate Collection Set: 0.6ms
[616.712s][info][gc,phases      ] GC(894)   Other: 0.1ms
[616.712s][info][gc,heap        ] GC(894) Eden regions: 103->0(102)
[616.712s][info][gc,heap        ] GC(894) Survivor regions: 5->6(14)
[616.712s][info][gc,heap        ] GC(894) Old regions: 50->51
[616.712s][info][gc,heap        ] GC(894) Humongous regions: 2->2
[616.712s][info][gc,metaspace   ] GC(894) Metaspace: 84726K(85952K)->84726K(85952K) NonClass: 73802K(74496K)->73802K(74496K) Class: 10923K(11456K)->10923K(11456K)
[616.712s][info][gc             ] GC(894) Pause Young (Normal) (G1 Evacuation Pause) 158M->55M(180M) 5.737ms
[616.712s][info][gc,cpu         ] GC(894) User=0.00s Sys=0.00s Real=0.01s
[617.115s][info][gc,start       ] GC(895) Pause Young (Normal) (G1 Evacuation Pause)
[617.115s][info][gc,task        ] GC(895) Using 8 workers of 8 for evacuation
[617.120s][info][gc,phases      ] GC(895)   Pre Evacuate Collection Set: 0.1ms
[617.120s][info][gc,phases      ] GC(895)   Merge Heap Roots: 0.1ms
[617.120s][info][gc,phases      ] GC(895)   Evacuate Collection Set: 3.5ms
[617.120s][info][gc,phases      ] GC(895)   Post Evacuate Collection Set: 0.7ms
[617.120s][info][gc,phases      ] GC(895)   Other: 0.1ms
[617.120s][info][gc,heap        ] GC(895) Eden regions: 102->0(102)
[617.120s][info][gc,heap        ] GC(895) Survivor regions: 6->6(14)
[617.120s][info][gc,heap        ] GC(895) Old regions: 51->51
[617.120s][info][gc,heap        ] GC(895) Humongous regions: 2->2
[617.120s][info][gc,metaspace   ] GC(895) Metaspace: 84726K(85952K)->84726K(85952K) NonClass: 73802K(74496K)->73802K(74496K) Class: 10923K(11456K)->10923K(11456K)
[617.120s][info][gc             ] GC(895) Pause Young (Normal) (G1 Evacuation Pause) 157M->55M(180M) 5.186ms
[617.120s][info][gc,cpu         ] GC(895) User=0.00s Sys=0.00s Real=0.01s
[617.505s][info][gc,start       ] GC(896) Pause Young (Normal) (G1 Evacuation Pause)
[617.505s][info][gc,task        ] GC(896) Using 8 workers of 8 for evacuation
[617.511s][info][gc,phases      ] GC(896)   Pre Evacuate Collection Set: 0.2ms
[617.511s][info][gc,phases      ] GC(896)   Merge Heap Roots: 0.1ms
[617.511s][info][gc,phases      ] GC(896)   Evacuate Collection Set: 4.2ms
[617.511s][info][gc,phases      ] GC(896)   Post Evacuate Collection Set: 0.7ms
[617.511s][info][gc,phases      ] GC(896)   Other: 0.1ms
[617.511s][info][gc,heap        ] GC(896) Eden regions: 102->0(103)
[617.511s][info][gc,heap        ] GC(896) Survivor regions: 6->5(14)
[617.511s][info][gc,heap        ] GC(896) Old regions: 51->51
[617.511s][info][gc,heap        ] GC(896) Humongous regions: 2->2
[617.511s][info][gc,metaspace   ] GC(896) Metaspace: 84726K(85952K)->84726K(85952K) NonClass: 73802K(74496K)->73802K(74496K) Class: 10923K(11456K)->10923K(11456K)
[617.511s][info][gc             ] GC(896) Pause Young (Normal) (G1 Evacuation Pause) 157M->56M(180M) 6.061ms
[617.511s][info][gc,cpu         ] GC(896) User=0.00s Sys=0.00s Real=0.01s
[617.904s][info][gc,start       ] GC(897) Pause Young (Normal) (G1 Evacuation Pause)
[617.904s][info][gc,task        ] GC(897) Using 8 workers of 8 for evacuation
[617.909s][info][gc,phases      ] GC(897)   Pre Evacuate Collection Set: 0.1ms
[617.909s][info][gc,phases      ] GC(897)   Merge Heap Roots: 0.1ms
[617.909s][info][gc,phases      ] GC(897)   Evacuate Collection Set: 3.7ms
[617.909s][info][gc,phases      ] GC(897)   Post Evacuate Collection Set: 0.6ms
[617.909s][info][gc,phases      ] GC(897)   Other: 0.2ms
[617.909s][info][gc,heap        ] GC(897) Eden regions: 103->0(103)
[617.910s][info][gc,heap        ] GC(897) Survivor regions: 5->5(14)
[617.910s][info][gc,heap        ] GC(897) Old regions: 51->52
[617.910s][info][gc,heap        ] GC(897) Humongous regions: 2->2
[617.910s][info][gc,metaspace   ] GC(897) Metaspace: 84726K(85952K)->84726K(85952K) NonClass: 73802K(74496K)->73802K(74496K) Class: 10923K(11456K)->10923K(11456K)
[617.910s][info][gc             ] GC(897) Pause Young (Normal) (G1 Evacuation Pause) 159M->56M(180M) 5.369ms
[617.910s][info][gc,cpu         ] GC(897) User=0.00s Sys=0.00s Real=0.01s
[618.336s][info][gc,start       ] GC(898) Pause Young (Normal) (G1 Evacuation Pause)
[618.337s][info][gc,task        ] GC(898) Using 8 workers of 8 for evacuation
[618.342s][info][gc,phases      ] GC(898)   Pre Evacuate Collection Set: 0.2ms
[618.342s][info][gc,phases      ] GC(898)   Merge Heap Roots: 0.1ms
[618.342s][info][gc,phases      ] GC(898)   Evacuate Collection Set: 3.8ms
[618.342s][info][gc,phases      ] GC(898)   Post Evacuate Collection Set: 0.9ms
[618.342s][info][gc,phases      ] GC(898)   Other: 0.1ms
[618.342s][info][gc,heap        ] GC(898) Eden regions: 103->0(103)
[618.342s][info][gc,heap        ] GC(898) Survivor regions: 5->5(14)
[618.342s][info][gc,heap        ] GC(898) Old regions: 52->52
[618.342s][info][gc,heap        ] GC(898) Humongous regions: 2->2
[618.342s][info][gc,metaspace   ] GC(898) Metaspace: 84726K(85952K)->84726K(85952K) NonClass: 73802K(74496K)->73802K(74496K) Class: 10923K(11456K)->10923K(11456K)
[618.343s][info][gc             ] GC(898) Pause Young (Normal) (G1 Evacuation Pause) 159M->56M(180M) 6.109ms
[618.343s][info][gc,cpu         ] GC(898) User=0.11s Sys=0.00s Real=0.01s
[618.738s][info][gc,start       ] GC(899) Pause Young (Normal) (G1 Evacuation Pause)
[618.738s][info][gc,task        ] GC(899) Using 8 workers of 8 for evacuation
[618.742s][info][gc,phases      ] GC(899)   Pre Evacuate Collection Set: 0.2ms
[618.742s][info][gc,phases      ] GC(899)   Merge Heap Roots: 0.1ms
[618.742s][info][gc,phases      ] GC(899)   Evacuate Collection Set: 3.6ms
[618.742s][info][gc,phases      ] GC(899)   Post Evacuate Collection Set: 0.5ms
[618.742s][info][gc,phases      ] GC(899)   Other: 0.1ms
[618.742s][info][gc,heap        ] GC(899) Eden regions: 103->0(103)
[618.743s][info][gc,heap        ] GC(899) Survivor regions: 5->5(14)
[618.743s][info][gc,heap        ] GC(899) Old regions: 52->52
[618.743s][info][gc,heap        ] GC(899) Humongous regions: 2->2
[618.743s][info][gc,metaspace   ] GC(899) Metaspace: 84726K(85952K)->84726K(85952K) NonClass: 73802K(74496K)->73802K(74496K) Class: 10923K(11456K)->10923K(11456K)
[618.743s][info][gc             ] GC(899) Pause Young (Normal) (G1 Evacuation Pause) 159M->57M(180M) 5.184ms
[618.743s][info][gc,cpu         ] GC(899) User=0.00s Sys=0.00s Real=0.00s
[623.987s][info][gc,start       ] GC(900) Pause Young (Normal) (G1 Evacuation Pause)
[623.987s][info][gc,task        ] GC(900) Using 8 workers of 8 for evacuation
[623.989s][info][gc,phases      ] GC(900)   Pre Evacuate Collection Set: 0.2ms
[623.989s][info][gc,phases      ] GC(900)   Merge Heap Roots: 0.1ms
[623.989s][info][gc,phases      ] GC(900)   Evacuate Collection Set: 1.0ms
[623.989s][info][gc,phases      ] GC(900)   Post Evacuate Collection Set: 0.5ms
[623.989s][info][gc,phases      ] GC(900)   Other: 0.1ms
[623.989s][info][gc,heap        ] GC(900) Eden regions: 103->0(106)
[623.989s][info][gc,heap        ] GC(900) Survivor regions: 5->2(14)
[623.989s][info][gc,heap        ] GC(900) Old regions: 52->52
[623.989s][info][gc,heap        ] GC(900) Humongous regions: 2->2
[623.989s][info][gc,metaspace   ] GC(900) Metaspace: 84760K(85952K)->84760K(85952K) NonClass: 73831K(74496K)->73831K(74496K) Class: 10929K(11456K)->10929K(11456K)
[623.989s][info][gc             ] GC(900) Pause Young (Normal) (G1 Evacuation Pause) 160M->53M(180M) 2.305ms
[623.989s][info][gc,cpu         ] GC(900) User=0.00s Sys=0.00s Real=0.00s
[624.226s][info][gc,start       ] GC(901) Pause Young (Normal) (G1 Evacuation Pause)
[624.227s][info][gc,task        ] GC(901) Using 8 workers of 8 for evacuation
[624.229s][info][gc,phases      ] GC(901)   Pre Evacuate Collection Set: 0.2ms
[624.229s][info][gc,phases      ] GC(901)   Merge Heap Roots: 0.1ms
[624.229s][info][gc,phases      ] GC(901)   Evacuate Collection Set: 1.2ms
[624.229s][info][gc,phases      ] GC(901)   Post Evacuate Collection Set: 0.5ms
[624.229s][info][gc,phases      ] GC(901)   Other: 0.1ms
[624.229s][info][gc,heap        ] GC(901) Eden regions: 106->0(106)
[624.229s][info][gc,heap        ] GC(901) Survivor regions: 2->2(14)
[624.229s][info][gc,heap        ] GC(901) Old regions: 52->52
[624.229s][info][gc,heap        ] GC(901) Humongous regions: 2->2
[624.229s][info][gc,metaspace   ] GC(901) Metaspace: 84760K(85952K)->84760K(85952K) NonClass: 73831K(74496K)->73831K(74496K) Class: 10929K(11456K)->10929K(11456K)
[624.229s][info][gc             ] GC(901) Pause Young (Normal) (G1 Evacuation Pause) 159M->53M(180M) 2.628ms
[624.229s][info][gc,cpu         ] GC(901) User=0.00s Sys=0.00s Real=0.00s
[624.546s][info][gc,start       ] GC(902) Pause Young (Normal) (G1 Evacuation Pause)
[624.546s][info][gc,task        ] GC(902) Using 8 workers of 8 for evacuation
[624.548s][info][gc,phases      ] GC(902)   Pre Evacuate Collection Set: 0.1ms
[624.548s][info][gc,phases      ] GC(902)   Merge Heap Roots: 0.1ms
[624.548s][info][gc,phases      ] GC(902)   Evacuate Collection Set: 1.4ms
[624.548s][info][gc,phases      ] GC(902)   Post Evacuate Collection Set: 0.5ms
[624.548s][info][gc,phases      ] GC(902)   Other: 0.1ms
[624.548s][info][gc,heap        ] GC(902) Eden regions: 106->0(106)
[624.549s][info][gc,heap        ] GC(902) Survivor regions: 2->2(14)
[624.549s][info][gc,heap        ] GC(902) Old regions: 52->52
[624.549s][info][gc,heap        ] GC(902) Humongous regions: 2->2
[624.549s][info][gc,metaspace   ] GC(902) Metaspace: 84760K(85952K)->84760K(85952K) NonClass: 73831K(74496K)->73831K(74496K) Class: 10929K(11456K)->10929K(11456K)
[624.549s][info][gc             ] GC(902) Pause Young (Normal) (G1 Evacuation Pause) 159M->53M(180M) 2.848ms
[624.549s][info][gc,cpu         ] GC(902) User=0.00s Sys=0.00s Real=0.00s
[624.872s][info][gc,start       ] GC(903) Pause Young (Normal) (G1 Evacuation Pause)
[624.872s][info][gc,task        ] GC(903) Using 8 workers of 8 for evacuation
[624.874s][info][gc,phases      ] GC(903)   Pre Evacuate Collection Set: 0.1ms
[624.874s][info][gc,phases      ] GC(903)   Merge Heap Roots: 0.1ms
[624.874s][info][gc,phases      ] GC(903)   Evacuate Collection Set: 1.5ms
[624.874s][info][gc,phases      ] GC(903)   Post Evacuate Collection Set: 0.4ms
[624.874s][info][gc,phases      ] GC(903)   Other: 0.1ms
[624.874s][info][gc,heap        ] GC(903) Eden regions: 106->0(106)
[624.874s][info][gc,heap        ] GC(903) Survivor regions: 2->2(14)
[624.874s][info][gc,heap        ] GC(903) Old regions: 52->52
[624.874s][info][gc,heap        ] GC(903) Humongous regions: 2->2
[624.874s][info][gc,metaspace   ] GC(903) Metaspace: 84760K(85952K)->84760K(85952K) NonClass: 73831K(74496K)->73831K(74496K) Class: 10929K(11456K)->10929K(11456K)
[624.874s][info][gc             ] GC(903) Pause Young (Normal) (G1 Evacuation Pause) 159M->54M(180M) 2.661ms
[624.874s][info][gc,cpu         ] GC(903) User=0.00s Sys=0.00s Real=0.00s
[625.206s][info][gc,start       ] GC(904) Pause Young (Normal) (G1 Evacuation Pause)
[625.206s][info][gc,task        ] GC(904) Using 8 workers of 8 for evacuation
[625.209s][info][gc,phases      ] GC(904)   Pre Evacuate Collection Set: 0.1ms
[625.209s][info][gc,phases      ] GC(904)   Merge Heap Roots: 0.1ms
[625.209s][info][gc,phases      ] GC(904)   Evacuate Collection Set: 1.9ms
[625.209s][info][gc,phases      ] GC(904)   Post Evacuate Collection Set: 0.5ms
[625.209s][info][gc,phases      ] GC(904)   Other: 0.1ms
[625.209s][info][gc,heap        ] GC(904) Eden regions: 106->0(105)
[625.209s][info][gc,heap        ] GC(904) Survivor regions: 2->3(14)
[625.209s][info][gc,heap        ] GC(904) Old regions: 52->52
[625.209s][info][gc,heap        ] GC(904) Humongous regions: 2->2
[625.209s][info][gc,metaspace   ] GC(904) Metaspace: 84760K(85952K)->84760K(85952K) NonClass: 73831K(74496K)->73831K(74496K) Class: 10929K(11456K)->10929K(11456K)
[625.209s][info][gc             ] GC(904) Pause Young (Normal) (G1 Evacuation Pause) 160M->54M(180M) 3.091ms
[625.209s][info][gc,cpu         ] GC(904) User=0.00s Sys=0.00s Real=0.00s
[625.497s][info][gc,start       ] GC(905) Pause Young (Normal) (G1 Evacuation Pause)
[625.497s][info][gc,task        ] GC(905) Using 8 workers of 8 for evacuation
[625.499s][info][gc,phases      ] GC(905)   Pre Evacuate Collection Set: 0.1ms
[625.499s][info][gc,phases      ] GC(905)   Merge Heap Roots: 0.1ms
[625.500s][info][gc,phases      ] GC(905)   Evacuate Collection Set: 1.5ms
[625.500s][info][gc,phases      ] GC(905)   Post Evacuate Collection Set: 0.4ms
[625.500s][info][gc,phases      ] GC(905)   Other: 0.1ms
[625.500s][info][gc,heap        ] GC(905) Eden regions: 105->0(105)
[625.500s][info][gc,heap        ] GC(905) Survivor regions: 3->3(14)
[625.500s][info][gc,heap        ] GC(905) Old regions: 52->52
[625.500s][info][gc,heap        ] GC(905) Humongous regions: 2->2
[625.500s][info][gc,metaspace   ] GC(905) Metaspace: 84760K(85952K)->84760K(85952K) NonClass: 73831K(74496K)->73831K(74496K) Class: 10929K(11456K)->10929K(11456K)
[625.500s][info][gc             ] GC(905) Pause Young (Normal) (G1 Evacuation Pause) 159M->54M(180M) 2.589ms
[625.500s][info][gc,cpu         ] GC(905) User=0.00s Sys=0.00s Real=0.00s
[625.797s][info][gc,start       ] GC(906) Pause Young (Normal) (G1 Evacuation Pause)
[625.797s][info][gc,task        ] GC(906) Using 8 workers of 8 for evacuation
[625.800s][info][gc,phases      ] GC(906)   Pre Evacuate Collection Set: 0.1ms
[625.800s][info][gc,phases      ] GC(906)   Merge Heap Roots: 0.1ms
[625.800s][info][gc,phases      ] GC(906)   Evacuate Collection Set: 2.3ms
[625.800s][info][gc,phases      ] GC(906)   Post Evacuate Collection Set: 0.5ms
[625.800s][info][gc,phases      ] GC(906)   Other: 0.1ms
[625.800s][info][gc,heap        ] GC(906) Eden regions: 105->0(105)
[625.800s][info][gc,heap        ] GC(906) Survivor regions: 3->3(14)
[625.800s][info][gc,heap        ] GC(906) Old regions: 52->52
[625.800s][info][gc,heap        ] GC(906) Humongous regions: 2->2
[625.800s][info][gc,metaspace   ] GC(906) Metaspace: 84760K(85952K)->84760K(85952K) NonClass: 73831K(74496K)->73831K(74496K) Class: 10929K(11456K)->10929K(11456K)
[625.800s][info][gc             ] GC(906) Pause Young (Normal) (G1 Evacuation Pause) 159M->55M(180M) 3.814ms
[625.800s][info][gc,cpu         ] GC(906) User=0.00s Sys=0.00s Real=0.00s
[626.123s][info][gc,start       ] GC(907) Pause Young (Normal) (G1 Evacuation Pause)
[626.123s][info][gc,task        ] GC(907) Using 8 workers of 8 for evacuation
[626.126s][info][gc,phases      ] GC(907)   Pre Evacuate Collection Set: 0.1ms
[626.126s][info][gc,phases      ] GC(907)   Merge Heap Roots: 0.1ms
[626.126s][info][gc,phases      ] GC(907)   Evacuate Collection Set: 2.1ms
[626.126s][info][gc,phases      ] GC(907)   Post Evacuate Collection Set: 0.3ms
[626.126s][info][gc,phases      ] GC(907)   Other: 0.1ms
[626.126s][info][gc,heap        ] GC(907) Eden regions: 105->0(105)
[626.126s][info][gc,heap        ] GC(907) Survivor regions: 3->3(14)
[626.126s][info][gc,heap        ] GC(907) Old regions: 52->52
[626.126s][info][gc,heap        ] GC(907) Humongous regions: 2->2
[626.126s][info][gc,metaspace   ] GC(907) Metaspace: 84760K(85952K)->84760K(85952K) NonClass: 73831K(74496K)->73831K(74496K) Class: 10929K(11456K)->10929K(11456K)
[626.126s][info][gc             ] GC(907) Pause Young (Normal) (G1 Evacuation Pause) 160M->55M(180M) 3.124ms
[626.126s][info][gc,cpu         ] GC(907) User=0.00s Sys=0.00s Real=0.00s
[626.448s][info][gc,start       ] GC(908) Pause Young (Normal) (G1 Evacuation Pause)
[626.448s][info][gc,task        ] GC(908) Using 8 workers of 8 for evacuation
[626.453s][info][gc,phases      ] GC(908)   Pre Evacuate Collection Set: 0.1ms
[626.453s][info][gc,phases      ] GC(908)   Merge Heap Roots: 0.1ms
[626.453s][info][gc,phases      ] GC(908)   Evacuate Collection Set: 3.4ms
[626.453s][info][gc,phases      ] GC(908)   Post Evacuate Collection Set: 0.9ms
[626.453s][info][gc,phases      ] GC(908)   Other: 0.2ms
[626.453s][info][gc,heap        ] GC(908) Eden regions: 105->0(104)
[626.453s][info][gc,heap        ] GC(908) Survivor regions: 3->4(14)
[626.453s][info][gc,heap        ] GC(908) Old regions: 52->52
[626.453s][info][gc,heap        ] GC(908) Humongous regions: 2->2
[626.453s][info][gc,metaspace   ] GC(908) Metaspace: 84760K(85952K)->84760K(85952K) NonClass: 73831K(74496K)->73831K(74496K) Class: 10929K(11456K)->10929K(11456K)
[626.453s][info][gc             ] GC(908) Pause Young (Normal) (G1 Evacuation Pause) 160M->55M(180M) 5.317ms
[626.453s][info][gc,cpu         ] GC(908) User=0.08s Sys=0.00s Real=0.00s
[626.806s][info][gc,start       ] GC(909) Pause Young (Normal) (G1 Evacuation Pause)
[626.806s][info][gc,task        ] GC(909) Using 8 workers of 8 for evacuation
[626.809s][info][gc,phases      ] GC(909)   Pre Evacuate Collection Set: 0.1ms
[626.809s][info][gc,phases      ] GC(909)   Merge Heap Roots: 0.1ms
[626.809s][info][gc,phases      ] GC(909)   Evacuate Collection Set: 2.4ms
[626.809s][info][gc,phases      ] GC(909)   Post Evacuate Collection Set: 0.5ms
[626.809s][info][gc,phases      ] GC(909)   Other: 0.1ms
[626.809s][info][gc,heap        ] GC(909) Eden regions: 104->0(104)
[626.809s][info][gc,heap        ] GC(909) Survivor regions: 4->4(14)
[626.809s][info][gc,heap        ] GC(909) Old regions: 52->52
[626.809s][info][gc,heap        ] GC(909) Humongous regions: 2->2
[626.809s][info][gc,metaspace   ] GC(909) Metaspace: 84760K(85952K)->84760K(85952K) NonClass: 73831K(74496K)->73831K(74496K) Class: 10929K(11456K)->10929K(11456K)
[626.810s][info][gc             ] GC(909) Pause Young (Normal) (G1 Evacuation Pause) 159M->56M(180M) 3.684ms
[626.810s][info][gc,cpu         ] GC(909) User=0.00s Sys=0.02s Real=0.00s
[627.113s][info][gc,start       ] GC(910) Pause Young (Normal) (G1 Evacuation Pause)
[627.113s][info][gc,task        ] GC(910) Using 8 workers of 8 for evacuation
[627.117s][info][gc,phases      ] GC(910)   Pre Evacuate Collection Set: 0.1ms
[627.117s][info][gc,phases      ] GC(910)   Merge Heap Roots: 0.1ms
[627.117s][info][gc,phases      ] GC(910)   Evacuate Collection Set: 2.5ms
[627.117s][info][gc,phases      ] GC(910)   Post Evacuate Collection Set: 0.4ms
[627.117s][info][gc,phases      ] GC(910)   Other: 0.1ms
[627.117s][info][gc,heap        ] GC(910) Eden regions: 104->0(104)
[627.117s][info][gc,heap        ] GC(910) Survivor regions: 4->4(14)
[627.117s][info][gc,heap        ] GC(910) Old regions: 52->52
[627.117s][info][gc,heap        ] GC(910) Humongous regions: 2->2
[627.117s][info][gc,metaspace   ] GC(910) Metaspace: 84760K(85952K)->84760K(85952K) NonClass: 73831K(74496K)->73831K(74496K) Class: 10929K(11456K)->10929K(11456K)
[627.117s][info][gc             ] GC(910) Pause Young (Normal) (G1 Evacuation Pause) 160M->56M(180M) 3.638ms
[627.117s][info][gc,cpu         ] GC(910) User=0.00s Sys=0.00s Real=0.00s
[627.457s][info][gc,start       ] GC(911) Pause Young (Normal) (G1 Evacuation Pause)
[627.458s][info][gc,task        ] GC(911) Using 8 workers of 8 for evacuation
[627.462s][info][gc,phases      ] GC(911)   Pre Evacuate Collection Set: 0.1ms
[627.462s][info][gc,phases      ] GC(911)   Merge Heap Roots: 0.1ms
[627.462s][info][gc,phases      ] GC(911)   Evacuate Collection Set: 3.2ms
[627.462s][info][gc,phases      ] GC(911)   Post Evacuate Collection Set: 0.5ms
[627.462s][info][gc,phases      ] GC(911)   Other: 0.1ms
[627.462s][info][gc,heap        ] GC(911) Eden regions: 104->0(103)
[627.462s][info][gc,heap        ] GC(911) Survivor regions: 4->5(14)
[627.462s][info][gc,heap        ] GC(911) Old regions: 52->52
[627.462s][info][gc,heap        ] GC(911) Humongous regions: 2->2
[627.462s][info][gc,metaspace   ] GC(911) Metaspace: 84760K(85952K)->84760K(85952K) NonClass: 73831K(74496K)->73831K(74496K) Class: 10929K(11456K)->10929K(11456K)
[627.462s][info][gc             ] GC(911) Pause Young (Normal) (G1 Evacuation Pause) 160M->56M(180M) 4.637ms
[627.462s][info][gc,cpu         ] GC(911) User=0.00s Sys=0.00s Real=0.00s
[627.814s][info][gc,start       ] GC(912) Pause Young (Normal) (G1 Evacuation Pause)
[627.814s][info][gc,task        ] GC(912) Using 8 workers of 8 for evacuation
[627.818s][info][gc,phases      ] GC(912)   Pre Evacuate Collection Set: 0.1ms
[627.818s][info][gc,phases      ] GC(912)   Merge Heap Roots: 0.1ms
[627.818s][info][gc,phases      ] GC(912)   Evacuate Collection Set: 3.2ms
[627.818s][info][gc,phases      ] GC(912)   Post Evacuate Collection Set: 0.5ms
[627.818s][info][gc,phases      ] GC(912)   Other: 0.1ms
[627.818s][info][gc,heap        ] GC(912) Eden regions: 103->0(103)
[627.818s][info][gc,heap        ] GC(912) Survivor regions: 5->5(14)
[627.818s][info][gc,heap        ] GC(912) Old regions: 52->52
[627.818s][info][gc,heap        ] GC(912) Humongous regions: 2->2
[627.818s][info][gc,metaspace   ] GC(912) Metaspace: 84760K(85952K)->84760K(85952K) NonClass: 73831K(74496K)->73831K(74496K) Class: 10929K(11456K)->10929K(11456K)
[627.818s][info][gc             ] GC(912) Pause Young (Normal) (G1 Evacuation Pause) 159M->56M(180M) 4.518ms
[627.818s][info][gc,cpu         ] GC(912) User=0.00s Sys=0.00s Real=0.00s
[628.197s][info][gc,start       ] GC(913) Pause Young (Normal) (G1 Evacuation Pause)
[628.197s][info][gc,task        ] GC(913) Using 8 workers of 8 for evacuation
[628.202s][info][gc,phases      ] GC(913)   Pre Evacuate Collection Set: 0.2ms
[628.202s][info][gc,phases      ] GC(913)   Merge Heap Roots: 0.1ms
[628.202s][info][gc,phases      ] GC(913)   Evacuate Collection Set: 4.1ms
[628.202s][info][gc,phases      ] GC(913)   Post Evacuate Collection Set: 0.6ms
[628.202s][info][gc,phases      ] GC(913)   Other: 0.1ms
[628.202s][info][gc,heap        ] GC(913) Eden regions: 103->0(103)
[628.202s][info][gc,heap        ] GC(913) Survivor regions: 5->5(14)
[628.202s][info][gc,heap        ] GC(913) Old regions: 52->52
[628.202s][info][gc,heap        ] GC(913) Humongous regions: 2->2
[628.203s][info][gc,metaspace   ] GC(913) Metaspace: 84760K(85952K)->84760K(85952K) NonClass: 73831K(74496K)->73831K(74496K) Class: 10929K(11456K)->10929K(11456K)
[628.203s][info][gc             ] GC(913) Pause Young (Normal) (G1 Evacuation Pause) 159M->57M(180M) 5.917ms
[628.203s][info][gc,cpu         ] GC(913) User=0.09s Sys=0.00s Real=0.01s
[628.617s][info][gc,start       ] GC(914) Pause Young (Normal) (G1 Evacuation Pause)
[628.617s][info][gc,task        ] GC(914) Using 8 workers of 8 for evacuation
[628.622s][info][gc,phases      ] GC(914)   Pre Evacuate Collection Set: 0.1ms
[628.622s][info][gc,phases      ] GC(914)   Merge Heap Roots: 0.1ms
[628.622s][info][gc,phases      ] GC(914)   Evacuate Collection Set: 4.2ms
[628.622s][info][gc,phases      ] GC(914)   Post Evacuate Collection Set: 0.6ms
[628.622s][info][gc,phases      ] GC(914)   Other: 0.1ms
[628.622s][info][gc,heap        ] GC(914) Eden regions: 103->0(103)
[628.622s][info][gc,heap        ] GC(914) Survivor regions: 5->5(14)
[628.622s][info][gc,heap        ] GC(914) Old regions: 52->52
[628.622s][info][gc,heap        ] GC(914) Humongous regions: 2->2
[628.623s][info][gc,metaspace   ] GC(914) Metaspace: 84760K(85952K)->84760K(85952K) NonClass: 73831K(74496K)->73831K(74496K) Class: 10929K(11456K)->10929K(11456K)
[628.623s][info][gc             ] GC(914) Pause Young (Normal) (G1 Evacuation Pause) 160M->57M(180M) 5.600ms
[628.623s][info][gc,cpu         ] GC(914) User=0.00s Sys=0.03s Real=0.01s
[628.999s][info][gc,start       ] GC(915) Pause Young (Normal) (G1 Evacuation Pause)
[628.999s][info][gc,task        ] GC(915) Using 8 workers of 8 for evacuation
[629.004s][info][gc,phases      ] GC(915)   Pre Evacuate Collection Set: 0.1ms
[629.004s][info][gc,phases      ] GC(915)   Merge Heap Roots: 0.1ms
[629.004s][info][gc,phases      ] GC(915)   Evacuate Collection Set: 3.6ms
[629.004s][info][gc,phases      ] GC(915)   Post Evacuate Collection Set: 0.9ms
[629.005s][info][gc,phases      ] GC(915)   Other: 0.2ms
[629.005s][info][gc,heap        ] GC(915) Eden regions: 103->0(103)
[629.005s][info][gc,heap        ] GC(915) Survivor regions: 5->5(14)
[629.005s][info][gc,heap        ] GC(915) Old regions: 52->53
[629.005s][info][gc,heap        ] GC(915) Humongous regions: 2->2
[629.005s][info][gc,metaspace   ] GC(915) Metaspace: 84760K(85952K)->84760K(85952K) NonClass: 73831K(74496K)->73831K(74496K) Class: 10929K(11456K)->10929K(11456K)
[629.005s][info][gc             ] GC(915) Pause Young (Normal) (G1 Evacuation Pause) 160M->57M(180M) 5.904ms
[629.005s][info][gc,cpu         ] GC(915) User=0.00s Sys=0.00s Real=0.01s
[629.394s][info][gc,start       ] GC(916) Pause Young (Normal) (G1 Evacuation Pause)
[629.394s][info][gc,task        ] GC(916) Using 8 workers of 8 for evacuation
[629.399s][info][gc,phases      ] GC(916)   Pre Evacuate Collection Set: 0.2ms
[629.399s][info][gc,phases      ] GC(916)   Merge Heap Roots: 0.1ms
[629.399s][info][gc,phases      ] GC(916)   Evacuate Collection Set: 4.4ms
[629.399s][info][gc,phases      ] GC(916)   Post Evacuate Collection Set: 0.6ms
[629.400s][info][gc,phases      ] GC(916)   Other: 0.1ms
[629.400s][info][gc,heap        ] GC(916) Eden regions: 103->0(103)
[629.400s][info][gc,heap        ] GC(916) Survivor regions: 5->5(14)
[629.400s][info][gc,heap        ] GC(916) Old regions: 53->53
[629.400s][info][gc,heap        ] GC(916) Humongous regions: 2->2
[629.400s][info][gc,metaspace   ] GC(916) Metaspace: 84760K(85952K)->84760K(85952K) NonClass: 73831K(74496K)->73831K(74496K) Class: 10929K(11456K)->10929K(11456K)
[629.400s][info][gc             ] GC(916) Pause Young (Normal) (G1 Evacuation Pause) 160M->58M(180M) 5.947ms
[629.400s][info][gc,cpu         ] GC(916) User=0.00s Sys=0.00s Real=0.01s
[629.817s][info][gc,start       ] GC(917) Pause Young (Normal) (G1 Evacuation Pause)
[629.817s][info][gc,task        ] GC(917) Using 8 workers of 8 for evacuation
[629.822s][info][gc,phases      ] GC(917)   Pre Evacuate Collection Set: 0.2ms
[629.822s][info][gc,phases      ] GC(917)   Merge Heap Roots: 0.1ms
[629.822s][info][gc,phases      ] GC(917)   Evacuate Collection Set: 4.0ms
[629.822s][info][gc,phases      ] GC(917)   Post Evacuate Collection Set: 1.1ms
[629.822s][info][gc,phases      ] GC(917)   Other: 0.1ms
[629.822s][info][gc,heap        ] GC(917) Eden regions: 103->0(103)
[629.823s][info][gc,heap        ] GC(917) Survivor regions: 5->5(14)
[629.823s][info][gc,heap        ] GC(917) Old regions: 53->54
[629.823s][info][gc,heap        ] GC(917) Humongous regions: 2->2
[629.823s][info][gc,metaspace   ] GC(917) Metaspace: 84760K(85952K)->84760K(85952K) NonClass: 73831K(74496K)->73831K(74496K) Class: 10929K(11456K)->10929K(11456K)
[629.823s][info][gc             ] GC(917) Pause Young (Normal) (G1 Evacuation Pause) 161M->58M(180M) 6.281ms
[629.823s][info][gc,cpu         ] GC(917) User=0.00s Sys=0.00s Real=0.01s
[630.214s][info][gc,start       ] GC(918) Pause Young (Normal) (G1 Evacuation Pause)
[630.214s][info][gc,task        ] GC(918) Using 8 workers of 8 for evacuation
[630.218s][info][gc,phases      ] GC(918)   Pre Evacuate Collection Set: 0.1ms
[630.218s][info][gc,phases      ] GC(918)   Merge Heap Roots: 0.1ms
[630.218s][info][gc,phases      ] GC(918)   Evacuate Collection Set: 3.2ms
[630.218s][info][gc,phases      ] GC(918)   Post Evacuate Collection Set: 0.5ms
[630.218s][info][gc,phases      ] GC(918)   Other: 0.1ms
[630.218s][info][gc,heap        ] GC(918) Eden regions: 103->0(103)
[630.218s][info][gc,heap        ] GC(918) Survivor regions: 5->5(14)
[630.219s][info][gc,heap        ] GC(918) Old regions: 54->54
[630.219s][info][gc,heap        ] GC(918) Humongous regions: 2->2
[630.219s][info][gc,metaspace   ] GC(918) Metaspace: 84760K(85952K)->84760K(85952K) NonClass: 73831K(74496K)->73831K(74496K) Class: 10929K(11456K)->10929K(11456K)
[630.219s][info][gc             ] GC(918) Pause Young (Normal) (G1 Evacuation Pause) 161M->58M(180M) 4.500ms
[630.219s][info][gc,cpu         ] GC(918) User=0.12s Sys=0.00s Real=0.01s
[635.547s][info][gc,start       ] GC(919) Pause Young (Normal) (G1 Evacuation Pause)
[635.547s][info][gc,task        ] GC(919) Using 8 workers of 8 for evacuation
[635.549s][info][gc,phases      ] GC(919)   Pre Evacuate Collection Set: 0.1ms
[635.549s][info][gc,phases      ] GC(919)   Merge Heap Roots: 0.1ms
[635.549s][info][gc,phases      ] GC(919)   Evacuate Collection Set: 0.8ms
[635.549s][info][gc,phases      ] GC(919)   Post Evacuate Collection Set: 0.5ms
[635.549s][info][gc,phases      ] GC(919)   Other: 0.1ms
[635.549s][info][gc,heap        ] GC(919) Eden regions: 103->0(106)
[635.549s][info][gc,heap        ] GC(919) Survivor regions: 5->2(14)
[635.549s][info][gc,heap        ] GC(919) Old regions: 54->54
[635.549s][info][gc,heap        ] GC(919) Humongous regions: 2->2
[635.549s][info][gc,metaspace   ] GC(919) Metaspace: 84776K(85952K)->84776K(85952K) NonClass: 73845K(74496K)->73845K(74496K) Class: 10930K(11456K)->10930K(11456K)
[635.549s][info][gc             ] GC(919) Pause Young (Normal) (G1 Evacuation Pause) 161M->55M(180M) 1.991ms
[635.549s][info][gc,cpu         ] GC(919) User=0.00s Sys=0.00s Real=0.00s
[635.854s][info][gc,start       ] GC(920) Pause Young (Normal) (G1 Evacuation Pause)
[635.854s][info][gc,task        ] GC(920) Using 8 workers of 8 for evacuation
[635.856s][info][gc,phases      ] GC(920)   Pre Evacuate Collection Set: 0.1ms
[635.856s][info][gc,phases      ] GC(920)   Merge Heap Roots: 0.1ms
[635.856s][info][gc,phases      ] GC(920)   Evacuate Collection Set: 1.1ms
[635.856s][info][gc,phases      ] GC(920)   Post Evacuate Collection Set: 0.4ms
[635.856s][info][gc,phases      ] GC(920)   Other: 0.1ms
[635.856s][info][gc,heap        ] GC(920) Eden regions: 106->0(106)
[635.856s][info][gc,heap        ] GC(920) Survivor regions: 2->2(14)
[635.856s][info][gc,heap        ] GC(920) Old regions: 54->54
[635.856s][info][gc,heap        ] GC(920) Humongous regions: 2->2
[635.856s][info][gc,metaspace   ] GC(920) Metaspace: 84776K(85952K)->84776K(85952K) NonClass: 73845K(74496K)->73845K(74496K) Class: 10930K(11456K)->10930K(11456K)
[635.856s][info][gc             ] GC(920) Pause Young (Normal) (G1 Evacuation Pause) 161M->55M(180M) 2.213ms
[635.856s][info][gc,cpu         ] GC(920) User=0.00s Sys=0.00s Real=0.00s
[636.189s][info][gc,start       ] GC(921) Pause Young (Normal) (G1 Evacuation Pause)
[636.189s][info][gc,task        ] GC(921) Using 8 workers of 8 for evacuation
[636.191s][info][gc,phases      ] GC(921)   Pre Evacuate Collection Set: 0.2ms
[636.191s][info][gc,phases      ] GC(921)   Merge Heap Roots: 0.1ms
[636.191s][info][gc,phases      ] GC(921)   Evacuate Collection Set: 1.5ms
[636.191s][info][gc,phases      ] GC(921)   Post Evacuate Collection Set: 0.5ms
[636.191s][info][gc,phases      ] GC(921)   Other: 0.1ms
[636.191s][info][gc,heap        ] GC(921) Eden regions: 106->0(106)
[636.191s][info][gc,heap        ] GC(921) Survivor regions: 2->2(14)
[636.191s][info][gc,heap        ] GC(921) Old regions: 54->54
[636.191s][info][gc,heap        ] GC(921) Humongous regions: 2->2
[636.191s][info][gc,metaspace   ] GC(921) Metaspace: 84776K(85952K)->84776K(85952K) NonClass: 73845K(74496K)->73845K(74496K) Class: 10930K(11456K)->10930K(11456K)
[636.191s][info][gc             ] GC(921) Pause Young (Normal) (G1 Evacuation Pause) 161M->55M(180M) 2.877ms
[636.192s][info][gc,cpu         ] GC(921) User=0.00s Sys=0.00s Real=0.00s
[636.508s][info][gc,start       ] GC(922) Pause Young (Normal) (G1 Evacuation Pause)
[636.508s][info][gc,task        ] GC(922) Using 8 workers of 8 for evacuation
[636.512s][info][gc,phases      ] GC(922)   Pre Evacuate Collection Set: 0.1ms
[636.512s][info][gc,phases      ] GC(922)   Merge Heap Roots: 0.1ms
[636.512s][info][gc,phases      ] GC(922)   Evacuate Collection Set: 2.0ms
[636.512s][info][gc,phases      ] GC(922)   Post Evacuate Collection Set: 1.1ms
[636.512s][info][gc,phases      ] GC(922)   Other: 0.2ms
[636.512s][info][gc,heap        ] GC(922) Eden regions: 106->0(106)
[636.512s][info][gc,heap        ] GC(922) Survivor regions: 2->2(14)
[636.512s][info][gc,heap        ] GC(922) Old regions: 54->54
[636.512s][info][gc,heap        ] GC(922) Humongous regions: 2->2
[636.513s][info][gc,metaspace   ] GC(922) Metaspace: 84776K(85952K)->84776K(85952K) NonClass: 73845K(74496K)->73845K(74496K) Class: 10930K(11456K)->10930K(11456K)
[636.513s][info][gc             ] GC(922) Pause Young (Normal) (G1 Evacuation Pause) 161M->55M(180M) 4.342ms
[636.513s][info][gc,cpu         ] GC(922) User=0.02s Sys=0.00s Real=0.00s
[636.848s][info][gc,start       ] GC(923) Pause Young (Normal) (G1 Evacuation Pause)
[636.848s][info][gc,task        ] GC(923) Using 8 workers of 8 for evacuation
[636.851s][info][gc,phases      ] GC(923)   Pre Evacuate Collection Set: 0.1ms
[636.851s][info][gc,phases      ] GC(923)   Merge Heap Roots: 0.1ms
[636.851s][info][gc,phases      ] GC(923)   Evacuate Collection Set: 2.0ms
[636.851s][info][gc,phases      ] GC(923)   Post Evacuate Collection Set: 0.6ms
[636.851s][info][gc,phases      ] GC(923)   Other: 0.1ms
[636.851s][info][gc,heap        ] GC(923) Eden regions: 106->0(105)
[636.851s][info][gc,heap        ] GC(923) Survivor regions: 2->3(14)
[636.851s][info][gc,heap        ] GC(923) Old regions: 54->54
[636.851s][info][gc,heap        ] GC(923) Humongous regions: 2->2
[636.851s][info][gc,metaspace   ] GC(923) Metaspace: 84776K(85952K)->84776K(85952K) NonClass: 73845K(74496K)->73845K(74496K) Class: 10930K(11456K)->10930K(11456K)
[636.851s][info][gc             ] GC(923) Pause Young (Normal) (G1 Evacuation Pause) 161M->56M(180M) 3.255ms
[636.851s][info][gc,cpu         ] GC(923) User=0.00s Sys=0.00s Real=0.00s
[637.193s][info][gc,start       ] GC(924) Pause Young (Normal) (G1 Evacuation Pause)
[637.194s][info][gc,task        ] GC(924) Using 8 workers of 8 for evacuation
[637.197s][info][gc,phases      ] GC(924)   Pre Evacuate Collection Set: 0.2ms
[637.197s][info][gc,phases      ] GC(924)   Merge Heap Roots: 0.1ms
[637.197s][info][gc,phases      ] GC(924)   Evacuate Collection Set: 2.6ms
[637.197s][info][gc,phases      ] GC(924)   Post Evacuate Collection Set: 0.6ms
[637.197s][info][gc,phases      ] GC(924)   Other: 0.1ms
[637.197s][info][gc,heap        ] GC(924) Eden regions: 105->0(105)
[637.197s][info][gc,heap        ] GC(924) Survivor regions: 3->3(14)
[637.197s][info][gc,heap        ] GC(924) Old regions: 54->54
[637.197s][info][gc,heap        ] GC(924) Humongous regions: 2->2
[637.197s][info][gc,metaspace   ] GC(924) Metaspace: 84776K(85952K)->84776K(85952K) NonClass: 73845K(74496K)->73845K(74496K) Class: 10930K(11456K)->10930K(11456K)
[637.198s][info][gc             ] GC(924) Pause Young (Normal) (G1 Evacuation Pause) 161M->56M(180M) 4.170ms
[637.198s][info][gc,cpu         ] GC(924) User=0.00s Sys=0.00s Real=0.00s
[637.539s][info][gc,start       ] GC(925) Pause Young (Normal) (G1 Evacuation Pause)
[637.539s][info][gc,task        ] GC(925) Using 8 workers of 8 for evacuation
[637.542s][info][gc,phases      ] GC(925)   Pre Evacuate Collection Set: 0.1ms
[637.542s][info][gc,phases      ] GC(925)   Merge Heap Roots: 0.1ms
[637.542s][info][gc,phases      ] GC(925)   Evacuate Collection Set: 2.2ms
[637.542s][info][gc,phases      ] GC(925)   Post Evacuate Collection Set: 0.4ms
[637.543s][info][gc,phases      ] GC(925)   Other: 0.1ms
[637.543s][info][gc,heap        ] GC(925) Eden regions: 105->0(105)
[637.543s][info][gc,heap        ] GC(925) Survivor regions: 3->3(14)
[637.543s][info][gc,heap        ] GC(925) Old regions: 54->54
[637.543s][info][gc,heap        ] GC(925) Humongous regions: 2->2
[637.543s][info][gc,metaspace   ] GC(925) Metaspace: 84776K(85952K)->84776K(85952K) NonClass: 73845K(74496K)->73845K(74496K) Class: 10930K(11456K)->10930K(11456K)
[637.543s][info][gc             ] GC(925) Pause Young (Normal) (G1 Evacuation Pause) 161M->56M(180M) 3.618ms
[637.543s][info][gc,cpu         ] GC(925) User=0.00s Sys=0.00s Real=0.00s
[637.873s][info][gc,start       ] GC(926) Pause Young (Normal) (G1 Evacuation Pause)
[637.873s][info][gc,task        ] GC(926) Using 8 workers of 8 for evacuation
[637.876s][info][gc,phases      ] GC(926)   Pre Evacuate Collection Set: 0.1ms
[637.876s][info][gc,phases      ] GC(926)   Merge Heap Roots: 0.1ms
[637.876s][info][gc,phases      ] GC(926)   Evacuate Collection Set: 2.1ms
[637.876s][info][gc,phases      ] GC(926)   Post Evacuate Collection Set: 0.5ms
[637.876s][info][gc,phases      ] GC(926)   Other: 0.1ms
[637.876s][info][gc,heap        ] GC(926) Eden regions: 105->0(105)
[637.876s][info][gc,heap        ] GC(926) Survivor regions: 3->3(14)
[637.876s][info][gc,heap        ] GC(926) Old regions: 54->54
[637.876s][info][gc,heap        ] GC(926) Humongous regions: 2->2
[637.876s][info][gc,metaspace   ] GC(926) Metaspace: 84776K(85952K)->84776K(85952K) NonClass: 73845K(74496K)->73845K(74496K) Class: 10930K(11456K)->10930K(11456K)
[637.876s][info][gc             ] GC(926) Pause Young (Normal) (G1 Evacuation Pause) 161M->57M(180M) 3.421ms
[637.876s][info][gc,cpu         ] GC(926) User=0.00s Sys=0.00s Real=0.00s
[638.244s][info][gc,start       ] GC(927) Pause Young (Normal) (G1 Evacuation Pause)
[638.244s][info][gc,task        ] GC(927) Using 8 workers of 8 for evacuation
[638.248s][info][gc,phases      ] GC(927)   Pre Evacuate Collection Set: 0.1ms
[638.248s][info][gc,phases      ] GC(927)   Merge Heap Roots: 0.1ms
[638.248s][info][gc,phases      ] GC(927)   Evacuate Collection Set: 3.4ms
[638.248s][info][gc,phases      ] GC(927)   Post Evacuate Collection Set: 0.7ms
[638.248s][info][gc,phases      ] GC(927)   Other: 0.1ms
[638.249s][info][gc,heap        ] GC(927) Eden regions: 105->0(104)
[638.249s][info][gc,heap        ] GC(927) Survivor regions: 3->4(14)
[638.249s][info][gc,heap        ] GC(927) Old regions: 54->54
[638.249s][info][gc,heap        ] GC(927) Humongous regions: 2->2
[638.249s][info][gc,metaspace   ] GC(927) Metaspace: 84776K(85952K)->84776K(85952K) NonClass: 73845K(74496K)->73845K(74496K) Class: 10930K(11456K)->10930K(11456K)
[638.249s][info][gc             ] GC(927) Pause Young (Normal) (G1 Evacuation Pause) 162M->57M(180M) 4.842ms
[638.249s][info][gc,cpu         ] GC(927) User=0.08s Sys=0.00s Real=0.00s
[638.643s][info][gc,start       ] GC(928) Pause Young (Normal) (G1 Evacuation Pause)
[638.643s][info][gc,task        ] GC(928) Using 8 workers of 8 for evacuation
[638.648s][info][gc,phases      ] GC(928)   Pre Evacuate Collection Set: 0.2ms
[638.649s][info][gc,phases      ] GC(928)   Merge Heap Roots: 0.1ms
[638.649s][info][gc,phases      ] GC(928)   Evacuate Collection Set: 4.0ms
[638.649s][info][gc,phases      ] GC(928)   Post Evacuate Collection Set: 0.7ms
[638.649s][info][gc,phases      ] GC(928)   Other: 0.1ms
[638.649s][info][gc,heap        ] GC(928) Eden regions: 104->0(104)
[638.649s][info][gc,heap        ] GC(928) Survivor regions: 4->4(14)
[638.649s][info][gc,heap        ] GC(928) Old regions: 54->54
[638.649s][info][gc,heap        ] GC(928) Humongous regions: 2->2
[638.649s][info][gc,metaspace   ] GC(928) Metaspace: 84776K(85952K)->84776K(85952K) NonClass: 73845K(74496K)->73845K(74496K) Class: 10930K(11456K)->10930K(11456K)
[638.649s][info][gc             ] GC(928) Pause Young (Normal) (G1 Evacuation Pause) 161M->58M(180M) 5.787ms
[638.649s][info][gc,cpu         ] GC(928) User=0.00s Sys=0.00s Real=0.01s
[639.079s][info][gc,start       ] GC(929) Pause Young (Normal) (G1 Evacuation Pause)
[639.079s][info][gc,task        ] GC(929) Using 8 workers of 8 for evacuation
[639.085s][info][gc,phases      ] GC(929)   Pre Evacuate Collection Set: 0.2ms
[639.085s][info][gc,phases      ] GC(929)   Merge Heap Roots: 0.1ms
[639.085s][info][gc,phases      ] GC(929)   Evacuate Collection Set: 4.6ms
[639.085s][info][gc,phases      ] GC(929)   Post Evacuate Collection Set: 0.7ms
[639.085s][info][gc,phases      ] GC(929)   Other: 0.2ms
[639.085s][info][gc,heap        ] GC(929) Eden regions: 104->0(104)
[639.085s][info][gc,heap        ] GC(929) Survivor regions: 4->4(14)
[639.085s][info][gc,heap        ] GC(929) Old regions: 54->54
[639.085s][info][gc,heap        ] GC(929) Humongous regions: 2->2
[639.085s][info][gc,metaspace   ] GC(929) Metaspace: 84776K(85952K)->84776K(85952K) NonClass: 73845K(74496K)->73845K(74496K) Class: 10930K(11456K)->10930K(11456K)
[639.086s][info][gc             ] GC(929) Pause Young (Normal) (G1 Evacuation Pause) 162M->58M(180M) 6.543ms
[639.086s][info][gc,cpu         ] GC(929) User=0.00s Sys=0.00s Real=0.01s
[639.577s][info][gc,start       ] GC(930) Pause Young (Normal) (G1 Evacuation Pause)
[639.577s][info][gc,task        ] GC(930) Using 8 workers of 8 for evacuation
[639.583s][info][gc,phases      ] GC(930)   Pre Evacuate Collection Set: 0.2ms
[639.583s][info][gc,phases      ] GC(930)   Merge Heap Roots: 0.1ms
[639.583s][info][gc,phases      ] GC(930)   Evacuate Collection Set: 4.2ms
[639.583s][info][gc,phases      ] GC(930)   Post Evacuate Collection Set: 0.8ms
[639.583s][info][gc,phases      ] GC(930)   Other: 0.2ms
[639.583s][info][gc,heap        ] GC(930) Eden regions: 104->0(103)
[639.583s][info][gc,heap        ] GC(930) Survivor regions: 4->5(14)
[639.583s][info][gc,heap        ] GC(930) Old regions: 54->54
[639.583s][info][gc,heap        ] GC(930) Humongous regions: 2->2
[639.584s][info][gc,metaspace   ] GC(930) Metaspace: 84776K(85952K)->84776K(85952K) NonClass: 73845K(74496K)->73845K(74496K) Class: 10930K(11456K)->10930K(11456K)
[639.584s][info][gc             ] GC(930) Pause Young (Normal) (G1 Evacuation Pause) 162M->58M(180M) 6.412ms
[639.584s][info][gc,cpu         ] GC(930) User=0.00s Sys=0.00s Real=0.01s
[640.007s][info][gc,start       ] GC(931) Pause Young (Normal) (G1 Evacuation Pause)
[640.007s][info][gc,task        ] GC(931) Using 8 workers of 8 for evacuation
[640.013s][info][gc,phases      ] GC(931)   Pre Evacuate Collection Set: 0.2ms
[640.013s][info][gc,phases      ] GC(931)   Merge Heap Roots: 0.1ms
[640.013s][info][gc,phases      ] GC(931)   Evacuate Collection Set: 4.4ms
[640.013s][info][gc,phases      ] GC(931)   Post Evacuate Collection Set: 0.6ms
[640.013s][info][gc,phases      ] GC(931)   Other: 0.1ms
[640.013s][info][gc,heap        ] GC(931) Eden regions: 103->0(103)
[640.013s][info][gc,heap        ] GC(931) Survivor regions: 5->5(14)
[640.013s][info][gc,heap        ] GC(931) Old regions: 54->54
[640.014s][info][gc,heap        ] GC(931) Humongous regions: 2->2
[640.014s][info][gc,metaspace   ] GC(931) Metaspace: 84776K(85952K)->84776K(85952K) NonClass: 73845K(74496K)->73845K(74496K) Class: 10930K(11456K)->10930K(11456K)
[640.014s][info][gc             ] GC(931) Pause Young (Normal) (G1 Evacuation Pause) 161M->59M(180M) 6.332ms
[640.014s][info][gc,cpu         ] GC(931) User=0.00s Sys=0.02s Real=0.01s
[640.460s][info][gc,start       ] GC(932) Pause Young (Normal) (G1 Evacuation Pause)
[640.460s][info][gc,task        ] GC(932) Using 8 workers of 8 for evacuation
[640.466s][info][gc,phases      ] GC(932)   Pre Evacuate Collection Set: 0.1ms
[640.466s][info][gc,phases      ] GC(932)   Merge Heap Roots: 0.1ms
[640.466s][info][gc,phases      ] GC(932)   Evacuate Collection Set: 4.1ms
[640.466s][info][gc,phases      ] GC(932)   Post Evacuate Collection Set: 1.1ms
[640.466s][info][gc,phases      ] GC(932)   Other: 0.2ms
[640.466s][info][gc,heap        ] GC(932) Eden regions: 103->0(103)
[640.466s][info][gc,heap        ] GC(932) Survivor regions: 5->5(14)
[640.466s][info][gc,heap        ] GC(932) Old regions: 54->54
[640.467s][info][gc,heap        ] GC(932) Humongous regions: 2->2
[640.467s][info][gc,metaspace   ] GC(932) Metaspace: 84776K(85952K)->84776K(85952K) NonClass: 73845K(74496K)->73845K(74496K) Class: 10930K(11456K)->10930K(11456K)
[640.467s][info][gc             ] GC(932) Pause Young (Normal) (G1 Evacuation Pause) 162M->59M(180M) 6.392ms
[640.467s][info][gc,cpu         ] GC(932) User=0.00s Sys=0.02s Real=0.01s
[640.912s][info][gc,start       ] GC(933) Pause Young (Normal) (G1 Evacuation Pause)
[640.912s][info][gc,task        ] GC(933) Using 8 workers of 8 for evacuation
[640.918s][info][gc,phases      ] GC(933)   Pre Evacuate Collection Set: 0.1ms
[640.918s][info][gc,phases      ] GC(933)   Merge Heap Roots: 0.1ms
[640.918s][info][gc,phases      ] GC(933)   Evacuate Collection Set: 4.7ms
[640.918s][info][gc,phases      ] GC(933)   Post Evacuate Collection Set: 0.8ms
[640.918s][info][gc,phases      ] GC(933)   Other: 0.1ms
[640.919s][info][gc,heap        ] GC(933) Eden regions: 103->0(102)
[640.919s][info][gc,heap        ] GC(933) Survivor regions: 5->6(14)
[640.919s][info][gc,heap        ] GC(933) Old regions: 54->54
[640.919s][info][gc,heap        ] GC(933) Humongous regions: 2->2
[640.919s][info][gc,metaspace   ] GC(933) Metaspace: 84776K(85952K)->84776K(85952K) NonClass: 73845K(74496K)->73845K(74496K) Class: 10930K(11456K)->10930K(11456K)
[640.919s][info][gc             ] GC(933) Pause Young (Normal) (G1 Evacuation Pause) 162M->59M(180M) 6.611ms
[640.919s][info][gc,cpu         ] GC(933) User=0.00s Sys=0.02s Real=0.01s
[641.410s][info][gc,start       ] GC(934) Pause Young (Normal) (G1 Evacuation Pause)
[641.410s][info][gc,task        ] GC(934) Using 8 workers of 8 for evacuation
[641.415s][info][gc,phases      ] GC(934)   Pre Evacuate Collection Set: 0.1ms
[641.415s][info][gc,phases      ] GC(934)   Merge Heap Roots: 0.1ms
[641.415s][info][gc,phases      ] GC(934)   Evacuate Collection Set: 4.3ms
[641.415s][info][gc,phases      ] GC(934)   Post Evacuate Collection Set: 0.6ms
[641.415s][info][gc,phases      ] GC(934)   Other: 0.1ms
[641.415s][info][gc,heap        ] GC(934) Eden regions: 102->0(103)
[641.415s][info][gc,heap        ] GC(934) Survivor regions: 6->5(14)
[641.415s][info][gc,heap        ] GC(934) Old regions: 54->55
[641.415s][info][gc,heap        ] GC(934) Humongous regions: 2->2
[641.415s][info][gc,metaspace   ] GC(934) Metaspace: 84776K(85952K)->84776K(85952K) NonClass: 73845K(74496K)->73845K(74496K) Class: 10930K(11456K)->10930K(11456K)
[641.416s][info][gc             ] GC(934) Pause Young (Normal) (G1 Evacuation Pause) 161M->59M(180M) 6.132ms
[641.416s][info][gc,cpu         ] GC(934) User=0.00s Sys=0.00s Real=0.01s
[641.855s][info][gc,start       ] GC(935) Pause Young (Normal) (G1 Evacuation Pause)
[641.855s][info][gc,task        ] GC(935) Using 8 workers of 8 for evacuation
[641.860s][info][gc,phases      ] GC(935)   Pre Evacuate Collection Set: 0.2ms
[641.860s][info][gc,phases      ] GC(935)   Merge Heap Roots: 0.1ms
[641.860s][info][gc,phases      ] GC(935)   Evacuate Collection Set: 3.7ms
[641.860s][info][gc,phases      ] GC(935)   Post Evacuate Collection Set: 0.6ms
[641.860s][info][gc,phases      ] GC(935)   Other: 0.1ms
[641.860s][info][gc,heap        ] GC(935) Eden regions: 103->0(103)
[641.860s][info][gc,heap        ] GC(935) Survivor regions: 5->5(14)
[641.860s][info][gc,heap        ] GC(935) Old regions: 55->55
[641.860s][info][gc,heap        ] GC(935) Humongous regions: 2->2
[641.860s][info][gc,metaspace   ] GC(935) Metaspace: 84776K(85952K)->84776K(85952K) NonClass: 73845K(74496K)->73845K(74496K) Class: 10930K(11456K)->10930K(11456K)
[641.860s][info][gc             ] GC(935) Pause Young (Normal) (G1 Evacuation Pause) 162M->60M(180M) 5.221ms
[641.860s][info][gc,cpu         ] GC(935) User=0.11s Sys=0.00s Real=0.00s
[642.296s][info][gc,start       ] GC(936) Pause Young (Normal) (G1 Evacuation Pause)
[642.296s][info][gc,task        ] GC(936) Using 8 workers of 8 for evacuation
[642.301s][info][gc,phases      ] GC(936)   Pre Evacuate Collection Set: 0.1ms
[642.301s][info][gc,phases      ] GC(936)   Merge Heap Roots: 0.1ms
[642.301s][info][gc,phases      ] GC(936)   Evacuate Collection Set: 3.8ms
[642.301s][info][gc,phases      ] GC(936)   Post Evacuate Collection Set: 1.0ms
[642.301s][info][gc,phases      ] GC(936)   Other: 0.2ms
[642.301s][info][gc,heap        ] GC(936) Eden regions: 103->0(103)
[642.301s][info][gc,heap        ] GC(936) Survivor regions: 5->5(14)
[642.301s][info][gc,heap        ] GC(936) Old regions: 55->56
[642.301s][info][gc,heap        ] GC(936) Humongous regions: 2->2
[642.301s][info][gc,metaspace   ] GC(936) Metaspace: 84776K(85952K)->84776K(85952K) NonClass: 73845K(74496K)->73845K(74496K) Class: 10930K(11456K)->10930K(11456K)
[642.302s][info][gc             ] GC(936) Pause Young (Normal) (G1 Evacuation Pause) 163M->60M(180M) 6.015ms
[642.302s][info][gc,cpu         ] GC(936) User=0.00s Sys=0.00s Real=0.01s
[642.701s][info][gc,start       ] GC(937) Pause Young (Normal) (G1 Evacuation Pause)
[642.701s][info][gc,task        ] GC(937) Using 8 workers of 8 for evacuation
[642.707s][info][gc,phases      ] GC(937)   Pre Evacuate Collection Set: 0.2ms
[642.707s][info][gc,phases      ] GC(937)   Merge Heap Roots: 0.1ms
[642.707s][info][gc,phases      ] GC(937)   Evacuate Collection Set: 5.0ms
[642.707s][info][gc,phases      ] GC(937)   Post Evacuate Collection Set: 0.6ms
[642.707s][info][gc,phases      ] GC(937)   Other: 0.2ms
[642.707s][info][gc,heap        ] GC(937) Eden regions: 103->0(103)
[642.707s][info][gc,heap        ] GC(937) Survivor regions: 5->5(14)
[642.707s][info][gc,heap        ] GC(937) Old regions: 56->56
[642.707s][info][gc,heap        ] GC(937) Humongous regions: 2->2
[642.707s][info][gc,metaspace   ] GC(937) Metaspace: 84776K(85952K)->84776K(85952K) NonClass: 73845K(74496K)->73845K(74496K) Class: 10930K(11456K)->10930K(11456K)
[642.708s][info][gc             ] GC(937) Pause Young (Normal) (G1 Evacuation Pause) 163M->60M(180M) 7.058ms
[642.708s][info][gc,cpu         ] GC(937) User=0.00s Sys=0.00s Real=0.01s
[648.013s][info][gc,start       ] GC(938) Pause Young (Normal) (G1 Evacuation Pause)
[648.013s][info][gc,task        ] GC(938) Using 8 workers of 8 for evacuation
[648.015s][info][gc,phases      ] GC(938)   Pre Evacuate Collection Set: 0.1ms
[648.015s][info][gc,phases      ] GC(938)   Merge Heap Roots: 0.1ms
[648.015s][info][gc,phases      ] GC(938)   Evacuate Collection Set: 1.0ms
[648.015s][info][gc,phases      ] GC(938)   Post Evacuate Collection Set: 0.4ms
[648.015s][info][gc,phases      ] GC(938)   Other: 0.1ms
[648.015s][info][gc,heap        ] GC(938) Eden regions: 103->0(106)
[648.015s][info][gc,heap        ] GC(938) Survivor regions: 5->2(14)
[648.015s][info][gc,heap        ] GC(938) Old regions: 56->56
[648.015s][info][gc,heap        ] GC(938) Humongous regions: 2->2
[648.015s][info][gc,metaspace   ] GC(938) Metaspace: 84776K(85952K)->84776K(85952K) NonClass: 73845K(74496K)->73845K(74496K) Class: 10930K(11456K)->10930K(11456K)
[648.015s][info][gc             ] GC(938) Pause Young (Normal) (G1 Evacuation Pause) 163M->57M(180M) 2.160ms
[648.015s][info][gc,cpu         ] GC(938) User=0.00s Sys=0.00s Real=0.00s
[648.341s][info][gc,start       ] GC(939) Pause Young (Normal) (G1 Evacuation Pause)
[648.341s][info][gc,task        ] GC(939) Using 8 workers of 8 for evacuation
[648.343s][info][gc,phases      ] GC(939)   Pre Evacuate Collection Set: 0.1ms
[648.343s][info][gc,phases      ] GC(939)   Merge Heap Roots: 0.1ms
[648.343s][info][gc,phases      ] GC(939)   Evacuate Collection Set: 1.1ms
[648.343s][info][gc,phases      ] GC(939)   Post Evacuate Collection Set: 0.4ms
[648.343s][info][gc,phases      ] GC(939)   Other: 0.1ms
[648.343s][info][gc,heap        ] GC(939) Eden regions: 106->0(106)
[648.343s][info][gc,heap        ] GC(939) Survivor regions: 2->2(14)
[648.343s][info][gc,heap        ] GC(939) Old regions: 56->56
[648.343s][info][gc,heap        ] GC(939) Humongous regions: 2->2
[648.343s][info][gc,metaspace   ] GC(939) Metaspace: 84776K(85952K)->84776K(85952K) NonClass: 73845K(74496K)->73845K(74496K) Class: 10930K(11456K)->10930K(11456K)
[648.343s][info][gc             ] GC(939) Pause Young (Normal) (G1 Evacuation Pause) 163M->57M(180M) 2.264ms
[648.343s][info][gc,cpu         ] GC(939) User=0.00s Sys=0.00s Real=0.00s
[648.715s][info][gc,start       ] GC(940) Pause Young (Normal) (G1 Evacuation Pause)
[648.715s][info][gc,task        ] GC(940) Using 8 workers of 8 for evacuation
[648.718s][info][gc,phases      ] GC(940)   Pre Evacuate Collection Set: 0.2ms
[648.718s][info][gc,phases      ] GC(940)   Merge Heap Roots: 0.1ms
[648.718s][info][gc,phases      ] GC(940)   Evacuate Collection Set: 1.4ms
[648.718s][info][gc,phases      ] GC(940)   Post Evacuate Collection Set: 0.5ms
[648.718s][info][gc,phases      ] GC(940)   Other: 0.1ms
[648.718s][info][gc,heap        ] GC(940) Eden regions: 106->0(106)
[648.718s][info][gc,heap        ] GC(940) Survivor regions: 2->2(14)
[648.718s][info][gc,heap        ] GC(940) Old regions: 56->56
[648.718s][info][gc,heap        ] GC(940) Humongous regions: 2->2
[648.718s][info][gc,metaspace   ] GC(940) Metaspace: 84776K(85952K)->84776K(85952K) NonClass: 73845K(74496K)->73845K(74496K) Class: 10930K(11456K)->10930K(11456K)
[648.718s][info][gc             ] GC(940) Pause Young (Normal) (G1 Evacuation Pause) 163M->57M(180M) 2.777ms
[648.718s][info][gc,cpu         ] GC(940) User=0.08s Sys=0.00s Real=0.00s
[649.165s][info][gc,start       ] GC(941) Pause Young (Normal) (G1 Evacuation Pause)
[649.165s][info][gc,task        ] GC(941) Using 8 workers of 8 for evacuation
[649.168s][info][gc,phases      ] GC(941)   Pre Evacuate Collection Set: 0.2ms
[649.168s][info][gc,phases      ] GC(941)   Merge Heap Roots: 0.1ms
[649.169s][info][gc,phases      ] GC(941)   Evacuate Collection Set: 2.5ms
[649.169s][info][gc,phases      ] GC(941)   Post Evacuate Collection Set: 0.7ms
[649.169s][info][gc,phases      ] GC(941)   Other: 0.2ms
[649.169s][info][gc,heap        ] GC(941) Eden regions: 106->0(106)
[649.169s][info][gc,heap        ] GC(941) Survivor regions: 2->2(14)
[649.169s][info][gc,heap        ] GC(941) Old regions: 56->56
[649.169s][info][gc,heap        ] GC(941) Humongous regions: 2->2
[649.169s][info][gc,metaspace   ] GC(941) Metaspace: 84776K(85952K)->84776K(85952K) NonClass: 73845K(74496K)->73845K(74496K) Class: 10930K(11456K)->10930K(11456K)
[649.169s][info][gc             ] GC(941) Pause Young (Normal) (G1 Evacuation Pause) 163M->57M(180M) 4.386ms
[649.169s][info][gc,cpu         ] GC(941) User=0.00s Sys=0.00s Real=0.00s
[649.605s][info][gc,start       ] GC(942) Pause Young (Normal) (G1 Evacuation Pause)
[649.605s][info][gc,task        ] GC(942) Using 8 workers of 8 for evacuation
[649.609s][info][gc,phases      ] GC(942)   Pre Evacuate Collection Set: 0.2ms
[649.609s][info][gc,phases      ] GC(942)   Merge Heap Roots: 0.1ms
[649.609s][info][gc,phases      ] GC(942)   Evacuate Collection Set: 2.5ms
[649.609s][info][gc,phases      ] GC(942)   Post Evacuate Collection Set: 0.8ms
[649.609s][info][gc,phases      ] GC(942)   Other: 0.1ms
[649.609s][info][gc,heap        ] GC(942) Eden regions: 106->0(105)
[649.609s][info][gc,heap        ] GC(942) Survivor regions: 2->3(14)
[649.609s][info][gc,heap        ] GC(942) Old regions: 56->56
[649.609s][info][gc,heap        ] GC(942) Humongous regions: 2->2
[649.609s][info][gc,metaspace   ] GC(942) Metaspace: 84776K(85952K)->84776K(85952K) NonClass: 73845K(74496K)->73845K(74496K) Class: 10930K(11456K)->10930K(11456K)
[649.609s][info][gc             ] GC(942) Pause Young (Normal) (G1 Evacuation Pause) 163M->58M(180M) 4.304ms
[649.609s][info][gc,cpu         ] GC(942) User=0.09s Sys=0.00s Real=0.01s
[650.022s][info][gc,start       ] GC(943) Pause Young (Normal) (G1 Evacuation Pause)
[650.023s][info][gc,task        ] GC(943) Using 8 workers of 8 for evacuation
[650.026s][info][gc,phases      ] GC(943)   Pre Evacuate Collection Set: 0.2ms
[650.026s][info][gc,phases      ] GC(943)   Merge Heap Roots: 0.1ms
[650.026s][info][gc,phases      ] GC(943)   Evacuate Collection Set: 2.8ms
[650.026s][info][gc,phases      ] GC(943)   Post Evacuate Collection Set: 0.6ms
[650.027s][info][gc,phases      ] GC(943)   Other: 0.1ms
[650.027s][info][gc,heap        ] GC(943) Eden regions: 105->0(105)
[650.027s][info][gc,heap        ] GC(943) Survivor regions: 3->3(14)
[650.027s][info][gc,heap        ] GC(943) Old regions: 56->56
[650.027s][info][gc,heap        ] GC(943) Humongous regions: 2->2
[650.027s][info][gc,metaspace   ] GC(943) Metaspace: 84776K(85952K)->84776K(85952K) NonClass: 73845K(74496K)->73845K(74496K) Class: 10930K(11456K)->10930K(11456K)
[650.027s][info][gc             ] GC(943) Pause Young (Normal) (G1 Evacuation Pause) 163M->58M(180M) 4.311ms
[650.027s][info][gc,cpu         ] GC(943) User=0.00s Sys=0.00s Real=0.00s
[650.450s][info][gc,start       ] GC(944) Pause Young (Normal) (G1 Evacuation Pause)
[650.450s][info][gc,task        ] GC(944) Using 8 workers of 8 for evacuation
[650.453s][info][gc,phases      ] GC(944)   Pre Evacuate Collection Set: 0.1ms
[650.453s][info][gc,phases      ] GC(944)   Merge Heap Roots: 0.1ms
[650.453s][info][gc,phases      ] GC(944)   Evacuate Collection Set: 2.6ms
[650.453s][info][gc,phases      ] GC(944)   Post Evacuate Collection Set: 0.5ms
[650.453s][info][gc,phases      ] GC(944)   Other: 0.1ms
[650.453s][info][gc,heap        ] GC(944) Eden regions: 105->0(105)
[650.453s][info][gc,heap        ] GC(944) Survivor regions: 3->3(14)
[650.453s][info][gc,heap        ] GC(944) Old regions: 56->56
[650.453s][info][gc,heap        ] GC(944) Humongous regions: 2->2
[650.453s][info][gc,metaspace   ] GC(944) Metaspace: 84776K(85952K)->84776K(85952K) NonClass: 73845K(74496K)->73845K(74496K) Class: 10930K(11456K)->10930K(11456K)
[650.454s][info][gc             ] GC(944) Pause Young (Normal) (G1 Evacuation Pause) 163M->58M(180M) 3.915ms
[650.454s][info][gc,cpu         ] GC(944) User=0.02s Sys=0.00s Real=0.00s
[650.915s][info][gc,start       ] GC(945) Pause Young (Normal) (G1 Evacuation Pause)
[650.915s][info][gc,task        ] GC(945) Using 8 workers of 8 for evacuation
[650.919s][info][gc,phases      ] GC(945)   Pre Evacuate Collection Set: 0.1ms
[650.919s][info][gc,phases      ] GC(945)   Merge Heap Roots: 0.1ms
[650.919s][info][gc,phases      ] GC(945)   Evacuate Collection Set: 2.7ms
[650.919s][info][gc,phases      ] GC(945)   Post Evacuate Collection Set: 0.5ms
[650.919s][info][gc,phases      ] GC(945)   Other: 0.1ms
[650.919s][info][gc,heap        ] GC(945) Eden regions: 105->0(105)
[650.919s][info][gc,heap        ] GC(945) Survivor regions: 3->3(14)
[650.919s][info][gc,heap        ] GC(945) Old regions: 56->56
[650.919s][info][gc,heap        ] GC(945) Humongous regions: 2->2
[650.919s][info][gc,metaspace   ] GC(945) Metaspace: 84776K(85952K)->84776K(85952K) NonClass: 73845K(74496K)->73845K(74496K) Class: 10930K(11456K)->10930K(11456K)
[650.919s][info][gc             ] GC(945) Pause Young (Normal) (G1 Evacuation Pause) 163M->59M(180M) 4.116ms
[650.919s][info][gc,cpu         ] GC(945) User=0.02s Sys=0.00s Real=0.00s
[651.342s][info][gc,start       ] GC(946) Pause Young (Normal) (G1 Evacuation Pause)
[651.342s][info][gc,task        ] GC(946) Using 8 workers of 8 for evacuation
[651.347s][info][gc,phases      ] GC(946)   Pre Evacuate Collection Set: 0.3ms
[651.347s][info][gc,phases      ] GC(946)   Merge Heap Roots: 0.1ms
[651.347s][info][gc,phases      ] GC(946)   Evacuate Collection Set: 3.6ms
[651.347s][info][gc,phases      ] GC(946)   Post Evacuate Collection Set: 0.6ms
[651.347s][info][gc,phases      ] GC(946)   Other: 0.2ms
[651.347s][info][gc,heap        ] GC(946) Eden regions: 105->0(104)
[651.347s][info][gc,heap        ] GC(946) Survivor regions: 3->4(14)
[651.347s][info][gc,heap        ] GC(946) Old regions: 56->56
[651.347s][info][gc,heap        ] GC(946) Humongous regions: 2->2
[651.347s][info][gc,metaspace   ] GC(946) Metaspace: 84776K(85952K)->84776K(85952K) NonClass: 73845K(74496K)->73845K(74496K) Class: 10930K(11456K)->10930K(11456K)
[651.347s][info][gc             ] GC(946) Pause Young (Normal) (G1 Evacuation Pause) 164M->59M(180M) 5.319ms
[651.347s][info][gc,cpu         ] GC(946) User=0.00s Sys=0.00s Real=0.01s
[651.799s][info][gc,start       ] GC(947) Pause Young (Normal) (G1 Evacuation Pause)
[651.799s][info][gc,task        ] GC(947) Using 8 workers of 8 for evacuation
[651.803s][info][gc,phases      ] GC(947)   Pre Evacuate Collection Set: 0.2ms
[651.803s][info][gc,phases      ] GC(947)   Merge Heap Roots: 0.1ms
[651.803s][info][gc,phases      ] GC(947)   Evacuate Collection Set: 3.1ms
[651.803s][info][gc,phases      ] GC(947)   Post Evacuate Collection Set: 0.5ms
[651.803s][info][gc,phases      ] GC(947)   Other: 0.1ms
[651.803s][info][gc,heap        ] GC(947) Eden regions: 104->0(104)
[651.803s][info][gc,heap        ] GC(947) Survivor regions: 4->4(14)
[651.803s][info][gc,heap        ] GC(947) Old regions: 56->56
[651.803s][info][gc,heap        ] GC(947) Humongous regions: 2->2
[651.803s][info][gc,metaspace   ] GC(947) Metaspace: 84776K(85952K)->84776K(85952K) NonClass: 73845K(74496K)->73845K(74496K) Class: 10930K(11456K)->10930K(11456K)
[651.803s][info][gc             ] GC(947) Pause Young (Normal) (G1 Evacuation Pause) 163M->59M(180M) 4.539ms
[651.803s][info][gc,cpu         ] GC(947) User=0.00s Sys=0.00s Real=0.01s
[652.215s][info][gc,start       ] GC(948) Pause Young (Normal) (G1 Evacuation Pause)
[652.215s][info][gc,task        ] GC(948) Using 8 workers of 8 for evacuation
[652.219s][info][gc,phases      ] GC(948)   Pre Evacuate Collection Set: 0.2ms
[652.219s][info][gc,phases      ] GC(948)   Merge Heap Roots: 0.1ms
[652.220s][info][gc,phases      ] GC(948)   Evacuate Collection Set: 3.4ms
[652.220s][info][gc,phases      ] GC(948)   Post Evacuate Collection Set: 0.6ms
[652.220s][info][gc,phases      ] GC(948)   Other: 0.1ms
[652.220s][info][gc,heap        ] GC(948) Eden regions: 104->0(104)
[652.220s][info][gc,heap        ] GC(948) Survivor regions: 4->4(14)
[652.220s][info][gc,heap        ] GC(948) Old regions: 56->56
[652.220s][info][gc,heap        ] GC(948) Humongous regions: 2->2
[652.220s][info][gc,metaspace   ] GC(948) Metaspace: 84776K(85952K)->84776K(85952K) NonClass: 73845K(74496K)->73845K(74496K) Class: 10930K(11456K)->10930K(11456K)
[652.220s][info][gc             ] GC(948) Pause Young (Normal) (G1 Evacuation Pause) 163M->59M(180M) 5.269ms
[652.220s][info][gc,cpu         ] GC(948) User=0.09s Sys=0.00s Real=0.01s
[652.651s][info][gc,start       ] GC(949) Pause Young (Normal) (G1 Evacuation Pause)
[652.651s][info][gc,task        ] GC(949) Using 8 workers of 8 for evacuation
[652.656s][info][gc,phases      ] GC(949)   Pre Evacuate Collection Set: 0.2ms
[652.656s][info][gc,phases      ] GC(949)   Merge Heap Roots: 0.1ms
[652.656s][info][gc,phases      ] GC(949)   Evacuate Collection Set: 3.8ms
[652.656s][info][gc,phases      ] GC(949)   Post Evacuate Collection Set: 0.7ms
[652.656s][info][gc,phases      ] GC(949)   Other: 0.2ms
[652.656s][info][gc,heap        ] GC(949) Eden regions: 104->0(103)
[652.656s][info][gc,heap        ] GC(949) Survivor regions: 4->5(14)
[652.656s][info][gc,heap        ] GC(949) Old regions: 56->56
[652.656s][info][gc,heap        ] GC(949) Humongous regions: 2->2
[652.656s][info][gc,metaspace   ] GC(949) Metaspace: 84776K(85952K)->84776K(85952K) NonClass: 73845K(74496K)->73845K(74496K) Class: 10930K(11456K)->10930K(11456K)
[652.656s][info][gc             ] GC(949) Pause Young (Normal) (G1 Evacuation Pause) 163M->60M(180M) 5.735ms
[652.657s][info][gc,cpu         ] GC(949) User=0.09s Sys=0.00s Real=0.01s
[653.120s][info][gc,start       ] GC(950) Pause Young (Normal) (G1 Evacuation Pause)
[653.120s][info][gc,task        ] GC(950) Using 8 workers of 8 for evacuation
[653.125s][info][gc,phases      ] GC(950)   Pre Evacuate Collection Set: 0.2ms
[653.125s][info][gc,phases      ] GC(950)   Merge Heap Roots: 0.1ms
[653.125s][info][gc,phases      ] GC(950)   Evacuate Collection Set: 4.2ms
[653.125s][info][gc,phases      ] GC(950)   Post Evacuate Collection Set: 0.8ms
[653.125s][info][gc,phases      ] GC(950)   Other: 0.1ms
[653.126s][info][gc,heap        ] GC(950) Eden regions: 103->0(103)
[653.126s][info][gc,heap        ] GC(950) Survivor regions: 5->5(14)
[653.126s][info][gc,heap        ] GC(950) Old regions: 56->56
[653.126s][info][gc,heap        ] GC(950) Humongous regions: 2->2
[653.126s][info][gc,metaspace   ] GC(950) Metaspace: 84776K(85952K)->84776K(85952K) NonClass: 73845K(74496K)->73845K(74496K) Class: 10930K(11456K)->10930K(11456K)
[653.126s][info][gc             ] GC(950) Pause Young (Normal) (G1 Evacuation Pause) 163M->60M(180M) 6.107ms
[653.126s][info][gc,cpu         ] GC(950) User=0.08s Sys=0.00s Real=0.01s
[653.584s][info][gc,start       ] GC(951) Pause Young (Normal) (G1 Evacuation Pause)
[653.585s][info][gc,task        ] GC(951) Using 8 workers of 8 for evacuation
[653.590s][info][gc,phases      ] GC(951)   Pre Evacuate Collection Set: 0.2ms
[653.590s][info][gc,phases      ] GC(951)   Merge Heap Roots: 0.1ms
[653.590s][info][gc,phases      ] GC(951)   Evacuate Collection Set: 4.5ms
[653.590s][info][gc,phases      ] GC(951)   Post Evacuate Collection Set: 0.6ms
[653.590s][info][gc,phases      ] GC(951)   Other: 0.1ms
[653.590s][info][gc,heap        ] GC(951) Eden regions: 103->0(103)
[653.590s][info][gc,heap        ] GC(951) Survivor regions: 5->5(14)
[653.590s][info][gc,heap        ] GC(951) Old regions: 56->56
[653.590s][info][gc,heap        ] GC(951) Humongous regions: 2->2
[653.591s][info][gc,metaspace   ] GC(951) Metaspace: 84776K(85952K)->84776K(85952K) NonClass: 73845K(74496K)->73845K(74496K) Class: 10930K(11456K)->10930K(11456K)
[653.591s][info][gc             ] GC(951) Pause Young (Normal) (G1 Evacuation Pause) 163M->61M(180M) 6.197ms
[653.591s][info][gc,cpu         ] GC(951) User=0.00s Sys=0.00s Real=0.01s
[653.970s][info][gc,start       ] GC(952) Pause Young (Normal) (G1 Evacuation Pause)
[653.970s][info][gc,task        ] GC(952) Using 8 workers of 8 for evacuation
[653.975s][info][gc,phases      ] GC(952)   Pre Evacuate Collection Set: 0.2ms
[653.975s][info][gc,phases      ] GC(952)   Merge Heap Roots: 0.1ms
[653.975s][info][gc,phases      ] GC(952)   Evacuate Collection Set: 4.4ms
[653.975s][info][gc,phases      ] GC(952)   Post Evacuate Collection Set: 0.6ms
[653.975s][info][gc,phases      ] GC(952)   Other: 0.1ms
[653.976s][info][gc,heap        ] GC(952) Eden regions: 103->0(103)
[653.976s][info][gc,heap        ] GC(952) Survivor regions: 5->5(14)
[653.976s][info][gc,heap        ] GC(952) Old regions: 56->56
[653.976s][info][gc,heap        ] GC(952) Humongous regions: 2->2
[653.976s][info][gc,metaspace   ] GC(952) Metaspace: 84776K(85952K)->84776K(85952K) NonClass: 73845K(74496K)->73845K(74496K) Class: 10930K(11456K)->10930K(11456K)
[653.976s][info][gc             ] GC(952) Pause Young (Normal) (G1 Evacuation Pause) 164M->61M(180M) 6.159ms
[653.976s][info][gc,cpu         ] GC(952) User=0.00s Sys=0.00s Real=0.01s
[654.435s][info][gc,start       ] GC(953) Pause Young (Normal) (G1 Evacuation Pause)
[654.435s][info][gc,task        ] GC(953) Using 8 workers of 8 for evacuation
[654.440s][info][gc,phases      ] GC(953)   Pre Evacuate Collection Set: 0.1ms
[654.440s][info][gc,phases      ] GC(953)   Merge Heap Roots: 0.1ms
[654.440s][info][gc,phases      ] GC(953)   Evacuate Collection Set: 4.3ms
[654.440s][info][gc,phases      ] GC(953)   Post Evacuate Collection Set: 0.8ms
[654.441s][info][gc,phases      ] GC(953)   Other: 0.1ms
[654.441s][info][gc,heap        ] GC(953) Eden regions: 103->0(102)
[654.441s][info][gc,heap        ] GC(953) Survivor regions: 5->5(14)
[654.441s][info][gc,heap        ] GC(953) Old regions: 56->57
[654.441s][info][gc,heap        ] GC(953) Humongous regions: 2->2
[654.441s][info][gc,metaspace   ] GC(953) Metaspace: 84776K(85952K)->84776K(85952K) NonClass: 73845K(74496K)->73845K(74496K) Class: 10930K(11456K)->10930K(11456K)
[654.441s][info][gc             ] GC(953) Pause Young (Normal) (G1 Evacuation Pause) 164M->61M(180M) 6.266ms
[654.441s][info][gc,cpu         ] GC(953) User=0.00s Sys=0.00s Real=0.01s
[654.905s][info][gc,start       ] GC(954) Pause Young (Normal) (G1 Evacuation Pause)
[654.905s][info][gc,task        ] GC(954) Using 8 workers of 8 for evacuation
[654.911s][info][gc,phases      ] GC(954)   Pre Evacuate Collection Set: 0.2ms
[654.911s][info][gc,phases      ] GC(954)   Merge Heap Roots: 0.1ms
[654.911s][info][gc,phases      ] GC(954)   Evacuate Collection Set: 4.6ms
[654.911s][info][gc,phases      ] GC(954)   Post Evacuate Collection Set: 0.6ms
[654.911s][info][gc,phases      ] GC(954)   Other: 0.2ms
[654.911s][info][gc,heap        ] GC(954) Eden regions: 102->0(100)
[654.911s][info][gc,heap        ] GC(954) Survivor regions: 5->6(14)
[654.911s][info][gc,heap        ] GC(954) Old regions: 57->57
[654.911s][info][gc,heap        ] GC(954) Humongous regions: 2->2
[654.911s][info][gc,metaspace   ] GC(954) Metaspace: 84776K(85952K)->84776K(85952K) NonClass: 73845K(74496K)->73845K(74496K) Class: 10930K(11456K)->10930K(11456K)
[654.911s][info][gc             ] GC(954) Pause Young (Normal) (G1 Evacuation Pause) 163M->62M(180M) 6.259ms
[654.911s][info][gc,cpu         ] GC(954) User=0.00s Sys=0.00s Real=0.01s
[655.315s][info][gc,start       ] GC(955) Pause Young (Normal) (G1 Evacuation Pause)
[655.315s][info][gc,task        ] GC(955) Using 8 workers of 8 for evacuation
[655.319s][info][gc,phases      ] GC(955)   Pre Evacuate Collection Set: 0.1ms
[655.319s][info][gc,phases      ] GC(955)   Merge Heap Roots: 0.1ms
[655.320s][info][gc,phases      ] GC(955)   Evacuate Collection Set: 3.5ms
[655.320s][info][gc,phases      ] GC(955)   Post Evacuate Collection Set: 0.5ms
[655.320s][info][gc,phases      ] GC(955)   Other: 0.1ms
[655.320s][info][gc,heap        ] GC(955) Eden regions: 100->0(102)
[655.320s][info][gc,heap        ] GC(955) Survivor regions: 6->5(14)
[655.320s][info][gc,heap        ] GC(955) Old regions: 57->57
[655.320s][info][gc,heap        ] GC(955) Humongous regions: 2->2
[655.320s][info][gc,metaspace   ] GC(955) Metaspace: 84776K(85952K)->84776K(85952K) NonClass: 73845K(74496K)->73845K(74496K) Class: 10930K(11456K)->10930K(11456K)
[655.320s][info][gc             ] GC(955) Pause Young (Normal) (G1 Evacuation Pause) 162M->62M(180M) 4.803ms
[655.320s][info][gc,cpu         ] GC(955) User=0.00s Sys=0.00s Real=0.01s
[655.743s][info][gc,start       ] GC(956) Pause Young (Normal) (G1 Evacuation Pause)
[655.743s][info][gc,task        ] GC(956) Using 8 workers of 8 for evacuation
[655.749s][info][gc,phases      ] GC(956)   Pre Evacuate Collection Set: 0.2ms
[655.749s][info][gc,phases      ] GC(956)   Merge Heap Roots: 0.1ms
[655.750s][info][gc,phases      ] GC(956)   Evacuate Collection Set: 5.1ms
[655.750s][info][gc,phases      ] GC(956)   Post Evacuate Collection Set: 0.5ms
[655.750s][info][gc,phases      ] GC(956)   Other: 0.1ms
[655.750s][info][gc,heap        ] GC(956) Eden regions: 102->0(101)
[655.750s][info][gc,heap        ] GC(956) Survivor regions: 5->5(14)
[655.750s][info][gc,heap        ] GC(956) Old regions: 57->58
[655.750s][info][gc,heap        ] GC(956) Humongous regions: 2->2
[655.750s][info][gc,metaspace   ] GC(956) Metaspace: 84776K(85952K)->84776K(85952K) NonClass: 73845K(74496K)->73845K(74496K) Class: 10930K(11456K)->10930K(11456K)
[655.750s][info][gc             ] GC(956) Pause Young (Normal) (G1 Evacuation Pause) 164M->62M(180M) 6.615ms
[655.750s][info][gc,cpu         ] GC(956) User=0.09s Sys=0.00s Real=0.01s
[661.108s][info][gc,start       ] GC(957) Pause Young (Normal) (G1 Evacuation Pause)
[661.108s][info][gc,task        ] GC(957) Using 8 workers of 8 for evacuation
[661.109s][info][gc,phases      ] GC(957)   Pre Evacuate Collection Set: 0.3ms
[661.109s][info][gc,phases      ] GC(957)   Merge Heap Roots: 0.1ms
[661.109s][info][gc,phases      ] GC(957)   Evacuate Collection Set: 0.7ms
[661.109s][info][gc,phases      ] GC(957)   Post Evacuate Collection Set: 0.5ms
[661.109s][info][gc,phases      ] GC(957)   Other: 0.1ms
[661.109s][info][gc,heap        ] GC(957) Eden regions: 101->0(107)
[661.109s][info][gc,heap        ] GC(957) Survivor regions: 5->1(14)
[661.109s][info][gc,heap        ] GC(957) Old regions: 58->58
[661.109s][info][gc,heap        ] GC(957) Humongous regions: 2->2
[661.109s][info][gc,metaspace   ] GC(957) Metaspace: 84776K(85952K)->84776K(85952K) NonClass: 73845K(74496K)->73845K(74496K) Class: 10930K(11456K)->10930K(11456K)
[661.110s][info][gc             ] GC(957) Pause Young (Normal) (G1 Evacuation Pause) 163M->58M(180M) 1.978ms
[661.110s][info][gc,cpu         ] GC(957) User=0.00s Sys=0.00s Real=0.00s
[661.305s][info][gc,start       ] GC(958) Pause Young (Normal) (G1 Evacuation Pause)
[661.305s][info][gc,task        ] GC(958) Using 8 workers of 8 for evacuation
[661.307s][info][gc,phases      ] GC(958)   Pre Evacuate Collection Set: 0.2ms
[661.307s][info][gc,phases      ] GC(958)   Merge Heap Roots: 0.1ms
[661.307s][info][gc,phases      ] GC(958)   Evacuate Collection Set: 1.1ms
[661.307s][info][gc,phases      ] GC(958)   Post Evacuate Collection Set: 0.4ms
[661.307s][info][gc,phases      ] GC(958)   Other: 0.1ms
[661.307s][info][gc,heap        ] GC(958) Eden regions: 107->0(106)
[661.307s][info][gc,heap        ] GC(958) Survivor regions: 1->2(14)
[661.307s][info][gc,heap        ] GC(958) Old regions: 58->58
[661.307s][info][gc,heap        ] GC(958) Humongous regions: 2->2
[661.307s][info][gc,metaspace   ] GC(958) Metaspace: 84776K(85952K)->84776K(85952K) NonClass: 73845K(74496K)->73845K(74496K) Class: 10930K(11456K)->10930K(11456K)
[661.307s][info][gc             ] GC(958) Pause Young (Normal) (G1 Evacuation Pause) 165M->58M(180M) 2.210ms
[661.307s][info][gc,cpu         ] GC(958) User=0.00s Sys=0.00s Real=0.00s
[661.585s][info][gc,start       ] GC(959) Pause Young (Normal) (G1 Evacuation Pause)
[661.585s][info][gc,task        ] GC(959) Using 8 workers of 8 for evacuation
[661.587s][info][gc,phases      ] GC(959)   Pre Evacuate Collection Set: 0.2ms
[661.587s][info][gc,phases      ] GC(959)   Merge Heap Roots: 0.1ms
[661.587s][info][gc,phases      ] GC(959)   Evacuate Collection Set: 1.3ms
[661.587s][info][gc,phases      ] GC(959)   Post Evacuate Collection Set: 0.7ms
[661.587s][info][gc,phases      ] GC(959)   Other: 0.1ms
[661.588s][info][gc,heap        ] GC(959) Eden regions: 106->0(106)
[661.588s][info][gc,heap        ] GC(959) Survivor regions: 2->2(14)
[661.588s][info][gc,heap        ] GC(959) Old regions: 58->58
[661.588s][info][gc,heap        ] GC(959) Humongous regions: 2->2
[661.588s][info][gc,metaspace   ] GC(959) Metaspace: 84776K(85952K)->84776K(85952K) NonClass: 73845K(74496K)->73845K(74496K) Class: 10930K(11456K)->10930K(11456K)
[661.588s][info][gc             ] GC(959) Pause Young (Normal) (G1 Evacuation Pause) 164M->59M(180M) 2.837ms
[661.588s][info][gc,cpu         ] GC(959) User=0.00s Sys=0.00s Real=0.00s
[661.870s][info][gc,start       ] GC(960) Pause Young (Normal) (G1 Evacuation Pause)
[661.870s][info][gc,task        ] GC(960) Using 8 workers of 8 for evacuation
[661.872s][info][gc,phases      ] GC(960)   Pre Evacuate Collection Set: 0.2ms
[661.872s][info][gc,phases      ] GC(960)   Merge Heap Roots: 0.1ms
[661.872s][info][gc,phases      ] GC(960)   Evacuate Collection Set: 1.3ms
[661.872s][info][gc,phases      ] GC(960)   Post Evacuate Collection Set: 0.4ms
[661.872s][info][gc,phases      ] GC(960)   Other: 0.1ms
[661.872s][info][gc,heap        ] GC(960) Eden regions: 106->0(106)
[661.872s][info][gc,heap        ] GC(960) Survivor regions: 2->2(14)
[661.872s][info][gc,heap        ] GC(960) Old regions: 58->58
[661.872s][info][gc,heap        ] GC(960) Humongous regions: 2->2
[661.872s][info][gc,metaspace   ] GC(960) Metaspace: 84776K(85952K)->84776K(85952K) NonClass: 73845K(74496K)->73845K(74496K) Class: 10930K(11456K)->10930K(11456K)
[661.872s][info][gc             ] GC(960) Pause Young (Normal) (G1 Evacuation Pause) 165M->59M(180M) 2.517ms
[661.872s][info][gc,cpu         ] GC(960) User=0.05s Sys=0.00s Real=0.00s
[662.159s][info][gc,start       ] GC(961) Pause Young (Normal) (G1 Evacuation Pause)
[662.159s][info][gc,task        ] GC(961) Using 8 workers of 8 for evacuation
[662.162s][info][gc,phases      ] GC(961)   Pre Evacuate Collection Set: 0.2ms
[662.162s][info][gc,phases      ] GC(961)   Merge Heap Roots: 0.1ms
[662.162s][info][gc,phases      ] GC(961)   Evacuate Collection Set: 2.7ms
[662.162s][info][gc,phases      ] GC(961)   Post Evacuate Collection Set: 0.5ms
[662.163s][info][gc,phases      ] GC(961)   Other: 0.1ms
[662.163s][info][gc,heap        ] GC(961) Eden regions: 106->0(105)
[662.163s][info][gc,heap        ] GC(961) Survivor regions: 2->3(14)
[662.163s][info][gc,heap        ] GC(961) Old regions: 58->58
[662.163s][info][gc,heap        ] GC(961) Humongous regions: 2->2
[662.163s][info][gc,metaspace   ] GC(961) Metaspace: 84776K(85952K)->84776K(85952K) NonClass: 73845K(74496K)->73845K(74496K) Class: 10930K(11456K)->10930K(11456K)
[662.163s][info][gc             ] GC(961) Pause Young (Normal) (G1 Evacuation Pause) 165M->59M(180M) 4.096ms
[662.163s][info][gc,cpu         ] GC(961) User=0.00s Sys=0.00s Real=0.00s
[662.442s][info][gc,start       ] GC(962) Pause Young (Normal) (G1 Evacuation Pause)
[662.442s][info][gc,task        ] GC(962) Using 8 workers of 8 for evacuation
[662.446s][info][gc,phases      ] GC(962)   Pre Evacuate Collection Set: 0.1ms
[662.446s][info][gc,phases      ] GC(962)   Merge Heap Roots: 0.1ms
[662.446s][info][gc,phases      ] GC(962)   Evacuate Collection Set: 2.2ms
[662.446s][info][gc,phases      ] GC(962)   Post Evacuate Collection Set: 0.5ms
[662.446s][info][gc,phases      ] GC(962)   Other: 0.1ms
[662.446s][info][gc,heap        ] GC(962) Eden regions: 105->0(105)
[662.446s][info][gc,heap        ] GC(962) Survivor regions: 3->3(14)
[662.446s][info][gc,heap        ] GC(962) Old regions: 58->58
[662.446s][info][gc,heap        ] GC(962) Humongous regions: 2->2
[662.446s][info][gc,metaspace   ] GC(962) Metaspace: 84776K(85952K)->84776K(85952K) NonClass: 73845K(74496K)->73845K(74496K) Class: 10930K(11456K)->10930K(11456K)
[662.446s][info][gc             ] GC(962) Pause Young (Normal) (G1 Evacuation Pause) 164M->60M(180M) 3.522ms
[662.446s][info][gc,cpu         ] GC(962) User=0.00s Sys=0.00s Real=0.00s
[662.718s][info][gc,start       ] GC(963) Pause Young (Normal) (G1 Evacuation Pause)
[662.718s][info][gc,task        ] GC(963) Using 8 workers of 8 for evacuation
[662.721s][info][gc,phases      ] GC(963)   Pre Evacuate Collection Set: 0.2ms
[662.722s][info][gc,phases      ] GC(963)   Merge Heap Roots: 0.1ms
[662.722s][info][gc,phases      ] GC(963)   Evacuate Collection Set: 2.2ms
[662.722s][info][gc,phases      ] GC(963)   Post Evacuate Collection Set: 0.7ms
[662.722s][info][gc,phases      ] GC(963)   Other: 0.1ms
[662.722s][info][gc,heap        ] GC(963) Eden regions: 105->0(105)
[662.722s][info][gc,heap        ] GC(963) Survivor regions: 3->3(14)
[662.722s][info][gc,heap        ] GC(963) Old regions: 58->58
[662.722s][info][gc,heap        ] GC(963) Humongous regions: 2->2
[662.722s][info][gc,metaspace   ] GC(963) Metaspace: 84776K(85952K)->84776K(85952K) NonClass: 73845K(74496K)->73845K(74496K) Class: 10930K(11456K)->10930K(11456K)
[662.722s][info][gc             ] GC(963) Pause Young (Normal) (G1 Evacuation Pause) 165M->60M(180M) 3.898ms
[662.722s][info][gc,cpu         ] GC(963) User=0.00s Sys=0.00s Real=0.00s
[663.017s][info][gc,start       ] GC(964) Pause Young (Normal) (G1 Evacuation Pause)
[663.017s][info][gc,task        ] GC(964) Using 8 workers of 8 for evacuation
[663.020s][info][gc,phases      ] GC(964)   Pre Evacuate Collection Set: 0.1ms
[663.020s][info][gc,phases      ] GC(964)   Merge Heap Roots: 0.1ms
[663.020s][info][gc,phases      ] GC(964)   Evacuate Collection Set: 2.3ms
[663.021s][info][gc,phases      ] GC(964)   Post Evacuate Collection Set: 0.6ms
[663.021s][info][gc,phases      ] GC(964)   Other: 0.1ms
[663.021s][info][gc,heap        ] GC(964) Eden regions: 105->0(105)
[663.021s][info][gc,heap        ] GC(964) Survivor regions: 3->3(14)
[663.021s][info][gc,heap        ] GC(964) Old regions: 58->58
[663.021s][info][gc,heap        ] GC(964) Humongous regions: 2->2
[663.021s][info][gc,metaspace   ] GC(964) Metaspace: 84776K(85952K)->84776K(85952K) NonClass: 73845K(74496K)->73845K(74496K) Class: 10930K(11456K)->10930K(11456K)
[663.021s][info][gc             ] GC(964) Pause Young (Normal) (G1 Evacuation Pause) 165M->60M(180M) 3.843ms
[663.021s][info][gc,cpu         ] GC(964) User=0.00s Sys=0.00s Real=0.00s
[663.329s][info][gc,start       ] GC(965) Pause Young (Normal) (G1 Evacuation Pause)
[663.329s][info][gc,task        ] GC(965) Using 8 workers of 8 for evacuation
[663.332s][info][gc,phases      ] GC(965)   Pre Evacuate Collection Set: 0.2ms
[663.332s][info][gc,phases      ] GC(965)   Merge Heap Roots: 0.1ms
[663.332s][info][gc,phases      ] GC(965)   Evacuate Collection Set: 2.2ms
[663.332s][info][gc,phases      ] GC(965)   Post Evacuate Collection Set: 0.5ms
[663.332s][info][gc,phases      ] GC(965)   Other: 0.1ms
[663.332s][info][gc,heap        ] GC(965) Eden regions: 105->0(103)
[663.332s][info][gc,heap        ] GC(965) Survivor regions: 3->4(14)
[663.332s][info][gc,heap        ] GC(965) Old regions: 58->58
[663.332s][info][gc,heap        ] GC(965) Humongous regions: 2->2
[663.332s][info][gc,metaspace   ] GC(965) Metaspace: 84776K(85952K)->84776K(85952K) NonClass: 73845K(74496K)->73845K(74496K) Class: 10930K(11456K)->10930K(11456K)
[663.332s][info][gc             ] GC(965) Pause Young (Normal) (G1 Evacuation Pause) 165M->60M(180M) 3.524ms
[663.332s][info][gc,cpu         ] GC(965) User=0.00s Sys=0.00s Real=0.00s
[663.647s][info][gc,start       ] GC(966) Pause Young (Normal) (G1 Evacuation Pause)
[663.647s][info][gc,task        ] GC(966) Using 8 workers of 8 for evacuation
[663.651s][info][gc,phases      ] GC(966)   Pre Evacuate Collection Set: 0.2ms
[663.651s][info][gc,phases      ] GC(966)   Merge Heap Roots: 0.1ms
[663.651s][info][gc,phases      ] GC(966)   Evacuate Collection Set: 3.2ms
[663.651s][info][gc,phases      ] GC(966)   Post Evacuate Collection Set: 0.5ms
[663.651s][info][gc,phases      ] GC(966)   Other: 0.1ms
[663.651s][info][gc,heap        ] GC(966) Eden regions: 103->0(103)
[663.651s][info][gc,heap        ] GC(966) Survivor regions: 4->4(14)
[663.651s][info][gc,heap        ] GC(966) Old regions: 58->58
[663.651s][info][gc,heap        ] GC(966) Humongous regions: 2->2
[663.651s][info][gc,metaspace   ] GC(966) Metaspace: 84776K(85952K)->84776K(85952K) NonClass: 73845K(74496K)->73845K(74496K) Class: 10930K(11456K)->10930K(11456K)
[663.651s][info][gc             ] GC(966) Pause Young (Normal) (G1 Evacuation Pause) 163M->61M(180M) 4.511ms
[663.651s][info][gc,cpu         ] GC(966) User=0.00s Sys=0.00s Real=0.00s
[663.971s][info][gc,start       ] GC(967) Pause Young (Normal) (G1 Evacuation Pause)
[663.971s][info][gc,task        ] GC(967) Using 8 workers of 8 for evacuation
[663.975s][info][gc,phases      ] GC(967)   Pre Evacuate Collection Set: 0.2ms
[663.975s][info][gc,phases      ] GC(967)   Merge Heap Roots: 0.1ms
[663.975s][info][gc,phases      ] GC(967)   Evacuate Collection Set: 2.8ms
[663.975s][info][gc,phases      ] GC(967)   Post Evacuate Collection Set: 0.5ms
[663.975s][info][gc,phases      ] GC(967)   Other: 0.1ms
[663.975s][info][gc,heap        ] GC(967) Eden regions: 103->0(103)
[663.975s][info][gc,heap        ] GC(967) Survivor regions: 4->4(14)
[663.975s][info][gc,heap        ] GC(967) Old regions: 58->58
[663.975s][info][gc,heap        ] GC(967) Humongous regions: 2->2
[663.975s][info][gc,metaspace   ] GC(967) Metaspace: 84776K(85952K)->84776K(85952K) NonClass: 73845K(74496K)->73845K(74496K) Class: 10930K(11456K)->10930K(11456K)
[663.975s][info][gc             ] GC(967) Pause Young (Normal) (G1 Evacuation Pause) 164M->61M(180M) 4.224ms
[663.975s][info][gc,cpu         ] GC(967) User=0.00s Sys=0.00s Real=0.00s
[664.323s][info][gc,start       ] GC(968) Pause Young (Normal) (G1 Evacuation Pause)
[664.323s][info][gc,task        ] GC(968) Using 8 workers of 8 for evacuation
[664.327s][info][gc,phases      ] GC(968)   Pre Evacuate Collection Set: 0.1ms
[664.327s][info][gc,phases      ] GC(968)   Merge Heap Roots: 0.1ms
[664.327s][info][gc,phases      ] GC(968)   Evacuate Collection Set: 2.9ms
[664.327s][info][gc,phases      ] GC(968)   Post Evacuate Collection Set: 0.5ms
[664.327s][info][gc,phases      ] GC(968)   Other: 0.2ms
[664.328s][info][gc,heap        ] GC(968) Eden regions: 103->0(101)
[664.328s][info][gc,heap        ] GC(968) Survivor regions: 4->5(14)
[664.328s][info][gc,heap        ] GC(968) Old regions: 58->58
[664.328s][info][gc,heap        ] GC(968) Humongous regions: 2->2
[664.328s][info][gc,metaspace   ] GC(968) Metaspace: 84776K(85952K)->84776K(85952K) NonClass: 73845K(74496K)->73845K(74496K) Class: 10930K(11456K)->10930K(11456K)
[664.328s][info][gc             ] GC(968) Pause Young (Normal) (G1 Evacuation Pause) 164M->61M(180M) 4.561ms
[664.328s][info][gc,cpu         ] GC(968) User=0.12s Sys=0.00s Real=0.00s
[664.646s][info][gc,start       ] GC(969) Pause Young (Normal) (G1 Evacuation Pause)
[664.647s][info][gc,task        ] GC(969) Using 8 workers of 8 for evacuation
[664.651s][info][gc,phases      ] GC(969)   Pre Evacuate Collection Set: 0.2ms
[664.651s][info][gc,phases      ] GC(969)   Merge Heap Roots: 0.1ms
[664.651s][info][gc,phases      ] GC(969)   Evacuate Collection Set: 3.6ms
[664.651s][info][gc,phases      ] GC(969)   Post Evacuate Collection Set: 0.6ms
[664.651s][info][gc,phases      ] GC(969)   Other: 0.1ms
[664.651s][info][gc,heap        ] GC(969) Eden regions: 101->0(101)
[664.651s][info][gc,heap        ] GC(969) Survivor regions: 5->5(14)
[664.651s][info][gc,heap        ] GC(969) Old regions: 58->58
[664.651s][info][gc,heap        ] GC(969) Humongous regions: 2->2
[664.651s][info][gc,metaspace   ] GC(969) Metaspace: 84776K(85952K)->84776K(85952K) NonClass: 73845K(74496K)->73845K(74496K) Class: 10930K(11456K)->10930K(11456K)
[664.651s][info][gc             ] GC(969) Pause Young (Normal) (G1 Evacuation Pause) 162M->62M(180M) 5.036ms
[664.652s][info][gc,cpu         ] GC(969) User=0.00s Sys=0.00s Real=0.01s
[665.014s][info][gc,start       ] GC(970) Pause Young (Normal) (G1 Evacuation Pause)
[665.014s][info][gc,task        ] GC(970) Using 8 workers of 8 for evacuation
[665.018s][info][gc,phases      ] GC(970)   Pre Evacuate Collection Set: 0.1ms
[665.018s][info][gc,phases      ] GC(970)   Merge Heap Roots: 0.1ms
[665.018s][info][gc,phases      ] GC(970)   Evacuate Collection Set: 3.0ms
[665.018s][info][gc,phases      ] GC(970)   Post Evacuate Collection Set: 0.6ms
[665.018s][info][gc,phases      ] GC(970)   Other: 0.1ms
[665.018s][info][gc,heap        ] GC(970) Eden regions: 101->0(101)
[665.018s][info][gc,heap        ] GC(970) Survivor regions: 5->5(14)
[665.018s][info][gc,heap        ] GC(970) Old regions: 58->58
[665.018s][info][gc,heap        ] GC(970) Humongous regions: 2->2
[665.018s][info][gc,metaspace   ] GC(970) Metaspace: 84776K(85952K)->84776K(85952K) NonClass: 73845K(74496K)->73845K(74496K) Class: 10930K(11456K)->10930K(11456K)
[665.018s][info][gc             ] GC(970) Pause Young (Normal) (G1 Evacuation Pause) 163M->62M(180M) 4.382ms
[665.018s][info][gc,cpu         ] GC(970) User=0.00s Sys=0.00s Real=0.00s
[665.347s][info][gc,start       ] GC(971) Pause Young (Normal) (G1 Evacuation Pause)
[665.347s][info][gc,task        ] GC(971) Using 8 workers of 8 for evacuation
[665.352s][info][gc,phases      ] GC(971)   Pre Evacuate Collection Set: 0.2ms
[665.352s][info][gc,phases      ] GC(971)   Merge Heap Roots: 0.1ms
[665.352s][info][gc,phases      ] GC(971)   Evacuate Collection Set: 3.4ms
[665.352s][info][gc,phases      ] GC(971)   Post Evacuate Collection Set: 0.5ms
[665.352s][info][gc,phases      ] GC(971)   Other: 0.1ms
[665.352s][info][gc,heap        ] GC(971) Eden regions: 101->0(101)
[665.352s][info][gc,heap        ] GC(971) Survivor regions: 5->5(14)
[665.352s][info][gc,heap        ] GC(971) Old regions: 58->58
[665.352s][info][gc,heap        ] GC(971) Humongous regions: 2->2
[665.352s][info][gc,metaspace   ] GC(971) Metaspace: 84776K(85952K)->84776K(85952K) NonClass: 73845K(74496K)->73845K(74496K) Class: 10930K(11456K)->10930K(11456K)
[665.352s][info][gc             ] GC(971) Pause Young (Normal) (G1 Evacuation Pause) 163M->62M(180M) 4.786ms
[665.352s][info][gc,cpu         ] GC(971) User=0.00s Sys=0.00s Real=0.01s
[665.665s][info][gc,start       ] GC(972) Pause Young (Normal) (G1 Evacuation Pause)
[665.666s][info][gc,task        ] GC(972) Using 8 workers of 8 for evacuation
[665.670s][info][gc,phases      ] GC(972)   Pre Evacuate Collection Set: 0.2ms
[665.670s][info][gc,phases      ] GC(972)   Merge Heap Roots: 0.1ms
[665.670s][info][gc,phases      ] GC(972)   Evacuate Collection Set: 3.7ms
[665.670s][info][gc,phases      ] GC(972)   Post Evacuate Collection Set: 0.6ms
[665.670s][info][gc,phases      ] GC(972)   Other: 0.1ms
[665.670s][info][gc,heap        ] GC(972) Eden regions: 101->0(101)
[665.670s][info][gc,heap        ] GC(972) Survivor regions: 5->5(14)
[665.670s][info][gc,heap        ] GC(972) Old regions: 58->58
[665.670s][info][gc,heap        ] GC(972) Humongous regions: 2->2
[665.670s][info][gc,metaspace   ] GC(972) Metaspace: 84776K(85952K)->84776K(85952K) NonClass: 73845K(74496K)->73845K(74496K) Class: 10930K(11456K)->10930K(11456K)
[665.671s][info][gc             ] GC(972) Pause Young (Normal) (G1 Evacuation Pause) 163M->63M(180M) 5.107ms
[665.671s][info][gc,cpu         ] GC(972) User=0.11s Sys=0.00s Real=0.00s
[665.993s][info][gc,start       ] GC(973) Pause Young (Normal) (G1 Evacuation Pause)
[665.993s][info][gc,task        ] GC(973) Using 8 workers of 8 for evacuation
[665.998s][info][gc,phases      ] GC(973)   Pre Evacuate Collection Set: 0.2ms
[665.998s][info][gc,phases      ] GC(973)   Merge Heap Roots: 0.1ms
[665.999s][info][gc,phases      ] GC(973)   Evacuate Collection Set: 4.0ms
[665.999s][info][gc,phases      ] GC(973)   Post Evacuate Collection Set: 0.7ms
[665.999s][info][gc,phases      ] GC(973)   Other: 0.1ms
[665.999s][info][gc,heap        ] GC(973) Eden regions: 101->0(100)
[665.999s][info][gc,heap        ] GC(973) Survivor regions: 5->5(14)
[665.999s][info][gc,heap        ] GC(973) Old regions: 58->59
[665.999s][info][gc,heap        ] GC(973) Humongous regions: 2->2
[665.999s][info][gc,metaspace   ] GC(973) Metaspace: 84776K(85952K)->84776K(85952K) NonClass: 73845K(74496K)->73845K(74496K) Class: 10930K(11456K)->10930K(11456K)
[665.999s][info][gc             ] GC(973) Pause Young (Normal) (G1 Evacuation Pause) 164M->63M(180M) 5.975ms
[665.999s][info][gc,cpu         ] GC(973) User=0.12s Sys=0.00s Real=0.01s
[666.330s][info][gc,start       ] GC(974) Pause Young (Normal) (G1 Evacuation Pause)
[666.331s][info][gc,task        ] GC(974) Using 8 workers of 8 for evacuation
[666.335s][info][gc,phases      ] GC(974)   Pre Evacuate Collection Set: 0.2ms
[666.335s][info][gc,phases      ] GC(974)   Merge Heap Roots: 0.1ms
[666.335s][info][gc,phases      ] GC(974)   Evacuate Collection Set: 3.2ms
[666.335s][info][gc,phases      ] GC(974)   Post Evacuate Collection Set: 0.5ms
[666.335s][info][gc,phases      ] GC(974)   Other: 0.1ms
[666.335s][info][gc,heap        ] GC(974) Eden regions: 100->0(100)
[666.335s][info][gc,heap        ] GC(974) Survivor regions: 5->5(14)
[666.335s][info][gc,heap        ] GC(974) Old regions: 59->59
[666.335s][info][gc,heap        ] GC(974) Humongous regions: 2->2
[666.335s][info][gc,metaspace   ] GC(974) Metaspace: 84776K(85952K)->84776K(85952K) NonClass: 73845K(74496K)->73845K(74496K) Class: 10930K(11456K)->10930K(11456K)
[666.335s][info][gc             ] GC(974) Pause Young (Normal) (G1 Evacuation Pause) 163M->63M(180M) 4.602ms
[666.335s][info][gc,cpu         ] GC(974) User=0.00s Sys=0.00s Real=0.01s
[666.650s][info][gc,start       ] GC(975) Pause Young (Normal) (G1 Evacuation Pause)
[666.650s][info][gc,task        ] GC(975) Using 8 workers of 8 for evacuation
[666.655s][info][gc,phases      ] GC(975)   Pre Evacuate Collection Set: 0.2ms
[666.655s][info][gc,phases      ] GC(975)   Merge Heap Roots: 0.1ms
[666.655s][info][gc,phases      ] GC(975)   Evacuate Collection Set: 3.7ms
[666.655s][info][gc,phases      ] GC(975)   Post Evacuate Collection Set: 0.5ms
[666.655s][info][gc,phases      ] GC(975)   Other: 0.1ms
[666.655s][info][gc,heap        ] GC(975) Eden regions: 100->0(100)
[666.655s][info][gc,heap        ] GC(975) Survivor regions: 5->5(14)
[666.655s][info][gc,heap        ] GC(975) Old regions: 59->59
[666.655s][info][gc,heap        ] GC(975) Humongous regions: 2->2
[666.655s][info][gc,metaspace   ] GC(975) Metaspace: 84776K(85952K)->84776K(85952K) NonClass: 73845K(74496K)->73845K(74496K) Class: 10930K(11456K)->10930K(11456K)
[666.655s][info][gc             ] GC(975) Pause Young (Normal) (G1 Evacuation Pause) 163M->64M(180M) 5.011ms
[666.655s][info][gc,cpu         ] GC(975) User=0.11s Sys=0.00s Real=0.01s
[666.976s][info][gc,start       ] GC(976) Pause Young (Normal) (G1 Evacuation Pause)
[666.976s][info][gc,task        ] GC(976) Using 8 workers of 8 for evacuation
[666.981s][info][gc,phases      ] GC(976)   Pre Evacuate Collection Set: 0.1ms
[666.981s][info][gc,phases      ] GC(976)   Merge Heap Roots: 0.1ms
[666.981s][info][gc,phases      ] GC(976)   Evacuate Collection Set: 3.6ms
[666.981s][info][gc,phases      ] GC(976)   Post Evacuate Collection Set: 0.5ms
[666.981s][info][gc,phases      ] GC(976)   Other: 0.1ms
[666.981s][info][gc,heap        ] GC(976) Eden regions: 100->0(99)
[666.981s][info][gc,heap        ] GC(976) Survivor regions: 5->5(14)
[666.981s][info][gc,heap        ] GC(976) Old regions: 59->60
[666.981s][info][gc,heap        ] GC(976) Humongous regions: 2->2
[666.981s][info][gc,metaspace   ] GC(976) Metaspace: 84776K(85952K)->84776K(85952K) NonClass: 73845K(74496K)->73845K(74496K) Class: 10930K(11456K)->10930K(11456K)
[666.981s][info][gc             ] GC(976) Pause Young (Normal) (G1 Evacuation Pause) 164M->64M(180M) 5.116ms
[666.981s][info][gc,cpu         ] GC(976) User=0.00s Sys=0.00s Real=0.01s
[675.739s][info][gc,start       ] GC(977) Pause Full (System.gc())
[675.739s][info][gc,task        ] GC(977) Using 6 workers of 8 for full compaction
[675.739s][info][gc,phases,start] GC(977) Phase 1: Mark live objects
[675.775s][info][gc,phases      ] GC(977) Phase 1: Mark live objects 36.178ms
[675.775s][info][gc,phases,start] GC(977) Phase 2: Prepare compaction
[675.776s][info][gc,phases      ] GC(977) Phase 2: Prepare compaction 0.989ms
[675.776s][info][gc,phases,start] GC(977) Phase 3: Adjust pointers
[675.786s][info][gc,phases      ] GC(977) Phase 3: Adjust pointers 9.332ms
[675.786s][info][gc,phases,start] GC(977) Phase 4: Compact heap
[675.787s][info][gc,phases      ] GC(977) Phase 4: Compact heap 1.460ms
[675.787s][info][gc,phases,start] GC(977) Phase 5: Reset Metadata
[675.789s][info][gc,phases      ] GC(977) Phase 5: Reset Metadata 1.982ms
[675.797s][info][gc,heap        ] GC(977) Eden regions: 9->0(100)
[675.797s][info][gc,heap        ] GC(977) Survivor regions: 5->0(14)
[675.797s][info][gc,heap        ] GC(977) Old regions: 60->48
[675.797s][info][gc,heap        ] GC(977) Humongous regions: 2->2
[675.797s][info][gc,metaspace   ] GC(977) Metaspace: 84776K(85952K)->84766K(85952K) NonClass: 73846K(74496K)->73837K(74496K) Class: 10930K(11456K)->10928K(11456K)
[675.797s][info][gc             ] GC(977) Pause Full (System.gc()) 72M->46M(167M) 58.825ms
[675.797s][info][gc,cpu         ] GC(977) User=0.30s Sys=0.00s Real=0.06s
[692.547s][info][gc,start       ] GC(978) Pause Young (Concurrent Start) (G1 Evacuation Pause)
[692.547s][info][gc,task        ] GC(978) Using 8 workers of 8 for evacuation
[692.549s][info][gc,phases      ] GC(978)   Pre Evacuate Collection Set: 0.2ms
[692.549s][info][gc,phases      ] GC(978)   Merge Heap Roots: 0.1ms
[692.549s][info][gc,phases      ] GC(978)   Evacuate Collection Set: 0.8ms
[692.549s][info][gc,phases      ] GC(978)   Post Evacuate Collection Set: 0.5ms
[692.549s][info][gc,phases      ] GC(978)   Other: 0.2ms
[692.549s][info][gc,heap        ] GC(978) Eden regions: 100->0(98)
[692.549s][info][gc,heap        ] GC(978) Survivor regions: 0->2(13)
[692.549s][info][gc,heap        ] GC(978) Old regions: 48->48
[692.549s][info][gc,heap        ] GC(978) Humongous regions: 2->2
[692.549s][info][gc,metaspace   ] GC(978) Metaspace: 84767K(85952K)->84767K(85952K) NonClass: 73838K(74496K)->73838K(74496K) Class: 10928K(11456K)->10928K(11456K)
[692.549s][info][gc             ] GC(978) Pause Young (Concurrent Start) (G1 Evacuation Pause) 146M->47M(167M) 2.095ms
[692.549s][info][gc,cpu         ] GC(978) User=0.00s Sys=0.00s Real=0.00s
[692.549s][info][gc             ] GC(979) Concurrent Mark Cycle
[692.549s][info][gc,marking     ] GC(979) Concurrent Scan Root Regions
[692.551s][info][gc,marking     ] GC(979) Concurrent Scan Root Regions 1.305ms
[692.551s][info][gc,marking     ] GC(979) Concurrent Mark
[692.551s][info][gc,marking     ] GC(979) Concurrent Mark From Roots
[692.551s][info][gc,task        ] GC(979) Using 2 workers of 2 for marking
[692.625s][info][gc,marking     ] GC(979) Concurrent Mark From Roots 74.184ms
[692.625s][info][gc,marking     ] GC(979) Concurrent Preclean
[692.625s][info][gc,marking     ] GC(979) Concurrent Preclean 0.237ms
[692.625s][info][gc,start       ] GC(979) Pause Remark
[692.630s][info][gc             ] GC(979) Pause Remark 73M->73M(167M) 5.182ms
[692.630s][info][gc,cpu         ] GC(979) User=0.00s Sys=0.00s Real=0.01s
[692.631s][info][gc,marking     ] GC(979) Concurrent Mark 79.933ms
[692.631s][info][gc,marking     ] GC(979) Concurrent Rebuild Remembered Sets and Scrub Regions
[692.650s][info][gc,marking     ] GC(979) Concurrent Rebuild Remembered Sets and Scrub Regions 19.698ms
[692.650s][info][gc,start       ] GC(979) Pause Cleanup
[692.651s][info][gc             ] GC(979) Pause Cleanup 80M->80M(167M) 0.175ms
[692.651s][info][gc,cpu         ] GC(979) User=0.00s Sys=0.00s Real=0.00s
[692.651s][info][gc,marking     ] GC(979) Concurrent Clear Claimed Marks
[692.651s][info][gc,marking     ] GC(979) Concurrent Clear Claimed Marks 0.084ms
[692.651s][info][gc,marking     ] GC(979) Concurrent Cleanup for Next Mark
[692.651s][info][gc,marking     ] GC(979) Concurrent Cleanup for Next Mark 0.272ms
[692.651s][info][gc             ] GC(979) Concurrent Mark Cycle 101.956ms
[692.815s][info][gc,start       ] GC(980) Pause Young (Prepare Mixed) (G1 Evacuation Pause)
[692.815s][info][gc,task        ] GC(980) Using 8 workers of 8 for evacuation
[692.816s][info][gc,phases      ] GC(980)   Pre Evacuate Collection Set: 0.1ms
[692.816s][info][gc,phases      ] GC(980)   Merge Heap Roots: 0.1ms
[692.816s][info][gc,phases      ] GC(980)   Evacuate Collection Set: 0.9ms
[692.816s][info][gc,phases      ] GC(980)   Post Evacuate Collection Set: 0.3ms
[692.816s][info][gc,phases      ] GC(980)   Other: 0.1ms
[692.816s][info][gc,heap        ] GC(980) Eden regions: 98->0(98)
[692.816s][info][gc,heap        ] GC(980) Survivor regions: 2->2(13)
[692.816s][info][gc,heap        ] GC(980) Old regions: 48->48
[692.816s][info][gc,heap        ] GC(980) Humongous regions: 2->2
[692.816s][info][gc,metaspace   ] GC(980) Metaspace: 84767K(85952K)->84767K(85952K) NonClass: 73838K(74496K)->73838K(74496K) Class: 10928K(11456K)->10928K(11456K)
[692.816s][info][gc             ] GC(980) Pause Young (Prepare Mixed) (G1 Evacuation Pause) 145M->47M(167M) 1.739ms
[692.816s][info][gc,cpu         ] GC(980) User=0.00s Sys=0.00s Real=0.00s
[693.045s][info][gc,start       ] GC(981) Pause Young (Mixed) (G1 Evacuation Pause)
[693.045s][info][gc,task        ] GC(981) Using 8 workers of 8 for evacuation
[693.046s][info][gc,phases      ] GC(981)   Pre Evacuate Collection Set: 0.1ms
[693.046s][info][gc,phases      ] GC(981)   Merge Heap Roots: 0.0ms
[693.046s][info][gc,phases      ] GC(981)   Evacuate Collection Set: 0.9ms
[693.046s][info][gc,phases      ] GC(981)   Post Evacuate Collection Set: 0.4ms
[693.046s][info][gc,phases      ] GC(981)   Other: 0.1ms
[693.046s][info][gc,heap        ] GC(981) Eden regions: 98->0(98)
[693.046s][info][gc,heap        ] GC(981) Survivor regions: 2->2(13)
[693.046s][info][gc,heap        ] GC(981) Old regions: 48->48
[693.047s][info][gc,heap        ] GC(981) Humongous regions: 2->2
[693.047s][info][gc,metaspace   ] GC(981) Metaspace: 84767K(85952K)->84767K(85952K) NonClass: 73838K(74496K)->73838K(74496K) Class: 10928K(11456K)->10928K(11456K)
[693.047s][info][gc             ] GC(981) Pause Young (Mixed) (G1 Evacuation Pause) 145M->47M(167M) 1.976ms
[693.047s][info][gc,cpu         ] GC(981) User=0.00s Sys=0.00s Real=0.00s
[693.262s][info][gc,start       ] GC(982) Pause Young (Normal) (G1 Evacuation Pause)
[693.262s][info][gc,task        ] GC(982) Using 8 workers of 8 for evacuation
[693.264s][info][gc,phases      ] GC(982)   Pre Evacuate Collection Set: 0.2ms
[693.264s][info][gc,phases      ] GC(982)   Merge Heap Roots: 0.1ms
[693.264s][info][gc,phases      ] GC(982)   Evacuate Collection Set: 1.3ms
[693.264s][info][gc,phases      ] GC(982)   Post Evacuate Collection Set: 0.5ms
[693.264s][info][gc,phases      ] GC(982)   Other: 0.1ms
[693.264s][info][gc,heap        ] GC(982) Eden regions: 98->0(98)
[693.264s][info][gc,heap        ] GC(982) Survivor regions: 2->2(13)
[693.264s][info][gc,heap        ] GC(982) Old regions: 48->48
[693.264s][info][gc,heap        ] GC(982) Humongous regions: 2->2
[693.264s][info][gc,metaspace   ] GC(982) Metaspace: 84767K(85952K)->84767K(85952K) NonClass: 73838K(74496K)->73838K(74496K) Class: 10928K(11456K)->10928K(11456K)
[693.265s][info][gc             ] GC(982) Pause Young (Normal) (G1 Evacuation Pause) 145M->48M(167M) 2.490ms
[693.265s][info][gc,cpu         ] GC(982) User=0.00s Sys=0.00s Real=0.00s
[693.642s][info][gc,start       ] GC(983) Pause Young (Normal) (G1 Evacuation Pause)
[693.642s][info][gc,task        ] GC(983) Using 8 workers of 8 for evacuation
[693.643s][info][gc,phases      ] GC(983)   Pre Evacuate Collection Set: 0.1ms
[693.644s][info][gc,phases      ] GC(983)   Merge Heap Roots: 0.1ms
[693.644s][info][gc,phases      ] GC(983)   Evacuate Collection Set: 1.3ms
[693.644s][info][gc,phases      ] GC(983)   Post Evacuate Collection Set: 0.4ms
[693.644s][info][gc,phases      ] GC(983)   Other: 0.1ms
[693.644s][info][gc,heap        ] GC(983) Eden regions: 98->0(97)
[693.644s][info][gc,heap        ] GC(983) Survivor regions: 2->3(13)
[693.644s][info][gc,heap        ] GC(983) Old regions: 48->48
[693.644s][info][gc,heap        ] GC(983) Humongous regions: 2->2
[693.644s][info][gc,metaspace   ] GC(983) Metaspace: 84767K(85952K)->84767K(85952K) NonClass: 73838K(74496K)->73838K(74496K) Class: 10928K(11456K)->10928K(11456K)
[693.644s][info][gc             ] GC(983) Pause Young (Normal) (G1 Evacuation Pause) 146M->48M(167M) 2.200ms
[693.644s][info][gc,cpu         ] GC(983) User=0.00s Sys=0.00s Real=0.00s
[693.895s][info][gc,start       ] GC(984) Pause Young (Normal) (G1 Evacuation Pause)
[693.895s][info][gc,task        ] GC(984) Using 8 workers of 8 for evacuation
[693.897s][info][gc,phases      ] GC(984)   Pre Evacuate Collection Set: 0.1ms
[693.898s][info][gc,phases      ] GC(984)   Merge Heap Roots: 0.1ms
[693.898s][info][gc,phases      ] GC(984)   Evacuate Collection Set: 2.1ms
[693.898s][info][gc,phases      ] GC(984)   Post Evacuate Collection Set: 0.5ms
[693.898s][info][gc,phases      ] GC(984)   Other: 0.1ms
[693.898s][info][gc,heap        ] GC(984) Eden regions: 97->0(97)
[693.898s][info][gc,heap        ] GC(984) Survivor regions: 3->3(13)
[693.898s][info][gc,heap        ] GC(984) Old regions: 48->48
[693.898s][info][gc,heap        ] GC(984) Humongous regions: 2->2
[693.898s][info][gc,metaspace   ] GC(984) Metaspace: 84767K(85952K)->84767K(85952K) NonClass: 73838K(74496K)->73838K(74496K) Class: 10928K(11456K)->10928K(11456K)
[693.898s][info][gc             ] GC(984) Pause Young (Normal) (G1 Evacuation Pause) 145M->48M(167M) 3.370ms
[693.898s][info][gc,cpu         ] GC(984) User=0.00s Sys=0.00s Real=0.00s
[694.143s][info][gc,start       ] GC(985) Pause Young (Normal) (G1 Evacuation Pause)
[694.143s][info][gc,task        ] GC(985) Using 8 workers of 8 for evacuation
[694.145s][info][gc,phases      ] GC(985)   Pre Evacuate Collection Set: 0.1ms
[694.145s][info][gc,phases      ] GC(985)   Merge Heap Roots: 0.1ms
[694.145s][info][gc,phases      ] GC(985)   Evacuate Collection Set: 1.7ms
[694.145s][info][gc,phases      ] GC(985)   Post Evacuate Collection Set: 0.4ms
[694.145s][info][gc,phases      ] GC(985)   Other: 0.1ms
[694.145s][info][gc,heap        ] GC(985) Eden regions: 97->0(97)
[694.145s][info][gc,heap        ] GC(985) Survivor regions: 3->3(13)
[694.145s][info][gc,heap        ] GC(985) Old regions: 48->48
[694.145s][info][gc,heap        ] GC(985) Humongous regions: 2->2
[694.145s][info][gc,metaspace   ] GC(985) Metaspace: 84767K(85952K)->84767K(85952K) NonClass: 73838K(74496K)->73838K(74496K) Class: 10928K(11456K)->10928K(11456K)
[694.145s][info][gc             ] GC(985) Pause Young (Normal) (G1 Evacuation Pause) 145M->49M(167M) 2.691ms
[694.145s][info][gc,cpu         ] GC(985) User=0.00s Sys=0.00s Real=0.00s
[694.361s][info][gc,start       ] GC(986) Pause Young (Normal) (G1 Evacuation Pause)
[694.361s][info][gc,task        ] GC(986) Using 8 workers of 8 for evacuation
[694.363s][info][gc,phases      ] GC(986)   Pre Evacuate Collection Set: 0.2ms
[694.363s][info][gc,phases      ] GC(986)   Merge Heap Roots: 0.1ms
[694.363s][info][gc,phases      ] GC(986)   Evacuate Collection Set: 1.5ms
[694.363s][info][gc,phases      ] GC(986)   Post Evacuate Collection Set: 0.4ms
[694.363s][info][gc,phases      ] GC(986)   Other: 0.1ms
[694.363s][info][gc,heap        ] GC(986) Eden regions: 97->0(97)
[694.363s][info][gc,heap        ] GC(986) Survivor regions: 3->3(13)
[694.363s][info][gc,heap        ] GC(986) Old regions: 48->48
[694.363s][info][gc,heap        ] GC(986) Humongous regions: 2->2
[694.363s][info][gc,metaspace   ] GC(986) Metaspace: 84767K(85952K)->84767K(85952K) NonClass: 73838K(74496K)->73838K(74496K) Class: 10928K(11456K)->10928K(11456K)
[694.363s][info][gc             ] GC(986) Pause Young (Normal) (G1 Evacuation Pause) 146M->49M(167M) 2.663ms
[694.363s][info][gc,cpu         ] GC(986) User=0.00s Sys=0.00s Real=0.00s
[694.616s][info][gc,start       ] GC(987) Pause Young (Normal) (G1 Evacuation Pause)
[694.616s][info][gc,task        ] GC(987) Using 8 workers of 8 for evacuation
[694.619s][info][gc,phases      ] GC(987)   Pre Evacuate Collection Set: 0.1ms
[694.619s][info][gc,phases      ] GC(987)   Merge Heap Roots: 0.1ms
[694.619s][info][gc,phases      ] GC(987)   Evacuate Collection Set: 1.7ms
[694.619s][info][gc,phases      ] GC(987)   Post Evacuate Collection Set: 0.5ms
[694.619s][info][gc,phases      ] GC(987)   Other: 0.1ms
[694.619s][info][gc,heap        ] GC(987) Eden regions: 97->0(96)
[694.619s][info][gc,heap        ] GC(987) Survivor regions: 3->4(13)
[694.619s][info][gc,heap        ] GC(987) Old regions: 48->48
[694.619s][info][gc,heap        ] GC(987) Humongous regions: 2->2
[694.619s][info][gc,metaspace   ] GC(987) Metaspace: 84767K(85952K)->84767K(85952K) NonClass: 73838K(74496K)->73838K(74496K) Class: 10928K(11456K)->10928K(11456K)
[694.619s][info][gc             ] GC(987) Pause Young (Normal) (G1 Evacuation Pause) 146M->49M(167M) 3.105ms
[694.619s][info][gc,cpu         ] GC(987) User=0.00s Sys=0.00s Real=0.00s
[694.879s][info][gc,start       ] GC(988) Pause Young (Normal) (G1 Evacuation Pause)
[694.879s][info][gc,task        ] GC(988) Using 8 workers of 8 for evacuation
[694.883s][info][gc,phases      ] GC(988)   Pre Evacuate Collection Set: 0.1ms
[694.883s][info][gc,phases      ] GC(988)   Merge Heap Roots: 0.1ms
[694.883s][info][gc,phases      ] GC(988)   Evacuate Collection Set: 2.7ms
[694.883s][info][gc,phases      ] GC(988)   Post Evacuate Collection Set: 0.5ms
[694.883s][info][gc,phases      ] GC(988)   Other: 0.1ms
[694.883s][info][gc,heap        ] GC(988) Eden regions: 96->0(96)
[694.883s][info][gc,heap        ] GC(988) Survivor regions: 4->4(13)
[694.883s][info][gc,heap        ] GC(988) Old regions: 48->48
[694.883s][info][gc,heap        ] GC(988) Humongous regions: 2->2
[694.883s][info][gc,metaspace   ] GC(988) Metaspace: 84767K(85952K)->84767K(85952K) NonClass: 73838K(74496K)->73838K(74496K) Class: 10928K(11456K)->10928K(11456K)
[694.883s][info][gc             ] GC(988) Pause Young (Normal) (G1 Evacuation Pause) 145M->50M(167M) 3.926ms
[694.883s][info][gc,cpu         ] GC(988) User=0.00s Sys=0.00s Real=0.00s
[695.112s][info][gc,start       ] GC(989) Pause Young (Normal) (G1 Evacuation Pause)
[695.112s][info][gc,task        ] GC(989) Using 8 workers of 8 for evacuation
[695.115s][info][gc,phases      ] GC(989)   Pre Evacuate Collection Set: 0.1ms
[695.115s][info][gc,phases      ] GC(989)   Merge Heap Roots: 0.1ms
[695.115s][info][gc,phases      ] GC(989)   Evacuate Collection Set: 2.3ms
[695.115s][info][gc,phases      ] GC(989)   Post Evacuate Collection Set: 0.4ms
[695.115s][info][gc,phases      ] GC(989)   Other: 0.1ms
[695.115s][info][gc,heap        ] GC(989) Eden regions: 96->0(96)
[695.115s][info][gc,heap        ] GC(989) Survivor regions: 4->4(13)
[695.115s][info][gc,heap        ] GC(989) Old regions: 48->48
[695.115s][info][gc,heap        ] GC(989) Humongous regions: 2->2
[695.115s][info][gc,metaspace   ] GC(989) Metaspace: 84767K(85952K)->84767K(85952K) NonClass: 73838K(74496K)->73838K(74496K) Class: 10928K(11456K)->10928K(11456K)
[695.115s][info][gc             ] GC(989) Pause Young (Normal) (G1 Evacuation Pause) 146M->50M(167M) 3.357ms
[695.115s][info][gc,cpu         ] GC(989) User=0.00s Sys=0.00s Real=0.00s
[695.358s][info][gc,start       ] GC(990) Pause Young (Normal) (G1 Evacuation Pause)
[695.358s][info][gc,task        ] GC(990) Using 8 workers of 8 for evacuation
[695.361s][info][gc,phases      ] GC(990)   Pre Evacuate Collection Set: 0.1ms
[695.361s][info][gc,phases      ] GC(990)   Merge Heap Roots: 0.1ms
[695.361s][info][gc,phases      ] GC(990)   Evacuate Collection Set: 2.1ms
[695.361s][info][gc,phases      ] GC(990)   Post Evacuate Collection Set: 0.5ms
[695.361s][info][gc,phases      ] GC(990)   Other: 0.1ms
[695.361s][info][gc,heap        ] GC(990) Eden regions: 96->0(95)
[695.361s][info][gc,heap        ] GC(990) Survivor regions: 4->5(13)
[695.361s][info][gc,heap        ] GC(990) Old regions: 48->48
[695.361s][info][gc,heap        ] GC(990) Humongous regions: 2->2
[695.361s][info][gc,metaspace   ] GC(990) Metaspace: 84767K(85952K)->84767K(85952K) NonClass: 73838K(74496K)->73838K(74496K) Class: 10928K(11456K)->10928K(11456K)
[695.361s][info][gc             ] GC(990) Pause Young (Normal) (G1 Evacuation Pause) 146M->50M(167M) 3.248ms
[695.361s][info][gc,cpu         ] GC(990) User=0.00s Sys=0.00s Real=0.00s
[695.631s][info][gc,start       ] GC(991) Pause Young (Normal) (G1 Evacuation Pause)
[695.631s][info][gc,task        ] GC(991) Using 8 workers of 8 for evacuation
[695.635s][info][gc,phases      ] GC(991)   Pre Evacuate Collection Set: 0.2ms
[695.635s][info][gc,phases      ] GC(991)   Merge Heap Roots: 0.1ms
[695.635s][info][gc,phases      ] GC(991)   Evacuate Collection Set: 2.7ms
[695.635s][info][gc,phases      ] GC(991)   Post Evacuate Collection Set: 0.5ms
[695.635s][info][gc,phases      ] GC(991)   Other: 0.1ms
[695.635s][info][gc,heap        ] GC(991) Eden regions: 95->0(95)
[695.635s][info][gc,heap        ] GC(991) Survivor regions: 5->5(13)
[695.635s][info][gc,heap        ] GC(991) Old regions: 48->48
[695.635s][info][gc,heap        ] GC(991) Humongous regions: 2->2
[695.635s][info][gc,metaspace   ] GC(991) Metaspace: 84767K(85952K)->84767K(85952K) NonClass: 73838K(74496K)->73838K(74496K) Class: 10928K(11456K)->10928K(11456K)
[695.635s][info][gc             ] GC(991) Pause Young (Normal) (G1 Evacuation Pause) 145M->50M(167M) 3.924ms
[695.635s][info][gc,cpu         ] GC(991) User=0.00s Sys=0.00s Real=0.00s
[695.857s][info][gc,start       ] GC(992) Pause Young (Normal) (G1 Evacuation Pause)
[695.857s][info][gc,task        ] GC(992) Using 8 workers of 8 for evacuation
[695.860s][info][gc,phases      ] GC(992)   Pre Evacuate Collection Set: 0.2ms
[695.860s][info][gc,phases      ] GC(992)   Merge Heap Roots: 0.1ms
[695.860s][info][gc,phases      ] GC(992)   Evacuate Collection Set: 2.2ms
[695.860s][info][gc,phases      ] GC(992)   Post Evacuate Collection Set: 0.4ms
[695.860s][info][gc,phases      ] GC(992)   Other: 0.1ms
[695.860s][info][gc,heap        ] GC(992) Eden regions: 95->0(95)
[695.860s][info][gc,heap        ] GC(992) Survivor regions: 5->5(13)
[695.860s][info][gc,heap        ] GC(992) Old regions: 48->48
[695.860s][info][gc,heap        ] GC(992) Humongous regions: 2->2
[695.860s][info][gc,metaspace   ] GC(992) Metaspace: 84767K(85952K)->84767K(85952K) NonClass: 73838K(74496K)->73838K(74496K) Class: 10928K(11456K)->10928K(11456K)
[695.861s][info][gc             ] GC(992) Pause Young (Normal) (G1 Evacuation Pause) 145M->51M(167M) 3.277ms
[695.861s][info][gc,cpu         ] GC(992) User=0.00s Sys=0.00s Real=0.00s
[696.086s][info][gc,start       ] GC(993) Pause Young (Normal) (G1 Evacuation Pause)
[696.086s][info][gc,task        ] GC(993) Using 8 workers of 8 for evacuation
[696.091s][info][gc,phases      ] GC(993)   Pre Evacuate Collection Set: 0.1ms
[696.091s][info][gc,phases      ] GC(993)   Merge Heap Roots: 0.0ms
[696.091s][info][gc,phases      ] GC(993)   Evacuate Collection Set: 4.0ms
[696.091s][info][gc,phases      ] GC(993)   Post Evacuate Collection Set: 0.4ms
[696.091s][info][gc,phases      ] GC(993)   Other: 0.1ms
[696.091s][info][gc,heap        ] GC(993) Eden regions: 95->0(94)
[696.091s][info][gc,heap        ] GC(993) Survivor regions: 5->6(13)
[696.091s][info][gc,heap        ] GC(993) Old regions: 48->48
[696.091s][info][gc,heap        ] GC(993) Humongous regions: 2->2
[696.091s][info][gc,metaspace   ] GC(993) Metaspace: 84767K(85952K)->84767K(85952K) NonClass: 73838K(74496K)->73838K(74496K) Class: 10928K(11456K)->10928K(11456K)
[696.091s][info][gc             ] GC(993) Pause Young (Normal) (G1 Evacuation Pause) 146M->51M(167M) 5.169ms
[696.091s][info][gc,cpu         ] GC(993) User=0.02s Sys=0.00s Real=0.00s
[696.348s][info][gc,start       ] GC(994) Pause Young (Normal) (G1 Evacuation Pause)
[696.348s][info][gc,task        ] GC(994) Using 8 workers of 8 for evacuation
[696.351s][info][gc,phases      ] GC(994)   Pre Evacuate Collection Set: 0.3ms
[696.351s][info][gc,phases      ] GC(994)   Merge Heap Roots: 0.1ms
[696.351s][info][gc,phases      ] GC(994)   Evacuate Collection Set: 2.3ms
[696.351s][info][gc,phases      ] GC(994)   Post Evacuate Collection Set: 0.6ms
[696.352s][info][gc,phases      ] GC(994)   Other: 0.1ms
[696.352s][info][gc,heap        ] GC(994) Eden regions: 94->0(95)
[696.352s][info][gc,heap        ] GC(994) Survivor regions: 6->5(13)
[696.352s][info][gc,heap        ] GC(994) Old regions: 48->48
[696.352s][info][gc,heap        ] GC(994) Humongous regions: 2->2
[696.352s][info][gc,metaspace   ] GC(994) Metaspace: 84767K(85952K)->84767K(85952K) NonClass: 73838K(74496K)->73838K(74496K) Class: 10928K(11456K)->10928K(11456K)
[696.352s][info][gc             ] GC(994) Pause Young (Normal) (G1 Evacuation Pause) 145M->51M(167M) 3.702ms
[696.352s][info][gc,cpu         ] GC(994) User=0.00s Sys=0.00s Real=0.00s
[696.609s][info][gc,start       ] GC(995) Pause Young (Normal) (G1 Evacuation Pause)
[696.609s][info][gc,task        ] GC(995) Using 8 workers of 8 for evacuation
[696.612s][info][gc,phases      ] GC(995)   Pre Evacuate Collection Set: 0.2ms
[696.612s][info][gc,phases      ] GC(995)   Merge Heap Roots: 0.1ms
[696.613s][info][gc,phases      ] GC(995)   Evacuate Collection Set: 2.8ms
[696.613s][info][gc,phases      ] GC(995)   Post Evacuate Collection Set: 0.5ms
[696.613s][info][gc,phases      ] GC(995)   Other: 0.1ms
[696.613s][info][gc,heap        ] GC(995) Eden regions: 95->0(95)
[696.613s][info][gc,heap        ] GC(995) Survivor regions: 5->5(13)
[696.613s][info][gc,heap        ] GC(995) Old regions: 48->49
[696.613s][info][gc,heap        ] GC(995) Humongous regions: 2->2
[696.613s][info][gc,metaspace   ] GC(995) Metaspace: 84767K(85952K)->84767K(85952K) NonClass: 73838K(74496K)->73838K(74496K) Class: 10928K(11456K)->10928K(11456K)
[696.613s][info][gc             ] GC(995) Pause Young (Normal) (G1 Evacuation Pause) 146M->51M(167M) 4.180ms
[696.613s][info][gc,cpu         ] GC(995) User=0.00s Sys=0.00s Real=0.00s
[696.823s][info][gc,start       ] GC(996) Pause Young (Normal) (G1 Evacuation Pause)
[696.823s][info][gc,task        ] GC(996) Using 8 workers of 8 for evacuation
[696.826s][info][gc,phases      ] GC(996)   Pre Evacuate Collection Set: 0.1ms
[696.826s][info][gc,phases      ] GC(996)   Merge Heap Roots: 0.1ms
[696.826s][info][gc,phases      ] GC(996)   Evacuate Collection Set: 2.3ms
[696.826s][info][gc,phases      ] GC(996)   Post Evacuate Collection Set: 0.4ms
[696.826s][info][gc,phases      ] GC(996)   Other: 0.1ms
[696.826s][info][gc,heap        ] GC(996) Eden regions: 95->0(95)
[696.826s][info][gc,heap        ] GC(996) Survivor regions: 5->5(13)
[696.826s][info][gc,heap        ] GC(996) Old regions: 49->49
[696.826s][info][gc,heap        ] GC(996) Humongous regions: 2->2
[696.826s][info][gc,metaspace   ] GC(996) Metaspace: 84767K(85952K)->84767K(85952K) NonClass: 73838K(74496K)->73838K(74496K) Class: 10928K(11456K)->10928K(11456K)
[696.826s][info][gc             ] GC(996) Pause Young (Normal) (G1 Evacuation Pause) 146M->52M(167M) 3.375ms
[696.826s][info][gc,cpu         ] GC(996) User=0.12s Sys=0.00s Real=0.00s
[697.066s][info][gc,start       ] GC(997) Pause Young (Normal) (G1 Evacuation Pause)
[697.066s][info][gc,task        ] GC(997) Using 8 workers of 8 for evacuation
[697.070s][info][gc,phases      ] GC(997)   Pre Evacuate Collection Set: 0.1ms
[697.070s][info][gc,phases      ] GC(997)   Merge Heap Roots: 0.1ms
[697.070s][info][gc,phases      ] GC(997)   Evacuate Collection Set: 3.3ms
[697.070s][info][gc,phases      ] GC(997)   Post Evacuate Collection Set: 0.5ms
[697.070s][info][gc,phases      ] GC(997)   Other: 0.1ms
[697.070s][info][gc,heap        ] GC(997) Eden regions: 95->0(95)
[697.070s][info][gc,heap        ] GC(997) Survivor regions: 5->5(13)
[697.070s][info][gc,heap        ] GC(997) Old regions: 49->49
[697.070s][info][gc,heap        ] GC(997) Humongous regions: 2->2
[697.070s][info][gc,metaspace   ] GC(997) Metaspace: 84767K(85952K)->84767K(85952K) NonClass: 73838K(74496K)->73838K(74496K) Class: 10928K(11456K)->10928K(11456K)
[697.070s][info][gc             ] GC(997) Pause Young (Normal) (G1 Evacuation Pause) 147M->52M(167M) 4.648ms
[697.070s][info][gc,cpu         ] GC(997) User=0.00s Sys=0.00s Real=0.00s
[697.365s][info][gc,start       ] GC(998) Pause Young (Normal) (G1 Evacuation Pause)
[697.365s][info][gc,task        ] GC(998) Using 8 workers of 8 for evacuation
[697.368s][info][gc,phases      ] GC(998)   Pre Evacuate Collection Set: 0.1ms
[697.368s][info][gc,phases      ] GC(998)   Merge Heap Roots: 0.1ms
[697.368s][info][gc,phases      ] GC(998)   Evacuate Collection Set: 2.4ms
[697.368s][info][gc,phases      ] GC(998)   Post Evacuate Collection Set: 0.4ms
[697.368s][info][gc,phases      ] GC(998)   Other: 0.1ms
[697.368s][info][gc,heap        ] GC(998) Eden regions: 95->0(95)
[697.368s][info][gc,heap        ] GC(998) Survivor regions: 5->5(13)
[697.368s][info][gc,heap        ] GC(998) Old regions: 49->50
[697.368s][info][gc,heap        ] GC(998) Humongous regions: 2->2
[697.368s][info][gc,metaspace   ] GC(998) Metaspace: 84767K(85952K)->84767K(85952K) NonClass: 73838K(74496K)->73838K(74496K) Class: 10928K(11456K)->10928K(11456K)
[697.368s][info][gc             ] GC(998) Pause Young (Normal) (G1 Evacuation Pause) 147M->52M(167M) 3.503ms
[697.368s][info][gc,cpu         ] GC(998) User=0.00s Sys=0.00s Real=0.00s
[700.603s][info][gc,start       ] GC(999) Pause Young (Normal) (G1 Evacuation Pause)
[700.603s][info][gc,task        ] GC(999) Using 8 workers of 8 for evacuation
[700.606s][info][gc,phases      ] GC(999)   Pre Evacuate Collection Set: 0.1ms
[700.606s][info][gc,phases      ] GC(999)   Merge Heap Roots: 0.1ms
[700.606s][info][gc,phases      ] GC(999)   Evacuate Collection Set: 2.5ms
[700.606s][info][gc,phases      ] GC(999)   Post Evacuate Collection Set: 0.5ms
[700.606s][info][gc,phases      ] GC(999)   Other: 0.1ms
[700.606s][info][gc,heap        ] GC(999) Eden regions: 95->0(94)
[700.606s][info][gc,heap        ] GC(999) Survivor regions: 5->6(13)
[700.606s][info][gc,heap        ] GC(999) Old regions: 50->50
[700.606s][info][gc,heap        ] GC(999) Humongous regions: 2->2
[700.606s][info][gc,metaspace   ] GC(999) Metaspace: 84767K(85952K)->84767K(85952K) NonClass: 73838K(74496K)->73838K(74496K) Class: 10928K(11456K)->10928K(11456K)
[700.607s][info][gc             ] GC(999) Pause Young (Normal) (G1 Evacuation Pause) 147M->53M(167M) 3.674ms
[700.607s][info][gc,cpu         ] GC(999) User=0.02s Sys=0.02s Real=0.00s
[700.767s][info][gc,start       ] GC(1000) Pause Young (Normal) (G1 Evacuation Pause)
[700.767s][info][gc,task        ] GC(1000) Using 8 workers of 8 for evacuation
[700.770s][info][gc,phases      ] GC(1000)   Pre Evacuate Collection Set: 0.1ms
[700.770s][info][gc,phases      ] GC(1000)   Merge Heap Roots: 0.1ms
[700.770s][info][gc,phases      ] GC(1000)   Evacuate Collection Set: 2.9ms
[700.770s][info][gc,phases      ] GC(1000)   Post Evacuate Collection Set: 0.4ms
[700.770s][info][gc,phases      ] GC(1000)   Other: 0.1ms
[700.771s][info][gc,heap        ] GC(1000) Eden regions: 94->0(95)
[700.771s][info][gc,heap        ] GC(1000) Survivor regions: 6->5(13)
[700.771s][info][gc,heap        ] GC(1000) Old regions: 50->50
[700.771s][info][gc,heap        ] GC(1000) Humongous regions: 2->2
[700.771s][info][gc,metaspace   ] GC(1000) Metaspace: 84767K(85952K)->84767K(85952K) NonClass: 73838K(74496K)->73838K(74496K) Class: 10928K(11456K)->10928K(11456K)
[700.771s][info][gc             ] GC(1000) Pause Young (Normal) (G1 Evacuation Pause) 147M->53M(167M) 4.097ms
[700.771s][info][gc,cpu         ] GC(1000) User=0.00s Sys=0.00s Real=0.00s
[701.066s][info][gc,start       ] GC(1001) Pause Young (Normal) (G1 Evacuation Pause)
[701.066s][info][gc,task        ] GC(1001) Using 8 workers of 8 for evacuation
[701.069s][info][gc,phases      ] GC(1001)   Pre Evacuate Collection Set: 0.1ms
[701.069s][info][gc,phases      ] GC(1001)   Merge Heap Roots: 0.1ms
[701.069s][info][gc,phases      ] GC(1001)   Evacuate Collection Set: 2.8ms
[701.069s][info][gc,phases      ] GC(1001)   Post Evacuate Collection Set: 0.4ms
[701.069s][info][gc,phases      ] GC(1001)   Other: 0.1ms
[701.069s][info][gc,heap        ] GC(1001) Eden regions: 95->0(95)
[701.069s][info][gc,heap        ] GC(1001) Survivor regions: 5->5(13)
[701.069s][info][gc,heap        ] GC(1001) Old regions: 50->50
[701.069s][info][gc,heap        ] GC(1001) Humongous regions: 2->2
[701.069s][info][gc,metaspace   ] GC(1001) Metaspace: 84767K(85952K)->84767K(85952K) NonClass: 73838K(74496K)->73838K(74496K) Class: 10928K(11456K)->10928K(11456K)
[701.069s][info][gc             ] GC(1001) Pause Young (Normal) (G1 Evacuation Pause) 148M->54M(167M) 3.761ms
[701.069s][info][gc,cpu         ] GC(1001) User=0.00s Sys=0.00s Real=0.00s
[701.319s][info][gc,start       ] GC(1002) Pause Young (Normal) (G1 Evacuation Pause)
[701.319s][info][gc,task        ] GC(1002) Using 8 workers of 8 for evacuation
[701.323s][info][gc,phases      ] GC(1002)   Pre Evacuate Collection Set: 0.1ms
[701.323s][info][gc,phases      ] GC(1002)   Merge Heap Roots: 0.1ms
[701.323s][info][gc,phases      ] GC(1002)   Evacuate Collection Set: 3.0ms
[701.323s][info][gc,phases      ] GC(1002)   Post Evacuate Collection Set: 0.4ms
[701.323s][info][gc,phases      ] GC(1002)   Other: 0.1ms
[701.323s][info][gc,heap        ] GC(1002) Eden regions: 95->0(93)
[701.323s][info][gc,heap        ] GC(1002) Survivor regions: 5->6(13)
[701.323s][info][gc,heap        ] GC(1002) Old regions: 50->51
[701.323s][info][gc,heap        ] GC(1002) Humongous regions: 2->2
[701.323s][info][gc,metaspace   ] GC(1002) Metaspace: 84767K(85952K)->84767K(85952K) NonClass: 73838K(74496K)->73838K(74496K) Class: 10928K(11456K)->10928K(11456K)
[701.323s][info][gc             ] GC(1002) Pause Young (Normal) (G1 Evacuation Pause) 149M->54M(167M) 4.108ms
[701.323s][info][gc,cpu         ] GC(1002) User=0.00s Sys=0.00s Real=0.00s
[701.551s][info][gc,start       ] GC(1003) Pause Young (Normal) (G1 Evacuation Pause)
[701.551s][info][gc,task        ] GC(1003) Using 8 workers of 8 for evacuation
[701.554s][info][gc,phases      ] GC(1003)   Pre Evacuate Collection Set: 0.2ms
[701.554s][info][gc,phases      ] GC(1003)   Merge Heap Roots: 0.1ms
[701.554s][info][gc,phases      ] GC(1003)   Evacuate Collection Set: 2.1ms
[701.554s][info][gc,phases      ] GC(1003)   Post Evacuate Collection Set: 0.4ms
[701.554s][info][gc,phases      ] GC(1003)   Other: 0.1ms
[701.554s][info][gc,heap        ] GC(1003) Eden regions: 93->0(95)
[701.554s][info][gc,heap        ] GC(1003) Survivor regions: 6->5(13)
[701.554s][info][gc,heap        ] GC(1003) Old regions: 51->51
[701.555s][info][gc,heap        ] GC(1003) Humongous regions: 2->2
[701.555s][info][gc,metaspace   ] GC(1003) Metaspace: 84767K(85952K)->84767K(85952K) NonClass: 73838K(74496K)->73838K(74496K) Class: 10928K(11456K)->10928K(11456K)
[701.555s][info][gc             ] GC(1003) Pause Young (Normal) (G1 Evacuation Pause) 147M->54M(167M) 3.164ms
[701.555s][info][gc,cpu         ] GC(1003) User=0.00s Sys=0.00s Real=0.00s
[701.793s][info][gc,start       ] GC(1004) Pause Young (Normal) (G1 Evacuation Pause)
[701.793s][info][gc,task        ] GC(1004) Using 8 workers of 8 for evacuation
[701.797s][info][gc,phases      ] GC(1004)   Pre Evacuate Collection Set: 0.1ms
[701.797s][info][gc,phases      ] GC(1004)   Merge Heap Roots: 0.1ms
[701.797s][info][gc,phases      ] GC(1004)   Evacuate Collection Set: 2.6ms
[701.797s][info][gc,phases      ] GC(1004)   Post Evacuate Collection Set: 0.4ms
[701.797s][info][gc,phases      ] GC(1004)   Other: 0.1ms
[701.797s][info][gc,heap        ] GC(1004) Eden regions: 95->0(93)
[701.797s][info][gc,heap        ] GC(1004) Survivor regions: 5->6(13)
[701.797s][info][gc,heap        ] GC(1004) Old regions: 51->51
[701.797s][info][gc,heap        ] GC(1004) Humongous regions: 2->2
[701.797s][info][gc,metaspace   ] GC(1004) Metaspace: 84767K(85952K)->84767K(85952K) NonClass: 73838K(74496K)->73838K(74496K) Class: 10928K(11456K)->10928K(11456K)
[701.797s][info][gc             ] GC(1004) Pause Young (Normal) (G1 Evacuation Pause) 149M->55M(167M) 3.766ms
[701.797s][info][gc,cpu         ] GC(1004) User=0.08s Sys=0.00s Real=0.00s
[702.028s][info][gc,start       ] GC(1005) Pause Young (Normal) (G1 Evacuation Pause)
[702.028s][info][gc,task        ] GC(1005) Using 8 workers of 8 for evacuation
[702.032s][info][gc,phases      ] GC(1005)   Pre Evacuate Collection Set: 0.1ms
[702.032s][info][gc,phases      ] GC(1005)   Merge Heap Roots: 0.1ms
[702.032s][info][gc,phases      ] GC(1005)   Evacuate Collection Set: 2.4ms
[702.032s][info][gc,phases      ] GC(1005)   Post Evacuate Collection Set: 0.5ms
[702.032s][info][gc,phases      ] GC(1005)   Other: 0.1ms
[702.032s][info][gc,heap        ] GC(1005) Eden regions: 93->0(92)
[702.032s][info][gc,heap        ] GC(1005) Survivor regions: 6->6(13)
[702.032s][info][gc,heap        ] GC(1005) Old regions: 51->52
[702.032s][info][gc,heap        ] GC(1005) Humongous regions: 2->2
[702.032s][info][gc,metaspace   ] GC(1005) Metaspace: 84767K(85952K)->84767K(85952K) NonClass: 73838K(74496K)->73838K(74496K) Class: 10928K(11456K)->10928K(11456K)
[702.032s][info][gc             ] GC(1005) Pause Young (Normal) (G1 Evacuation Pause) 148M->55M(167M) 3.550ms
[702.032s][info][gc,cpu         ] GC(1005) User=0.00s Sys=0.00s Real=0.00s
[702.260s][info][gc,start       ] GC(1006) Pause Young (Normal) (G1 Evacuation Pause)
[702.260s][info][gc,task        ] GC(1006) Using 8 workers of 8 for evacuation
[702.264s][info][gc,phases      ] GC(1006)   Pre Evacuate Collection Set: 0.2ms
[702.264s][info][gc,phases      ] GC(1006)   Merge Heap Roots: 0.1ms
[702.264s][info][gc,phases      ] GC(1006)   Evacuate Collection Set: 2.5ms
[702.264s][info][gc,phases      ] GC(1006)   Post Evacuate Collection Set: 0.4ms
[702.264s][info][gc,phases      ] GC(1006)   Other: 0.1ms
[702.264s][info][gc,heap        ] GC(1006) Eden regions: 92->0(94)
[702.264s][info][gc,heap        ] GC(1006) Survivor regions: 6->5(13)
[702.264s][info][gc,heap        ] GC(1006) Old regions: 52->52
[702.264s][info][gc,heap        ] GC(1006) Humongous regions: 2->2
[702.264s][info][gc,metaspace   ] GC(1006) Metaspace: 84767K(85952K)->84767K(85952K) NonClass: 73838K(74496K)->73838K(74496K) Class: 10928K(11456K)->10928K(11456K)
[702.264s][info][gc             ] GC(1006) Pause Young (Normal) (G1 Evacuation Pause) 147M->55M(167M) 3.848ms
[702.264s][info][gc,cpu         ] GC(1006) User=0.12s Sys=0.00s Real=0.00s
[702.518s][info][gc,start       ] GC(1007) Pause Young (Normal) (G1 Evacuation Pause)
[702.518s][info][gc,task        ] GC(1007) Using 8 workers of 8 for evacuation
[702.523s][info][gc,phases      ] GC(1007)   Pre Evacuate Collection Set: 0.2ms
[702.523s][info][gc,phases      ] GC(1007)   Merge Heap Roots: 0.1ms
[702.523s][info][gc,phases      ] GC(1007)   Evacuate Collection Set: 3.4ms
[702.523s][info][gc,phases      ] GC(1007)   Post Evacuate Collection Set: 0.6ms
[702.523s][info][gc,phases      ] GC(1007)   Other: 0.1ms
[702.523s][info][gc,heap        ] GC(1007) Eden regions: 94->0(94)
[702.523s][info][gc,heap        ] GC(1007) Survivor regions: 5->5(13)
[702.523s][info][gc,heap        ] GC(1007) Old regions: 52->52
[702.523s][info][gc,heap        ] GC(1007) Humongous regions: 2->2
[702.523s][info][gc,metaspace   ] GC(1007) Metaspace: 84777K(85952K)->84777K(85952K) NonClass: 73848K(74496K)->73848K(74496K) Class: 10928K(11456K)->10928K(11456K)
[702.523s][info][gc             ] GC(1007) Pause Young (Normal) (G1 Evacuation Pause) 149M->56M(167M) 4.805ms
[702.523s][info][gc,cpu         ] GC(1007) User=0.00s Sys=0.00s Real=0.00s
[702.764s][info][gc,start       ] GC(1008) Pause Young (Normal) (G1 Evacuation Pause)
[702.764s][info][gc,task        ] GC(1008) Using 8 workers of 8 for evacuation
[702.767s][info][gc,phases      ] GC(1008)   Pre Evacuate Collection Set: 0.2ms
[702.768s][info][gc,phases      ] GC(1008)   Merge Heap Roots: 0.1ms
[702.768s][info][gc,phases      ] GC(1008)   Evacuate Collection Set: 2.4ms
[702.768s][info][gc,phases      ] GC(1008)   Post Evacuate Collection Set: 0.5ms
[702.768s][info][gc,phases      ] GC(1008)   Other: 0.1ms
[702.768s][info][gc,heap        ] GC(1008) Eden regions: 94->0(93)
[702.768s][info][gc,heap        ] GC(1008) Survivor regions: 5->5(13)
[702.768s][info][gc,heap        ] GC(1008) Old regions: 52->53
[702.768s][info][gc,heap        ] GC(1008) Humongous regions: 2->2
[702.768s][info][gc,metaspace   ] GC(1008) Metaspace: 84777K(85952K)->84777K(85952K) NonClass: 73848K(74496K)->73848K(74496K) Class: 10928K(11456K)->10928K(11456K)
[702.768s][info][gc             ] GC(1008) Pause Young (Normal) (G1 Evacuation Pause) 150M->56M(167M) 3.723ms
[702.768s][info][gc,cpu         ] GC(1008) User=0.00s Sys=0.00s Real=0.00s
[703.015s][info][gc,start       ] GC(1009) Pause Young (Normal) (G1 Evacuation Pause)
[703.015s][info][gc,task        ] GC(1009) Using 8 workers of 8 for evacuation
[703.018s][info][gc,phases      ] GC(1009)   Pre Evacuate Collection Set: 0.2ms
[703.018s][info][gc,phases      ] GC(1009)   Merge Heap Roots: 0.1ms
[703.018s][info][gc,phases      ] GC(1009)   Evacuate Collection Set: 2.4ms
[703.018s][info][gc,phases      ] GC(1009)   Post Evacuate Collection Set: 0.5ms
[703.018s][info][gc,phases      ] GC(1009)   Other: 0.1ms
[703.018s][info][gc,heap        ] GC(1009) Eden regions: 93->0(91)
[703.018s][info][gc,heap        ] GC(1009) Survivor regions: 5->6(13)
[703.018s][info][gc,heap        ] GC(1009) Old regions: 53->53
[703.018s][info][gc,heap        ] GC(1009) Humongous regions: 2->2
[703.018s][info][gc,metaspace   ] GC(1009) Metaspace: 84777K(85952K)->84777K(85952K) NonClass: 73848K(74496K)->73848K(74496K) Class: 10928K(11456K)->10928K(11456K)
[703.018s][info][gc             ] GC(1009) Pause Young (Normal) (G1 Evacuation Pause) 149M->56M(167M) 3.782ms
[703.018s][info][gc,cpu         ] GC(1009) User=0.00s Sys=0.00s Real=0.00s
[703.256s][info][gc,start       ] GC(1010) Pause Young (Normal) (G1 Evacuation Pause)
[703.256s][info][gc,task        ] GC(1010) Using 8 workers of 8 for evacuation
[703.260s][info][gc,phases      ] GC(1010)   Pre Evacuate Collection Set: 0.1ms
[703.260s][info][gc,phases      ] GC(1010)   Merge Heap Roots: 0.0ms
[703.260s][info][gc,phases      ] GC(1010)   Evacuate Collection Set: 2.7ms
[703.260s][info][gc,phases      ] GC(1010)   Post Evacuate Collection Set: 0.7ms
[703.260s][info][gc,phases      ] GC(1010)   Other: 0.1ms
[703.260s][info][gc,heap        ] GC(1010) Eden regions: 91->0(93)
[703.260s][info][gc,heap        ] GC(1010) Survivor regions: 6->5(13)
[703.260s][info][gc,heap        ] GC(1010) Old regions: 53->53
[703.260s][info][gc,heap        ] GC(1010) Humongous regions: 2->2
[703.260s][info][gc,metaspace   ] GC(1010) Metaspace: 84777K(85952K)->84777K(85952K) NonClass: 73848K(74496K)->73848K(74496K) Class: 10928K(11456K)->10928K(11456K)
[703.260s][info][gc             ] GC(1010) Pause Young (Normal) (G1 Evacuation Pause) 147M->56M(167M) 4.202ms
[703.260s][info][gc,cpu         ] GC(1010) User=0.00s Sys=0.00s Real=0.00s
[703.537s][info][gc,start       ] GC(1011) Pause Young (Normal) (G1 Evacuation Pause)
[703.537s][info][gc,task        ] GC(1011) Using 8 workers of 8 for evacuation
[703.540s][info][gc,phases      ] GC(1011)   Pre Evacuate Collection Set: 0.1ms
[703.540s][info][gc,phases      ] GC(1011)   Merge Heap Roots: 0.1ms
[703.540s][info][gc,phases      ] GC(1011)   Evacuate Collection Set: 2.8ms
[703.540s][info][gc,phases      ] GC(1011)   Post Evacuate Collection Set: 0.3ms
[703.540s][info][gc,phases      ] GC(1011)   Other: 0.1ms
[703.540s][info][gc,heap        ] GC(1011) Eden regions: 93->0(93)
[703.540s][info][gc,heap        ] GC(1011) Survivor regions: 5->5(13)
[703.540s][info][gc,heap        ] GC(1011) Old regions: 53->53
[703.540s][info][gc,heap        ] GC(1011) Humongous regions: 2->2
[703.540s][info][gc,metaspace   ] GC(1011) Metaspace: 84777K(85952K)->84777K(85952K) NonClass: 73848K(74496K)->73848K(74496K) Class: 10928K(11456K)->10928K(11456K)
[703.540s][info][gc             ] GC(1011) Pause Young (Normal) (G1 Evacuation Pause) 149M->57M(167M) 3.718ms
[703.540s][info][gc,cpu         ] GC(1011) User=0.00s Sys=0.00s Real=0.00s
[703.770s][info][gc,start       ] GC(1012) Pause Young (Normal) (G1 Evacuation Pause)
[703.770s][info][gc,task        ] GC(1012) Using 8 workers of 8 for evacuation
[703.774s][info][gc,phases      ] GC(1012)   Pre Evacuate Collection Set: 0.2ms
[703.774s][info][gc,phases      ] GC(1012)   Merge Heap Roots: 0.1ms
[703.774s][info][gc,phases      ] GC(1012)   Evacuate Collection Set: 3.1ms
[703.774s][info][gc,phases      ] GC(1012)   Post Evacuate Collection Set: 0.6ms
[703.774s][info][gc,phases      ] GC(1012)   Other: 0.1ms
[703.774s][info][gc,heap        ] GC(1012) Eden regions: 93->0(90)
[703.774s][info][gc,heap        ] GC(1012) Survivor regions: 5->6(13)
[703.774s][info][gc,heap        ] GC(1012) Old regions: 53->54
[703.774s][info][gc,heap        ] GC(1012) Humongous regions: 2->2
[703.774s][info][gc,metaspace   ] GC(1012) Metaspace: 84777K(85952K)->84777K(85952K) NonClass: 73848K(74496K)->73848K(74496K) Class: 10928K(11456K)->10928K(11456K)
[703.774s][info][gc             ] GC(1012) Pause Young (Normal) (G1 Evacuation Pause) 150M->57M(167M) 4.535ms
[703.775s][info][gc,cpu         ] GC(1012) User=0.00s Sys=0.00s Real=0.01s
[704.028s][info][gc,start       ] GC(1013) Pause Young (Normal) (G1 Evacuation Pause)
[704.028s][info][gc,task        ] GC(1013) Using 8 workers of 8 for evacuation
[704.033s][info][gc,phases      ] GC(1013)   Pre Evacuate Collection Set: 0.2ms
[704.033s][info][gc,phases      ] GC(1013)   Merge Heap Roots: 0.1ms
[704.033s][info][gc,phases      ] GC(1013)   Evacuate Collection Set: 3.8ms
[704.033s][info][gc,phases      ] GC(1013)   Post Evacuate Collection Set: 0.6ms
[704.033s][info][gc,phases      ] GC(1013)   Other: 0.1ms
[704.033s][info][gc,heap        ] GC(1013) Eden regions: 90->0(92)
[704.033s][info][gc,heap        ] GC(1013) Survivor regions: 6->5(12)
[704.033s][info][gc,heap        ] GC(1013) Old regions: 54->54
[704.033s][info][gc,heap        ] GC(1013) Humongous regions: 2->2
[704.033s][info][gc,metaspace   ] GC(1013) Metaspace: 84777K(85952K)->84777K(85952K) NonClass: 73848K(74496K)->73848K(74496K) Class: 10928K(11456K)->10928K(11456K)
[704.033s][info][gc             ] GC(1013) Pause Young (Normal) (G1 Evacuation Pause) 147M->57M(167M) 5.297ms
[704.033s][info][gc,cpu         ] GC(1013) User=0.00s Sys=0.02s Real=0.00s
[704.263s][info][gc,start       ] GC(1014) Pause Young (Normal) (G1 Evacuation Pause)
[704.263s][info][gc,task        ] GC(1014) Using 8 workers of 8 for evacuation
[704.266s][info][gc,phases      ] GC(1014)   Pre Evacuate Collection Set: 0.1ms
[704.266s][info][gc,phases      ] GC(1014)   Merge Heap Roots: 0.1ms
[704.266s][info][gc,phases      ] GC(1014)   Evacuate Collection Set: 2.5ms
[704.266s][info][gc,phases      ] GC(1014)   Post Evacuate Collection Set: 0.5ms
[704.266s][info][gc,phases      ] GC(1014)   Other: 0.1ms
[704.266s][info][gc,heap        ] GC(1014) Eden regions: 92->0(91)
[704.266s][info][gc,heap        ] GC(1014) Survivor regions: 5->5(13)
[704.266s][info][gc,heap        ] GC(1014) Old regions: 54->55
[704.266s][info][gc,heap        ] GC(1014) Humongous regions: 2->2
[704.266s][info][gc,metaspace   ] GC(1014) Metaspace: 84777K(85952K)->84777K(85952K) NonClass: 73848K(74496K)->73848K(74496K) Class: 10928K(11456K)->10928K(11456K)
[704.266s][info][gc             ] GC(1014) Pause Young (Normal) (G1 Evacuation Pause) 149M->58M(167M) 3.828ms
[704.267s][info][gc,cpu         ] GC(1014) User=0.00s Sys=0.00s Real=0.00s
[704.506s][info][gc,start       ] GC(1015) Pause Young (Concurrent Start) (G1 Evacuation Pause)
[704.506s][info][gc,task        ] GC(1015) Using 8 workers of 8 for evacuation
[704.511s][info][gc,phases      ] GC(1015)   Pre Evacuate Collection Set: 0.2ms
[704.511s][info][gc,phases      ] GC(1015)   Merge Heap Roots: 0.1ms
[704.511s][info][gc,phases      ] GC(1015)   Evacuate Collection Set: 3.8ms
[704.511s][info][gc,phases      ] GC(1015)   Post Evacuate Collection Set: 0.7ms
[704.511s][info][gc,phases      ] GC(1015)   Other: 0.2ms
[704.511s][info][gc,heap        ] GC(1015) Eden regions: 91->0(91)
[704.511s][info][gc,heap        ] GC(1015) Survivor regions: 5->5(12)
[704.511s][info][gc,heap        ] GC(1015) Old regions: 55->55
[704.511s][info][gc,heap        ] GC(1015) Humongous regions: 2->2
[704.511s][info][gc,metaspace   ] GC(1015) Metaspace: 84777K(85952K)->84777K(85952K) NonClass: 73848K(74496K)->73848K(74496K) Class: 10928K(11456K)->10928K(11456K)
[704.511s][info][gc             ] GC(1015) Pause Young (Concurrent Start) (G1 Evacuation Pause) 149M->58M(167M) 5.404ms
[704.511s][info][gc,cpu         ] GC(1015) User=0.00s Sys=0.00s Real=0.01s
[704.511s][info][gc             ] GC(1016) Concurrent Mark Cycle
[704.511s][info][gc,marking     ] GC(1016) Concurrent Scan Root Regions
[704.516s][info][gc,marking     ] GC(1016) Concurrent Scan Root Regions 4.658ms
[704.516s][info][gc,marking     ] GC(1016) Concurrent Mark
[704.516s][info][gc,marking     ] GC(1016) Concurrent Mark From Roots
[704.516s][info][gc,task        ] GC(1016) Using 2 workers of 2 for marking
[704.605s][info][gc,marking     ] GC(1016) Concurrent Mark From Roots 88.943ms
[704.605s][info][gc,marking     ] GC(1016) Concurrent Preclean
[704.606s][info][gc,marking     ] GC(1016) Concurrent Preclean 0.381ms
[704.606s][info][gc,start       ] GC(1016) Pause Remark
[704.613s][info][gc             ] GC(1016) Pause Remark 82M->82M(167M) 7.792ms
[704.614s][info][gc,cpu         ] GC(1016) User=0.08s Sys=0.00s Real=0.01s
[704.614s][info][gc,marking     ] GC(1016) Concurrent Mark 97.545ms
[704.614s][info][gc,marking     ] GC(1016) Concurrent Rebuild Remembered Sets and Scrub Regions
[704.644s][info][gc,marking     ] GC(1016) Concurrent Rebuild Remembered Sets and Scrub Regions 30.485ms
[704.644s][info][gc,start       ] GC(1016) Pause Cleanup
[704.645s][info][gc             ] GC(1016) Pause Cleanup 91M->91M(167M) 0.160ms
[704.645s][info][gc,cpu         ] GC(1016) User=0.00s Sys=0.00s Real=0.00s
[704.645s][info][gc,marking     ] GC(1016) Concurrent Clear Claimed Marks
[704.645s][info][gc,marking     ] GC(1016) Concurrent Clear Claimed Marks 0.107ms
[704.645s][info][gc,marking     ] GC(1016) Concurrent Cleanup for Next Mark
[704.645s][info][gc,marking     ] GC(1016) Concurrent Cleanup for Next Mark 0.445ms
[704.645s][info][gc             ] GC(1016) Concurrent Mark Cycle 134.128ms
[704.777s][info][gc,start       ] GC(1017) Pause Young (Prepare Mixed) (G1 Evacuation Pause)
[704.777s][info][gc,task        ] GC(1017) Using 8 workers of 8 for evacuation
[704.782s][info][gc,phases      ] GC(1017)   Pre Evacuate Collection Set: 0.2ms
[704.782s][info][gc,phases      ] GC(1017)   Merge Heap Roots: 0.1ms
[704.782s][info][gc,phases      ] GC(1017)   Evacuate Collection Set: 3.7ms
[704.782s][info][gc,phases      ] GC(1017)   Post Evacuate Collection Set: 0.5ms
[704.782s][info][gc,phases      ] GC(1017)   Other: 0.1ms
[704.782s][info][gc,heap        ] GC(1017) Eden regions: 91->0(91)
[704.782s][info][gc,heap        ] GC(1017) Survivor regions: 5->5(12)
[704.782s][info][gc,heap        ] GC(1017) Old regions: 55->55
[704.782s][info][gc,heap        ] GC(1017) Humongous regions: 2->2
[704.782s][info][gc,metaspace   ] GC(1017) Metaspace: 84777K(85952K)->84777K(85952K) NonClass: 73848K(74496K)->73848K(74496K) Class: 10928K(11456K)->10928K(11456K)
[704.782s][info][gc             ] GC(1017) Pause Young (Prepare Mixed) (G1 Evacuation Pause) 149M->58M(167M) 5.262ms
[704.782s][info][gc,cpu         ] GC(1017) User=0.11s Sys=0.00s Real=0.00s
[705.060s][info][gc,start       ] GC(1018) Pause Young (Mixed) (G1 Evacuation Pause)
[705.060s][info][gc,task        ] GC(1018) Using 8 workers of 8 for evacuation
[705.065s][info][gc,phases      ] GC(1018)   Pre Evacuate Collection Set: 0.2ms
[705.065s][info][gc,phases      ] GC(1018)   Merge Heap Roots: 0.1ms
[705.065s][info][gc,phases      ] GC(1018)   Evacuate Collection Set: 4.1ms
[705.065s][info][gc,phases      ] GC(1018)   Post Evacuate Collection Set: 0.6ms
[705.065s][info][gc,phases      ] GC(1018)   Other: 0.1ms
[705.065s][info][gc,heap        ] GC(1018) Eden regions: 91->0(91)
[705.065s][info][gc,heap        ] GC(1018) Survivor regions: 5->5(12)
[705.065s][info][gc,heap        ] GC(1018) Old regions: 55->55
[705.065s][info][gc,heap        ] GC(1018) Humongous regions: 2->2
[705.066s][info][gc,metaspace   ] GC(1018) Metaspace: 84777K(85952K)->84777K(85952K) NonClass: 73848K(74496K)->73848K(74496K) Class: 10928K(11456K)->10928K(11456K)
[705.066s][info][gc             ] GC(1018) Pause Young (Mixed) (G1 Evacuation Pause) 149M->59M(167M) 5.681ms
[705.066s][info][gc,cpu         ] GC(1018) User=0.00s Sys=0.00s Real=0.01s
[705.344s][info][gc,start       ] GC(1019) Pause Young (Concurrent Start) (G1 Evacuation Pause)
[705.344s][info][gc,task        ] GC(1019) Using 8 workers of 8 for evacuation
[705.348s][info][gc,phases      ] GC(1019)   Pre Evacuate Collection Set: 0.2ms
[705.349s][info][gc,phases      ] GC(1019)   Merge Heap Roots: 0.1ms
[705.349s][info][gc,phases      ] GC(1019)   Evacuate Collection Set: 3.4ms
[705.349s][info][gc,phases      ] GC(1019)   Post Evacuate Collection Set: 0.8ms
[705.349s][info][gc,phases      ] GC(1019)   Other: 0.2ms
[705.349s][info][gc,heap        ] GC(1019) Eden regions: 91->0(91)
[705.349s][info][gc,heap        ] GC(1019) Survivor regions: 5->5(12)
[705.349s][info][gc,heap        ] GC(1019) Old regions: 55->55
[705.349s][info][gc,heap        ] GC(1019) Humongous regions: 2->2
[705.349s][info][gc,metaspace   ] GC(1019) Metaspace: 84777K(85952K)->84777K(85952K) NonClass: 73848K(74496K)->73848K(74496K) Class: 10928K(11456K)->10928K(11456K)
[705.349s][info][gc             ] GC(1019) Pause Young (Concurrent Start) (G1 Evacuation Pause) 150M->59M(167M) 5.189ms
[705.349s][info][gc             ] GC(1020) Concurrent Mark Cycle
[705.349s][info][gc,cpu         ] GC(1019) User=0.00s Sys=0.00s Real=0.00s
[705.349s][info][gc,marking     ] GC(1020) Concurrent Scan Root Regions
[705.353s][info][gc,marking     ] GC(1020) Concurrent Scan Root Regions 3.976ms
[705.353s][info][gc,marking     ] GC(1020) Concurrent Mark
[705.353s][info][gc,marking     ] GC(1020) Concurrent Mark From Roots
[705.353s][info][gc,task        ] GC(1020) Using 2 workers of 2 for marking
[705.459s][info][gc,marking     ] GC(1020) Concurrent Mark From Roots 105.422ms
[705.459s][info][gc,marking     ] GC(1020) Concurrent Preclean
[705.459s][info][gc,marking     ] GC(1020) Concurrent Preclean 0.374ms
[705.459s][info][gc,start       ] GC(1020) Pause Remark
[705.466s][info][gc             ] GC(1020) Pause Remark 87M->87M(167M) 6.575ms
[705.466s][info][gc,cpu         ] GC(1020) User=0.02s Sys=0.00s Real=0.01s
[705.466s][info][gc,marking     ] GC(1020) Concurrent Mark 112.719ms
[705.466s][info][gc,marking     ] GC(1020) Concurrent Rebuild Remembered Sets and Scrub Regions
[705.499s][info][gc,marking     ] GC(1020) Concurrent Rebuild Remembered Sets and Scrub Regions 33.131ms
[705.499s][info][gc,start       ] GC(1020) Pause Cleanup
[705.499s][info][gc             ] GC(1020) Pause Cleanup 95M->95M(167M) 0.150ms
[705.499s][info][gc,cpu         ] GC(1020) User=0.00s Sys=0.00s Real=0.00s
[705.499s][info][gc,marking     ] GC(1020) Concurrent Clear Claimed Marks
[705.500s][info][gc,marking     ] GC(1020) Concurrent Clear Claimed Marks 0.100ms
[705.500s][info][gc,marking     ] GC(1020) Concurrent Cleanup for Next Mark
[705.500s][info][gc,marking     ] GC(1020) Concurrent Cleanup for Next Mark 0.302ms
[705.500s][info][gc             ] GC(1020) Concurrent Mark Cycle 150.941ms
[705.640s][info][gc,start       ] GC(1021) Pause Young (Prepare Mixed) (G1 Evacuation Pause)
[705.640s][info][gc,task        ] GC(1021) Using 8 workers of 8 for evacuation
[705.645s][info][gc,phases      ] GC(1021)   Pre Evacuate Collection Set: 0.1ms
[705.645s][info][gc,phases      ] GC(1021)   Merge Heap Roots: 0.1ms
[705.645s][info][gc,phases      ] GC(1021)   Evacuate Collection Set: 3.6ms
[705.645s][info][gc,phases      ] GC(1021)   Post Evacuate Collection Set: 0.4ms
[705.645s][info][gc,phases      ] GC(1021)   Other: 0.1ms
[705.645s][info][gc,heap        ] GC(1021) Eden regions: 91->0(91)
[705.645s][info][gc,heap        ] GC(1021) Survivor regions: 5->5(12)
[705.645s][info][gc,heap        ] GC(1021) Old regions: 55->55
[705.645s][info][gc,heap        ] GC(1021) Humongous regions: 2->2
[705.645s][info][gc,metaspace   ] GC(1021) Metaspace: 84777K(85952K)->84777K(85952K) NonClass: 73848K(74496K)->73848K(74496K) Class: 10928K(11456K)->10928K(11456K)
[705.645s][info][gc             ] GC(1021) Pause Young (Prepare Mixed) (G1 Evacuation Pause) 150M->59M(167M) 4.722ms
[705.645s][info][gc,cpu         ] GC(1021) User=0.00s Sys=0.00s Real=0.00s
[705.847s][info][gc,start       ] GC(1022) Pause Young (Mixed) (G1 Evacuation Pause)
[705.847s][info][gc,task        ] GC(1022) Using 8 workers of 8 for evacuation
[705.851s][info][gc,phases      ] GC(1022)   Pre Evacuate Collection Set: 0.3ms
[705.851s][info][gc,phases      ] GC(1022)   Merge Heap Roots: 0.1ms
[705.851s][info][gc,phases      ] GC(1022)   Evacuate Collection Set: 3.1ms
[705.851s][info][gc,phases      ] GC(1022)   Post Evacuate Collection Set: 0.5ms
[705.851s][info][gc,phases      ] GC(1022)   Other: 0.2ms
[705.851s][info][gc,heap        ] GC(1022) Eden regions: 91->0(91)
[705.851s][info][gc,heap        ] GC(1022) Survivor regions: 5->5(12)
[705.851s][info][gc,heap        ] GC(1022) Old regions: 55->55
[705.851s][info][gc,heap        ] GC(1022) Humongous regions: 2->2
[705.851s][info][gc,metaspace   ] GC(1022) Metaspace: 84777K(85952K)->84777K(85952K) NonClass: 73848K(74496K)->73848K(74496K) Class: 10928K(11456K)->10928K(11456K)
[705.852s][info][gc             ] GC(1022) Pause Young (Mixed) (G1 Evacuation Pause) 150M->59M(167M) 4.692ms
[705.852s][info][gc,cpu         ] GC(1022) User=0.00s Sys=0.00s Real=0.00s
[709.057s][info][gc,start       ] GC(1023) Pause Young (Concurrent Start) (G1 Evacuation Pause)
[709.057s][info][gc,task        ] GC(1023) Using 8 workers of 8 for evacuation
[709.061s][info][gc,phases      ] GC(1023)   Pre Evacuate Collection Set: 0.2ms
[709.061s][info][gc,phases      ] GC(1023)   Merge Heap Roots: 0.1ms
[709.061s][info][gc,phases      ] GC(1023)   Evacuate Collection Set: 3.0ms
[709.061s][info][gc,phases      ] GC(1023)   Post Evacuate Collection Set: 0.5ms
[709.061s][info][gc,phases      ] GC(1023)   Other: 0.2ms
[709.061s][info][gc,heap        ] GC(1023) Eden regions: 91->0(89)
[709.061s][info][gc,heap        ] GC(1023) Survivor regions: 5->6(12)
[709.061s][info][gc,heap        ] GC(1023) Old regions: 55->55
[709.061s][info][gc,heap        ] GC(1023) Humongous regions: 2->2
[709.061s][info][gc,metaspace   ] GC(1023) Metaspace: 84777K(85952K)->84777K(85952K) NonClass: 73848K(74496K)->73848K(74496K) Class: 10928K(11456K)->10928K(11456K)
[709.061s][info][gc             ] GC(1023) Pause Young (Concurrent Start) (G1 Evacuation Pause) 150M->60M(167M) 4.320ms
[709.061s][info][gc,cpu         ] GC(1023) User=0.11s Sys=0.00s Real=0.00s
[709.061s][info][gc             ] GC(1024) Concurrent Mark Cycle
[709.061s][info][gc,marking     ] GC(1024) Concurrent Scan Root Regions
[709.065s][info][gc,marking     ] GC(1024) Concurrent Scan Root Regions 3.870ms
[709.065s][info][gc,marking     ] GC(1024) Concurrent Mark
[709.065s][info][gc,marking     ] GC(1024) Concurrent Mark From Roots
[709.065s][info][gc,task        ] GC(1024) Using 2 workers of 2 for marking
[709.143s][info][gc,marking     ] GC(1024) Concurrent Mark From Roots 78.314ms
[709.143s][info][gc,marking     ] GC(1024) Concurrent Preclean
[709.144s][info][gc,marking     ] GC(1024) Concurrent Preclean 0.352ms
[709.144s][info][gc,start       ] GC(1024) Pause Remark
[709.149s][info][gc             ] GC(1024) Pause Remark 84M->84M(167M) 4.999ms
[709.149s][info][gc,cpu         ] GC(1024) User=0.00s Sys=0.00s Real=0.01s
[709.149s][info][gc,marking     ] GC(1024) Concurrent Mark 84.024ms
[709.149s][info][gc,marking     ] GC(1024) Concurrent Rebuild Remembered Sets and Scrub Regions
[709.172s][info][gc,marking     ] GC(1024) Concurrent Rebuild Remembered Sets and Scrub Regions 23.371ms
[709.172s][info][gc,start       ] GC(1024) Pause Cleanup
[709.173s][info][gc             ] GC(1024) Pause Cleanup 93M->93M(167M) 0.159ms
[709.173s][info][gc,cpu         ] GC(1024) User=0.00s Sys=0.00s Real=0.00s
[709.173s][info][gc,marking     ] GC(1024) Concurrent Clear Claimed Marks
[709.173s][info][gc,marking     ] GC(1024) Concurrent Clear Claimed Marks 0.088ms
[709.173s][info][gc,marking     ] GC(1024) Concurrent Cleanup for Next Mark
[709.173s][info][gc,marking     ] GC(1024) Concurrent Cleanup for Next Mark 0.298ms
[709.173s][info][gc             ] GC(1024) Concurrent Mark Cycle 112.336ms
[709.319s][info][gc,start       ] GC(1025) Pause Young (Prepare Mixed) (G1 Evacuation Pause)
[709.319s][info][gc,task        ] GC(1025) Using 8 workers of 8 for evacuation
[709.322s][info][gc,phases      ] GC(1025)   Pre Evacuate Collection Set: 0.1ms
[709.322s][info][gc,phases      ] GC(1025)   Merge Heap Roots: 0.1ms
[709.322s][info][gc,phases      ] GC(1025)   Evacuate Collection Set: 2.5ms
[709.323s][info][gc,phases      ] GC(1025)   Post Evacuate Collection Set: 0.4ms
[709.323s][info][gc,phases      ] GC(1025)   Other: 0.1ms
[709.323s][info][gc,heap        ] GC(1025) Eden regions: 89->0(89)
[709.323s][info][gc,heap        ] GC(1025) Survivor regions: 6->6(12)
[709.323s][info][gc,heap        ] GC(1025) Old regions: 55->55
[709.323s][info][gc,heap        ] GC(1025) Humongous regions: 2->2
[709.323s][info][gc,metaspace   ] GC(1025) Metaspace: 84777K(85952K)->84777K(85952K) NonClass: 73848K(74496K)->73848K(74496K) Class: 10928K(11456K)->10928K(11456K)
[709.323s][info][gc             ] GC(1025) Pause Young (Prepare Mixed) (G1 Evacuation Pause) 149M->61M(167M) 3.568ms
[709.323s][info][gc,cpu         ] GC(1025) User=0.00s Sys=0.00s Real=0.00s
[709.540s][info][gc,start       ] GC(1026) Pause Young (Mixed) (G1 Evacuation Pause)
[709.540s][info][gc,task        ] GC(1026) Using 8 workers of 8 for evacuation
[709.545s][info][gc,phases      ] GC(1026)   Pre Evacuate Collection Set: 0.2ms
[709.545s][info][gc,phases      ] GC(1026)   Merge Heap Roots: 0.1ms
[709.545s][info][gc,phases      ] GC(1026)   Evacuate Collection Set: 3.5ms
[709.545s][info][gc,phases      ] GC(1026)   Post Evacuate Collection Set: 0.7ms
[709.545s][info][gc,phases      ] GC(1026)   Other: 0.1ms
[709.545s][info][gc,heap        ] GC(1026) Eden regions: 89->0(89)
[709.545s][info][gc,heap        ] GC(1026) Survivor regions: 6->6(12)
[709.545s][info][gc,heap        ] GC(1026) Old regions: 55->55
[709.545s][info][gc,heap        ] GC(1026) Humongous regions: 2->2
[709.545s][info][gc,metaspace   ] GC(1026) Metaspace: 84777K(85952K)->84777K(85952K) NonClass: 73848K(74496K)->73848K(74496K) Class: 10928K(11456K)->10928K(11456K)
[709.545s][info][gc             ] GC(1026) Pause Young (Mixed) (G1 Evacuation Pause) 150M->61M(167M) 5.081ms
[709.545s][info][gc,cpu         ] GC(1026) User=0.11s Sys=0.00s Real=0.00s
[709.756s][info][gc,start       ] GC(1027) Pause Young (Concurrent Start) (G1 Evacuation Pause)
[709.756s][info][gc,task        ] GC(1027) Using 8 workers of 8 for evacuation
[709.759s][info][gc,phases      ] GC(1027)   Pre Evacuate Collection Set: 0.1ms
[709.759s][info][gc,phases      ] GC(1027)   Merge Heap Roots: 0.0ms
[709.759s][info][gc,phases      ] GC(1027)   Evacuate Collection Set: 2.1ms
[709.759s][info][gc,phases      ] GC(1027)   Post Evacuate Collection Set: 0.4ms
[709.759s][info][gc,phases      ] GC(1027)   Other: 0.1ms
[709.759s][info][gc,heap        ] GC(1027) Eden regions: 89->0(88)
[709.760s][info][gc,heap        ] GC(1027) Survivor regions: 6->6(12)
[709.760s][info][gc,heap        ] GC(1027) Old regions: 55->56
[709.760s][info][gc,heap        ] GC(1027) Humongous regions: 2->2
[709.760s][info][gc,metaspace   ] GC(1027) Metaspace: 84777K(85952K)->84777K(85952K) NonClass: 73848K(74496K)->73848K(74496K) Class: 10928K(11456K)->10928K(11456K)
[709.760s][info][gc             ] GC(1027) Pause Young (Concurrent Start) (G1 Evacuation Pause) 150M->61M(167M) 3.299ms
[709.760s][info][gc,cpu         ] GC(1027) User=0.00s Sys=0.00s Real=0.00s
[709.760s][info][gc             ] GC(1028) Concurrent Mark Cycle
[709.760s][info][gc,marking     ] GC(1028) Concurrent Scan Root Regions
[709.764s][info][gc,marking     ] GC(1028) Concurrent Scan Root Regions 4.004ms
[709.764s][info][gc,marking     ] GC(1028) Concurrent Mark
[709.764s][info][gc,marking     ] GC(1028) Concurrent Mark From Roots
[709.764s][info][gc,task        ] GC(1028) Using 2 workers of 2 for marking
[709.860s][info][gc,marking     ] GC(1028) Concurrent Mark From Roots 96.558ms
[709.861s][info][gc,marking     ] GC(1028) Concurrent Preclean
[709.861s][info][gc,marking     ] GC(1028) Concurrent Preclean 0.382ms
[709.861s][info][gc,start       ] GC(1028) Pause Remark
[709.867s][info][gc             ] GC(1028) Pause Remark 88M->88M(167M) 5.868ms
[709.867s][info][gc,cpu         ] GC(1028) User=0.00s Sys=0.00s Real=0.01s
[709.867s][info][gc,marking     ] GC(1028) Concurrent Mark 103.301ms
[709.867s][info][gc,marking     ] GC(1028) Concurrent Rebuild Remembered Sets and Scrub Regions
[709.905s][info][gc,marking     ] GC(1028) Concurrent Rebuild Remembered Sets and Scrub Regions 38.184ms
[709.906s][info][gc,start       ] GC(1028) Pause Cleanup
[709.906s][info][gc             ] GC(1028) Pause Cleanup 96M->96M(167M) 0.217ms
[709.906s][info][gc,cpu         ] GC(1028) User=0.00s Sys=0.00s Real=0.00s
[709.906s][info][gc,marking     ] GC(1028) Concurrent Clear Claimed Marks
[709.906s][info][gc,marking     ] GC(1028) Concurrent Clear Claimed Marks 0.128ms
[709.906s][info][gc,marking     ] GC(1028) Concurrent Cleanup for Next Mark
[709.907s][info][gc,marking     ] GC(1028) Concurrent Cleanup for Next Mark 0.470ms
[709.907s][info][gc             ] GC(1028) Concurrent Mark Cycle 146.999ms
[710.035s][info][gc,start       ] GC(1029) Pause Young (Prepare Mixed) (G1 Evacuation Pause)
[710.036s][info][gc,task        ] GC(1029) Using 8 workers of 8 for evacuation
[710.039s][info][gc,phases      ] GC(1029)   Pre Evacuate Collection Set: 0.1ms
[710.040s][info][gc,phases      ] GC(1029)   Merge Heap Roots: 0.1ms
[710.040s][info][gc,phases      ] GC(1029)   Evacuate Collection Set: 3.2ms
[710.040s][info][gc,phases      ] GC(1029)   Post Evacuate Collection Set: 0.4ms
[710.040s][info][gc,phases      ] GC(1029)   Other: 0.2ms
[710.040s][info][gc,heap        ] GC(1029) Eden regions: 88->0(88)
[710.040s][info][gc,heap        ] GC(1029) Survivor regions: 6->6(12)
[710.040s][info][gc,heap        ] GC(1029) Old regions: 56->56
[710.040s][info][gc,heap        ] GC(1029) Humongous regions: 2->2
[710.040s][info][gc,metaspace   ] GC(1029) Metaspace: 84777K(85952K)->84777K(85952K) NonClass: 73848K(74496K)->73848K(74496K) Class: 10928K(11456K)->10928K(11456K)
[710.040s][info][gc             ] GC(1029) Pause Young (Prepare Mixed) (G1 Evacuation Pause) 149M->61M(167M) 4.232ms
[710.040s][info][gc,cpu         ] GC(1029) User=0.00s Sys=0.00s Real=0.00s
[710.389s][info][gc,start       ] GC(1030) Pause Young (Mixed) (G1 Evacuation Pause)
[710.389s][info][gc,task        ] GC(1030) Using 8 workers of 8 for evacuation
[710.393s][info][gc,phases      ] GC(1030)   Pre Evacuate Collection Set: 0.2ms
[710.393s][info][gc,phases      ] GC(1030)   Merge Heap Roots: 0.1ms
[710.393s][info][gc,phases      ] GC(1030)   Evacuate Collection Set: 3.8ms
[710.393s][info][gc,phases      ] GC(1030)   Post Evacuate Collection Set: 0.4ms
[710.393s][info][gc,phases      ] GC(1030)   Other: 0.1ms
[710.393s][info][gc,heap        ] GC(1030) Eden regions: 88->0(90)
[710.393s][info][gc,heap        ] GC(1030) Survivor regions: 6->5(12)
[710.394s][info][gc,heap        ] GC(1030) Old regions: 56->56
[710.394s][info][gc,heap        ] GC(1030) Humongous regions: 2->2
[710.394s][info][gc,metaspace   ] GC(1030) Metaspace: 84777K(85952K)->84777K(85952K) NonClass: 73848K(74496K)->73848K(74496K) Class: 10928K(11456K)->10928K(11456K)
[710.394s][info][gc             ] GC(1030) Pause Young (Mixed) (G1 Evacuation Pause) 149M->61M(167M) 4.947ms
[710.394s][info][gc,cpu         ] GC(1030) User=0.00s Sys=0.00s Real=0.00s
[710.633s][info][gc,start       ] GC(1031) Pause Young (Concurrent Start) (G1 Evacuation Pause)
[710.633s][info][gc,task        ] GC(1031) Using 8 workers of 8 for evacuation
[710.637s][info][gc,phases      ] GC(1031)   Pre Evacuate Collection Set: 0.2ms
[710.637s][info][gc,phases      ] GC(1031)   Merge Heap Roots: 0.1ms
[710.637s][info][gc,phases      ] GC(1031)   Evacuate Collection Set: 3.0ms
[710.637s][info][gc,phases      ] GC(1031)   Post Evacuate Collection Set: 0.6ms
[710.637s][info][gc,phases      ] GC(1031)   Other: 0.1ms
[710.637s][info][gc,heap        ] GC(1031) Eden regions: 90->0(90)
[710.637s][info][gc,heap        ] GC(1031) Survivor regions: 5->5(12)
[710.637s][info][gc,heap        ] GC(1031) Old regions: 56->56
[710.637s][info][gc,heap        ] GC(1031) Humongous regions: 2->2
[710.637s][info][gc,metaspace   ] GC(1031) Metaspace: 84777K(85952K)->84777K(85952K) NonClass: 73848K(74496K)->73848K(74496K) Class: 10928K(11456K)->10928K(11456K)
[710.637s][info][gc             ] GC(1031) Pause Young (Concurrent Start) (G1 Evacuation Pause) 151M->61M(167M) 4.432ms
[710.637s][info][gc             ] GC(1032) Concurrent Mark Cycle
[710.637s][info][gc,cpu         ] GC(1031) User=0.02s Sys=0.00s Real=0.00s
[710.637s][info][gc,marking     ] GC(1032) Concurrent Scan Root Regions
[710.644s][info][gc,marking     ] GC(1032) Concurrent Scan Root Regions 6.627ms
[710.644s][info][gc,marking     ] GC(1032) Concurrent Mark
[710.644s][info][gc,marking     ] GC(1032) Concurrent Mark From Roots
[710.644s][info][gc,task        ] GC(1032) Using 2 workers of 2 for marking
[710.741s][info][gc,marking     ] GC(1032) Concurrent Mark From Roots 97.280ms
[710.741s][info][gc,marking     ] GC(1032) Concurrent Preclean
[710.742s][info][gc,marking     ] GC(1032) Concurrent Preclean 0.251ms
[710.742s][info][gc,start       ] GC(1032) Pause Remark
[710.748s][info][gc             ] GC(1032) Pause Remark 86M->86M(167M) 5.779ms
[710.748s][info][gc,cpu         ] GC(1032) User=0.09s Sys=0.00s Real=0.01s
[710.748s][info][gc,marking     ] GC(1032) Concurrent Mark 103.664ms
[710.748s][info][gc,marking     ] GC(1032) Concurrent Rebuild Remembered Sets and Scrub Regions
[710.784s][info][gc,marking     ] GC(1032) Concurrent Rebuild Remembered Sets and Scrub Regions 35.941ms
[710.784s][info][gc,start       ] GC(1032) Pause Cleanup
[710.784s][info][gc             ] GC(1032) Pause Cleanup 94M->94M(167M) 0.174ms
[710.784s][info][gc,cpu         ] GC(1032) User=0.00s Sys=0.00s Real=0.00s
[710.784s][info][gc,marking     ] GC(1032) Concurrent Clear Claimed Marks
[710.784s][info][gc,marking     ] GC(1032) Concurrent Clear Claimed Marks 0.097ms
[710.784s][info][gc,marking     ] GC(1032) Concurrent Cleanup for Next Mark
[710.785s][info][gc,marking     ] GC(1032) Concurrent Cleanup for Next Mark 0.288ms
[710.785s][info][gc             ] GC(1032) Concurrent Mark Cycle 147.412ms
[710.937s][info][gc,start       ] GC(1033) Pause Young (Prepare Mixed) (G1 Evacuation Pause)
[710.937s][info][gc,task        ] GC(1033) Using 8 workers of 8 for evacuation
[710.941s][info][gc,phases      ] GC(1033)   Pre Evacuate Collection Set: 0.2ms
[710.941s][info][gc,phases      ] GC(1033)   Merge Heap Roots: 0.1ms
[710.941s][info][gc,phases      ] GC(1033)   Evacuate Collection Set: 2.8ms
[710.941s][info][gc,phases      ] GC(1033)   Post Evacuate Collection Set: 0.4ms
[710.941s][info][gc,phases      ] GC(1033)   Other: 0.1ms
[710.941s][info][gc,heap        ] GC(1033) Eden regions: 90->0(90)
[710.941s][info][gc,heap        ] GC(1033) Survivor regions: 5->5(12)
[710.941s][info][gc,heap        ] GC(1033) Old regions: 56->56
[710.941s][info][gc,heap        ] GC(1033) Humongous regions: 2->2
[710.941s][info][gc,metaspace   ] GC(1033) Metaspace: 84777K(85952K)->84777K(85952K) NonClass: 73848K(74496K)->73848K(74496K) Class: 10928K(11456K)->10928K(11456K)
[710.941s][info][gc             ] GC(1033) Pause Young (Prepare Mixed) (G1 Evacuation Pause) 151M->62M(167M) 3.922ms
[710.941s][info][gc,cpu         ] GC(1033) User=0.00s Sys=0.00s Real=0.00s
[711.178s][info][gc,start       ] GC(1034) Pause Young (Mixed) (G1 Evacuation Pause)
[711.178s][info][gc,task        ] GC(1034) Using 8 workers of 8 for evacuation
[711.183s][info][gc,phases      ] GC(1034)   Pre Evacuate Collection Set: 0.1ms
[711.183s][info][gc,phases      ] GC(1034)   Merge Heap Roots: 0.1ms
[711.183s][info][gc,phases      ] GC(1034)   Evacuate Collection Set: 4.4ms
[711.183s][info][gc,phases      ] GC(1034)   Post Evacuate Collection Set: 0.5ms
[711.183s][info][gc,phases      ] GC(1034)   Other: 0.1ms
[711.183s][info][gc,heap        ] GC(1034) Eden regions: 90->0(88)
[711.183s][info][gc,heap        ] GC(1034) Survivor regions: 5->6(12)
[711.183s][info][gc,heap        ] GC(1034) Old regions: 56->56
[711.183s][info][gc,heap        ] GC(1034) Humongous regions: 2->2
[711.183s][info][gc,metaspace   ] GC(1034) Metaspace: 84777K(85952K)->84777K(85952K) NonClass: 73848K(74496K)->73848K(74496K) Class: 10928K(11456K)->10928K(11456K)
[711.183s][info][gc             ] GC(1034) Pause Young (Mixed) (G1 Evacuation Pause) 152M->62M(167M) 5.772ms
[711.183s][info][gc,cpu         ] GC(1034) User=0.00s Sys=0.00s Real=0.01s
[711.393s][info][gc,start       ] GC(1035) Pause Young (Concurrent Start) (G1 Evacuation Pause)
[711.393s][info][gc,task        ] GC(1035) Using 8 workers of 8 for evacuation
[711.397s][info][gc,phases      ] GC(1035)   Pre Evacuate Collection Set: 0.2ms
[711.397s][info][gc,phases      ] GC(1035)   Merge Heap Roots: 0.1ms
[711.397s][info][gc,phases      ] GC(1035)   Evacuate Collection Set: 3.5ms
[711.397s][info][gc,phases      ] GC(1035)   Post Evacuate Collection Set: 0.7ms
[711.398s][info][gc,phases      ] GC(1035)   Other: 0.2ms
[711.398s][info][gc,heap        ] GC(1035) Eden regions: 88->0(87)
[711.398s][info][gc,heap        ] GC(1035) Survivor regions: 6->6(12)
[711.398s][info][gc,heap        ] GC(1035) Old regions: 56->57
[711.398s][info][gc,heap        ] GC(1035) Humongous regions: 2->2
[711.398s][info][gc,metaspace   ] GC(1035) Metaspace: 84777K(85952K)->84777K(85952K) NonClass: 73848K(74496K)->73848K(74496K) Class: 10928K(11456K)->10928K(11456K)
[711.398s][info][gc             ] GC(1035) Pause Young (Concurrent Start) (G1 Evacuation Pause) 150M->63M(167M) 5.283ms
[711.398s][info][gc             ] GC(1036) Concurrent Mark Cycle
[711.398s][info][gc,cpu         ] GC(1035) User=0.00s Sys=0.00s Real=0.00s
[711.398s][info][gc,marking     ] GC(1036) Concurrent Scan Root Regions
[711.403s][info][gc,marking     ] GC(1036) Concurrent Scan Root Regions 5.396ms
[711.404s][info][gc,marking     ] GC(1036) Concurrent Mark
[711.404s][info][gc,marking     ] GC(1036) Concurrent Mark From Roots
[711.404s][info][gc,task        ] GC(1036) Using 2 workers of 2 for marking
[711.504s][info][gc,marking     ] GC(1036) Concurrent Mark From Roots 100.401ms
[711.504s][info][gc,marking     ] GC(1036) Concurrent Preclean
[711.504s][info][gc,marking     ] GC(1036) Concurrent Preclean 0.406ms
[711.505s][info][gc,start       ] GC(1036) Pause Remark
[711.511s][info][gc             ] GC(1036) Pause Remark 90M->90M(167M) 6.303ms
[711.511s][info][gc,cpu         ] GC(1036) User=0.00s Sys=0.00s Real=0.01s
[711.511s][info][gc,marking     ] GC(1036) Concurrent Mark 107.581ms
[711.511s][info][gc,marking     ] GC(1036) Concurrent Rebuild Remembered Sets and Scrub Regions
[711.547s][info][gc,marking     ] GC(1036) Concurrent Rebuild Remembered Sets and Scrub Regions 35.978ms
[711.547s][info][gc,start       ] GC(1036) Pause Cleanup
[711.547s][info][gc             ] GC(1036) Pause Cleanup 100M->100M(167M) 0.195ms
[711.548s][info][gc,cpu         ] GC(1036) User=0.00s Sys=0.00s Real=0.00s
[711.548s][info][gc,marking     ] GC(1036) Concurrent Clear Claimed Marks
[711.548s][info][gc,marking     ] GC(1036) Concurrent Clear Claimed Marks 0.110ms
[711.548s][info][gc,marking     ] GC(1036) Concurrent Cleanup for Next Mark
[711.548s][info][gc,marking     ] GC(1036) Concurrent Cleanup for Next Mark 0.304ms
[711.548s][info][gc             ] GC(1036) Concurrent Mark Cycle 150.267ms
[711.700s][info][gc,start       ] GC(1037) Pause Young (Prepare Mixed) (G1 Evacuation Pause)
[711.700s][info][gc,task        ] GC(1037) Using 8 workers of 8 for evacuation
[711.703s][info][gc,phases      ] GC(1037)   Pre Evacuate Collection Set: 0.1ms
[711.704s][info][gc,phases      ] GC(1037)   Merge Heap Roots: 0.1ms
[711.704s][info][gc,phases      ] GC(1037)   Evacuate Collection Set: 3.0ms
[711.704s][info][gc,phases      ] GC(1037)   Post Evacuate Collection Set: 0.4ms
[711.704s][info][gc,phases      ] GC(1037)   Other: 0.1ms
[711.704s][info][gc,heap        ] GC(1037) Eden regions: 87->0(87)
[711.704s][info][gc,heap        ] GC(1037) Survivor regions: 6->6(12)
[711.704s][info][gc,heap        ] GC(1037) Old regions: 57->57
[711.704s][info][gc,heap        ] GC(1037) Humongous regions: 2->2
[711.704s][info][gc,metaspace   ] GC(1037) Metaspace: 84777K(85952K)->84777K(85952K) NonClass: 73848K(74496K)->73848K(74496K) Class: 10928K(11456K)->10928K(11456K)
[711.704s][info][gc             ] GC(1037) Pause Young (Prepare Mixed) (G1 Evacuation Pause) 150M->63M(167M) 4.144ms
[711.704s][info][gc,cpu         ] GC(1037) User=0.12s Sys=0.00s Real=0.00s
[711.923s][info][gc,start       ] GC(1038) Pause Young (Mixed) (G1 Evacuation Pause)
[711.923s][info][gc,task        ] GC(1038) Using 8 workers of 8 for evacuation
[711.927s][info][gc,phases      ] GC(1038)   Pre Evacuate Collection Set: 0.3ms
[711.928s][info][gc,phases      ] GC(1038)   Merge Heap Roots: 0.1ms
[711.928s][info][gc,phases      ] GC(1038)   Evacuate Collection Set: 3.6ms
[711.928s][info][gc,phases      ] GC(1038)   Post Evacuate Collection Set: 0.6ms
[711.928s][info][gc,phases      ] GC(1038)   Other: 0.1ms
[711.928s][info][gc,heap        ] GC(1038) Eden regions: 87->0(89)
[711.928s][info][gc,heap        ] GC(1038) Survivor regions: 6->5(12)
[711.928s][info][gc,heap        ] GC(1038) Old regions: 57->57
[711.928s][info][gc,heap        ] GC(1038) Humongous regions: 2->2
[711.928s][info][gc,metaspace   ] GC(1038) Metaspace: 84777K(85952K)->84777K(85952K) NonClass: 73848K(74496K)->73848K(74496K) Class: 10928K(11456K)->10928K(11456K)
[711.928s][info][gc             ] GC(1038) Pause Young (Mixed) (G1 Evacuation Pause) 150M->63M(167M) 5.159ms
[711.928s][info][gc,cpu         ] GC(1038) User=0.00s Sys=0.00s Real=0.00s
[712.209s][info][gc,start       ] GC(1039) Pause Young (Concurrent Start) (G1 Evacuation Pause)
[712.209s][info][gc,task        ] GC(1039) Using 8 workers of 8 for evacuation
[712.214s][info][gc,phases      ] GC(1039)   Pre Evacuate Collection Set: 0.1ms
[712.214s][info][gc,phases      ] GC(1039)   Merge Heap Roots: 0.1ms
[712.214s][info][gc,phases      ] GC(1039)   Evacuate Collection Set: 3.8ms
[712.214s][info][gc,phases      ] GC(1039)   Post Evacuate Collection Set: 0.5ms
[712.214s][info][gc,phases      ] GC(1039)   Other: 0.1ms
[712.214s][info][gc,heap        ] GC(1039) Eden regions: 89->0(87)
[712.214s][info][gc,heap        ] GC(1039) Survivor regions: 5->6(12)
[712.214s][info][gc,heap        ] GC(1039) Old regions: 57->57
[712.214s][info][gc,heap        ] GC(1039) Humongous regions: 2->2
[712.214s][info][gc,metaspace   ] GC(1039) Metaspace: 84777K(85952K)->84777K(85952K) NonClass: 73848K(74496K)->73848K(74496K) Class: 10928K(11456K)->10928K(11456K)
[712.214s][info][gc             ] GC(1039) Pause Young (Concurrent Start) (G1 Evacuation Pause) 152M->63M(167M) 5.010ms
[712.214s][info][gc             ] GC(1040) Concurrent Mark Cycle
[712.214s][info][gc,cpu         ] GC(1039) User=0.00s Sys=0.00s Real=0.01s
[712.214s][info][gc,marking     ] GC(1040) Concurrent Scan Root Regions
[712.221s][info][gc,marking     ] GC(1040) Concurrent Scan Root Regions 7.366ms
[712.221s][info][gc,marking     ] GC(1040) Concurrent Mark
[712.222s][info][gc,marking     ] GC(1040) Concurrent Mark From Roots
[712.222s][info][gc,task        ] GC(1040) Using 2 workers of 2 for marking
[712.347s][info][gc,marking     ] GC(1040) Concurrent Mark From Roots 125.159ms
[712.347s][info][gc,marking     ] GC(1040) Concurrent Preclean
[712.347s][info][gc,marking     ] GC(1040) Concurrent Preclean 0.560ms
[712.347s][info][gc,start       ] GC(1040) Pause Remark
[712.353s][info][gc             ] GC(1040) Pause Remark 85M->85M(167M) 5.201ms
[712.353s][info][gc,cpu         ] GC(1040) User=0.00s Sys=0.00s Real=0.01s
[712.353s][info][gc,marking     ] GC(1040) Concurrent Mark 131.329ms
[712.353s][info][gc,marking     ] GC(1040) Concurrent Rebuild Remembered Sets and Scrub Regions
[712.387s][info][gc,marking     ] GC(1040) Concurrent Rebuild Remembered Sets and Scrub Regions 34.155ms
[712.387s][info][gc,start       ] GC(1040) Pause Cleanup
[712.388s][info][gc             ] GC(1040) Pause Cleanup 94M->94M(167M) 0.533ms
[712.388s][info][gc,cpu         ] GC(1040) User=0.00s Sys=0.00s Real=0.00s
[712.388s][info][gc,marking     ] GC(1040) Concurrent Clear Claimed Marks
[712.388s][info][gc,marking     ] GC(1040) Concurrent Clear Claimed Marks 0.111ms
[712.388s][info][gc,marking     ] GC(1040) Concurrent Cleanup for Next Mark
[712.389s][info][gc,marking     ] GC(1040) Concurrent Cleanup for Next Mark 0.520ms
[712.389s][info][gc             ] GC(1040) Concurrent Mark Cycle 175.043ms
[712.528s][info][gc,start       ] GC(1041) Pause Young (Prepare Mixed) (G1 Evacuation Pause)
[712.528s][info][gc,task        ] GC(1041) Using 8 workers of 8 for evacuation
[712.532s][info][gc,phases      ] GC(1041)   Pre Evacuate Collection Set: 0.1ms
[712.532s][info][gc,phases      ] GC(1041)   Merge Heap Roots: 0.1ms
[712.532s][info][gc,phases      ] GC(1041)   Evacuate Collection Set: 3.3ms
[712.532s][info][gc,phases      ] GC(1041)   Post Evacuate Collection Set: 0.4ms
[712.533s][info][gc,phases      ] GC(1041)   Other: 0.1ms
[712.533s][info][gc,heap        ] GC(1041) Eden regions: 87->0(87)
[712.533s][info][gc,heap        ] GC(1041) Survivor regions: 6->6(12)
[712.533s][info][gc,heap        ] GC(1041) Old regions: 57->57
[712.533s][info][gc,heap        ] GC(1041) Humongous regions: 2->2
[712.533s][info][gc,metaspace   ] GC(1041) Metaspace: 84777K(85952K)->84777K(85952K) NonClass: 73848K(74496K)->73848K(74496K) Class: 10928K(11456K)->10928K(11456K)
[712.533s][info][gc             ] GC(1041) Pause Young (Prepare Mixed) (G1 Evacuation Pause) 150M->64M(167M) 4.362ms
[712.533s][info][gc,cpu         ] GC(1041) User=0.00s Sys=0.00s Real=0.00s
[712.753s][info][gc,start       ] GC(1042) Pause Young (Mixed) (G1 Evacuation Pause)
[712.753s][info][gc,task        ] GC(1042) Using 8 workers of 8 for evacuation
[712.759s][info][gc,phases      ] GC(1042)   Pre Evacuate Collection Set: 0.3ms
[712.759s][info][gc,phases      ] GC(1042)   Merge Heap Roots: 0.1ms
[712.759s][info][gc,phases      ] GC(1042)   Evacuate Collection Set: 4.4ms
[712.759s][info][gc,phases      ] GC(1042)   Post Evacuate Collection Set: 0.6ms
[712.759s][info][gc,phases      ] GC(1042)   Other: 0.2ms
[712.759s][info][gc,heap        ] GC(1042) Eden regions: 87->0(87)
[712.759s][info][gc,heap        ] GC(1042) Survivor regions: 6->6(12)
[712.759s][info][gc,heap        ] GC(1042) Old regions: 57->57
[712.759s][info][gc,heap        ] GC(1042) Humongous regions: 2->2
[712.759s][info][gc,metaspace   ] GC(1042) Metaspace: 84777K(85952K)->84777K(85952K) NonClass: 73848K(74496K)->73848K(74496K) Class: 10928K(11456K)->10928K(11456K)
[712.760s][info][gc             ] GC(1042) Pause Young (Mixed) (G1 Evacuation Pause) 151M->64M(167M) 6.274ms
[712.760s][info][gc,cpu         ] GC(1042) User=0.00s Sys=0.00s Real=0.01s
[712.983s][info][gc,start       ] GC(1043) Pause Young (Concurrent Start) (G1 Evacuation Pause)
[712.983s][info][gc,task        ] GC(1043) Using 8 workers of 8 for evacuation
[712.988s][info][gc,phases      ] GC(1043)   Pre Evacuate Collection Set: 0.2ms
[712.988s][info][gc,phases      ] GC(1043)   Merge Heap Roots: 0.1ms
[712.988s][info][gc,phases      ] GC(1043)   Evacuate Collection Set: 3.9ms
[712.988s][info][gc,phases      ] GC(1043)   Post Evacuate Collection Set: 0.7ms
[712.988s][info][gc,phases      ] GC(1043)   Other: 0.2ms
[712.988s][info][gc,heap        ] GC(1043) Eden regions: 87->0(88)
[712.988s][info][gc,heap        ] GC(1043) Survivor regions: 6->5(12)
[712.988s][info][gc,heap        ] GC(1043) Old regions: 57->58
[712.988s][info][gc,heap        ] GC(1043) Humongous regions: 2->2
[712.988s][info][gc,metaspace   ] GC(1043) Metaspace: 84777K(85952K)->84777K(85952K) NonClass: 73848K(74496K)->73848K(74496K) Class: 10928K(11456K)->10928K(11456K)
[712.989s][info][gc             ] GC(1043) Pause Young (Concurrent Start) (G1 Evacuation Pause) 151M->64M(167M) 5.896ms
[712.989s][info][gc,cpu         ] GC(1043) User=0.00s Sys=0.00s Real=0.01s
[712.989s][info][gc             ] GC(1044) Concurrent Mark Cycle
[712.989s][info][gc,marking     ] GC(1044) Concurrent Scan Root Regions
[712.994s][info][gc,marking     ] GC(1044) Concurrent Scan Root Regions 5.617ms
[712.995s][info][gc,marking     ] GC(1044) Concurrent Mark
[712.995s][info][gc,marking     ] GC(1044) Concurrent Mark From Roots
[712.995s][info][gc,task        ] GC(1044) Using 2 workers of 2 for marking
[713.100s][info][gc,marking     ] GC(1044) Concurrent Mark From Roots 105.362ms
[713.100s][info][gc,marking     ] GC(1044) Concurrent Preclean
[713.100s][info][gc,marking     ] GC(1044) Concurrent Preclean 0.376ms
[713.101s][info][gc,start       ] GC(1044) Pause Remark
[713.108s][info][gc             ] GC(1044) Pause Remark 92M->92M(167M) 7.169ms
[713.108s][info][gc,cpu         ] GC(1044) User=0.02s Sys=0.02s Real=0.01s
[713.108s][info][gc,marking     ] GC(1044) Concurrent Mark 113.389ms
[713.108s][info][gc,marking     ] GC(1044) Concurrent Rebuild Remembered Sets and Scrub Regions
[713.152s][info][gc,marking     ] GC(1044) Concurrent Rebuild Remembered Sets and Scrub Regions 43.537ms
[713.152s][info][gc,start       ] GC(1044) Pause Cleanup
[713.152s][info][gc             ] GC(1044) Pause Cleanup 98M->98M(167M) 0.202ms
[713.152s][info][gc,cpu         ] GC(1044) User=0.00s Sys=0.00s Real=0.00s
[713.152s][info][gc,marking     ] GC(1044) Concurrent Clear Claimed Marks
[713.152s][info][gc,marking     ] GC(1044) Concurrent Clear Claimed Marks 0.117ms
[713.152s][info][gc,marking     ] GC(1044) Concurrent Cleanup for Next Mark
[713.153s][info][gc,marking     ] GC(1044) Concurrent Cleanup for Next Mark 0.303ms
[713.153s][info][gc             ] GC(1044) Concurrent Mark Cycle 163.904ms
[713.325s][info][gc,start       ] GC(1045) Pause Young (Prepare Mixed) (G1 Evacuation Pause)
[713.325s][info][gc,task        ] GC(1045) Using 8 workers of 8 for evacuation
[713.329s][info][gc,phases      ] GC(1045)   Pre Evacuate Collection Set: 0.1ms
[713.330s][info][gc,phases      ] GC(1045)   Merge Heap Roots: 0.1ms
[713.330s][info][gc,phases      ] GC(1045)   Evacuate Collection Set: 3.0ms
[713.330s][info][gc,phases      ] GC(1045)   Post Evacuate Collection Set: 0.5ms
[713.330s][info][gc,phases      ] GC(1045)   Other: 0.1ms
[713.330s][info][gc,heap        ] GC(1045) Eden regions: 88->0(88)
[713.330s][info][gc,heap        ] GC(1045) Survivor regions: 5->5(12)
[713.330s][info][gc,heap        ] GC(1045) Old regions: 58->58
[713.330s][info][gc,heap        ] GC(1045) Humongous regions: 2->2
[713.330s][info][gc,metaspace   ] GC(1045) Metaspace: 84777K(85952K)->84777K(85952K) NonClass: 73848K(74496K)->73848K(74496K) Class: 10928K(11456K)->10928K(11456K)
[713.330s][info][gc             ] GC(1045) Pause Young (Prepare Mixed) (G1 Evacuation Pause) 152M->64M(167M) 4.514ms
[713.330s][info][gc,cpu         ] GC(1045) User=0.00s Sys=0.00s Real=0.01s
[713.577s][info][gc,start       ] GC(1046) Pause Young (Mixed) (G1 Evacuation Pause)
[713.577s][info][gc,task        ] GC(1046) Using 8 workers of 8 for evacuation
[713.582s][info][gc,phases      ] GC(1046)   Pre Evacuate Collection Set: 0.1ms
[713.582s][info][gc,phases      ] GC(1046)   Merge Heap Roots: 0.1ms
[713.582s][info][gc,phases      ] GC(1046)   Evacuate Collection Set: 3.7ms
[713.582s][info][gc,phases      ] GC(1046)   Post Evacuate Collection Set: 0.5ms
[713.582s][info][gc,phases      ] GC(1046)   Other: 0.1ms
[713.582s][info][gc,heap        ] GC(1046) Eden regions: 88->0(88)
[713.582s][info][gc,heap        ] GC(1046) Survivor regions: 5->5(12)
[713.582s][info][gc,heap        ] GC(1046) Old regions: 58->58
[713.582s][info][gc,heap        ] GC(1046) Humongous regions: 2->2
[713.582s][info][gc,metaspace   ] GC(1046) Metaspace: 84777K(85952K)->84777K(85952K) NonClass: 73848K(74496K)->73848K(74496K) Class: 10928K(11456K)->10928K(11456K)
[713.582s][info][gc             ] GC(1046) Pause Young (Mixed) (G1 Evacuation Pause) 152M->64M(167M) 4.961ms
[713.582s][info][gc,cpu         ] GC(1046) User=0.00s Sys=0.00s Real=0.01s
[713.859s][info][gc,start       ] GC(1047) Pause Young (Concurrent Start) (G1 Evacuation Pause)
[713.859s][info][gc,task        ] GC(1047) Using 8 workers of 8 for evacuation
[713.862s][info][gc,phases      ] GC(1047)   Pre Evacuate Collection Set: 0.1ms
[713.862s][info][gc,phases      ] GC(1047)   Merge Heap Roots: 0.1ms
[713.862s][info][gc,phases      ] GC(1047)   Evacuate Collection Set: 2.4ms
[713.862s][info][gc,phases      ] GC(1047)   Post Evacuate Collection Set: 0.4ms
[713.862s][info][gc,phases      ] GC(1047)   Other: 0.1ms
[713.862s][info][gc,heap        ] GC(1047) Eden regions: 88->0(87)
[713.862s][info][gc,heap        ] GC(1047) Survivor regions: 5->5(12)
[713.862s][info][gc,heap        ] GC(1047) Old regions: 58->59
[713.862s][info][gc,heap        ] GC(1047) Humongous regions: 2->2
[713.862s][info][gc,metaspace   ] GC(1047) Metaspace: 84777K(85952K)->84777K(85952K) NonClass: 73848K(74496K)->73848K(74496K) Class: 10928K(11456K)->10928K(11456K)
[713.862s][info][gc             ] GC(1047) Pause Young (Concurrent Start) (G1 Evacuation Pause) 152M->64M(167M) 3.600ms
[713.863s][info][gc,cpu         ] GC(1047) User=0.00s Sys=0.00s Real=0.00s
[713.863s][info][gc             ] GC(1048) Concurrent Mark Cycle
[713.863s][info][gc,marking     ] GC(1048) Concurrent Scan Root Regions
[713.868s][info][gc,marking     ] GC(1048) Concurrent Scan Root Regions 5.327ms
[713.868s][info][gc,marking     ] GC(1048) Concurrent Mark
[713.868s][info][gc,marking     ] GC(1048) Concurrent Mark From Roots
[713.868s][info][gc,task        ] GC(1048) Using 2 workers of 2 for marking
[713.974s][info][gc,marking     ] GC(1048) Concurrent Mark From Roots 106.240ms
[713.974s][info][gc,marking     ] GC(1048) Concurrent Preclean
[713.975s][info][gc,marking     ] GC(1048) Concurrent Preclean 0.416ms
[713.975s][info][gc,start       ] GC(1048) Pause Remark
[713.981s][info][gc             ] GC(1048) Pause Remark 90M->90M(167M) 6.415ms
[713.981s][info][gc,cpu         ] GC(1048) User=0.06s Sys=0.02s Real=0.01s
[713.982s][info][gc,marking     ] GC(1048) Concurrent Mark 113.586ms
[713.982s][info][gc,marking     ] GC(1048) Concurrent Rebuild Remembered Sets and Scrub Regions
[714.016s][info][gc,marking     ] GC(1048) Concurrent Rebuild Remembered Sets and Scrub Regions 33.867ms
[714.016s][info][gc,start       ] GC(1048) Pause Cleanup
[714.016s][info][gc             ] GC(1048) Pause Cleanup 98M->98M(167M) 0.173ms
[714.016s][info][gc,cpu         ] GC(1048) User=0.00s Sys=0.00s Real=0.00s
[714.016s][info][gc,marking     ] GC(1048) Concurrent Clear Claimed Marks
[714.016s][info][gc,marking     ] GC(1048) Concurrent Clear Claimed Marks 0.112ms
[714.016s][info][gc,marking     ] GC(1048) Concurrent Cleanup for Next Mark
[714.016s][info][gc,marking     ] GC(1048) Concurrent Cleanup for Next Mark 0.371ms
[714.017s][info][gc             ] GC(1048) Concurrent Mark Cycle 154.017ms
[714.140s][info][gc,start       ] GC(1049) Pause Young (Prepare Mixed) (G1 Evacuation Pause)
[714.140s][info][gc,task        ] GC(1049) Using 8 workers of 8 for evacuation
[714.143s][info][gc,phases      ] GC(1049)   Pre Evacuate Collection Set: 0.1ms
[714.143s][info][gc,phases      ] GC(1049)   Merge Heap Roots: 0.1ms
[714.143s][info][gc,phases      ] GC(1049)   Evacuate Collection Set: 2.2ms
[714.143s][info][gc,phases      ] GC(1049)   Post Evacuate Collection Set: 0.4ms
[714.143s][info][gc,phases      ] GC(1049)   Other: 0.1ms
[714.143s][info][gc,heap        ] GC(1049) Eden regions: 87->0(87)
[714.143s][info][gc,heap        ] GC(1049) Survivor regions: 5->5(12)
[714.143s][info][gc,heap        ] GC(1049) Old regions: 59->59
[714.143s][info][gc,heap        ] GC(1049) Humongous regions: 2->2
[714.143s][info][gc,metaspace   ] GC(1049) Metaspace: 84777K(85952K)->84777K(85952K) NonClass: 73848K(74496K)->73848K(74496K) Class: 10928K(11456K)->10928K(11456K)
[714.143s][info][gc             ] GC(1049) Pause Young (Prepare Mixed) (G1 Evacuation Pause) 151M->65M(167M) 3.124ms
[714.143s][info][gc,cpu         ] GC(1049) User=0.00s Sys=0.00s Real=0.00s
[714.464s][info][gc,start       ] GC(1050) Pause Young (Mixed) (G1 Evacuation Pause)
[714.464s][info][gc,task        ] GC(1050) Using 8 workers of 8 for evacuation
[714.471s][info][gc,phases      ] GC(1050)   Pre Evacuate Collection Set: 0.2ms
[714.471s][info][gc,phases      ] GC(1050)   Merge Heap Roots: 0.1ms
[714.471s][info][gc,phases      ] GC(1050)   Evacuate Collection Set: 5.5ms
[714.471s][info][gc,phases      ] GC(1050)   Post Evacuate Collection Set: 0.6ms
[714.471s][info][gc,phases      ] GC(1050)   Other: 0.2ms
[714.471s][info][gc,heap        ] GC(1050) Eden regions: 87->0(87)
[714.471s][info][gc,heap        ] GC(1050) Survivor regions: 5->5(12)
[714.471s][info][gc,heap        ] GC(1050) Old regions: 59->59
[714.471s][info][gc,heap        ] GC(1050) Humongous regions: 2->2
[714.471s][info][gc,metaspace   ] GC(1050) Metaspace: 84777K(85952K)->84777K(85952K) NonClass: 73848K(74496K)->73848K(74496K) Class: 10928K(11456K)->10928K(11456K)
[714.472s][info][gc             ] GC(1050) Pause Young (Mixed) (G1 Evacuation Pause) 152M->65M(167M) 7.559ms
[714.472s][info][gc,cpu         ] GC(1050) User=0.08s Sys=0.00s Real=0.01s
[714.739s][info][gc,start       ] GC(1051) Pause Young (Concurrent Start) (G1 Evacuation Pause)
[714.739s][info][gc,task        ] GC(1051) Using 8 workers of 8 for evacuation
[714.744s][info][gc,phases      ] GC(1051)   Pre Evacuate Collection Set: 0.2ms
[714.744s][info][gc,phases      ] GC(1051)   Merge Heap Roots: 0.1ms
[714.744s][info][gc,phases      ] GC(1051)   Evacuate Collection Set: 3.2ms
[714.744s][info][gc,phases      ] GC(1051)   Post Evacuate Collection Set: 0.5ms
[714.744s][info][gc,phases      ] GC(1051)   Other: 0.2ms
[714.744s][info][gc,heap        ] GC(1051) Eden regions: 87->0(87)
[714.744s][info][gc,heap        ] GC(1051) Survivor regions: 5->5(12)
[714.744s][info][gc,heap        ] GC(1051) Old regions: 59->59
[714.744s][info][gc,heap        ] GC(1051) Humongous regions: 2->2
[714.744s][info][gc,metaspace   ] GC(1051) Metaspace: 84777K(85952K)->84777K(85952K) NonClass: 73848K(74496K)->73848K(74496K) Class: 10928K(11456K)->10928K(11456K)
[714.744s][info][gc             ] GC(1051) Pause Young (Concurrent Start) (G1 Evacuation Pause) 152M->65M(167M) 4.649ms
[714.744s][info][gc,cpu         ] GC(1051) User=0.00s Sys=0.00s Real=0.01s
[714.744s][info][gc             ] GC(1052) Concurrent Mark Cycle
[714.744s][info][gc,marking     ] GC(1052) Concurrent Scan Root Regions
[714.750s][info][gc,marking     ] GC(1052) Concurrent Scan Root Regions 6.192ms
[714.750s][info][gc,marking     ] GC(1052) Concurrent Mark
[714.750s][info][gc,marking     ] GC(1052) Concurrent Mark From Roots
[714.750s][info][gc,task        ] GC(1052) Using 2 workers of 2 for marking
[714.852s][info][gc,marking     ] GC(1052) Concurrent Mark From Roots 101.259ms
[714.852s][info][gc,marking     ] GC(1052) Concurrent Preclean
[714.852s][info][gc,marking     ] GC(1052) Concurrent Preclean 0.424ms
[714.852s][info][gc,start       ] GC(1052) Pause Remark
[714.859s][info][gc             ] GC(1052) Pause Remark 91M->91M(167M) 6.321ms
[714.859s][info][gc,cpu         ] GC(1052) User=0.09s Sys=0.00s Real=0.01s
[714.859s][info][gc,marking     ] GC(1052) Concurrent Mark 108.421ms
[714.859s][info][gc,marking     ] GC(1052) Concurrent Rebuild Remembered Sets and Scrub Regions
[714.893s][info][gc,marking     ] GC(1052) Concurrent Rebuild Remembered Sets and Scrub Regions 34.078ms
[714.893s][info][gc,start       ] GC(1052) Pause Cleanup
[714.893s][info][gc             ] GC(1052) Pause Cleanup 99M->99M(167M) 0.190ms
[714.893s][info][gc,cpu         ] GC(1052) User=0.00s Sys=0.00s Real=0.00s
[714.893s][info][gc,marking     ] GC(1052) Concurrent Clear Claimed Marks
[714.894s][info][gc,marking     ] GC(1052) Concurrent Clear Claimed Marks 0.107ms
[714.894s][info][gc,marking     ] GC(1052) Concurrent Cleanup for Next Mark
[714.894s][info][gc,marking     ] GC(1052) Concurrent Cleanup for Next Mark 0.393ms
[714.894s][info][gc             ] GC(1052) Concurrent Mark Cycle 150.073ms
[718.028s][info][gc,start       ] GC(1053) Pause Young (Prepare Mixed) (G1 Evacuation Pause)
[718.028s][info][gc,task        ] GC(1053) Using 8 workers of 8 for evacuation
[718.033s][info][gc,phases      ] GC(1053)   Pre Evacuate Collection Set: 0.3ms
[718.033s][info][gc,phases      ] GC(1053)   Merge Heap Roots: 0.1ms
[718.033s][info][gc,phases      ] GC(1053)   Evacuate Collection Set: 3.3ms
[718.033s][info][gc,phases      ] GC(1053)   Post Evacuate Collection Set: 0.6ms
[718.033s][info][gc,phases      ] GC(1053)   Other: 0.1ms
[718.033s][info][gc,heap        ] GC(1053) Eden regions: 87->0(84)
[718.033s][info][gc,heap        ] GC(1053) Survivor regions: 5->6(12)
[718.033s][info][gc,heap        ] GC(1053) Old regions: 59->60
[718.033s][info][gc,heap        ] GC(1053) Humongous regions: 2->2
[718.033s][info][gc,metaspace   ] GC(1053) Metaspace: 84788K(85952K)->84788K(85952K) NonClass: 73857K(74496K)->73857K(74496K) Class: 10930K(11456K)->10930K(11456K)
[718.033s][info][gc             ] GC(1053) Pause Young (Prepare Mixed) (G1 Evacuation Pause) 152M->67M(167M) 4.764ms
[718.033s][info][gc,cpu         ] GC(1053) User=0.00s Sys=0.00s Real=0.01s
[718.174s][info][gc,start       ] GC(1054) Pause Young (Mixed) (G1 Evacuation Pause)
[718.174s][info][gc,task        ] GC(1054) Using 8 workers of 8 for evacuation
[718.178s][info][gc,phases      ] GC(1054)   Pre Evacuate Collection Set: 0.1ms
[718.178s][info][gc,phases      ] GC(1054)   Merge Heap Roots: 0.1ms
[718.178s][info][gc,phases      ] GC(1054)   Evacuate Collection Set: 4.0ms
[718.178s][info][gc,phases      ] GC(1054)   Post Evacuate Collection Set: 0.5ms
[718.179s][info][gc,phases      ] GC(1054)   Other: 0.1ms
[718.179s][info][gc,heap        ] GC(1054) Eden regions: 84->0(86)
[718.179s][info][gc,heap        ] GC(1054) Survivor regions: 6->5(12)
[718.179s][info][gc,heap        ] GC(1054) Old regions: 60->60
[718.179s][info][gc,heap        ] GC(1054) Humongous regions: 2->2
[718.179s][info][gc,metaspace   ] GC(1054) Metaspace: 84788K(85952K)->84788K(85952K) NonClass: 73857K(74496K)->73857K(74496K) Class: 10930K(11456K)->10930K(11456K)
[718.179s][info][gc             ] GC(1054) Pause Young (Mixed) (G1 Evacuation Pause) 151M->66M(167M) 5.132ms
[718.179s][info][gc,cpu         ] GC(1054) User=0.00s Sys=0.00s Real=0.01s
[718.388s][info][gc,start       ] GC(1055) Pause Young (Concurrent Start) (G1 Evacuation Pause)
[718.389s][info][gc,task        ] GC(1055) Using 8 workers of 8 for evacuation
[718.394s][info][gc,phases      ] GC(1055)   Pre Evacuate Collection Set: 0.1ms
[718.394s][info][gc,phases      ] GC(1055)   Merge Heap Roots: 0.1ms
[718.394s][info][gc,phases      ] GC(1055)   Evacuate Collection Set: 4.1ms
[718.394s][info][gc,phases      ] GC(1055)   Post Evacuate Collection Set: 0.9ms
[718.394s][info][gc,phases      ] GC(1055)   Other: 0.2ms
[718.394s][info][gc,heap        ] GC(1055) Eden regions: 86->0(85)
[718.394s][info][gc,heap        ] GC(1055) Survivor regions: 5->5(12)
[718.394s][info][gc,heap        ] GC(1055) Old regions: 60->61
[718.395s][info][gc,heap        ] GC(1055) Humongous regions: 2->2
[718.395s][info][gc,metaspace   ] GC(1055) Metaspace: 84788K(85952K)->84788K(85952K) NonClass: 73857K(74496K)->73857K(74496K) Class: 10930K(11456K)->10930K(11456K)
[718.395s][info][gc             ] GC(1055) Pause Young (Concurrent Start) (G1 Evacuation Pause) 152M->66M(167M) 6.220ms
[718.395s][info][gc             ] GC(1056) Concurrent Mark Cycle
[718.395s][info][gc,cpu         ] GC(1055) User=0.00s Sys=0.00s Real=0.01s
[718.395s][info][gc,marking     ] GC(1056) Concurrent Scan Root Regions
[718.398s][info][gc,marking     ] GC(1056) Concurrent Scan Root Regions 3.493ms
[718.398s][info][gc,marking     ] GC(1056) Concurrent Mark
[718.398s][info][gc,marking     ] GC(1056) Concurrent Mark From Roots
[718.398s][info][gc,task        ] GC(1056) Using 2 workers of 2 for marking
[718.513s][info][gc,marking     ] GC(1056) Concurrent Mark From Roots 114.703ms
[718.513s][info][gc,marking     ] GC(1056) Concurrent Preclean
[718.514s][info][gc,marking     ] GC(1056) Concurrent Preclean 0.480ms
[718.514s][info][gc,start       ] GC(1056) Pause Remark
[718.520s][info][gc             ] GC(1056) Pause Remark 94M->94M(167M) 6.561ms
[718.520s][info][gc,cpu         ] GC(1056) User=0.00s Sys=0.00s Real=0.01s
[718.521s][info][gc,marking     ] GC(1056) Concurrent Mark 122.179ms
[718.521s][info][gc,marking     ] GC(1056) Concurrent Rebuild Remembered Sets and Scrub Regions
[718.557s][info][gc,marking     ] GC(1056) Concurrent Rebuild Remembered Sets and Scrub Regions 36.704ms
[718.557s][info][gc,start       ] GC(1056) Pause Cleanup
[718.558s][info][gc             ] GC(1056) Pause Cleanup 103M->103M(167M) 0.157ms
[718.558s][info][gc,cpu         ] GC(1056) User=0.00s Sys=0.00s Real=0.00s
[718.558s][info][gc,marking     ] GC(1056) Concurrent Clear Claimed Marks
[718.558s][info][gc,marking     ] GC(1056) Concurrent Clear Claimed Marks 0.100ms
[718.558s][info][gc,marking     ] GC(1056) Concurrent Cleanup for Next Mark
[718.558s][info][gc,marking     ] GC(1056) Concurrent Cleanup for Next Mark 0.267ms
[718.558s][info][gc             ] GC(1056) Concurrent Mark Cycle 163.514ms
[718.704s][info][gc,start       ] GC(1057) Pause Young (Prepare Mixed) (G1 Evacuation Pause)
[718.704s][info][gc,task        ] GC(1057) Using 8 workers of 8 for evacuation
[718.708s][info][gc,phases      ] GC(1057)   Pre Evacuate Collection Set: 0.1ms
[718.708s][info][gc,phases      ] GC(1057)   Merge Heap Roots: 0.1ms
[718.708s][info][gc,phases      ] GC(1057)   Evacuate Collection Set: 2.7ms
[718.708s][info][gc,phases      ] GC(1057)   Post Evacuate Collection Set: 0.4ms
[718.708s][info][gc,phases      ] GC(1057)   Other: 0.1ms
[718.708s][info][gc,heap        ] GC(1057) Eden regions: 85->0(85)
[718.708s][info][gc,heap        ] GC(1057) Survivor regions: 5->5(12)
[718.708s][info][gc,heap        ] GC(1057) Old regions: 61->61
[718.708s][info][gc,heap        ] GC(1057) Humongous regions: 2->2
[718.708s][info][gc,metaspace   ] GC(1057) Metaspace: 84788K(85952K)->84788K(85952K) NonClass: 73857K(74496K)->73857K(74496K) Class: 10930K(11456K)->10930K(11456K)
[718.708s][info][gc             ] GC(1057) Pause Young (Prepare Mixed) (G1 Evacuation Pause) 151M->66M(167M) 3.682ms
[718.708s][info][gc,cpu         ] GC(1057) User=0.00s Sys=0.00s Real=0.00s
[718.930s][info][gc,start       ] GC(1058) Pause Young (Mixed) (G1 Evacuation Pause)
[718.930s][info][gc,task        ] GC(1058) Using 8 workers of 8 for evacuation
[718.933s][info][gc,phases      ] GC(1058)   Pre Evacuate Collection Set: 0.2ms
[718.934s][info][gc,phases      ] GC(1058)   Merge Heap Roots: 0.1ms
[718.934s][info][gc,phases      ] GC(1058)   Evacuate Collection Set: 3.1ms
[718.934s][info][gc,phases      ] GC(1058)   Post Evacuate Collection Set: 0.4ms
[718.934s][info][gc,phases      ] GC(1058)   Other: 0.1ms
[718.934s][info][gc,heap        ] GC(1058) Eden regions: 85->0(85)
[718.934s][info][gc,heap        ] GC(1058) Survivor regions: 5->5(12)
[718.934s][info][gc,heap        ] GC(1058) Old regions: 61->61
[718.934s][info][gc,heap        ] GC(1058) Humongous regions: 2->2
[718.934s][info][gc,metaspace   ] GC(1058) Metaspace: 84788K(85952K)->84788K(85952K) NonClass: 73857K(74496K)->73857K(74496K) Class: 10930K(11456K)->10930K(11456K)
[718.934s][info][gc             ] GC(1058) Pause Young (Mixed) (G1 Evacuation Pause) 151M->66M(167M) 4.216ms
[718.934s][info][gc,cpu         ] GC(1058) User=0.00s Sys=0.00s Real=0.00s
[719.149s][info][gc,start       ] GC(1059) Pause Young (Concurrent Start) (G1 Evacuation Pause)
[719.149s][info][gc,task        ] GC(1059) Using 8 workers of 8 for evacuation
[719.152s][info][gc,phases      ] GC(1059)   Pre Evacuate Collection Set: 0.2ms
[719.152s][info][gc,phases      ] GC(1059)   Merge Heap Roots: 0.1ms
[719.153s][info][gc,phases      ] GC(1059)   Evacuate Collection Set: 2.7ms
[719.153s][info][gc,phases      ] GC(1059)   Post Evacuate Collection Set: 0.4ms
[719.153s][info][gc,phases      ] GC(1059)   Other: 0.1ms
[719.153s][info][gc,heap        ] GC(1059) Eden regions: 85->0(85)
[719.153s][info][gc,heap        ] GC(1059) Survivor regions: 5->5(12)
[719.153s][info][gc,heap        ] GC(1059) Old regions: 61->61
[719.153s][info][gc,heap        ] GC(1059) Humongous regions: 2->2
[719.153s][info][gc,metaspace   ] GC(1059) Metaspace: 84788K(85952K)->84788K(85952K) NonClass: 73857K(74496K)->73857K(74496K) Class: 10930K(11456K)->10930K(11456K)
[719.153s][info][gc             ] GC(1059) Pause Young (Concurrent Start) (G1 Evacuation Pause) 151M->67M(167M) 4.010ms
[719.153s][info][gc,cpu         ] GC(1059) User=0.00s Sys=0.00s Real=0.00s
[719.153s][info][gc             ] GC(1060) Concurrent Mark Cycle
[719.153s][info][gc,marking     ] GC(1060) Concurrent Scan Root Regions
[719.157s][info][gc,marking     ] GC(1060) Concurrent Scan Root Regions 3.452ms
[719.157s][info][gc,marking     ] GC(1060) Concurrent Mark
[719.157s][info][gc,marking     ] GC(1060) Concurrent Mark From Roots
[719.157s][info][gc,task        ] GC(1060) Using 2 workers of 2 for marking
[719.263s][info][gc,marking     ] GC(1060) Concurrent Mark From Roots 106.323ms
[719.263s][info][gc,marking     ] GC(1060) Concurrent Preclean
[719.263s][info][gc,marking     ] GC(1060) Concurrent Preclean 0.409ms
[719.264s][info][gc,start       ] GC(1060) Pause Remark
[719.270s][info][gc             ] GC(1060) Pause Remark 98M->98M(167M) 6.278ms
[719.270s][info][gc,cpu         ] GC(1060) User=0.00s Sys=0.00s Real=0.01s
[719.270s][info][gc,marking     ] GC(1060) Concurrent Mark 113.393ms
[719.270s][info][gc,marking     ] GC(1060) Concurrent Rebuild Remembered Sets and Scrub Regions
[719.311s][info][gc,marking     ] GC(1060) Concurrent Rebuild Remembered Sets and Scrub Regions 40.894ms
[719.311s][info][gc,start       ] GC(1060) Pause Cleanup
[719.312s][info][gc             ] GC(1060) Pause Cleanup 106M->106M(167M) 0.312ms
[719.312s][info][gc,cpu         ] GC(1060) User=0.00s Sys=0.00s Real=0.00s
[719.312s][info][gc,marking     ] GC(1060) Concurrent Clear Claimed Marks
[719.312s][info][gc,marking     ] GC(1060) Concurrent Clear Claimed Marks 0.128ms
[719.312s][info][gc,marking     ] GC(1060) Concurrent Cleanup for Next Mark
[719.313s][info][gc,marking     ] GC(1060) Concurrent Cleanup for Next Mark 0.414ms
[719.313s][info][gc             ] GC(1060) Concurrent Mark Cycle 159.697ms
[719.434s][info][gc,start       ] GC(1061) Pause Young (Prepare Mixed) (G1 Evacuation Pause)
[719.434s][info][gc,task        ] GC(1061) Using 8 workers of 8 for evacuation
[719.438s][info][gc,phases      ] GC(1061)   Pre Evacuate Collection Set: 0.1ms
[719.438s][info][gc,phases      ] GC(1061)   Merge Heap Roots: 0.1ms
[719.438s][info][gc,phases      ] GC(1061)   Evacuate Collection Set: 3.4ms
[719.438s][info][gc,phases      ] GC(1061)   Post Evacuate Collection Set: 0.5ms
[719.438s][info][gc,phases      ] GC(1061)   Other: 0.1ms
[719.438s][info][gc,heap        ] GC(1061) Eden regions: 85->0(85)
[719.438s][info][gc,heap        ] GC(1061) Survivor regions: 5->5(12)
[719.438s][info][gc,heap        ] GC(1061) Old regions: 61->61
[719.438s][info][gc,heap        ] GC(1061) Humongous regions: 2->2
[719.438s][info][gc,metaspace   ] GC(1061) Metaspace: 84788K(85952K)->84788K(85952K) NonClass: 73857K(74496K)->73857K(74496K) Class: 10930K(11456K)->10930K(11456K)
[719.438s][info][gc             ] GC(1061) Pause Young (Prepare Mixed) (G1 Evacuation Pause) 152M->67M(167M) 4.737ms
[719.438s][info][gc,cpu         ] GC(1061) User=0.12s Sys=0.00s Real=0.01s
[719.712s][info][gc,start       ] GC(1062) Pause Young (Mixed) (G1 Evacuation Pause)
[719.712s][info][gc,task        ] GC(1062) Using 8 workers of 8 for evacuation
[719.717s][info][gc,phases      ] GC(1062)   Pre Evacuate Collection Set: 0.2ms
[719.717s][info][gc,phases      ] GC(1062)   Merge Heap Roots: 0.1ms
[719.717s][info][gc,phases      ] GC(1062)   Evacuate Collection Set: 4.1ms
[719.717s][info][gc,phases      ] GC(1062)   Post Evacuate Collection Set: 0.6ms
[719.717s][info][gc,phases      ] GC(1062)   Other: 0.1ms
[719.717s][info][gc,heap        ] GC(1062) Eden regions: 85->0(85)
[719.717s][info][gc,heap        ] GC(1062) Survivor regions: 5->5(12)
[719.717s][info][gc,heap        ] GC(1062) Old regions: 61->61
[719.717s][info][gc,heap        ] GC(1062) Humongous regions: 2->2
[719.717s][info][gc,metaspace   ] GC(1062) Metaspace: 84788K(85952K)->84788K(85952K) NonClass: 73857K(74496K)->73857K(74496K) Class: 10930K(11456K)->10930K(11456K)
[719.717s][info][gc             ] GC(1062) Pause Young (Mixed) (G1 Evacuation Pause) 152M->67M(167M) 5.568ms
[719.717s][info][gc,cpu         ] GC(1062) User=0.08s Sys=0.02s Real=0.01s
[720.002s][info][gc,start       ] GC(1063) Pause Young (Concurrent Start) (G1 Evacuation Pause)
[720.003s][info][gc,task        ] GC(1063) Using 8 workers of 8 for evacuation
[720.007s][info][gc,phases      ] GC(1063)   Pre Evacuate Collection Set: 0.1ms
[720.007s][info][gc,phases      ] GC(1063)   Merge Heap Roots: 0.1ms
[720.007s][info][gc,phases      ] GC(1063)   Evacuate Collection Set: 3.3ms
[720.007s][info][gc,phases      ] GC(1063)   Post Evacuate Collection Set: 0.5ms
[720.007s][info][gc,phases      ] GC(1063)   Other: 0.1ms
[720.007s][info][gc,heap        ] GC(1063) Eden regions: 85->0(84)
[720.007s][info][gc,heap        ] GC(1063) Survivor regions: 5->5(12)
[720.007s][info][gc,heap        ] GC(1063) Old regions: 61->62
[720.007s][info][gc,heap        ] GC(1063) Humongous regions: 2->2
[720.007s][info][gc,metaspace   ] GC(1063) Metaspace: 84788K(85952K)->84788K(85952K) NonClass: 73857K(74496K)->73857K(74496K) Class: 10930K(11456K)->10930K(11456K)
[720.007s][info][gc             ] GC(1063) Pause Young (Concurrent Start) (G1 Evacuation Pause) 152M->67M(167M) 4.883ms
[720.007s][info][gc             ] GC(1064) Concurrent Mark Cycle
[720.007s][info][gc,cpu         ] GC(1063) User=0.00s Sys=0.00s Real=0.01s
[720.007s][info][gc,marking     ] GC(1064) Concurrent Scan Root Regions
[720.011s][info][gc,marking     ] GC(1064) Concurrent Scan Root Regions 3.615ms
[720.011s][info][gc,marking     ] GC(1064) Concurrent Mark
[720.011s][info][gc,marking     ] GC(1064) Concurrent Mark From Roots
[720.011s][info][gc,task        ] GC(1064) Using 2 workers of 2 for marking
[720.144s][info][gc,marking     ] GC(1064) Concurrent Mark From Roots 132.623ms
[720.144s][info][gc,marking     ] GC(1064) Concurrent Preclean
[720.145s][info][gc,marking     ] GC(1064) Concurrent Preclean 0.896ms
[720.145s][info][gc,start       ] GC(1064) Pause Remark
[720.151s][info][gc             ] GC(1064) Pause Remark 96M->96M(167M) 6.226ms
[720.152s][info][gc,cpu         ] GC(1064) User=0.00s Sys=0.00s Real=0.01s
[720.152s][info][gc,marking     ] GC(1064) Concurrent Mark 140.344ms
[720.152s][info][gc,marking     ] GC(1064) Concurrent Rebuild Remembered Sets and Scrub Regions
[720.191s][info][gc,marking     ] GC(1064) Concurrent Rebuild Remembered Sets and Scrub Regions 39.601ms
[720.191s][info][gc,start       ] GC(1064) Pause Cleanup
[720.192s][info][gc             ] GC(1064) Pause Cleanup 104M->104M(167M) 0.209ms
[720.192s][info][gc,cpu         ] GC(1064) User=0.00s Sys=0.00s Real=0.00s
[720.192s][info][gc,marking     ] GC(1064) Concurrent Clear Claimed Marks
[720.192s][info][gc,marking     ] GC(1064) Concurrent Clear Claimed Marks 0.140ms
[720.192s][info][gc,marking     ] GC(1064) Concurrent Cleanup for Next Mark
[720.192s][info][gc,marking     ] GC(1064) Concurrent Cleanup for Next Mark 0.340ms
[720.192s][info][gc             ] GC(1064) Concurrent Mark Cycle 185.038ms
[720.342s][info][gc,start       ] GC(1065) Pause Young (Prepare Mixed) (G1 Evacuation Pause)
[720.342s][info][gc,task        ] GC(1065) Using 8 workers of 8 for evacuation
[720.346s][info][gc,phases      ] GC(1065)   Pre Evacuate Collection Set: 0.1ms
[720.346s][info][gc,phases      ] GC(1065)   Merge Heap Roots: 0.1ms
[720.346s][info][gc,phases      ] GC(1065)   Evacuate Collection Set: 2.9ms
[720.346s][info][gc,phases      ] GC(1065)   Post Evacuate Collection Set: 0.8ms
[720.346s][info][gc,phases      ] GC(1065)   Other: 0.1ms
[720.346s][info][gc,heap        ] GC(1065) Eden regions: 84->0(84)
[720.346s][info][gc,heap        ] GC(1065) Survivor regions: 5->5(12)
[720.346s][info][gc,heap        ] GC(1065) Old regions: 62->62
[720.346s][info][gc,heap        ] GC(1065) Humongous regions: 2->2
[720.346s][info][gc,metaspace   ] GC(1065) Metaspace: 84788K(85952K)->84788K(85952K) NonClass: 73857K(74496K)->73857K(74496K) Class: 10930K(11456K)->10930K(11456K)
[720.346s][info][gc             ] GC(1065) Pause Young (Prepare Mixed) (G1 Evacuation Pause) 151M->67M(167M) 4.551ms
[720.347s][info][gc,cpu         ] GC(1065) User=0.00s Sys=0.00s Real=0.01s
[720.595s][info][gc,start       ] GC(1066) Pause Young (Mixed) (G1 Evacuation Pause)
[720.595s][info][gc,task        ] GC(1066) Using 8 workers of 8 for evacuation
[720.601s][info][gc,phases      ] GC(1066)   Pre Evacuate Collection Set: 0.3ms
[720.601s][info][gc,phases      ] GC(1066)   Merge Heap Roots: 0.2ms
[720.601s][info][gc,phases      ] GC(1066)   Evacuate Collection Set: 4.5ms
[720.601s][info][gc,phases      ] GC(1066)   Post Evacuate Collection Set: 0.5ms
[720.601s][info][gc,phases      ] GC(1066)   Other: 0.1ms
[720.601s][info][gc,heap        ] GC(1066) Eden regions: 84->0(84)
[720.601s][info][gc,heap        ] GC(1066) Survivor regions: 5->5(12)
[720.601s][info][gc,heap        ] GC(1066) Old regions: 62->62
[720.601s][info][gc,heap        ] GC(1066) Humongous regions: 2->2
[720.601s][info][gc,metaspace   ] GC(1066) Metaspace: 84788K(85952K)->84788K(85952K) NonClass: 73857K(74496K)->73857K(74496K) Class: 10930K(11456K)->10930K(11456K)
[720.601s][info][gc             ] GC(1066) Pause Young (Mixed) (G1 Evacuation Pause) 151M->67M(167M) 6.052ms
[720.601s][info][gc,cpu         ] GC(1066) User=0.00s Sys=0.00s Real=0.01s
[720.803s][info][gc,start       ] GC(1067) Pause Young (Concurrent Start) (G1 Evacuation Pause)
[720.803s][info][gc,task        ] GC(1067) Using 8 workers of 8 for evacuation
[720.807s][info][gc,phases      ] GC(1067)   Pre Evacuate Collection Set: 0.2ms
[720.807s][info][gc,phases      ] GC(1067)   Merge Heap Roots: 0.1ms
[720.807s][info][gc,phases      ] GC(1067)   Evacuate Collection Set: 3.3ms
[720.807s][info][gc,phases      ] GC(1067)   Post Evacuate Collection Set: 0.5ms
[720.807s][info][gc,phases      ] GC(1067)   Other: 0.2ms
[720.807s][info][gc,heap        ] GC(1067) Eden regions: 84->0(84)
[720.807s][info][gc,heap        ] GC(1067) Survivor regions: 5->5(12)
[720.807s][info][gc,heap        ] GC(1067) Old regions: 62->62
[720.807s][info][gc,heap        ] GC(1067) Humongous regions: 2->2
[720.807s][info][gc,metaspace   ] GC(1067) Metaspace: 84788K(85952K)->84788K(85952K) NonClass: 73857K(74496K)->73857K(74496K) Class: 10930K(11456K)->10930K(11456K)
[720.807s][info][gc             ] GC(1067) Pause Young (Concurrent Start) (G1 Evacuation Pause) 151M->68M(167M) 4.803ms
[720.807s][info][gc             ] GC(1068) Concurrent Mark Cycle
[720.807s][info][gc,cpu         ] GC(1067) User=0.00s Sys=0.00s Real=0.01s
[720.808s][info][gc,marking     ] GC(1068) Concurrent Scan Root Regions
[720.811s][info][gc,marking     ] GC(1068) Concurrent Scan Root Regions 3.775ms
[720.811s][info][gc,marking     ] GC(1068) Concurrent Mark
[720.811s][info][gc,marking     ] GC(1068) Concurrent Mark From Roots
[720.811s][info][gc,task        ] GC(1068) Using 2 workers of 2 for marking
[720.950s][info][gc,marking     ] GC(1068) Concurrent Mark From Roots 138.768ms
[720.950s][info][gc,marking     ] GC(1068) Concurrent Preclean
[720.951s][info][gc,marking     ] GC(1068) Concurrent Preclean 0.248ms
[720.951s][info][gc,start       ] GC(1068) Pause Remark
[720.956s][info][gc             ] GC(1068) Pause Remark 96M->96M(167M) 4.951ms
[720.956s][info][gc,cpu         ] GC(1068) User=0.00s Sys=0.00s Real=0.01s
[720.956s][info][gc,marking     ] GC(1068) Concurrent Mark 144.319ms
[720.956s][info][gc,marking     ] GC(1068) Concurrent Rebuild Remembered Sets and Scrub Regions
[720.995s][info][gc,marking     ] GC(1068) Concurrent Rebuild Remembered Sets and Scrub Regions 39.276ms
[720.996s][info][gc,start       ] GC(1068) Pause Cleanup
[720.996s][info][gc             ] GC(1068) Pause Cleanup 105M->105M(167M) 0.295ms
[720.996s][info][gc,cpu         ] GC(1068) User=0.00s Sys=0.00s Real=0.00s
[720.996s][info][gc,marking     ] GC(1068) Concurrent Clear Claimed Marks
[720.996s][info][gc,marking     ] GC(1068) Concurrent Clear Claimed Marks 0.185ms
[720.996s][info][gc,marking     ] GC(1068) Concurrent Cleanup for Next Mark
[720.997s][info][gc,marking     ] GC(1068) Concurrent Cleanup for Next Mark 0.471ms
[720.997s][info][gc             ] GC(1068) Concurrent Mark Cycle 189.447ms
[721.144s][info][gc,start       ] GC(1069) Pause Young (Normal) (G1 Evacuation Pause)
[721.144s][info][gc,task        ] GC(1069) Using 8 workers of 8 for evacuation
[721.148s][info][gc,phases      ] GC(1069)   Pre Evacuate Collection Set: 0.1ms
[721.149s][info][gc,phases      ] GC(1069)   Merge Heap Roots: 0.1ms
[721.149s][info][gc,phases      ] GC(1069)   Evacuate Collection Set: 4.0ms
[721.149s][info][gc,phases      ] GC(1069)   Post Evacuate Collection Set: 0.5ms
[721.149s][info][gc,phases      ] GC(1069)   Other: 0.1ms
[721.149s][info][gc,heap        ] GC(1069) Eden regions: 84->0(84)
[721.149s][info][gc,heap        ] GC(1069) Survivor regions: 5->5(12)
[721.149s][info][gc,heap        ] GC(1069) Old regions: 62->62
[721.149s][info][gc,heap        ] GC(1069) Humongous regions: 2->2
[721.149s][info][gc,metaspace   ] GC(1069) Metaspace: 84788K(85952K)->84788K(85952K) NonClass: 73857K(74496K)->73857K(74496K) Class: 10930K(11456K)->10930K(11456K)
[721.149s][info][gc             ] GC(1069) Pause Young (Normal) (G1 Evacuation Pause) 152M->68M(167M) 5.356ms
[721.149s][info][gc,cpu         ] GC(1069) User=0.00s Sys=0.00s Real=0.01s
[721.376s][info][gc,start       ] GC(1070) Pause Young (Concurrent Start) (G1 Evacuation Pause)
[721.376s][info][gc,task        ] GC(1070) Using 8 workers of 8 for evacuation
[721.381s][info][gc,phases      ] GC(1070)   Pre Evacuate Collection Set: 0.1ms
[721.381s][info][gc,phases      ] GC(1070)   Merge Heap Roots: 0.1ms
[721.381s][info][gc,phases      ] GC(1070)   Evacuate Collection Set: 3.2ms
[721.381s][info][gc,phases      ] GC(1070)   Post Evacuate Collection Set: 0.7ms
[721.381s][info][gc,phases      ] GC(1070)   Other: 0.2ms
[721.381s][info][gc,heap        ] GC(1070) Eden regions: 84->0(83)
[721.381s][info][gc,heap        ] GC(1070) Survivor regions: 5->5(12)
[721.381s][info][gc,heap        ] GC(1070) Old regions: 62->63
[721.381s][info][gc,heap        ] GC(1070) Humongous regions: 2->2
[721.381s][info][gc,metaspace   ] GC(1070) Metaspace: 84788K(85952K)->84788K(85952K) NonClass: 73857K(74496K)->73857K(74496K) Class: 10930K(11456K)->10930K(11456K)
[721.381s][info][gc             ] GC(1070) Pause Young (Concurrent Start) (G1 Evacuation Pause) 152M->68M(167M) 5.025ms
[721.381s][info][gc,cpu         ] GC(1070) User=0.00s Sys=0.00s Real=0.01s
[721.381s][info][gc             ] GC(1071) Concurrent Mark Cycle
[721.381s][info][gc,marking     ] GC(1071) Concurrent Scan Root Regions
[721.385s][info][gc,marking     ] GC(1071) Concurrent Scan Root Regions 3.433ms
[721.385s][info][gc,marking     ] GC(1071) Concurrent Mark
[721.385s][info][gc,marking     ] GC(1071) Concurrent Mark From Roots
[721.385s][info][gc,task        ] GC(1071) Using 2 workers of 2 for marking
[721.471s][info][gc,marking     ] GC(1071) Concurrent Mark From Roots 86.610ms
[721.472s][info][gc,marking     ] GC(1071) Concurrent Preclean
[721.472s][info][gc,marking     ] GC(1071) Concurrent Preclean 0.389ms
[721.472s][info][gc,start       ] GC(1071) Pause Remark
[721.490s][info][gc             ] GC(1071) Pause Remark 95M->95M(167M) 17.775ms
[721.490s][info][gc,cpu         ] GC(1071) User=0.06s Sys=0.02s Real=0.02s
[721.490s][info][gc,marking     ] GC(1071) Concurrent Mark 105.234ms
[721.490s][info][gc,marking     ] GC(1071) Concurrent Rebuild Remembered Sets and Scrub Regions
[721.536s][info][gc,marking     ] GC(1071) Concurrent Rebuild Remembered Sets and Scrub Regions 45.730ms
[721.536s][info][gc,start       ] GC(1071) Pause Cleanup
[721.536s][info][gc             ] GC(1071) Pause Cleanup 104M->104M(167M) 0.161ms
[721.536s][info][gc,cpu         ] GC(1071) User=0.00s Sys=0.00s Real=0.00s
[721.536s][info][gc,marking     ] GC(1071) Concurrent Clear Claimed Marks
[721.536s][info][gc,marking     ] GC(1071) Concurrent Clear Claimed Marks 0.110ms
[721.536s][info][gc,marking     ] GC(1071) Concurrent Cleanup for Next Mark
[721.537s][info][gc,marking     ] GC(1071) Concurrent Cleanup for Next Mark 0.303ms
[721.537s][info][gc             ] GC(1071) Concurrent Mark Cycle 155.615ms
[721.642s][info][gc,start       ] GC(1072) Pause Young (Prepare Mixed) (G1 Evacuation Pause)
[721.643s][info][gc,task        ] GC(1072) Using 8 workers of 8 for evacuation
[721.646s][info][gc,phases      ] GC(1072)   Pre Evacuate Collection Set: 0.1ms
[721.646s][info][gc,phases      ] GC(1072)   Merge Heap Roots: 0.1ms
[721.646s][info][gc,phases      ] GC(1072)   Evacuate Collection Set: 2.7ms
[721.646s][info][gc,phases      ] GC(1072)   Post Evacuate Collection Set: 0.5ms
[721.646s][info][gc,phases      ] GC(1072)   Other: 0.1ms
[721.646s][info][gc,heap        ] GC(1072) Eden regions: 83->0(82)
[721.646s][info][gc,heap        ] GC(1072) Survivor regions: 5->5(11)
[721.646s][info][gc,heap        ] GC(1072) Old regions: 63->63
[721.646s][info][gc,heap        ] GC(1072) Humongous regions: 3->3
[721.646s][info][gc,metaspace   ] GC(1072) Metaspace: 84788K(85952K)->84788K(85952K) NonClass: 73857K(74496K)->73857K(74496K) Class: 10930K(11456K)->10930K(11456K)
[721.646s][info][gc             ] GC(1072) Pause Young (Prepare Mixed) (G1 Evacuation Pause) 152M->69M(167M) 3.984ms
[721.646s][info][gc,cpu         ] GC(1072) User=0.00s Sys=0.00s Real=0.00s
[721.864s][info][gc,start       ] GC(1073) Pause Young (Mixed) (G1 Evacuation Pause)
[721.864s][info][gc,task        ] GC(1073) Using 8 workers of 8 for evacuation
[721.869s][info][gc,phases      ] GC(1073)   Pre Evacuate Collection Set: 0.1ms
[721.869s][info][gc,phases      ] GC(1073)   Merge Heap Roots: 0.1ms
[721.869s][info][gc,phases      ] GC(1073)   Evacuate Collection Set: 4.4ms
[721.869s][info][gc,phases      ] GC(1073)   Post Evacuate Collection Set: 0.4ms
[721.869s][info][gc,phases      ] GC(1073)   Other: 0.1ms
[721.869s][info][gc,heap        ] GC(1073) Eden regions: 82->0(81)
[721.869s][info][gc,heap        ] GC(1073) Survivor regions: 5->5(11)
[721.869s][info][gc,heap        ] GC(1073) Old regions: 63->64
[721.869s][info][gc,heap        ] GC(1073) Humongous regions: 3->3
[721.869s][info][gc,metaspace   ] GC(1073) Metaspace: 84788K(85952K)->84788K(85952K) NonClass: 73857K(74496K)->73857K(74496K) Class: 10930K(11456K)->10930K(11456K)
[721.870s][info][gc             ] GC(1073) Pause Young (Mixed) (G1 Evacuation Pause) 151M->70M(167M) 5.588ms
[721.870s][info][gc,cpu         ] GC(1073) User=0.00s Sys=0.00s Real=0.01s
[722.120s][info][gc,start       ] GC(1074) Pause Young (Concurrent Start) (G1 Evacuation Pause)
[722.120s][info][gc,task        ] GC(1074) Using 8 workers of 8 for evacuation
[722.124s][info][gc,phases      ] GC(1074)   Pre Evacuate Collection Set: 0.2ms
[722.124s][info][gc,phases      ] GC(1074)   Merge Heap Roots: 0.1ms
[722.124s][info][gc,phases      ] GC(1074)   Evacuate Collection Set: 2.8ms
[722.124s][info][gc,phases      ] GC(1074)   Post Evacuate Collection Set: 0.5ms
[722.124s][info][gc,phases      ] GC(1074)   Other: 0.2ms
[722.124s][info][gc,heap        ] GC(1074) Eden regions: 81->0(81)
[722.124s][info][gc,heap        ] GC(1074) Survivor regions: 5->5(11)
[722.124s][info][gc,heap        ] GC(1074) Old regions: 64->64
[722.124s][info][gc,heap        ] GC(1074) Humongous regions: 3->3
[722.124s][info][gc,metaspace   ] GC(1074) Metaspace: 84788K(85952K)->84788K(85952K) NonClass: 73857K(74496K)->73857K(74496K) Class: 10930K(11456K)->10930K(11456K)
[722.124s][info][gc             ] GC(1074) Pause Young (Concurrent Start) (G1 Evacuation Pause) 151M->70M(167M) 4.132ms
[722.124s][info][gc,cpu         ] GC(1074) User=0.11s Sys=0.00s Real=0.00s
[722.124s][info][gc             ] GC(1075) Concurrent Mark Cycle
[722.124s][info][gc,marking     ] GC(1075) Concurrent Scan Root Regions
[722.127s][info][gc,marking     ] GC(1075) Concurrent Scan Root Regions 2.027ms
[722.127s][info][gc,marking     ] GC(1075) Concurrent Mark
[722.127s][info][gc,marking     ] GC(1075) Concurrent Mark From Roots
[722.127s][info][gc,task        ] GC(1075) Using 2 workers of 2 for marking
[722.238s][info][gc,marking     ] GC(1075) Concurrent Mark From Roots 111.134ms
[722.238s][info][gc,marking     ] GC(1075) Concurrent Preclean
[722.238s][info][gc,marking     ] GC(1075) Concurrent Preclean 0.309ms
[722.238s][info][gc,start       ] GC(1075) Pause Remark
[722.244s][info][gc             ] GC(1075) Pause Remark 97M->97M(167M) 5.755ms
[722.244s][info][gc,cpu         ] GC(1075) User=0.00s Sys=0.00s Real=0.01s
[722.244s][info][gc,marking     ] GC(1075) Concurrent Mark 117.585ms
[722.244s][info][gc,marking     ] GC(1075) Concurrent Rebuild Remembered Sets and Scrub Regions
[722.284s][info][gc,marking     ] GC(1075) Concurrent Rebuild Remembered Sets and Scrub Regions 39.693ms
[722.284s][info][gc,start       ] GC(1075) Pause Cleanup
[722.284s][info][gc             ] GC(1075) Pause Cleanup 108M->108M(167M) 0.142ms
[722.284s][info][gc,cpu         ] GC(1075) User=0.00s Sys=0.00s Real=0.00s
[722.284s][info][gc,marking     ] GC(1075) Concurrent Clear Claimed Marks
[722.284s][info][gc,marking     ] GC(1075) Concurrent Clear Claimed Marks 0.102ms
[722.284s][info][gc,marking     ] GC(1075) Concurrent Cleanup for Next Mark
[722.285s][info][gc,marking     ] GC(1075) Concurrent Cleanup for Next Mark 0.296ms
[722.285s][info][gc             ] GC(1075) Concurrent Mark Cycle 160.443ms
[722.411s][info][gc,start       ] GC(1076) Pause Young (Prepare Mixed) (G1 Evacuation Pause)
[722.411s][info][gc,task        ] GC(1076) Using 8 workers of 8 for evacuation
[722.415s][info][gc,phases      ] GC(1076)   Pre Evacuate Collection Set: 0.1ms
[722.415s][info][gc,phases      ] GC(1076)   Merge Heap Roots: 0.1ms
[722.415s][info][gc,phases      ] GC(1076)   Evacuate Collection Set: 3.4ms
[722.415s][info][gc,phases      ] GC(1076)   Post Evacuate Collection Set: 0.6ms
[722.415s][info][gc,phases      ] GC(1076)   Other: 0.1ms
[722.415s][info][gc,heap        ] GC(1076) Eden regions: 81->0(81)
[722.415s][info][gc,heap        ] GC(1076) Survivor regions: 5->5(11)
[722.415s][info][gc,heap        ] GC(1076) Old regions: 64->64
[722.415s][info][gc,heap        ] GC(1076) Humongous regions: 3->3
[722.415s][info][gc,metaspace   ] GC(1076) Metaspace: 84788K(85952K)->84788K(85952K) NonClass: 73857K(74496K)->73857K(74496K) Class: 10930K(11456K)->10930K(11456K)
[722.415s][info][gc             ] GC(1076) Pause Young (Prepare Mixed) (G1 Evacuation Pause) 151M->70M(167M) 4.847ms
[722.416s][info][gc,cpu         ] GC(1076) User=0.00s Sys=0.00s Real=0.00s
[722.634s][info][gc,start       ] GC(1077) Pause Young (Mixed) (G1 Evacuation Pause)
[722.634s][info][gc,task        ] GC(1077) Using 8 workers of 8 for evacuation
[722.638s][info][gc,phases      ] GC(1077)   Pre Evacuate Collection Set: 0.1ms
[722.638s][info][gc,phases      ] GC(1077)   Merge Heap Roots: 0.1ms
[722.638s][info][gc,phases      ] GC(1077)   Evacuate Collection Set: 3.0ms
[722.638s][info][gc,phases      ] GC(1077)   Post Evacuate Collection Set: 0.5ms
[722.638s][info][gc,phases      ] GC(1077)   Other: 0.1ms
[722.638s][info][gc,heap        ] GC(1077) Eden regions: 81->0(81)
[722.638s][info][gc,heap        ] GC(1077) Survivor regions: 5->5(11)
[722.638s][info][gc,heap        ] GC(1077) Old regions: 64->64
[722.638s][info][gc,heap        ] GC(1077) Humongous regions: 3->3
[722.638s][info][gc,metaspace   ] GC(1077) Metaspace: 84788K(85952K)->84788K(85952K) NonClass: 73857K(74496K)->73857K(74496K) Class: 10930K(11456K)->10930K(11456K)
[722.638s][info][gc             ] GC(1077) Pause Young (Mixed) (G1 Evacuation Pause) 151M->70M(167M) 4.255ms
[722.638s][info][gc,cpu         ] GC(1077) User=0.11s Sys=0.00s Real=0.00s
[722.858s][info][gc,start       ] GC(1078) Pause Young (Concurrent Start) (G1 Evacuation Pause)
[722.858s][info][gc,task        ] GC(1078) Using 8 workers of 8 for evacuation
[722.861s][info][gc,phases      ] GC(1078)   Pre Evacuate Collection Set: 0.1ms
[722.861s][info][gc,phases      ] GC(1078)   Merge Heap Roots: 0.1ms
[722.861s][info][gc,phases      ] GC(1078)   Evacuate Collection Set: 2.6ms
[722.861s][info][gc,phases      ] GC(1078)   Post Evacuate Collection Set: 0.5ms
[722.861s][info][gc,phases      ] GC(1078)   Other: 0.1ms
[722.862s][info][gc,heap        ] GC(1078) Eden regions: 81->0(83)
[722.862s][info][gc,heap        ] GC(1078) Survivor regions: 5->4(11)
[722.862s][info][gc,heap        ] GC(1078) Old regions: 64->64
[722.862s][info][gc,heap        ] GC(1078) Humongous regions: 3->3
[722.862s][info][gc,metaspace   ] GC(1078) Metaspace: 84788K(85952K)->84788K(85952K) NonClass: 73857K(74496K)->73857K(74496K) Class: 10930K(11456K)->10930K(11456K)
[722.862s][info][gc             ] GC(1078) Pause Young (Concurrent Start) (G1 Evacuation Pause) 151M->70M(167M) 3.811ms
[722.862s][info][gc,cpu         ] GC(1078) User=0.00s Sys=0.00s Real=0.00s
[722.862s][info][gc             ] GC(1079) Concurrent Mark Cycle
[722.862s][info][gc,marking     ] GC(1079) Concurrent Scan Root Regions
[722.865s][info][gc,marking     ] GC(1079) Concurrent Scan Root Regions 3.407ms
[722.865s][info][gc,marking     ] GC(1079) Concurrent Mark
[722.865s][info][gc,marking     ] GC(1079) Concurrent Mark From Roots
[722.865s][info][gc,task        ] GC(1079) Using 2 workers of 2 for marking
[722.978s][info][gc,marking     ] GC(1079) Concurrent Mark From Roots 112.645ms
[722.978s][info][gc,marking     ] GC(1079) Concurrent Preclean
[722.978s][info][gc,marking     ] GC(1079) Concurrent Preclean 0.258ms
[722.978s][info][gc,start       ] GC(1079) Pause Remark
[722.984s][info][gc             ] GC(1079) Pause Remark 96M->96M(167M) 6.041ms
[722.985s][info][gc,cpu         ] GC(1079) User=0.06s Sys=0.00s Real=0.01s
[722.985s][info][gc,marking     ] GC(1079) Concurrent Mark 119.281ms
[722.985s][info][gc,marking     ] GC(1079) Concurrent Rebuild Remembered Sets and Scrub Regions
[723.012s][info][gc,marking     ] GC(1079) Concurrent Rebuild Remembered Sets and Scrub Regions 27.581ms
[723.012s][info][gc,start       ] GC(1079) Pause Cleanup
[723.013s][info][gc             ] GC(1079) Pause Cleanup 104M->104M(167M) 0.150ms
[723.013s][info][gc,cpu         ] GC(1079) User=0.00s Sys=0.02s Real=0.00s
[723.013s][info][gc,marking     ] GC(1079) Concurrent Clear Claimed Marks
[723.013s][info][gc,marking     ] GC(1079) Concurrent Clear Claimed Marks 0.098ms
[723.013s][info][gc,marking     ] GC(1079) Concurrent Cleanup for Next Mark
[723.013s][info][gc,marking     ] GC(1079) Concurrent Cleanup for Next Mark 0.298ms
[723.013s][info][gc             ] GC(1079) Concurrent Mark Cycle 151.416ms
[723.153s][info][gc,start       ] GC(1080) Pause Young (Prepare Mixed) (G1 Evacuation Pause)
[723.153s][info][gc,task        ] GC(1080) Using 8 workers of 8 for evacuation
[723.157s][info][gc,phases      ] GC(1080)   Pre Evacuate Collection Set: 0.2ms
[723.157s][info][gc,phases      ] GC(1080)   Merge Heap Roots: 0.1ms
[723.157s][info][gc,phases      ] GC(1080)   Evacuate Collection Set: 2.7ms
[723.157s][info][gc,phases      ] GC(1080)   Post Evacuate Collection Set: 0.4ms
[723.157s][info][gc,phases      ] GC(1080)   Other: 0.1ms
[723.157s][info][gc,heap        ] GC(1080) Eden regions: 83->0(80)
[723.157s][info][gc,heap        ] GC(1080) Survivor regions: 4->5(11)
[723.157s][info][gc,heap        ] GC(1080) Old regions: 64->65
[723.157s][info][gc,heap        ] GC(1080) Humongous regions: 3->3
[723.157s][info][gc,metaspace   ] GC(1080) Metaspace: 84788K(85952K)->84788K(85952K) NonClass: 73857K(74496K)->73857K(74496K) Class: 10930K(11456K)->10930K(11456K)
[723.157s][info][gc             ] GC(1080) Pause Young (Prepare Mixed) (G1 Evacuation Pause) 153M->71M(167M) 3.791ms
[723.157s][info][gc,cpu         ] GC(1080) User=0.05s Sys=0.06s Real=0.00s
[723.436s][info][gc,start       ] GC(1081) Pause Young (Mixed) (G1 Evacuation Pause)
[723.436s][info][gc,task        ] GC(1081) Using 8 workers of 8 for evacuation
[723.440s][info][gc,phases      ] GC(1081)   Pre Evacuate Collection Set: 0.2ms
[723.440s][info][gc,phases      ] GC(1081)   Merge Heap Roots: 0.1ms
[723.440s][info][gc,phases      ] GC(1081)   Evacuate Collection Set: 3.4ms
[723.440s][info][gc,phases      ] GC(1081)   Post Evacuate Collection Set: 0.5ms
[723.440s][info][gc,phases      ] GC(1081)   Other: 0.1ms
[723.440s][info][gc,heap        ] GC(1081) Eden regions: 80->0(80)
[723.440s][info][gc,heap        ] GC(1081) Survivor regions: 5->5(11)
[723.440s][info][gc,heap        ] GC(1081) Old regions: 65->65
[723.441s][info][gc,heap        ] GC(1081) Humongous regions: 3->3
[723.441s][info][gc,metaspace   ] GC(1081) Metaspace: 84788K(85952K)->84788K(85952K) NonClass: 73857K(74496K)->73857K(74496K) Class: 10930K(11456K)->10930K(11456K)
[723.441s][info][gc             ] GC(1081) Pause Young (Mixed) (G1 Evacuation Pause) 151M->71M(167M) 4.960ms
[723.441s][info][gc,cpu         ] GC(1081) User=0.00s Sys=0.00s Real=0.00s
[723.707s][info][gc,start       ] GC(1082) Pause Young (Concurrent Start) (G1 Evacuation Pause)
[723.707s][info][gc,task        ] GC(1082) Using 8 workers of 8 for evacuation
[723.711s][info][gc,phases      ] GC(1082)   Pre Evacuate Collection Set: 0.2ms
[723.711s][info][gc,phases      ] GC(1082)   Merge Heap Roots: 0.1ms
[723.711s][info][gc,phases      ] GC(1082)   Evacuate Collection Set: 3.2ms
[723.711s][info][gc,phases      ] GC(1082)   Post Evacuate Collection Set: 0.5ms
[723.711s][info][gc,phases      ] GC(1082)   Other: 0.2ms
[723.711s][info][gc,heap        ] GC(1082) Eden regions: 80->0(82)
[723.711s][info][gc,heap        ] GC(1082) Survivor regions: 5->4(11)
[723.711s][info][gc,heap        ] GC(1082) Old regions: 65->65
[723.711s][info][gc,heap        ] GC(1082) Humongous regions: 3->3
[723.711s][info][gc,metaspace   ] GC(1082) Metaspace: 84788K(85952K)->84788K(85952K) NonClass: 73857K(74496K)->73857K(74496K) Class: 10930K(11456K)->10930K(11456K)
[723.712s][info][gc             ] GC(1082) Pause Young (Concurrent Start) (G1 Evacuation Pause) 151M->71M(167M) 4.708ms
[723.712s][info][gc             ] GC(1083) Concurrent Mark Cycle
[723.712s][info][gc,cpu         ] GC(1082) User=0.00s Sys=0.00s Real=0.01s
[723.712s][info][gc,marking     ] GC(1083) Concurrent Scan Root Regions
[723.714s][info][gc,marking     ] GC(1083) Concurrent Scan Root Regions 2.334ms
[723.714s][info][gc,marking     ] GC(1083) Concurrent Mark
[723.714s][info][gc,marking     ] GC(1083) Concurrent Mark From Roots
[723.714s][info][gc,task        ] GC(1083) Using 2 workers of 2 for marking
[723.832s][info][gc,marking     ] GC(1083) Concurrent Mark From Roots 118.297ms
[723.833s][info][gc,marking     ] GC(1083) Concurrent Preclean
[723.833s][info][gc,marking     ] GC(1083) Concurrent Preclean 0.505ms
[723.833s][info][gc,start       ] GC(1083) Pause Remark
[723.839s][info][gc             ] GC(1083) Pause Remark 100M->100M(169M) 5.908ms
[723.839s][info][gc,cpu         ] GC(1083) User=0.00s Sys=0.00s Real=0.01s
[723.839s][info][gc,marking     ] GC(1083) Concurrent Mark 125.406ms
[723.840s][info][gc,marking     ] GC(1083) Concurrent Rebuild Remembered Sets and Scrub Regions
[723.877s][info][gc,marking     ] GC(1083) Concurrent Rebuild Remembered Sets and Scrub Regions 37.077ms
[723.877s][info][gc,start       ] GC(1083) Pause Cleanup
[723.877s][info][gc             ] GC(1083) Pause Cleanup 109M->109M(169M) 0.209ms
[723.877s][info][gc,cpu         ] GC(1083) User=0.00s Sys=0.00s Real=0.00s
[723.877s][info][gc,marking     ] GC(1083) Concurrent Clear Claimed Marks
[723.877s][info][gc,marking     ] GC(1083) Concurrent Clear Claimed Marks 0.127ms
[723.877s][info][gc,marking     ] GC(1083) Concurrent Cleanup for Next Mark
[723.878s][info][gc,marking     ] GC(1083) Concurrent Cleanup for Next Mark 0.382ms
[723.878s][info][gc             ] GC(1083) Concurrent Mark Cycle 166.331ms
[724.079s][info][gc,start       ] GC(1084) Pause Young (Normal) (G1 Evacuation Pause)
[724.079s][info][gc,task        ] GC(1084) Using 8 workers of 8 for evacuation
[724.085s][info][gc,phases      ] GC(1084)   Pre Evacuate Collection Set: 0.2ms
[724.085s][info][gc,phases      ] GC(1084)   Merge Heap Roots: 0.1ms
[724.085s][info][gc,phases      ] GC(1084)   Evacuate Collection Set: 4.4ms
[724.085s][info][gc,phases      ] GC(1084)   Post Evacuate Collection Set: 0.8ms
[724.085s][info][gc,phases      ] GC(1084)   Other: 0.2ms
[724.085s][info][gc,heap        ] GC(1084) Eden regions: 82->0(84)
[724.085s][info][gc,heap        ] GC(1084) Survivor regions: 4->4(11)
[724.086s][info][gc,heap        ] GC(1084) Old regions: 65->65
[724.086s][info][gc,heap        ] GC(1084) Humongous regions: 3->3
[724.086s][info][gc,metaspace   ] GC(1084) Metaspace: 84788K(85952K)->84788K(85952K) NonClass: 73857K(74496K)->73857K(74496K) Class: 10930K(11456K)->10930K(11456K)
[724.086s][info][gc             ] GC(1084) Pause Young (Normal) (G1 Evacuation Pause) 153M->71M(169M) 6.474ms
[724.086s][info][gc,cpu         ] GC(1084) User=0.00s Sys=0.00s Real=0.01s
[727.387s][info][gc,start       ] GC(1085) Pause Young (Concurrent Start) (G1 Evacuation Pause)
[727.387s][info][gc,task        ] GC(1085) Using 8 workers of 8 for evacuation
[727.390s][info][gc,phases      ] GC(1085)   Pre Evacuate Collection Set: 0.2ms
[727.390s][info][gc,phases      ] GC(1085)   Merge Heap Roots: 0.0ms
[727.390s][info][gc,phases      ] GC(1085)   Evacuate Collection Set: 2.3ms
[727.390s][info][gc,phases      ] GC(1085)   Post Evacuate Collection Set: 0.6ms
[727.390s][info][gc,phases      ] GC(1085)   Other: 0.1ms
[727.390s][info][gc,heap        ] GC(1085) Eden regions: 84->0(81)
[727.390s][info][gc,heap        ] GC(1085) Survivor regions: 4->5(11)
[727.390s][info][gc,heap        ] GC(1085) Old regions: 65->66
[727.390s][info][gc,heap        ] GC(1085) Humongous regions: 3->3
[727.390s][info][gc,metaspace   ] GC(1085) Metaspace: 84788K(85952K)->84788K(85952K) NonClass: 73857K(74496K)->73857K(74496K) Class: 10930K(11456K)->10930K(11456K)
[727.390s][info][gc             ] GC(1085) Pause Young (Concurrent Start) (G1 Evacuation Pause) 155M->72M(169M) 3.626ms
[727.390s][info][gc,cpu         ] GC(1085) User=0.11s Sys=0.00s Real=0.00s
[727.390s][info][gc             ] GC(1086) Concurrent Mark Cycle
[727.390s][info][gc,marking     ] GC(1086) Concurrent Scan Root Regions
[727.392s][info][gc,marking     ] GC(1086) Concurrent Scan Root Regions 1.417ms
[727.392s][info][gc,marking     ] GC(1086) Concurrent Mark
[727.392s][info][gc,marking     ] GC(1086) Concurrent Mark From Roots
[727.392s][info][gc,task        ] GC(1086) Using 2 workers of 2 for marking
[727.460s][info][gc,marking     ] GC(1086) Concurrent Mark From Roots 67.825ms
[727.460s][info][gc,marking     ] GC(1086) Concurrent Preclean
[727.460s][info][gc,marking     ] GC(1086) Concurrent Preclean 0.310ms
[727.460s][info][gc,start       ] GC(1086) Pause Remark
[727.467s][info][gc             ] GC(1086) Pause Remark 104M->104M(177M) 6.543ms
[727.467s][info][gc,cpu         ] GC(1086) User=0.09s Sys=0.02s Real=0.01s
[727.467s][info][gc,marking     ] GC(1086) Concurrent Mark 75.037ms
[727.467s][info][gc,marking     ] GC(1086) Concurrent Rebuild Remembered Sets and Scrub Regions
[727.497s][info][gc,marking     ] GC(1086) Concurrent Rebuild Remembered Sets and Scrub Regions 30.505ms
[727.497s][info][gc,start       ] GC(1086) Pause Cleanup
[727.498s][info][gc             ] GC(1086) Pause Cleanup 112M->112M(177M) 0.148ms
[727.498s][info][gc,cpu         ] GC(1086) User=0.00s Sys=0.00s Real=0.00s
[727.498s][info][gc,marking     ] GC(1086) Concurrent Clear Claimed Marks
[727.498s][info][gc,marking     ] GC(1086) Concurrent Clear Claimed Marks 0.089ms
[727.498s][info][gc,marking     ] GC(1086) Concurrent Cleanup for Next Mark
[727.498s][info][gc,marking     ] GC(1086) Concurrent Cleanup for Next Mark 0.290ms
[727.498s][info][gc             ] GC(1086) Concurrent Mark Cycle 107.938ms
[727.579s][info][gc,start       ] GC(1087) Pause Young (Prepare Mixed) (G1 Evacuation Pause)
[727.579s][info][gc,task        ] GC(1087) Using 8 workers of 8 for evacuation
[727.582s][info][gc,phases      ] GC(1087)   Pre Evacuate Collection Set: 0.1ms
[727.582s][info][gc,phases      ] GC(1087)   Merge Heap Roots: 0.1ms
[727.582s][info][gc,phases      ] GC(1087)   Evacuate Collection Set: 2.7ms
[727.582s][info][gc,phases      ] GC(1087)   Post Evacuate Collection Set: 0.4ms
[727.582s][info][gc,phases      ] GC(1087)   Other: 0.1ms
[727.582s][info][gc,heap        ] GC(1087) Eden regions: 80->0(88)
[727.582s][info][gc,heap        ] GC(1087) Survivor regions: 5->5(11)
[727.582s][info][gc,heap        ] GC(1087) Old regions: 66->66
[727.582s][info][gc,heap        ] GC(1087) Humongous regions: 3->3
[727.582s][info][gc,metaspace   ] GC(1087) Metaspace: 84788K(85952K)->84788K(85952K) NonClass: 73857K(74496K)->73857K(74496K) Class: 10930K(11456K)->10930K(11456K)
[727.582s][info][gc             ] GC(1087) Pause Young (Prepare Mixed) (G1 Evacuation Pause) 152M->72M(177M) 3.690ms
[727.582s][info][gc,cpu         ] GC(1087) User=0.00s Sys=0.00s Real=0.00s
[727.773s][info][gc,start       ] GC(1088) Pause Young (Mixed) (G1 Evacuation Pause)
[727.773s][info][gc,task        ] GC(1088) Using 8 workers of 8 for evacuation
[727.777s][info][gc,phases      ] GC(1088)   Pre Evacuate Collection Set: 0.2ms
[727.777s][info][gc,phases      ] GC(1088)   Merge Heap Roots: 0.1ms
[727.777s][info][gc,phases      ] GC(1088)   Evacuate Collection Set: 3.4ms
[727.777s][info][gc,phases      ] GC(1088)   Post Evacuate Collection Set: 0.4ms
[727.777s][info][gc,phases      ] GC(1088)   Other: 0.1ms
[727.777s][info][gc,heap        ] GC(1088) Eden regions: 88->0(88)
[727.777s][info][gc,heap        ] GC(1088) Survivor regions: 5->5(12)
[727.777s][info][gc,heap        ] GC(1088) Old regions: 66->66
[727.777s][info][gc,heap        ] GC(1088) Humongous regions: 3->3
[727.777s][info][gc,metaspace   ] GC(1088) Metaspace: 84788K(85952K)->84788K(85952K) NonClass: 73857K(74496K)->73857K(74496K) Class: 10930K(11456K)->10930K(11456K)
[727.777s][info][gc             ] GC(1088) Pause Young (Mixed) (G1 Evacuation Pause) 160M->72M(177M) 4.816ms
[727.777s][info][gc,cpu         ] GC(1088) User=0.00s Sys=0.00s Real=0.01s
[728.030s][info][gc,start       ] GC(1089) Pause Young (Concurrent Start) (G1 Evacuation Pause)
[728.030s][info][gc,task        ] GC(1089) Using 8 workers of 8 for evacuation
[728.034s][info][gc,phases      ] GC(1089)   Pre Evacuate Collection Set: 0.2ms
[728.034s][info][gc,phases      ] GC(1089)   Merge Heap Roots: 0.1ms
[728.034s][info][gc,phases      ] GC(1089)   Evacuate Collection Set: 2.6ms
[728.034s][info][gc,phases      ] GC(1089)   Post Evacuate Collection Set: 0.5ms
[728.034s][info][gc,phases      ] GC(1089)   Other: 0.2ms
[728.034s][info][gc,heap        ] GC(1089) Eden regions: 88->0(88)
[728.034s][info][gc,heap        ] GC(1089) Survivor regions: 5->5(12)
[728.034s][info][gc,heap        ] GC(1089) Old regions: 66->66
[728.034s][info][gc,heap        ] GC(1089) Humongous regions: 3->3
[728.035s][info][gc,metaspace   ] GC(1089) Metaspace: 84788K(85952K)->84788K(85952K) NonClass: 73857K(74496K)->73857K(74496K) Class: 10930K(11456K)->10930K(11456K)
[728.035s][info][gc             ] GC(1089) Pause Young (Concurrent Start) (G1 Evacuation Pause) 160M->72M(177M) 4.194ms
[728.035s][info][gc             ] GC(1090) Concurrent Mark Cycle
[728.035s][info][gc,cpu         ] GC(1089) User=0.00s Sys=0.00s Real=0.00s
[728.035s][info][gc,marking     ] GC(1090) Concurrent Scan Root Regions
[728.039s][info][gc,marking     ] GC(1090) Concurrent Scan Root Regions 4.593ms
[728.039s][info][gc,marking     ] GC(1090) Concurrent Mark
[728.039s][info][gc,marking     ] GC(1090) Concurrent Mark From Roots
[728.039s][info][gc,task        ] GC(1090) Using 2 workers of 2 for marking
[728.140s][info][gc,marking     ] GC(1090) Concurrent Mark From Roots 100.833ms
[728.140s][info][gc,marking     ] GC(1090) Concurrent Preclean
[728.141s][info][gc,marking     ] GC(1090) Concurrent Preclean 0.488ms
[728.141s][info][gc,start       ] GC(1090) Pause Remark
[728.147s][info][gc             ] GC(1090) Pause Remark 104M->104M(177M) 5.913ms
[728.147s][info][gc,cpu         ] GC(1090) User=0.00s Sys=0.00s Real=0.01s
[728.147s][info][gc,marking     ] GC(1090) Concurrent Mark 107.771ms
[728.147s][info][gc,marking     ] GC(1090) Concurrent Rebuild Remembered Sets and Scrub Regions
[728.188s][info][gc,marking     ] GC(1090) Concurrent Rebuild Remembered Sets and Scrub Regions 40.433ms
[728.188s][info][gc,start       ] GC(1090) Pause Cleanup
[728.188s][info][gc             ] GC(1090) Pause Cleanup 114M->114M(177M) 0.217ms
[728.188s][info][gc,cpu         ] GC(1090) User=0.00s Sys=0.00s Real=0.00s
[728.188s][info][gc,marking     ] GC(1090) Concurrent Clear Claimed Marks
[728.188s][info][gc,marking     ] GC(1090) Concurrent Clear Claimed Marks 0.111ms
[728.188s][info][gc,marking     ] GC(1090) Concurrent Cleanup for Next Mark
[728.189s][info][gc,marking     ] GC(1090) Concurrent Cleanup for Next Mark 0.370ms
[728.189s][info][gc             ] GC(1090) Concurrent Mark Cycle 154.250ms
[728.312s][info][gc,start       ] GC(1091) Pause Young (Normal) (G1 Evacuation Pause)
[728.312s][info][gc,task        ] GC(1091) Using 8 workers of 8 for evacuation
[728.316s][info][gc,phases      ] GC(1091)   Pre Evacuate Collection Set: 0.1ms
[728.316s][info][gc,phases      ] GC(1091)   Merge Heap Roots: 0.1ms
[728.316s][info][gc,phases      ] GC(1091)   Evacuate Collection Set: 3.0ms
[728.316s][info][gc,phases      ] GC(1091)   Post Evacuate Collection Set: 0.5ms
[728.316s][info][gc,phases      ] GC(1091)   Other: 0.1ms
[728.316s][info][gc,heap        ] GC(1091) Eden regions: 88->0(88)
[728.316s][info][gc,heap        ] GC(1091) Survivor regions: 5->5(12)
[728.316s][info][gc,heap        ] GC(1091) Old regions: 66->66
[728.316s][info][gc,heap        ] GC(1091) Humongous regions: 3->3
[728.316s][info][gc,metaspace   ] GC(1091) Metaspace: 84788K(85952K)->84788K(85952K) NonClass: 73857K(74496K)->73857K(74496K) Class: 10930K(11456K)->10930K(11456K)
[728.316s][info][gc             ] GC(1091) Pause Young (Normal) (G1 Evacuation Pause) 160M->73M(177M) 4.189ms
[728.316s][info][gc,cpu         ] GC(1091) User=0.00s Sys=0.00s Real=0.01s
[728.527s][info][gc,start       ] GC(1092) Pause Young (Concurrent Start) (G1 Evacuation Pause)
[728.527s][info][gc,task        ] GC(1092) Using 8 workers of 8 for evacuation
[728.531s][info][gc,phases      ] GC(1092)   Pre Evacuate Collection Set: 0.2ms
[728.531s][info][gc,phases      ] GC(1092)   Merge Heap Roots: 0.1ms
[728.531s][info][gc,phases      ] GC(1092)   Evacuate Collection Set: 2.7ms
[728.531s][info][gc,phases      ] GC(1092)   Post Evacuate Collection Set: 0.5ms
[728.531s][info][gc,phases      ] GC(1092)   Other: 0.2ms
[728.531s][info][gc,heap        ] GC(1092) Eden regions: 88->0(88)
[728.531s][info][gc,heap        ] GC(1092) Survivor regions: 5->5(12)
[728.531s][info][gc,heap        ] GC(1092) Old regions: 66->66
[728.531s][info][gc,heap        ] GC(1092) Humongous regions: 3->3
[728.531s][info][gc,metaspace   ] GC(1092) Metaspace: 84788K(85952K)->84788K(85952K) NonClass: 73857K(74496K)->73857K(74496K) Class: 10930K(11456K)->10930K(11456K)
[728.531s][info][gc             ] GC(1092) Pause Young (Concurrent Start) (G1 Evacuation Pause) 161M->73M(177M) 4.223ms
[728.531s][info][gc,cpu         ] GC(1092) User=0.12s Sys=0.00s Real=0.00s
[728.531s][info][gc             ] GC(1093) Concurrent Mark Cycle
[728.531s][info][gc,marking     ] GC(1093) Concurrent Scan Root Regions
[728.534s][info][gc,marking     ] GC(1093) Concurrent Scan Root Regions 2.505ms
[728.534s][info][gc,marking     ] GC(1093) Concurrent Mark
[728.534s][info][gc,marking     ] GC(1093) Concurrent Mark From Roots
[728.534s][info][gc,task        ] GC(1093) Using 2 workers of 2 for marking
[728.650s][info][gc,marking     ] GC(1093) Concurrent Mark From Roots 116.127ms
[728.650s][info][gc,marking     ] GC(1093) Concurrent Preclean
[728.650s][info][gc,marking     ] GC(1093) Concurrent Preclean 0.296ms
[728.650s][info][gc,start       ] GC(1093) Pause Remark
[728.657s][info][gc             ] GC(1093) Pause Remark 101M->101M(177M) 6.514ms
[728.657s][info][gc,cpu         ] GC(1093) User=0.08s Sys=0.02s Real=0.01s
[728.657s][info][gc,marking     ] GC(1093) Concurrent Mark 123.297ms
[728.657s][info][gc,marking     ] GC(1093) Concurrent Rebuild Remembered Sets and Scrub Regions
[728.694s][info][gc,marking     ] GC(1093) Concurrent Rebuild Remembered Sets and Scrub Regions 36.512ms
[728.694s][info][gc,start       ] GC(1093) Pause Cleanup
[728.694s][info][gc             ] GC(1093) Pause Cleanup 111M->111M(177M) 0.138ms
[728.694s][info][gc,cpu         ] GC(1093) User=0.00s Sys=0.00s Real=0.00s
[728.694s][info][gc,marking     ] GC(1093) Concurrent Clear Claimed Marks
[728.694s][info][gc,marking     ] GC(1093) Concurrent Clear Claimed Marks 0.110ms
[728.694s][info][gc,marking     ] GC(1093) Concurrent Cleanup for Next Mark
[728.695s][info][gc,marking     ] GC(1093) Concurrent Cleanup for Next Mark 0.299ms
[728.695s][info][gc             ] GC(1093) Concurrent Mark Cycle 163.438ms
[728.814s][info][gc,start       ] GC(1094) Pause Young (Normal) (G1 Evacuation Pause)
[728.814s][info][gc,task        ] GC(1094) Using 8 workers of 8 for evacuation
[728.817s][info][gc,phases      ] GC(1094)   Pre Evacuate Collection Set: 0.1ms
[728.817s][info][gc,phases      ] GC(1094)   Merge Heap Roots: 0.1ms
[728.817s][info][gc,phases      ] GC(1094)   Evacuate Collection Set: 3.0ms
[728.818s][info][gc,phases      ] GC(1094)   Post Evacuate Collection Set: 0.4ms
[728.818s][info][gc,phases      ] GC(1094)   Other: 0.1ms
[728.818s][info][gc,heap        ] GC(1094) Eden regions: 88->0(87)
[728.818s][info][gc,heap        ] GC(1094) Survivor regions: 5->5(12)
[728.818s][info][gc,heap        ] GC(1094) Old regions: 66->67
[728.818s][info][gc,heap        ] GC(1094) Humongous regions: 3->3
[728.818s][info][gc,metaspace   ] GC(1094) Metaspace: 84788K(85952K)->84788K(85952K) NonClass: 73857K(74496K)->73857K(74496K) Class: 10930K(11456K)->10930K(11456K)
[728.818s][info][gc             ] GC(1094) Pause Young (Normal) (G1 Evacuation Pause) 161M->73M(177M) 4.263ms
[728.818s][info][gc,cpu         ] GC(1094) User=0.00s Sys=0.00s Real=0.00s
[729.026s][info][gc,start       ] GC(1095) Pause Young (Concurrent Start) (G1 Evacuation Pause)
[729.026s][info][gc,task        ] GC(1095) Using 8 workers of 8 for evacuation
[729.030s][info][gc,phases      ] GC(1095)   Pre Evacuate Collection Set: 0.1ms
[729.030s][info][gc,phases      ] GC(1095)   Merge Heap Roots: 0.1ms
[729.030s][info][gc,phases      ] GC(1095)   Evacuate Collection Set: 2.7ms
[729.030s][info][gc,phases      ] GC(1095)   Post Evacuate Collection Set: 0.5ms
[729.030s][info][gc,phases      ] GC(1095)   Other: 0.1ms
[729.030s][info][gc,heap        ] GC(1095) Eden regions: 87->0(87)
[729.030s][info][gc,heap        ] GC(1095) Survivor regions: 5->5(12)
[729.030s][info][gc,heap        ] GC(1095) Old regions: 67->67
[729.030s][info][gc,heap        ] GC(1095) Humongous regions: 3->3
[729.030s][info][gc,metaspace   ] GC(1095) Metaspace: 84788K(85952K)->84788K(85952K) NonClass: 73857K(74496K)->73857K(74496K) Class: 10930K(11456K)->10930K(11456K)
[729.030s][info][gc             ] GC(1095) Pause Young (Concurrent Start) (G1 Evacuation Pause) 160M->73M(177M) 4.108ms
[729.030s][info][gc             ] GC(1096) Concurrent Mark Cycle
[729.030s][info][gc,cpu         ] GC(1095) User=0.12s Sys=0.00s Real=0.00s
[729.030s][info][gc,marking     ] GC(1096) Concurrent Scan Root Regions
[729.034s][info][gc,marking     ] GC(1096) Concurrent Scan Root Regions 3.346ms
[729.034s][info][gc,marking     ] GC(1096) Concurrent Mark
[729.034s][info][gc,marking     ] GC(1096) Concurrent Mark From Roots
[729.034s][info][gc,task        ] GC(1096) Using 2 workers of 2 for marking
[729.149s][info][gc,marking     ] GC(1096) Concurrent Mark From Roots 114.943ms
[729.149s][info][gc,marking     ] GC(1096) Concurrent Preclean
[729.149s][info][gc,marking     ] GC(1096) Concurrent Preclean 0.284ms
[729.149s][info][gc,start       ] GC(1096) Pause Remark
[729.156s][info][gc             ] GC(1096) Pause Remark 103M->103M(177M) 7.113ms
[729.156s][info][gc,cpu         ] GC(1096) User=0.08s Sys=0.02s Real=0.01s
[729.157s][info][gc,marking     ] GC(1096) Concurrent Mark 122.721ms
[729.157s][info][gc,marking     ] GC(1096) Concurrent Rebuild Remembered Sets and Scrub Regions
[729.195s][info][gc,marking     ] GC(1096) Concurrent Rebuild Remembered Sets and Scrub Regions 38.755ms
[729.196s][info][gc,start       ] GC(1096) Pause Cleanup
[729.196s][info][gc             ] GC(1096) Pause Cleanup 113M->113M(177M) 0.176ms
[729.196s][info][gc,cpu         ] GC(1096) User=0.00s Sys=0.00s Real=0.00s
[729.196s][info][gc,marking     ] GC(1096) Concurrent Clear Claimed Marks
[729.196s][info][gc,marking     ] GC(1096) Concurrent Clear Claimed Marks 0.108ms
[729.196s][info][gc,marking     ] GC(1096) Concurrent Cleanup for Next Mark
[729.196s][info][gc,marking     ] GC(1096) Concurrent Cleanup for Next Mark 0.317ms
[729.196s][info][gc             ] GC(1096) Concurrent Mark Cycle 166.035ms
[729.317s][info][gc,start       ] GC(1097) Pause Young (Prepare Mixed) (G1 Evacuation Pause)
[729.317s][info][gc,task        ] GC(1097) Using 8 workers of 8 for evacuation
[729.322s][info][gc,phases      ] GC(1097)   Pre Evacuate Collection Set: 0.1ms
[729.322s][info][gc,phases      ] GC(1097)   Merge Heap Roots: 0.1ms
[729.322s][info][gc,phases      ] GC(1097)   Evacuate Collection Set: 3.9ms
[729.322s][info][gc,phases      ] GC(1097)   Post Evacuate Collection Set: 0.5ms
[729.322s][info][gc,phases      ] GC(1097)   Other: 0.1ms
[729.322s][info][gc,heap        ] GC(1097) Eden regions: 87->0(87)
[729.322s][info][gc,heap        ] GC(1097) Survivor regions: 5->5(12)
[729.322s][info][gc,heap        ] GC(1097) Old regions: 67->67
[729.322s][info][gc,heap        ] GC(1097) Humongous regions: 3->3
[729.322s][info][gc,metaspace   ] GC(1097) Metaspace: 84788K(85952K)->84788K(85952K) NonClass: 73857K(74496K)->73857K(74496K) Class: 10930K(11456K)->10930K(11456K)
[729.323s][info][gc             ] GC(1097) Pause Young (Prepare Mixed) (G1 Evacuation Pause) 160M->74M(177M) 5.430ms
[729.323s][info][gc,cpu         ] GC(1097) User=0.00s Sys=0.00s Real=0.01s
[729.553s][info][gc,start       ] GC(1098) Pause Young (Mixed) (G1 Evacuation Pause)
[729.553s][info][gc,task        ] GC(1098) Using 8 workers of 8 for evacuation
[729.557s][info][gc,phases      ] GC(1098)   Pre Evacuate Collection Set: 0.2ms
[729.558s][info][gc,phases      ] GC(1098)   Merge Heap Roots: 0.1ms
[729.558s][info][gc,phases      ] GC(1098)   Evacuate Collection Set: 4.0ms
[729.558s][info][gc,phases      ] GC(1098)   Post Evacuate Collection Set: 0.4ms
[729.558s][info][gc,phases      ] GC(1098)   Other: 0.1ms
[729.558s][info][gc,heap        ] GC(1098) Eden regions: 87->0(87)
[729.558s][info][gc,heap        ] GC(1098) Survivor regions: 5->5(12)
[729.558s][info][gc,heap        ] GC(1098) Old regions: 67->67
[729.558s][info][gc,heap        ] GC(1098) Humongous regions: 3->3
[729.558s][info][gc,metaspace   ] GC(1098) Metaspace: 84788K(85952K)->84788K(85952K) NonClass: 73857K(74496K)->73857K(74496K) Class: 10930K(11456K)->10930K(11456K)
[729.558s][info][gc             ] GC(1098) Pause Young (Mixed) (G1 Evacuation Pause) 161M->74M(177M) 5.298ms
[729.558s][info][gc,cpu         ] GC(1098) User=0.00s Sys=0.00s Real=0.01s
[729.784s][info][gc,start       ] GC(1099) Pause Young (Concurrent Start) (G1 Evacuation Pause)
[729.784s][info][gc,task        ] GC(1099) Using 8 workers of 8 for evacuation
[729.787s][info][gc,phases      ] GC(1099)   Pre Evacuate Collection Set: 0.1ms
[729.788s][info][gc,phases      ] GC(1099)   Merge Heap Roots: 0.0ms
[729.788s][info][gc,phases      ] GC(1099)   Evacuate Collection Set: 2.8ms
[729.788s][info][gc,phases      ] GC(1099)   Post Evacuate Collection Set: 0.5ms
[729.788s][info][gc,phases      ] GC(1099)   Other: 0.2ms
[729.788s][info][gc,heap        ] GC(1099) Eden regions: 87->0(86)
[729.788s][info][gc,heap        ] GC(1099) Survivor regions: 5->5(12)
[729.788s][info][gc,heap        ] GC(1099) Old regions: 67->68
[729.788s][info][gc,heap        ] GC(1099) Humongous regions: 3->3
[729.788s][info][gc,metaspace   ] GC(1099) Metaspace: 84788K(85952K)->84788K(85952K) NonClass: 73857K(74496K)->73857K(74496K) Class: 10930K(11456K)->10930K(11456K)
[729.788s][info][gc             ] GC(1099) Pause Young (Concurrent Start) (G1 Evacuation Pause) 161M->74M(177M) 4.357ms
[729.788s][info][gc             ] GC(1100) Concurrent Mark Cycle
[729.788s][info][gc,cpu         ] GC(1099) User=0.00s Sys=0.00s Real=0.00s
[729.788s][info][gc,marking     ] GC(1100) Concurrent Scan Root Regions
[729.791s][info][gc,marking     ] GC(1100) Concurrent Scan Root Regions 2.736ms
[729.791s][info][gc,marking     ] GC(1100) Concurrent Mark
[729.791s][info][gc,marking     ] GC(1100) Concurrent Mark From Roots
[729.791s][info][gc,task        ] GC(1100) Using 2 workers of 2 for marking
[729.907s][info][gc,marking     ] GC(1100) Concurrent Mark From Roots 116.100ms
[729.907s][info][gc,marking     ] GC(1100) Concurrent Preclean
[729.908s][info][gc,marking     ] GC(1100) Concurrent Preclean 0.375ms
[729.908s][info][gc,start       ] GC(1100) Pause Remark
[729.913s][info][gc             ] GC(1100) Pause Remark 103M->103M(177M) 5.135ms
[729.913s][info][gc,cpu         ] GC(1100) User=0.00s Sys=0.00s Real=0.00s
[729.913s][info][gc,marking     ] GC(1100) Concurrent Mark 122.063ms
[729.913s][info][gc,marking     ] GC(1100) Concurrent Rebuild Remembered Sets and Scrub Regions
[729.951s][info][gc,marking     ] GC(1100) Concurrent Rebuild Remembered Sets and Scrub Regions 37.435ms
[729.951s][info][gc,start       ] GC(1100) Pause Cleanup
[729.951s][info][gc             ] GC(1100) Pause Cleanup 115M->115M(177M) 0.156ms
[729.951s][info][gc,cpu         ] GC(1100) User=0.00s Sys=0.00s Real=0.00s
[729.951s][info][gc,marking     ] GC(1100) Concurrent Clear Claimed Marks
[729.951s][info][gc,marking     ] GC(1100) Concurrent Clear Claimed Marks 0.104ms
[729.951s][info][gc,marking     ] GC(1100) Concurrent Cleanup for Next Mark
[729.952s][info][gc,marking     ] GC(1100) Concurrent Cleanup for Next Mark 0.330ms
[729.952s][info][gc             ] GC(1100) Concurrent Mark Cycle 163.407ms
[730.067s][info][gc,start       ] GC(1101) Pause Young (Prepare Mixed) (G1 Evacuation Pause)
[730.067s][info][gc,task        ] GC(1101) Using 8 workers of 8 for evacuation
[730.071s][info][gc,phases      ] GC(1101)   Pre Evacuate Collection Set: 0.1ms
[730.071s][info][gc,phases      ] GC(1101)   Merge Heap Roots: 0.1ms
[730.071s][info][gc,phases      ] GC(1101)   Evacuate Collection Set: 3.1ms
[730.071s][info][gc,phases      ] GC(1101)   Post Evacuate Collection Set: 0.7ms
[730.071s][info][gc,phases      ] GC(1101)   Other: 0.1ms
[730.072s][info][gc,heap        ] GC(1101) Eden regions: 86->0(86)
[730.072s][info][gc,heap        ] GC(1101) Survivor regions: 5->5(12)
[730.072s][info][gc,heap        ] GC(1101) Old regions: 68->68
[730.072s][info][gc,heap        ] GC(1101) Humongous regions: 3->3
[730.072s][info][gc,metaspace   ] GC(1101) Metaspace: 84788K(85952K)->84788K(85952K) NonClass: 73857K(74496K)->73857K(74496K) Class: 10930K(11456K)->10930K(11456K)
[730.072s][info][gc             ] GC(1101) Pause Young (Prepare Mixed) (G1 Evacuation Pause) 160M->74M(177M) 4.610ms
[730.072s][info][gc,cpu         ] GC(1101) User=0.00s Sys=0.00s Real=0.00s
[730.276s][info][gc,start       ] GC(1102) Pause Young (Mixed) (G1 Evacuation Pause)
[730.276s][info][gc,task        ] GC(1102) Using 8 workers of 8 for evacuation
[730.281s][info][gc,phases      ] GC(1102)   Pre Evacuate Collection Set: 0.2ms
[730.281s][info][gc,phases      ] GC(1102)   Merge Heap Roots: 0.1ms
[730.281s][info][gc,phases      ] GC(1102)   Evacuate Collection Set: 3.8ms
[730.281s][info][gc,phases      ] GC(1102)   Post Evacuate Collection Set: 0.6ms
[730.281s][info][gc,phases      ] GC(1102)   Other: 0.1ms
[730.281s][info][gc,heap        ] GC(1102) Eden regions: 86->0(86)
[730.281s][info][gc,heap        ] GC(1102) Survivor regions: 5->5(12)
[730.281s][info][gc,heap        ] GC(1102) Old regions: 68->68
[730.281s][info][gc,heap        ] GC(1102) Humongous regions: 3->3
[730.281s][info][gc,metaspace   ] GC(1102) Metaspace: 84788K(85952K)->84788K(85952K) NonClass: 73857K(74496K)->73857K(74496K) Class: 10930K(11456K)->10930K(11456K)
[730.282s][info][gc             ] GC(1102) Pause Young (Mixed) (G1 Evacuation Pause) 160M->75M(177M) 5.216ms
[730.282s][info][gc,cpu         ] GC(1102) User=0.11s Sys=0.00s Real=0.00s
[730.509s][info][gc,start       ] GC(1103) Pause Young (Concurrent Start) (G1 Evacuation Pause)
[730.509s][info][gc,task        ] GC(1103) Using 8 workers of 8 for evacuation
[730.513s][info][gc,phases      ] GC(1103)   Pre Evacuate Collection Set: 0.2ms
[730.513s][info][gc,phases      ] GC(1103)   Merge Heap Roots: 0.1ms
[730.513s][info][gc,phases      ] GC(1103)   Evacuate Collection Set: 2.9ms
[730.513s][info][gc,phases      ] GC(1103)   Post Evacuate Collection Set: 0.5ms
[730.513s][info][gc,phases      ] GC(1103)   Other: 0.2ms
[730.513s][info][gc,heap        ] GC(1103) Eden regions: 86->0(86)
[730.513s][info][gc,heap        ] GC(1103) Survivor regions: 5->5(12)
[730.513s][info][gc,heap        ] GC(1103) Old regions: 68->68
[730.513s][info][gc,heap        ] GC(1103) Humongous regions: 3->3
[730.513s][info][gc,metaspace   ] GC(1103) Metaspace: 84788K(85952K)->84788K(85952K) NonClass: 73857K(74496K)->73857K(74496K) Class: 10930K(11456K)->10930K(11456K)
[730.514s][info][gc             ] GC(1103) Pause Young (Concurrent Start) (G1 Evacuation Pause) 161M->75M(177M) 4.306ms
[730.514s][info][gc,cpu         ] GC(1103) User=0.12s Sys=0.00s Real=0.00s
[730.514s][info][gc             ] GC(1104) Concurrent Mark Cycle
[730.514s][info][gc,marking     ] GC(1104) Concurrent Scan Root Regions
[730.516s][info][gc,marking     ] GC(1104) Concurrent Scan Root Regions 2.409ms
[730.516s][info][gc,marking     ] GC(1104) Concurrent Mark
[730.516s][info][gc,marking     ] GC(1104) Concurrent Mark From Roots
[730.516s][info][gc,task        ] GC(1104) Using 2 workers of 2 for marking
[730.624s][info][gc,marking     ] GC(1104) Concurrent Mark From Roots 107.860ms
[730.624s][info][gc,marking     ] GC(1104) Concurrent Preclean
[730.624s][info][gc,marking     ] GC(1104) Concurrent Preclean 0.289ms
[730.624s][info][gc,start       ] GC(1104) Pause Remark
[730.629s][info][gc             ] GC(1104) Pause Remark 105M->105M(179M) 4.971ms
[730.630s][info][gc,cpu         ] GC(1104) User=0.00s Sys=0.00s Real=0.01s
[730.630s][info][gc,marking     ] GC(1104) Concurrent Mark 113.480ms
[730.630s][info][gc,marking     ] GC(1104) Concurrent Rebuild Remembered Sets and Scrub Regions
[730.662s][info][gc,marking     ] GC(1104) Concurrent Rebuild Remembered Sets and Scrub Regions 32.375ms
[730.662s][info][gc,start       ] GC(1104) Pause Cleanup
[730.662s][info][gc             ] GC(1104) Pause Cleanup 114M->114M(179M) 0.146ms
[730.662s][info][gc,cpu         ] GC(1104) User=0.00s Sys=0.00s Real=0.00s
[730.663s][info][gc,marking     ] GC(1104) Concurrent Clear Claimed Marks
[730.663s][info][gc,marking     ] GC(1104) Concurrent Clear Claimed Marks 0.185ms
[730.663s][info][gc,marking     ] GC(1104) Concurrent Cleanup for Next Mark
[730.663s][info][gc,marking     ] GC(1104) Concurrent Cleanup for Next Mark 0.351ms
[730.663s][info][gc             ] GC(1104) Concurrent Mark Cycle 149.582ms
[730.792s][info][gc,start       ] GC(1105) Pause Young (Prepare Mixed) (G1 Evacuation Pause)
[730.792s][info][gc,task        ] GC(1105) Using 8 workers of 8 for evacuation
[730.796s][info][gc,phases      ] GC(1105)   Pre Evacuate Collection Set: 0.1ms
[730.796s][info][gc,phases      ] GC(1105)   Merge Heap Roots: 0.1ms
[730.796s][info][gc,phases      ] GC(1105)   Evacuate Collection Set: 3.6ms
[730.796s][info][gc,phases      ] GC(1105)   Post Evacuate Collection Set: 0.5ms
[730.796s][info][gc,phases      ] GC(1105)   Other: 0.1ms
[730.796s][info][gc,heap        ] GC(1105) Eden regions: 86->0(87)
[730.796s][info][gc,heap        ] GC(1105) Survivor regions: 5->5(12)
[730.796s][info][gc,heap        ] GC(1105) Old regions: 68->69
[730.797s][info][gc,heap        ] GC(1105) Humongous regions: 3->3
[730.797s][info][gc,metaspace   ] GC(1105) Metaspace: 84788K(85952K)->84788K(85952K) NonClass: 73857K(74496K)->73857K(74496K) Class: 10930K(11456K)->10930K(11456K)
[730.797s][info][gc             ] GC(1105) Pause Young (Prepare Mixed) (G1 Evacuation Pause) 161M->75M(179M) 5.115ms
[730.797s][info][gc,cpu         ] GC(1105) User=0.11s Sys=0.00s Real=0.01s
[731.137s][info][gc,start       ] GC(1106) Pause Young (Mixed) (G1 Evacuation Pause)
[731.137s][info][gc,task        ] GC(1106) Using 8 workers of 8 for evacuation
[731.142s][info][gc,phases      ] GC(1106)   Pre Evacuate Collection Set: 0.1ms
[731.142s][info][gc,phases      ] GC(1106)   Merge Heap Roots: 0.1ms
[731.142s][info][gc,phases      ] GC(1106)   Evacuate Collection Set: 4.3ms
[731.142s][info][gc,phases      ] GC(1106)   Post Evacuate Collection Set: 0.5ms
[731.142s][info][gc,phases      ] GC(1106)   Other: 0.1ms
[731.142s][info][gc,heap        ] GC(1106) Eden regions: 87->0(89)
[731.142s][info][gc,heap        ] GC(1106) Survivor regions: 5->4(12)
[731.142s][info][gc,heap        ] GC(1106) Old regions: 69->69
[731.142s][info][gc,heap        ] GC(1106) Humongous regions: 3->3
[731.143s][info][gc,metaspace   ] GC(1106) Metaspace: 84788K(85952K)->84788K(85952K) NonClass: 73857K(74496K)->73857K(74496K) Class: 10930K(11456K)->10930K(11456K)
[731.143s][info][gc             ] GC(1106) Pause Young (Mixed) (G1 Evacuation Pause) 162M->75M(179M) 5.808ms
[731.143s][info][gc,cpu         ] GC(1106) User=0.11s Sys=0.00s Real=0.01s
[731.382s][info][gc,start       ] GC(1107) Pause Young (Concurrent Start) (G1 Evacuation Pause)
[731.382s][info][gc,task        ] GC(1107) Using 8 workers of 8 for evacuation
[731.385s][info][gc,phases      ] GC(1107)   Pre Evacuate Collection Set: 0.1ms
[731.385s][info][gc,phases      ] GC(1107)   Merge Heap Roots: 0.1ms
[731.386s][info][gc,phases      ] GC(1107)   Evacuate Collection Set: 2.5ms
[731.386s][info][gc,phases      ] GC(1107)   Post Evacuate Collection Set: 0.4ms
[731.386s][info][gc,phases      ] GC(1107)   Other: 0.1ms
[731.386s][info][gc,heap        ] GC(1107) Eden regions: 89->0(87)
[731.386s][info][gc,heap        ] GC(1107) Survivor regions: 4->5(12)
[731.386s][info][gc,heap        ] GC(1107) Old regions: 69->69
[731.386s][info][gc,heap        ] GC(1107) Humongous regions: 3->3
[731.386s][info][gc,metaspace   ] GC(1107) Metaspace: 84788K(85952K)->84788K(85952K) NonClass: 73857K(74496K)->73857K(74496K) Class: 10930K(11456K)->10930K(11456K)
[731.386s][info][gc             ] GC(1107) Pause Young (Concurrent Start) (G1 Evacuation Pause) 164M->76M(179M) 3.645ms
[731.386s][info][gc,cpu         ] GC(1107) User=0.00s Sys=0.00s Real=0.00s
[731.386s][info][gc             ] GC(1108) Concurrent Mark Cycle
[731.386s][info][gc,marking     ] GC(1108) Concurrent Scan Root Regions
[731.389s][info][gc,marking     ] GC(1108) Concurrent Scan Root Regions 2.944ms
[731.389s][info][gc,marking     ] GC(1108) Concurrent Mark
[731.389s][info][gc,marking     ] GC(1108) Concurrent Mark From Roots
[731.389s][info][gc,task        ] GC(1108) Using 2 workers of 2 for marking
[731.521s][info][gc,marking     ] GC(1108) Concurrent Mark From Roots 131.494ms
[731.521s][info][gc,marking     ] GC(1108) Concurrent Preclean
[731.521s][info][gc,marking     ] GC(1108) Concurrent Preclean 0.525ms
[731.521s][info][gc,start       ] GC(1108) Pause Remark
[731.527s][info][gc             ] GC(1108) Pause Remark 105M->105M(179M) 6.037ms
[731.528s][info][gc,cpu         ] GC(1108) User=0.00s Sys=0.00s Real=0.01s
[731.528s][info][gc,marking     ] GC(1108) Concurrent Mark 138.538ms
[731.528s][info][gc,marking     ] GC(1108) Concurrent Rebuild Remembered Sets and Scrub Regions
[731.545s][info][gc,marking     ] GC(1108) Concurrent Rebuild Remembered Sets and Scrub Regions 17.212ms
[731.545s][info][gc,start       ] GC(1108) Pause Cleanup
[731.545s][info][gc             ] GC(1108) Pause Cleanup 109M->109M(179M) 0.077ms
[731.545s][info][gc,cpu         ] GC(1108) User=0.00s Sys=0.00s Real=0.00s
[731.545s][info][gc,marking     ] GC(1108) Concurrent Clear Claimed Marks
[731.545s][info][gc,marking     ] GC(1108) Concurrent Clear Claimed Marks 0.114ms
[731.545s][info][gc,marking     ] GC(1108) Concurrent Cleanup for Next Mark
[731.546s][info][gc,marking     ] GC(1108) Concurrent Cleanup for Next Mark 0.389ms
[731.546s][info][gc             ] GC(1108) Concurrent Mark Cycle 159.967ms
[731.696s][info][gc,start       ] GC(1109) Pause Young (Normal) (G1 Evacuation Pause)
[731.696s][info][gc,task        ] GC(1109) Using 8 workers of 8 for evacuation
[731.700s][info][gc,phases      ] GC(1109)   Pre Evacuate Collection Set: 0.1ms
[731.700s][info][gc,phases      ] GC(1109)   Merge Heap Roots: 0.1ms
[731.700s][info][gc,phases      ] GC(1109)   Evacuate Collection Set: 3.1ms
[731.700s][info][gc,phases      ] GC(1109)   Post Evacuate Collection Set: 0.5ms
[731.700s][info][gc,phases      ] GC(1109)   Other: 0.2ms
[731.700s][info][gc,heap        ] GC(1109) Eden regions: 87->0(86)
[731.700s][info][gc,heap        ] GC(1109) Survivor regions: 5->5(12)
[731.700s][info][gc,heap        ] GC(1109) Old regions: 69->70
[731.700s][info][gc,heap        ] GC(1109) Humongous regions: 3->3
[731.700s][info][gc,metaspace   ] GC(1109) Metaspace: 84788K(85952K)->84788K(85952K) NonClass: 73857K(74496K)->73857K(74496K) Class: 10930K(11456K)->10930K(11456K)
[731.700s][info][gc             ] GC(1109) Pause Young (Normal) (G1 Evacuation Pause) 163M->76M(179M) 4.406ms
[731.700s][info][gc,cpu         ] GC(1109) User=0.05s Sys=0.05s Real=0.00s
[731.908s][info][gc,start       ] GC(1110) Pause Young (Concurrent Start) (G1 Evacuation Pause)
[731.908s][info][gc,task        ] GC(1110) Using 8 workers of 8 for evacuation
[731.912s][info][gc,phases      ] GC(1110)   Pre Evacuate Collection Set: 0.2ms
[731.912s][info][gc,phases      ] GC(1110)   Merge Heap Roots: 0.1ms
[731.912s][info][gc,phases      ] GC(1110)   Evacuate Collection Set: 2.7ms
[731.912s][info][gc,phases      ] GC(1110)   Post Evacuate Collection Set: 0.5ms
[731.912s][info][gc,phases      ] GC(1110)   Other: 0.2ms
[731.912s][info][gc,heap        ] GC(1110) Eden regions: 86->0(88)
[731.912s][info][gc,heap        ] GC(1110) Survivor regions: 5->4(12)
[731.912s][info][gc,heap        ] GC(1110) Old regions: 70->70
[731.912s][info][gc,heap        ] GC(1110) Humongous regions: 3->3
[731.912s][info][gc,metaspace   ] GC(1110) Metaspace: 84788K(85952K)->84788K(85952K) NonClass: 73857K(74496K)->73857K(74496K) Class: 10930K(11456K)->10930K(11456K)
[731.912s][info][gc             ] GC(1110) Pause Young (Concurrent Start) (G1 Evacuation Pause) 162M->76M(179M) 4.075ms
[731.912s][info][gc,cpu         ] GC(1110) User=0.00s Sys=0.00s Real=0.00s
[731.912s][info][gc             ] GC(1111) Concurrent Mark Cycle
[731.912s][info][gc,marking     ] GC(1111) Concurrent Scan Root Regions
[731.916s][info][gc,marking     ] GC(1111) Concurrent Scan Root Regions 3.693ms
[731.916s][info][gc,marking     ] GC(1111) Concurrent Mark
[731.916s][info][gc,marking     ] GC(1111) Concurrent Mark From Roots
[731.916s][info][gc,task        ] GC(1111) Using 2 workers of 2 for marking
[732.025s][info][gc,marking     ] GC(1111) Concurrent Mark From Roots 108.791ms
[732.025s][info][gc,marking     ] GC(1111) Concurrent Preclean
[732.025s][info][gc,marking     ] GC(1111) Concurrent Preclean 0.278ms
[732.025s][info][gc,start       ] GC(1111) Pause Remark
[732.031s][info][gc             ] GC(1111) Pause Remark 106M->106M(179M) 5.617ms
[732.031s][info][gc,cpu         ] GC(1111) User=0.09s Sys=0.00s Real=0.01s
[732.031s][info][gc,marking     ] GC(1111) Concurrent Mark 115.056ms
[732.031s][info][gc,marking     ] GC(1111) Concurrent Rebuild Remembered Sets and Scrub Regions
[732.065s][info][gc,marking     ] GC(1111) Concurrent Rebuild Remembered Sets and Scrub Regions 34.028ms
[732.065s][info][gc,start       ] GC(1111) Pause Cleanup
[732.065s][info][gc             ] GC(1111) Pause Cleanup 117M->117M(179M) 0.161ms
[732.065s][info][gc,cpu         ] GC(1111) User=0.00s Sys=0.00s Real=0.00s
[732.065s][info][gc,marking     ] GC(1111) Concurrent Clear Claimed Marks
[732.065s][info][gc,marking     ] GC(1111) Concurrent Clear Claimed Marks 0.098ms
[732.065s][info][gc,marking     ] GC(1111) Concurrent Cleanup for Next Mark
[732.066s][info][gc,marking     ] GC(1111) Concurrent Cleanup for Next Mark 0.287ms
[732.066s][info][gc             ] GC(1111) Concurrent Mark Cycle 153.857ms
[732.209s][info][gc,start       ] GC(1112) Pause Young (Prepare Mixed) (G1 Evacuation Pause)
[732.209s][info][gc,task        ] GC(1112) Using 8 workers of 8 for evacuation
[732.214s][info][gc,phases      ] GC(1112)   Pre Evacuate Collection Set: 0.1ms
[732.214s][info][gc,phases      ] GC(1112)   Merge Heap Roots: 0.1ms
[732.214s][info][gc,phases      ] GC(1112)   Evacuate Collection Set: 3.7ms
[732.214s][info][gc,phases      ] GC(1112)   Post Evacuate Collection Set: 0.5ms
[732.214s][info][gc,phases      ] GC(1112)   Other: 0.1ms
[732.214s][info][gc,heap        ] GC(1112) Eden regions: 88->0(86)
[732.214s][info][gc,heap        ] GC(1112) Survivor regions: 4->5(12)
[732.214s][info][gc,heap        ] GC(1112) Old regions: 70->70
[732.214s][info][gc,heap        ] GC(1112) Humongous regions: 3->3
[732.214s][info][gc,metaspace   ] GC(1112) Metaspace: 84788K(85952K)->84788K(85952K) NonClass: 73857K(74496K)->73857K(74496K) Class: 10930K(11456K)->10930K(11456K)
[732.215s][info][gc             ] GC(1112) Pause Young (Prepare Mixed) (G1 Evacuation Pause) 164M->76M(179M) 5.461ms
[732.215s][info][gc,cpu         ] GC(1112) User=0.00s Sys=0.00s Real=0.01s
[732.509s][info][gc,start       ] GC(1113) Pause Young (Mixed) (G1 Evacuation Pause)
[732.510s][info][gc,task        ] GC(1113) Using 8 workers of 8 for evacuation
[732.514s][info][gc,phases      ] GC(1113)   Pre Evacuate Collection Set: 0.2ms
[732.514s][info][gc,phases      ] GC(1113)   Merge Heap Roots: 0.1ms
[732.514s][info][gc,phases      ] GC(1113)   Evacuate Collection Set: 3.8ms
[732.514s][info][gc,phases      ] GC(1113)   Post Evacuate Collection Set: 0.5ms
[732.514s][info][gc,phases      ] GC(1113)   Other: 0.1ms
[732.514s][info][gc,heap        ] GC(1113) Eden regions: 86->0(86)
[732.514s][info][gc,heap        ] GC(1113) Survivor regions: 5->5(12)
[732.514s][info][gc,heap        ] GC(1113) Old regions: 70->70
[732.515s][info][gc,heap        ] GC(1113) Humongous regions: 3->3
[732.515s][info][gc,metaspace   ] GC(1113) Metaspace: 84789K(85952K)->84789K(85952K) NonClass: 73858K(74496K)->73858K(74496K) Class: 10930K(11456K)->10930K(11456K)
[732.515s][info][gc             ] GC(1113) Pause Young (Mixed) (G1 Evacuation Pause) 162M->77M(179M) 5.139ms
[732.515s][info][gc,cpu         ] GC(1113) User=0.11s Sys=0.00s Real=0.01s
[732.804s][info][gc,start       ] GC(1114) Pause Young (Concurrent Start) (G1 Evacuation Pause)
[732.804s][info][gc,task        ] GC(1114) Using 8 workers of 8 for evacuation
[732.809s][info][gc,phases      ] GC(1114)   Pre Evacuate Collection Set: 0.2ms
[732.809s][info][gc,phases      ] GC(1114)   Merge Heap Roots: 0.1ms
[732.809s][info][gc,phases      ] GC(1114)   Evacuate Collection Set: 3.6ms
[732.809s][info][gc,phases      ] GC(1114)   Post Evacuate Collection Set: 0.6ms
[732.809s][info][gc,phases      ] GC(1114)   Other: 0.2ms
[732.809s][info][gc,heap        ] GC(1114) Eden regions: 86->0(85)
[732.809s][info][gc,heap        ] GC(1114) Survivor regions: 5->5(12)
[732.809s][info][gc,heap        ] GC(1114) Old regions: 70->71
[732.809s][info][gc,heap        ] GC(1114) Humongous regions: 3->3
[732.809s][info][gc,metaspace   ] GC(1114) Metaspace: 84789K(85952K)->84789K(85952K) NonClass: 73858K(74496K)->73858K(74496K) Class: 10930K(11456K)->10930K(11456K)
[732.809s][info][gc             ] GC(1114) Pause Young (Concurrent Start) (G1 Evacuation Pause) 163M->77M(179M) 5.116ms
[732.809s][info][gc,cpu         ] GC(1114) User=0.00s Sys=0.00s Real=0.00s
[732.809s][info][gc             ] GC(1115) Concurrent Mark Cycle
[732.809s][info][gc,marking     ] GC(1115) Concurrent Scan Root Regions
[732.811s][info][gc,marking     ] GC(1115) Concurrent Scan Root Regions 2.132ms
[732.811s][info][gc,marking     ] GC(1115) Concurrent Mark
[732.811s][info][gc,marking     ] GC(1115) Concurrent Mark From Roots
[732.811s][info][gc,task        ] GC(1115) Using 2 workers of 2 for marking
[732.943s][info][gc,marking     ] GC(1115) Concurrent Mark From Roots 131.409ms
[732.943s][info][gc,marking     ] GC(1115) Concurrent Preclean
[732.943s][info][gc,marking     ] GC(1115) Concurrent Preclean 0.298ms
[732.943s][info][gc,start       ] GC(1115) Pause Remark
[732.949s][info][gc             ] GC(1115) Pause Remark 106M->106M(180M) 5.709ms
[732.949s][info][gc,cpu         ] GC(1115) User=0.00s Sys=0.00s Real=0.01s
[732.949s][info][gc,marking     ] GC(1115) Concurrent Mark 137.796ms
[732.949s][info][gc,marking     ] GC(1115) Concurrent Rebuild Remembered Sets and Scrub Regions
[732.994s][info][gc,marking     ] GC(1115) Concurrent Rebuild Remembered Sets and Scrub Regions 44.931ms
[732.994s][info][gc,start       ] GC(1115) Pause Cleanup
[732.995s][info][gc             ] GC(1115) Pause Cleanup 116M->116M(180M) 0.166ms
[732.995s][info][gc,cpu         ] GC(1115) User=0.00s Sys=0.00s Real=0.00s
[732.995s][info][gc,marking     ] GC(1115) Concurrent Clear Claimed Marks
[732.995s][info][gc,marking     ] GC(1115) Concurrent Clear Claimed Marks 0.111ms
[732.995s][info][gc,marking     ] GC(1115) Concurrent Cleanup for Next Mark
[732.995s][info][gc,marking     ] GC(1115) Concurrent Cleanup for Next Mark 0.320ms
[732.995s][info][gc             ] GC(1115) Concurrent Mark Cycle 186.066ms
[733.151s][info][gc,start       ] GC(1116) Pause Young (Normal) (G1 Evacuation Pause)
[733.151s][info][gc,task        ] GC(1116) Using 8 workers of 8 for evacuation
[733.155s][info][gc,phases      ] GC(1116)   Pre Evacuate Collection Set: 0.1ms
[733.155s][info][gc,phases      ] GC(1116)   Merge Heap Roots: 0.1ms
[733.155s][info][gc,phases      ] GC(1116)   Evacuate Collection Set: 3.3ms
[733.155s][info][gc,phases      ] GC(1116)   Post Evacuate Collection Set: 0.5ms
[733.155s][info][gc,phases      ] GC(1116)   Other: 0.1ms
[733.155s][info][gc,heap        ] GC(1116) Eden regions: 86->0(87)
[733.155s][info][gc,heap        ] GC(1116) Survivor regions: 5->5(12)
[733.155s][info][gc,heap        ] GC(1116) Old regions: 71->71
[733.155s][info][gc,heap        ] GC(1116) Humongous regions: 3->3
[733.155s][info][gc,metaspace   ] GC(1116) Metaspace: 84789K(85952K)->84789K(85952K) NonClass: 73858K(74496K)->73858K(74496K) Class: 10930K(11456K)->10930K(11456K)
[733.155s][info][gc             ] GC(1116) Pause Young (Normal) (G1 Evacuation Pause) 163M->77M(180M) 4.744ms
[733.155s][info][gc,cpu         ] GC(1116) User=0.12s Sys=0.00s Real=0.00s
[752.161s][info][gc,start       ] GC(1117) Pause Full (System.gc())
[752.161s][info][gc,task        ] GC(1117) Using 6 workers of 8 for full compaction
[752.162s][info][gc,phases,start] GC(1117) Phase 1: Mark live objects
[752.192s][info][gc,phases      ] GC(1117) Phase 1: Mark live objects 30.294ms
[752.192s][info][gc,phases,start] GC(1117) Phase 2: Prepare compaction
[752.193s][info][gc,phases      ] GC(1117) Phase 2: Prepare compaction 1.315ms
[752.193s][info][gc,phases,start] GC(1117) Phase 3: Adjust pointers
[752.202s][info][gc,phases      ] GC(1117) Phase 3: Adjust pointers 8.833ms
[752.202s][info][gc,phases,start] GC(1117) Phase 4: Compact heap
[752.204s][info][gc,phases      ] GC(1117) Phase 4: Compact heap 1.330ms
[752.204s][info][gc,phases,start] GC(1117) Phase 5: Reset Metadata
[752.206s][info][gc,phases      ] GC(1117) Phase 5: Reset Metadata 2.108ms
[752.214s][info][gc,heap        ] GC(1117) Eden regions: 71->0(100)
[752.214s][info][gc,heap        ] GC(1117) Survivor regions: 5->0(12)
[752.214s][info][gc,heap        ] GC(1117) Old regions: 71->48
[752.214s][info][gc,heap        ] GC(1117) Humongous regions: 3->2
[752.214s][info][gc,metaspace   ] GC(1117) Metaspace: 84789K(85952K)->84789K(85952K) NonClass: 73859K(74496K)->73859K(74496K) Class: 10930K(11456K)->10930K(11456K)
[752.214s][info][gc             ] GC(1117) Pause Full (System.gc()) 147M->46M(167M) 53.044ms
[752.214s][info][gc,cpu         ] GC(1117) User=0.28s Sys=0.00s Real=0.05s
[764.102s][info][gc,start       ] GC(1118) Pause Young (Normal) (G1 Evacuation Pause)
[764.102s][info][gc,task        ] GC(1118) Using 8 workers of 8 for evacuation
[764.104s][info][gc,phases      ] GC(1118)   Pre Evacuate Collection Set: 0.3ms
[764.104s][info][gc,phases      ] GC(1118)   Merge Heap Roots: 0.1ms
[764.104s][info][gc,phases      ] GC(1118)   Evacuate Collection Set: 0.7ms
[764.104s][info][gc,phases      ] GC(1118)   Post Evacuate Collection Set: 0.6ms
[764.104s][info][gc,phases      ] GC(1118)   Other: 0.1ms
[764.104s][info][gc,heap        ] GC(1118) Eden regions: 100->0(98)
[764.104s][info][gc,heap        ] GC(1118) Survivor regions: 0->2(13)
[764.104s][info][gc,heap        ] GC(1118) Old regions: 48->48
[764.104s][info][gc,heap        ] GC(1118) Humongous regions: 2->2
[764.104s][info][gc,metaspace   ] GC(1118) Metaspace: 84791K(85952K)->84791K(85952K) NonClass: 73860K(74496K)->73860K(74496K) Class: 10930K(11456K)->10930K(11456K)
[764.104s][info][gc             ] GC(1118) Pause Young (Normal) (G1 Evacuation Pause) 146M->47M(167M) 2.103ms
[764.104s][info][gc,cpu         ] GC(1118) User=0.00s Sys=0.00s Real=0.00s
[764.344s][info][gc,start       ] GC(1119) Pause Young (Normal) (G1 Evacuation Pause)
[764.344s][info][gc,task        ] GC(1119) Using 8 workers of 8 for evacuation
[764.345s][info][gc,phases      ] GC(1119)   Pre Evacuate Collection Set: 0.1ms
[764.345s][info][gc,phases      ] GC(1119)   Merge Heap Roots: 0.1ms
[764.345s][info][gc,phases      ] GC(1119)   Evacuate Collection Set: 0.9ms
[764.345s][info][gc,phases      ] GC(1119)   Post Evacuate Collection Set: 0.4ms
[764.345s][info][gc,phases      ] GC(1119)   Other: 0.1ms
[764.345s][info][gc,heap        ] GC(1119) Eden regions: 98->0(98)
[764.345s][info][gc,heap        ] GC(1119) Survivor regions: 2->2(13)
[764.345s][info][gc,heap        ] GC(1119) Old regions: 48->48
[764.345s][info][gc,heap        ] GC(1119) Humongous regions: 2->2
[764.345s][info][gc,metaspace   ] GC(1119) Metaspace: 84791K(85952K)->84791K(85952K) NonClass: 73860K(74496K)->73860K(74496K) Class: 10930K(11456K)->10930K(11456K)
[764.346s][info][gc             ] GC(1119) Pause Young (Normal) (G1 Evacuation Pause) 145M->47M(167M) 1.956ms
[764.346s][info][gc,cpu         ] GC(1119) User=0.00s Sys=0.00s Real=0.00s
[764.603s][info][gc,start       ] GC(1120) Pause Young (Normal) (G1 Evacuation Pause)
[764.603s][info][gc,task        ] GC(1120) Using 8 workers of 8 for evacuation
[764.605s][info][gc,phases      ] GC(1120)   Pre Evacuate Collection Set: 0.1ms
[764.605s][info][gc,phases      ] GC(1120)   Merge Heap Roots: 0.1ms
[764.605s][info][gc,phases      ] GC(1120)   Evacuate Collection Set: 1.1ms
[764.605s][info][gc,phases      ] GC(1120)   Post Evacuate Collection Set: 0.4ms
[764.605s][info][gc,phases      ] GC(1120)   Other: 0.1ms
[764.605s][info][gc,heap        ] GC(1120) Eden regions: 98->0(98)
[764.605s][info][gc,heap        ] GC(1120) Survivor regions: 2->2(13)
[764.605s][info][gc,heap        ] GC(1120) Old regions: 48->48
[764.605s][info][gc,heap        ] GC(1120) Humongous regions: 2->2
[764.605s][info][gc,metaspace   ] GC(1120) Metaspace: 84791K(85952K)->84791K(85952K) NonClass: 73860K(74496K)->73860K(74496K) Class: 10930K(11456K)->10930K(11456K)
[764.605s][info][gc             ] GC(1120) Pause Young (Normal) (G1 Evacuation Pause) 145M->47M(167M) 2.131ms
[764.605s][info][gc,cpu         ] GC(1120) User=0.00s Sys=0.00s Real=0.00s
[764.826s][info][gc,start       ] GC(1121) Pause Young (Normal) (G1 Evacuation Pause)
[764.826s][info][gc,task        ] GC(1121) Using 8 workers of 8 for evacuation
[764.828s][info][gc,phases      ] GC(1121)   Pre Evacuate Collection Set: 0.2ms
[764.828s][info][gc,phases      ] GC(1121)   Merge Heap Roots: 0.1ms
[764.828s][info][gc,phases      ] GC(1121)   Evacuate Collection Set: 1.2ms
[764.828s][info][gc,phases      ] GC(1121)   Post Evacuate Collection Set: 0.6ms
[764.828s][info][gc,phases      ] GC(1121)   Other: 0.1ms
[764.828s][info][gc,heap        ] GC(1121) Eden regions: 98->0(98)
[764.828s][info][gc,heap        ] GC(1121) Survivor regions: 2->2(13)
[764.828s][info][gc,heap        ] GC(1121) Old regions: 48->48
[764.829s][info][gc,heap        ] GC(1121) Humongous regions: 2->2
[764.829s][info][gc,metaspace   ] GC(1121) Metaspace: 84791K(85952K)->84791K(85952K) NonClass: 73860K(74496K)->73860K(74496K) Class: 10930K(11456K)->10930K(11456K)
[764.829s][info][gc             ] GC(1121) Pause Young (Normal) (G1 Evacuation Pause) 145M->48M(167M) 2.571ms
[764.829s][info][gc,cpu         ] GC(1121) User=0.00s Sys=0.00s Real=0.00s
[765.043s][info][gc,start       ] GC(1122) Pause Young (Normal) (G1 Evacuation Pause)
[765.043s][info][gc,task        ] GC(1122) Using 8 workers of 8 for evacuation
[765.046s][info][gc,phases      ] GC(1122)   Pre Evacuate Collection Set: 0.2ms
[765.046s][info][gc,phases      ] GC(1122)   Merge Heap Roots: 0.1ms
[765.046s][info][gc,phases      ] GC(1122)   Evacuate Collection Set: 1.3ms
[765.046s][info][gc,phases      ] GC(1122)   Post Evacuate Collection Set: 0.4ms
[765.046s][info][gc,phases      ] GC(1122)   Other: 0.1ms
[765.046s][info][gc,heap        ] GC(1122) Eden regions: 98->0(98)
[765.046s][info][gc,heap        ] GC(1122) Survivor regions: 2->2(13)
[765.046s][info][gc,heap        ] GC(1122) Old regions: 48->48
[765.046s][info][gc,heap        ] GC(1122) Humongous regions: 2->2
[765.046s][info][gc,metaspace   ] GC(1122) Metaspace: 84791K(85952K)->84791K(85952K) NonClass: 73860K(74496K)->73860K(74496K) Class: 10930K(11456K)->10930K(11456K)
[765.046s][info][gc             ] GC(1122) Pause Young (Normal) (G1 Evacuation Pause) 146M->48M(167M) 2.435ms
[765.046s][info][gc,cpu         ] GC(1122) User=0.02s Sys=0.00s Real=0.00s
[765.440s][info][gc,start       ] GC(1123) Pause Young (Normal) (G1 Evacuation Pause)
[765.440s][info][gc,task        ] GC(1123) Using 8 workers of 8 for evacuation
[765.443s][info][gc,phases      ] GC(1123)   Pre Evacuate Collection Set: 0.1ms
[765.443s][info][gc,phases      ] GC(1123)   Merge Heap Roots: 0.1ms
[765.443s][info][gc,phases      ] GC(1123)   Evacuate Collection Set: 1.7ms
[765.443s][info][gc,phases      ] GC(1123)   Post Evacuate Collection Set: 0.4ms
[765.443s][info][gc,phases      ] GC(1123)   Other: 0.1ms
[765.443s][info][gc,heap        ] GC(1123) Eden regions: 98->0(97)
[765.443s][info][gc,heap        ] GC(1123) Survivor regions: 2->3(13)
[765.443s][info][gc,heap        ] GC(1123) Old regions: 48->48
[765.443s][info][gc,heap        ] GC(1123) Humongous regions: 2->2
[765.443s][info][gc,metaspace   ] GC(1123) Metaspace: 84791K(85952K)->84791K(85952K) NonClass: 73860K(74496K)->73860K(74496K) Class: 10930K(11456K)->10930K(11456K)
[765.443s][info][gc             ] GC(1123) Pause Young (Normal) (G1 Evacuation Pause) 146M->48M(167M) 2.798ms
[765.443s][info][gc,cpu         ] GC(1123) User=0.00s Sys=0.00s Real=0.00s
[765.692s][info][gc,start       ] GC(1124) Pause Young (Normal) (G1 Evacuation Pause)
[765.692s][info][gc,task        ] GC(1124) Using 8 workers of 8 for evacuation
[765.694s][info][gc,phases      ] GC(1124)   Pre Evacuate Collection Set: 0.1ms
[765.694s][info][gc,phases      ] GC(1124)   Merge Heap Roots: 0.1ms
[765.694s][info][gc,phases      ] GC(1124)   Evacuate Collection Set: 1.4ms
[765.694s][info][gc,phases      ] GC(1124)   Post Evacuate Collection Set: 0.4ms
[765.694s][info][gc,phases      ] GC(1124)   Other: 0.1ms
[765.694s][info][gc,heap        ] GC(1124) Eden regions: 97->0(97)
[765.694s][info][gc,heap        ] GC(1124) Survivor regions: 3->3(13)
[765.694s][info][gc,heap        ] GC(1124) Old regions: 48->48
[765.694s][info][gc,heap        ] GC(1124) Humongous regions: 2->2
[765.694s][info][gc,metaspace   ] GC(1124) Metaspace: 84791K(85952K)->84791K(85952K) NonClass: 73860K(74496K)->73860K(74496K) Class: 10930K(11456K)->10930K(11456K)
[765.694s][info][gc             ] GC(1124) Pause Young (Normal) (G1 Evacuation Pause) 145M->48M(167M) 2.394ms
[765.694s][info][gc,cpu         ] GC(1124) User=0.00s Sys=0.00s Real=0.00s
[765.931s][info][gc,start       ] GC(1125) Pause Young (Normal) (G1 Evacuation Pause)
[765.932s][info][gc,task        ] GC(1125) Using 8 workers of 8 for evacuation
[765.934s][info][gc,phases      ] GC(1125)   Pre Evacuate Collection Set: 0.1ms
[765.934s][info][gc,phases      ] GC(1125)   Merge Heap Roots: 0.0ms
[765.935s][info][gc,phases      ] GC(1125)   Evacuate Collection Set: 2.0ms
[765.935s][info][gc,phases      ] GC(1125)   Post Evacuate Collection Set: 0.6ms
[765.935s][info][gc,phases      ] GC(1125)   Other: 0.1ms
[765.935s][info][gc,heap        ] GC(1125) Eden regions: 97->0(97)
[765.935s][info][gc,heap        ] GC(1125) Survivor regions: 3->3(13)
[765.935s][info][gc,heap        ] GC(1125) Old regions: 48->48
[765.935s][info][gc,heap        ] GC(1125) Humongous regions: 2->2
[765.935s][info][gc,metaspace   ] GC(1125) Metaspace: 84791K(85952K)->84791K(85952K) NonClass: 73860K(74496K)->73860K(74496K) Class: 10930K(11456K)->10930K(11456K)
[765.935s][info][gc             ] GC(1125) Pause Young (Normal) (G1 Evacuation Pause) 145M->49M(167M) 3.423ms
[765.935s][info][gc,cpu         ] GC(1125) User=0.02s Sys=0.00s Real=0.00s
[766.193s][info][gc,start       ] GC(1126) Pause Young (Normal) (G1 Evacuation Pause)
[766.193s][info][gc,task        ] GC(1126) Using 8 workers of 8 for evacuation
[766.196s][info][gc,phases      ] GC(1126)   Pre Evacuate Collection Set: 0.1ms
[766.196s][info][gc,phases      ] GC(1126)   Merge Heap Roots: 0.1ms
[766.196s][info][gc,phases      ] GC(1126)   Evacuate Collection Set: 2.0ms
[766.196s][info][gc,phases      ] GC(1126)   Post Evacuate Collection Set: 0.6ms
[766.196s][info][gc,phases      ] GC(1126)   Other: 0.1ms
[766.196s][info][gc,heap        ] GC(1126) Eden regions: 97->0(96)
[766.196s][info][gc,heap        ] GC(1126) Survivor regions: 3->4(13)
[766.196s][info][gc,heap        ] GC(1126) Old regions: 48->48
[766.197s][info][gc,heap        ] GC(1126) Humongous regions: 2->2
[766.197s][info][gc,metaspace   ] GC(1126) Metaspace: 84791K(85952K)->84791K(85952K) NonClass: 73860K(74496K)->73860K(74496K) Class: 10930K(11456K)->10930K(11456K)
[766.197s][info][gc             ] GC(1126) Pause Young (Normal) (G1 Evacuation Pause) 146M->49M(167M) 3.222ms
[766.197s][info][gc,cpu         ] GC(1126) User=0.00s Sys=0.00s Real=0.00s
[766.434s][info][gc,start       ] GC(1127) Pause Young (Normal) (G1 Evacuation Pause)
[766.434s][info][gc,task        ] GC(1127) Using 8 workers of 8 for evacuation
[766.436s][info][gc,phases      ] GC(1127)   Pre Evacuate Collection Set: 0.2ms
[766.436s][info][gc,phases      ] GC(1127)   Merge Heap Roots: 0.1ms
[766.436s][info][gc,phases      ] GC(1127)   Evacuate Collection Set: 1.7ms
[766.436s][info][gc,phases      ] GC(1127)   Post Evacuate Collection Set: 0.4ms
[766.436s][info][gc,phases      ] GC(1127)   Other: 0.1ms
[766.436s][info][gc,heap        ] GC(1127) Eden regions: 96->0(96)
[766.436s][info][gc,heap        ] GC(1127) Survivor regions: 4->4(13)
[766.436s][info][gc,heap        ] GC(1127) Old regions: 48->48
[766.436s][info][gc,heap        ] GC(1127) Humongous regions: 2->2
[766.436s][info][gc,metaspace   ] GC(1127) Metaspace: 84791K(85952K)->84791K(85952K) NonClass: 73860K(74496K)->73860K(74496K) Class: 10930K(11456K)->10930K(11456K)
[766.436s][info][gc             ] GC(1127) Pause Young (Normal) (G1 Evacuation Pause) 145M->49M(167M) 2.763ms
[766.436s][info][gc,cpu         ] GC(1127) User=0.12s Sys=0.00s Real=0.00s
[766.687s][info][gc,start       ] GC(1128) Pause Young (Normal) (G1 Evacuation Pause)
[766.687s][info][gc,task        ] GC(1128) Using 8 workers of 8 for evacuation
[766.690s][info][gc,phases      ] GC(1128)   Pre Evacuate Collection Set: 0.1ms
[766.690s][info][gc,phases      ] GC(1128)   Merge Heap Roots: 0.1ms
[766.690s][info][gc,phases      ] GC(1128)   Evacuate Collection Set: 2.0ms
[766.690s][info][gc,phases      ] GC(1128)   Post Evacuate Collection Set: 0.4ms
[766.690s][info][gc,phases      ] GC(1128)   Other: 0.1ms
[766.690s][info][gc,heap        ] GC(1128) Eden regions: 96->0(96)
[766.690s][info][gc,heap        ] GC(1128) Survivor regions: 4->4(13)
[766.690s][info][gc,heap        ] GC(1128) Old regions: 48->48
[766.690s][info][gc,heap        ] GC(1128) Humongous regions: 2->2
[766.690s][info][gc,metaspace   ] GC(1128) Metaspace: 84791K(85952K)->84791K(85952K) NonClass: 73860K(74496K)->73860K(74496K) Class: 10930K(11456K)->10930K(11456K)
[766.690s][info][gc             ] GC(1128) Pause Young (Normal) (G1 Evacuation Pause) 145M->50M(167M) 3.090ms
[766.690s][info][gc,cpu         ] GC(1128) User=0.00s Sys=0.00s Real=0.00s
[766.936s][info][gc,start       ] GC(1129) Pause Young (Normal) (G1 Evacuation Pause)
[766.936s][info][gc,task        ] GC(1129) Using 8 workers of 8 for evacuation
[766.938s][info][gc,phases      ] GC(1129)   Pre Evacuate Collection Set: 0.1ms
[766.939s][info][gc,phases      ] GC(1129)   Merge Heap Roots: 0.1ms
[766.939s][info][gc,phases      ] GC(1129)   Evacuate Collection Set: 2.0ms
[766.939s][info][gc,phases      ] GC(1129)   Post Evacuate Collection Set: 0.4ms
[766.939s][info][gc,phases      ] GC(1129)   Other: 0.1ms
[766.939s][info][gc,heap        ] GC(1129) Eden regions: 96->0(96)
[766.939s][info][gc,heap        ] GC(1129) Survivor regions: 4->4(13)
[766.939s][info][gc,heap        ] GC(1129) Old regions: 48->48
[766.939s][info][gc,heap        ] GC(1129) Humongous regions: 2->2
[766.939s][info][gc,metaspace   ] GC(1129) Metaspace: 84791K(85952K)->84791K(85952K) NonClass: 73860K(74496K)->73860K(74496K) Class: 10930K(11456K)->10930K(11456K)
[766.939s][info][gc             ] GC(1129) Pause Young (Normal) (G1 Evacuation Pause) 146M->50M(167M) 2.886ms
[766.939s][info][gc,cpu         ] GC(1129) User=0.00s Sys=0.00s Real=0.00s
[767.205s][info][gc,start       ] GC(1130) Pause Young (Normal) (G1 Evacuation Pause)
[767.205s][info][gc,task        ] GC(1130) Using 8 workers of 8 for evacuation
[767.208s][info][gc,phases      ] GC(1130)   Pre Evacuate Collection Set: 0.1ms
[767.208s][info][gc,phases      ] GC(1130)   Merge Heap Roots: 0.1ms
[767.208s][info][gc,phases      ] GC(1130)   Evacuate Collection Set: 2.0ms
[767.208s][info][gc,phases      ] GC(1130)   Post Evacuate Collection Set: 0.5ms
[767.208s][info][gc,phases      ] GC(1130)   Other: 0.1ms
[767.208s][info][gc,heap        ] GC(1130) Eden regions: 96->0(95)
[767.208s][info][gc,heap        ] GC(1130) Survivor regions: 4->5(13)
[767.208s][info][gc,heap        ] GC(1130) Old regions: 48->48
[767.208s][info][gc,heap        ] GC(1130) Humongous regions: 2->2
[767.208s][info][gc,metaspace   ] GC(1130) Metaspace: 84791K(85952K)->84791K(85952K) NonClass: 73860K(74496K)->73860K(74496K) Class: 10930K(11456K)->10930K(11456K)
[767.208s][info][gc             ] GC(1130) Pause Young (Normal) (G1 Evacuation Pause) 146M->50M(167M) 3.028ms
[767.208s][info][gc,cpu         ] GC(1130) User=0.00s Sys=0.00s Real=0.00s
[767.424s][info][gc,start       ] GC(1131) Pause Young (Normal) (G1 Evacuation Pause)
[767.424s][info][gc,task        ] GC(1131) Using 8 workers of 8 for evacuation
[767.427s][info][gc,phases      ] GC(1131)   Pre Evacuate Collection Set: 0.1ms
[767.427s][info][gc,phases      ] GC(1131)   Merge Heap Roots: 0.1ms
[767.427s][info][gc,phases      ] GC(1131)   Evacuate Collection Set: 2.1ms
[767.427s][info][gc,phases      ] GC(1131)   Post Evacuate Collection Set: 0.6ms
[767.427s][info][gc,phases      ] GC(1131)   Other: 0.1ms
[767.427s][info][gc,heap        ] GC(1131) Eden regions: 95->0(95)
[767.427s][info][gc,heap        ] GC(1131) Survivor regions: 5->5(13)
[767.428s][info][gc,heap        ] GC(1131) Old regions: 48->48
[767.428s][info][gc,heap        ] GC(1131) Humongous regions: 2->2
[767.428s][info][gc,metaspace   ] GC(1131) Metaspace: 84791K(85952K)->84791K(85952K) NonClass: 73860K(74496K)->73860K(74496K) Class: 10930K(11456K)->10930K(11456K)
[767.428s][info][gc             ] GC(1131) Pause Young (Normal) (G1 Evacuation Pause) 145M->51M(167M) 3.327ms
[767.428s][info][gc,cpu         ] GC(1131) User=0.00s Sys=0.00s Real=0.00s
[767.664s][info][gc,start       ] GC(1132) Pause Young (Normal) (G1 Evacuation Pause)
[767.664s][info][gc,task        ] GC(1132) Using 8 workers of 8 for evacuation
[767.667s][info][gc,phases      ] GC(1132)   Pre Evacuate Collection Set: 0.1ms
[767.667s][info][gc,phases      ] GC(1132)   Merge Heap Roots: 0.1ms
[767.667s][info][gc,phases      ] GC(1132)   Evacuate Collection Set: 2.7ms
[767.667s][info][gc,phases      ] GC(1132)   Post Evacuate Collection Set: 0.4ms
[767.667s][info][gc,phases      ] GC(1132)   Other: 0.1ms
[767.667s][info][gc,heap        ] GC(1132) Eden regions: 95->0(95)
[767.668s][info][gc,heap        ] GC(1132) Survivor regions: 5->5(13)
[767.668s][info][gc,heap        ] GC(1132) Old regions: 48->48
[767.668s][info][gc,heap        ] GC(1132) Humongous regions: 2->2
[767.668s][info][gc,metaspace   ] GC(1132) Metaspace: 84791K(85952K)->84791K(85952K) NonClass: 73860K(74496K)->73860K(74496K) Class: 10930K(11456K)->10930K(11456K)
[767.668s][info][gc             ] GC(1132) Pause Young (Normal) (G1 Evacuation Pause) 146M->51M(167M) 3.966ms
[767.668s][info][gc,cpu         ] GC(1132) User=0.00s Sys=0.00s Real=0.00s
[767.911s][info][gc,start       ] GC(1133) Pause Young (Normal) (G1 Evacuation Pause)
[767.912s][info][gc,task        ] GC(1133) Using 8 workers of 8 for evacuation
[767.916s][info][gc,phases      ] GC(1133)   Pre Evacuate Collection Set: 0.2ms
[767.916s][info][gc,phases      ] GC(1133)   Merge Heap Roots: 0.1ms
[767.916s][info][gc,phases      ] GC(1133)   Evacuate Collection Set: 3.5ms
[767.916s][info][gc,phases      ] GC(1133)   Post Evacuate Collection Set: 0.6ms
[767.916s][info][gc,phases      ] GC(1133)   Other: 0.1ms
[767.916s][info][gc,heap        ] GC(1133) Eden regions: 95->0(95)
[767.916s][info][gc,heap        ] GC(1133) Survivor regions: 5->5(13)
[767.916s][info][gc,heap        ] GC(1133) Old regions: 48->49
[767.916s][info][gc,heap        ] GC(1133) Humongous regions: 2->2
[767.916s][info][gc,metaspace   ] GC(1133) Metaspace: 84791K(85952K)->84791K(85952K) NonClass: 73860K(74496K)->73860K(74496K) Class: 10930K(11456K)->10930K(11456K)
[767.917s][info][gc             ] GC(1133) Pause Young (Normal) (G1 Evacuation Pause) 146M->51M(167M) 5.065ms
[767.917s][info][gc,cpu         ] GC(1133) User=0.00s Sys=0.00s Real=0.00s
[768.149s][info][gc,start       ] GC(1134) Pause Young (Normal) (G1 Evacuation Pause)
[768.149s][info][gc,task        ] GC(1134) Using 8 workers of 8 for evacuation
[768.153s][info][gc,phases      ] GC(1134)   Pre Evacuate Collection Set: 0.1ms
[768.153s][info][gc,phases      ] GC(1134)   Merge Heap Roots: 0.1ms
[768.153s][info][gc,phases      ] GC(1134)   Evacuate Collection Set: 2.8ms
[768.153s][info][gc,phases      ] GC(1134)   Post Evacuate Collection Set: 0.5ms
[768.153s][info][gc,phases      ] GC(1134)   Other: 0.1ms
[768.153s][info][gc,heap        ] GC(1134) Eden regions: 95->0(95)
[768.153s][info][gc,heap        ] GC(1134) Survivor regions: 5->5(13)
[768.153s][info][gc,heap        ] GC(1134) Old regions: 49->50
[768.153s][info][gc,heap        ] GC(1134) Humongous regions: 2->2
[768.153s][info][gc,metaspace   ] GC(1134) Metaspace: 84791K(85952K)->84791K(85952K) NonClass: 73860K(74496K)->73860K(74496K) Class: 10930K(11456K)->10930K(11456K)
[768.153s][info][gc             ] GC(1134) Pause Young (Normal) (G1 Evacuation Pause) 146M->52M(167M) 4.036ms
[768.153s][info][gc,cpu         ] GC(1134) User=0.00s Sys=0.00s Real=0.00s
[768.394s][info][gc,start       ] GC(1135) Pause Young (Normal) (G1 Evacuation Pause)
[768.394s][info][gc,task        ] GC(1135) Using 8 workers of 8 for evacuation
[768.397s][info][gc,phases      ] GC(1135)   Pre Evacuate Collection Set: 0.2ms
[768.397s][info][gc,phases      ] GC(1135)   Merge Heap Roots: 0.0ms
[768.397s][info][gc,phases      ] GC(1135)   Evacuate Collection Set: 2.4ms
[768.398s][info][gc,phases      ] GC(1135)   Post Evacuate Collection Set: 0.4ms
[768.398s][info][gc,phases      ] GC(1135)   Other: 0.1ms
[768.398s][info][gc,heap        ] GC(1135) Eden regions: 95->0(95)
[768.398s][info][gc,heap        ] GC(1135) Survivor regions: 5->5(13)
[768.398s][info][gc,heap        ] GC(1135) Old regions: 50->50
[768.398s][info][gc,heap        ] GC(1135) Humongous regions: 2->2
[768.398s][info][gc,metaspace   ] GC(1135) Metaspace: 84791K(85952K)->84791K(85952K) NonClass: 73860K(74496K)->73860K(74496K) Class: 10930K(11456K)->10930K(11456K)
[768.398s][info][gc             ] GC(1135) Pause Young (Normal) (G1 Evacuation Pause) 147M->52M(167M) 3.585ms
[768.398s][info][gc,cpu         ] GC(1135) User=0.00s Sys=0.00s Real=0.00s
[768.638s][info][gc,start       ] GC(1136) Pause Young (Normal) (G1 Evacuation Pause)
[768.638s][info][gc,task        ] GC(1136) Using 8 workers of 8 for evacuation
[768.642s][info][gc,phases      ] GC(1136)   Pre Evacuate Collection Set: 0.2ms
[768.642s][info][gc,phases      ] GC(1136)   Merge Heap Roots: 0.1ms
[768.642s][info][gc,phases      ] GC(1136)   Evacuate Collection Set: 2.3ms
[768.642s][info][gc,phases      ] GC(1136)   Post Evacuate Collection Set: 0.4ms
[768.642s][info][gc,phases      ] GC(1136)   Other: 0.1ms
[768.642s][info][gc,heap        ] GC(1136) Eden regions: 95->0(95)
[768.642s][info][gc,heap        ] GC(1136) Survivor regions: 5->5(13)
[768.642s][info][gc,heap        ] GC(1136) Old regions: 50->50
[768.642s][info][gc,heap        ] GC(1136) Humongous regions: 2->2
[768.642s][info][gc,metaspace   ] GC(1136) Metaspace: 84791K(85952K)->84791K(85952K) NonClass: 73860K(74496K)->73860K(74496K) Class: 10930K(11456K)->10930K(11456K)
[768.642s][info][gc             ] GC(1136) Pause Young (Normal) (G1 Evacuation Pause) 147M->52M(167M) 3.437ms
[768.642s][info][gc,cpu         ] GC(1136) User=0.00s Sys=0.00s Real=0.00s
[768.870s][info][gc,start       ] GC(1137) Pause Young (Normal) (G1 Evacuation Pause)
[768.870s][info][gc,task        ] GC(1137) Using 8 workers of 8 for evacuation
[768.874s][info][gc,phases      ] GC(1137)   Pre Evacuate Collection Set: 0.2ms
[768.874s][info][gc,phases      ] GC(1137)   Merge Heap Roots: 0.1ms
[768.874s][info][gc,phases      ] GC(1137)   Evacuate Collection Set: 2.2ms
[768.874s][info][gc,phases      ] GC(1137)   Post Evacuate Collection Set: 0.6ms
[768.874s][info][gc,phases      ] GC(1137)   Other: 0.1ms
[768.874s][info][gc,heap        ] GC(1137) Eden regions: 95->0(95)
[768.874s][info][gc,heap        ] GC(1137) Survivor regions: 5->5(13)
[768.874s][info][gc,heap        ] GC(1137) Old regions: 50->50
[768.874s][info][gc,heap        ] GC(1137) Humongous regions: 2->2
[768.874s][info][gc,metaspace   ] GC(1137) Metaspace: 84791K(85952K)->84791K(85952K) NonClass: 73860K(74496K)->73860K(74496K) Class: 10930K(11456K)->10930K(11456K)
[768.874s][info][gc             ] GC(1137) Pause Young (Normal) (G1 Evacuation Pause) 147M->53M(167M) 3.499ms
[768.874s][info][gc,cpu         ] GC(1137) User=0.12s Sys=0.00s Real=0.00s
[769.134s][info][gc,start       ] GC(1138) Pause Young (Normal) (G1 Evacuation Pause)
[769.134s][info][gc,task        ] GC(1138) Using 8 workers of 8 for evacuation
[769.138s][info][gc,phases      ] GC(1138)   Pre Evacuate Collection Set: 0.4ms
[769.138s][info][gc,phases      ] GC(1138)   Merge Heap Roots: 0.1ms
[769.138s][info][gc,phases      ] GC(1138)   Evacuate Collection Set: 2.3ms
[769.138s][info][gc,phases      ] GC(1138)   Post Evacuate Collection Set: 0.4ms
[769.138s][info][gc,phases      ] GC(1138)   Other: 0.1ms
[769.138s][info][gc,heap        ] GC(1138) Eden regions: 95->0(95)
[769.138s][info][gc,heap        ] GC(1138) Survivor regions: 5->5(13)
[769.138s][info][gc,heap        ] GC(1138) Old regions: 50->51
[769.138s][info][gc,heap        ] GC(1138) Humongous regions: 2->2
[769.138s][info][gc,metaspace   ] GC(1138) Metaspace: 84791K(85952K)->84791K(85952K) NonClass: 73860K(74496K)->73860K(74496K) Class: 10930K(11456K)->10930K(11456K)
[769.138s][info][gc             ] GC(1138) Pause Young (Normal) (G1 Evacuation Pause) 148M->53M(167M) 3.710ms
[769.138s][info][gc,cpu         ] GC(1138) User=0.02s Sys=0.02s Real=0.00s
[769.391s][info][gc,start       ] GC(1139) Pause Young (Normal) (G1 Evacuation Pause)
[769.391s][info][gc,task        ] GC(1139) Using 8 workers of 8 for evacuation
[769.395s][info][gc,phases      ] GC(1139)   Pre Evacuate Collection Set: 0.1ms
[769.395s][info][gc,phases      ] GC(1139)   Merge Heap Roots: 0.0ms
[769.395s][info][gc,phases      ] GC(1139)   Evacuate Collection Set: 3.2ms
[769.395s][info][gc,phases      ] GC(1139)   Post Evacuate Collection Set: 0.4ms
[769.395s][info][gc,phases      ] GC(1139)   Other: 0.1ms
[769.395s][info][gc,heap        ] GC(1139) Eden regions: 95->0(95)
[769.395s][info][gc,heap        ] GC(1139) Survivor regions: 5->5(13)
[769.395s][info][gc,heap        ] GC(1139) Old regions: 51->51
[769.395s][info][gc,heap        ] GC(1139) Humongous regions: 2->2
[769.395s][info][gc,metaspace   ] GC(1139) Metaspace: 84791K(85952K)->84791K(85952K) NonClass: 73860K(74496K)->73860K(74496K) Class: 10930K(11456K)->10930K(11456K)
[769.395s][info][gc             ] GC(1139) Pause Young (Normal) (G1 Evacuation Pause) 148M->53M(167M) 4.538ms
[769.395s][info][gc,cpu         ] GC(1139) User=0.00s Sys=0.00s Real=0.00s
[769.636s][info][gc,start       ] GC(1140) Pause Young (Normal) (G1 Evacuation Pause)
[769.636s][info][gc,task        ] GC(1140) Using 8 workers of 8 for evacuation
[769.640s][info][gc,phases      ] GC(1140)   Pre Evacuate Collection Set: 0.1ms
[769.640s][info][gc,phases      ] GC(1140)   Merge Heap Roots: 0.1ms
[769.640s][info][gc,phases      ] GC(1140)   Evacuate Collection Set: 2.5ms
[769.640s][info][gc,phases      ] GC(1140)   Post Evacuate Collection Set: 0.5ms
[769.640s][info][gc,phases      ] GC(1140)   Other: 0.1ms
[769.640s][info][gc,heap        ] GC(1140) Eden regions: 95->0(95)
[769.640s][info][gc,heap        ] GC(1140) Survivor regions: 5->5(13)
[769.640s][info][gc,heap        ] GC(1140) Old regions: 51->51
[769.640s][info][gc,heap        ] GC(1140) Humongous regions: 2->2
[769.640s][info][gc,metaspace   ] GC(1140) Metaspace: 84791K(85952K)->84791K(85952K) NonClass: 73860K(74496K)->73860K(74496K) Class: 10930K(11456K)->10930K(11456K)
[769.640s][info][gc             ] GC(1140) Pause Young (Normal) (G1 Evacuation Pause) 148M->53M(167M) 3.670ms
[769.640s][info][gc,cpu         ] GC(1140) User=0.12s Sys=0.00s Real=0.00s
[769.832s][info][gc,start       ] GC(1141) Pause Young (Normal) (G1 Evacuation Pause)
[769.832s][info][gc,task        ] GC(1141) Using 8 workers of 8 for evacuation
[769.836s][info][gc,phases      ] GC(1141)   Pre Evacuate Collection Set: 0.2ms
[769.836s][info][gc,phases      ] GC(1141)   Merge Heap Roots: 0.1ms
[769.836s][info][gc,phases      ] GC(1141)   Evacuate Collection Set: 3.1ms
[769.836s][info][gc,phases      ] GC(1141)   Post Evacuate Collection Set: 0.5ms
[769.836s][info][gc,phases      ] GC(1141)   Other: 0.1ms
[769.836s][info][gc,heap        ] GC(1141) Eden regions: 95->0(94)
[769.836s][info][gc,heap        ] GC(1141) Survivor regions: 5->5(13)
[769.836s][info][gc,heap        ] GC(1141) Old regions: 51->52
[769.836s][info][gc,heap        ] GC(1141) Humongous regions: 2->2
[769.836s][info][gc,metaspace   ] GC(1141) Metaspace: 84791K(85952K)->84791K(85952K) NonClass: 73860K(74496K)->73860K(74496K) Class: 10930K(11456K)->10930K(11456K)
[769.836s][info][gc             ] GC(1141) Pause Young (Normal) (G1 Evacuation Pause) 148M->54M(167M) 4.359ms
[769.836s][info][gc,cpu         ] GC(1141) User=0.00s Sys=0.00s Real=0.01s
[770.096s][info][gc,start       ] GC(1142) Pause Young (Normal) (G1 Evacuation Pause)
[770.097s][info][gc,task        ] GC(1142) Using 8 workers of 8 for evacuation
[770.100s][info][gc,phases      ] GC(1142)   Pre Evacuate Collection Set: 0.2ms
[770.100s][info][gc,phases      ] GC(1142)   Merge Heap Roots: 0.1ms
[770.100s][info][gc,phases      ] GC(1142)   Evacuate Collection Set: 2.7ms
[770.100s][info][gc,phases      ] GC(1142)   Post Evacuate Collection Set: 0.5ms
[770.101s][info][gc,phases      ] GC(1142)   Other: 0.2ms
[770.101s][info][gc,heap        ] GC(1142) Eden regions: 94->0(94)
[770.101s][info][gc,heap        ] GC(1142) Survivor regions: 5->5(13)
[770.101s][info][gc,heap        ] GC(1142) Old regions: 52->52
[770.101s][info][gc,heap        ] GC(1142) Humongous regions: 2->2
[770.101s][info][gc,metaspace   ] GC(1142) Metaspace: 84791K(85952K)->84791K(85952K) NonClass: 73860K(74496K)->73860K(74496K) Class: 10930K(11456K)->10930K(11456K)
[770.101s][info][gc             ] GC(1142) Pause Young (Normal) (G1 Evacuation Pause) 148M->54M(167M) 4.338ms
[770.101s][info][gc,cpu         ] GC(1142) User=0.00s Sys=0.00s Real=0.00s
[770.345s][info][gc,start       ] GC(1143) Pause Young (Normal) (G1 Evacuation Pause)
[770.345s][info][gc,task        ] GC(1143) Using 8 workers of 8 for evacuation
[770.349s][info][gc,phases      ] GC(1143)   Pre Evacuate Collection Set: 0.1ms
[770.349s][info][gc,phases      ] GC(1143)   Merge Heap Roots: 0.1ms
[770.349s][info][gc,phases      ] GC(1143)   Evacuate Collection Set: 3.2ms
[770.349s][info][gc,phases      ] GC(1143)   Post Evacuate Collection Set: 0.4ms
[770.349s][info][gc,phases      ] GC(1143)   Other: 0.1ms
[770.349s][info][gc,heap        ] GC(1143) Eden regions: 94->0(94)
[770.349s][info][gc,heap        ] GC(1143) Survivor regions: 5->5(13)
[770.349s][info][gc,heap        ] GC(1143) Old regions: 52->52
[770.349s][info][gc,heap        ] GC(1143) Humongous regions: 2->2
[770.349s][info][gc,metaspace   ] GC(1143) Metaspace: 84791K(85952K)->84791K(85952K) NonClass: 73860K(74496K)->73860K(74496K) Class: 10930K(11456K)->10930K(11456K)
[770.349s][info][gc             ] GC(1143) Pause Young (Normal) (G1 Evacuation Pause) 148M->54M(167M) 4.312ms
[770.349s][info][gc,cpu         ] GC(1143) User=0.00s Sys=0.00s Real=0.00s
[770.610s][info][gc,start       ] GC(1144) Pause Young (Normal) (G1 Evacuation Pause)
[770.610s][info][gc,task        ] GC(1144) Using 8 workers of 8 for evacuation
[770.614s][info][gc,phases      ] GC(1144)   Pre Evacuate Collection Set: 0.2ms
[770.614s][info][gc,phases      ] GC(1144)   Merge Heap Roots: 0.1ms
[770.614s][info][gc,phases      ] GC(1144)   Evacuate Collection Set: 2.8ms
[770.614s][info][gc,phases      ] GC(1144)   Post Evacuate Collection Set: 0.5ms
[770.614s][info][gc,phases      ] GC(1144)   Other: 0.1ms
[770.614s][info][gc,heap        ] GC(1144) Eden regions: 94->0(93)
[770.614s][info][gc,heap        ] GC(1144) Survivor regions: 5->5(13)
[770.614s][info][gc,heap        ] GC(1144) Old regions: 52->53
[770.614s][info][gc,heap        ] GC(1144) Humongous regions: 2->2
[770.614s][info][gc,metaspace   ] GC(1144) Metaspace: 84791K(85952K)->84791K(85952K) NonClass: 73860K(74496K)->73860K(74496K) Class: 10930K(11456K)->10930K(11456K)
[770.614s][info][gc             ] GC(1144) Pause Young (Normal) (G1 Evacuation Pause) 148M->55M(167M) 4.112ms
[770.614s][info][gc,cpu         ] GC(1144) User=0.00s Sys=0.00s Real=0.00s
[770.849s][info][gc,start       ] GC(1145) Pause Young (Normal) (G1 Evacuation Pause)
[770.849s][info][gc,task        ] GC(1145) Using 8 workers of 8 for evacuation
[770.853s][info][gc,phases      ] GC(1145)   Pre Evacuate Collection Set: 0.1ms
[770.853s][info][gc,phases      ] GC(1145)   Merge Heap Roots: 0.1ms
[770.853s][info][gc,phases      ] GC(1145)   Evacuate Collection Set: 3.0ms
[770.853s][info][gc,phases      ] GC(1145)   Post Evacuate Collection Set: 0.5ms
[770.853s][info][gc,phases      ] GC(1145)   Other: 0.1ms
[770.853s][info][gc,heap        ] GC(1145) Eden regions: 93->0(93)
[770.853s][info][gc,heap        ] GC(1145) Survivor regions: 5->5(13)
[770.853s][info][gc,heap        ] GC(1145) Old regions: 53->53
[770.853s][info][gc,heap        ] GC(1145) Humongous regions: 2->2
[770.853s][info][gc,metaspace   ] GC(1145) Metaspace: 84791K(85952K)->84791K(85952K) NonClass: 73860K(74496K)->73860K(74496K) Class: 10930K(11456K)->10930K(11456K)
[770.853s][info][gc             ] GC(1145) Pause Young (Normal) (G1 Evacuation Pause) 148M->55M(167M) 4.323ms
[770.853s][info][gc,cpu         ] GC(1145) User=0.00s Sys=0.00s Real=0.00s
[771.104s][info][gc,start       ] GC(1146) Pause Young (Normal) (G1 Evacuation Pause)
[771.104s][info][gc,task        ] GC(1146) Using 8 workers of 8 for evacuation
[771.107s][info][gc,phases      ] GC(1146)   Pre Evacuate Collection Set: 0.1ms
[771.107s][info][gc,phases      ] GC(1146)   Merge Heap Roots: 0.1ms
[771.107s][info][gc,phases      ] GC(1146)   Evacuate Collection Set: 2.2ms
[771.107s][info][gc,phases      ] GC(1146)   Post Evacuate Collection Set: 0.5ms
[771.107s][info][gc,phases      ] GC(1146)   Other: 0.1ms
[771.107s][info][gc,heap        ] GC(1146) Eden regions: 93->0(93)
[771.107s][info][gc,heap        ] GC(1146) Survivor regions: 5->5(13)
[771.107s][info][gc,heap        ] GC(1146) Old regions: 53->53
[771.107s][info][gc,heap        ] GC(1146) Humongous regions: 2->2
[771.107s][info][gc,metaspace   ] GC(1146) Metaspace: 84791K(85952K)->84791K(85952K) NonClass: 73860K(74496K)->73860K(74496K) Class: 10930K(11456K)->10930K(11456K)
[771.107s][info][gc             ] GC(1146) Pause Young (Normal) (G1 Evacuation Pause) 148M->55M(167M) 3.270ms
[771.107s][info][gc,cpu         ] GC(1146) User=0.12s Sys=0.00s Real=0.00s
[771.334s][info][gc,start       ] GC(1147) Pause Young (Normal) (G1 Evacuation Pause)
[771.334s][info][gc,task        ] GC(1147) Using 8 workers of 8 for evacuation
[771.337s][info][gc,phases      ] GC(1147)   Pre Evacuate Collection Set: 0.1ms
[771.337s][info][gc,phases      ] GC(1147)   Merge Heap Roots: 0.2ms
[771.337s][info][gc,phases      ] GC(1147)   Evacuate Collection Set: 2.5ms
[771.337s][info][gc,phases      ] GC(1147)   Post Evacuate Collection Set: 0.5ms
[771.337s][info][gc,phases      ] GC(1147)   Other: 0.1ms
[771.337s][info][gc,heap        ] GC(1147) Eden regions: 93->0(93)
[771.337s][info][gc,heap        ] GC(1147) Survivor regions: 5->5(13)
[771.337s][info][gc,heap        ] GC(1147) Old regions: 53->53
[771.337s][info][gc,heap        ] GC(1147) Humongous regions: 2->2
[771.337s][info][gc,metaspace   ] GC(1147) Metaspace: 84791K(85952K)->84791K(85952K) NonClass: 73860K(74496K)->73860K(74496K) Class: 10930K(11456K)->10930K(11456K)
[771.337s][info][gc             ] GC(1147) Pause Young (Normal) (G1 Evacuation Pause) 148M->55M(167M) 3.915ms
[771.338s][info][gc,cpu         ] GC(1147) User=0.00s Sys=0.00s Real=0.00s
[771.603s][info][gc,start       ] GC(1148) Pause Young (Normal) (G1 Evacuation Pause)
[771.603s][info][gc,task        ] GC(1148) Using 8 workers of 8 for evacuation
[771.607s][info][gc,phases      ] GC(1148)   Pre Evacuate Collection Set: 0.1ms
[771.607s][info][gc,phases      ] GC(1148)   Merge Heap Roots: 0.1ms
[771.607s][info][gc,phases      ] GC(1148)   Evacuate Collection Set: 2.6ms
[771.607s][info][gc,phases      ] GC(1148)   Post Evacuate Collection Set: 0.4ms
[771.607s][info][gc,phases      ] GC(1148)   Other: 0.1ms
[771.607s][info][gc,heap        ] GC(1148) Eden regions: 93->0(92)
[771.607s][info][gc,heap        ] GC(1148) Survivor regions: 5->5(13)
[771.607s][info][gc,heap        ] GC(1148) Old regions: 53->54
[771.607s][info][gc,heap        ] GC(1148) Humongous regions: 2->2
[771.607s][info][gc,metaspace   ] GC(1148) Metaspace: 84791K(85952K)->84791K(85952K) NonClass: 73860K(74496K)->73860K(74496K) Class: 10930K(11456K)->10930K(11456K)
[771.607s][info][gc             ] GC(1148) Pause Young (Normal) (G1 Evacuation Pause) 148M->56M(167M) 3.828ms
[771.607s][info][gc,cpu         ] GC(1148) User=0.00s Sys=0.02s Real=0.00s
[771.857s][info][gc,start       ] GC(1149) Pause Young (Normal) (G1 Evacuation Pause)
[771.857s][info][gc,task        ] GC(1149) Using 8 workers of 8 for evacuation
[771.860s][info][gc,phases      ] GC(1149)   Pre Evacuate Collection Set: 0.1ms
[771.860s][info][gc,phases      ] GC(1149)   Merge Heap Roots: 0.0ms
[771.860s][info][gc,phases      ] GC(1149)   Evacuate Collection Set: 2.4ms
[771.860s][info][gc,phases      ] GC(1149)   Post Evacuate Collection Set: 0.5ms
[771.860s][info][gc,phases      ] GC(1149)   Other: 0.1ms
[771.860s][info][gc,heap        ] GC(1149) Eden regions: 92->0(92)
[771.860s][info][gc,heap        ] GC(1149) Survivor regions: 5->5(13)
[771.860s][info][gc,heap        ] GC(1149) Old regions: 54->54
[771.860s][info][gc,heap        ] GC(1149) Humongous regions: 2->2
[771.860s][info][gc,metaspace   ] GC(1149) Metaspace: 84791K(85952K)->84791K(85952K) NonClass: 73860K(74496K)->73860K(74496K) Class: 10930K(11456K)->10930K(11456K)
[771.860s][info][gc             ] GC(1149) Pause Young (Normal) (G1 Evacuation Pause) 148M->56M(167M) 3.512ms
[771.860s][info][gc,cpu         ] GC(1149) User=0.00s Sys=0.00s Real=0.00s
[772.112s][info][gc,start       ] GC(1150) Pause Young (Normal) (G1 Evacuation Pause)
[772.112s][info][gc,task        ] GC(1150) Using 8 workers of 8 for evacuation
[772.116s][info][gc,phases      ] GC(1150)   Pre Evacuate Collection Set: 0.1ms
[772.116s][info][gc,phases      ] GC(1150)   Merge Heap Roots: 0.1ms
[772.116s][info][gc,phases      ] GC(1150)   Evacuate Collection Set: 3.2ms
[772.116s][info][gc,phases      ] GC(1150)   Post Evacuate Collection Set: 0.4ms
[772.116s][info][gc,phases      ] GC(1150)   Other: 0.1ms
[772.116s][info][gc,heap        ] GC(1150) Eden regions: 92->0(92)
[772.116s][info][gc,heap        ] GC(1150) Survivor regions: 5->5(13)
[772.116s][info][gc,heap        ] GC(1150) Old regions: 54->54
[772.116s][info][gc,heap        ] GC(1150) Humongous regions: 2->2
[772.117s][info][gc,metaspace   ] GC(1150) Metaspace: 84791K(85952K)->84791K(85952K) NonClass: 73860K(74496K)->73860K(74496K) Class: 10930K(11456K)->10930K(11456K)
[772.117s][info][gc             ] GC(1150) Pause Young (Normal) (G1 Evacuation Pause) 148M->56M(167M) 4.255ms
[772.117s][info][gc,cpu         ] GC(1150) User=0.00s Sys=0.00s Real=0.00s
[772.340s][info][gc,start       ] GC(1151) Pause Young (Normal) (G1 Evacuation Pause)
[772.340s][info][gc,task        ] GC(1151) Using 8 workers of 8 for evacuation
[772.343s][info][gc,phases      ] GC(1151)   Pre Evacuate Collection Set: 0.1ms
[772.343s][info][gc,phases      ] GC(1151)   Merge Heap Roots: 0.1ms
[772.343s][info][gc,phases      ] GC(1151)   Evacuate Collection Set: 2.3ms
[772.343s][info][gc,phases      ] GC(1151)   Post Evacuate Collection Set: 0.4ms
[772.343s][info][gc,phases      ] GC(1151)   Other: 0.1ms
[772.343s][info][gc,heap        ] GC(1151) Eden regions: 92->0(91)
[772.343s][info][gc,heap        ] GC(1151) Survivor regions: 5->5(13)
[772.343s][info][gc,heap        ] GC(1151) Old regions: 54->55
[772.343s][info][gc,heap        ] GC(1151) Humongous regions: 2->2
[772.343s][info][gc,metaspace   ] GC(1151) Metaspace: 84791K(85952K)->84791K(85952K) NonClass: 73860K(74496K)->73860K(74496K) Class: 10930K(11456K)->10930K(11456K)
[772.343s][info][gc             ] GC(1151) Pause Young (Normal) (G1 Evacuation Pause) 148M->57M(167M) 3.320ms
[772.343s][info][gc,cpu         ] GC(1151) User=0.12s Sys=0.00s Real=0.00s
[772.622s][info][gc,start       ] GC(1152) Pause Young (Normal) (G1 Evacuation Pause)
[772.622s][info][gc,task        ] GC(1152) Using 8 workers of 8 for evacuation
[772.626s][info][gc,phases      ] GC(1152)   Pre Evacuate Collection Set: 0.1ms
[772.626s][info][gc,phases      ] GC(1152)   Merge Heap Roots: 0.1ms
[772.626s][info][gc,phases      ] GC(1152)   Evacuate Collection Set: 3.2ms
[772.626s][info][gc,phases      ] GC(1152)   Post Evacuate Collection Set: 0.4ms
[772.626s][info][gc,phases      ] GC(1152)   Other: 0.1ms
[772.626s][info][gc,heap        ] GC(1152) Eden regions: 91->0(91)
[772.626s][info][gc,heap        ] GC(1152) Survivor regions: 5->5(12)
[772.626s][info][gc,heap        ] GC(1152) Old regions: 55->55
[772.626s][info][gc,heap        ] GC(1152) Humongous regions: 2->2
[772.626s][info][gc,metaspace   ] GC(1152) Metaspace: 84791K(85952K)->84791K(85952K) NonClass: 73860K(74496K)->73860K(74496K) Class: 10930K(11456K)->10930K(11456K)
[772.626s][info][gc             ] GC(1152) Pause Young (Normal) (G1 Evacuation Pause) 148M->57M(167M) 4.285ms
[772.626s][info][gc,cpu         ] GC(1152) User=0.12s Sys=0.00s Real=0.01s
[772.862s][info][gc,start       ] GC(1153) Pause Young (Normal) (G1 Evacuation Pause)
[772.862s][info][gc,task        ] GC(1153) Using 8 workers of 8 for evacuation
[772.866s][info][gc,phases      ] GC(1153)   Pre Evacuate Collection Set: 0.1ms
[772.866s][info][gc,phases      ] GC(1153)   Merge Heap Roots: 0.1ms
[772.866s][info][gc,phases      ] GC(1153)   Evacuate Collection Set: 3.0ms
[772.866s][info][gc,phases      ] GC(1153)   Post Evacuate Collection Set: 0.5ms
[772.866s][info][gc,phases      ] GC(1153)   Other: 0.1ms
[772.866s][info][gc,heap        ] GC(1153) Eden regions: 91->0(91)
[772.866s][info][gc,heap        ] GC(1153) Survivor regions: 5->5(12)
[772.866s][info][gc,heap        ] GC(1153) Old regions: 55->55
[772.866s][info][gc,heap        ] GC(1153) Humongous regions: 2->2
[772.866s][info][gc,metaspace   ] GC(1153) Metaspace: 84791K(85952K)->84791K(85952K) NonClass: 73860K(74496K)->73860K(74496K) Class: 10930K(11456K)->10930K(11456K)
[772.866s][info][gc             ] GC(1153) Pause Young (Normal) (G1 Evacuation Pause) 148M->57M(167M) 4.119ms
[772.867s][info][gc,cpu         ] GC(1153) User=0.00s Sys=0.00s Real=0.00s
[773.113s][info][gc,start       ] GC(1154) Pause Young (Normal) (G1 Evacuation Pause)
[773.113s][info][gc,task        ] GC(1154) Using 8 workers of 8 for evacuation
[773.116s][info][gc,phases      ] GC(1154)   Pre Evacuate Collection Set: 0.1ms
[773.116s][info][gc,phases      ] GC(1154)   Merge Heap Roots: 0.0ms
[773.116s][info][gc,phases      ] GC(1154)   Evacuate Collection Set: 2.4ms
[773.116s][info][gc,phases      ] GC(1154)   Post Evacuate Collection Set: 0.7ms
[773.116s][info][gc,phases      ] GC(1154)   Other: 0.1ms
[773.116s][info][gc,heap        ] GC(1154) Eden regions: 91->0(90)
[773.116s][info][gc,heap        ] GC(1154) Survivor regions: 5->5(12)
[773.116s][info][gc,heap        ] GC(1154) Old regions: 55->56
[773.117s][info][gc,heap        ] GC(1154) Humongous regions: 2->2
[773.117s][info][gc,metaspace   ] GC(1154) Metaspace: 84791K(85952K)->84791K(85952K) NonClass: 73860K(74496K)->73860K(74496K) Class: 10930K(11456K)->10930K(11456K)
[773.117s][info][gc             ] GC(1154) Pause Young (Normal) (G1 Evacuation Pause) 148M->57M(167M) 3.719ms
[773.117s][info][gc,cpu         ] GC(1154) User=0.00s Sys=0.00s Real=0.00s
[773.372s][info][gc,start       ] GC(1155) Pause Young (Concurrent Start) (G1 Evacuation Pause)
[773.373s][info][gc,task        ] GC(1155) Using 8 workers of 8 for evacuation
[773.376s][info][gc,phases      ] GC(1155)   Pre Evacuate Collection Set: 0.2ms
[773.376s][info][gc,phases      ] GC(1155)   Merge Heap Roots: 0.1ms
[773.376s][info][gc,phases      ] GC(1155)   Evacuate Collection Set: 2.3ms
[773.376s][info][gc,phases      ] GC(1155)   Post Evacuate Collection Set: 0.4ms
[773.376s][info][gc,phases      ] GC(1155)   Other: 0.1ms
[773.376s][info][gc,heap        ] GC(1155) Eden regions: 90->0(90)
[773.376s][info][gc,heap        ] GC(1155) Survivor regions: 5->5(12)
[773.376s][info][gc,heap        ] GC(1155) Old regions: 56->56
[773.376s][info][gc,heap        ] GC(1155) Humongous regions: 2->2
[773.376s][info][gc,metaspace   ] GC(1155) Metaspace: 84791K(85952K)->84791K(85952K) NonClass: 73860K(74496K)->73860K(74496K) Class: 10930K(11456K)->10930K(11456K)
[773.376s][info][gc             ] GC(1155) Pause Young (Concurrent Start) (G1 Evacuation Pause) 147M->58M(167M) 3.629ms
[773.376s][info][gc,cpu         ] GC(1155) User=0.00s Sys=0.00s Real=0.00s
[773.376s][info][gc             ] GC(1156) Concurrent Mark Cycle
[773.376s][info][gc,marking     ] GC(1156) Concurrent Scan Root Regions
[773.381s][info][gc,marking     ] GC(1156) Concurrent Scan Root Regions 5.117ms
[773.381s][info][gc,marking     ] GC(1156) Concurrent Mark
[773.382s][info][gc,marking     ] GC(1156) Concurrent Mark From Roots
[773.382s][info][gc,task        ] GC(1156) Using 2 workers of 2 for marking
[773.481s][info][gc,marking     ] GC(1156) Concurrent Mark From Roots 99.831ms
[773.481s][info][gc,marking     ] GC(1156) Concurrent Preclean
[773.482s][info][gc,marking     ] GC(1156) Concurrent Preclean 0.719ms
[773.482s][info][gc,start       ] GC(1156) Pause Remark
[773.489s][info][gc             ] GC(1156) Pause Remark 83M->83M(167M) 6.696ms
[773.489s][info][gc,cpu         ] GC(1156) User=0.00s Sys=0.00s Real=0.01s
[773.489s][info][gc,marking     ] GC(1156) Concurrent Mark 107.742ms
[773.489s][info][gc,marking     ] GC(1156) Concurrent Rebuild Remembered Sets and Scrub Regions
[773.522s][info][gc,marking     ] GC(1156) Concurrent Rebuild Remembered Sets and Scrub Regions 32.533ms
[773.522s][info][gc,start       ] GC(1156) Pause Cleanup
[773.522s][info][gc             ] GC(1156) Pause Cleanup 91M->91M(167M) 0.159ms
[773.522s][info][gc,cpu         ] GC(1156) User=0.00s Sys=0.00s Real=0.00s
[773.522s][info][gc,marking     ] GC(1156) Concurrent Clear Claimed Marks
[773.522s][info][gc,marking     ] GC(1156) Concurrent Clear Claimed Marks 0.084ms
[773.522s][info][gc,marking     ] GC(1156) Concurrent Cleanup for Next Mark
[773.523s][info][gc,marking     ] GC(1156) Concurrent Cleanup for Next Mark 0.255ms
[773.523s][info][gc             ] GC(1156) Concurrent Mark Cycle 146.468ms
[773.677s][info][gc,start       ] GC(1157) Pause Young (Prepare Mixed) (G1 Evacuation Pause)
[773.677s][info][gc,task        ] GC(1157) Using 8 workers of 8 for evacuation
[773.682s][info][gc,phases      ] GC(1157)   Pre Evacuate Collection Set: 0.1ms
[773.682s][info][gc,phases      ] GC(1157)   Merge Heap Roots: 0.1ms
[773.682s][info][gc,phases      ] GC(1157)   Evacuate Collection Set: 3.4ms
[773.682s][info][gc,phases      ] GC(1157)   Post Evacuate Collection Set: 0.7ms
[773.682s][info][gc,phases      ] GC(1157)   Other: 0.1ms
[773.682s][info][gc,heap        ] GC(1157) Eden regions: 90->0(90)
[773.682s][info][gc,heap        ] GC(1157) Survivor regions: 5->5(12)
[773.682s][info][gc,heap        ] GC(1157) Old regions: 56->56
[773.682s][info][gc,heap        ] GC(1157) Humongous regions: 2->2
[773.682s][info][gc,metaspace   ] GC(1157) Metaspace: 84791K(85952K)->84791K(85952K) NonClass: 73860K(74496K)->73860K(74496K) Class: 10930K(11456K)->10930K(11456K)
[773.683s][info][gc             ] GC(1157) Pause Young (Prepare Mixed) (G1 Evacuation Pause) 148M->58M(167M) 5.107ms
[773.683s][info][gc,cpu         ] GC(1157) User=0.00s Sys=0.00s Real=0.01s
[773.905s][info][gc,start       ] GC(1158) Pause Young (Mixed) (G1 Evacuation Pause)
[773.905s][info][gc,task        ] GC(1158) Using 8 workers of 8 for evacuation
[773.909s][info][gc,phases      ] GC(1158)   Pre Evacuate Collection Set: 0.3ms
[773.909s][info][gc,phases      ] GC(1158)   Merge Heap Roots: 0.1ms
[773.909s][info][gc,phases      ] GC(1158)   Evacuate Collection Set: 3.5ms
[773.909s][info][gc,phases      ] GC(1158)   Post Evacuate Collection Set: 0.4ms
[773.909s][info][gc,phases      ] GC(1158)   Other: 0.1ms
[773.909s][info][gc,heap        ] GC(1158) Eden regions: 90->0(91)
[773.909s][info][gc,heap        ] GC(1158) Survivor regions: 5->5(12)
[773.910s][info][gc,heap        ] GC(1158) Old regions: 56->55
[773.910s][info][gc,heap        ] GC(1158) Humongous regions: 2->2
[773.910s][info][gc,metaspace   ] GC(1158) Metaspace: 84791K(85952K)->84791K(85952K) NonClass: 73860K(74496K)->73860K(74496K) Class: 10930K(11456K)->10930K(11456K)
[773.910s][info][gc             ] GC(1158) Pause Young (Mixed) (G1 Evacuation Pause) 148M->59M(167M) 4.752ms
[773.910s][info][gc,cpu         ] GC(1158) User=0.00s Sys=0.00s Real=0.00s
[774.138s][info][gc,start       ] GC(1159) Pause Young (Normal) (G1 Evacuation Pause)
[774.138s][info][gc,task        ] GC(1159) Using 8 workers of 8 for evacuation
[774.141s][info][gc,phases      ] GC(1159)   Pre Evacuate Collection Set: 0.2ms
[774.142s][info][gc,phases      ] GC(1159)   Merge Heap Roots: 0.1ms
[774.142s][info][gc,phases      ] GC(1159)   Evacuate Collection Set: 2.1ms
[774.142s][info][gc,phases      ] GC(1159)   Post Evacuate Collection Set: 0.5ms
[774.142s][info][gc,phases      ] GC(1159)   Other: 0.1ms
[774.142s][info][gc,heap        ] GC(1159) Eden regions: 91->0(90)
[774.142s][info][gc,heap        ] GC(1159) Survivor regions: 5->5(12)
[774.142s][info][gc,heap        ] GC(1159) Old regions: 55->56
[774.142s][info][gc,heap        ] GC(1159) Humongous regions: 2->2
[774.142s][info][gc,metaspace   ] GC(1159) Metaspace: 84791K(85952K)->84791K(85952K) NonClass: 73860K(74496K)->73860K(74496K) Class: 10930K(11456K)->10930K(11456K)
[774.142s][info][gc             ] GC(1159) Pause Young (Normal) (G1 Evacuation Pause) 150M->59M(167M) 3.378ms
[774.142s][info][gc,cpu         ] GC(1159) User=0.00s Sys=0.00s Real=0.00s
[774.385s][info][gc,start       ] GC(1160) Pause Young (Concurrent Start) (G1 Evacuation Pause)
[774.385s][info][gc,task        ] GC(1160) Using 8 workers of 8 for evacuation
[774.389s][info][gc,phases      ] GC(1160)   Pre Evacuate Collection Set: 0.2ms
[774.390s][info][gc,phases      ] GC(1160)   Merge Heap Roots: 0.1ms
[774.390s][info][gc,phases      ] GC(1160)   Evacuate Collection Set: 3.8ms
[774.390s][info][gc,phases      ] GC(1160)   Post Evacuate Collection Set: 0.5ms
[774.390s][info][gc,phases      ] GC(1160)   Other: 0.2ms
[774.390s][info][gc,heap        ] GC(1160) Eden regions: 90->0(90)
[774.390s][info][gc,heap        ] GC(1160) Survivor regions: 5->5(12)
[774.390s][info][gc,heap        ] GC(1160) Old regions: 56->56
[774.390s][info][gc,heap        ] GC(1160) Humongous regions: 2->2
[774.390s][info][gc,metaspace   ] GC(1160) Metaspace: 84791K(85952K)->84791K(85952K) NonClass: 73860K(74496K)->73860K(74496K) Class: 10930K(11456K)->10930K(11456K)
[774.390s][info][gc             ] GC(1160) Pause Young (Concurrent Start) (G1 Evacuation Pause) 149M->59M(167M) 5.420ms
[774.390s][info][gc,cpu         ] GC(1160) User=0.09s Sys=0.00s Real=0.01s
[774.390s][info][gc             ] GC(1161) Concurrent Mark Cycle
[774.390s][info][gc,marking     ] GC(1161) Concurrent Scan Root Regions
[774.395s][info][gc,marking     ] GC(1161) Concurrent Scan Root Regions 5.086ms
[774.395s][info][gc,marking     ] GC(1161) Concurrent Mark
[774.395s][info][gc,marking     ] GC(1161) Concurrent Mark From Roots
[774.395s][info][gc,task        ] GC(1161) Using 2 workers of 2 for marking
[774.505s][info][gc,marking     ] GC(1161) Concurrent Mark From Roots 109.392ms
[774.505s][info][gc,marking     ] GC(1161) Concurrent Preclean
[774.505s][info][gc,marking     ] GC(1161) Concurrent Preclean 0.371ms
[774.505s][info][gc,start       ] GC(1161) Pause Remark
[774.510s][info][gc             ] GC(1161) Pause Remark 85M->85M(167M) 4.832ms
[774.510s][info][gc,cpu         ] GC(1161) User=0.00s Sys=0.00s Real=0.01s
[774.510s][info][gc,marking     ] GC(1161) Concurrent Mark 114.980ms
[774.510s][info][gc,marking     ] GC(1161) Concurrent Rebuild Remembered Sets and Scrub Regions
[774.542s][info][gc,marking     ] GC(1161) Concurrent Rebuild Remembered Sets and Scrub Regions 31.147ms
[774.542s][info][gc,start       ] GC(1161) Pause Cleanup
[774.542s][info][gc             ] GC(1161) Pause Cleanup 96M->96M(167M) 0.183ms
[774.542s][info][gc,cpu         ] GC(1161) User=0.00s Sys=0.00s Real=0.00s
[774.542s][info][gc,marking     ] GC(1161) Concurrent Clear Claimed Marks
[774.542s][info][gc,marking     ] GC(1161) Concurrent Clear Claimed Marks 0.100ms
[774.542s][info][gc,marking     ] GC(1161) Concurrent Cleanup for Next Mark
[774.542s][info][gc,marking     ] GC(1161) Concurrent Cleanup for Next Mark 0.287ms
[774.542s][info][gc             ] GC(1161) Concurrent Mark Cycle 152.391ms
[774.692s][info][gc,start       ] GC(1162) Pause Young (Prepare Mixed) (G1 Evacuation Pause)
[774.692s][info][gc,task        ] GC(1162) Using 8 workers of 8 for evacuation
[774.696s][info][gc,phases      ] GC(1162)   Pre Evacuate Collection Set: 0.1ms
[774.696s][info][gc,phases      ] GC(1162)   Merge Heap Roots: 0.1ms
[774.696s][info][gc,phases      ] GC(1162)   Evacuate Collection Set: 3.2ms
[774.696s][info][gc,phases      ] GC(1162)   Post Evacuate Collection Set: 0.5ms
[774.696s][info][gc,phases      ] GC(1162)   Other: 0.1ms
[774.696s][info][gc,heap        ] GC(1162) Eden regions: 90->0(90)
[774.696s][info][gc,heap        ] GC(1162) Survivor regions: 5->5(12)
[774.696s][info][gc,heap        ] GC(1162) Old regions: 56->56
[774.696s][info][gc,heap        ] GC(1162) Humongous regions: 2->2
[774.696s][info][gc,metaspace   ] GC(1162) Metaspace: 84791K(85952K)->84791K(85952K) NonClass: 73860K(74496K)->73860K(74496K) Class: 10930K(11456K)->10930K(11456K)
[774.696s][info][gc             ] GC(1162) Pause Young (Prepare Mixed) (G1 Evacuation Pause) 149M->59M(167M) 4.459ms
[774.696s][info][gc,cpu         ] GC(1162) User=0.00s Sys=0.00s Real=0.00s
[774.984s][info][gc,start       ] GC(1163) Pause Young (Mixed) (G1 Evacuation Pause)
[774.984s][info][gc,task        ] GC(1163) Using 8 workers of 8 for evacuation
[774.989s][info][gc,phases      ] GC(1163)   Pre Evacuate Collection Set: 0.1ms
[774.989s][info][gc,phases      ] GC(1163)   Merge Heap Roots: 0.1ms
[774.989s][info][gc,phases      ] GC(1163)   Evacuate Collection Set: 4.1ms
[774.989s][info][gc,phases      ] GC(1163)   Post Evacuate Collection Set: 0.4ms
[774.989s][info][gc,phases      ] GC(1163)   Other: 0.1ms
[774.989s][info][gc,heap        ] GC(1163) Eden regions: 90->0(90)
[774.989s][info][gc,heap        ] GC(1163) Survivor regions: 5->5(12)
[774.989s][info][gc,heap        ] GC(1163) Old regions: 56->56
[774.989s][info][gc,heap        ] GC(1163) Humongous regions: 2->2
[774.989s][info][gc,metaspace   ] GC(1163) Metaspace: 84791K(85952K)->84791K(85952K) NonClass: 73860K(74496K)->73860K(74496K) Class: 10930K(11456K)->10930K(11456K)
[774.989s][info][gc             ] GC(1163) Pause Young (Mixed) (G1 Evacuation Pause) 149M->60M(167M) 5.432ms
[774.989s][info][gc,cpu         ] GC(1163) User=0.00s Sys=0.00s Real=0.00s
[775.239s][info][gc,start       ] GC(1164) Pause Young (Concurrent Start) (G1 Evacuation Pause)
[775.239s][info][gc,task        ] GC(1164) Using 8 workers of 8 for evacuation
[775.242s][info][gc,phases      ] GC(1164)   Pre Evacuate Collection Set: 0.2ms
[775.242s][info][gc,phases      ] GC(1164)   Merge Heap Roots: 0.0ms
[775.242s][info][gc,phases      ] GC(1164)   Evacuate Collection Set: 2.2ms
[775.242s][info][gc,phases      ] GC(1164)   Post Evacuate Collection Set: 0.4ms
[775.242s][info][gc,phases      ] GC(1164)   Other: 0.2ms
[775.242s][info][gc,heap        ] GC(1164) Eden regions: 90->0(90)
[775.242s][info][gc,heap        ] GC(1164) Survivor regions: 5->5(12)
[775.242s][info][gc,heap        ] GC(1164) Old regions: 56->56
[775.242s][info][gc,heap        ] GC(1164) Humongous regions: 2->2
[775.242s][info][gc,metaspace   ] GC(1164) Metaspace: 84791K(85952K)->84791K(85952K) NonClass: 73860K(74496K)->73860K(74496K) Class: 10930K(11456K)->10930K(11456K)
[775.242s][info][gc             ] GC(1164) Pause Young (Concurrent Start) (G1 Evacuation Pause) 150M->60M(167M) 3.350ms
[775.242s][info][gc,cpu         ] GC(1164) User=0.00s Sys=0.00s Real=0.00s
[775.242s][info][gc             ] GC(1165) Concurrent Mark Cycle
[775.242s][info][gc,marking     ] GC(1165) Concurrent Scan Root Regions
[775.245s][info][gc,marking     ] GC(1165) Concurrent Scan Root Regions 2.744ms
[775.245s][info][gc,marking     ] GC(1165) Concurrent Mark
[775.245s][info][gc,marking     ] GC(1165) Concurrent Mark From Roots
[775.245s][info][gc,task        ] GC(1165) Using 2 workers of 2 for marking
[775.338s][info][gc,marking     ] GC(1165) Concurrent Mark From Roots 92.752ms
[775.338s][info][gc,marking     ] GC(1165) Concurrent Preclean
[775.338s][info][gc,marking     ] GC(1165) Concurrent Preclean 0.465ms
[775.338s][info][gc,start       ] GC(1165) Pause Remark
[775.344s][info][gc             ] GC(1165) Pause Remark 90M->90M(167M) 5.699ms
[775.344s][info][gc,cpu         ] GC(1165) User=0.11s Sys=0.00s Real=0.01s
[775.344s][info][gc,marking     ] GC(1165) Concurrent Mark 99.334ms
[775.344s][info][gc,marking     ] GC(1165) Concurrent Rebuild Remembered Sets and Scrub Regions
[775.379s][info][gc,marking     ] GC(1165) Concurrent Rebuild Remembered Sets and Scrub Regions 34.276ms
[775.379s][info][gc,start       ] GC(1165) Pause Cleanup
[775.379s][info][gc             ] GC(1165) Pause Cleanup 98M->98M(167M) 0.194ms
[775.379s][info][gc,cpu         ] GC(1165) User=0.00s Sys=0.00s Real=0.00s
[775.379s][info][gc,marking     ] GC(1165) Concurrent Clear Claimed Marks
[775.379s][info][gc,marking     ] GC(1165) Concurrent Clear Claimed Marks 0.118ms
[775.379s][info][gc,marking     ] GC(1165) Concurrent Cleanup for Next Mark
[775.380s][info][gc,marking     ] GC(1165) Concurrent Cleanup for Next Mark 0.372ms
[775.380s][info][gc             ] GC(1165) Concurrent Mark Cycle 137.697ms
[775.528s][info][gc,start       ] GC(1166) Pause Young (Prepare Mixed) (G1 Evacuation Pause)
[775.528s][info][gc,task        ] GC(1166) Using 8 workers of 8 for evacuation
[775.534s][info][gc,phases      ] GC(1166)   Pre Evacuate Collection Set: 0.1ms
[775.534s][info][gc,phases      ] GC(1166)   Merge Heap Roots: 0.1ms
[775.534s][info][gc,phases      ] GC(1166)   Evacuate Collection Set: 5.3ms
[775.534s][info][gc,phases      ] GC(1166)   Post Evacuate Collection Set: 0.5ms
[775.534s][info][gc,phases      ] GC(1166)   Other: 0.1ms
[775.534s][info][gc,heap        ] GC(1166) Eden regions: 90->0(89)
[775.534s][info][gc,heap        ] GC(1166) Survivor regions: 5->5(12)
[775.534s][info][gc,heap        ] GC(1166) Old regions: 56->57
[775.534s][info][gc,heap        ] GC(1166) Humongous regions: 2->2
[775.534s][info][gc,metaspace   ] GC(1166) Metaspace: 84791K(85952K)->84791K(85952K) NonClass: 73860K(74496K)->73860K(74496K) Class: 10930K(11456K)->10930K(11456K)
[775.534s][info][gc             ] GC(1166) Pause Young (Prepare Mixed) (G1 Evacuation Pause) 150M->60M(167M) 6.698ms
[775.534s][info][gc,cpu         ] GC(1166) User=0.08s Sys=0.00s Real=0.01s
[775.806s][info][gc,start       ] GC(1167) Pause Young (Mixed) (G1 Evacuation Pause)
[775.806s][info][gc,task        ] GC(1167) Using 8 workers of 8 for evacuation
[775.810s][info][gc,phases      ] GC(1167)   Pre Evacuate Collection Set: 0.2ms
[775.810s][info][gc,phases      ] GC(1167)   Merge Heap Roots: 0.1ms
[775.810s][info][gc,phases      ] GC(1167)   Evacuate Collection Set: 3.0ms
[775.810s][info][gc,phases      ] GC(1167)   Post Evacuate Collection Set: 0.5ms
[775.810s][info][gc,phases      ] GC(1167)   Other: 0.1ms
[775.810s][info][gc,heap        ] GC(1167) Eden regions: 89->0(90)
[775.810s][info][gc,heap        ] GC(1167) Survivor regions: 5->5(12)
[775.810s][info][gc,heap        ] GC(1167) Old regions: 57->56
[775.810s][info][gc,heap        ] GC(1167) Humongous regions: 2->2
[775.810s][info][gc,metaspace   ] GC(1167) Metaspace: 84791K(85952K)->84791K(85952K) NonClass: 73860K(74496K)->73860K(74496K) Class: 10930K(11456K)->10930K(11456K)
[775.810s][info][gc             ] GC(1167) Pause Young (Mixed) (G1 Evacuation Pause) 149M->60M(167M) 4.228ms
[775.810s][info][gc,cpu         ] GC(1167) User=0.12s Sys=0.00s Real=0.00s
[776.017s][info][gc,start       ] GC(1168) Pause Young (Concurrent Start) (G1 Evacuation Pause)
[776.017s][info][gc,task        ] GC(1168) Using 8 workers of 8 for evacuation
[776.021s][info][gc,phases      ] GC(1168)   Pre Evacuate Collection Set: 0.2ms
[776.022s][info][gc,phases      ] GC(1168)   Merge Heap Roots: 0.1ms
[776.022s][info][gc,phases      ] GC(1168)   Evacuate Collection Set: 3.2ms
[776.022s][info][gc,phases      ] GC(1168)   Post Evacuate Collection Set: 0.5ms
[776.022s][info][gc,phases      ] GC(1168)   Other: 0.2ms
[776.022s][info][gc,heap        ] GC(1168) Eden regions: 90->0(89)
[776.022s][info][gc,heap        ] GC(1168) Survivor regions: 5->5(12)
[776.022s][info][gc,heap        ] GC(1168) Old regions: 56->57
[776.022s][info][gc,heap        ] GC(1168) Humongous regions: 2->2
[776.022s][info][gc,metaspace   ] GC(1168) Metaspace: 84791K(85952K)->84791K(85952K) NonClass: 73860K(74496K)->73860K(74496K) Class: 10930K(11456K)->10930K(11456K)
[776.022s][info][gc             ] GC(1168) Pause Young (Concurrent Start) (G1 Evacuation Pause) 150M->61M(167M) 4.532ms
[776.022s][info][gc,cpu         ] GC(1168) User=0.00s Sys=0.00s Real=0.00s
[776.022s][info][gc             ] GC(1169) Concurrent Mark Cycle
[776.022s][info][gc,marking     ] GC(1169) Concurrent Scan Root Regions
[776.026s][info][gc,marking     ] GC(1169) Concurrent Scan Root Regions 4.558ms
[776.027s][info][gc,marking     ] GC(1169) Concurrent Mark
[776.027s][info][gc,marking     ] GC(1169) Concurrent Mark From Roots
[776.027s][info][gc,task        ] GC(1169) Using 2 workers of 2 for marking
[776.126s][info][gc,marking     ] GC(1169) Concurrent Mark From Roots 99.790ms
[776.126s][info][gc,marking     ] GC(1169) Concurrent Preclean
[776.127s][info][gc,marking     ] GC(1169) Concurrent Preclean 0.480ms
[776.127s][info][gc,start       ] GC(1169) Pause Remark
[776.133s][info][gc             ] GC(1169) Pause Remark 89M->89M(167M) 5.434ms
[776.133s][info][gc,cpu         ] GC(1169) User=0.00s Sys=0.00s Real=0.01s
[776.133s][info][gc,marking     ] GC(1169) Concurrent Mark 106.243ms
[776.133s][info][gc,marking     ] GC(1169) Concurrent Rebuild Remembered Sets and Scrub Regions
[776.164s][info][gc,marking     ] GC(1169) Concurrent Rebuild Remembered Sets and Scrub Regions 30.979ms
[776.164s][info][gc,start       ] GC(1169) Pause Cleanup
[776.164s][info][gc             ] GC(1169) Pause Cleanup 98M->98M(167M) 0.164ms
[776.164s][info][gc,cpu         ] GC(1169) User=0.00s Sys=0.00s Real=0.00s
[776.164s][info][gc,marking     ] GC(1169) Concurrent Clear Claimed Marks
[776.164s][info][gc,marking     ] GC(1169) Concurrent Clear Claimed Marks 0.107ms
[776.164s][info][gc,marking     ] GC(1169) Concurrent Cleanup for Next Mark
[776.165s][info][gc,marking     ] GC(1169) Concurrent Cleanup for Next Mark 0.290ms
[776.165s][info][gc             ] GC(1169) Concurrent Mark Cycle 142.955ms
[776.309s][info][gc,start       ] GC(1170) Pause Young (Prepare Mixed) (G1 Evacuation Pause)
[776.310s][info][gc,task        ] GC(1170) Using 8 workers of 8 for evacuation
[776.314s][info][gc,phases      ] GC(1170)   Pre Evacuate Collection Set: 0.1ms
[776.314s][info][gc,phases      ] GC(1170)   Merge Heap Roots: 0.1ms
[776.314s][info][gc,phases      ] GC(1170)   Evacuate Collection Set: 3.3ms
[776.314s][info][gc,phases      ] GC(1170)   Post Evacuate Collection Set: 0.5ms
[776.314s][info][gc,phases      ] GC(1170)   Other: 0.1ms
[776.314s][info][gc,heap        ] GC(1170) Eden regions: 89->0(89)
[776.314s][info][gc,heap        ] GC(1170) Survivor regions: 5->5(12)
[776.314s][info][gc,heap        ] GC(1170) Old regions: 57->57
[776.314s][info][gc,heap        ] GC(1170) Humongous regions: 2->2
[776.314s][info][gc,metaspace   ] GC(1170) Metaspace: 84791K(85952K)->84791K(85952K) NonClass: 73860K(74496K)->73860K(74496K) Class: 10930K(11456K)->10930K(11456K)
[776.314s][info][gc             ] GC(1170) Pause Young (Prepare Mixed) (G1 Evacuation Pause) 150M->62M(167M) 4.672ms
[776.314s][info][gc,cpu         ] GC(1170) User=0.00s Sys=0.00s Real=0.00s
[776.565s][info][gc,start       ] GC(1171) Pause Young (Mixed) (G1 Evacuation Pause)
[776.566s][info][gc,task        ] GC(1171) Using 8 workers of 8 for evacuation
[776.571s][info][gc,phases      ] GC(1171)   Pre Evacuate Collection Set: 0.2ms
[776.571s][info][gc,phases      ] GC(1171)   Merge Heap Roots: 0.1ms
[776.571s][info][gc,phases      ] GC(1171)   Evacuate Collection Set: 4.3ms
[776.571s][info][gc,phases      ] GC(1171)   Post Evacuate Collection Set: 0.5ms
[776.571s][info][gc,phases      ] GC(1171)   Other: 0.2ms
[776.571s][info][gc,heap        ] GC(1171) Eden regions: 89->0(89)
[776.571s][info][gc,heap        ] GC(1171) Survivor regions: 5->5(12)
[776.571s][info][gc,heap        ] GC(1171) Old regions: 57->57
[776.571s][info][gc,heap        ] GC(1171) Humongous regions: 2->2
[776.571s][info][gc,metaspace   ] GC(1171) Metaspace: 84791K(85952K)->84791K(85952K) NonClass: 73860K(74496K)->73860K(74496K) Class: 10930K(11456K)->10930K(11456K)
[776.571s][info][gc             ] GC(1171) Pause Young (Mixed) (G1 Evacuation Pause) 151M->62M(167M) 5.910ms
[776.571s][info][gc,cpu         ] GC(1171) User=0.00s Sys=0.00s Real=0.01s
[776.794s][info][gc,start       ] GC(1172) Pause Young (Concurrent Start) (G1 Evacuation Pause)
[776.794s][info][gc,task        ] GC(1172) Using 8 workers of 8 for evacuation
[776.799s][info][gc,phases      ] GC(1172)   Pre Evacuate Collection Set: 0.1ms
[776.799s][info][gc,phases      ] GC(1172)   Merge Heap Roots: 0.1ms
[776.799s][info][gc,phases      ] GC(1172)   Evacuate Collection Set: 3.8ms
[776.799s][info][gc,phases      ] GC(1172)   Post Evacuate Collection Set: 0.6ms
[776.799s][info][gc,phases      ] GC(1172)   Other: 0.2ms
[776.799s][info][gc,heap        ] GC(1172) Eden regions: 89->0(89)
[776.799s][info][gc,heap        ] GC(1172) Survivor regions: 5->5(12)
[776.799s][info][gc,heap        ] GC(1172) Old regions: 57->57
[776.799s][info][gc,heap        ] GC(1172) Humongous regions: 2->2
[776.800s][info][gc,metaspace   ] GC(1172) Metaspace: 84791K(85952K)->84791K(85952K) NonClass: 73860K(74496K)->73860K(74496K) Class: 10930K(11456K)->10930K(11456K)
[776.800s][info][gc             ] GC(1172) Pause Young (Concurrent Start) (G1 Evacuation Pause) 151M->62M(167M) 5.565ms
[776.800s][info][gc,cpu         ] GC(1172) User=0.00s Sys=0.00s Real=0.01s
[776.800s][info][gc             ] GC(1173) Concurrent Mark Cycle
[776.800s][info][gc,marking     ] GC(1173) Concurrent Scan Root Regions
[776.808s][info][gc,marking     ] GC(1173) Concurrent Scan Root Regions 8.383ms
[776.808s][info][gc,marking     ] GC(1173) Concurrent Mark
[776.808s][info][gc,marking     ] GC(1173) Concurrent Mark From Roots
[776.808s][info][gc,task        ] GC(1173) Using 2 workers of 2 for marking
[776.925s][info][gc,marking     ] GC(1173) Concurrent Mark From Roots 116.655ms
[776.925s][info][gc,marking     ] GC(1173) Concurrent Preclean
[776.925s][info][gc,marking     ] GC(1173) Concurrent Preclean 0.267ms
[776.925s][info][gc,start       ] GC(1173) Pause Remark
[776.930s][info][gc             ] GC(1173) Pause Remark 92M->92M(167M) 4.959ms
[776.931s][info][gc,cpu         ] GC(1173) User=0.00s Sys=0.00s Real=0.00s
[776.931s][info][gc,marking     ] GC(1173) Concurrent Mark 122.242ms
[776.931s][info][gc,marking     ] GC(1173) Concurrent Rebuild Remembered Sets and Scrub Regions
[776.961s][info][gc,marking     ] GC(1173) Concurrent Rebuild Remembered Sets and Scrub Regions 30.662ms
[776.961s][info][gc,start       ] GC(1173) Pause Cleanup
[776.962s][info][gc             ] GC(1173) Pause Cleanup 101M->101M(167M) 0.168ms
[776.962s][info][gc,cpu         ] GC(1173) User=0.00s Sys=0.00s Real=0.00s
[776.962s][info][gc,marking     ] GC(1173) Concurrent Clear Claimed Marks
[776.962s][info][gc,marking     ] GC(1173) Concurrent Clear Claimed Marks 0.103ms
[776.962s][info][gc,marking     ] GC(1173) Concurrent Cleanup for Next Mark
[776.962s][info][gc,marking     ] GC(1173) Concurrent Cleanup for Next Mark 0.289ms
[776.962s][info][gc             ] GC(1173) Concurrent Mark Cycle 162.482ms
[777.104s][info][gc,start       ] GC(1174) Pause Young (Prepare Mixed) (G1 Evacuation Pause)
[777.104s][info][gc,task        ] GC(1174) Using 8 workers of 8 for evacuation
[777.108s][info][gc,phases      ] GC(1174)   Pre Evacuate Collection Set: 0.3ms
[777.108s][info][gc,phases      ] GC(1174)   Merge Heap Roots: 0.1ms
[777.108s][info][gc,phases      ] GC(1174)   Evacuate Collection Set: 3.0ms
[777.108s][info][gc,phases      ] GC(1174)   Post Evacuate Collection Set: 0.5ms
[777.108s][info][gc,phases      ] GC(1174)   Other: 0.1ms
[777.108s][info][gc,heap        ] GC(1174) Eden regions: 89->0(88)
[777.108s][info][gc,heap        ] GC(1174) Survivor regions: 5->5(12)
[777.108s][info][gc,heap        ] GC(1174) Old regions: 57->58
[777.109s][info][gc,heap        ] GC(1174) Humongous regions: 2->2
[777.109s][info][gc,metaspace   ] GC(1174) Metaspace: 84791K(85952K)->84791K(85952K) NonClass: 73860K(74496K)->73860K(74496K) Class: 10930K(11456K)->10930K(11456K)
[777.109s][info][gc             ] GC(1174) Pause Young (Prepare Mixed) (G1 Evacuation Pause) 151M->63M(167M) 4.428ms
[777.109s][info][gc,cpu         ] GC(1174) User=0.12s Sys=0.00s Real=0.01s
[777.360s][info][gc,start       ] GC(1175) Pause Young (Mixed) (G1 Evacuation Pause)
[777.360s][info][gc,task        ] GC(1175) Using 8 workers of 8 for evacuation
[777.364s][info][gc,phases      ] GC(1175)   Pre Evacuate Collection Set: 0.1ms
[777.364s][info][gc,phases      ] GC(1175)   Merge Heap Roots: 0.1ms
[777.364s][info][gc,phases      ] GC(1175)   Evacuate Collection Set: 3.9ms
[777.364s][info][gc,phases      ] GC(1175)   Post Evacuate Collection Set: 0.4ms
[777.365s][info][gc,phases      ] GC(1175)   Other: 0.1ms
[777.365s][info][gc,heap        ] GC(1175) Eden regions: 88->0(89)
[777.365s][info][gc,heap        ] GC(1175) Survivor regions: 5->5(12)
[777.365s][info][gc,heap        ] GC(1175) Old regions: 58->57
[777.365s][info][gc,heap        ] GC(1175) Humongous regions: 2->2
[777.365s][info][gc,metaspace   ] GC(1175) Metaspace: 84791K(85952K)->84791K(85952K) NonClass: 73860K(74496K)->73860K(74496K) Class: 10930K(11456K)->10930K(11456K)
[777.365s][info][gc             ] GC(1175) Pause Young (Mixed) (G1 Evacuation Pause) 151M->63M(167M) 5.229ms
[777.365s][info][gc,cpu         ] GC(1175) User=0.00s Sys=0.00s Real=0.00s
[777.545s][info][gc,start       ] GC(1176) Pause Full (System.gc())
[777.545s][info][gc,task        ] GC(1176) Using 6 workers of 8 for full compaction
[777.546s][info][gc,phases,start] GC(1176) Phase 1: Mark live objects
[777.594s][info][gc,phases      ] GC(1176) Phase 1: Mark live objects 48.024ms
[777.594s][info][gc,phases,start] GC(1176) Phase 2: Prepare compaction
[777.597s][info][gc,phases      ] GC(1176) Phase 2: Prepare compaction 3.013ms
[777.597s][info][gc,phases,start] GC(1176) Phase 3: Adjust pointers
[777.615s][info][gc,phases      ] GC(1176) Phase 3: Adjust pointers 18.047ms
[777.615s][info][gc,phases,start] GC(1176) Phase 4: Compact heap
[777.621s][info][gc,phases      ] GC(1176) Phase 4: Compact heap 6.332ms
[777.621s][info][gc,phases,start] GC(1176) Phase 5: Reset Metadata
[777.626s][info][gc,phases      ] GC(1176) Phase 5: Reset Metadata 4.480ms
[777.640s][info][gc,heap        ] GC(1176) Eden regions: 68->0(95)
[777.640s][info][gc,heap        ] GC(1176) Survivor regions: 5->0(12)
[777.640s][info][gc,heap        ] GC(1176) Old regions: 57->61
[777.640s][info][gc,heap        ] GC(1176) Humongous regions: 2->2
[777.640s][info][gc,metaspace   ] GC(1176) Metaspace: 84791K(85952K)->84791K(85952K) NonClass: 73860K(74496K)->73860K(74496K) Class: 10930K(11456K)->10930K(11456K)
[777.640s][info][gc             ] GC(1176) Pause Full (System.gc()) 130M->60M(167M) 95.054ms
[777.640s][info][gc,cpu         ] GC(1176) User=0.41s Sys=0.00s Real=0.10s
[777.864s][info][gc,start       ] GC(1177) Pause Young (Concurrent Start) (G1 Evacuation Pause)
[777.864s][info][gc,task        ] GC(1177) Using 8 workers of 8 for evacuation
[777.866s][info][gc,phases      ] GC(1177)   Pre Evacuate Collection Set: 0.2ms
[777.866s][info][gc,phases      ] GC(1177)   Merge Heap Roots: 0.1ms
[777.866s][info][gc,phases      ] GC(1177)   Evacuate Collection Set: 0.8ms
[777.866s][info][gc,phases      ] GC(1177)   Post Evacuate Collection Set: 0.6ms
[777.866s][info][gc,phases      ] GC(1177)   Other: 0.1ms
[777.866s][info][gc,heap        ] GC(1177) Eden regions: 95->0(93)
[777.866s][info][gc,heap        ] GC(1177) Survivor regions: 0->1(12)
[777.866s][info][gc,heap        ] GC(1177) Old regions: 61->61
[777.866s][info][gc,heap        ] GC(1177) Humongous regions: 2->2
[777.866s][info][gc,metaspace   ] GC(1177) Metaspace: 84791K(85952K)->84791K(85952K) NonClass: 73860K(74496K)->73860K(74496K) Class: 10930K(11456K)->10930K(11456K)
[777.866s][info][gc             ] GC(1177) Pause Young (Concurrent Start) (G1 Evacuation Pause) 155M->61M(167M) 2.225ms
[777.866s][info][gc             ] GC(1178) Concurrent Mark Cycle
[777.866s][info][gc,cpu         ] GC(1177) User=0.00s Sys=0.00s Real=0.00s
[777.866s][info][gc,marking     ] GC(1178) Concurrent Scan Root Regions
[777.868s][info][gc,marking     ] GC(1178) Concurrent Scan Root Regions 1.455ms
[777.868s][info][gc,marking     ] GC(1178) Concurrent Mark
[777.868s][info][gc,marking     ] GC(1178) Concurrent Mark From Roots
[777.868s][info][gc,task        ] GC(1178) Using 2 workers of 2 for marking
[777.979s][info][gc,marking     ] GC(1178) Concurrent Mark From Roots 111.170ms
[777.979s][info][gc,marking     ] GC(1178) Concurrent Preclean
[777.979s][info][gc,marking     ] GC(1178) Concurrent Preclean 0.280ms
[777.980s][info][gc,start       ] GC(1178) Pause Remark
[777.985s][info][gc             ] GC(1178) Pause Remark 86M->86M(167M) 5.498ms
[777.985s][info][gc,cpu         ] GC(1178) User=0.02s Sys=0.02s Real=0.01s
[777.985s][info][gc,marking     ] GC(1178) Concurrent Mark 117.320ms
[777.985s][info][gc,marking     ] GC(1178) Concurrent Rebuild Remembered Sets and Scrub Regions
[778.027s][info][gc,marking     ] GC(1178) Concurrent Rebuild Remembered Sets and Scrub Regions 41.423ms
[778.027s][info][gc,start       ] GC(1178) Pause Cleanup
[778.027s][info][gc             ] GC(1178) Pause Cleanup 96M->96M(167M) 0.182ms
[778.027s][info][gc,cpu         ] GC(1178) User=0.00s Sys=0.00s Real=0.00s
[778.027s][info][gc,marking     ] GC(1178) Concurrent Clear Claimed Marks
[778.027s][info][gc,marking     ] GC(1178) Concurrent Clear Claimed Marks 0.117ms
[778.027s][info][gc,marking     ] GC(1178) Concurrent Cleanup for Next Mark
[778.028s][info][gc,marking     ] GC(1178) Concurrent Cleanup for Next Mark 0.308ms
[778.028s][info][gc             ] GC(1178) Concurrent Mark Cycle 161.404ms
[778.189s][info][gc,start       ] GC(1179) Pause Young (Prepare Mixed) (G1 Evacuation Pause)
[778.189s][info][gc,task        ] GC(1179) Using 8 workers of 8 for evacuation
[778.192s][info][gc,phases      ] GC(1179)   Pre Evacuate Collection Set: 0.1ms
[778.192s][info][gc,phases      ] GC(1179)   Merge Heap Roots: 0.1ms
[778.192s][info][gc,phases      ] GC(1179)   Evacuate Collection Set: 1.3ms
[778.192s][info][gc,phases      ] GC(1179)   Post Evacuate Collection Set: 0.5ms
[778.192s][info][gc,phases      ] GC(1179)   Other: 0.1ms
[778.192s][info][gc,heap        ] GC(1179) Eden regions: 93->0(93)
[778.192s][info][gc,heap        ] GC(1179) Survivor regions: 1->1(12)
[778.192s][info][gc,heap        ] GC(1179) Old regions: 61->61
[778.192s][info][gc,heap        ] GC(1179) Humongous regions: 2->2
[778.192s][info][gc,metaspace   ] GC(1179) Metaspace: 84791K(85952K)->84791K(85952K) NonClass: 73860K(74496K)->73860K(74496K) Class: 10930K(11456K)->10930K(11456K)
[778.192s][info][gc             ] GC(1179) Pause Young (Prepare Mixed) (G1 Evacuation Pause) 154M->61M(167M) 2.625ms
[778.192s][info][gc,cpu         ] GC(1179) User=0.00s Sys=0.00s Real=0.00s
[778.447s][info][gc,start       ] GC(1180) Pause Young (Mixed) (G1 Evacuation Pause)
[778.447s][info][gc,task        ] GC(1180) Using 8 workers of 8 for evacuation
[778.449s][info][gc,phases      ] GC(1180)   Pre Evacuate Collection Set: 0.2ms
[778.449s][info][gc,phases      ] GC(1180)   Merge Heap Roots: 0.1ms
[778.449s][info][gc,phases      ] GC(1180)   Evacuate Collection Set: 1.1ms
[778.449s][info][gc,phases      ] GC(1180)   Post Evacuate Collection Set: 0.4ms
[778.449s][info][gc,phases      ] GC(1180)   Other: 0.1ms
[778.449s][info][gc,heap        ] GC(1180) Eden regions: 93->0(93)
[778.449s][info][gc,heap        ] GC(1180) Survivor regions: 1->1(12)
[778.449s][info][gc,heap        ] GC(1180) Old regions: 61->61
[778.449s][info][gc,heap        ] GC(1180) Humongous regions: 2->2
[778.449s][info][gc,metaspace   ] GC(1180) Metaspace: 84791K(85952K)->84791K(85952K) NonClass: 73860K(74496K)->73860K(74496K) Class: 10930K(11456K)->10930K(11456K)
[778.449s][info][gc             ] GC(1180) Pause Young (Mixed) (G1 Evacuation Pause) 154M->61M(167M) 2.335ms
[778.449s][info][gc,cpu         ] GC(1180) User=0.00s Sys=0.00s Real=0.00s
[778.733s][info][gc,start       ] GC(1181) Pause Young (Concurrent Start) (G1 Evacuation Pause)
[778.733s][info][gc,task        ] GC(1181) Using 8 workers of 8 for evacuation
[778.736s][info][gc,phases      ] GC(1181)   Pre Evacuate Collection Set: 0.3ms
[778.736s][info][gc,phases      ] GC(1181)   Merge Heap Roots: 0.1ms
[778.736s][info][gc,phases      ] GC(1181)   Evacuate Collection Set: 1.3ms
[778.736s][info][gc,phases      ] GC(1181)   Post Evacuate Collection Set: 0.5ms
[778.736s][info][gc,phases      ] GC(1181)   Other: 0.2ms
[778.736s][info][gc,heap        ] GC(1181) Eden regions: 93->0(91)
[778.736s][info][gc,heap        ] GC(1181) Survivor regions: 1->2(12)
[778.736s][info][gc,heap        ] GC(1181) Old regions: 61->61
[778.736s][info][gc,heap        ] GC(1181) Humongous regions: 2->2
[778.736s][info][gc,metaspace   ] GC(1181) Metaspace: 84791K(85952K)->84791K(85952K) NonClass: 73860K(74496K)->73860K(74496K) Class: 10930K(11456K)->10930K(11456K)
[778.736s][info][gc             ] GC(1181) Pause Young (Concurrent Start) (G1 Evacuation Pause) 154M->61M(167M) 2.812ms
[778.736s][info][gc,cpu         ] GC(1181) User=0.00s Sys=0.00s Real=0.00s
[778.736s][info][gc             ] GC(1182) Concurrent Mark Cycle
[778.736s][info][gc,marking     ] GC(1182) Concurrent Scan Root Regions
[778.738s][info][gc,marking     ] GC(1182) Concurrent Scan Root Regions 2.186ms
[778.738s][info][gc,marking     ] GC(1182) Concurrent Mark
[778.738s][info][gc,marking     ] GC(1182) Concurrent Mark From Roots
[778.738s][info][gc,task        ] GC(1182) Using 2 workers of 2 for marking
[778.855s][info][gc,marking     ] GC(1182) Concurrent Mark From Roots 116.695ms
[778.855s][info][gc,marking     ] GC(1182) Concurrent Preclean
[778.855s][info][gc,marking     ] GC(1182) Concurrent Preclean 0.377ms
[778.856s][info][gc,start       ] GC(1182) Pause Remark
[778.861s][info][gc             ] GC(1182) Pause Remark 88M->88M(167M) 5.482ms
[778.861s][info][gc,cpu         ] GC(1182) User=0.11s Sys=0.00s Real=0.00s
[778.861s][info][gc,marking     ] GC(1182) Concurrent Mark 122.986ms
[778.861s][info][gc,marking     ] GC(1182) Concurrent Rebuild Remembered Sets and Scrub Regions
[778.898s][info][gc,marking     ] GC(1182) Concurrent Rebuild Remembered Sets and Scrub Regions 36.827ms
[778.898s][info][gc,start       ] GC(1182) Pause Cleanup
[778.898s][info][gc             ] GC(1182) Pause Cleanup 97M->97M(167M) 0.174ms
[778.899s][info][gc,cpu         ] GC(1182) User=0.00s Sys=0.00s Real=0.00s
[778.899s][info][gc,marking     ] GC(1182) Concurrent Clear Claimed Marks
[778.899s][info][gc,marking     ] GC(1182) Concurrent Clear Claimed Marks 0.116ms
[778.899s][info][gc,marking     ] GC(1182) Concurrent Cleanup for Next Mark
[778.899s][info][gc,marking     ] GC(1182) Concurrent Cleanup for Next Mark 0.323ms
[778.899s][info][gc             ] GC(1182) Concurrent Mark Cycle 163.272ms
[779.094s][info][gc,start       ] GC(1183) Pause Young (Prepare Mixed) (G1 Evacuation Pause)
[779.094s][info][gc,task        ] GC(1183) Using 8 workers of 8 for evacuation
[779.097s][info][gc,phases      ] GC(1183)   Pre Evacuate Collection Set: 0.2ms
[779.098s][info][gc,phases      ] GC(1183)   Merge Heap Roots: 0.1ms
[779.098s][info][gc,phases      ] GC(1183)   Evacuate Collection Set: 2.1ms
[779.098s][info][gc,phases      ] GC(1183)   Post Evacuate Collection Set: 0.5ms
[779.098s][info][gc,phases      ] GC(1183)   Other: 0.1ms
[779.098s][info][gc,heap        ] GC(1183) Eden regions: 91->0(91)
[779.098s][info][gc,heap        ] GC(1183) Survivor regions: 2->2(12)
[779.098s][info][gc,heap        ] GC(1183) Old regions: 61->61
[779.098s][info][gc,heap        ] GC(1183) Humongous regions: 2->2
[779.098s][info][gc,metaspace   ] GC(1183) Metaspace: 84791K(85952K)->84791K(85952K) NonClass: 73860K(74496K)->73860K(74496K) Class: 10930K(11456K)->10930K(11456K)
[779.098s][info][gc             ] GC(1183) Pause Young (Prepare Mixed) (G1 Evacuation Pause) 152M->62M(167M) 3.447ms
[779.098s][info][gc,cpu         ] GC(1183) User=0.00s Sys=0.00s Real=0.00s
[779.430s][info][gc,start       ] GC(1184) Pause Young (Mixed) (G1 Evacuation Pause)
[779.431s][info][gc,task        ] GC(1184) Using 8 workers of 8 for evacuation
[779.434s][info][gc,phases      ] GC(1184)   Pre Evacuate Collection Set: 0.1ms
[779.434s][info][gc,phases      ] GC(1184)   Merge Heap Roots: 0.1ms
[779.434s][info][gc,phases      ] GC(1184)   Evacuate Collection Set: 2.3ms
[779.434s][info][gc,phases      ] GC(1184)   Post Evacuate Collection Set: 0.7ms
[779.434s][info][gc,phases      ] GC(1184)   Other: 0.1ms
[779.434s][info][gc,heap        ] GC(1184) Eden regions: 91->0(92)
[779.434s][info][gc,heap        ] GC(1184) Survivor regions: 2->2(12)
[779.434s][info][gc,heap        ] GC(1184) Old regions: 61->60
[779.434s][info][gc,heap        ] GC(1184) Humongous regions: 2->2
[779.434s][info][gc,metaspace   ] GC(1184) Metaspace: 84791K(85952K)->84791K(85952K) NonClass: 73860K(74496K)->73860K(74496K) Class: 10930K(11456K)->10930K(11456K)
[779.434s][info][gc             ] GC(1184) Pause Young (Mixed) (G1 Evacuation Pause) 153M->62M(167M) 3.949ms
[779.434s][info][gc,cpu         ] GC(1184) User=0.03s Sys=0.00s Real=0.00s
[779.794s][info][gc,start       ] GC(1185) Pause Young (Concurrent Start) (G1 Evacuation Pause)
[779.794s][info][gc,task        ] GC(1185) Using 8 workers of 8 for evacuation
[779.797s][info][gc,phases      ] GC(1185)   Pre Evacuate Collection Set: 0.2ms
[779.797s][info][gc,phases      ] GC(1185)   Merge Heap Roots: 0.1ms
[779.797s][info][gc,phases      ] GC(1185)   Evacuate Collection Set: 1.9ms
[779.797s][info][gc,phases      ] GC(1185)   Post Evacuate Collection Set: 0.5ms
[779.797s][info][gc,phases      ] GC(1185)   Other: 0.2ms
[779.797s][info][gc,heap        ] GC(1185) Eden regions: 92->0(92)
[779.797s][info][gc,heap        ] GC(1185) Survivor regions: 2->2(12)
[779.797s][info][gc,heap        ] GC(1185) Old regions: 60->60
[779.798s][info][gc,heap        ] GC(1185) Humongous regions: 2->2
[779.798s][info][gc,metaspace   ] GC(1185) Metaspace: 84791K(85952K)->84791K(85952K) NonClass: 73860K(74496K)->73860K(74496K) Class: 10930K(11456K)->10930K(11456K)
[779.798s][info][gc             ] GC(1185) Pause Young (Concurrent Start) (G1 Evacuation Pause) 154M->62M(167M) 3.227ms
[779.798s][info][gc,cpu         ] GC(1185) User=0.00s Sys=0.00s Real=0.00s
[779.798s][info][gc             ] GC(1186) Concurrent Mark Cycle
[779.798s][info][gc,marking     ] GC(1186) Concurrent Scan Root Regions
[779.800s][info][gc,marking     ] GC(1186) Concurrent Scan Root Regions 1.845ms
[779.800s][info][gc,marking     ] GC(1186) Concurrent Mark
[779.800s][info][gc,marking     ] GC(1186) Concurrent Mark From Roots
[779.800s][info][gc,task        ] GC(1186) Using 2 workers of 2 for marking
[779.918s][info][gc,marking     ] GC(1186) Concurrent Mark From Roots 118.518ms
[779.918s][info][gc,marking     ] GC(1186) Concurrent Preclean
[779.919s][info][gc,marking     ] GC(1186) Concurrent Preclean 0.307ms
[779.919s][info][gc,start       ] GC(1186) Pause Remark
[779.926s][info][gc             ] GC(1186) Pause Remark 90M->90M(167M) 7.497ms
[779.926s][info][gc,cpu         ] GC(1186) User=0.05s Sys=0.02s Real=0.01s
[779.926s][info][gc,marking     ] GC(1186) Concurrent Mark 126.736ms
[779.926s][info][gc,marking     ] GC(1186) Concurrent Rebuild Remembered Sets and Scrub Regions
[779.963s][info][gc,marking     ] GC(1186) Concurrent Rebuild Remembered Sets and Scrub Regions 36.521ms
[779.963s][info][gc,start       ] GC(1186) Pause Cleanup
[779.963s][info][gc             ] GC(1186) Pause Cleanup 98M->98M(167M) 0.171ms
[779.963s][info][gc,cpu         ] GC(1186) User=0.00s Sys=0.00s Real=0.00s
[779.963s][info][gc,marking     ] GC(1186) Concurrent Clear Claimed Marks
[779.964s][info][gc,marking     ] GC(1186) Concurrent Clear Claimed Marks 0.112ms
[779.964s][info][gc,marking     ] GC(1186) Concurrent Cleanup for Next Mark
[779.964s][info][gc,marking     ] GC(1186) Concurrent Cleanup for Next Mark 0.335ms
[779.964s][info][gc             ] GC(1186) Concurrent Mark Cycle 166.356ms
[780.145s][info][gc,start       ] GC(1187) Pause Young (Prepare Mixed) (G1 Evacuation Pause)
[780.146s][info][gc,task        ] GC(1187) Using 8 workers of 8 for evacuation
[780.149s][info][gc,phases      ] GC(1187)   Pre Evacuate Collection Set: 0.1ms
[780.149s][info][gc,phases      ] GC(1187)   Merge Heap Roots: 0.1ms
[780.149s][info][gc,phases      ] GC(1187)   Evacuate Collection Set: 2.3ms
[780.149s][info][gc,phases      ] GC(1187)   Post Evacuate Collection Set: 0.5ms
[780.149s][info][gc,phases      ] GC(1187)   Other: 0.1ms
[780.149s][info][gc,heap        ] GC(1187) Eden regions: 92->0(90)
[780.149s][info][gc,heap        ] GC(1187) Survivor regions: 2->3(12)
[780.149s][info][gc,heap        ] GC(1187) Old regions: 60->60
[780.149s][info][gc,heap        ] GC(1187) Humongous regions: 2->2
[780.149s][info][gc,metaspace   ] GC(1187) Metaspace: 84791K(85952K)->84791K(85952K) NonClass: 73860K(74496K)->73860K(74496K) Class: 10930K(11456K)->10930K(11456K)
[780.149s][info][gc             ] GC(1187) Pause Young (Prepare Mixed) (G1 Evacuation Pause) 154M->63M(167M) 3.738ms
[780.149s][info][gc,cpu         ] GC(1187) User=0.00s Sys=0.00s Real=0.00s
[780.466s][info][gc,start       ] GC(1188) Pause Young (Mixed) (G1 Evacuation Pause)
[780.466s][info][gc,task        ] GC(1188) Using 8 workers of 8 for evacuation
[780.470s][info][gc,phases      ] GC(1188)   Pre Evacuate Collection Set: 0.1ms
[780.470s][info][gc,phases      ] GC(1188)   Merge Heap Roots: 0.2ms
[780.470s][info][gc,phases      ] GC(1188)   Evacuate Collection Set: 3.1ms
[780.470s][info][gc,phases      ] GC(1188)   Post Evacuate Collection Set: 0.5ms
[780.470s][info][gc,phases      ] GC(1188)   Other: 0.1ms
[780.470s][info][gc,heap        ] GC(1188) Eden regions: 90->0(90)
[780.470s][info][gc,heap        ] GC(1188) Survivor regions: 3->3(12)
[780.470s][info][gc,heap        ] GC(1188) Old regions: 60->60
[780.470s][info][gc,heap        ] GC(1188) Humongous regions: 2->2
[780.470s][info][gc,metaspace   ] GC(1188) Metaspace: 84791K(85952K)->84791K(85952K) NonClass: 73860K(74496K)->73860K(74496K) Class: 10930K(11456K)->10930K(11456K)
[780.470s][info][gc             ] GC(1188) Pause Young (Mixed) (G1 Evacuation Pause) 153M->63M(167M) 4.462ms
[780.470s][info][gc,cpu         ] GC(1188) User=0.00s Sys=0.00s Real=0.00s
[780.776s][info][gc,start       ] GC(1189) Pause Young (Concurrent Start) (G1 Evacuation Pause)
[780.776s][info][gc,task        ] GC(1189) Using 8 workers of 8 for evacuation
[780.780s][info][gc,phases      ] GC(1189)   Pre Evacuate Collection Set: 0.2ms
[780.780s][info][gc,phases      ] GC(1189)   Merge Heap Roots: 0.1ms
[780.780s][info][gc,phases      ] GC(1189)   Evacuate Collection Set: 2.9ms
[780.780s][info][gc,phases      ] GC(1189)   Post Evacuate Collection Set: 0.5ms
[780.780s][info][gc,phases      ] GC(1189)   Other: 0.2ms
[780.780s][info][gc,heap        ] GC(1189) Eden regions: 90->0(90)
[780.780s][info][gc,heap        ] GC(1189) Survivor regions: 3->3(12)
[780.780s][info][gc,heap        ] GC(1189) Old regions: 60->60
[780.780s][info][gc,heap        ] GC(1189) Humongous regions: 2->2
[780.780s][info][gc,metaspace   ] GC(1189) Metaspace: 84791K(85952K)->84791K(85952K) NonClass: 73860K(74496K)->73860K(74496K) Class: 10930K(11456K)->10930K(11456K)
[780.780s][info][gc             ] GC(1189) Pause Young (Concurrent Start) (G1 Evacuation Pause) 153M->63M(167M) 4.419ms
[780.781s][info][gc,cpu         ] GC(1189) User=0.11s Sys=0.00s Real=0.01s
[780.781s][info][gc             ] GC(1190) Concurrent Mark Cycle
[780.781s][info][gc,marking     ] GC(1190) Concurrent Scan Root Regions
[780.783s][info][gc,marking     ] GC(1190) Concurrent Scan Root Regions 2.607ms
[780.783s][info][gc,marking     ] GC(1190) Concurrent Mark
[780.783s][info][gc,marking     ] GC(1190) Concurrent Mark From Roots
[780.783s][info][gc,task        ] GC(1190) Using 2 workers of 2 for marking
[780.906s][info][gc,marking     ] GC(1190) Concurrent Mark From Roots 122.966ms
[780.906s][info][gc,marking     ] GC(1190) Concurrent Preclean
[780.907s][info][gc,marking     ] GC(1190) Concurrent Preclean 0.621ms
[780.907s][info][gc,start       ] GC(1190) Pause Remark
[780.914s][info][gc             ] GC(1190) Pause Remark 90M->90M(167M) 7.181ms
[780.915s][info][gc,cpu         ] GC(1190) User=0.00s Sys=0.00s Real=0.01s
[780.915s][info][gc,marking     ] GC(1190) Concurrent Mark 131.271ms
[780.915s][info][gc,marking     ] GC(1190) Concurrent Rebuild Remembered Sets and Scrub Regions
[780.953s][info][gc,marking     ] GC(1190) Concurrent Rebuild Remembered Sets and Scrub Regions 38.143ms
[780.953s][info][gc,start       ] GC(1190) Pause Cleanup
[780.953s][info][gc             ] GC(1190) Pause Cleanup 100M->100M(167M) 0.230ms
[780.953s][info][gc,cpu         ] GC(1190) User=0.00s Sys=0.00s Real=0.00s
[780.954s][info][gc,marking     ] GC(1190) Concurrent Clear Claimed Marks
[780.954s][info][gc,marking     ] GC(1190) Concurrent Clear Claimed Marks 0.116ms
[780.954s][info][gc,marking     ] GC(1190) Concurrent Cleanup for Next Mark
[780.954s][info][gc,marking     ] GC(1190) Concurrent Cleanup for Next Mark 0.321ms
[780.954s][info][gc             ] GC(1190) Concurrent Mark Cycle 173.571ms
[781.140s][info][gc,start       ] GC(1191) Pause Young (Prepare Mixed) (G1 Evacuation Pause)
[781.140s][info][gc,task        ] GC(1191) Using 8 workers of 8 for evacuation
[781.144s][info][gc,phases      ] GC(1191)   Pre Evacuate Collection Set: 0.3ms
[781.144s][info][gc,phases      ] GC(1191)   Merge Heap Roots: 0.1ms
[781.144s][info][gc,phases      ] GC(1191)   Evacuate Collection Set: 2.9ms
[781.144s][info][gc,phases      ] GC(1191)   Post Evacuate Collection Set: 0.5ms
[781.144s][info][gc,phases      ] GC(1191)   Other: 0.1ms
[781.144s][info][gc,heap        ] GC(1191) Eden regions: 90->0(88)
[781.144s][info][gc,heap        ] GC(1191) Survivor regions: 3->4(12)
[781.144s][info][gc,heap        ] GC(1191) Old regions: 60->60
[781.144s][info][gc,heap        ] GC(1191) Humongous regions: 2->2
[781.144s][info][gc,metaspace   ] GC(1191) Metaspace: 84791K(85952K)->84791K(85952K) NonClass: 73860K(74496K)->73860K(74496K) Class: 10930K(11456K)->10930K(11456K)
[781.145s][info][gc             ] GC(1191) Pause Young (Prepare Mixed) (G1 Evacuation Pause) 153M->64M(167M) 4.324ms
[781.145s][info][gc,cpu         ] GC(1191) User=0.00s Sys=0.00s Real=0.00s
[781.454s][info][gc,start       ] GC(1192) Pause Young (Mixed) (G1 Evacuation Pause)
[781.454s][info][gc,task        ] GC(1192) Using 8 workers of 8 for evacuation
[781.458s][info][gc,phases      ] GC(1192)   Pre Evacuate Collection Set: 0.1ms
[781.458s][info][gc,phases      ] GC(1192)   Merge Heap Roots: 0.1ms
[781.458s][info][gc,phases      ] GC(1192)   Evacuate Collection Set: 3.3ms
[781.458s][info][gc,phases      ] GC(1192)   Post Evacuate Collection Set: 0.5ms
[781.458s][info][gc,phases      ] GC(1192)   Other: 0.1ms
[781.458s][info][gc,heap        ] GC(1192) Eden regions: 88->0(88)
[781.458s][info][gc,heap        ] GC(1192) Survivor regions: 4->4(12)
[781.458s][info][gc,heap        ] GC(1192) Old regions: 60->60
[781.458s][info][gc,heap        ] GC(1192) Humongous regions: 2->2
[781.458s][info][gc,metaspace   ] GC(1192) Metaspace: 84791K(85952K)->84791K(85952K) NonClass: 73860K(74496K)->73860K(74496K) Class: 10930K(11456K)->10930K(11456K)
[781.458s][info][gc             ] GC(1192) Pause Young (Mixed) (G1 Evacuation Pause) 152M->64M(167M) 4.584ms
[781.458s][info][gc,cpu         ] GC(1192) User=0.00s Sys=0.00s Real=0.01s
[781.748s][info][gc,start       ] GC(1193) Pause Young (Concurrent Start) (G1 Evacuation Pause)
[781.749s][info][gc,task        ] GC(1193) Using 8 workers of 8 for evacuation
[781.753s][info][gc,phases      ] GC(1193)   Pre Evacuate Collection Set: 0.2ms
[781.753s][info][gc,phases      ] GC(1193)   Merge Heap Roots: 0.1ms
[781.753s][info][gc,phases      ] GC(1193)   Evacuate Collection Set: 2.9ms
[781.753s][info][gc,phases      ] GC(1193)   Post Evacuate Collection Set: 0.6ms
[781.753s][info][gc,phases      ] GC(1193)   Other: 0.2ms
[781.753s][info][gc,heap        ] GC(1193) Eden regions: 88->0(88)
[781.753s][info][gc,heap        ] GC(1193) Survivor regions: 4->4(12)
[781.753s][info][gc,heap        ] GC(1193) Old regions: 60->60
[781.753s][info][gc,heap        ] GC(1193) Humongous regions: 2->2
[781.753s][info][gc,metaspace   ] GC(1193) Metaspace: 84791K(85952K)->84791K(85952K) NonClass: 73860K(74496K)->73860K(74496K) Class: 10930K(11456K)->10930K(11456K)
[781.753s][info][gc             ] GC(1193) Pause Young (Concurrent Start) (G1 Evacuation Pause) 152M->64M(167M) 4.454ms
[781.753s][info][gc,cpu         ] GC(1193) User=0.00s Sys=0.00s Real=0.00s
[781.753s][info][gc             ] GC(1194) Concurrent Mark Cycle
[781.753s][info][gc,marking     ] GC(1194) Concurrent Scan Root Regions
[781.756s][info][gc,marking     ] GC(1194) Concurrent Scan Root Regions 2.623ms
[781.756s][info][gc,marking     ] GC(1194) Concurrent Mark
[781.756s][info][gc,marking     ] GC(1194) Concurrent Mark From Roots
[781.756s][info][gc,task        ] GC(1194) Using 2 workers of 2 for marking
[781.880s][info][gc,marking     ] GC(1194) Concurrent Mark From Roots 124.247ms
[781.880s][info][gc,marking     ] GC(1194) Concurrent Preclean
[781.881s][info][gc,marking     ] GC(1194) Concurrent Preclean 0.475ms
[781.881s][info][gc,start       ] GC(1194) Pause Remark
[781.887s][info][gc             ] GC(1194) Pause Remark 91M->91M(167M) 6.197ms
[781.887s][info][gc,cpu         ] GC(1194) User=0.00s Sys=0.00s Real=0.01s
[781.887s][info][gc,marking     ] GC(1194) Concurrent Mark 131.401ms
[781.887s][info][gc,marking     ] GC(1194) Concurrent Rebuild Remembered Sets and Scrub Regions
[781.920s][info][gc,marking     ] GC(1194) Concurrent Rebuild Remembered Sets and Scrub Regions 32.950ms
[781.920s][info][gc,start       ] GC(1194) Pause Cleanup
[781.921s][info][gc             ] GC(1194) Pause Cleanup 100M->100M(167M) 0.175ms
[781.921s][info][gc,cpu         ] GC(1194) User=0.00s Sys=0.00s Real=0.00s
[781.921s][info][gc,marking     ] GC(1194) Concurrent Clear Claimed Marks
[781.921s][info][gc,marking     ] GC(1194) Concurrent Clear Claimed Marks 0.119ms
[781.921s][info][gc,marking     ] GC(1194) Concurrent Cleanup for Next Mark
[781.921s][info][gc,marking     ] GC(1194) Concurrent Cleanup for Next Mark 0.317ms
[781.921s][info][gc             ] GC(1194) Concurrent Mark Cycle 168.405ms
[782.108s][info][gc,start       ] GC(1195) Pause Young (Prepare Mixed) (G1 Evacuation Pause)
[782.108s][info][gc,task        ] GC(1195) Using 8 workers of 8 for evacuation
[782.112s][info][gc,phases      ] GC(1195)   Pre Evacuate Collection Set: 0.2ms
[782.112s][info][gc,phases      ] GC(1195)   Merge Heap Roots: 0.1ms
[782.112s][info][gc,phases      ] GC(1195)   Evacuate Collection Set: 3.1ms
[782.112s][info][gc,phases      ] GC(1195)   Post Evacuate Collection Set: 0.5ms
[782.112s][info][gc,phases      ] GC(1195)   Other: 0.1ms
[782.112s][info][gc,heap        ] GC(1195) Eden regions: 88->0(86)
[782.112s][info][gc,heap        ] GC(1195) Survivor regions: 4->5(12)
[782.112s][info][gc,heap        ] GC(1195) Old regions: 60->60
[782.112s][info][gc,heap        ] GC(1195) Humongous regions: 2->2
[782.112s][info][gc,metaspace   ] GC(1195) Metaspace: 84791K(85952K)->84791K(85952K) NonClass: 73860K(74496K)->73860K(74496K) Class: 10930K(11456K)->10930K(11456K)
[782.112s][info][gc             ] GC(1195) Pause Young (Prepare Mixed) (G1 Evacuation Pause) 152M->64M(167M) 4.493ms
[782.112s][info][gc,cpu         ] GC(1195) User=0.00s Sys=0.00s Real=0.01s
[782.396s][info][gc,start       ] GC(1196) Pause Young (Mixed) (G1 Evacuation Pause)
[782.396s][info][gc,task        ] GC(1196) Using 8 workers of 8 for evacuation
[782.400s][info][gc,phases      ] GC(1196)   Pre Evacuate Collection Set: 0.2ms
[782.401s][info][gc,phases      ] GC(1196)   Merge Heap Roots: 0.1ms
[782.401s][info][gc,phases      ] GC(1196)   Evacuate Collection Set: 3.7ms
[782.401s][info][gc,phases      ] GC(1196)   Post Evacuate Collection Set: 0.4ms
[782.401s][info][gc,phases      ] GC(1196)   Other: 0.1ms
[782.401s][info][gc,heap        ] GC(1196) Eden regions: 86->0(87)
[782.401s][info][gc,heap        ] GC(1196) Survivor regions: 5->5(12)
[782.401s][info][gc,heap        ] GC(1196) Old regions: 60->59
[782.401s][info][gc,heap        ] GC(1196) Humongous regions: 2->2
[782.401s][info][gc,metaspace   ] GC(1196) Metaspace: 84791K(85952K)->84791K(85952K) NonClass: 73860K(74496K)->73860K(74496K) Class: 10930K(11456K)->10930K(11456K)
[782.401s][info][gc             ] GC(1196) Pause Young (Mixed) (G1 Evacuation Pause) 150M->65M(167M) 5.024ms
[782.401s][info][gc,cpu         ] GC(1196) User=0.00s Sys=0.00s Real=0.00s
[782.706s][info][gc,start       ] GC(1197) Pause Young (Concurrent Start) (G1 Evacuation Pause)
[782.706s][info][gc,task        ] GC(1197) Using 8 workers of 8 for evacuation
[782.711s][info][gc,phases      ] GC(1197)   Pre Evacuate Collection Set: 0.4ms
[782.711s][info][gc,phases      ] GC(1197)   Merge Heap Roots: 0.1ms
[782.711s][info][gc,phases      ] GC(1197)   Evacuate Collection Set: 3.9ms
[782.711s][info][gc,phases      ] GC(1197)   Post Evacuate Collection Set: 0.5ms
[782.711s][info][gc,phases      ] GC(1197)   Other: 0.2ms
[782.711s][info][gc,heap        ] GC(1197) Eden regions: 87->0(86)
[782.711s][info][gc,heap        ] GC(1197) Survivor regions: 5->5(12)
[782.711s][info][gc,heap        ] GC(1197) Old regions: 59->60
[782.711s][info][gc,heap        ] GC(1197) Humongous regions: 2->2
[782.711s][info][gc,metaspace   ] GC(1197) Metaspace: 84791K(85952K)->84791K(85952K) NonClass: 73860K(74496K)->73860K(74496K) Class: 10930K(11456K)->10930K(11456K)
[782.711s][info][gc             ] GC(1197) Pause Young (Concurrent Start) (G1 Evacuation Pause) 152M->65M(167M) 5.706ms
[782.711s][info][gc,cpu         ] GC(1197) User=0.00s Sys=0.00s Real=0.01s
[782.711s][info][gc             ] GC(1198) Concurrent Mark Cycle
[782.711s][info][gc,marking     ] GC(1198) Concurrent Scan Root Regions
[782.714s][info][gc,marking     ] GC(1198) Concurrent Scan Root Regions 2.678ms
[782.714s][info][gc,marking     ] GC(1198) Concurrent Mark
[782.714s][info][gc,marking     ] GC(1198) Concurrent Mark From Roots
[782.714s][info][gc,task        ] GC(1198) Using 2 workers of 2 for marking
[782.823s][info][gc,marking     ] GC(1198) Concurrent Mark From Roots 108.876ms
[782.823s][info][gc,marking     ] GC(1198) Concurrent Preclean
[782.824s][info][gc,marking     ] GC(1198) Concurrent Preclean 0.339ms
[782.824s][info][gc,start       ] GC(1198) Pause Remark
[782.830s][info][gc             ] GC(1198) Pause Remark 92M->92M(167M) 6.199ms
[782.830s][info][gc,cpu         ] GC(1198) User=0.12s Sys=0.00s Real=0.01s
[782.830s][info][gc,marking     ] GC(1198) Concurrent Mark 115.980ms
[782.830s][info][gc,marking     ] GC(1198) Concurrent Rebuild Remembered Sets and Scrub Regions
[782.869s][info][gc,marking     ] GC(1198) Concurrent Rebuild Remembered Sets and Scrub Regions 38.834ms
[782.869s][info][gc,start       ] GC(1198) Pause Cleanup
[782.869s][info][gc             ] GC(1198) Pause Cleanup 103M->103M(167M) 0.161ms
[782.869s][info][gc,cpu         ] GC(1198) User=0.00s Sys=0.00s Real=0.00s
[782.869s][info][gc,marking     ] GC(1198) Concurrent Clear Claimed Marks
[782.870s][info][gc,marking     ] GC(1198) Concurrent Clear Claimed Marks 0.133ms
[782.870s][info][gc,marking     ] GC(1198) Concurrent Cleanup for Next Mark
[782.870s][info][gc,marking     ] GC(1198) Concurrent Cleanup for Next Mark 0.307ms
[782.870s][info][gc             ] GC(1198) Concurrent Mark Cycle 158.757ms
[783.035s][info][gc,start       ] GC(1199) Pause Young (Normal) (G1 Evacuation Pause)
[783.036s][info][gc,task        ] GC(1199) Using 8 workers of 8 for evacuation
[783.040s][info][gc,phases      ] GC(1199)   Pre Evacuate Collection Set: 0.2ms
[783.040s][info][gc,phases      ] GC(1199)   Merge Heap Roots: 0.1ms
[783.040s][info][gc,phases      ] GC(1199)   Evacuate Collection Set: 3.7ms
[783.040s][info][gc,phases      ] GC(1199)   Post Evacuate Collection Set: 0.6ms
[783.040s][info][gc,phases      ] GC(1199)   Other: 0.1ms
[783.041s][info][gc,heap        ] GC(1199) Eden regions: 86->0(86)
[783.041s][info][gc,heap        ] GC(1199) Survivor regions: 5->5(12)
[783.041s][info][gc,heap        ] GC(1199) Old regions: 60->60
[783.041s][info][gc,heap        ] GC(1199) Humongous regions: 2->2
[783.041s][info][gc,metaspace   ] GC(1199) Metaspace: 84791K(85952K)->84791K(85952K) NonClass: 73860K(74496K)->73860K(74496K) Class: 10930K(11456K)->10930K(11456K)
[783.041s][info][gc             ] GC(1199) Pause Young (Normal) (G1 Evacuation Pause) 151M->65M(167M) 5.341ms
[783.041s][info][gc,cpu         ] GC(1199) User=0.00s Sys=0.00s Real=0.01s
[783.325s][info][gc,start       ] GC(1200) Pause Young (Concurrent Start) (G1 Evacuation Pause)
[783.325s][info][gc,task        ] GC(1200) Using 8 workers of 8 for evacuation
[783.329s][info][gc,phases      ] GC(1200)   Pre Evacuate Collection Set: 0.2ms
[783.329s][info][gc,phases      ] GC(1200)   Merge Heap Roots: 0.1ms
[783.329s][info][gc,phases      ] GC(1200)   Evacuate Collection Set: 3.2ms
[783.329s][info][gc,phases      ] GC(1200)   Post Evacuate Collection Set: 0.4ms
[783.329s][info][gc,phases      ] GC(1200)   Other: 0.2ms
[783.329s][info][gc,heap        ] GC(1200) Eden regions: 86->0(86)
[783.329s][info][gc,heap        ] GC(1200) Survivor regions: 5->5(12)
[783.329s][info][gc,heap        ] GC(1200) Old regions: 60->60
[783.329s][info][gc,heap        ] GC(1200) Humongous regions: 2->2
[783.329s][info][gc,metaspace   ] GC(1200) Metaspace: 84791K(85952K)->84791K(85952K) NonClass: 73860K(74496K)->73860K(74496K) Class: 10930K(11456K)->10930K(11456K)
[783.329s][info][gc             ] GC(1200) Pause Young (Concurrent Start) (G1 Evacuation Pause) 151M->65M(167M) 4.508ms
[783.329s][info][gc,cpu         ] GC(1200) User=0.12s Sys=0.00s Real=0.00s
[783.329s][info][gc             ] GC(1201) Concurrent Mark Cycle
[783.329s][info][gc,marking     ] GC(1201) Concurrent Scan Root Regions
[783.332s][info][gc,marking     ] GC(1201) Concurrent Scan Root Regions 3.008ms
[783.332s][info][gc,marking     ] GC(1201) Concurrent Mark
[783.332s][info][gc,marking     ] GC(1201) Concurrent Mark From Roots
[783.333s][info][gc,task        ] GC(1201) Using 2 workers of 2 for marking
[783.456s][info][gc,marking     ] GC(1201) Concurrent Mark From Roots 123.387ms
[783.456s][info][gc,marking     ] GC(1201) Concurrent Preclean
[783.456s][info][gc,marking     ] GC(1201) Concurrent Preclean 0.473ms
[783.457s][info][gc,start       ] GC(1201) Pause Remark
[783.463s][info][gc             ] GC(1201) Pause Remark 93M->93M(167M) 6.096ms
[783.463s][info][gc,cpu         ] GC(1201) User=0.00s Sys=0.00s Real=0.01s
[783.463s][info][gc,marking     ] GC(1201) Concurrent Mark 130.612ms
[783.463s][info][gc,marking     ] GC(1201) Concurrent Rebuild Remembered Sets and Scrub Regions
[783.510s][info][gc,marking     ] GC(1201) Concurrent Rebuild Remembered Sets and Scrub Regions 46.698ms
[783.510s][info][gc,start       ] GC(1201) Pause Cleanup
[783.510s][info][gc             ] GC(1201) Pause Cleanup 102M->102M(167M) 0.183ms
[783.510s][info][gc,cpu         ] GC(1201) User=0.00s Sys=0.00s Real=0.00s
[783.510s][info][gc,marking     ] GC(1201) Concurrent Clear Claimed Marks
[783.510s][info][gc,marking     ] GC(1201) Concurrent Clear Claimed Marks 0.116ms
[783.510s][info][gc,marking     ] GC(1201) Concurrent Cleanup for Next Mark
[783.511s][info][gc,marking     ] GC(1201) Concurrent Cleanup for Next Mark 0.307ms
[783.511s][info][gc             ] GC(1201) Concurrent Mark Cycle 181.599ms
[783.665s][info][gc,start       ] GC(1202) Pause Young (Normal) (G1 Evacuation Pause)
[783.665s][info][gc,task        ] GC(1202) Using 8 workers of 8 for evacuation
[783.669s][info][gc,phases      ] GC(1202)   Pre Evacuate Collection Set: 0.2ms
[783.669s][info][gc,phases      ] GC(1202)   Merge Heap Roots: 0.1ms
[783.669s][info][gc,phases      ] GC(1202)   Evacuate Collection Set: 3.3ms
[783.669s][info][gc,phases      ] GC(1202)   Post Evacuate Collection Set: 0.7ms
[783.669s][info][gc,phases      ] GC(1202)   Other: 0.1ms
[783.670s][info][gc,heap        ] GC(1202) Eden regions: 86->0(85)
[783.670s][info][gc,heap        ] GC(1202) Survivor regions: 5->5(12)
[783.670s][info][gc,heap        ] GC(1202) Old regions: 60->61
[783.670s][info][gc,heap        ] GC(1202) Humongous regions: 2->2
[783.670s][info][gc,metaspace   ] GC(1202) Metaspace: 84791K(85952K)->84791K(85952K) NonClass: 73860K(74496K)->73860K(74496K) Class: 10930K(11456K)->10930K(11456K)
[783.670s][info][gc             ] GC(1202) Pause Young (Normal) (G1 Evacuation Pause) 151M->66M(167M) 5.216ms
[783.670s][info][gc,cpu         ] GC(1202) User=0.02s Sys=0.00s Real=0.00s
[783.966s][info][gc,start       ] GC(1203) Pause Young (Concurrent Start) (G1 Evacuation Pause)
[783.966s][info][gc,task        ] GC(1203) Using 8 workers of 8 for evacuation
[783.972s][info][gc,phases      ] GC(1203)   Pre Evacuate Collection Set: 0.2ms
[783.972s][info][gc,phases      ] GC(1203)   Merge Heap Roots: 0.1ms
[783.972s][info][gc,phases      ] GC(1203)   Evacuate Collection Set: 4.7ms
[783.972s][info][gc,phases      ] GC(1203)   Post Evacuate Collection Set: 0.7ms
[783.972s][info][gc,phases      ] GC(1203)   Other: 0.2ms
[783.972s][info][gc,heap        ] GC(1203) Eden regions: 85->0(85)
[783.972s][info][gc,heap        ] GC(1203) Survivor regions: 5->5(12)
[783.973s][info][gc,heap        ] GC(1203) Old regions: 61->61
[783.973s][info][gc,heap        ] GC(1203) Humongous regions: 2->2
[783.973s][info][gc,metaspace   ] GC(1203) Metaspace: 84791K(85952K)->84791K(85952K) NonClass: 73860K(74496K)->73860K(74496K) Class: 10930K(11456K)->10930K(11456K)
[783.973s][info][gc             ] GC(1203) Pause Young (Concurrent Start) (G1 Evacuation Pause) 151M->66M(167M) 6.607ms
[783.973s][info][gc,cpu         ] GC(1203) User=0.00s Sys=0.00s Real=0.01s
[783.973s][info][gc             ] GC(1204) Concurrent Mark Cycle
[783.973s][info][gc,marking     ] GC(1204) Concurrent Scan Root Regions
[783.978s][info][gc,marking     ] GC(1204) Concurrent Scan Root Regions 4.621ms
[783.978s][info][gc,marking     ] GC(1204) Concurrent Mark
[783.978s][info][gc,marking     ] GC(1204) Concurrent Mark From Roots
[783.978s][info][gc,task        ] GC(1204) Using 2 workers of 2 for marking
[784.102s][info][gc,marking     ] GC(1204) Concurrent Mark From Roots 124.095ms
[784.102s][info][gc,marking     ] GC(1204) Concurrent Preclean
[784.103s][info][gc,marking     ] GC(1204) Concurrent Preclean 0.564ms
[784.103s][info][gc,start       ] GC(1204) Pause Remark
[784.110s][info][gc             ] GC(1204) Pause Remark 91M->91M(167M) 7.367ms
[784.110s][info][gc,cpu         ] GC(1204) User=0.09s Sys=0.00s Real=0.01s
[784.110s][info][gc,marking     ] GC(1204) Concurrent Mark 132.507ms
[784.110s][info][gc,marking     ] GC(1204) Concurrent Rebuild Remembered Sets and Scrub Regions
[784.151s][info][gc,marking     ] GC(1204) Concurrent Rebuild Remembered Sets and Scrub Regions 40.609ms
[784.151s][info][gc,start       ] GC(1204) Pause Cleanup
[784.151s][info][gc             ] GC(1204) Pause Cleanup 101M->101M(167M) 0.204ms
[784.151s][info][gc,cpu         ] GC(1204) User=0.00s Sys=0.00s Real=0.00s
[784.151s][info][gc,marking     ] GC(1204) Concurrent Clear Claimed Marks
[784.152s][info][gc,marking     ] GC(1204) Concurrent Clear Claimed Marks 0.104ms
[784.152s][info][gc,marking     ] GC(1204) Concurrent Cleanup for Next Mark
[784.152s][info][gc,marking     ] GC(1204) Concurrent Cleanup for Next Mark 0.331ms
[784.152s][info][gc             ] GC(1204) Concurrent Mark Cycle 179.072ms
[784.327s][info][gc,start       ] GC(1205) Pause Young (Normal) (G1 Evacuation Pause)
[784.327s][info][gc,task        ] GC(1205) Using 8 workers of 8 for evacuation
[784.331s][info][gc,phases      ] GC(1205)   Pre Evacuate Collection Set: 0.1ms
[784.332s][info][gc,phases      ] GC(1205)   Merge Heap Roots: 0.1ms
[784.332s][info][gc,phases      ] GC(1205)   Evacuate Collection Set: 3.8ms
[784.332s][info][gc,phases      ] GC(1205)   Post Evacuate Collection Set: 0.5ms
[784.332s][info][gc,phases      ] GC(1205)   Other: 0.1ms
[784.332s][info][gc,heap        ] GC(1205) Eden regions: 85->0(85)
[784.332s][info][gc,heap        ] GC(1205) Survivor regions: 5->5(12)
[784.332s][info][gc,heap        ] GC(1205) Old regions: 61->61
[784.332s][info][gc,heap        ] GC(1205) Humongous regions: 2->2
[784.332s][info][gc,metaspace   ] GC(1205) Metaspace: 84791K(85952K)->84791K(85952K) NonClass: 73860K(74496K)->73860K(74496K) Class: 10930K(11456K)->10930K(11456K)
[784.332s][info][gc             ] GC(1205) Pause Young (Normal) (G1 Evacuation Pause) 151M->66M(167M) 5.082ms
[784.332s][info][gc,cpu         ] GC(1205) User=0.00s Sys=0.00s Real=0.00s
[784.637s][info][gc,start       ] GC(1206) Pause Young (Concurrent Start) (G1 Evacuation Pause)
[784.637s][info][gc,task        ] GC(1206) Using 8 workers of 8 for evacuation
[784.643s][info][gc,phases      ] GC(1206)   Pre Evacuate Collection Set: 0.2ms
[784.643s][info][gc,phases      ] GC(1206)   Merge Heap Roots: 0.1ms
[784.643s][info][gc,phases      ] GC(1206)   Evacuate Collection Set: 4.3ms
[784.643s][info][gc,phases      ] GC(1206)   Post Evacuate Collection Set: 0.6ms
[784.643s][info][gc,phases      ] GC(1206)   Other: 0.2ms
[784.643s][info][gc,heap        ] GC(1206) Eden regions: 85->0(84)
[784.643s][info][gc,heap        ] GC(1206) Survivor regions: 5->5(12)
[784.643s][info][gc,heap        ] GC(1206) Old regions: 61->62
[784.643s][info][gc,heap        ] GC(1206) Humongous regions: 2->2
[784.643s][info][gc,metaspace   ] GC(1206) Metaspace: 84791K(85952K)->84791K(85952K) NonClass: 73860K(74496K)->73860K(74496K) Class: 10930K(11456K)->10930K(11456K)
[784.643s][info][gc             ] GC(1206) Pause Young (Concurrent Start) (G1 Evacuation Pause) 151M->67M(167M) 5.798ms
[784.643s][info][gc,cpu         ] GC(1206) User=0.11s Sys=0.00s Real=0.01s
[784.643s][info][gc             ] GC(1207) Concurrent Mark Cycle
[784.643s][info][gc,marking     ] GC(1207) Concurrent Scan Root Regions
[784.646s][info][gc,marking     ] GC(1207) Concurrent Scan Root Regions 2.959ms
[784.646s][info][gc,marking     ] GC(1207) Concurrent Mark
[784.646s][info][gc,marking     ] GC(1207) Concurrent Mark From Roots
[784.646s][info][gc,task        ] GC(1207) Using 2 workers of 2 for marking
[784.779s][info][gc,marking     ] GC(1207) Concurrent Mark From Roots 133.090ms
[784.779s][info][gc,marking     ] GC(1207) Concurrent Preclean
[784.780s][info][gc,marking     ] GC(1207) Concurrent Preclean 0.439ms
[784.780s][info][gc,start       ] GC(1207) Pause Remark
[784.786s][info][gc             ] GC(1207) Pause Remark 101M->101M(172M) 5.987ms
[784.786s][info][gc,cpu         ] GC(1207) User=0.00s Sys=0.00s Real=0.01s
[784.786s][info][gc,marking     ] GC(1207) Concurrent Mark 140.116ms
[784.786s][info][gc,marking     ] GC(1207) Concurrent Rebuild Remembered Sets and Scrub Regions
[784.829s][info][gc,marking     ] GC(1207) Concurrent Rebuild Remembered Sets and Scrub Regions 42.348ms
[784.829s][info][gc,start       ] GC(1207) Pause Cleanup
[784.829s][info][gc             ] GC(1207) Pause Cleanup 107M->107M(172M) 0.191ms
[784.829s][info][gc,cpu         ] GC(1207) User=0.00s Sys=0.00s Real=0.00s
[784.829s][info][gc,marking     ] GC(1207) Concurrent Clear Claimed Marks
[784.829s][info][gc,marking     ] GC(1207) Concurrent Clear Claimed Marks 0.113ms
[784.829s][info][gc,marking     ] GC(1207) Concurrent Cleanup for Next Mark
[784.830s][info][gc,marking     ] GC(1207) Concurrent Cleanup for Next Mark 0.418ms
[784.830s][info][gc             ] GC(1207) Concurrent Mark Cycle 186.844ms
[784.967s][info][gc,start       ] GC(1208) Pause Young (Concurrent Start) (G1 Humongous Allocation)
[784.967s][info][gc,task        ] GC(1208) Using 8 workers of 8 for evacuation
[784.973s][info][gc,phases      ] GC(1208)   Pre Evacuate Collection Set: 0.2ms
[784.973s][info][gc,phases      ] GC(1208)   Merge Heap Roots: 0.1ms
[784.973s][info][gc,phases      ] GC(1208)   Evacuate Collection Set: 4.7ms
[784.973s][info][gc,phases      ] GC(1208)   Post Evacuate Collection Set: 0.6ms
[784.973s][info][gc,phases      ] GC(1208)   Other: 0.2ms
[784.973s][info][gc,heap        ] GC(1208) Eden regions: 83->0(88)
[784.973s][info][gc,heap        ] GC(1208) Survivor regions: 5->5(11)
[784.973s][info][gc,heap        ] GC(1208) Old regions: 62->62
[784.973s][info][gc,heap        ] GC(1208) Humongous regions: 2->2
[784.973s][info][gc,metaspace   ] GC(1208) Metaspace: 84791K(85952K)->84791K(85952K) NonClass: 73860K(74496K)->73860K(74496K) Class: 10930K(11456K)->10930K(11456K)
[784.973s][info][gc             ] GC(1208) Pause Young (Concurrent Start) (G1 Humongous Allocation) 150M->67M(172M) 6.599ms
[784.974s][info][gc             ] GC(1209) Concurrent Mark Cycle
[784.974s][info][gc,cpu         ] GC(1208) User=0.00s Sys=0.00s Real=0.01s
[784.974s][info][gc,marking     ] GC(1209) Concurrent Scan Root Regions
[784.977s][info][gc,marking     ] GC(1209) Concurrent Scan Root Regions 3.838ms
[784.978s][info][gc,marking     ] GC(1209) Concurrent Mark
[784.978s][info][gc,marking     ] GC(1209) Concurrent Mark From Roots
[784.978s][info][gc,task        ] GC(1209) Using 2 workers of 2 for marking
[785.112s][info][gc,marking     ] GC(1209) Concurrent Mark From Roots 134.720ms
[785.112s][info][gc,marking     ] GC(1209) Concurrent Preclean
[785.113s][info][gc,marking     ] GC(1209) Concurrent Preclean 0.328ms
[785.113s][info][gc,start       ] GC(1209) Pause Remark
[785.119s][info][gc             ] GC(1209) Pause Remark 90M->90M(172M) 6.491ms
[785.120s][info][gc,cpu         ] GC(1209) User=0.00s Sys=0.00s Real=0.01s
[785.120s][info][gc,marking     ] GC(1209) Concurrent Mark 142.066ms
[785.120s][info][gc,marking     ] GC(1209) Concurrent Rebuild Remembered Sets and Scrub Regions
[785.162s][info][gc,marking     ] GC(1209) Concurrent Rebuild Remembered Sets and Scrub Regions 42.604ms
[785.162s][info][gc,start       ] GC(1209) Pause Cleanup
[785.163s][info][gc             ] GC(1209) Pause Cleanup 99M->99M(172M) 0.172ms
[785.163s][info][gc,cpu         ] GC(1209) User=0.00s Sys=0.00s Real=0.00s
[785.163s][info][gc,marking     ] GC(1209) Concurrent Clear Claimed Marks
[785.163s][info][gc,marking     ] GC(1209) Concurrent Clear Claimed Marks 0.119ms
[785.163s][info][gc,marking     ] GC(1209) Concurrent Cleanup for Next Mark
[785.163s][info][gc,marking     ] GC(1209) Concurrent Cleanup for Next Mark 0.344ms
[785.163s][info][gc             ] GC(1209) Concurrent Mark Cycle 189.857ms
[785.366s][info][gc,start       ] GC(1210) Pause Young (Normal) (G1 Evacuation Pause)
[785.366s][info][gc,task        ] GC(1210) Using 8 workers of 8 for evacuation
[785.372s][info][gc,phases      ] GC(1210)   Pre Evacuate Collection Set: 0.2ms
[785.372s][info][gc,phases      ] GC(1210)   Merge Heap Roots: 0.1ms
[785.372s][info][gc,phases      ] GC(1210)   Evacuate Collection Set: 5.0ms
[785.372s][info][gc,phases      ] GC(1210)   Post Evacuate Collection Set: 0.5ms
[785.372s][info][gc,phases      ] GC(1210)   Other: 0.1ms
[785.372s][info][gc,heap        ] GC(1210) Eden regions: 88->0(87)
[785.372s][info][gc,heap        ] GC(1210) Survivor regions: 5->5(12)
[785.372s][info][gc,heap        ] GC(1210) Old regions: 62->62
[785.372s][info][gc,heap        ] GC(1210) Humongous regions: 3->3
[785.372s][info][gc,metaspace   ] GC(1210) Metaspace: 84791K(85952K)->84791K(85952K) NonClass: 73860K(74496K)->73860K(74496K) Class: 10930K(11456K)->10930K(11456K)
[785.372s][info][gc             ] GC(1210) Pause Young (Normal) (G1 Evacuation Pause) 156M->68M(172M) 6.362ms
[785.372s][info][gc,cpu         ] GC(1210) User=0.03s Sys=0.00s Real=0.01s
[785.672s][info][gc,start       ] GC(1211) Pause Young (Concurrent Start) (G1 Evacuation Pause)
[785.672s][info][gc,task        ] GC(1211) Using 8 workers of 8 for evacuation
[785.676s][info][gc,phases      ] GC(1211)   Pre Evacuate Collection Set: 0.2ms
[785.677s][info][gc,phases      ] GC(1211)   Merge Heap Roots: 0.1ms
[785.677s][info][gc,phases      ] GC(1211)   Evacuate Collection Set: 3.6ms
[785.677s][info][gc,phases      ] GC(1211)   Post Evacuate Collection Set: 0.7ms
[785.677s][info][gc,phases      ] GC(1211)   Other: 0.2ms
[785.677s][info][gc,heap        ] GC(1211) Eden regions: 87->0(87)
[785.677s][info][gc,heap        ] GC(1211) Survivor regions: 5->5(12)
[785.677s][info][gc,heap        ] GC(1211) Old regions: 62->62
[785.677s][info][gc,heap        ] GC(1211) Humongous regions: 3->3
[785.677s][info][gc,metaspace   ] GC(1211) Metaspace: 84791K(85952K)->84791K(85952K) NonClass: 73860K(74496K)->73860K(74496K) Class: 10930K(11456K)->10930K(11456K)
[785.677s][info][gc             ] GC(1211) Pause Young (Concurrent Start) (G1 Evacuation Pause) 155M->68M(172M) 5.404ms
[785.677s][info][gc             ] GC(1212) Concurrent Mark Cycle
[785.677s][info][gc,cpu         ] GC(1211) User=0.00s Sys=0.00s Real=0.00s
[785.677s][info][gc,marking     ] GC(1212) Concurrent Scan Root Regions
[785.681s][info][gc,marking     ] GC(1212) Concurrent Scan Root Regions 4.212ms
[785.682s][info][gc,marking     ] GC(1212) Concurrent Mark
[785.682s][info][gc,marking     ] GC(1212) Concurrent Mark From Roots
[785.682s][info][gc,task        ] GC(1212) Using 2 workers of 2 for marking
[785.818s][info][gc,marking     ] GC(1212) Concurrent Mark From Roots 136.462ms
[785.818s][info][gc,marking     ] GC(1212) Concurrent Preclean
[785.818s][info][gc,marking     ] GC(1212) Concurrent Preclean 0.302ms
[785.819s][info][gc,start       ] GC(1212) Pause Remark
[785.826s][info][gc             ] GC(1212) Pause Remark 95M->95M(172M) 6.980ms
[785.826s][info][gc,cpu         ] GC(1212) User=0.02s Sys=0.00s Real=0.01s
[785.826s][info][gc,marking     ] GC(1212) Concurrent Mark 144.173ms
[785.826s][info][gc,marking     ] GC(1212) Concurrent Rebuild Remembered Sets and Scrub Regions
[785.866s][info][gc,marking     ] GC(1212) Concurrent Rebuild Remembered Sets and Scrub Regions 40.523ms
[785.867s][info][gc,start       ] GC(1212) Pause Cleanup
[785.867s][info][gc             ] GC(1212) Pause Cleanup 106M->106M(172M) 0.219ms
[785.867s][info][gc,cpu         ] GC(1212) User=0.00s Sys=0.00s Real=0.00s
[785.867s][info][gc,marking     ] GC(1212) Concurrent Clear Claimed Marks
[785.867s][info][gc,marking     ] GC(1212) Concurrent Clear Claimed Marks 0.121ms
[785.867s][info][gc,marking     ] GC(1212) Concurrent Cleanup for Next Mark
[785.867s][info][gc,marking     ] GC(1212) Concurrent Cleanup for Next Mark 0.335ms
[785.867s][info][gc             ] GC(1212) Concurrent Mark Cycle 190.351ms
[786.060s][info][gc,start       ] GC(1213) Pause Young (Prepare Mixed) (G1 Evacuation Pause)
[786.060s][info][gc,task        ] GC(1213) Using 8 workers of 8 for evacuation
[786.065s][info][gc,phases      ] GC(1213)   Pre Evacuate Collection Set: 0.2ms
[786.066s][info][gc,phases      ] GC(1213)   Merge Heap Roots: 0.1ms
[786.066s][info][gc,phases      ] GC(1213)   Evacuate Collection Set: 4.3ms
[786.066s][info][gc,phases      ] GC(1213)   Post Evacuate Collection Set: 0.6ms
[786.066s][info][gc,phases      ] GC(1213)   Other: 0.1ms
[786.066s][info][gc,heap        ] GC(1213) Eden regions: 87->0(86)
[786.066s][info][gc,heap        ] GC(1213) Survivor regions: 5->5(12)
[786.066s][info][gc,heap        ] GC(1213) Old regions: 62->63
[786.066s][info][gc,heap        ] GC(1213) Humongous regions: 3->3
[786.066s][info][gc,metaspace   ] GC(1213) Metaspace: 84791K(85952K)->84791K(85952K) NonClass: 73860K(74496K)->73860K(74496K) Class: 10930K(11456K)->10930K(11456K)
[786.066s][info][gc             ] GC(1213) Pause Young (Prepare Mixed) (G1 Evacuation Pause) 155M->69M(172M) 5.972ms
[786.066s][info][gc,cpu         ] GC(1213) User=0.00s Sys=0.00s Real=0.01s
[786.385s][info][gc,start       ] GC(1214) Pause Young (Mixed) (G1 Evacuation Pause)
[786.385s][info][gc,task        ] GC(1214) Using 8 workers of 8 for evacuation
[786.392s][info][gc,phases      ] GC(1214)   Pre Evacuate Collection Set: 0.2ms
[786.392s][info][gc,phases      ] GC(1214)   Merge Heap Roots: 0.1ms
[786.392s][info][gc,phases      ] GC(1214)   Evacuate Collection Set: 5.8ms
[786.392s][info][gc,phases      ] GC(1214)   Post Evacuate Collection Set: 0.7ms
[786.392s][info][gc,phases      ] GC(1214)   Other: 0.2ms
[786.392s][info][gc,heap        ] GC(1214) Eden regions: 86->0(87)
[786.392s][info][gc,heap        ] GC(1214) Survivor regions: 5->5(12)
[786.393s][info][gc,heap        ] GC(1214) Old regions: 63->62
[786.393s][info][gc,heap        ] GC(1214) Humongous regions: 3->3
[786.393s][info][gc,metaspace   ] GC(1214) Metaspace: 84791K(85952K)->84791K(85952K) NonClass: 73860K(74496K)->73860K(74496K) Class: 10930K(11456K)->10930K(11456K)
[786.393s][info][gc             ] GC(1214) Pause Young (Mixed) (G1 Evacuation Pause) 155M->69M(172M) 8.022ms
[786.393s][info][gc,cpu         ] GC(1214) User=0.08s Sys=0.00s Real=0.01s
[786.681s][info][gc,start       ] GC(1215) Pause Young (Concurrent Start) (G1 Evacuation Pause)
[786.681s][info][gc,task        ] GC(1215) Using 8 workers of 8 for evacuation
[786.685s][info][gc,phases      ] GC(1215)   Pre Evacuate Collection Set: 0.2ms
[786.685s][info][gc,phases      ] GC(1215)   Merge Heap Roots: 0.1ms
[786.685s][info][gc,phases      ] GC(1215)   Evacuate Collection Set: 3.3ms
[786.685s][info][gc,phases      ] GC(1215)   Post Evacuate Collection Set: 0.7ms
[786.685s][info][gc,phases      ] GC(1215)   Other: 0.3ms
[786.686s][info][gc,heap        ] GC(1215) Eden regions: 87->0(86)
[786.686s][info][gc,heap        ] GC(1215) Survivor regions: 5->5(12)
[786.686s][info][gc,heap        ] GC(1215) Old regions: 62->63
[786.686s][info][gc,heap        ] GC(1215) Humongous regions: 3->3
[786.686s][info][gc,metaspace   ] GC(1215) Metaspace: 84791K(85952K)->84791K(85952K) NonClass: 73860K(74496K)->73860K(74496K) Class: 10930K(11456K)->10930K(11456K)
[786.686s][info][gc             ] GC(1215) Pause Young (Concurrent Start) (G1 Evacuation Pause) 156M->69M(172M) 5.230ms
[786.686s][info][gc             ] GC(1216) Concurrent Mark Cycle
[786.686s][info][gc,cpu         ] GC(1215) User=0.12s Sys=0.00s Real=0.01s
[786.686s][info][gc,marking     ] GC(1216) Concurrent Scan Root Regions
[786.690s][info][gc,marking     ] GC(1216) Concurrent Scan Root Regions 4.187ms
[786.690s][info][gc,marking     ] GC(1216) Concurrent Mark
[786.690s][info][gc,marking     ] GC(1216) Concurrent Mark From Roots
[786.690s][info][gc,task        ] GC(1216) Using 2 workers of 2 for marking
[786.818s][info][gc,marking     ] GC(1216) Concurrent Mark From Roots 127.525ms
[786.818s][info][gc,marking     ] GC(1216) Concurrent Preclean
[786.818s][info][gc,marking     ] GC(1216) Concurrent Preclean 0.424ms
[786.819s][info][gc,start       ] GC(1216) Pause Remark
[786.825s][info][gc             ] GC(1216) Pause Remark 96M->96M(172M) 6.329ms
[786.825s][info][gc,cpu         ] GC(1216) User=0.00s Sys=0.00s Real=0.01s
[786.825s][info][gc,marking     ] GC(1216) Concurrent Mark 134.739ms
[786.825s][info][gc,marking     ] GC(1216) Concurrent Rebuild Remembered Sets and Scrub Regions
[786.866s][info][gc,marking     ] GC(1216) Concurrent Rebuild Remembered Sets and Scrub Regions 40.371ms
[786.866s][info][gc,start       ] GC(1216) Pause Cleanup
[786.866s][info][gc             ] GC(1216) Pause Cleanup 106M->106M(172M) 0.216ms
[786.866s][info][gc,cpu         ] GC(1216) User=0.00s Sys=0.00s Real=0.00s
[786.866s][info][gc,marking     ] GC(1216) Concurrent Clear Claimed Marks
[786.866s][info][gc,marking     ] GC(1216) Concurrent Clear Claimed Marks 0.128ms
[786.866s][info][gc,marking     ] GC(1216) Concurrent Cleanup for Next Mark
[786.867s][info][gc,marking     ] GC(1216) Concurrent Cleanup for Next Mark 0.342ms
[786.867s][info][gc             ] GC(1216) Concurrent Mark Cycle 180.607ms
[787.036s][info][gc,start       ] GC(1217) Pause Young (Prepare Mixed) (G1 Evacuation Pause)
[787.036s][info][gc,task        ] GC(1217) Using 8 workers of 8 for evacuation
[787.041s][info][gc,phases      ] GC(1217)   Pre Evacuate Collection Set: 0.2ms
[787.041s][info][gc,phases      ] GC(1217)   Merge Heap Roots: 0.1ms
[787.041s][info][gc,phases      ] GC(1217)   Evacuate Collection Set: 3.8ms
[787.041s][info][gc,phases      ] GC(1217)   Post Evacuate Collection Set: 0.7ms
[787.041s][info][gc,phases      ] GC(1217)   Other: 0.2ms
[787.041s][info][gc,heap        ] GC(1217) Eden regions: 86->0(86)
[787.042s][info][gc,heap        ] GC(1217) Survivor regions: 5->5(12)
[787.042s][info][gc,heap        ] GC(1217) Old regions: 63->63
[787.042s][info][gc,heap        ] GC(1217) Humongous regions: 3->3
[787.042s][info][gc,metaspace   ] GC(1217) Metaspace: 84791K(85952K)->84791K(85952K) NonClass: 73860K(74496K)->73860K(74496K) Class: 10930K(11456K)->10930K(11456K)
[787.042s][info][gc             ] GC(1217) Pause Young (Prepare Mixed) (G1 Evacuation Pause) 155M->69M(172M) 5.683ms
[787.042s][info][gc,cpu         ] GC(1217) User=0.00s Sys=0.00s Real=0.01s
[787.331s][info][gc,start       ] GC(1218) Pause Young (Mixed) (G1 Evacuation Pause)
[787.331s][info][gc,task        ] GC(1218) Using 8 workers of 8 for evacuation
[787.339s][info][gc,phases      ] GC(1218)   Pre Evacuate Collection Set: 0.2ms
[787.339s][info][gc,phases      ] GC(1218)   Merge Heap Roots: 0.2ms
[787.339s][info][gc,phases      ] GC(1218)   Evacuate Collection Set: 7.1ms
[787.339s][info][gc,phases      ] GC(1218)   Post Evacuate Collection Set: 0.6ms
[787.339s][info][gc,phases      ] GC(1218)   Other: 0.1ms
[787.339s][info][gc,heap        ] GC(1218) Eden regions: 86->0(86)
[787.339s][info][gc,heap        ] GC(1218) Survivor regions: 5->5(12)
[787.339s][info][gc,heap        ] GC(1218) Old regions: 63->63
[787.339s][info][gc,heap        ] GC(1218) Humongous regions: 3->3
[787.339s][info][gc,metaspace   ] GC(1218) Metaspace: 84791K(85952K)->84791K(85952K) NonClass: 73860K(74496K)->73860K(74496K) Class: 10930K(11456K)->10930K(11456K)
[787.339s][info][gc             ] GC(1218) Pause Young (Mixed) (G1 Evacuation Pause) 155M->69M(172M) 8.755ms
[787.339s][info][gc,cpu         ] GC(1218) User=0.00s Sys=0.00s Real=0.01s
[787.688s][info][gc,start       ] GC(1219) Pause Young (Concurrent Start) (G1 Evacuation Pause)
[787.688s][info][gc,task        ] GC(1219) Using 8 workers of 8 for evacuation
[787.693s][info][gc,phases      ] GC(1219)   Pre Evacuate Collection Set: 0.2ms
[787.693s][info][gc,phases      ] GC(1219)   Merge Heap Roots: 0.1ms
[787.693s][info][gc,phases      ] GC(1219)   Evacuate Collection Set: 3.7ms
[787.693s][info][gc,phases      ] GC(1219)   Post Evacuate Collection Set: 0.6ms
[787.693s][info][gc,phases      ] GC(1219)   Other: 0.2ms
[787.694s][info][gc,heap        ] GC(1219) Eden regions: 86->0(88)
[787.694s][info][gc,heap        ] GC(1219) Survivor regions: 5->4(12)
[787.694s][info][gc,heap        ] GC(1219) Old regions: 63->63
[787.694s][info][gc,heap        ] GC(1219) Humongous regions: 3->3
[787.694s][info][gc,metaspace   ] GC(1219) Metaspace: 84791K(85952K)->84791K(85952K) NonClass: 73860K(74496K)->73860K(74496K) Class: 10930K(11456K)->10930K(11456K)
[787.694s][info][gc             ] GC(1219) Pause Young (Concurrent Start) (G1 Evacuation Pause) 155M->69M(172M) 5.469ms
[787.694s][info][gc,cpu         ] GC(1219) User=0.00s Sys=0.00s Real=0.01s
[787.694s][info][gc             ] GC(1220) Concurrent Mark Cycle
[787.694s][info][gc,marking     ] GC(1220) Concurrent Scan Root Regions
[787.698s][info][gc,marking     ] GC(1220) Concurrent Scan Root Regions 4.193ms
[787.698s][info][gc,marking     ] GC(1220) Concurrent Mark
[787.698s][info][gc,marking     ] GC(1220) Concurrent Mark From Roots
[787.698s][info][gc,task        ] GC(1220) Using 2 workers of 2 for marking
[787.836s][info][gc,marking     ] GC(1220) Concurrent Mark From Roots 137.977ms
[787.836s][info][gc,marking     ] GC(1220) Concurrent Preclean
[787.837s][info][gc,marking     ] GC(1220) Concurrent Preclean 0.508ms
[787.837s][info][gc,start       ] GC(1220) Pause Remark
[787.845s][info][gc             ] GC(1220) Pause Remark 96M->96M(172M) 7.466ms
[787.845s][info][gc,cpu         ] GC(1220) User=0.11s Sys=0.00s Real=0.01s
[787.845s][info][gc,marking     ] GC(1220) Concurrent Mark 146.402ms
[787.845s][info][gc,marking     ] GC(1220) Concurrent Rebuild Remembered Sets and Scrub Regions
[787.862s][info][gc,marking     ] GC(1220) Concurrent Rebuild Remembered Sets and Scrub Regions 17.536ms
[787.862s][info][gc,start       ] GC(1220) Pause Cleanup
[787.863s][info][gc             ] GC(1220) Pause Cleanup 99M->99M(172M) 0.076ms
[787.863s][info][gc,cpu         ] GC(1220) User=0.00s Sys=0.00s Real=0.00s
[787.863s][info][gc,marking     ] GC(1220) Concurrent Clear Claimed Marks
[787.863s][info][gc,marking     ] GC(1220) Concurrent Clear Claimed Marks 0.134ms
[787.863s][info][gc,marking     ] GC(1220) Concurrent Cleanup for Next Mark
[787.863s][info][gc,marking     ] GC(1220) Concurrent Cleanup for Next Mark 0.304ms
[787.863s][info][gc             ] GC(1220) Concurrent Mark Cycle 169.306ms
[788.057s][info][gc,start       ] GC(1221) Pause Young (Normal) (G1 Evacuation Pause)
[788.057s][info][gc,task        ] GC(1221) Using 8 workers of 8 for evacuation
[788.062s][info][gc,phases      ] GC(1221)   Pre Evacuate Collection Set: 0.2ms
[788.062s][info][gc,phases      ] GC(1221)   Merge Heap Roots: 0.1ms
[788.062s][info][gc,phases      ] GC(1221)   Evacuate Collection Set: 4.1ms
[788.063s][info][gc,phases      ] GC(1221)   Post Evacuate Collection Set: 0.5ms
[788.063s][info][gc,phases      ] GC(1221)   Other: 0.1ms
[788.063s][info][gc,heap        ] GC(1221) Eden regions: 88->0(85)
[788.063s][info][gc,heap        ] GC(1221) Survivor regions: 4->5(12)
[788.063s][info][gc,heap        ] GC(1221) Old regions: 63->64
[788.063s][info][gc,heap        ] GC(1221) Humongous regions: 3->3
[788.063s][info][gc,metaspace   ] GC(1221) Metaspace: 84791K(85952K)->84791K(85952K) NonClass: 73860K(74496K)->73860K(74496K) Class: 10930K(11456K)->10930K(11456K)
[788.063s][info][gc             ] GC(1221) Pause Young (Normal) (G1 Evacuation Pause) 157M->70M(172M) 5.559ms
[788.063s][info][gc,cpu         ] GC(1221) User=0.08s Sys=0.02s Real=0.01s
[788.352s][info][gc,start       ] GC(1222) Pause Young (Concurrent Start) (G1 Evacuation Pause)
[788.352s][info][gc,task        ] GC(1222) Using 8 workers of 8 for evacuation
[788.357s][info][gc,phases      ] GC(1222)   Pre Evacuate Collection Set: 0.2ms
[788.357s][info][gc,phases      ] GC(1222)   Merge Heap Roots: 0.1ms
[788.357s][info][gc,phases      ] GC(1222)   Evacuate Collection Set: 3.4ms
[788.357s][info][gc,phases      ] GC(1222)   Post Evacuate Collection Set: 0.6ms
[788.357s][info][gc,phases      ] GC(1222)   Other: 0.2ms
[788.357s][info][gc,heap        ] GC(1222) Eden regions: 85->0(85)
[788.357s][info][gc,heap        ] GC(1222) Survivor regions: 5->5(12)
[788.357s][info][gc,heap        ] GC(1222) Old regions: 64->64
[788.357s][info][gc,heap        ] GC(1222) Humongous regions: 3->3
[788.357s][info][gc,metaspace   ] GC(1222) Metaspace: 84791K(85952K)->84791K(85952K) NonClass: 73860K(74496K)->73860K(74496K) Class: 10930K(11456K)->10930K(11456K)
[788.357s][info][gc             ] GC(1222) Pause Young (Concurrent Start) (G1 Evacuation Pause) 155M->70M(172M) 5.201ms
[788.358s][info][gc,cpu         ] GC(1222) User=0.12s Sys=0.00s Real=0.00s
[788.358s][info][gc             ] GC(1223) Concurrent Mark Cycle
[788.358s][info][gc,marking     ] GC(1223) Concurrent Scan Root Regions
[788.361s][info][gc,marking     ] GC(1223) Concurrent Scan Root Regions 3.756ms
[788.361s][info][gc,marking     ] GC(1223) Concurrent Mark
[788.362s][info][gc,marking     ] GC(1223) Concurrent Mark From Roots
[788.362s][info][gc,task        ] GC(1223) Using 2 workers of 2 for marking
[788.478s][info][gc,marking     ] GC(1223) Concurrent Mark From Roots 116.318ms
[788.478s][info][gc,marking     ] GC(1223) Concurrent Preclean
[788.478s][info][gc,marking     ] GC(1223) Concurrent Preclean 0.517ms
[788.479s][info][gc,start       ] GC(1223) Pause Remark
[788.485s][info][gc             ] GC(1223) Pause Remark 99M->99M(172M) 6.021ms
[788.485s][info][gc,cpu         ] GC(1223) User=0.03s Sys=0.02s Real=0.01s
[788.485s][info][gc,marking     ] GC(1223) Concurrent Mark 123.370ms
[788.485s][info][gc,marking     ] GC(1223) Concurrent Rebuild Remembered Sets and Scrub Regions
[788.525s][info][gc,marking     ] GC(1223) Concurrent Rebuild Remembered Sets and Scrub Regions 40.503ms
[788.526s][info][gc,start       ] GC(1223) Pause Cleanup
[788.526s][info][gc             ] GC(1223) Pause Cleanup 107M->107M(172M) 0.206ms
[788.526s][info][gc,cpu         ] GC(1223) User=0.00s Sys=0.00s Real=0.00s
[788.526s][info][gc,marking     ] GC(1223) Concurrent Clear Claimed Marks
[788.526s][info][gc,marking     ] GC(1223) Concurrent Clear Claimed Marks 0.116ms
[788.526s][info][gc,marking     ] GC(1223) Concurrent Cleanup for Next Mark
[788.527s][info][gc,marking     ] GC(1223) Concurrent Cleanup for Next Mark 0.359ms
[788.527s][info][gc             ] GC(1223) Concurrent Mark Cycle 169.171ms
[788.681s][info][gc,start       ] GC(1224) Pause Young (Prepare Mixed) (G1 Evacuation Pause)
[788.681s][info][gc,task        ] GC(1224) Using 8 workers of 8 for evacuation
[788.686s][info][gc,phases      ] GC(1224)   Pre Evacuate Collection Set: 0.2ms
[788.686s][info][gc,phases      ] GC(1224)   Merge Heap Roots: 0.1ms
[788.686s][info][gc,phases      ] GC(1224)   Evacuate Collection Set: 3.5ms
[788.686s][info][gc,phases      ] GC(1224)   Post Evacuate Collection Set: 0.6ms
[788.686s][info][gc,phases      ] GC(1224)   Other: 0.1ms
[788.686s][info][gc,heap        ] GC(1224) Eden regions: 85->0(85)
[788.686s][info][gc,heap        ] GC(1224) Survivor regions: 5->5(12)
[788.686s][info][gc,heap        ] GC(1224) Old regions: 64->64
[788.686s][info][gc,heap        ] GC(1224) Humongous regions: 3->3
[788.686s][info][gc,metaspace   ] GC(1224) Metaspace: 84791K(85952K)->84791K(85952K) NonClass: 73860K(74496K)->73860K(74496K) Class: 10930K(11456K)->10930K(11456K)
[788.686s][info][gc             ] GC(1224) Pause Young (Prepare Mixed) (G1 Evacuation Pause) 155M->70M(172M) 5.318ms
[788.686s][info][gc,cpu         ] GC(1224) User=0.03s Sys=0.00s Real=0.00s
[788.983s][info][gc,start       ] GC(1225) Pause Young (Mixed) (G1 Evacuation Pause)
[788.984s][info][gc,task        ] GC(1225) Using 8 workers of 8 for evacuation
[788.990s][info][gc,phases      ] GC(1225)   Pre Evacuate Collection Set: 0.2ms
[788.990s][info][gc,phases      ] GC(1225)   Merge Heap Roots: 0.2ms
[788.990s][info][gc,phases      ] GC(1225)   Evacuate Collection Set: 5.7ms
[788.990s][info][gc,phases      ] GC(1225)   Post Evacuate Collection Set: 0.5ms
[788.991s][info][gc,phases      ] GC(1225)   Other: 0.2ms
[788.991s][info][gc,heap        ] GC(1225) Eden regions: 85->0(85)
[788.991s][info][gc,heap        ] GC(1225) Survivor regions: 5->5(12)
[788.991s][info][gc,heap        ] GC(1225) Old regions: 64->64
[788.991s][info][gc,heap        ] GC(1225) Humongous regions: 3->3
[788.991s][info][gc,metaspace   ] GC(1225) Metaspace: 84791K(85952K)->84791K(85952K) NonClass: 73860K(74496K)->73860K(74496K) Class: 10930K(11456K)->10930K(11456K)
[788.991s][info][gc             ] GC(1225) Pause Young (Mixed) (G1 Evacuation Pause) 155M->70M(172M) 7.394ms
[788.991s][info][gc,cpu         ] GC(1225) User=0.00s Sys=0.00s Real=0.01s
[789.265s][info][gc,start       ] GC(1226) Pause Young (Concurrent Start) (G1 Evacuation Pause)
[789.265s][info][gc,task        ] GC(1226) Using 8 workers of 8 for evacuation
[789.270s][info][gc,phases      ] GC(1226)   Pre Evacuate Collection Set: 0.2ms
[789.270s][info][gc,phases      ] GC(1226)   Merge Heap Roots: 0.1ms
[789.270s][info][gc,phases      ] GC(1226)   Evacuate Collection Set: 3.1ms
[789.270s][info][gc,phases      ] GC(1226)   Post Evacuate Collection Set: 0.6ms
[789.270s][info][gc,phases      ] GC(1226)   Other: 0.2ms
[789.270s][info][gc,heap        ] GC(1226) Eden regions: 85->0(84)
[789.270s][info][gc,heap        ] GC(1226) Survivor regions: 5->5(12)
[789.270s][info][gc,heap        ] GC(1226) Old regions: 64->65
[789.270s][info][gc,heap        ] GC(1226) Humongous regions: 3->3
[789.270s][info][gc,metaspace   ] GC(1226) Metaspace: 84791K(85952K)->84791K(85952K) NonClass: 73860K(74496K)->73860K(74496K) Class: 10930K(11456K)->10930K(11456K)
[789.270s][info][gc             ] GC(1226) Pause Young (Concurrent Start) (G1 Evacuation Pause) 155M->71M(172M) 4.628ms
[789.270s][info][gc,cpu         ] GC(1226) User=0.00s Sys=0.00s Real=0.00s
[789.270s][info][gc             ] GC(1227) Concurrent Mark Cycle
[789.270s][info][gc,marking     ] GC(1227) Concurrent Scan Root Regions
[789.273s][info][gc,marking     ] GC(1227) Concurrent Scan Root Regions 2.909ms
[789.273s][info][gc,marking     ] GC(1227) Concurrent Mark
[789.273s][info][gc,marking     ] GC(1227) Concurrent Mark From Roots
[789.273s][info][gc,task        ] GC(1227) Using 2 workers of 2 for marking
[789.400s][info][gc,marking     ] GC(1227) Concurrent Mark From Roots 126.735ms
[789.400s][info][gc,marking     ] GC(1227) Concurrent Preclean
[789.400s][info][gc,marking     ] GC(1227) Concurrent Preclean 0.297ms
[789.400s][info][gc,start       ] GC(1227) Pause Remark
[789.407s][info][gc             ] GC(1227) Pause Remark 100M->100M(172M) 6.521ms
[789.407s][info][gc,cpu         ] GC(1227) User=0.11s Sys=0.02s Real=0.01s
[789.407s][info][gc,marking     ] GC(1227) Concurrent Mark 133.988ms
[789.407s][info][gc,marking     ] GC(1227) Concurrent Rebuild Remembered Sets and Scrub Regions
[789.449s][info][gc,marking     ] GC(1227) Concurrent Rebuild Remembered Sets and Scrub Regions 41.965ms
[789.449s][info][gc,start       ] GC(1227) Pause Cleanup
[789.449s][info][gc             ] GC(1227) Pause Cleanup 110M->110M(172M) 0.159ms
[789.449s][info][gc,cpu         ] GC(1227) User=0.00s Sys=0.00s Real=0.00s
[789.450s][info][gc,marking     ] GC(1227) Concurrent Clear Claimed Marks
[789.450s][info][gc,marking     ] GC(1227) Concurrent Clear Claimed Marks 0.100ms
[789.450s][info][gc,marking     ] GC(1227) Concurrent Cleanup for Next Mark
[789.450s][info][gc,marking     ] GC(1227) Concurrent Cleanup for Next Mark 0.284ms
[789.450s][info][gc             ] GC(1227) Concurrent Mark Cycle 180.040ms
[789.598s][info][gc,start       ] GC(1228) Pause Young (Normal) (G1 Evacuation Pause)
[789.598s][info][gc,task        ] GC(1228) Using 8 workers of 8 for evacuation
[789.603s][info][gc,phases      ] GC(1228)   Pre Evacuate Collection Set: 0.2ms
[789.604s][info][gc,phases      ] GC(1228)   Merge Heap Roots: 0.1ms
[789.604s][info][gc,phases      ] GC(1228)   Evacuate Collection Set: 3.9ms
[789.604s][info][gc,phases      ] GC(1228)   Post Evacuate Collection Set: 0.7ms
[789.604s][info][gc,phases      ] GC(1228)   Other: 0.2ms
[789.604s][info][gc,heap        ] GC(1228) Eden regions: 84->0(84)
[789.604s][info][gc,heap        ] GC(1228) Survivor regions: 5->5(12)
[789.604s][info][gc,heap        ] GC(1228) Old regions: 65->65
[789.604s][info][gc,heap        ] GC(1228) Humongous regions: 3->3
[789.604s][info][gc,metaspace   ] GC(1228) Metaspace: 84791K(85952K)->84791K(85952K) NonClass: 73860K(74496K)->73860K(74496K) Class: 10930K(11456K)->10930K(11456K)
[789.604s][info][gc             ] GC(1228) Pause Young (Normal) (G1 Evacuation Pause) 155M->71M(172M) 5.723ms
[789.604s][info][gc,cpu         ] GC(1228) User=0.00s Sys=0.00s Real=0.01s
[789.901s][info][gc,start       ] GC(1229) Pause Young (Concurrent Start) (G1 Evacuation Pause)
[789.901s][info][gc,task        ] GC(1229) Using 8 workers of 8 for evacuation
[789.905s][info][gc,phases      ] GC(1229)   Pre Evacuate Collection Set: 0.2ms
[789.906s][info][gc,phases      ] GC(1229)   Merge Heap Roots: 0.1ms
[789.906s][info][gc,phases      ] GC(1229)   Evacuate Collection Set: 3.4ms
[789.906s][info][gc,phases      ] GC(1229)   Post Evacuate Collection Set: 0.9ms
[789.906s][info][gc,phases      ] GC(1229)   Other: 0.2ms
[789.906s][info][gc,heap        ] GC(1229) Eden regions: 84->0(84)
[789.906s][info][gc,heap        ] GC(1229) Survivor regions: 5->5(12)
[789.906s][info][gc,heap        ] GC(1229) Old regions: 65->65
[789.906s][info][gc,heap        ] GC(1229) Humongous regions: 3->3
[789.906s][info][gc,metaspace   ] GC(1229) Metaspace: 84791K(85952K)->84791K(85952K) NonClass: 73860K(74496K)->73860K(74496K) Class: 10930K(11456K)->10930K(11456K)
[789.906s][info][gc             ] GC(1229) Pause Young (Concurrent Start) (G1 Evacuation Pause) 155M->71M(172M) 5.507ms
[789.906s][info][gc,cpu         ] GC(1229) User=0.11s Sys=0.00s Real=0.01s
[789.906s][info][gc             ] GC(1230) Concurrent Mark Cycle
[789.906s][info][gc,marking     ] GC(1230) Concurrent Scan Root Regions
[789.910s][info][gc,marking     ] GC(1230) Concurrent Scan Root Regions 4.136ms
[789.911s][info][gc,marking     ] GC(1230) Concurrent Mark
[789.911s][info][gc,marking     ] GC(1230) Concurrent Mark From Roots
[789.911s][info][gc,task        ] GC(1230) Using 2 workers of 2 for marking
[790.029s][info][gc,marking     ] GC(1230) Concurrent Mark From Roots 118.250ms
[790.029s][info][gc,marking     ] GC(1230) Concurrent Preclean
[790.029s][info][gc,marking     ] GC(1230) Concurrent Preclean 0.299ms
[790.029s][info][gc,start       ] GC(1230) Pause Remark
[790.035s][info][gc             ] GC(1230) Pause Remark 101M->101M(172M) 5.887ms
[790.035s][info][gc,cpu         ] GC(1230) User=0.00s Sys=0.00s Real=0.01s
[790.035s][info][gc,marking     ] GC(1230) Concurrent Mark 124.888ms
[790.035s][info][gc,marking     ] GC(1230) Concurrent Rebuild Remembered Sets and Scrub Regions
[790.071s][info][gc,marking     ] GC(1230) Concurrent Rebuild Remembered Sets and Scrub Regions 35.568ms
[790.071s][info][gc,start       ] GC(1230) Pause Cleanup
[790.072s][info][gc             ] GC(1230) Pause Cleanup 111M->111M(172M) 0.300ms
[790.072s][info][gc,cpu         ] GC(1230) User=0.00s Sys=0.00s Real=0.00s
[790.072s][info][gc,marking     ] GC(1230) Concurrent Clear Claimed Marks
[790.072s][info][gc,marking     ] GC(1230) Concurrent Clear Claimed Marks 0.096ms
[790.072s][info][gc,marking     ] GC(1230) Concurrent Cleanup for Next Mark
[790.072s][info][gc,marking     ] GC(1230) Concurrent Cleanup for Next Mark 0.287ms
[790.072s][info][gc             ] GC(1230) Concurrent Mark Cycle 166.085ms
[790.236s][info][gc,start       ] GC(1231) Pause Young (Prepare Mixed) (G1 Evacuation Pause)
[790.236s][info][gc,task        ] GC(1231) Using 8 workers of 8 for evacuation
[790.241s][info][gc,phases      ] GC(1231)   Pre Evacuate Collection Set: 0.2ms
[790.241s][info][gc,phases      ] GC(1231)   Merge Heap Roots: 0.1ms
[790.241s][info][gc,phases      ] GC(1231)   Evacuate Collection Set: 4.1ms
[790.241s][info][gc,phases      ] GC(1231)   Post Evacuate Collection Set: 0.6ms
[790.241s][info][gc,phases      ] GC(1231)   Other: 0.1ms
[790.242s][info][gc,heap        ] GC(1231) Eden regions: 84->0(85)
[790.242s][info][gc,heap        ] GC(1231) Survivor regions: 5->4(12)
[790.242s][info][gc,heap        ] GC(1231) Old regions: 65->66
[790.242s][info][gc,heap        ] GC(1231) Humongous regions: 3->3
[790.242s][info][gc,metaspace   ] GC(1231) Metaspace: 84791K(85952K)->84791K(85952K) NonClass: 73860K(74496K)->73860K(74496K) Class: 10930K(11456K)->10930K(11456K)
[790.242s][info][gc             ] GC(1231) Pause Young (Prepare Mixed) (G1 Evacuation Pause) 155M->72M(172M) 5.756ms
[790.242s][info][gc,cpu         ] GC(1231) User=0.00s Sys=0.00s Real=0.01s
[790.533s][info][gc,start       ] GC(1232) Pause Young (Mixed) (G1 Evacuation Pause)
[790.533s][info][gc,task        ] GC(1232) Using 8 workers of 8 for evacuation
[790.539s][info][gc,phases      ] GC(1232)   Pre Evacuate Collection Set: 0.2ms
[790.539s][info][gc,phases      ] GC(1232)   Merge Heap Roots: 0.2ms
[790.539s][info][gc,phases      ] GC(1232)   Evacuate Collection Set: 4.8ms
[790.539s][info][gc,phases      ] GC(1232)   Post Evacuate Collection Set: 0.6ms
[790.539s][info][gc,phases      ] GC(1232)   Other: 0.1ms
[790.539s][info][gc,heap        ] GC(1232) Eden regions: 85->0(85)
[790.539s][info][gc,heap        ] GC(1232) Survivor regions: 4->4(12)
[790.539s][info][gc,heap        ] GC(1232) Old regions: 66->66
[790.539s][info][gc,heap        ] GC(1232) Humongous regions: 3->3
[790.539s][info][gc,metaspace   ] GC(1232) Metaspace: 84791K(85952K)->84791K(85952K) NonClass: 73860K(74496K)->73860K(74496K) Class: 10930K(11456K)->10930K(11456K)
[790.539s][info][gc             ] GC(1232) Pause Young (Mixed) (G1 Evacuation Pause) 157M->72M(172M) 6.281ms
[790.539s][info][gc,cpu         ] GC(1232) User=0.00s Sys=0.00s Real=0.01s
[790.867s][info][gc,start       ] GC(1233) Pause Young (Concurrent Start) (G1 Evacuation Pause)
[790.867s][info][gc,task        ] GC(1233) Using 8 workers of 8 for evacuation
[790.872s][info][gc,phases      ] GC(1233)   Pre Evacuate Collection Set: 0.2ms
[790.872s][info][gc,phases      ] GC(1233)   Merge Heap Roots: 0.1ms
[790.872s][info][gc,phases      ] GC(1233)   Evacuate Collection Set: 3.5ms
[790.872s][info][gc,phases      ] GC(1233)   Post Evacuate Collection Set: 0.8ms
[790.872s][info][gc,phases      ] GC(1233)   Other: 0.2ms
[790.872s][info][gc,heap        ] GC(1233) Eden regions: 85->0(85)
[790.872s][info][gc,heap        ] GC(1233) Survivor regions: 4->4(12)
[790.872s][info][gc,heap        ] GC(1233) Old regions: 66->66
[790.872s][info][gc,heap        ] GC(1233) Humongous regions: 3->3
[790.872s][info][gc,metaspace   ] GC(1233) Metaspace: 84791K(85952K)->84791K(85952K) NonClass: 73860K(74496K)->73860K(74496K) Class: 10930K(11456K)->10930K(11456K)
[790.872s][info][gc             ] GC(1233) Pause Young (Concurrent Start) (G1 Evacuation Pause) 157M->72M(172M) 5.763ms
[790.872s][info][gc             ] GC(1234) Concurrent Mark Cycle
[790.873s][info][gc,marking     ] GC(1234) Concurrent Scan Root Regions
[790.873s][info][gc,cpu         ] GC(1233) User=0.00s Sys=0.02s Real=0.00s
[790.877s][info][gc,marking     ] GC(1234) Concurrent Scan Root Regions 4.350ms
[790.877s][info][gc,marking     ] GC(1234) Concurrent Mark
[790.877s][info][gc,marking     ] GC(1234) Concurrent Mark From Roots
[790.877s][info][gc,task        ] GC(1234) Using 2 workers of 2 for marking
[791.036s][info][gc,marking     ] GC(1234) Concurrent Mark From Roots 159.079ms
[791.036s][info][gc,marking     ] GC(1234) Concurrent Preclean
[791.037s][info][gc,marking     ] GC(1234) Concurrent Preclean 0.438ms
[791.037s][info][gc,start       ] GC(1234) Pause Remark
[791.045s][info][gc             ] GC(1234) Pause Remark 97M->97M(172M) 8.121ms
[791.045s][info][gc,cpu         ] GC(1234) User=0.03s Sys=0.00s Real=0.01s
[791.045s][info][gc,marking     ] GC(1234) Concurrent Mark 168.166ms
[791.045s][info][gc,marking     ] GC(1234) Concurrent Rebuild Remembered Sets and Scrub Regions
[791.101s][info][gc,marking     ] GC(1234) Concurrent Rebuild Remembered Sets and Scrub Regions 55.705ms
[791.101s][info][gc,start       ] GC(1234) Pause Cleanup
[791.101s][info][gc             ] GC(1234) Pause Cleanup 108M->108M(172M) 0.225ms
[791.101s][info][gc,cpu         ] GC(1234) User=0.00s Sys=0.00s Real=0.00s
[791.102s][info][gc,marking     ] GC(1234) Concurrent Clear Claimed Marks
[791.102s][info][gc,marking     ] GC(1234) Concurrent Clear Claimed Marks 0.124ms
[791.102s][info][gc,marking     ] GC(1234) Concurrent Cleanup for Next Mark
[791.102s][info][gc,marking     ] GC(1234) Concurrent Cleanup for Next Mark 0.356ms
[791.102s][info][gc             ] GC(1234) Concurrent Mark Cycle 229.679ms
[791.305s][info][gc,start       ] GC(1235) Pause Young (Normal) (G1 Evacuation Pause)
[791.305s][info][gc,task        ] GC(1235) Using 8 workers of 8 for evacuation
[791.309s][info][gc,phases      ] GC(1235)   Pre Evacuate Collection Set: 0.2ms
[791.309s][info][gc,phases      ] GC(1235)   Merge Heap Roots: 0.1ms
[791.309s][info][gc,phases      ] GC(1235)   Evacuate Collection Set: 3.5ms
[791.309s][info][gc,phases      ] GC(1235)   Post Evacuate Collection Set: 0.6ms
[791.309s][info][gc,phases      ] GC(1235)   Other: 0.1ms
[791.309s][info][gc,heap        ] GC(1235) Eden regions: 85->0(85)
[791.309s][info][gc,heap        ] GC(1235) Survivor regions: 4->4(12)
[791.310s][info][gc,heap        ] GC(1235) Old regions: 66->66
[791.310s][info][gc,heap        ] GC(1235) Humongous regions: 3->3
[791.310s][info][gc,metaspace   ] GC(1235) Metaspace: 84791K(85952K)->84791K(85952K) NonClass: 73860K(74496K)->73860K(74496K) Class: 10930K(11456K)->10930K(11456K)
[791.310s][info][gc             ] GC(1235) Pause Young (Normal) (G1 Evacuation Pause) 157M->72M(172M) 5.080ms
[791.310s][info][gc,cpu         ] GC(1235) User=0.00s Sys=0.00s Real=0.01s
[791.647s][info][gc,start       ] GC(1236) Pause Young (Concurrent Start) (G1 Evacuation Pause)
[791.647s][info][gc,task        ] GC(1236) Using 8 workers of 8 for evacuation
[791.651s][info][gc,phases      ] GC(1236)   Pre Evacuate Collection Set: 0.2ms
[791.651s][info][gc,phases      ] GC(1236)   Merge Heap Roots: 0.1ms
[791.651s][info][gc,phases      ] GC(1236)   Evacuate Collection Set: 3.6ms
[791.651s][info][gc,phases      ] GC(1236)   Post Evacuate Collection Set: 0.5ms
[791.651s][info][gc,phases      ] GC(1236)   Other: 0.2ms
[791.652s][info][gc,heap        ] GC(1236) Eden regions: 85->0(82)
[791.652s][info][gc,heap        ] GC(1236) Survivor regions: 4->5(12)
[791.652s][info][gc,heap        ] GC(1236) Old regions: 66->67
[791.652s][info][gc,heap        ] GC(1236) Humongous regions: 3->3
[791.652s][info][gc,metaspace   ] GC(1236) Metaspace: 84791K(85952K)->84791K(85952K) NonClass: 73860K(74496K)->73860K(74496K) Class: 10930K(11456K)->10930K(11456K)
[791.652s][info][gc             ] GC(1236) Pause Young (Concurrent Start) (G1 Evacuation Pause) 157M->73M(172M) 5.053ms
[791.652s][info][gc,cpu         ] GC(1236) User=0.00s Sys=0.00s Real=0.01s
[791.652s][info][gc             ] GC(1237) Concurrent Mark Cycle
[791.652s][info][gc,marking     ] GC(1237) Concurrent Scan Root Regions
[791.656s][info][gc,marking     ] GC(1237) Concurrent Scan Root Regions 3.753ms
[791.656s][info][gc,marking     ] GC(1237) Concurrent Mark
[791.656s][info][gc,marking     ] GC(1237) Concurrent Mark From Roots
[791.656s][info][gc,task        ] GC(1237) Using 2 workers of 2 for marking
[791.811s][info][gc,marking     ] GC(1237) Concurrent Mark From Roots 155.588ms
[791.811s][info][gc,marking     ] GC(1237) Concurrent Preclean
[791.812s][info][gc,marking     ] GC(1237) Concurrent Preclean 0.311ms
[791.812s][info][gc,start       ] GC(1237) Pause Remark
[791.819s][info][gc             ] GC(1237) Pause Remark 98M->98M(172M) 6.981ms
[791.819s][info][gc,cpu         ] GC(1237) User=0.00s Sys=0.00s Real=0.01s
[791.819s][info][gc,marking     ] GC(1237) Concurrent Mark 163.389ms
[791.819s][info][gc,marking     ] GC(1237) Concurrent Rebuild Remembered Sets and Scrub Regions
[791.862s][info][gc,marking     ] GC(1237) Concurrent Rebuild Remembered Sets and Scrub Regions 43.227ms
[791.863s][info][gc,start       ] GC(1237) Pause Cleanup
[791.863s][info][gc             ] GC(1237) Pause Cleanup 108M->108M(172M) 0.193ms
[791.863s][info][gc,cpu         ] GC(1237) User=0.00s Sys=0.00s Real=0.00s
[791.863s][info][gc,marking     ] GC(1237) Concurrent Clear Claimed Marks
[791.863s][info][gc,marking     ] GC(1237) Concurrent Clear Claimed Marks 0.120ms
[791.863s][info][gc,marking     ] GC(1237) Concurrent Cleanup for Next Mark
[791.864s][info][gc,marking     ] GC(1237) Concurrent Cleanup for Next Mark 0.370ms
[791.864s][info][gc             ] GC(1237) Concurrent Mark Cycle 211.944ms
[792.061s][info][gc,start       ] GC(1238) Pause Young (Normal) (G1 Evacuation Pause)
[792.061s][info][gc,task        ] GC(1238) Using 8 workers of 8 for evacuation
[792.067s][info][gc,phases      ] GC(1238)   Pre Evacuate Collection Set: 0.2ms
[792.067s][info][gc,phases      ] GC(1238)   Merge Heap Roots: 0.1ms
[792.067s][info][gc,phases      ] GC(1238)   Evacuate Collection Set: 4.2ms
[792.067s][info][gc,phases      ] GC(1238)   Post Evacuate Collection Set: 0.5ms
[792.067s][info][gc,phases      ] GC(1238)   Other: 0.1ms
[792.067s][info][gc,heap        ] GC(1238) Eden regions: 82->0(82)
[792.067s][info][gc,heap        ] GC(1238) Survivor regions: 5->5(11)
[792.067s][info][gc,heap        ] GC(1238) Old regions: 67->67
[792.067s][info][gc,heap        ] GC(1238) Humongous regions: 3->3
[792.067s][info][gc,metaspace   ] GC(1238) Metaspace: 84791K(85952K)->84791K(85952K) NonClass: 73860K(74496K)->73860K(74496K) Class: 10930K(11456K)->10930K(11456K)
[792.067s][info][gc             ] GC(1238) Pause Young (Normal) (G1 Evacuation Pause) 155M->73M(172M) 5.669ms
[792.067s][info][gc,cpu         ] GC(1238) User=0.00s Sys=0.00s Real=0.01s
[792.365s][info][gc,start       ] GC(1239) Pause Young (Concurrent Start) (G1 Evacuation Pause)
[792.365s][info][gc,task        ] GC(1239) Using 8 workers of 8 for evacuation
[792.369s][info][gc,phases      ] GC(1239)   Pre Evacuate Collection Set: 0.2ms
[792.370s][info][gc,phases      ] GC(1239)   Merge Heap Roots: 0.1ms
[792.370s][info][gc,phases      ] GC(1239)   Evacuate Collection Set: 3.1ms
[792.370s][info][gc,phases      ] GC(1239)   Post Evacuate Collection Set: 0.5ms
[792.370s][info][gc,phases      ] GC(1239)   Other: 0.2ms
[792.370s][info][gc,heap        ] GC(1239) Eden regions: 82->0(82)
[792.370s][info][gc,heap        ] GC(1239) Survivor regions: 5->5(11)
[792.370s][info][gc,heap        ] GC(1239) Old regions: 67->67
[792.370s][info][gc,heap        ] GC(1239) Humongous regions: 3->3
[792.370s][info][gc,metaspace   ] GC(1239) Metaspace: 84791K(85952K)->84791K(85952K) NonClass: 73860K(74496K)->73860K(74496K) Class: 10930K(11456K)->10930K(11456K)
[792.370s][info][gc             ] GC(1239) Pause Young (Concurrent Start) (G1 Evacuation Pause) 155M->73M(172M) 4.467ms
[792.370s][info][gc,cpu         ] GC(1239) User=0.00s Sys=0.00s Real=0.01s
[792.370s][info][gc             ] GC(1240) Concurrent Mark Cycle
[792.370s][info][gc,marking     ] GC(1240) Concurrent Scan Root Regions
[792.373s][info][gc,marking     ] GC(1240) Concurrent Scan Root Regions 3.012ms
[792.373s][info][gc,marking     ] GC(1240) Concurrent Mark
[792.373s][info][gc,marking     ] GC(1240) Concurrent Mark From Roots
[792.373s][info][gc,task        ] GC(1240) Using 2 workers of 2 for marking
[792.517s][info][gc,marking     ] GC(1240) Concurrent Mark From Roots 143.860ms
[792.517s][info][gc,marking     ] GC(1240) Concurrent Preclean
[792.517s][info][gc,marking     ] GC(1240) Concurrent Preclean 0.293ms
[792.517s][info][gc,start       ] GC(1240) Pause Remark
[792.525s][info][gc             ] GC(1240) Pause Remark 97M->97M(172M) 7.207ms
[792.525s][info][gc,cpu         ] GC(1240) User=0.00s Sys=0.00s Real=0.01s
[792.525s][info][gc,marking     ] GC(1240) Concurrent Mark 151.825ms
[792.525s][info][gc,marking     ] GC(1240) Concurrent Rebuild Remembered Sets and Scrub Regions
[792.573s][info][gc,marking     ] GC(1240) Concurrent Rebuild Remembered Sets and Scrub Regions 47.853ms
[792.573s][info][gc,start       ] GC(1240) Pause Cleanup
[792.573s][info][gc             ] GC(1240) Pause Cleanup 106M->106M(172M) 0.208ms
[792.573s][info][gc,cpu         ] GC(1240) User=0.00s Sys=0.00s Real=0.00s
[792.573s][info][gc,marking     ] GC(1240) Concurrent Clear Claimed Marks
[792.574s][info][gc,marking     ] GC(1240) Concurrent Clear Claimed Marks 0.115ms
[792.574s][info][gc,marking     ] GC(1240) Concurrent Cleanup for Next Mark
[792.574s][info][gc,marking     ] GC(1240) Concurrent Cleanup for Next Mark 0.353ms
[792.574s][info][gc             ] GC(1240) Concurrent Mark Cycle 204.114ms
[792.750s][info][gc,start       ] GC(1241) Pause Young (Normal) (G1 Evacuation Pause)
[792.750s][info][gc,task        ] GC(1241) Using 8 workers of 8 for evacuation
[792.754s][info][gc,phases      ] GC(1241)   Pre Evacuate Collection Set: 0.2ms
[792.754s][info][gc,phases      ] GC(1241)   Merge Heap Roots: 0.1ms
[792.754s][info][gc,phases      ] GC(1241)   Evacuate Collection Set: 3.8ms
[792.754s][info][gc,phases      ] GC(1241)   Post Evacuate Collection Set: 0.5ms
[792.754s][info][gc,phases      ] GC(1241)   Other: 0.2ms
[792.754s][info][gc,heap        ] GC(1241) Eden regions: 82->0(82)
[792.754s][info][gc,heap        ] GC(1241) Survivor regions: 5->5(11)
[792.755s][info][gc,heap        ] GC(1241) Old regions: 67->67
[792.755s][info][gc,heap        ] GC(1241) Humongous regions: 3->3
[792.755s][info][gc,metaspace   ] GC(1241) Metaspace: 84791K(85952K)->84791K(85952K) NonClass: 73860K(74496K)->73860K(74496K) Class: 10930K(11456K)->10930K(11456K)
[792.755s][info][gc             ] GC(1241) Pause Young (Normal) (G1 Evacuation Pause) 155M->73M(172M) 5.116ms
[792.755s][info][gc,cpu         ] GC(1241) User=0.00s Sys=0.00s Real=0.01s
[793.061s][info][gc,start       ] GC(1242) Pause Young (Concurrent Start) (G1 Evacuation Pause)
[793.061s][info][gc,task        ] GC(1242) Using 8 workers of 8 for evacuation
[793.065s][info][gc,phases      ] GC(1242)   Pre Evacuate Collection Set: 0.2ms
[793.065s][info][gc,phases      ] GC(1242)   Merge Heap Roots: 0.1ms
[793.066s][info][gc,phases      ] GC(1242)   Evacuate Collection Set: 3.1ms
[793.066s][info][gc,phases      ] GC(1242)   Post Evacuate Collection Set: 0.6ms
[793.066s][info][gc,phases      ] GC(1242)   Other: 0.2ms
[793.066s][info][gc,heap        ] GC(1242) Eden regions: 82->0(83)
[793.066s][info][gc,heap        ] GC(1242) Survivor regions: 5->4(11)
[793.066s][info][gc,heap        ] GC(1242) Old regions: 67->68
[793.066s][info][gc,heap        ] GC(1242) Humongous regions: 3->3
[793.066s][info][gc,metaspace   ] GC(1242) Metaspace: 84791K(85952K)->84791K(85952K) NonClass: 73860K(74496K)->73860K(74496K) Class: 10930K(11456K)->10930K(11456K)
[793.066s][info][gc             ] GC(1242) Pause Young (Concurrent Start) (G1 Evacuation Pause) 155M->74M(172M) 4.785ms
[793.066s][info][gc,cpu         ] GC(1242) User=0.00s Sys=0.00s Real=0.00s
[793.066s][info][gc             ] GC(1243) Concurrent Mark Cycle
[793.066s][info][gc,marking     ] GC(1243) Concurrent Scan Root Regions
[793.071s][info][gc,marking     ] GC(1243) Concurrent Scan Root Regions 4.939ms
[793.071s][info][gc,marking     ] GC(1243) Concurrent Mark
[793.071s][info][gc,marking     ] GC(1243) Concurrent Mark From Roots
[793.071s][info][gc,task        ] GC(1243) Using 2 workers of 2 for marking
[793.211s][info][gc,marking     ] GC(1243) Concurrent Mark From Roots 139.899ms
[793.211s][info][gc,marking     ] GC(1243) Concurrent Preclean
[793.212s][info][gc,marking     ] GC(1243) Concurrent Preclean 0.426ms
[793.212s][info][gc,start       ] GC(1243) Pause Remark
[793.218s][info][gc             ] GC(1243) Pause Remark 105M->105M(177M) 5.710ms
[793.218s][info][gc,cpu         ] GC(1243) User=0.09s Sys=0.02s Real=0.01s
[793.218s][info][gc,marking     ] GC(1243) Concurrent Mark 146.588ms
[793.218s][info][gc,marking     ] GC(1243) Concurrent Rebuild Remembered Sets and Scrub Regions
[793.259s][info][gc,marking     ] GC(1243) Concurrent Rebuild Remembered Sets and Scrub Regions 40.753ms
[793.259s][info][gc,start       ] GC(1243) Pause Cleanup
[793.259s][info][gc             ] GC(1243) Pause Cleanup 113M->113M(177M) 0.229ms
[793.259s][info][gc,cpu         ] GC(1243) User=0.00s Sys=0.00s Real=0.00s
[793.259s][info][gc,marking     ] GC(1243) Concurrent Clear Claimed Marks
[793.259s][info][gc,marking     ] GC(1243) Concurrent Clear Claimed Marks 0.131ms
[793.259s][info][gc,marking     ] GC(1243) Concurrent Cleanup for Next Mark
[793.260s][info][gc,marking     ] GC(1243) Concurrent Cleanup for Next Mark 0.724ms
[793.260s][info][gc             ] GC(1243) Concurrent Mark Cycle 194.116ms
[793.416s][info][gc,start       ] GC(1244) Pause Young (Normal) (G1 Evacuation Pause)
[793.416s][info][gc,task        ] GC(1244) Using 8 workers of 8 for evacuation
[793.420s][info][gc,phases      ] GC(1244)   Pre Evacuate Collection Set: 0.1ms
[793.420s][info][gc,phases      ] GC(1244)   Merge Heap Roots: 0.1ms
[793.420s][info][gc,phases      ] GC(1244)   Evacuate Collection Set: 3.2ms
[793.420s][info][gc,phases      ] GC(1244)   Post Evacuate Collection Set: 0.6ms
[793.420s][info][gc,phases      ] GC(1244)   Other: 0.1ms
[793.421s][info][gc,heap        ] GC(1244) Eden regions: 83->0(86)
[793.421s][info][gc,heap        ] GC(1244) Survivor regions: 4->5(11)
[793.421s][info][gc,heap        ] GC(1244) Old regions: 68->68
[793.421s][info][gc,heap        ] GC(1244) Humongous regions: 3->3
[793.421s][info][gc,metaspace   ] GC(1244) Metaspace: 84791K(85952K)->84791K(85952K) NonClass: 73860K(74496K)->73860K(74496K) Class: 10930K(11456K)->10930K(11456K)
[793.421s][info][gc             ] GC(1244) Pause Young (Normal) (G1 Evacuation Pause) 157M->74M(177M) 4.909ms
[793.421s][info][gc,cpu         ] GC(1244) User=0.12s Sys=0.00s Real=0.00s
[793.734s][info][gc,start       ] GC(1245) Pause Young (Concurrent Start) (G1 Evacuation Pause)
[793.734s][info][gc,task        ] GC(1245) Using 8 workers of 8 for evacuation
[793.739s][info][gc,phases      ] GC(1245)   Pre Evacuate Collection Set: 0.2ms
[793.739s][info][gc,phases      ] GC(1245)   Merge Heap Roots: 0.1ms
[793.739s][info][gc,phases      ] GC(1245)   Evacuate Collection Set: 3.5ms
[793.739s][info][gc,phases      ] GC(1245)   Post Evacuate Collection Set: 0.6ms
[793.739s][info][gc,phases      ] GC(1245)   Other: 0.2ms
[793.739s][info][gc,heap        ] GC(1245) Eden regions: 86->0(86)
[793.739s][info][gc,heap        ] GC(1245) Survivor regions: 5->5(12)
[793.739s][info][gc,heap        ] GC(1245) Old regions: 68->68
[793.739s][info][gc,heap        ] GC(1245) Humongous regions: 3->3
[793.739s][info][gc,metaspace   ] GC(1245) Metaspace: 84791K(85952K)->84791K(85952K) NonClass: 73860K(74496K)->73860K(74496K) Class: 10930K(11456K)->10930K(11456K)
[793.739s][info][gc             ] GC(1245) Pause Young (Concurrent Start) (G1 Evacuation Pause) 160M->74M(177M) 5.128ms
[793.740s][info][gc,cpu         ] GC(1245) User=0.00s Sys=0.00s Real=0.00s
[793.740s][info][gc             ] GC(1246) Concurrent Mark Cycle
[793.740s][info][gc,marking     ] GC(1246) Concurrent Scan Root Regions
[793.742s][info][gc,marking     ] GC(1246) Concurrent Scan Root Regions 2.695ms
[793.742s][info][gc,marking     ] GC(1246) Concurrent Mark
[793.742s][info][gc,marking     ] GC(1246) Concurrent Mark From Roots
[793.743s][info][gc,task        ] GC(1246) Using 2 workers of 2 for marking
[793.885s][info][gc,marking     ] GC(1246) Concurrent Mark From Roots 142.440ms
[793.885s][info][gc,marking     ] GC(1246) Concurrent Preclean
[793.885s][info][gc,marking     ] GC(1246) Concurrent Preclean 0.453ms
[793.886s][info][gc,start       ] GC(1246) Pause Remark
[793.893s][info][gc             ] GC(1246) Pause Remark 103M->103M(177M) 7.438ms
[793.893s][info][gc,cpu         ] GC(1246) User=0.05s Sys=0.02s Real=0.01s
[793.893s][info][gc,marking     ] GC(1246) Concurrent Mark 151.007ms
[793.894s][info][gc,marking     ] GC(1246) Concurrent Rebuild Remembered Sets and Scrub Regions
[793.952s][info][gc,marking     ] GC(1246) Concurrent Rebuild Remembered Sets and Scrub Regions 58.516ms
[793.952s][info][gc,start       ] GC(1246) Pause Cleanup
[793.952s][info][gc             ] GC(1246) Pause Cleanup 109M->109M(177M) 0.213ms
[793.953s][info][gc,cpu         ] GC(1246) User=0.00s Sys=0.00s Real=0.00s
[793.953s][info][gc,marking     ] GC(1246) Concurrent Clear Claimed Marks
[793.953s][info][gc,marking     ] GC(1246) Concurrent Clear Claimed Marks 0.127ms
[793.953s][info][gc,marking     ] GC(1246) Concurrent Cleanup for Next Mark
[793.953s][info][gc,marking     ] GC(1246) Concurrent Cleanup for Next Mark 0.381ms
[793.953s][info][gc             ] GC(1246) Concurrent Mark Cycle 213.887ms
[794.193s][info][gc,start       ] GC(1247) Pause Young (Normal) (G1 Evacuation Pause)
[794.193s][info][gc,task        ] GC(1247) Using 8 workers of 8 for evacuation
[794.199s][info][gc,phases      ] GC(1247)   Pre Evacuate Collection Set: 0.2ms
[794.199s][info][gc,phases      ] GC(1247)   Merge Heap Roots: 0.1ms
[794.199s][info][gc,phases      ] GC(1247)   Evacuate Collection Set: 4.7ms
[794.199s][info][gc,phases      ] GC(1247)   Post Evacuate Collection Set: 0.6ms
[794.199s][info][gc,phases      ] GC(1247)   Other: 0.1ms
[794.199s][info][gc,heap        ] GC(1247) Eden regions: 86->0(87)
[794.199s][info][gc,heap        ] GC(1247) Survivor regions: 5->4(12)
[794.199s][info][gc,heap        ] GC(1247) Old regions: 68->69
[794.199s][info][gc,heap        ] GC(1247) Humongous regions: 3->3
[794.199s][info][gc,metaspace   ] GC(1247) Metaspace: 84791K(85952K)->84791K(85952K) NonClass: 73860K(74496K)->73860K(74496K) Class: 10930K(11456K)->10930K(11456K)
[794.199s][info][gc             ] GC(1247) Pause Young (Normal) (G1 Evacuation Pause) 160M->74M(177M) 6.218ms
[794.199s][info][gc,cpu         ] GC(1247) User=0.00s Sys=0.00s Real=0.01s
[794.525s][info][gc,start       ] GC(1248) Pause Young (Concurrent Start) (G1 Evacuation Pause)
[794.525s][info][gc,task        ] GC(1248) Using 8 workers of 8 for evacuation
[794.529s][info][gc,phases      ] GC(1248)   Pre Evacuate Collection Set: 0.2ms
[794.529s][info][gc,phases      ] GC(1248)   Merge Heap Roots: 0.1ms
[794.529s][info][gc,phases      ] GC(1248)   Evacuate Collection Set: 3.6ms
[794.529s][info][gc,phases      ] GC(1248)   Post Evacuate Collection Set: 0.6ms
[794.530s][info][gc,phases      ] GC(1248)   Other: 0.2ms
[794.530s][info][gc,heap        ] GC(1248) Eden regions: 87->0(85)
[794.530s][info][gc,heap        ] GC(1248) Survivor regions: 4->5(12)
[794.530s][info][gc,heap        ] GC(1248) Old regions: 69->69
[794.530s][info][gc,heap        ] GC(1248) Humongous regions: 3->3
[794.530s][info][gc,metaspace   ] GC(1248) Metaspace: 84791K(85952K)->84791K(85952K) NonClass: 73860K(74496K)->73860K(74496K) Class: 10930K(11456K)->10930K(11456K)
[794.530s][info][gc             ] GC(1248) Pause Young (Concurrent Start) (G1 Evacuation Pause) 161M->75M(177M) 5.167ms
[794.530s][info][gc,cpu         ] GC(1248) User=0.11s Sys=0.00s Real=0.00s
[794.530s][info][gc             ] GC(1249) Concurrent Mark Cycle
[794.530s][info][gc,marking     ] GC(1249) Concurrent Scan Root Regions
[794.534s][info][gc,marking     ] GC(1249) Concurrent Scan Root Regions 3.836ms
[794.534s][info][gc,marking     ] GC(1249) Concurrent Mark
[794.534s][info][gc,marking     ] GC(1249) Concurrent Mark From Roots
[794.534s][info][gc,task        ] GC(1249) Using 2 workers of 2 for marking
[794.658s][info][gc,marking     ] GC(1249) Concurrent Mark From Roots 124.281ms
[794.658s][info][gc,marking     ] GC(1249) Concurrent Preclean
[794.659s][info][gc,marking     ] GC(1249) Concurrent Preclean 0.354ms
[794.659s][info][gc,start       ] GC(1249) Pause Remark
[794.666s][info][gc             ] GC(1249) Pause Remark 105M->105M(179M) 7.451ms
[794.666s][info][gc,cpu         ] GC(1249) User=0.00s Sys=0.00s Real=0.01s
[794.666s][info][gc,marking     ] GC(1249) Concurrent Mark 132.548ms
[794.666s][info][gc,marking     ] GC(1249) Concurrent Rebuild Remembered Sets and Scrub Regions
[794.714s][info][gc,marking     ] GC(1249) Concurrent Rebuild Remembered Sets and Scrub Regions 47.030ms
[794.714s][info][gc,start       ] GC(1249) Pause Cleanup
[794.714s][info][gc             ] GC(1249) Pause Cleanup 113M->113M(179M) 0.221ms
[794.714s][info][gc,cpu         ] GC(1249) User=0.00s Sys=0.00s Real=0.00s
[794.714s][info][gc,marking     ] GC(1249) Concurrent Clear Claimed Marks
[794.714s][info][gc,marking     ] GC(1249) Concurrent Clear Claimed Marks 0.128ms
[794.714s][info][gc,marking     ] GC(1249) Concurrent Cleanup for Next Mark
[794.715s][info][gc,marking     ] GC(1249) Concurrent Cleanup for Next Mark 0.494ms
[794.715s][info][gc             ] GC(1249) Concurrent Mark Cycle 184.995ms
[794.895s][info][gc,start       ] GC(1250) Pause Young (Normal) (G1 Evacuation Pause)
[794.895s][info][gc,task        ] GC(1250) Using 8 workers of 8 for evacuation
[794.901s][info][gc,phases      ] GC(1250)   Pre Evacuate Collection Set: 0.2ms
[794.901s][info][gc,phases      ] GC(1250)   Merge Heap Roots: 0.1ms
[794.901s][info][gc,phases      ] GC(1250)   Evacuate Collection Set: 4.8ms
[794.901s][info][gc,phases      ] GC(1250)   Post Evacuate Collection Set: 0.6ms
[794.901s][info][gc,phases      ] GC(1250)   Other: 0.2ms
[794.901s][info][gc,heap        ] GC(1250) Eden regions: 85->0(87)
[794.901s][info][gc,heap        ] GC(1250) Survivor regions: 5->5(12)
[794.901s][info][gc,heap        ] GC(1250) Old regions: 69->69
[794.901s][info][gc,heap        ] GC(1250) Humongous regions: 3->3
[794.902s][info][gc,metaspace   ] GC(1250) Metaspace: 84791K(85952K)->84791K(85952K) NonClass: 73860K(74496K)->73860K(74496K) Class: 10930K(11456K)->10930K(11456K)
[794.902s][info][gc             ] GC(1250) Pause Young (Normal) (G1 Evacuation Pause) 160M->75M(179M) 6.609ms
[794.902s][info][gc,cpu         ] GC(1250) User=0.00s Sys=0.00s Real=0.01s
[795.216s][info][gc,start       ] GC(1251) Pause Young (Concurrent Start) (G1 Evacuation Pause)
[795.216s][info][gc,task        ] GC(1251) Using 8 workers of 8 for evacuation
[795.220s][info][gc,phases      ] GC(1251)   Pre Evacuate Collection Set: 0.2ms
[795.220s][info][gc,phases      ] GC(1251)   Merge Heap Roots: 0.1ms
[795.220s][info][gc,phases      ] GC(1251)   Evacuate Collection Set: 3.0ms
[795.220s][info][gc,phases      ] GC(1251)   Post Evacuate Collection Set: 0.5ms
[795.220s][info][gc,phases      ] GC(1251)   Other: 0.2ms
[795.220s][info][gc,heap        ] GC(1251) Eden regions: 87->0(87)
[795.220s][info][gc,heap        ] GC(1251) Survivor regions: 5->5(12)
[795.220s][info][gc,heap        ] GC(1251) Old regions: 69->69
[795.220s][info][gc,heap        ] GC(1251) Humongous regions: 3->3
[795.220s][info][gc,metaspace   ] GC(1251) Metaspace: 84791K(85952K)->84791K(85952K) NonClass: 73860K(74496K)->73860K(74496K) Class: 10930K(11456K)->10930K(11456K)
[795.220s][info][gc             ] GC(1251) Pause Young (Concurrent Start) (G1 Evacuation Pause) 162M->75M(179M) 4.474ms
[795.221s][info][gc,cpu         ] GC(1251) User=0.00s Sys=0.00s Real=0.01s
[795.221s][info][gc             ] GC(1252) Concurrent Mark Cycle
[795.221s][info][gc,marking     ] GC(1252) Concurrent Scan Root Regions
[795.223s][info][gc,marking     ] GC(1252) Concurrent Scan Root Regions 2.222ms
[795.223s][info][gc,marking     ] GC(1252) Concurrent Mark
[795.223s][info][gc,marking     ] GC(1252) Concurrent Mark From Roots
[795.223s][info][gc,task        ] GC(1252) Using 2 workers of 2 for marking
[795.349s][info][gc,marking     ] GC(1252) Concurrent Mark From Roots 125.795ms
[795.349s][info][gc,marking     ] GC(1252) Concurrent Preclean
[795.349s][info][gc,marking     ] GC(1252) Concurrent Preclean 0.308ms
[795.349s][info][gc,start       ] GC(1252) Pause Remark
[795.355s][info][gc             ] GC(1252) Pause Remark 107M->107M(182M) 5.533ms
[795.355s][info][gc,cpu         ] GC(1252) User=0.00s Sys=0.00s Real=0.00s
[795.355s][info][gc,marking     ] GC(1252) Concurrent Mark 132.036ms
[795.355s][info][gc,marking     ] GC(1252) Concurrent Rebuild Remembered Sets and Scrub Regions
[795.402s][info][gc,marking     ] GC(1252) Concurrent Rebuild Remembered Sets and Scrub Regions 46.724ms
[795.402s][info][gc,start       ] GC(1252) Pause Cleanup
[795.402s][info][gc             ] GC(1252) Pause Cleanup 115M->115M(182M) 0.212ms
[795.402s][info][gc,cpu         ] GC(1252) User=0.00s Sys=0.00s Real=0.00s
[795.402s][info][gc,marking     ] GC(1252) Concurrent Clear Claimed Marks
[795.402s][info][gc,marking     ] GC(1252) Concurrent Clear Claimed Marks 0.096ms
[795.402s][info][gc,marking     ] GC(1252) Concurrent Cleanup for Next Mark
[795.403s][info][gc,marking     ] GC(1252) Concurrent Cleanup for Next Mark 0.362ms
[795.403s][info][gc             ] GC(1252) Concurrent Mark Cycle 182.289ms
[795.605s][info][gc,start       ] GC(1253) Pause Young (Normal) (G1 Evacuation Pause)
[795.606s][info][gc,task        ] GC(1253) Using 8 workers of 8 for evacuation
[795.610s][info][gc,phases      ] GC(1253)   Pre Evacuate Collection Set: 0.1ms
[795.610s][info][gc,phases      ] GC(1253)   Merge Heap Roots: 0.1ms
[795.610s][info][gc,phases      ] GC(1253)   Evacuate Collection Set: 3.6ms
[795.610s][info][gc,phases      ] GC(1253)   Post Evacuate Collection Set: 0.6ms
[795.610s][info][gc,phases      ] GC(1253)   Other: 0.1ms
[795.610s][info][gc,heap        ] GC(1253) Eden regions: 87->0(91)
[795.610s][info][gc,heap        ] GC(1253) Survivor regions: 5->4(12)
[795.610s][info][gc,heap        ] GC(1253) Old regions: 69->70
[795.610s][info][gc,heap        ] GC(1253) Humongous regions: 3->3
[795.610s][info][gc,metaspace   ] GC(1253) Metaspace: 84791K(85952K)->84791K(85952K) NonClass: 73860K(74496K)->73860K(74496K) Class: 10930K(11456K)->10930K(11456K)
[795.610s][info][gc             ] GC(1253) Pause Young (Normal) (G1 Evacuation Pause) 162M->75M(182M) 5.056ms
[795.611s][info][gc,cpu         ] GC(1253) User=0.12s Sys=0.00s Real=0.00s
[795.923s][info][gc,start       ] GC(1254) Pause Young (Concurrent Start) (G1 Evacuation Pause)
[795.923s][info][gc,task        ] GC(1254) Using 8 workers of 8 for evacuation
[795.928s][info][gc,phases      ] GC(1254)   Pre Evacuate Collection Set: 0.2ms
[795.928s][info][gc,phases      ] GC(1254)   Merge Heap Roots: 0.1ms
[795.928s][info][gc,phases      ] GC(1254)   Evacuate Collection Set: 3.8ms
[795.928s][info][gc,phases      ] GC(1254)   Post Evacuate Collection Set: 0.8ms
[795.928s][info][gc,phases      ] GC(1254)   Other: 0.2ms
[795.929s][info][gc,heap        ] GC(1254) Eden regions: 91->0(91)
[795.929s][info][gc,heap        ] GC(1254) Survivor regions: 4->4(12)
[795.929s][info][gc,heap        ] GC(1254) Old regions: 70->70
[795.929s][info][gc,heap        ] GC(1254) Humongous regions: 3->3
[795.929s][info][gc,metaspace   ] GC(1254) Metaspace: 84791K(85952K)->84791K(85952K) NonClass: 73860K(74496K)->73860K(74496K) Class: 10930K(11456K)->10930K(11456K)
[795.929s][info][gc             ] GC(1254) Pause Young (Concurrent Start) (G1 Evacuation Pause) 166M->76M(182M) 5.936ms
[795.929s][info][gc,cpu         ] GC(1254) User=0.00s Sys=0.00s Real=0.01s
[795.929s][info][gc             ] GC(1255) Concurrent Mark Cycle
[795.929s][info][gc,marking     ] GC(1255) Concurrent Scan Root Regions
[795.932s][info][gc,marking     ] GC(1255) Concurrent Scan Root Regions 3.423ms
[795.932s][info][gc,marking     ] GC(1255) Concurrent Mark
[795.933s][info][gc,marking     ] GC(1255) Concurrent Mark From Roots
[795.933s][info][gc,task        ] GC(1255) Using 2 workers of 2 for marking
[796.063s][info][gc,marking     ] GC(1255) Concurrent Mark From Roots 130.298ms
[796.063s][info][gc,marking     ] GC(1255) Concurrent Preclean
[796.063s][info][gc,marking     ] GC(1255) Concurrent Preclean 0.298ms
[796.063s][info][gc,start       ] GC(1255) Pause Remark
[796.070s][info][gc             ] GC(1255) Pause Remark 105M->105M(182M) 6.614ms
[796.070s][info][gc,cpu         ] GC(1255) User=0.00s Sys=0.00s Real=0.01s
[796.070s][info][gc,marking     ] GC(1255) Concurrent Mark 137.670ms
[796.070s][info][gc,marking     ] GC(1255) Concurrent Rebuild Remembered Sets and Scrub Regions
[796.114s][info][gc,marking     ] GC(1255) Concurrent Rebuild Remembered Sets and Scrub Regions 44.084ms
[796.114s][info][gc,start       ] GC(1255) Pause Cleanup
[796.115s][info][gc             ] GC(1255) Pause Cleanup 115M->115M(182M) 0.177ms
[796.115s][info][gc,cpu         ] GC(1255) User=0.00s Sys=0.00s Real=0.00s
[796.115s][info][gc,marking     ] GC(1255) Concurrent Clear Claimed Marks
[796.115s][info][gc,marking     ] GC(1255) Concurrent Clear Claimed Marks 0.114ms
[796.115s][info][gc,marking     ] GC(1255) Concurrent Cleanup for Next Mark
[796.115s][info][gc,marking     ] GC(1255) Concurrent Cleanup for Next Mark 0.370ms
[796.115s][info][gc             ] GC(1255) Concurrent Mark Cycle 186.537ms
[796.297s][info][gc,start       ] GC(1256) Pause Young (Normal) (G1 Evacuation Pause)
[796.297s][info][gc,task        ] GC(1256) Using 8 workers of 8 for evacuation
[796.302s][info][gc,phases      ] GC(1256)   Pre Evacuate Collection Set: 0.1ms
[796.302s][info][gc,phases      ] GC(1256)   Merge Heap Roots: 0.1ms
[796.302s][info][gc,phases      ] GC(1256)   Evacuate Collection Set: 3.5ms
[796.302s][info][gc,phases      ] GC(1256)   Post Evacuate Collection Set: 0.7ms
[796.302s][info][gc,phases      ] GC(1256)   Other: 0.1ms
[796.302s][info][gc,heap        ] GC(1256) Eden regions: 91->0(89)
[796.302s][info][gc,heap        ] GC(1256) Survivor regions: 4->5(12)
[796.302s][info][gc,heap        ] GC(1256) Old regions: 70->70
[796.302s][info][gc,heap        ] GC(1256) Humongous regions: 3->3
[796.302s][info][gc,metaspace   ] GC(1256) Metaspace: 84791K(85952K)->84791K(85952K) NonClass: 73860K(74496K)->73860K(74496K) Class: 10930K(11456K)->10930K(11456K)
[796.302s][info][gc             ] GC(1256) Pause Young (Normal) (G1 Evacuation Pause) 167M->76M(182M) 5.258ms
[796.302s][info][gc,cpu         ] GC(1256) User=0.00s Sys=0.00s Real=0.01s
[796.618s][info][gc,start       ] GC(1257) Pause Young (Concurrent Start) (G1 Evacuation Pause)
[796.618s][info][gc,task        ] GC(1257) Using 8 workers of 8 for evacuation
[796.623s][info][gc,phases      ] GC(1257)   Pre Evacuate Collection Set: 0.2ms
[796.623s][info][gc,phases      ] GC(1257)   Merge Heap Roots: 0.1ms
[796.623s][info][gc,phases      ] GC(1257)   Evacuate Collection Set: 3.9ms
[796.623s][info][gc,phases      ] GC(1257)   Post Evacuate Collection Set: 0.5ms
[796.623s][info][gc,phases      ] GC(1257)   Other: 0.2ms
[796.624s][info][gc,heap        ] GC(1257) Eden regions: 89->0(89)
[796.624s][info][gc,heap        ] GC(1257) Survivor regions: 5->5(12)
[796.624s][info][gc,heap        ] GC(1257) Old regions: 70->70
[796.624s][info][gc,heap        ] GC(1257) Humongous regions: 3->3
[796.624s][info][gc,metaspace   ] GC(1257) Metaspace: 84791K(85952K)->84791K(85952K) NonClass: 73860K(74496K)->73860K(74496K) Class: 10930K(11456K)->10930K(11456K)
[796.624s][info][gc             ] GC(1257) Pause Young (Concurrent Start) (G1 Evacuation Pause) 165M->76M(182M) 5.420ms
[796.624s][info][gc,cpu         ] GC(1257) User=0.09s Sys=0.00s Real=0.00s
[796.624s][info][gc             ] GC(1258) Concurrent Mark Cycle
[796.624s][info][gc,marking     ] GC(1258) Concurrent Scan Root Regions
[796.628s][info][gc,marking     ] GC(1258) Concurrent Scan Root Regions 3.905ms
[796.628s][info][gc,marking     ] GC(1258) Concurrent Mark
[796.628s][info][gc,marking     ] GC(1258) Concurrent Mark From Roots
[796.628s][info][gc,task        ] GC(1258) Using 2 workers of 2 for marking
[796.750s][info][gc,marking     ] GC(1258) Concurrent Mark From Roots 121.838ms
[796.750s][info][gc,marking     ] GC(1258) Concurrent Preclean
[796.750s][info][gc,marking     ] GC(1258) Concurrent Preclean 0.299ms
[796.750s][info][gc,start       ] GC(1258) Pause Remark
[796.756s][info][gc             ] GC(1258) Pause Remark 107M->107M(182M) 5.270ms
[796.756s][info][gc,cpu         ] GC(1258) User=0.00s Sys=0.00s Real=0.00s
[796.756s][info][gc,marking     ] GC(1258) Concurrent Mark 127.798ms
[796.756s][info][gc,marking     ] GC(1258) Concurrent Rebuild Remembered Sets and Scrub Regions
[796.771s][info][gc,marking     ] GC(1258) Concurrent Rebuild Remembered Sets and Scrub Regions 14.925ms
[796.771s][info][gc,start       ] GC(1258) Pause Cleanup
[796.771s][info][gc             ] GC(1258) Pause Cleanup 111M->111M(182M) 0.079ms
[796.771s][info][gc,cpu         ] GC(1258) User=0.00s Sys=0.00s Real=0.00s
[796.771s][info][gc,marking     ] GC(1258) Concurrent Clear Claimed Marks
[796.771s][info][gc,marking     ] GC(1258) Concurrent Clear Claimed Marks 0.100ms
[796.771s][info][gc,marking     ] GC(1258) Concurrent Cleanup for Next Mark
[796.771s][info][gc,marking     ] GC(1258) Concurrent Cleanup for Next Mark 0.312ms
[796.772s][info][gc             ] GC(1258) Concurrent Mark Cycle 147.754ms
[796.960s][info][gc,start       ] GC(1259) Pause Young (Normal) (G1 Evacuation Pause)
[796.961s][info][gc,task        ] GC(1259) Using 8 workers of 8 for evacuation
[796.965s][info][gc,phases      ] GC(1259)   Pre Evacuate Collection Set: 0.2ms
[796.965s][info][gc,phases      ] GC(1259)   Merge Heap Roots: 0.1ms
[796.965s][info][gc,phases      ] GC(1259)   Evacuate Collection Set: 3.5ms
[796.965s][info][gc,phases      ] GC(1259)   Post Evacuate Collection Set: 0.5ms
[796.965s][info][gc,phases      ] GC(1259)   Other: 0.2ms
[796.965s][info][gc,heap        ] GC(1259) Eden regions: 89->0(88)
[796.965s][info][gc,heap        ] GC(1259) Survivor regions: 5->5(12)
[796.965s][info][gc,heap        ] GC(1259) Old regions: 70->71
[796.965s][info][gc,heap        ] GC(1259) Humongous regions: 3->3
[796.965s][info][gc,metaspace   ] GC(1259) Metaspace: 84791K(85952K)->84791K(85952K) NonClass: 73860K(74496K)->73860K(74496K) Class: 10930K(11456K)->10930K(11456K)
[796.966s][info][gc             ] GC(1259) Pause Young (Normal) (G1 Evacuation Pause) 165M->77M(182M) 5.179ms
[796.966s][info][gc,cpu         ] GC(1259) User=0.00s Sys=0.02s Real=0.00s
[797.282s][info][gc,start       ] GC(1260) Pause Young (Concurrent Start) (G1 Evacuation Pause)
[797.282s][info][gc,task        ] GC(1260) Using 8 workers of 8 for evacuation
[797.287s][info][gc,phases      ] GC(1260)   Pre Evacuate Collection Set: 0.2ms
[797.287s][info][gc,phases      ] GC(1260)   Merge Heap Roots: 0.1ms
[797.287s][info][gc,phases      ] GC(1260)   Evacuate Collection Set: 3.5ms
[797.287s][info][gc,phases      ] GC(1260)   Post Evacuate Collection Set: 0.6ms
[797.287s][info][gc,phases      ] GC(1260)   Other: 0.2ms
[797.287s][info][gc,heap        ] GC(1260) Eden regions: 88->0(88)
[797.287s][info][gc,heap        ] GC(1260) Survivor regions: 5->5(12)
[797.287s][info][gc,heap        ] GC(1260) Old regions: 71->71
[797.287s][info][gc,heap        ] GC(1260) Humongous regions: 3->3
[797.287s][info][gc,metaspace   ] GC(1260) Metaspace: 84791K(85952K)->84791K(85952K) NonClass: 73860K(74496K)->73860K(74496K) Class: 10930K(11456K)->10930K(11456K)
[797.287s][info][gc             ] GC(1260) Pause Young (Concurrent Start) (G1 Evacuation Pause) 165M->77M(182M) 5.266ms
[797.287s][info][gc,cpu         ] GC(1260) User=0.00s Sys=0.00s Real=0.01s
[797.287s][info][gc             ] GC(1261) Concurrent Mark Cycle
[797.287s][info][gc,marking     ] GC(1261) Concurrent Scan Root Regions
[797.291s][info][gc,marking     ] GC(1261) Concurrent Scan Root Regions 3.754ms
[797.291s][info][gc,marking     ] GC(1261) Concurrent Mark
[797.291s][info][gc,marking     ] GC(1261) Concurrent Mark From Roots
[797.291s][info][gc,task        ] GC(1261) Using 2 workers of 2 for marking
[797.436s][info][gc,marking     ] GC(1261) Concurrent Mark From Roots 144.613ms
[797.436s][info][gc,marking     ] GC(1261) Concurrent Preclean
[797.437s][info][gc,marking     ] GC(1261) Concurrent Preclean 0.430ms
[797.437s][info][gc,start       ] GC(1261) Pause Remark
[797.444s][info][gc             ] GC(1261) Pause Remark 104M->104M(182M) 7.478ms
[797.444s][info][gc,cpu         ] GC(1261) User=0.00s Sys=0.00s Real=0.01s
[797.444s][info][gc,marking     ] GC(1261) Concurrent Mark 153.035ms
[797.444s][info][gc,marking     ] GC(1261) Concurrent Rebuild Remembered Sets and Scrub Regions
[797.492s][info][gc,marking     ] GC(1261) Concurrent Rebuild Remembered Sets and Scrub Regions 48.014ms
[797.493s][info][gc,start       ] GC(1261) Pause Cleanup
[797.493s][info][gc             ] GC(1261) Pause Cleanup 115M->115M(182M) 0.174ms
[797.493s][info][gc,cpu         ] GC(1261) User=0.00s Sys=0.00s Real=0.00s
[797.493s][info][gc,marking     ] GC(1261) Concurrent Clear Claimed Marks
[797.493s][info][gc,marking     ] GC(1261) Concurrent Clear Claimed Marks 0.122ms
[797.493s][info][gc,marking     ] GC(1261) Concurrent Cleanup for Next Mark
[797.493s][info][gc,marking     ] GC(1261) Concurrent Cleanup for Next Mark 0.315ms
[797.493s][info][gc             ] GC(1261) Concurrent Mark Cycle 206.202ms
[797.733s][info][gc,start       ] GC(1262) Pause Young (Normal) (G1 Evacuation Pause)
[797.733s][info][gc,task        ] GC(1262) Using 8 workers of 8 for evacuation
[797.738s][info][gc,phases      ] GC(1262)   Pre Evacuate Collection Set: 0.2ms
[797.738s][info][gc,phases      ] GC(1262)   Merge Heap Roots: 0.1ms
[797.738s][info][gc,phases      ] GC(1262)   Evacuate Collection Set: 4.2ms
[797.738s][info][gc,phases      ] GC(1262)   Post Evacuate Collection Set: 0.6ms
[797.739s][info][gc,phases      ] GC(1262)   Other: 0.2ms
[797.739s][info][gc,heap        ] GC(1262) Eden regions: 88->0(88)
[797.739s][info][gc,heap        ] GC(1262) Survivor regions: 5->5(12)
[797.739s][info][gc,heap        ] GC(1262) Old regions: 71->71
[797.739s][info][gc,heap        ] GC(1262) Humongous regions: 3->3
[797.739s][info][gc,metaspace   ] GC(1262) Metaspace: 84791K(85952K)->84791K(85952K) NonClass: 73860K(74496K)->73860K(74496K) Class: 10930K(11456K)->10930K(11456K)
[797.739s][info][gc             ] GC(1262) Pause Young (Normal) (G1 Evacuation Pause) 165M->77M(182M) 5.971ms
[797.739s][info][gc,cpu         ] GC(1262) User=0.00s Sys=0.00s Real=0.01s
[798.127s][info][gc,start       ] GC(1263) Pause Young (Concurrent Start) (G1 Evacuation Pause)
[798.127s][info][gc,task        ] GC(1263) Using 8 workers of 8 for evacuation
[798.133s][info][gc,phases      ] GC(1263)   Pre Evacuate Collection Set: 0.2ms
[798.133s][info][gc,phases      ] GC(1263)   Merge Heap Roots: 0.1ms
[798.133s][info][gc,phases      ] GC(1263)   Evacuate Collection Set: 5.0ms
[798.133s][info][gc,phases      ] GC(1263)   Post Evacuate Collection Set: 0.6ms
[798.133s][info][gc,phases      ] GC(1263)   Other: 0.3ms
[798.133s][info][gc,heap        ] GC(1263) Eden regions: 88->0(88)
[798.133s][info][gc,heap        ] GC(1263) Survivor regions: 5->5(12)
[798.133s][info][gc,heap        ] GC(1263) Old regions: 71->71
[798.133s][info][gc,heap        ] GC(1263) Humongous regions: 3->3
[798.133s][info][gc,metaspace   ] GC(1263) Metaspace: 84791K(85952K)->84791K(85952K) NonClass: 73860K(74496K)->73860K(74496K) Class: 10930K(11456K)->10930K(11456K)
[798.134s][info][gc             ] GC(1263) Pause Young (Concurrent Start) (G1 Evacuation Pause) 165M->78M(182M) 6.811ms
[798.134s][info][gc,cpu         ] GC(1263) User=0.00s Sys=0.00s Real=0.01s
[798.134s][info][gc             ] GC(1264) Concurrent Mark Cycle
[798.134s][info][gc,marking     ] GC(1264) Concurrent Scan Root Regions
[798.138s][info][gc,marking     ] GC(1264) Concurrent Scan Root Regions 3.708ms
[798.138s][info][gc,marking     ] GC(1264) Concurrent Mark
[798.138s][info][gc,marking     ] GC(1264) Concurrent Mark From Roots
[798.138s][info][gc,task        ] GC(1264) Using 2 workers of 2 for marking
[798.293s][info][gc,marking     ] GC(1264) Concurrent Mark From Roots 155.029ms
[798.293s][info][gc,marking     ] GC(1264) Concurrent Preclean
[798.293s][info][gc,marking     ] GC(1264) Concurrent Preclean 0.322ms
[798.293s][info][gc,start       ] GC(1264) Pause Remark
[798.300s][info][gc             ] GC(1264) Pause Remark 108M->108M(184M) 7.080ms
[798.300s][info][gc,cpu         ] GC(1264) User=0.11s Sys=0.00s Real=0.01s
[798.301s][info][gc,marking     ] GC(1264) Concurrent Mark 162.863ms
[798.301s][info][gc,marking     ] GC(1264) Concurrent Rebuild Remembered Sets and Scrub Regions
[798.349s][info][gc,marking     ] GC(1264) Concurrent Rebuild Remembered Sets and Scrub Regions 48.249ms
[798.349s][info][gc,start       ] GC(1264) Pause Cleanup
[798.349s][info][gc             ] GC(1264) Pause Cleanup 118M->118M(184M) 0.321ms
[798.350s][info][gc,cpu         ] GC(1264) User=0.00s Sys=0.00s Real=0.00s
[798.350s][info][gc,marking     ] GC(1264) Concurrent Clear Claimed Marks
[798.350s][info][gc,marking     ] GC(1264) Concurrent Clear Claimed Marks 0.132ms
[798.350s][info][gc,marking     ] GC(1264) Concurrent Cleanup for Next Mark
[798.350s][info][gc,marking     ] GC(1264) Concurrent Cleanup for Next Mark 0.516ms
[798.350s][info][gc             ] GC(1264) Concurrent Mark Cycle 216.763ms
[798.534s][info][gc,start       ] GC(1265) Pause Young (Prepare Mixed) (G1 Evacuation Pause)
[798.534s][info][gc,task        ] GC(1265) Using 8 workers of 8 for evacuation
[798.539s][info][gc,phases      ] GC(1265)   Pre Evacuate Collection Set: 0.1ms
[798.539s][info][gc,phases      ] GC(1265)   Merge Heap Roots: 0.1ms
[798.539s][info][gc,phases      ] GC(1265)   Evacuate Collection Set: 4.0ms
[798.539s][info][gc,phases      ] GC(1265)   Post Evacuate Collection Set: 0.5ms
[798.539s][info][gc,phases      ] GC(1265)   Other: 0.1ms
[798.539s][info][gc,heap        ] GC(1265) Eden regions: 88->0(89)
[798.539s][info][gc,heap        ] GC(1265) Survivor regions: 5->5(12)
[798.539s][info][gc,heap        ] GC(1265) Old regions: 71->72
[798.539s][info][gc,heap        ] GC(1265) Humongous regions: 3->3
[798.539s][info][gc,metaspace   ] GC(1265) Metaspace: 84791K(85952K)->84791K(85952K) NonClass: 73860K(74496K)->73860K(74496K) Class: 10930K(11456K)->10930K(11456K)
[798.539s][info][gc             ] GC(1265) Pause Young (Prepare Mixed) (G1 Evacuation Pause) 166M->78M(184M) 5.426ms
[798.540s][info][gc,cpu         ] GC(1265) User=0.00s Sys=0.00s Real=0.01s
[798.887s][info][gc,start       ] GC(1266) Pause Young (Mixed) (G1 Evacuation Pause)
[798.888s][info][gc,task        ] GC(1266) Using 8 workers of 8 for evacuation
[798.895s][info][gc,phases      ] GC(1266)   Pre Evacuate Collection Set: 0.2ms
[798.895s][info][gc,phases      ] GC(1266)   Merge Heap Roots: 0.2ms
[798.895s][info][gc,phases      ] GC(1266)   Evacuate Collection Set: 6.3ms
[798.895s][info][gc,phases      ] GC(1266)   Post Evacuate Collection Set: 0.7ms
[798.895s][info][gc,phases      ] GC(1266)   Other: 0.1ms
[798.895s][info][gc,heap        ] GC(1266) Eden regions: 89->0(89)
[798.895s][info][gc,heap        ] GC(1266) Survivor regions: 5->5(12)
[798.895s][info][gc,heap        ] GC(1266) Old regions: 72->72
[798.895s][info][gc,heap        ] GC(1266) Humongous regions: 3->3
[798.895s][info][gc,metaspace   ] GC(1266) Metaspace: 84791K(85952K)->84791K(85952K) NonClass: 73860K(74496K)->73860K(74496K) Class: 10930K(11456K)->10930K(11456K)
[798.896s][info][gc             ] GC(1266) Pause Young (Mixed) (G1 Evacuation Pause) 167M->78M(184M) 8.021ms
[798.896s][info][gc,cpu         ] GC(1266) User=0.00s Sys=0.02s Real=0.01s
[799.160s][info][gc,start       ] GC(1267) Pause Young (Concurrent Start) (G1 Humongous Allocation)
[799.160s][info][gc,task        ] GC(1267) Using 8 workers of 8 for evacuation
[799.166s][info][gc,phases      ] GC(1267)   Pre Evacuate Collection Set: 0.2ms
[799.166s][info][gc,phases      ] GC(1267)   Merge Heap Roots: 0.1ms
[799.166s][info][gc,phases      ] GC(1267)   Evacuate Collection Set: 4.1ms
[799.166s][info][gc,phases      ] GC(1267)   Post Evacuate Collection Set: 0.6ms
[799.166s][info][gc,phases      ] GC(1267)   Other: 0.2ms
[799.166s][info][gc,heap        ] GC(1267) Eden regions: 81->0(89)
[799.166s][info][gc,heap        ] GC(1267) Survivor regions: 5->5(12)
[799.166s][info][gc,heap        ] GC(1267) Old regions: 72->72
[799.166s][info][gc,heap        ] GC(1267) Humongous regions: 3->3
[799.166s][info][gc,metaspace   ] GC(1267) Metaspace: 84791K(85952K)->84791K(85952K) NonClass: 73860K(74496K)->73860K(74496K) Class: 10930K(11456K)->10930K(11456K)
[799.166s][info][gc             ] GC(1267) Pause Young (Concurrent Start) (G1 Humongous Allocation) 159M->78M(184M) 6.043ms
[799.166s][info][gc,cpu         ] GC(1267) User=0.00s Sys=0.00s Real=0.01s
[799.166s][info][gc             ] GC(1268) Concurrent Mark Cycle
[799.166s][info][gc,marking     ] GC(1268) Concurrent Scan Root Regions
[799.170s][info][gc,marking     ] GC(1268) Concurrent Scan Root Regions 3.548ms
[799.170s][info][gc,marking     ] GC(1268) Concurrent Mark
[799.170s][info][gc,marking     ] GC(1268) Concurrent Mark From Roots
[799.170s][info][gc,task        ] GC(1268) Using 2 workers of 2 for marking
[799.309s][info][gc,marking     ] GC(1268) Concurrent Mark From Roots 138.728ms
[799.309s][info][gc,marking     ] GC(1268) Concurrent Preclean
[799.309s][info][gc,marking     ] GC(1268) Concurrent Preclean 0.560ms
[799.310s][info][gc,start       ] GC(1268) Pause Remark
[799.317s][info][gc             ] GC(1268) Pause Remark 113M->113M(192M) 7.203ms
[799.317s][info][gc,cpu         ] GC(1268) User=0.11s Sys=0.02s Real=0.01s
[799.317s][info][gc,marking     ] GC(1268) Concurrent Mark 146.988ms
[799.317s][info][gc,marking     ] GC(1268) Concurrent Rebuild Remembered Sets and Scrub Regions
[799.358s][info][gc,marking     ] GC(1268) Concurrent Rebuild Remembered Sets and Scrub Regions 41.047ms
[799.358s][info][gc,start       ] GC(1268) Pause Cleanup
[799.358s][info][gc             ] GC(1268) Pause Cleanup 121M->121M(192M) 0.184ms
[799.359s][info][gc,cpu         ] GC(1268) User=0.00s Sys=0.00s Real=0.00s
[799.359s][info][gc,marking     ] GC(1268) Concurrent Clear Claimed Marks
[799.359s][info][gc,marking     ] GC(1268) Concurrent Clear Claimed Marks 0.124ms
[799.359s][info][gc,marking     ] GC(1268) Concurrent Cleanup for Next Mark
[799.359s][info][gc,marking     ] GC(1268) Concurrent Cleanup for Next Mark 0.411ms
[799.359s][info][gc             ] GC(1268) Concurrent Mark Cycle 192.963ms
[799.541s][info][gc,start       ] GC(1269) Pause Young (Normal) (G1 Evacuation Pause)
[799.541s][info][gc,task        ] GC(1269) Using 8 workers of 8 for evacuation
[799.548s][info][gc,phases      ] GC(1269)   Pre Evacuate Collection Set: 0.2ms
[799.548s][info][gc,phases      ] GC(1269)   Merge Heap Roots: 0.2ms
[799.548s][info][gc,phases      ] GC(1269)   Evacuate Collection Set: 4.9ms
[799.548s][info][gc,phases      ] GC(1269)   Post Evacuate Collection Set: 0.6ms
[799.548s][info][gc,phases      ] GC(1269)   Other: 0.1ms
[799.548s][info][gc,heap        ] GC(1269) Eden regions: 88->0(97)
[799.548s][info][gc,heap        ] GC(1269) Survivor regions: 5->4(12)
[799.548s][info][gc,heap        ] GC(1269) Old regions: 72->72
[799.548s][info][gc,heap        ] GC(1269) Humongous regions: 4->4
[799.548s][info][gc,metaspace   ] GC(1269) Metaspace: 84791K(85952K)->84791K(85952K) NonClass: 73860K(74496K)->73860K(74496K) Class: 10930K(11456K)->10930K(11456K)
[799.548s][info][gc             ] GC(1269) Pause Young (Normal) (G1 Evacuation Pause) 167M->79M(192M) 6.762ms
[799.548s][info][gc,cpu         ] GC(1269) User=0.09s Sys=0.00s Real=0.01s
[799.860s][info][gc,start       ] GC(1270) Pause Young (Concurrent Start) (G1 Evacuation Pause)
[799.860s][info][gc,task        ] GC(1270) Using 8 workers of 8 for evacuation
[799.865s][info][gc,phases      ] GC(1270)   Pre Evacuate Collection Set: 0.2ms
[799.865s][info][gc,phases      ] GC(1270)   Merge Heap Roots: 0.1ms
[799.865s][info][gc,phases      ] GC(1270)   Evacuate Collection Set: 3.6ms
[799.865s][info][gc,phases      ] GC(1270)   Post Evacuate Collection Set: 0.7ms
[799.865s][info][gc,phases      ] GC(1270)   Other: 0.2ms
[799.865s][info][gc,heap        ] GC(1270) Eden regions: 97->0(94)
[799.865s][info][gc,heap        ] GC(1270) Survivor regions: 4->5(13)
[799.865s][info][gc,heap        ] GC(1270) Old regions: 72->73
[799.865s][info][gc,heap        ] GC(1270) Humongous regions: 4->4
[799.865s][info][gc,metaspace   ] GC(1270) Metaspace: 84791K(85952K)->84791K(85952K) NonClass: 73860K(74496K)->73860K(74496K) Class: 10930K(11456K)->10930K(11456K)
[799.866s][info][gc             ] GC(1270) Pause Young (Concurrent Start) (G1 Evacuation Pause) 176M->80M(192M) 5.573ms
[799.866s][info][gc,cpu         ] GC(1270) User=0.00s Sys=0.00s Real=0.01s
[799.866s][info][gc             ] GC(1271) Concurrent Mark Cycle
[799.866s][info][gc,marking     ] GC(1271) Concurrent Scan Root Regions
[799.870s][info][gc,marking     ] GC(1271) Concurrent Scan Root Regions 3.799ms
[799.870s][info][gc,marking     ] GC(1271) Concurrent Mark
[799.870s][info][gc,marking     ] GC(1271) Concurrent Mark From Roots
[799.870s][info][gc,task        ] GC(1271) Using 2 workers of 2 for marking
[800.034s][info][gc,marking     ] GC(1271) Concurrent Mark From Roots 163.947ms
[800.034s][info][gc,marking     ] GC(1271) Concurrent Preclean
[800.034s][info][gc,marking     ] GC(1271) Concurrent Preclean 0.352ms
[800.034s][info][gc,start       ] GC(1271) Pause Remark
[800.040s][info][gc             ] GC(1271) Pause Remark 113M->112M(192M) 6.041ms
[800.040s][info][gc,cpu         ] GC(1271) User=0.00s Sys=0.00s Real=0.01s
[800.040s][info][gc,marking     ] GC(1271) Concurrent Mark 170.843ms
[800.040s][info][gc,marking     ] GC(1271) Concurrent Rebuild Remembered Sets and Scrub Regions
[800.094s][info][gc,marking     ] GC(1271) Concurrent Rebuild Remembered Sets and Scrub Regions 53.172ms
[800.094s][info][gc,start       ] GC(1271) Pause Cleanup
[800.094s][info][gc             ] GC(1271) Pause Cleanup 124M->124M(192M) 0.167ms
[800.094s][info][gc,cpu         ] GC(1271) User=0.00s Sys=0.00s Real=0.00s
[800.094s][info][gc,marking     ] GC(1271) Concurrent Clear Claimed Marks
[800.094s][info][gc,marking     ] GC(1271) Concurrent Clear Claimed Marks 0.117ms
[800.094s][info][gc,marking     ] GC(1271) Concurrent Cleanup for Next Mark
[800.095s][info][gc,marking     ] GC(1271) Concurrent Cleanup for Next Mark 0.342ms
[800.095s][info][gc             ] GC(1271) Concurrent Mark Cycle 229.111ms
[800.261s][info][gc,start       ] GC(1272) Pause Young (Normal) (G1 Evacuation Pause)
[800.261s][info][gc,task        ] GC(1272) Using 8 workers of 8 for evacuation
[800.267s][info][gc,phases      ] GC(1272)   Pre Evacuate Collection Set: 0.2ms
[800.267s][info][gc,phases      ] GC(1272)   Merge Heap Roots: 0.1ms
[800.267s][info][gc,phases      ] GC(1272)   Evacuate Collection Set: 4.5ms
[800.267s][info][gc,phases      ] GC(1272)   Post Evacuate Collection Set: 0.6ms
[800.267s][info][gc,phases      ] GC(1272)   Other: 0.1ms
[800.267s][info][gc,heap        ] GC(1272) Eden regions: 94->0(95)
[800.267s][info][gc,heap        ] GC(1272) Survivor regions: 5->5(13)
[800.267s][info][gc,heap        ] GC(1272) Old regions: 73->73
[800.267s][info][gc,heap        ] GC(1272) Humongous regions: 3->3
[800.267s][info][gc,metaspace   ] GC(1272) Metaspace: 84791K(85952K)->84791K(85952K) NonClass: 73860K(74496K)->73860K(74496K) Class: 10930K(11456K)->10930K(11456K)
[800.267s][info][gc             ] GC(1272) Pause Young (Normal) (G1 Evacuation Pause) 173M->80M(192M) 6.076ms
[800.268s][info][gc,cpu         ] GC(1272) User=0.09s Sys=0.00s Real=0.01s
[800.616s][info][gc,start       ] GC(1273) Pause Young (Concurrent Start) (G1 Evacuation Pause)
[800.616s][info][gc,task        ] GC(1273) Using 8 workers of 8 for evacuation
[800.621s][info][gc,phases      ] GC(1273)   Pre Evacuate Collection Set: 0.2ms
[800.621s][info][gc,phases      ] GC(1273)   Merge Heap Roots: 0.1ms
[800.621s][info][gc,phases      ] GC(1273)   Evacuate Collection Set: 3.7ms
[800.621s][info][gc,phases      ] GC(1273)   Post Evacuate Collection Set: 0.5ms
[800.621s][info][gc,phases      ] GC(1273)   Other: 0.3ms
[800.621s][info][gc,heap        ] GC(1273) Eden regions: 95->0(95)
[800.621s][info][gc,heap        ] GC(1273) Survivor regions: 5->5(13)
[800.622s][info][gc,heap        ] GC(1273) Old regions: 73->73
[800.622s][info][gc,heap        ] GC(1273) Humongous regions: 3->3
[800.622s][info][gc,metaspace   ] GC(1273) Metaspace: 84791K(85952K)->84791K(85952K) NonClass: 73860K(74496K)->73860K(74496K) Class: 10930K(11456K)->10930K(11456K)
[800.622s][info][gc             ] GC(1273) Pause Young (Concurrent Start) (G1 Evacuation Pause) 175M->80M(192M) 5.522ms
[800.622s][info][gc,cpu         ] GC(1273) User=0.00s Sys=0.00s Real=0.01s
[800.622s][info][gc             ] GC(1274) Concurrent Mark Cycle
[800.622s][info][gc,marking     ] GC(1274) Concurrent Scan Root Regions
[800.625s][info][gc,marking     ] GC(1274) Concurrent Scan Root Regions 3.421ms
[800.625s][info][gc,marking     ] GC(1274) Concurrent Mark
[800.625s][info][gc,marking     ] GC(1274) Concurrent Mark From Roots
[800.625s][info][gc,task        ] GC(1274) Using 2 workers of 2 for marking
[800.772s][info][gc,marking     ] GC(1274) Concurrent Mark From Roots 146.106ms
[800.772s][info][gc,marking     ] GC(1274) Concurrent Preclean
[800.772s][info][gc,marking     ] GC(1274) Concurrent Preclean 0.316ms
[800.772s][info][gc,start       ] GC(1274) Pause Remark
[800.779s][info][gc             ] GC(1274) Pause Remark 115M->115M(195M) 7.108ms
[800.779s][info][gc,cpu         ] GC(1274) User=0.09s Sys=0.00s Real=0.01s
[800.780s][info][gc,marking     ] GC(1274) Concurrent Mark 154.389ms
[800.780s][info][gc,marking     ] GC(1274) Concurrent Rebuild Remembered Sets and Scrub Regions
[800.833s][info][gc,marking     ] GC(1274) Concurrent Rebuild Remembered Sets and Scrub Regions 53.031ms
[800.833s][info][gc,start       ] GC(1274) Pause Cleanup
[800.833s][info][gc             ] GC(1274) Pause Cleanup 127M->127M(195M) 0.178ms
[800.833s][info][gc,cpu         ] GC(1274) User=0.00s Sys=0.00s Real=0.00s
[800.833s][info][gc,marking     ] GC(1274) Concurrent Clear Claimed Marks
[800.834s][info][gc,marking     ] GC(1274) Concurrent Clear Claimed Marks 0.121ms
[800.834s][info][gc,marking     ] GC(1274) Concurrent Cleanup for Next Mark
[800.834s][info][gc,marking     ] GC(1274) Concurrent Cleanup for Next Mark 0.368ms
[800.834s][info][gc             ] GC(1274) Concurrent Mark Cycle 212.291ms
[801.017s][info][gc,start       ] GC(1275) Pause Young (Prepare Mixed) (G1 Evacuation Pause)
[801.017s][info][gc,task        ] GC(1275) Using 8 workers of 8 for evacuation
[801.021s][info][gc,phases      ] GC(1275)   Pre Evacuate Collection Set: 0.1ms
[801.022s][info][gc,phases      ] GC(1275)   Merge Heap Roots: 0.1ms
[801.022s][info][gc,phases      ] GC(1275)   Evacuate Collection Set: 3.3ms
[801.022s][info][gc,phases      ] GC(1275)   Post Evacuate Collection Set: 0.5ms
[801.022s][info][gc,phases      ] GC(1275)   Other: 0.1ms
[801.022s][info][gc,heap        ] GC(1275) Eden regions: 95->0(97)
[801.022s][info][gc,heap        ] GC(1275) Survivor regions: 5->5(13)
[801.022s][info][gc,heap        ] GC(1275) Old regions: 73->74
[801.022s][info][gc,heap        ] GC(1275) Humongous regions: 3->3
[801.022s][info][gc,metaspace   ] GC(1275) Metaspace: 84791K(85952K)->84791K(85952K) NonClass: 73860K(74496K)->73860K(74496K) Class: 10930K(11456K)->10930K(11456K)
[801.022s][info][gc             ] GC(1275) Pause Young (Prepare Mixed) (G1 Evacuation Pause) 175M->80M(195M) 4.617ms
[801.022s][info][gc,cpu         ] GC(1275) User=0.00s Sys=0.00s Real=0.00s
[801.401s][info][gc,start       ] GC(1276) Pause Young (Mixed) (G1 Evacuation Pause)
[801.401s][info][gc,task        ] GC(1276) Using 8 workers of 8 for evacuation
[801.407s][info][gc,phases      ] GC(1276)   Pre Evacuate Collection Set: 0.2ms
[801.407s][info][gc,phases      ] GC(1276)   Merge Heap Roots: 0.1ms
[801.407s][info][gc,phases      ] GC(1276)   Evacuate Collection Set: 4.4ms
[801.407s][info][gc,phases      ] GC(1276)   Post Evacuate Collection Set: 0.5ms
[801.407s][info][gc,phases      ] GC(1276)   Other: 0.1ms
[801.407s][info][gc,heap        ] GC(1276) Eden regions: 97->0(97)
[801.407s][info][gc,heap        ] GC(1276) Survivor regions: 5->5(13)
[801.407s][info][gc,heap        ] GC(1276) Old regions: 74->74
[801.407s][info][gc,heap        ] GC(1276) Humongous regions: 3->3
[801.407s][info][gc,metaspace   ] GC(1276) Metaspace: 84791K(85952K)->84791K(85952K) NonClass: 73860K(74496K)->73860K(74496K) Class: 10930K(11456K)->10930K(11456K)
[801.407s][info][gc             ] GC(1276) Pause Young (Mixed) (G1 Evacuation Pause) 177M->80M(195M) 6.064ms
[801.407s][info][gc,cpu         ] GC(1276) User=0.11s Sys=0.00s Real=0.01s
[801.752s][info][gc,start       ] GC(1277) Pause Young (Concurrent Start) (G1 Evacuation Pause)
[801.752s][info][gc,task        ] GC(1277) Using 8 workers of 8 for evacuation
[801.756s][info][gc,phases      ] GC(1277)   Pre Evacuate Collection Set: 0.2ms
[801.756s][info][gc,phases      ] GC(1277)   Merge Heap Roots: 0.1ms
[801.756s][info][gc,phases      ] GC(1277)   Evacuate Collection Set: 3.0ms
[801.756s][info][gc,phases      ] GC(1277)   Post Evacuate Collection Set: 0.4ms
[801.756s][info][gc,phases      ] GC(1277)   Other: 0.2ms
[801.756s][info][gc,heap        ] GC(1277) Eden regions: 97->0(97)
[801.756s][info][gc,heap        ] GC(1277) Survivor regions: 5->5(13)
[801.756s][info][gc,heap        ] GC(1277) Old regions: 74->74
[801.756s][info][gc,heap        ] GC(1277) Humongous regions: 3->3
[801.757s][info][gc,metaspace   ] GC(1277) Metaspace: 84791K(85952K)->84791K(85952K) NonClass: 73860K(74496K)->73860K(74496K) Class: 10930K(11456K)->10930K(11456K)
[801.757s][info][gc             ] GC(1277) Pause Young (Concurrent Start) (G1 Evacuation Pause) 177M->80M(195M) 4.333ms
[801.757s][info][gc,cpu         ] GC(1277) User=0.00s Sys=0.00s Real=0.01s
[801.757s][info][gc             ] GC(1278) Concurrent Mark Cycle
[801.757s][info][gc,marking     ] GC(1278) Concurrent Scan Root Regions
[801.760s][info][gc,marking     ] GC(1278) Concurrent Scan Root Regions 3.709ms
[801.761s][info][gc,marking     ] GC(1278) Concurrent Mark
[801.761s][info][gc,marking     ] GC(1278) Concurrent Mark From Roots
[801.761s][info][gc,task        ] GC(1278) Using 2 workers of 2 for marking
[801.911s][info][gc,marking     ] GC(1278) Concurrent Mark From Roots 150.687ms
[801.911s][info][gc,marking     ] GC(1278) Concurrent Preclean
[801.912s][info][gc,marking     ] GC(1278) Concurrent Preclean 0.189ms
[801.912s][info][gc,start       ] GC(1278) Pause Remark
[801.919s][info][gc             ] GC(1278) Pause Remark 113M->113M(195M) 7.096ms
[801.919s][info][gc,cpu         ] GC(1278) User=0.03s Sys=0.00s Real=0.01s
[801.919s][info][gc,marking     ] GC(1278) Concurrent Mark 158.472ms
[801.919s][info][gc,marking     ] GC(1278) Concurrent Rebuild Remembered Sets and Scrub Regions
[801.974s][info][gc,marking     ] GC(1278) Concurrent Rebuild Remembered Sets and Scrub Regions 54.472ms
[801.974s][info][gc,start       ] GC(1278) Pause Cleanup
[801.974s][info][gc             ] GC(1278) Pause Cleanup 121M->121M(195M) 0.205ms
[801.974s][info][gc,cpu         ] GC(1278) User=0.00s Sys=0.00s Real=0.00s
[801.974s][info][gc,marking     ] GC(1278) Concurrent Clear Claimed Marks
[801.974s][info][gc,marking     ] GC(1278) Concurrent Clear Claimed Marks 0.125ms
[801.974s][info][gc,marking     ] GC(1278) Concurrent Cleanup for Next Mark
[801.975s][info][gc,marking     ] GC(1278) Concurrent Cleanup for Next Mark 0.382ms
[801.975s][info][gc             ] GC(1278) Concurrent Mark Cycle 218.084ms
[802.167s][info][gc,start       ] GC(1279) Pause Young (Normal) (G1 Evacuation Pause)
[802.167s][info][gc,task        ] GC(1279) Using 8 workers of 8 for evacuation
[802.172s][info][gc,phases      ] GC(1279)   Pre Evacuate Collection Set: 0.2ms
[802.172s][info][gc,phases      ] GC(1279)   Merge Heap Roots: 0.1ms
[802.172s][info][gc,phases      ] GC(1279)   Evacuate Collection Set: 3.9ms
[802.172s][info][gc,phases      ] GC(1279)   Post Evacuate Collection Set: 0.5ms
[802.172s][info][gc,phases      ] GC(1279)   Other: 0.2ms
[802.172s][info][gc,heap        ] GC(1279) Eden regions: 97->0(97)
[802.172s][info][gc,heap        ] GC(1279) Survivor regions: 5->5(13)
[802.172s][info][gc,heap        ] GC(1279) Old regions: 74->74
[802.172s][info][gc,heap        ] GC(1279) Humongous regions: 3->3
[802.173s][info][gc,metaspace   ] GC(1279) Metaspace: 84791K(85952K)->84791K(85952K) NonClass: 73860K(74496K)->73860K(74496K) Class: 10930K(11456K)->10930K(11456K)
[802.173s][info][gc             ] GC(1279) Pause Young (Normal) (G1 Evacuation Pause) 177M->81M(195M) 5.372ms
[802.173s][info][gc,cpu         ] GC(1279) User=0.09s Sys=0.00s Real=0.01s
[802.510s][info][gc,start       ] GC(1280) Pause Young (Concurrent Start) (G1 Evacuation Pause)
[802.510s][info][gc,task        ] GC(1280) Using 8 workers of 8 for evacuation
[802.515s][info][gc,phases      ] GC(1280)   Pre Evacuate Collection Set: 0.3ms
[802.515s][info][gc,phases      ] GC(1280)   Merge Heap Roots: 0.2ms
[802.515s][info][gc,phases      ] GC(1280)   Evacuate Collection Set: 3.8ms
[802.515s][info][gc,phases      ] GC(1280)   Post Evacuate Collection Set: 0.6ms
[802.515s][info][gc,phases      ] GC(1280)   Other: 0.2ms
[802.515s][info][gc,heap        ] GC(1280) Eden regions: 97->0(96)
[802.515s][info][gc,heap        ] GC(1280) Survivor regions: 5->5(13)
[802.515s][info][gc,heap        ] GC(1280) Old regions: 74->75
[802.515s][info][gc,heap        ] GC(1280) Humongous regions: 3->3
[802.515s][info][gc,metaspace   ] GC(1280) Metaspace: 84791K(85952K)->84791K(85952K) NonClass: 73860K(74496K)->73860K(74496K) Class: 10930K(11456K)->10930K(11456K)
[802.515s][info][gc             ] GC(1280) Pause Young (Concurrent Start) (G1 Evacuation Pause) 178M->81M(195M) 5.817ms
[802.516s][info][gc,cpu         ] GC(1280) User=0.09s Sys=0.00s Real=0.01s
[802.516s][info][gc             ] GC(1281) Concurrent Mark Cycle
[802.516s][info][gc,marking     ] GC(1281) Concurrent Scan Root Regions
[802.519s][info][gc,marking     ] GC(1281) Concurrent Scan Root Regions 3.431ms
[802.519s][info][gc,marking     ] GC(1281) Concurrent Mark
[802.519s][info][gc,marking     ] GC(1281) Concurrent Mark From Roots
[802.519s][info][gc,task        ] GC(1281) Using 2 workers of 2 for marking
[802.661s][info][gc,marking     ] GC(1281) Concurrent Mark From Roots 141.614ms
[802.661s][info][gc,marking     ] GC(1281) Concurrent Preclean
[802.661s][info][gc,marking     ] GC(1281) Concurrent Preclean 0.329ms
[802.661s][info][gc,start       ] GC(1281) Pause Remark
[802.668s][info][gc             ] GC(1281) Pause Remark 115M->115M(195M) 6.618ms
[802.668s][info][gc,cpu         ] GC(1281) User=0.00s Sys=0.00s Real=0.01s
[802.668s][info][gc,marking     ] GC(1281) Concurrent Mark 149.108ms
[802.668s][info][gc,marking     ] GC(1281) Concurrent Rebuild Remembered Sets and Scrub Regions
[802.728s][info][gc,marking     ] GC(1281) Concurrent Rebuild Remembered Sets and Scrub Regions 59.819ms
[802.728s][info][gc,start       ] GC(1281) Pause Cleanup
[802.729s][info][gc             ] GC(1281) Pause Cleanup 123M->123M(195M) 0.204ms
[802.729s][info][gc,cpu         ] GC(1281) User=0.00s Sys=0.00s Real=0.00s
[802.729s][info][gc,marking     ] GC(1281) Concurrent Clear Claimed Marks
[802.729s][info][gc,marking     ] GC(1281) Concurrent Clear Claimed Marks 0.098ms
[802.729s][info][gc,marking     ] GC(1281) Concurrent Cleanup for Next Mark
[802.729s][info][gc,marking     ] GC(1281) Concurrent Cleanup for Next Mark 0.395ms
[802.729s][info][gc             ] GC(1281) Concurrent Mark Cycle 213.792ms
[802.934s][info][gc,start       ] GC(1282) Pause Young (Normal) (G1 Evacuation Pause)
[802.934s][info][gc,task        ] GC(1282) Using 8 workers of 8 for evacuation
[802.938s][info][gc,phases      ] GC(1282)   Pre Evacuate Collection Set: 0.2ms
[802.938s][info][gc,phases      ] GC(1282)   Merge Heap Roots: 0.1ms
[802.938s][info][gc,phases      ] GC(1282)   Evacuate Collection Set: 3.3ms
[802.938s][info][gc,phases      ] GC(1282)   Post Evacuate Collection Set: 0.5ms
[802.938s][info][gc,phases      ] GC(1282)   Other: 0.1ms
[802.938s][info][gc,heap        ] GC(1282) Eden regions: 96->0(96)
[802.938s][info][gc,heap        ] GC(1282) Survivor regions: 5->5(13)
[802.938s][info][gc,heap        ] GC(1282) Old regions: 75->75
[802.938s][info][gc,heap        ] GC(1282) Humongous regions: 3->3
[802.938s][info][gc,metaspace   ] GC(1282) Metaspace: 84791K(85952K)->84791K(85952K) NonClass: 73860K(74496K)->73860K(74496K) Class: 10930K(11456K)->10930K(11456K)
[802.938s][info][gc             ] GC(1282) Pause Young (Normal) (G1 Evacuation Pause) 177M->81M(195M) 4.760ms
[802.938s][info][gc,cpu         ] GC(1282) User=0.12s Sys=0.00s Real=0.01s
[803.304s][info][gc,start       ] GC(1283) Pause Young (Concurrent Start) (G1 Evacuation Pause)
[803.304s][info][gc,task        ] GC(1283) Using 8 workers of 8 for evacuation
[803.308s][info][gc,phases      ] GC(1283)   Pre Evacuate Collection Set: 0.2ms
[803.308s][info][gc,phases      ] GC(1283)   Merge Heap Roots: 0.1ms
[803.308s][info][gc,phases      ] GC(1283)   Evacuate Collection Set: 3.5ms
[803.308s][info][gc,phases      ] GC(1283)   Post Evacuate Collection Set: 0.4ms
[803.308s][info][gc,phases      ] GC(1283)   Other: 0.2ms
[803.309s][info][gc,heap        ] GC(1283) Eden regions: 96->0(96)
[803.309s][info][gc,heap        ] GC(1283) Survivor regions: 5->5(13)
[803.309s][info][gc,heap        ] GC(1283) Old regions: 75->75
[803.309s][info][gc,heap        ] GC(1283) Humongous regions: 3->3
[803.309s][info][gc,metaspace   ] GC(1283) Metaspace: 84791K(85952K)->84791K(85952K) NonClass: 73860K(74496K)->73860K(74496K) Class: 10930K(11456K)->10930K(11456K)
[803.309s][info][gc             ] GC(1283) Pause Young (Concurrent Start) (G1 Evacuation Pause) 177M->82M(195M) 4.808ms
[803.309s][info][gc,cpu         ] GC(1283) User=0.00s Sys=0.00s Real=0.00s
[803.309s][info][gc             ] GC(1284) Concurrent Mark Cycle
[803.309s][info][gc,marking     ] GC(1284) Concurrent Scan Root Regions
[803.313s][info][gc,marking     ] GC(1284) Concurrent Scan Root Regions 4.224ms
[803.313s][info][gc,marking     ] GC(1284) Concurrent Mark
[803.313s][info][gc,marking     ] GC(1284) Concurrent Mark From Roots
[803.313s][info][gc,task        ] GC(1284) Using 2 workers of 2 for marking
[803.478s][info][gc,marking     ] GC(1284) Concurrent Mark From Roots 164.964ms
[803.478s][info][gc,marking     ] GC(1284) Concurrent Preclean
[803.479s][info][gc,marking     ] GC(1284) Concurrent Preclean 0.259ms
[803.479s][info][gc,start       ] GC(1284) Pause Remark
[803.487s][info][gc             ] GC(1284) Pause Remark 114M->114M(195M) 8.079ms
[803.487s][info][gc,cpu         ] GC(1284) User=0.02s Sys=0.02s Real=0.01s
[803.487s][info][gc,marking     ] GC(1284) Concurrent Mark 174.029ms
[803.487s][info][gc,marking     ] GC(1284) Concurrent Rebuild Remembered Sets and Scrub Regions
[803.538s][info][gc,marking     ] GC(1284) Concurrent Rebuild Remembered Sets and Scrub Regions 51.091ms
[803.539s][info][gc,start       ] GC(1284) Pause Cleanup
[803.539s][info][gc             ] GC(1284) Pause Cleanup 123M->123M(195M) 0.176ms
[803.539s][info][gc,cpu         ] GC(1284) User=0.00s Sys=0.00s Real=0.00s
[803.539s][info][gc,marking     ] GC(1284) Concurrent Clear Claimed Marks
[803.539s][info][gc,marking     ] GC(1284) Concurrent Clear Claimed Marks 0.124ms
[803.539s][info][gc,marking     ] GC(1284) Concurrent Cleanup for Next Mark
[803.540s][info][gc,marking     ] GC(1284) Concurrent Cleanup for Next Mark 0.352ms
[803.540s][info][gc             ] GC(1284) Concurrent Mark Cycle 230.970ms
[803.762s][info][gc,start       ] GC(1285) Pause Young (Normal) (G1 Evacuation Pause)
[803.762s][info][gc,task        ] GC(1285) Using 8 workers of 8 for evacuation
[803.768s][info][gc,phases      ] GC(1285)   Pre Evacuate Collection Set: 0.2ms
[803.768s][info][gc,phases      ] GC(1285)   Merge Heap Roots: 0.2ms
[803.768s][info][gc,phases      ] GC(1285)   Evacuate Collection Set: 5.2ms
[803.769s][info][gc,phases      ] GC(1285)   Post Evacuate Collection Set: 0.9ms
[803.769s][info][gc,phases      ] GC(1285)   Other: 0.2ms
[803.769s][info][gc,heap        ] GC(1285) Eden regions: 96->0(95)
[803.769s][info][gc,heap        ] GC(1285) Survivor regions: 5->5(13)
[803.769s][info][gc,heap        ] GC(1285) Old regions: 75->76
[803.769s][info][gc,heap        ] GC(1285) Humongous regions: 3->3
[803.769s][info][gc,metaspace   ] GC(1285) Metaspace: 84791K(85952K)->84791K(85952K) NonClass: 73860K(74496K)->73860K(74496K) Class: 10930K(11456K)->10930K(11456K)
[803.769s][info][gc             ] GC(1285) Pause Young (Normal) (G1 Evacuation Pause) 178M->82M(195M) 7.467ms
[803.769s][info][gc,cpu         ] GC(1285) User=0.11s Sys=0.00s Real=0.01s
[804.097s][info][gc,start       ] GC(1286) Pause Young (Concurrent Start) (G1 Evacuation Pause)
[804.097s][info][gc,task        ] GC(1286) Using 8 workers of 8 for evacuation
[804.102s][info][gc,phases      ] GC(1286)   Pre Evacuate Collection Set: 0.2ms
[804.102s][info][gc,phases      ] GC(1286)   Merge Heap Roots: 0.1ms
[804.103s][info][gc,phases      ] GC(1286)   Evacuate Collection Set: 4.6ms
[804.103s][info][gc,phases      ] GC(1286)   Post Evacuate Collection Set: 0.6ms
[804.103s][info][gc,phases      ] GC(1286)   Other: 0.2ms
[804.103s][info][gc,heap        ] GC(1286) Eden regions: 95->0(95)
[804.103s][info][gc,heap        ] GC(1286) Survivor regions: 5->5(13)
[804.103s][info][gc,heap        ] GC(1286) Old regions: 76->76
[804.103s][info][gc,heap        ] GC(1286) Humongous regions: 3->3
[804.103s][info][gc,metaspace   ] GC(1286) Metaspace: 84791K(85952K)->84791K(85952K) NonClass: 73860K(74496K)->73860K(74496K) Class: 10930K(11456K)->10930K(11456K)
[804.103s][info][gc             ] GC(1286) Pause Young (Concurrent Start) (G1 Evacuation Pause) 177M->82M(195M) 6.391ms
[804.103s][info][gc,cpu         ] GC(1286) User=0.00s Sys=0.00s Real=0.01s
[804.103s][info][gc             ] GC(1287) Concurrent Mark Cycle
[804.103s][info][gc,marking     ] GC(1287) Concurrent Scan Root Regions
[804.106s][info][gc,marking     ] GC(1287) Concurrent Scan Root Regions 2.796ms
[804.106s][info][gc,marking     ] GC(1287) Concurrent Mark
[804.106s][info][gc,marking     ] GC(1287) Concurrent Mark From Roots
[804.106s][info][gc,task        ] GC(1287) Using 2 workers of 2 for marking
[804.241s][info][gc,marking     ] GC(1287) Concurrent Mark From Roots 135.315ms
[804.241s][info][gc,marking     ] GC(1287) Concurrent Preclean
[804.242s][info][gc,marking     ] GC(1287) Concurrent Preclean 0.170ms
[804.242s][info][gc,start       ] GC(1287) Pause Remark
[804.249s][info][gc             ] GC(1287) Pause Remark 115M->115M(195M) 7.707ms
[804.250s][info][gc,cpu         ] GC(1287) User=0.08s Sys=0.00s Real=0.01s
[804.250s][info][gc,marking     ] GC(1287) Concurrent Mark 143.681ms
[804.250s][info][gc,marking     ] GC(1287) Concurrent Rebuild Remembered Sets and Scrub Regions
[804.298s][info][gc,marking     ] GC(1287) Concurrent Rebuild Remembered Sets and Scrub Regions 48.031ms
[804.298s][info][gc,start       ] GC(1287) Pause Cleanup
[804.298s][info][gc             ] GC(1287) Pause Cleanup 123M->123M(195M) 0.291ms
[804.298s][info][gc,cpu         ] GC(1287) User=0.00s Sys=0.00s Real=0.00s
[804.299s][info][gc,marking     ] GC(1287) Concurrent Clear Claimed Marks
[804.299s][info][gc,marking     ] GC(1287) Concurrent Clear Claimed Marks 0.384ms
[804.299s][info][gc,marking     ] GC(1287) Concurrent Cleanup for Next Mark
[804.300s][info][gc,marking     ] GC(1287) Concurrent Cleanup for Next Mark 0.742ms
[804.300s][info][gc             ] GC(1287) Concurrent Mark Cycle 196.851ms
[804.510s][info][gc,start       ] GC(1288) Pause Young (Normal) (G1 Evacuation Pause)
[804.510s][info][gc,task        ] GC(1288) Using 8 workers of 8 for evacuation
[804.516s][info][gc,phases      ] GC(1288)   Pre Evacuate Collection Set: 0.1ms
[804.517s][info][gc,phases      ] GC(1288)   Merge Heap Roots: 0.1ms
[804.517s][info][gc,phases      ] GC(1288)   Evacuate Collection Set: 5.2ms
[804.517s][info][gc,phases      ] GC(1288)   Post Evacuate Collection Set: 0.6ms
[804.517s][info][gc,phases      ] GC(1288)   Other: 0.2ms
[804.517s][info][gc,heap        ] GC(1288) Eden regions: 95->0(95)
[804.517s][info][gc,heap        ] GC(1288) Survivor regions: 5->5(13)
[804.517s][info][gc,heap        ] GC(1288) Old regions: 76->76
[804.517s][info][gc,heap        ] GC(1288) Humongous regions: 3->3
[804.517s][info][gc,metaspace   ] GC(1288) Metaspace: 84791K(85952K)->84791K(85952K) NonClass: 73860K(74496K)->73860K(74496K) Class: 10930K(11456K)->10930K(11456K)
[804.517s][info][gc             ] GC(1288) Pause Young (Normal) (G1 Evacuation Pause) 177M->83M(195M) 7.028ms
[804.517s][info][gc,cpu         ] GC(1288) User=0.11s Sys=0.00s Real=0.01s
[804.878s][info][gc,start       ] GC(1289) Pause Young (Concurrent Start) (G1 Evacuation Pause)
[804.878s][info][gc,task        ] GC(1289) Using 8 workers of 8 for evacuation
[804.884s][info][gc,phases      ] GC(1289)   Pre Evacuate Collection Set: 0.2ms
[804.884s][info][gc,phases      ] GC(1289)   Merge Heap Roots: 0.3ms
[804.884s][info][gc,phases      ] GC(1289)   Evacuate Collection Set: 4.7ms
[804.884s][info][gc,phases      ] GC(1289)   Post Evacuate Collection Set: 0.6ms
[804.884s][info][gc,phases      ] GC(1289)   Other: 0.2ms
[804.884s][info][gc,heap        ] GC(1289) Eden regions: 95->0(95)
[804.884s][info][gc,heap        ] GC(1289) Survivor regions: 5->5(13)
[804.884s][info][gc,heap        ] GC(1289) Old regions: 76->76
[804.884s][info][gc,heap        ] GC(1289) Humongous regions: 3->3
[804.884s][info][gc,metaspace   ] GC(1289) Metaspace: 84791K(85952K)->84791K(85952K) NonClass: 73860K(74496K)->73860K(74496K) Class: 10930K(11456K)->10930K(11456K)
[804.884s][info][gc             ] GC(1289) Pause Young (Concurrent Start) (G1 Evacuation Pause) 178M->83M(195M) 6.701ms
[804.884s][info][gc             ] GC(1290) Concurrent Mark Cycle
[804.884s][info][gc,cpu         ] GC(1289) User=0.00s Sys=0.00s Real=0.01s
[804.884s][info][gc,marking     ] GC(1290) Concurrent Scan Root Regions
[804.889s][info][gc,marking     ] GC(1290) Concurrent Scan Root Regions 4.291ms
[804.889s][info][gc,marking     ] GC(1290) Concurrent Mark
[804.889s][info][gc,marking     ] GC(1290) Concurrent Mark From Roots
[804.889s][info][gc,task        ] GC(1290) Using 2 workers of 2 for marking
[805.054s][info][gc,marking     ] GC(1290) Concurrent Mark From Roots 165.222ms
[805.054s][info][gc,marking     ] GC(1290) Concurrent Preclean
[805.054s][info][gc,marking     ] GC(1290) Concurrent Preclean 0.153ms
[805.054s][info][gc,start       ] GC(1290) Pause Remark
[805.060s][info][gc             ] GC(1290) Pause Remark 114M->114M(195M) 5.925ms
[805.060s][info][gc,cpu         ] GC(1290) User=0.11s Sys=0.00s Real=0.01s
[805.061s][info][gc,marking     ] GC(1290) Concurrent Mark 171.701ms
[805.061s][info][gc,marking     ] GC(1290) Concurrent Rebuild Remembered Sets and Scrub Regions
[805.116s][info][gc,marking     ] GC(1290) Concurrent Rebuild Remembered Sets and Scrub Regions 55.898ms
[805.117s][info][gc,start       ] GC(1290) Pause Cleanup
[805.117s][info][gc             ] GC(1290) Pause Cleanup 124M->124M(195M) 0.198ms
[805.117s][info][gc,cpu         ] GC(1290) User=0.00s Sys=0.00s Real=0.00s
[805.117s][info][gc,marking     ] GC(1290) Concurrent Clear Claimed Marks
[805.117s][info][gc,marking     ] GC(1290) Concurrent Clear Claimed Marks 0.124ms
[805.117s][info][gc,marking     ] GC(1290) Concurrent Cleanup for Next Mark
[805.118s][info][gc,marking     ] GC(1290) Concurrent Cleanup for Next Mark 0.364ms
[805.118s][info][gc             ] GC(1290) Concurrent Mark Cycle 233.225ms
[805.313s][info][gc,start       ] GC(1291) Pause Young (Normal) (G1 Evacuation Pause)
[805.313s][info][gc,task        ] GC(1291) Using 8 workers of 8 for evacuation
[805.319s][info][gc,phases      ] GC(1291)   Pre Evacuate Collection Set: 0.2ms
[805.319s][info][gc,phases      ] GC(1291)   Merge Heap Roots: 0.1ms
[805.319s][info][gc,phases      ] GC(1291)   Evacuate Collection Set: 4.9ms
[805.319s][info][gc,phases      ] GC(1291)   Post Evacuate Collection Set: 0.5ms
[805.319s][info][gc,phases      ] GC(1291)   Other: 0.1ms
[805.319s][info][gc,heap        ] GC(1291) Eden regions: 95->0(94)
[805.319s][info][gc,heap        ] GC(1291) Survivor regions: 5->5(13)
[805.319s][info][gc,heap        ] GC(1291) Old regions: 76->77
[805.319s][info][gc,heap        ] GC(1291) Humongous regions: 3->3
[805.319s][info][gc,metaspace   ] GC(1291) Metaspace: 84791K(85952K)->84791K(85952K) NonClass: 73860K(74496K)->73860K(74496K) Class: 10930K(11456K)->10930K(11456K)
[805.319s][info][gc             ] GC(1291) Pause Young (Normal) (G1 Evacuation Pause) 178M->83M(195M) 6.538ms
[805.319s][info][gc,cpu         ] GC(1291) User=0.00s Sys=0.00s Real=0.01s
[805.660s][info][gc,start       ] GC(1292) Pause Young (Concurrent Start) (G1 Evacuation Pause)
[805.660s][info][gc,task        ] GC(1292) Using 8 workers of 8 for evacuation
[805.665s][info][gc,phases      ] GC(1292)   Pre Evacuate Collection Set: 0.2ms
[805.665s][info][gc,phases      ] GC(1292)   Merge Heap Roots: 0.1ms
[805.665s][info][gc,phases      ] GC(1292)   Evacuate Collection Set: 3.4ms
[805.665s][info][gc,phases      ] GC(1292)   Post Evacuate Collection Set: 0.7ms
[805.665s][info][gc,phases      ] GC(1292)   Other: 0.2ms
[805.665s][info][gc,heap        ] GC(1292) Eden regions: 94->0(94)
[805.665s][info][gc,heap        ] GC(1292) Survivor regions: 5->5(13)
[805.665s][info][gc,heap        ] GC(1292) Old regions: 77->77
[805.665s][info][gc,heap        ] GC(1292) Humongous regions: 3->3
[805.665s][info][gc,metaspace   ] GC(1292) Metaspace: 84791K(85952K)->84791K(85952K) NonClass: 73860K(74496K)->73860K(74496K) Class: 10930K(11456K)->10930K(11456K)
[805.665s][info][gc             ] GC(1292) Pause Young (Concurrent Start) (G1 Evacuation Pause) 177M->84M(195M) 5.504ms
[805.665s][info][gc             ] GC(1293) Concurrent Mark Cycle
[805.665s][info][gc,cpu         ] GC(1292) User=0.00s Sys=0.00s Real=0.01s
[805.666s][info][gc,marking     ] GC(1293) Concurrent Scan Root Regions
[805.669s][info][gc,marking     ] GC(1293) Concurrent Scan Root Regions 3.753ms
[805.669s][info][gc,marking     ] GC(1293) Concurrent Mark
[805.669s][info][gc,marking     ] GC(1293) Concurrent Mark From Roots
[805.669s][info][gc,task        ] GC(1293) Using 2 workers of 2 for marking
[805.828s][info][gc,marking     ] GC(1293) Concurrent Mark From Roots 158.591ms
[805.828s][info][gc,marking     ] GC(1293) Concurrent Preclean
[805.828s][info][gc,marking     ] GC(1293) Concurrent Preclean 0.236ms
[805.829s][info][gc,start       ] GC(1293) Pause Remark
[805.836s][info][gc             ] GC(1293) Pause Remark 119M->119M(202M) 7.383ms
[805.836s][info][gc,cpu         ] GC(1293) User=0.00s Sys=0.00s Real=0.01s
[805.836s][info][gc,marking     ] GC(1293) Concurrent Mark 166.697ms
[805.836s][info][gc,marking     ] GC(1293) Concurrent Rebuild Remembered Sets and Scrub Regions
[805.875s][info][gc,marking     ] GC(1293) Concurrent Rebuild Remembered Sets and Scrub Regions 38.770ms
[805.875s][info][gc,start       ] GC(1293) Pause Cleanup
[805.875s][info][gc             ] GC(1293) Pause Cleanup 127M->127M(202M) 0.169ms
[805.875s][info][gc,cpu         ] GC(1293) User=0.00s Sys=0.00s Real=0.00s
[805.875s][info][gc,marking     ] GC(1293) Concurrent Clear Claimed Marks
[805.876s][info][gc,marking     ] GC(1293) Concurrent Clear Claimed Marks 0.116ms
[805.876s][info][gc,marking     ] GC(1293) Concurrent Cleanup for Next Mark
[805.876s][info][gc,marking     ] GC(1293) Concurrent Cleanup for Next Mark 0.448ms
[805.876s][info][gc             ] GC(1293) Concurrent Mark Cycle 210.647ms
[806.056s][info][gc,start       ] GC(1294) Pause Young (Normal) (G1 Evacuation Pause)
[806.057s][info][gc,task        ] GC(1294) Using 8 workers of 8 for evacuation
[806.061s][info][gc,phases      ] GC(1294)   Pre Evacuate Collection Set: 0.2ms
[806.061s][info][gc,phases      ] GC(1294)   Merge Heap Roots: 0.1ms
[806.061s][info][gc,phases      ] GC(1294)   Evacuate Collection Set: 3.5ms
[806.061s][info][gc,phases      ] GC(1294)   Post Evacuate Collection Set: 0.6ms
[806.061s][info][gc,phases      ] GC(1294)   Other: 0.1ms
[806.061s][info][gc,heap        ] GC(1294) Eden regions: 94->0(101)
[806.061s][info][gc,heap        ] GC(1294) Survivor regions: 5->5(13)
[806.061s][info][gc,heap        ] GC(1294) Old regions: 77->77
[806.061s][info][gc,heap        ] GC(1294) Humongous regions: 3->3
[806.061s][info][gc,metaspace   ] GC(1294) Metaspace: 84791K(85952K)->84791K(85952K) NonClass: 73860K(74496K)->73860K(74496K) Class: 10930K(11456K)->10930K(11456K)
[806.061s][info][gc             ] GC(1294) Pause Young (Normal) (G1 Evacuation Pause) 178M->84M(202M) 4.943ms
[806.061s][info][gc,cpu         ] GC(1294) User=0.12s Sys=0.00s Real=0.00s
[806.463s][info][gc,start       ] GC(1295) Pause Young (Concurrent Start) (G1 Evacuation Pause)
[806.463s][info][gc,task        ] GC(1295) Using 8 workers of 8 for evacuation
[806.469s][info][gc,phases      ] GC(1295)   Pre Evacuate Collection Set: 0.2ms
[806.469s][info][gc,phases      ] GC(1295)   Merge Heap Roots: 0.1ms
[806.469s][info][gc,phases      ] GC(1295)   Evacuate Collection Set: 4.7ms
[806.469s][info][gc,phases      ] GC(1295)   Post Evacuate Collection Set: 0.5ms
[806.469s][info][gc,phases      ] GC(1295)   Other: 0.3ms
[806.469s][info][gc,heap        ] GC(1295) Eden regions: 101->0(100)
[806.469s][info][gc,heap        ] GC(1295) Survivor regions: 5->5(14)
[806.469s][info][gc,heap        ] GC(1295) Old regions: 77->78
[806.469s][info][gc,heap        ] GC(1295) Humongous regions: 3->3
[806.469s][info][gc,metaspace   ] GC(1295) Metaspace: 84791K(85952K)->84791K(85952K) NonClass: 73860K(74496K)->73860K(74496K) Class: 10930K(11456K)->10930K(11456K)
[806.469s][info][gc             ] GC(1295) Pause Young (Concurrent Start) (G1 Evacuation Pause) 185M->84M(202M) 6.231ms
[806.469s][info][gc,cpu         ] GC(1295) User=0.11s Sys=0.00s Real=0.01s
[806.469s][info][gc             ] GC(1296) Concurrent Mark Cycle
[806.469s][info][gc,marking     ] GC(1296) Concurrent Scan Root Regions
[806.473s][info][gc,marking     ] GC(1296) Concurrent Scan Root Regions 3.824ms
[806.473s][info][gc,marking     ] GC(1296) Concurrent Mark
[806.473s][info][gc,marking     ] GC(1296) Concurrent Mark From Roots
[806.473s][info][gc,task        ] GC(1296) Using 2 workers of 2 for marking
[806.637s][info][gc,marking     ] GC(1296) Concurrent Mark From Roots 163.499ms
[806.637s][info][gc,marking     ] GC(1296) Concurrent Preclean
[806.637s][info][gc,marking     ] GC(1296) Concurrent Preclean 0.144ms
[806.637s][info][gc,start       ] GC(1296) Pause Remark
[806.643s][info][gc             ] GC(1296) Pause Remark 117M->117M(202M) 5.904ms
[806.643s][info][gc,cpu         ] GC(1296) User=0.02s Sys=0.00s Real=0.01s
[806.643s][info][gc,marking     ] GC(1296) Concurrent Mark 169.907ms
[806.643s][info][gc,marking     ] GC(1296) Concurrent Rebuild Remembered Sets and Scrub Regions
[806.700s][info][gc,marking     ] GC(1296) Concurrent Rebuild Remembered Sets and Scrub Regions 57.286ms
[806.701s][info][gc,start       ] GC(1296) Pause Cleanup
[806.701s][info][gc             ] GC(1296) Pause Cleanup 128M->128M(202M) 0.352ms
[806.701s][info][gc,cpu         ] GC(1296) User=0.00s Sys=0.00s Real=0.00s
[806.701s][info][gc,marking     ] GC(1296) Concurrent Clear Claimed Marks
[806.702s][info][gc,marking     ] GC(1296) Concurrent Clear Claimed Marks 0.164ms
[806.702s][info][gc,marking     ] GC(1296) Concurrent Cleanup for Next Mark
[806.702s][info][gc,marking     ] GC(1296) Concurrent Cleanup for Next Mark 0.441ms
[806.702s][info][gc             ] GC(1296) Concurrent Mark Cycle 233.073ms
[806.923s][info][gc,start       ] GC(1297) Pause Young (Normal) (G1 Evacuation Pause)
[806.923s][info][gc,task        ] GC(1297) Using 8 workers of 8 for evacuation
[806.927s][info][gc,phases      ] GC(1297)   Pre Evacuate Collection Set: 0.1ms
[806.927s][info][gc,phases      ] GC(1297)   Merge Heap Roots: 0.1ms
[806.927s][info][gc,phases      ] GC(1297)   Evacuate Collection Set: 3.4ms
[806.927s][info][gc,phases      ] GC(1297)   Post Evacuate Collection Set: 0.5ms
[806.927s][info][gc,phases      ] GC(1297)   Other: 0.1ms
[806.927s][info][gc,heap        ] GC(1297) Eden regions: 100->0(100)
[806.927s][info][gc,heap        ] GC(1297) Survivor regions: 5->5(14)
[806.927s][info][gc,heap        ] GC(1297) Old regions: 78->78
[806.927s][info][gc,heap        ] GC(1297) Humongous regions: 3->3
[806.928s][info][gc,metaspace   ] GC(1297) Metaspace: 84791K(85952K)->84791K(85952K) NonClass: 73860K(74496K)->73860K(74496K) Class: 10930K(11456K)->10930K(11456K)
[806.928s][info][gc             ] GC(1297) Pause Young (Normal) (G1 Evacuation Pause) 184M->84M(202M) 4.696ms
[806.928s][info][gc,cpu         ] GC(1297) User=0.00s Sys=0.00s Real=0.00s
[807.295s][info][gc,start       ] GC(1298) Pause Young (Concurrent Start) (G1 Evacuation Pause)
[807.295s][info][gc,task        ] GC(1298) Using 8 workers of 8 for evacuation
[807.300s][info][gc,phases      ] GC(1298)   Pre Evacuate Collection Set: 0.2ms
[807.301s][info][gc,phases      ] GC(1298)   Merge Heap Roots: 0.1ms
[807.301s][info][gc,phases      ] GC(1298)   Evacuate Collection Set: 4.3ms
[807.301s][info][gc,phases      ] GC(1298)   Post Evacuate Collection Set: 0.7ms
[807.301s][info][gc,phases      ] GC(1298)   Other: 0.2ms
[807.301s][info][gc,heap        ] GC(1298) Eden regions: 100->0(100)
[807.301s][info][gc,heap        ] GC(1298) Survivor regions: 5->5(14)
[807.301s][info][gc,heap        ] GC(1298) Old regions: 78->78
[807.301s][info][gc,heap        ] GC(1298) Humongous regions: 3->3
[807.301s][info][gc,metaspace   ] GC(1298) Metaspace: 84791K(85952K)->84791K(85952K) NonClass: 73860K(74496K)->73860K(74496K) Class: 10930K(11456K)->10930K(11456K)
[807.301s][info][gc             ] GC(1298) Pause Young (Concurrent Start) (G1 Evacuation Pause) 184M->84M(202M) 5.897ms
[807.301s][info][gc,cpu         ] GC(1298) User=0.00s Sys=0.00s Real=0.01s
[807.301s][info][gc             ] GC(1299) Concurrent Mark Cycle
[807.301s][info][gc,marking     ] GC(1299) Concurrent Scan Root Regions
[807.305s][info][gc,marking     ] GC(1299) Concurrent Scan Root Regions 3.553ms
[807.305s][info][gc,marking     ] GC(1299) Concurrent Mark
[807.305s][info][gc,marking     ] GC(1299) Concurrent Mark From Roots
[807.305s][info][gc,task        ] GC(1299) Using 2 workers of 2 for marking
[807.458s][info][gc,marking     ] GC(1299) Concurrent Mark From Roots 153.451ms
[807.458s][info][gc,marking     ] GC(1299) Concurrent Preclean
[807.458s][info][gc,marking     ] GC(1299) Concurrent Preclean 0.143ms
[807.459s][info][gc,start       ] GC(1299) Pause Remark
[807.466s][info][gc             ] GC(1299) Pause Remark 121M->121M(205M) 7.864ms
[807.467s][info][gc,cpu         ] GC(1299) User=0.02s Sys=0.00s Real=0.01s
[807.467s][info][gc,marking     ] GC(1299) Concurrent Mark 161.979ms
[807.467s][info][gc,marking     ] GC(1299) Concurrent Rebuild Remembered Sets and Scrub Regions
[807.521s][info][gc,marking     ] GC(1299) Concurrent Rebuild Remembered Sets and Scrub Regions 53.912ms
[807.521s][info][gc,start       ] GC(1299) Pause Cleanup
[807.521s][info][gc             ] GC(1299) Pause Cleanup 130M->130M(205M) 0.186ms
[807.521s][info][gc,cpu         ] GC(1299) User=0.00s Sys=0.00s Real=0.00s
[807.521s][info][gc,marking     ] GC(1299) Concurrent Clear Claimed Marks
[807.521s][info][gc,marking     ] GC(1299) Concurrent Clear Claimed Marks 0.122ms
[807.521s][info][gc,marking     ] GC(1299) Concurrent Cleanup for Next Mark
[807.522s][info][gc,marking     ] GC(1299) Concurrent Cleanup for Next Mark 0.416ms
[807.522s][info][gc             ] GC(1299) Concurrent Mark Cycle 220.879ms
[807.711s][info][gc,start       ] GC(1300) Pause Young (Normal) (G1 Evacuation Pause)
[807.711s][info][gc,task        ] GC(1300) Using 8 workers of 8 for evacuation
[807.716s][info][gc,phases      ] GC(1300)   Pre Evacuate Collection Set: 0.2ms
[807.716s][info][gc,phases      ] GC(1300)   Merge Heap Roots: 0.1ms
[807.716s][info][gc,phases      ] GC(1300)   Evacuate Collection Set: 3.7ms
[807.716s][info][gc,phases      ] GC(1300)   Post Evacuate Collection Set: 0.8ms
[807.716s][info][gc,phases      ] GC(1300)   Other: 0.2ms
[807.716s][info][gc,heap        ] GC(1300) Eden regions: 100->0(103)
[807.716s][info][gc,heap        ] GC(1300) Survivor regions: 5->5(14)
[807.716s][info][gc,heap        ] GC(1300) Old regions: 78->78
[807.716s][info][gc,heap        ] GC(1300) Humongous regions: 3->3
[807.716s][info][gc,metaspace   ] GC(1300) Metaspace: 84791K(85952K)->84791K(85952K) NonClass: 73860K(74496K)->73860K(74496K) Class: 10930K(11456K)->10930K(11456K)
[807.716s][info][gc             ] GC(1300) Pause Young (Normal) (G1 Evacuation Pause) 184M->85M(205M) 5.750ms
[807.716s][info][gc,cpu         ] GC(1300) User=0.00s Sys=0.02s Real=0.01s
[808.100s][info][gc,start       ] GC(1301) Pause Young (Concurrent Start) (G1 Evacuation Pause)
[808.100s][info][gc,task        ] GC(1301) Using 8 workers of 8 for evacuation
[808.106s][info][gc,phases      ] GC(1301)   Pre Evacuate Collection Set: 0.2ms
[808.106s][info][gc,phases      ] GC(1301)   Merge Heap Roots: 0.1ms
[808.106s][info][gc,phases      ] GC(1301)   Evacuate Collection Set: 4.1ms
[808.106s][info][gc,phases      ] GC(1301)   Post Evacuate Collection Set: 0.5ms
[808.106s][info][gc,phases      ] GC(1301)   Other: 0.2ms
[808.106s][info][gc,heap        ] GC(1301) Eden regions: 103->0(102)
[808.106s][info][gc,heap        ] GC(1301) Survivor regions: 5->5(14)
[808.106s][info][gc,heap        ] GC(1301) Old regions: 78->79
[808.106s][info][gc,heap        ] GC(1301) Humongous regions: 3->3
[808.106s][info][gc,metaspace   ] GC(1301) Metaspace: 84791K(85952K)->84791K(85952K) NonClass: 73860K(74496K)->73860K(74496K) Class: 10930K(11456K)->10930K(11456K)
[808.106s][info][gc             ] GC(1301) Pause Young (Concurrent Start) (G1 Evacuation Pause) 188M->85M(205M) 5.961ms
[808.106s][info][gc,cpu         ] GC(1301) User=0.02s Sys=0.00s Real=0.01s
[808.106s][info][gc             ] GC(1302) Concurrent Mark Cycle
[808.106s][info][gc,marking     ] GC(1302) Concurrent Scan Root Regions
[808.111s][info][gc,marking     ] GC(1302) Concurrent Scan Root Regions 4.535ms
[808.111s][info][gc,marking     ] GC(1302) Concurrent Mark
[808.111s][info][gc,marking     ] GC(1302) Concurrent Mark From Roots
[808.111s][info][gc,task        ] GC(1302) Using 2 workers of 2 for marking
[808.278s][info][gc,marking     ] GC(1302) Concurrent Mark From Roots 167.260ms
[808.278s][info][gc,marking     ] GC(1302) Concurrent Preclean
[808.279s][info][gc,marking     ] GC(1302) Concurrent Preclean 0.203ms
[808.279s][info][gc,start       ] GC(1302) Pause Remark
[808.288s][info][gc             ] GC(1302) Pause Remark 118M->118M(205M) 8.857ms
[808.288s][info][gc,cpu         ] GC(1302) User=0.00s Sys=0.00s Real=0.01s
[808.288s][info][gc,marking     ] GC(1302) Concurrent Mark 176.808ms
[808.288s][info][gc,marking     ] GC(1302) Concurrent Rebuild Remembered Sets and Scrub Regions
[808.341s][info][gc,marking     ] GC(1302) Concurrent Rebuild Remembered Sets and Scrub Regions 53.301ms
[808.341s][info][gc,start       ] GC(1302) Pause Cleanup
[808.342s][info][gc             ] GC(1302) Pause Cleanup 130M->130M(205M) 0.181ms
[808.342s][info][gc,cpu         ] GC(1302) User=0.00s Sys=0.00s Real=0.00s
[808.342s][info][gc,marking     ] GC(1302) Concurrent Clear Claimed Marks
[808.342s][info][gc,marking     ] GC(1302) Concurrent Clear Claimed Marks 0.118ms
[808.342s][info][gc,marking     ] GC(1302) Concurrent Cleanup for Next Mark
[808.342s][info][gc,marking     ] GC(1302) Concurrent Cleanup for Next Mark 0.437ms
[808.342s][info][gc             ] GC(1302) Concurrent Mark Cycle 236.121ms
[808.595s][info][gc,start       ] GC(1303) Pause Young (Normal) (G1 Evacuation Pause)
[808.595s][info][gc,task        ] GC(1303) Using 8 workers of 8 for evacuation
[808.601s][info][gc,phases      ] GC(1303)   Pre Evacuate Collection Set: 0.2ms
[808.601s][info][gc,phases      ] GC(1303)   Merge Heap Roots: 0.1ms
[808.601s][info][gc,phases      ] GC(1303)   Evacuate Collection Set: 5.0ms
[808.601s][info][gc,phases      ] GC(1303)   Post Evacuate Collection Set: 1.1ms
[808.601s][info][gc,phases      ] GC(1303)   Other: 0.1ms
[808.602s][info][gc,heap        ] GC(1303) Eden regions: 102->0(102)
[808.602s][info][gc,heap        ] GC(1303) Survivor regions: 5->5(14)
[808.602s][info][gc,heap        ] GC(1303) Old regions: 79->79
[808.602s][info][gc,heap        ] GC(1303) Humongous regions: 3->3
[808.602s][info][gc,metaspace   ] GC(1303) Metaspace: 84791K(85952K)->84791K(85952K) NonClass: 73860K(74496K)->73860K(74496K) Class: 10930K(11456K)->10930K(11456K)
[808.602s][info][gc             ] GC(1303) Pause Young (Normal) (G1 Evacuation Pause) 187M->86M(205M) 7.028ms
[808.602s][info][gc,cpu         ] GC(1303) User=0.00s Sys=0.00s Real=0.01s
[809.031s][info][gc,start       ] GC(1304) Pause Young (Concurrent Start) (G1 Evacuation Pause)
[809.031s][info][gc,task        ] GC(1304) Using 8 workers of 8 for evacuation
[809.037s][info][gc,phases      ] GC(1304)   Pre Evacuate Collection Set: 0.2ms
[809.037s][info][gc,phases      ] GC(1304)   Merge Heap Roots: 0.1ms
[809.037s][info][gc,phases      ] GC(1304)   Evacuate Collection Set: 4.9ms
[809.037s][info][gc,phases      ] GC(1304)   Post Evacuate Collection Set: 0.5ms
[809.037s][info][gc,phases      ] GC(1304)   Other: 0.2ms
[809.037s][info][gc,heap        ] GC(1304) Eden regions: 102->0(102)
[809.037s][info][gc,heap        ] GC(1304) Survivor regions: 5->5(14)
[809.037s][info][gc,heap        ] GC(1304) Old regions: 79->79
[809.037s][info][gc,heap        ] GC(1304) Humongous regions: 3->3
[809.037s][info][gc,metaspace   ] GC(1304) Metaspace: 84791K(85952K)->84791K(85952K) NonClass: 73860K(74496K)->73860K(74496K) Class: 10930K(11456K)->10930K(11456K)
[809.037s][info][gc             ] GC(1304) Pause Young (Concurrent Start) (G1 Evacuation Pause) 188M->86M(205M) 6.372ms
[809.037s][info][gc             ] GC(1305) Concurrent Mark Cycle
[809.037s][info][gc,cpu         ] GC(1304) User=0.00s Sys=0.00s Real=0.01s
[809.037s][info][gc,marking     ] GC(1305) Concurrent Scan Root Regions
[809.041s][info][gc,marking     ] GC(1305) Concurrent Scan Root Regions 3.943ms
[809.041s][info][gc,marking     ] GC(1305) Concurrent Mark
[809.041s][info][gc,marking     ] GC(1305) Concurrent Mark From Roots
[809.041s][info][gc,task        ] GC(1305) Using 2 workers of 2 for marking
[809.193s][info][gc,marking     ] GC(1305) Concurrent Mark From Roots 151.721ms
[809.193s][info][gc,marking     ] GC(1305) Concurrent Preclean
[809.193s][info][gc,marking     ] GC(1305) Concurrent Preclean 0.249ms
[809.194s][info][gc,start       ] GC(1305) Pause Remark
[809.211s][info][gc             ] GC(1305) Pause Remark 121M->121M(205M) 17.029ms
[809.211s][info][gc,cpu         ] GC(1305) User=0.06s Sys=0.00s Real=0.02s
[809.211s][info][gc,marking     ] GC(1305) Concurrent Mark 169.535ms
[809.211s][info][gc,marking     ] GC(1305) Concurrent Rebuild Remembered Sets and Scrub Regions
[809.278s][info][gc,marking     ] GC(1305) Concurrent Rebuild Remembered Sets and Scrub Regions 66.823ms
[809.278s][info][gc,start       ] GC(1305) Pause Cleanup
[809.278s][info][gc             ] GC(1305) Pause Cleanup 128M->128M(205M) 0.175ms
[809.278s][info][gc,cpu         ] GC(1305) User=0.00s Sys=0.00s Real=0.00s
[809.278s][info][gc,marking     ] GC(1305) Concurrent Clear Claimed Marks
[809.278s][info][gc,marking     ] GC(1305) Concurrent Clear Claimed Marks 0.119ms
[809.278s][info][gc,marking     ] GC(1305) Concurrent Cleanup for Next Mark
[809.279s][info][gc,marking     ] GC(1305) Concurrent Cleanup for Next Mark 0.402ms
[809.279s][info][gc             ] GC(1305) Concurrent Mark Cycle 241.674ms
[809.504s][info][gc,start       ] GC(1306) Pause Young (Normal) (G1 Evacuation Pause)
[809.504s][info][gc,task        ] GC(1306) Using 8 workers of 8 for evacuation
[809.509s][info][gc,phases      ] GC(1306)   Pre Evacuate Collection Set: 0.2ms
[809.509s][info][gc,phases      ] GC(1306)   Merge Heap Roots: 0.1ms
[809.509s][info][gc,phases      ] GC(1306)   Evacuate Collection Set: 3.6ms
[809.509s][info][gc,phases      ] GC(1306)   Post Evacuate Collection Set: 0.6ms
[809.509s][info][gc,phases      ] GC(1306)   Other: 0.1ms
[809.509s][info][gc,heap        ] GC(1306) Eden regions: 102->0(101)
[809.509s][info][gc,heap        ] GC(1306) Survivor regions: 5->5(14)
[809.509s][info][gc,heap        ] GC(1306) Old regions: 79->80
[809.509s][info][gc,heap        ] GC(1306) Humongous regions: 3->3
[809.509s][info][gc,metaspace   ] GC(1306) Metaspace: 84787K(85952K)->84787K(85952K) NonClass: 73857K(74496K)->73857K(74496K) Class: 10929K(11456K)->10929K(11456K)
[809.509s][info][gc             ] GC(1306) Pause Young (Normal) (G1 Evacuation Pause) 188M->86M(205M) 5.126ms
[809.509s][info][gc,cpu         ] GC(1306) User=0.00s Sys=0.00s Real=0.00s
[809.849s][info][gc,start       ] GC(1307) Pause Young (Concurrent Start) (G1 Evacuation Pause)
[809.849s][info][gc,task        ] GC(1307) Using 8 workers of 8 for evacuation
[809.855s][info][gc,phases      ] GC(1307)   Pre Evacuate Collection Set: 0.2ms
[809.855s][info][gc,phases      ] GC(1307)   Merge Heap Roots: 0.1ms
[809.855s][info][gc,phases      ] GC(1307)   Evacuate Collection Set: 5.3ms
[809.855s][info][gc,phases      ] GC(1307)   Post Evacuate Collection Set: 0.6ms
[809.855s][info][gc,phases      ] GC(1307)   Other: 0.2ms
[809.855s][info][gc,heap        ] GC(1307) Eden regions: 101->0(101)
[809.856s][info][gc,heap        ] GC(1307) Survivor regions: 5->5(14)
[809.856s][info][gc,heap        ] GC(1307) Old regions: 80->80
[809.856s][info][gc,heap        ] GC(1307) Humongous regions: 3->3
[809.856s][info][gc,metaspace   ] GC(1307) Metaspace: 84787K(85952K)->84787K(85952K) NonClass: 73857K(74496K)->73857K(74496K) Class: 10929K(11456K)->10929K(11456K)
[809.856s][info][gc             ] GC(1307) Pause Young (Concurrent Start) (G1 Evacuation Pause) 187M->87M(205M) 7.043ms
[809.856s][info][gc             ] GC(1308) Concurrent Mark Cycle
[809.856s][info][gc,cpu         ] GC(1307) User=0.00s Sys=0.00s Real=0.01s
[809.856s][info][gc,marking     ] GC(1308) Concurrent Scan Root Regions
[809.859s][info][gc,marking     ] GC(1308) Concurrent Scan Root Regions 2.900ms
[809.859s][info][gc,marking     ] GC(1308) Concurrent Mark
[809.859s][info][gc,marking     ] GC(1308) Concurrent Mark From Roots
[809.859s][info][gc,task        ] GC(1308) Using 2 workers of 2 for marking
[810.019s][info][gc,marking     ] GC(1308) Concurrent Mark From Roots 160.164ms
[810.019s][info][gc,marking     ] GC(1308) Concurrent Preclean
[810.019s][info][gc,marking     ] GC(1308) Concurrent Preclean 0.225ms
[810.020s][info][gc,start       ] GC(1308) Pause Remark
[810.026s][info][gc             ] GC(1308) Pause Remark 125M->125M(210M) 6.705ms
[810.026s][info][gc,cpu         ] GC(1308) User=0.00s Sys=0.00s Real=0.01s
[810.026s][info][gc,marking     ] GC(1308) Concurrent Mark 167.668ms
[810.027s][info][gc,marking     ] GC(1308) Concurrent Rebuild Remembered Sets and Scrub Regions
[810.083s][info][gc,marking     ] GC(1308) Concurrent Rebuild Remembered Sets and Scrub Regions 56.221ms
[810.083s][info][gc,start       ] GC(1308) Pause Cleanup
[810.083s][info][gc             ] GC(1308) Pause Cleanup 137M->137M(210M) 0.251ms
[810.083s][info][gc,cpu         ] GC(1308) User=0.00s Sys=0.00s Real=0.00s
[810.083s][info][gc,marking     ] GC(1308) Concurrent Clear Claimed Marks
[810.084s][info][gc,marking     ] GC(1308) Concurrent Clear Claimed Marks 0.130ms
[810.084s][info][gc,marking     ] GC(1308) Concurrent Cleanup for Next Mark
[810.085s][info][gc,marking     ] GC(1308) Concurrent Cleanup for Next Mark 0.901ms
[810.085s][info][gc             ] GC(1308) Concurrent Mark Cycle 229.040ms
[810.253s][info][gc,start       ] GC(1309) Pause Young (Prepare Mixed) (G1 Evacuation Pause)
[810.253s][info][gc,task        ] GC(1309) Using 8 workers of 8 for evacuation
[810.257s][info][gc,phases      ] GC(1309)   Pre Evacuate Collection Set: 0.1ms
[810.257s][info][gc,phases      ] GC(1309)   Merge Heap Roots: 0.1ms
[810.257s][info][gc,phases      ] GC(1309)   Evacuate Collection Set: 3.3ms
[810.257s][info][gc,phases      ] GC(1309)   Post Evacuate Collection Set: 0.6ms
[810.257s][info][gc,phases      ] GC(1309)   Other: 0.1ms
[810.257s][info][gc,heap        ] GC(1309) Eden regions: 101->0(106)
[810.257s][info][gc,heap        ] GC(1309) Survivor regions: 5->5(14)
[810.258s][info][gc,heap        ] GC(1309) Old regions: 80->80
[810.258s][info][gc,heap        ] GC(1309) Humongous regions: 3->3
[810.258s][info][gc,metaspace   ] GC(1309) Metaspace: 84787K(85952K)->84787K(85952K) NonClass: 73857K(74496K)->73857K(74496K) Class: 10929K(11456K)->10929K(11456K)
[810.258s][info][gc             ] GC(1309) Pause Young (Prepare Mixed) (G1 Evacuation Pause) 188M->87M(210M) 4.805ms
[810.258s][info][gc,cpu         ] GC(1309) User=0.00s Sys=0.00s Real=0.01s
[810.608s][info][gc,start       ] GC(1310) Pause Young (Mixed) (G1 Evacuation Pause)
[810.608s][info][gc,task        ] GC(1310) Using 8 workers of 8 for evacuation
[810.613s][info][gc,phases      ] GC(1310)   Pre Evacuate Collection Set: 0.2ms
[810.613s][info][gc,phases      ] GC(1310)   Merge Heap Roots: 0.1ms
[810.613s][info][gc,phases      ] GC(1310)   Evacuate Collection Set: 4.0ms
[810.613s][info][gc,phases      ] GC(1310)   Post Evacuate Collection Set: 0.5ms
[810.613s][info][gc,phases      ] GC(1310)   Other: 0.1ms
[810.613s][info][gc,heap        ] GC(1310) Eden regions: 106->0(106)
[810.613s][info][gc,heap        ] GC(1310) Survivor regions: 5->5(14)
[810.613s][info][gc,heap        ] GC(1310) Old regions: 80->80
[810.613s][info][gc,heap        ] GC(1310) Humongous regions: 3->3
[810.613s][info][gc,metaspace   ] GC(1310) Metaspace: 84787K(85952K)->84787K(85952K) NonClass: 73857K(74496K)->73857K(74496K) Class: 10929K(11456K)->10929K(11456K)
[810.613s][info][gc             ] GC(1310) Pause Young (Mixed) (G1 Evacuation Pause) 193M->87M(210M) 5.335ms
[810.614s][info][gc,cpu         ] GC(1310) User=0.00s Sys=0.00s Real=0.01s
[810.966s][info][gc,start       ] GC(1311) Pause Young (Concurrent Start) (G1 Evacuation Pause)
[810.966s][info][gc,task        ] GC(1311) Using 8 workers of 8 for evacuation
[810.971s][info][gc,phases      ] GC(1311)   Pre Evacuate Collection Set: 0.2ms
[810.971s][info][gc,phases      ] GC(1311)   Merge Heap Roots: 0.1ms
[810.971s][info][gc,phases      ] GC(1311)   Evacuate Collection Set: 4.4ms
[810.971s][info][gc,phases      ] GC(1311)   Post Evacuate Collection Set: 0.6ms
[810.971s][info][gc,phases      ] GC(1311)   Other: 0.1ms
[810.972s][info][gc,heap        ] GC(1311) Eden regions: 106->0(105)
[810.972s][info][gc,heap        ] GC(1311) Survivor regions: 5->5(14)
[810.972s][info][gc,heap        ] GC(1311) Old regions: 80->81
[810.972s][info][gc,heap        ] GC(1311) Humongous regions: 3->3
[810.972s][info][gc,metaspace   ] GC(1311) Metaspace: 84787K(85952K)->84787K(85952K) NonClass: 73857K(74496K)->73857K(74496K) Class: 10929K(11456K)->10929K(11456K)
[810.972s][info][gc             ] GC(1311) Pause Young (Concurrent Start) (G1 Evacuation Pause) 193M->88M(210M) 5.993ms
[810.972s][info][gc,cpu         ] GC(1311) User=0.00s Sys=0.00s Real=0.01s
[810.972s][info][gc             ] GC(1312) Concurrent Mark Cycle
[810.972s][info][gc,marking     ] GC(1312) Concurrent Scan Root Regions
[810.976s][info][gc,marking     ] GC(1312) Concurrent Scan Root Regions 3.659ms
[810.976s][info][gc,marking     ] GC(1312) Concurrent Mark
[810.976s][info][gc,marking     ] GC(1312) Concurrent Mark From Roots
[810.976s][info][gc,task        ] GC(1312) Using 2 workers of 2 for marking
[811.129s][info][gc,marking     ] GC(1312) Concurrent Mark From Roots 152.891ms
[811.129s][info][gc,marking     ] GC(1312) Concurrent Preclean
[811.129s][info][gc,marking     ] GC(1312) Concurrent Preclean 0.204ms
[811.129s][info][gc,start       ] GC(1312) Pause Remark
[811.135s][info][gc             ] GC(1312) Pause Remark 123M->123M(210M) 5.773ms
[811.135s][info][gc,cpu         ] GC(1312) User=0.00s Sys=0.00s Real=0.01s
[811.135s][info][gc,marking     ] GC(1312) Concurrent Mark 159.364ms
[811.135s][info][gc,marking     ] GC(1312) Concurrent Rebuild Remembered Sets and Scrub Regions
[811.179s][info][gc,marking     ] GC(1312) Concurrent Rebuild Remembered Sets and Scrub Regions 43.631ms
[811.179s][info][gc,start       ] GC(1312) Pause Cleanup
[811.179s][info][gc             ] GC(1312) Pause Cleanup 136M->136M(210M) 0.171ms
[811.179s][info][gc,cpu         ] GC(1312) User=0.00s Sys=0.00s Real=0.00s
[811.179s][info][gc,marking     ] GC(1312) Concurrent Clear Claimed Marks
[811.179s][info][gc,marking     ] GC(1312) Concurrent Clear Claimed Marks 0.110ms
[811.180s][info][gc,marking     ] GC(1312) Concurrent Cleanup for Next Mark
[811.180s][info][gc,marking     ] GC(1312) Concurrent Cleanup for Next Mark 0.376ms
[811.180s][info][gc             ] GC(1312) Concurrent Mark Cycle 208.123ms
[811.407s][info][gc,start       ] GC(1313) Pause Young (Prepare Mixed) (G1 Evacuation Pause)
[811.407s][info][gc,task        ] GC(1313) Using 8 workers of 8 for evacuation
[811.412s][info][gc,phases      ] GC(1313)   Pre Evacuate Collection Set: 0.2ms
[811.412s][info][gc,phases      ] GC(1313)   Merge Heap Roots: 0.1ms
[811.412s][info][gc,phases      ] GC(1313)   Evacuate Collection Set: 3.6ms
[811.412s][info][gc,phases      ] GC(1313)   Post Evacuate Collection Set: 0.5ms
[811.412s][info][gc,phases      ] GC(1313)   Other: 0.1ms
[811.412s][info][gc,heap        ] GC(1313) Eden regions: 105->0(105)
[811.412s][info][gc,heap        ] GC(1313) Survivor regions: 5->5(14)
[811.412s][info][gc,heap        ] GC(1313) Old regions: 81->81
[811.412s][info][gc,heap        ] GC(1313) Humongous regions: 3->3
[811.412s][info][gc,metaspace   ] GC(1313) Metaspace: 84787K(85952K)->84787K(85952K) NonClass: 73857K(74496K)->73857K(74496K) Class: 10929K(11456K)->10929K(11456K)
[811.412s][info][gc             ] GC(1313) Pause Young (Prepare Mixed) (G1 Evacuation Pause) 193M->88M(210M) 5.003ms
[811.412s][info][gc,cpu         ] GC(1313) User=0.00s Sys=0.00s Real=0.01s
[811.840s][info][gc,start       ] GC(1314) Pause Young (Mixed) (G1 Evacuation Pause)
[811.840s][info][gc,task        ] GC(1314) Using 8 workers of 8 for evacuation
[811.846s][info][gc,phases      ] GC(1314)   Pre Evacuate Collection Set: 0.2ms
[811.846s][info][gc,phases      ] GC(1314)   Merge Heap Roots: 0.1ms
[811.846s][info][gc,phases      ] GC(1314)   Evacuate Collection Set: 4.5ms
[811.846s][info][gc,phases      ] GC(1314)   Post Evacuate Collection Set: 0.6ms
[811.846s][info][gc,phases      ] GC(1314)   Other: 0.1ms
[811.846s][info][gc,heap        ] GC(1314) Eden regions: 105->0(105)
[811.846s][info][gc,heap        ] GC(1314) Survivor regions: 5->5(14)
[811.846s][info][gc,heap        ] GC(1314) Old regions: 81->81
[811.846s][info][gc,heap        ] GC(1314) Humongous regions: 3->3
[811.846s][info][gc,metaspace   ] GC(1314) Metaspace: 84787K(85952K)->84787K(85952K) NonClass: 73857K(74496K)->73857K(74496K) Class: 10929K(11456K)->10929K(11456K)
[811.846s][info][gc             ] GC(1314) Pause Young (Mixed) (G1 Evacuation Pause) 193M->88M(210M) 6.029ms
[811.846s][info][gc,cpu         ] GC(1314) User=0.02s Sys=0.00s Real=0.01s
[812.210s][info][gc,start       ] GC(1315) Pause Young (Concurrent Start) (G1 Evacuation Pause)
[812.210s][info][gc,task        ] GC(1315) Using 8 workers of 8 for evacuation
[812.215s][info][gc,phases      ] GC(1315)   Pre Evacuate Collection Set: 0.2ms
[812.215s][info][gc,phases      ] GC(1315)   Merge Heap Roots: 0.1ms
[812.215s][info][gc,phases      ] GC(1315)   Evacuate Collection Set: 3.3ms
[812.215s][info][gc,phases      ] GC(1315)   Post Evacuate Collection Set: 0.6ms
[812.215s][info][gc,phases      ] GC(1315)   Other: 0.2ms
[812.215s][info][gc,heap        ] GC(1315) Eden regions: 105->0(102)
[812.215s][info][gc,heap        ] GC(1315) Survivor regions: 5->6(14)
[812.215s][info][gc,heap        ] GC(1315) Old regions: 81->82
[812.215s][info][gc,heap        ] GC(1315) Humongous regions: 3->3
[812.215s][info][gc,metaspace   ] GC(1315) Metaspace: 84787K(85952K)->84787K(85952K) NonClass: 73857K(74496K)->73857K(74496K) Class: 10929K(11456K)->10929K(11456K)
[812.215s][info][gc             ] GC(1315) Pause Young (Concurrent Start) (G1 Evacuation Pause) 193M->89M(210M) 4.976ms
[812.215s][info][gc,cpu         ] GC(1315) User=0.00s Sys=0.00s Real=0.00s
[812.215s][info][gc             ] GC(1316) Concurrent Mark Cycle
[812.215s][info][gc,marking     ] GC(1316) Concurrent Scan Root Regions
[812.220s][info][gc,marking     ] GC(1316) Concurrent Scan Root Regions 4.265ms
[812.220s][info][gc,marking     ] GC(1316) Concurrent Mark
[812.220s][info][gc,marking     ] GC(1316) Concurrent Mark From Roots
[812.220s][info][gc,task        ] GC(1316) Using 2 workers of 2 for marking
[812.380s][info][gc,marking     ] GC(1316) Concurrent Mark From Roots 160.733ms
[812.381s][info][gc,marking     ] GC(1316) Concurrent Preclean
[812.381s][info][gc,marking     ] GC(1316) Concurrent Preclean 0.245ms
[812.381s][info][gc,start       ] GC(1316) Pause Remark
[812.388s][info][gc             ] GC(1316) Pause Remark 125M->125M(212M) 7.518ms
[812.389s][info][gc,cpu         ] GC(1316) User=0.02s Sys=0.00s Real=0.01s
[812.389s][info][gc,marking     ] GC(1316) Concurrent Mark 168.967ms
[812.389s][info][gc,marking     ] GC(1316) Concurrent Rebuild Remembered Sets and Scrub Regions
[812.434s][info][gc,marking     ] GC(1316) Concurrent Rebuild Remembered Sets and Scrub Regions 45.370ms
[812.434s][info][gc,start       ] GC(1316) Pause Cleanup
[812.434s][info][gc             ] GC(1316) Pause Cleanup 138M->138M(212M) 0.161ms
[812.434s][info][gc,cpu         ] GC(1316) User=0.00s Sys=0.00s Real=0.00s
[812.435s][info][gc,marking     ] GC(1316) Concurrent Clear Claimed Marks
[812.435s][info][gc,marking     ] GC(1316) Concurrent Clear Claimed Marks 0.101ms
[812.435s][info][gc,marking     ] GC(1316) Concurrent Cleanup for Next Mark
[812.435s][info][gc,marking     ] GC(1316) Concurrent Cleanup for Next Mark 0.375ms
[812.435s][info][gc             ] GC(1316) Concurrent Mark Cycle 219.895ms
[812.609s][info][gc,start       ] GC(1317) Pause Young (Normal) (G1 Evacuation Pause)
[812.609s][info][gc,task        ] GC(1317) Using 8 workers of 8 for evacuation
[812.614s][info][gc,phases      ] GC(1317)   Pre Evacuate Collection Set: 0.2ms
[812.614s][info][gc,phases      ] GC(1317)   Merge Heap Roots: 0.1ms
[812.614s][info][gc,phases      ] GC(1317)   Evacuate Collection Set: 3.7ms
[812.614s][info][gc,phases      ] GC(1317)   Post Evacuate Collection Set: 0.5ms
[812.614s][info][gc,phases      ] GC(1317)   Other: 0.1ms
[812.614s][info][gc,heap        ] GC(1317) Eden regions: 101->0(105)
[812.614s][info][gc,heap        ] GC(1317) Survivor regions: 6->5(14)
[812.614s][info][gc,heap        ] GC(1317) Old regions: 82->82
[812.614s][info][gc,heap        ] GC(1317) Humongous regions: 3->3
[812.614s][info][gc,metaspace   ] GC(1317) Metaspace: 84787K(85952K)->84787K(85952K) NonClass: 73857K(74496K)->73857K(74496K) Class: 10929K(11456K)->10929K(11456K)
[812.614s][info][gc             ] GC(1317) Pause Young (Normal) (G1 Evacuation Pause) 190M->89M(212M) 5.054ms
[812.614s][info][gc,cpu         ] GC(1317) User=0.00s Sys=0.00s Real=0.00s
[812.975s][info][gc,start       ] GC(1318) Pause Young (Concurrent Start) (G1 Evacuation Pause)
[812.975s][info][gc,task        ] GC(1318) Using 8 workers of 8 for evacuation
[812.980s][info][gc,phases      ] GC(1318)   Pre Evacuate Collection Set: 0.2ms
[812.980s][info][gc,phases      ] GC(1318)   Merge Heap Roots: 0.1ms
[812.980s][info][gc,phases      ] GC(1318)   Evacuate Collection Set: 4.3ms
[812.980s][info][gc,phases      ] GC(1318)   Post Evacuate Collection Set: 0.6ms
[812.980s][info][gc,phases      ] GC(1318)   Other: 0.3ms
[812.981s][info][gc,heap        ] GC(1318) Eden regions: 105->0(105)
[812.981s][info][gc,heap        ] GC(1318) Survivor regions: 5->5(14)
[812.981s][info][gc,heap        ] GC(1318) Old regions: 82->82
[812.981s][info][gc,heap        ] GC(1318) Humongous regions: 3->3
[812.981s][info][gc,metaspace   ] GC(1318) Metaspace: 84787K(85952K)->84787K(85952K) NonClass: 73857K(74496K)->73857K(74496K) Class: 10929K(11456K)->10929K(11456K)
[812.981s][info][gc             ] GC(1318) Pause Young (Concurrent Start) (G1 Evacuation Pause) 194M->89M(212M) 5.973ms
[812.981s][info][gc,cpu         ] GC(1318) User=0.00s Sys=0.00s Real=0.01s
[812.981s][info][gc             ] GC(1319) Concurrent Mark Cycle
[812.981s][info][gc,marking     ] GC(1319) Concurrent Scan Root Regions
[812.985s][info][gc,marking     ] GC(1319) Concurrent Scan Root Regions 3.815ms
[812.985s][info][gc,marking     ] GC(1319) Concurrent Mark
[812.985s][info][gc,marking     ] GC(1319) Concurrent Mark From Roots
[812.985s][info][gc,task        ] GC(1319) Using 2 workers of 2 for marking
[813.121s][info][gc,marking     ] GC(1319) Concurrent Mark From Roots 136.365ms
[813.121s][info][gc,marking     ] GC(1319) Concurrent Preclean
[813.122s][info][gc,marking     ] GC(1319) Concurrent Preclean 0.343ms
[813.122s][info][gc,start       ] GC(1319) Pause Remark
[813.128s][info][gc             ] GC(1319) Pause Remark 127M->127M(215M) 6.146ms
[813.128s][info][gc,cpu         ] GC(1319) User=0.00s Sys=0.00s Real=0.01s
[813.128s][info][gc,marking     ] GC(1319) Concurrent Mark 143.328ms
[813.128s][info][gc,marking     ] GC(1319) Concurrent Rebuild Remembered Sets and Scrub Regions
[813.185s][info][gc,marking     ] GC(1319) Concurrent Rebuild Remembered Sets and Scrub Regions 56.755ms
[813.185s][info][gc,start       ] GC(1319) Pause Cleanup
[813.185s][info][gc             ] GC(1319) Pause Cleanup 140M->140M(215M) 0.185ms
[813.185s][info][gc,cpu         ] GC(1319) User=0.00s Sys=0.00s Real=0.00s
[813.185s][info][gc,marking     ] GC(1319) Concurrent Clear Claimed Marks
[813.186s][info][gc,marking     ] GC(1319) Concurrent Clear Claimed Marks 0.124ms
[813.186s][info][gc,marking     ] GC(1319) Concurrent Cleanup for Next Mark
[813.186s][info][gc,marking     ] GC(1319) Concurrent Cleanup for Next Mark 0.425ms
[813.186s][info][gc             ] GC(1319) Concurrent Mark Cycle 205.381ms
[813.366s][info][gc,start       ] GC(1320) Pause Young (Normal) (G1 Evacuation Pause)
[813.366s][info][gc,task        ] GC(1320) Using 8 workers of 8 for evacuation
[813.371s][info][gc,phases      ] GC(1320)   Pre Evacuate Collection Set: 0.2ms
[813.371s][info][gc,phases      ] GC(1320)   Merge Heap Roots: 0.1ms
[813.372s][info][gc,phases      ] GC(1320)   Evacuate Collection Set: 4.1ms
[813.372s][info][gc,phases      ] GC(1320)   Post Evacuate Collection Set: 0.9ms
[813.372s][info][gc,phases      ] GC(1320)   Other: 0.2ms
[813.372s][info][gc,heap        ] GC(1320) Eden regions: 105->0(107)
[813.372s][info][gc,heap        ] GC(1320) Survivor regions: 5->5(14)
[813.372s][info][gc,heap        ] GC(1320) Old regions: 82->83
[813.372s][info][gc,heap        ] GC(1320) Humongous regions: 3->3
[813.372s][info][gc,metaspace   ] GC(1320) Metaspace: 84787K(85952K)->84787K(85952K) NonClass: 73857K(74496K)->73857K(74496K) Class: 10929K(11456K)->10929K(11456K)
[813.372s][info][gc             ] GC(1320) Pause Young (Normal) (G1 Evacuation Pause) 194M->89M(215M) 6.365ms
[813.372s][info][gc,cpu         ] GC(1320) User=0.00s Sys=0.02s Real=0.01s
[813.756s][info][gc,start       ] GC(1321) Pause Young (Concurrent Start) (G1 Evacuation Pause)
[813.756s][info][gc,task        ] GC(1321) Using 8 workers of 8 for evacuation
[813.760s][info][gc,phases      ] GC(1321)   Pre Evacuate Collection Set: 0.2ms
[813.760s][info][gc,phases      ] GC(1321)   Merge Heap Roots: 0.1ms
[813.760s][info][gc,phases      ] GC(1321)   Evacuate Collection Set: 3.2ms
[813.760s][info][gc,phases      ] GC(1321)   Post Evacuate Collection Set: 0.5ms
[813.760s][info][gc,phases      ] GC(1321)   Other: 0.2ms
[813.760s][info][gc,heap        ] GC(1321) Eden regions: 107->0(105)
[813.760s][info][gc,heap        ] GC(1321) Survivor regions: 5->6(14)
[813.760s][info][gc,heap        ] GC(1321) Old regions: 83->83
[813.760s][info][gc,heap        ] GC(1321) Humongous regions: 3->3
[813.761s][info][gc,metaspace   ] GC(1321) Metaspace: 84787K(85952K)->84787K(85952K) NonClass: 73857K(74496K)->73857K(74496K) Class: 10929K(11456K)->10929K(11456K)
[813.761s][info][gc             ] GC(1321) Pause Young (Concurrent Start) (G1 Evacuation Pause) 196M->90M(215M) 4.725ms
[813.761s][info][gc,cpu         ] GC(1321) User=0.00s Sys=0.00s Real=0.01s
[813.761s][info][gc             ] GC(1322) Concurrent Mark Cycle
[813.761s][info][gc,marking     ] GC(1322) Concurrent Scan Root Regions
[813.764s][info][gc,marking     ] GC(1322) Concurrent Scan Root Regions 3.188ms
[813.764s][info][gc,marking     ] GC(1322) Concurrent Mark
[813.764s][info][gc,marking     ] GC(1322) Concurrent Mark From Roots
[813.764s][info][gc,task        ] GC(1322) Using 2 workers of 2 for marking
[813.932s][info][gc,marking     ] GC(1322) Concurrent Mark From Roots 168.066ms
[813.932s][info][gc,marking     ] GC(1322) Concurrent Preclean
[813.932s][info][gc,marking     ] GC(1322) Concurrent Preclean 0.170ms
[813.932s][info][gc,start       ] GC(1322) Pause Remark
[813.940s][info][gc             ] GC(1322) Pause Remark 128M->128M(217M) 7.354ms
[813.940s][info][gc,cpu         ] GC(1322) User=0.06s Sys=0.00s Real=0.01s
[813.940s][info][gc,marking     ] GC(1322) Concurrent Mark 176.030ms
[813.940s][info][gc,marking     ] GC(1322) Concurrent Rebuild Remembered Sets and Scrub Regions
[813.995s][info][gc,marking     ] GC(1322) Concurrent Rebuild Remembered Sets and Scrub Regions 54.792ms
[813.995s][info][gc,start       ] GC(1322) Pause Cleanup
[813.995s][info][gc             ] GC(1322) Pause Cleanup 140M->140M(217M) 0.195ms
[813.995s][info][gc,cpu         ] GC(1322) User=0.00s Sys=0.00s Real=0.00s
[813.995s][info][gc,marking     ] GC(1322) Concurrent Clear Claimed Marks
[813.996s][info][gc,marking     ] GC(1322) Concurrent Clear Claimed Marks 0.150ms
[813.996s][info][gc,marking     ] GC(1322) Concurrent Cleanup for Next Mark
[813.996s][info][gc,marking     ] GC(1322) Concurrent Cleanup for Next Mark 0.431ms
[813.996s][info][gc             ] GC(1322) Concurrent Mark Cycle 235.390ms
[814.183s][info][gc,start       ] GC(1323) Pause Young (Normal) (G1 Evacuation Pause)
[814.184s][info][gc,task        ] GC(1323) Using 8 workers of 8 for evacuation
[814.189s][info][gc,phases      ] GC(1323)   Pre Evacuate Collection Set: 0.2ms
[814.189s][info][gc,phases      ] GC(1323)   Merge Heap Roots: 0.1ms
[814.190s][info][gc,phases      ] GC(1323)   Evacuate Collection Set: 4.4ms
[814.190s][info][gc,phases      ] GC(1323)   Post Evacuate Collection Set: 1.0ms
[814.190s][info][gc,phases      ] GC(1323)   Other: 0.3ms
[814.190s][info][gc,heap        ] GC(1323) Eden regions: 105->0(109)
[814.190s][info][gc,heap        ] GC(1323) Survivor regions: 6->5(14)
[814.190s][info][gc,heap        ] GC(1323) Old regions: 83->83
[814.190s][info][gc,heap        ] GC(1323) Humongous regions: 3->3
[814.190s][info][gc,metaspace   ] GC(1323) Metaspace: 84787K(85952K)->84787K(85952K) NonClass: 73857K(74496K)->73857K(74496K) Class: 10929K(11456K)->10929K(11456K)
[814.190s][info][gc             ] GC(1323) Pause Young (Normal) (G1 Evacuation Pause) 195M->90M(217M) 6.677ms
[814.190s][info][gc,cpu         ] GC(1323) User=0.09s Sys=0.00s Real=0.01s
[814.557s][info][gc,start       ] GC(1324) Pause Young (Concurrent Start) (G1 Evacuation Pause)
[814.557s][info][gc,task        ] GC(1324) Using 8 workers of 8 for evacuation
[814.561s][info][gc,phases      ] GC(1324)   Pre Evacuate Collection Set: 0.2ms
[814.561s][info][gc,phases      ] GC(1324)   Merge Heap Roots: 0.1ms
[814.562s][info][gc,phases      ] GC(1324)   Evacuate Collection Set: 3.3ms
[814.562s][info][gc,phases      ] GC(1324)   Post Evacuate Collection Set: 0.6ms
[814.562s][info][gc,phases      ] GC(1324)   Other: 0.2ms
[814.562s][info][gc,heap        ] GC(1324) Eden regions: 109->0(109)
[814.562s][info][gc,heap        ] GC(1324) Survivor regions: 5->5(15)
[814.562s][info][gc,heap        ] GC(1324) Old regions: 83->83
[814.562s][info][gc,heap        ] GC(1324) Humongous regions: 3->3
[814.562s][info][gc,metaspace   ] GC(1324) Metaspace: 84787K(85952K)->84787K(85952K) NonClass: 73857K(74496K)->73857K(74496K) Class: 10929K(11456K)->10929K(11456K)
[814.562s][info][gc             ] GC(1324) Pause Young (Concurrent Start) (G1 Evacuation Pause) 199M->90M(217M) 4.888ms
[814.562s][info][gc,cpu         ] GC(1324) User=0.11s Sys=0.00s Real=0.00s
[814.562s][info][gc             ] GC(1325) Concurrent Mark Cycle
[814.562s][info][gc,marking     ] GC(1325) Concurrent Scan Root Regions
[814.565s][info][gc,marking     ] GC(1325) Concurrent Scan Root Regions 2.801ms
[814.565s][info][gc,marking     ] GC(1325) Concurrent Mark
[814.565s][info][gc,marking     ] GC(1325) Concurrent Mark From Roots
[814.565s][info][gc,task        ] GC(1325) Using 2 workers of 2 for marking
[814.712s][info][gc,marking     ] GC(1325) Concurrent Mark From Roots 147.226ms
[814.712s][info][gc,marking     ] GC(1325) Concurrent Preclean
[814.712s][info][gc,marking     ] GC(1325) Concurrent Preclean 0.177ms
[814.712s][info][gc,start       ] GC(1325) Pause Remark
[814.719s][info][gc             ] GC(1325) Pause Remark 122M->122M(217M) 6.067ms
[814.719s][info][gc,cpu         ] GC(1325) User=0.12s Sys=0.00s Real=0.01s
[814.719s][info][gc,marking     ] GC(1325) Concurrent Mark 153.912ms
[814.719s][info][gc,marking     ] GC(1325) Concurrent Rebuild Remembered Sets and Scrub Regions
[814.740s][info][gc,marking     ] GC(1325) Concurrent Rebuild Remembered Sets and Scrub Regions 21.260ms
[814.741s][info][gc,start       ] GC(1325) Pause Cleanup
[814.741s][info][gc             ] GC(1325) Pause Cleanup 127M->127M(217M) 0.081ms
[814.741s][info][gc,cpu         ] GC(1325) User=0.00s Sys=0.00s Real=0.00s
[814.741s][info][gc,marking     ] GC(1325) Concurrent Clear Claimed Marks
[814.741s][info][gc,marking     ] GC(1325) Concurrent Clear Claimed Marks 0.134ms
[814.741s][info][gc,marking     ] GC(1325) Concurrent Cleanup for Next Mark
[814.741s][info][gc,marking     ] GC(1325) Concurrent Cleanup for Next Mark 0.435ms
[814.741s][info][gc             ] GC(1325) Concurrent Mark Cycle 179.548ms
[814.996s][info][gc,start       ] GC(1326) Pause Young (Normal) (G1 Evacuation Pause)
[814.996s][info][gc,task        ] GC(1326) Using 8 workers of 8 for evacuation
[815.001s][info][gc,phases      ] GC(1326)   Pre Evacuate Collection Set: 0.1ms
[815.001s][info][gc,phases      ] GC(1326)   Merge Heap Roots: 0.1ms
[815.001s][info][gc,phases      ] GC(1326)   Evacuate Collection Set: 3.5ms
[815.001s][info][gc,phases      ] GC(1326)   Post Evacuate Collection Set: 0.5ms
[815.001s][info][gc,phases      ] GC(1326)   Other: 0.1ms
[815.001s][info][gc,heap        ] GC(1326) Eden regions: 109->0(106)
[815.001s][info][gc,heap        ] GC(1326) Survivor regions: 5->6(15)
[815.001s][info][gc,heap        ] GC(1326) Old regions: 83->84
[815.001s][info][gc,heap        ] GC(1326) Humongous regions: 3->3
[815.001s][info][gc,metaspace   ] GC(1326) Metaspace: 84787K(85952K)->84787K(85952K) NonClass: 73857K(74496K)->73857K(74496K) Class: 10929K(11456K)->10929K(11456K)
[815.001s][info][gc             ] GC(1326) Pause Young (Normal) (G1 Evacuation Pause) 199M->91M(217M) 4.842ms
[815.001s][info][gc,cpu         ] GC(1326) User=0.12s Sys=0.00s Real=0.01s
[815.334s][info][gc,start       ] GC(1327) Pause Young (Concurrent Start) (G1 Evacuation Pause)
[815.334s][info][gc,task        ] GC(1327) Using 8 workers of 8 for evacuation
[815.338s][info][gc,phases      ] GC(1327)   Pre Evacuate Collection Set: 0.3ms
[815.338s][info][gc,phases      ] GC(1327)   Merge Heap Roots: 0.1ms
[815.339s][info][gc,phases      ] GC(1327)   Evacuate Collection Set: 3.5ms
[815.339s][info][gc,phases      ] GC(1327)   Post Evacuate Collection Set: 0.7ms
[815.339s][info][gc,phases      ] GC(1327)   Other: 0.2ms
[815.339s][info][gc,heap        ] GC(1327) Eden regions: 106->0(108)
[815.339s][info][gc,heap        ] GC(1327) Survivor regions: 6->5(14)
[815.339s][info][gc,heap        ] GC(1327) Old regions: 84->84
[815.339s][info][gc,heap        ] GC(1327) Humongous regions: 3->3
[815.339s][info][gc,metaspace   ] GC(1327) Metaspace: 84787K(85952K)->84787K(85952K) NonClass: 73857K(74496K)->73857K(74496K) Class: 10929K(11456K)->10929K(11456K)
[815.339s][info][gc             ] GC(1327) Pause Young (Concurrent Start) (G1 Evacuation Pause) 197M->91M(217M) 5.143ms
[815.339s][info][gc,cpu         ] GC(1327) User=0.00s Sys=0.00s Real=0.00s
[815.339s][info][gc             ] GC(1328) Concurrent Mark Cycle
[815.339s][info][gc,marking     ] GC(1328) Concurrent Scan Root Regions
[815.343s][info][gc,marking     ] GC(1328) Concurrent Scan Root Regions 4.288ms
[815.343s][info][gc,marking     ] GC(1328) Concurrent Mark
[815.343s][info][gc,marking     ] GC(1328) Concurrent Mark From Roots
[815.343s][info][gc,task        ] GC(1328) Using 2 workers of 2 for marking
[815.507s][info][gc,marking     ] GC(1328) Concurrent Mark From Roots 163.833ms
[815.508s][info][gc,marking     ] GC(1328) Concurrent Preclean
[815.508s][info][gc,marking     ] GC(1328) Concurrent Preclean 0.265ms
[815.508s][info][gc,start       ] GC(1328) Pause Remark
[815.514s][info][gc             ] GC(1328) Pause Remark 129M->129M(217M) 6.071ms
[815.514s][info][gc,cpu         ] GC(1328) User=0.11s Sys=0.02s Real=0.01s
[815.514s][info][gc,marking     ] GC(1328) Concurrent Mark 170.827ms
[815.514s][info][gc,marking     ] GC(1328) Concurrent Rebuild Remembered Sets and Scrub Regions
[815.565s][info][gc,marking     ] GC(1328) Concurrent Rebuild Remembered Sets and Scrub Regions 50.767ms
[815.565s][info][gc,start       ] GC(1328) Pause Cleanup
[815.565s][info][gc             ] GC(1328) Pause Cleanup 140M->140M(217M) 0.215ms
[815.566s][info][gc,cpu         ] GC(1328) User=0.00s Sys=0.00s Real=0.00s
[815.566s][info][gc,marking     ] GC(1328) Concurrent Clear Claimed Marks
[815.566s][info][gc,marking     ] GC(1328) Concurrent Clear Claimed Marks 0.125ms
[815.566s][info][gc,marking     ] GC(1328) Concurrent Cleanup for Next Mark
[815.566s][info][gc,marking     ] GC(1328) Concurrent Cleanup for Next Mark 0.429ms
[815.566s][info][gc             ] GC(1328) Concurrent Mark Cycle 227.428ms
[815.751s][info][gc,start       ] GC(1329) Pause Young (Prepare Mixed) (G1 Evacuation Pause)
[815.751s][info][gc,task        ] GC(1329) Using 8 workers of 8 for evacuation
[815.756s][info][gc,phases      ] GC(1329)   Pre Evacuate Collection Set: 0.2ms
[815.756s][info][gc,phases      ] GC(1329)   Merge Heap Roots: 0.2ms
[815.756s][info][gc,phases      ] GC(1329)   Evacuate Collection Set: 3.7ms
[815.756s][info][gc,phases      ] GC(1329)   Post Evacuate Collection Set: 0.6ms
[815.756s][info][gc,phases      ] GC(1329)   Other: 0.1ms
[815.756s][info][gc,heap        ] GC(1329) Eden regions: 108->0(106)
[815.756s][info][gc,heap        ] GC(1329) Survivor regions: 5->6(15)
[815.756s][info][gc,heap        ] GC(1329) Old regions: 84->84
[815.756s][info][gc,heap        ] GC(1329) Humongous regions: 3->3
[815.756s][info][gc,metaspace   ] GC(1329) Metaspace: 84787K(85952K)->84787K(85952K) NonClass: 73857K(74496K)->73857K(74496K) Class: 10929K(11456K)->10929K(11456K)
[815.756s][info][gc             ] GC(1329) Pause Young (Prepare Mixed) (G1 Evacuation Pause) 199M->91M(217M) 5.476ms
[815.756s][info][gc,cpu         ] GC(1329) User=0.00s Sys=0.00s Real=0.01s
[816.134s][info][gc,start       ] GC(1330) Pause Young (Mixed) (G1 Evacuation Pause)
[816.134s][info][gc,task        ] GC(1330) Using 8 workers of 8 for evacuation
[816.141s][info][gc,phases      ] GC(1330)   Pre Evacuate Collection Set: 0.2ms
[816.141s][info][gc,phases      ] GC(1330)   Merge Heap Roots: 0.1ms
[816.141s][info][gc,phases      ] GC(1330)   Evacuate Collection Set: 5.1ms
[816.141s][info][gc,phases      ] GC(1330)   Post Evacuate Collection Set: 0.9ms
[816.141s][info][gc,phases      ] GC(1330)   Other: 0.2ms
[816.141s][info][gc,heap        ] GC(1330) Eden regions: 106->0(105)
[816.141s][info][gc,heap        ] GC(1330) Survivor regions: 6->6(14)
[816.141s][info][gc,heap        ] GC(1330) Old regions: 84->85
[816.141s][info][gc,heap        ] GC(1330) Humongous regions: 3->3
[816.141s][info][gc,metaspace   ] GC(1330) Metaspace: 84787K(85952K)->84787K(85952K) NonClass: 73857K(74496K)->73857K(74496K) Class: 10929K(11456K)->10929K(11456K)
[816.142s][info][gc             ] GC(1330) Pause Young (Mixed) (G1 Evacuation Pause) 197M->92M(217M) 7.263ms
[816.142s][info][gc,cpu         ] GC(1330) User=0.12s Sys=0.00s Real=0.01s
[816.468s][info][gc,start       ] GC(1331) Pause Young (Concurrent Start) (G1 Evacuation Pause)
[816.468s][info][gc,task        ] GC(1331) Using 8 workers of 8 for evacuation
[816.472s][info][gc,phases      ] GC(1331)   Pre Evacuate Collection Set: 0.2ms
[816.472s][info][gc,phases      ] GC(1331)   Merge Heap Roots: 0.1ms
[816.472s][info][gc,phases      ] GC(1331)   Evacuate Collection Set: 3.2ms
[816.472s][info][gc,phases      ] GC(1331)   Post Evacuate Collection Set: 0.5ms
[816.472s][info][gc,phases      ] GC(1331)   Other: 0.2ms
[816.472s][info][gc,heap        ] GC(1331) Eden regions: 105->0(107)
[816.472s][info][gc,heap        ] GC(1331) Survivor regions: 6->5(14)
[816.472s][info][gc,heap        ] GC(1331) Old regions: 85->85
[816.472s][info][gc,heap        ] GC(1331) Humongous regions: 3->3
[816.473s][info][gc,metaspace   ] GC(1331) Metaspace: 84787K(85952K)->84787K(85952K) NonClass: 73857K(74496K)->73857K(74496K) Class: 10929K(11456K)->10929K(11456K)
[816.473s][info][gc             ] GC(1331) Pause Young (Concurrent Start) (G1 Evacuation Pause) 197M->92M(217M) 4.667ms
[816.473s][info][gc             ] GC(1332) Concurrent Mark Cycle
[816.473s][info][gc,cpu         ] GC(1331) User=0.00s Sys=0.00s Real=0.00s
[816.473s][info][gc,marking     ] GC(1332) Concurrent Scan Root Regions
[816.478s][info][gc,marking     ] GC(1332) Concurrent Scan Root Regions 4.978ms
[816.478s][info][gc,marking     ] GC(1332) Concurrent Mark
[816.478s][info][gc,marking     ] GC(1332) Concurrent Mark From Roots
[816.478s][info][gc,task        ] GC(1332) Using 2 workers of 2 for marking
[816.640s][info][gc,marking     ] GC(1332) Concurrent Mark From Roots 162.530ms
[816.640s][info][gc,marking     ] GC(1332) Concurrent Preclean
[816.641s][info][gc,marking     ] GC(1332) Concurrent Preclean 0.406ms
[816.641s][info][gc,start       ] GC(1332) Pause Remark
[816.647s][info][gc             ] GC(1332) Pause Remark 133M->133M(225M) 6.297ms
[816.647s][info][gc,cpu         ] GC(1332) User=0.00s Sys=0.00s Real=0.01s
[816.648s][info][gc,marking     ] GC(1332) Concurrent Mark 169.796ms
[816.648s][info][gc,marking     ] GC(1332) Concurrent Rebuild Remembered Sets and Scrub Regions
[816.696s][info][gc,marking     ] GC(1332) Concurrent Rebuild Remembered Sets and Scrub Regions 48.342ms
[816.696s][info][gc,start       ] GC(1332) Pause Cleanup
[816.696s][info][gc             ] GC(1332) Pause Cleanup 142M->142M(225M) 0.182ms
[816.696s][info][gc,cpu         ] GC(1332) User=0.00s Sys=0.00s Real=0.00s
[816.696s][info][gc,marking     ] GC(1332) Concurrent Clear Claimed Marks
[816.697s][info][gc,marking     ] GC(1332) Concurrent Clear Claimed Marks 0.114ms
[816.697s][info][gc,marking     ] GC(1332) Concurrent Cleanup for Next Mark
[816.697s][info][gc,marking     ] GC(1332) Concurrent Cleanup for Next Mark 0.440ms
[816.697s][info][gc             ] GC(1332) Concurrent Mark Cycle 224.458ms
[816.889s][info][gc,start       ] GC(1333) Pause Young (Normal) (G1 Evacuation Pause)
[816.889s][info][gc,task        ] GC(1333) Using 8 workers of 8 for evacuation
[816.895s][info][gc,phases      ] GC(1333)   Pre Evacuate Collection Set: 0.2ms
[816.895s][info][gc,phases      ] GC(1333)   Merge Heap Roots: 0.1ms
[816.895s][info][gc,phases      ] GC(1333)   Evacuate Collection Set: 4.9ms
[816.895s][info][gc,phases      ] GC(1333)   Post Evacuate Collection Set: 0.5ms
[816.895s][info][gc,phases      ] GC(1333)   Other: 0.1ms
[816.895s][info][gc,heap        ] GC(1333) Eden regions: 107->0(115)
[816.895s][info][gc,heap        ] GC(1333) Survivor regions: 5->5(14)
[816.895s][info][gc,heap        ] GC(1333) Old regions: 85->85
[816.895s][info][gc,heap        ] GC(1333) Humongous regions: 3->3
[816.895s][info][gc,metaspace   ] GC(1333) Metaspace: 84787K(85952K)->84787K(85952K) NonClass: 73857K(74496K)->73857K(74496K) Class: 10929K(11456K)->10929K(11456K)
[816.895s][info][gc             ] GC(1333) Pause Young (Normal) (G1 Evacuation Pause) 199M->92M(225M) 6.397ms
[816.895s][info][gc,cpu         ] GC(1333) User=0.00s Sys=0.00s Real=0.01s
[817.266s][info][gc,start       ] GC(1334) Pause Young (Concurrent Start) (G1 Evacuation Pause)
[817.266s][info][gc,task        ] GC(1334) Using 8 workers of 8 for evacuation
[817.270s][info][gc,phases      ] GC(1334)   Pre Evacuate Collection Set: 0.2ms
[817.271s][info][gc,phases      ] GC(1334)   Merge Heap Roots: 0.1ms
[817.271s][info][gc,phases      ] GC(1334)   Evacuate Collection Set: 3.5ms
[817.271s][info][gc,phases      ] GC(1334)   Post Evacuate Collection Set: 0.6ms
[817.271s][info][gc,phases      ] GC(1334)   Other: 0.2ms
[817.271s][info][gc,heap        ] GC(1334) Eden regions: 115->0(114)
[817.271s][info][gc,heap        ] GC(1334) Survivor regions: 5->5(15)
[817.271s][info][gc,heap        ] GC(1334) Old regions: 85->86
[817.271s][info][gc,heap        ] GC(1334) Humongous regions: 3->3
[817.271s][info][gc,metaspace   ] GC(1334) Metaspace: 84787K(85952K)->84787K(85952K) NonClass: 73857K(74496K)->73857K(74496K) Class: 10929K(11456K)->10929K(11456K)
[817.271s][info][gc             ] GC(1334) Pause Young (Concurrent Start) (G1 Evacuation Pause) 207M->93M(225M) 5.031ms
[817.271s][info][gc             ] GC(1335) Concurrent Mark Cycle
[817.271s][info][gc,cpu         ] GC(1334) User=0.00s Sys=0.00s Real=0.00s
[817.271s][info][gc,marking     ] GC(1335) Concurrent Scan Root Regions
[817.275s][info][gc,marking     ] GC(1335) Concurrent Scan Root Regions 4.115ms
[817.275s][info][gc,marking     ] GC(1335) Concurrent Mark
[817.275s][info][gc,marking     ] GC(1335) Concurrent Mark From Roots
[817.275s][info][gc,task        ] GC(1335) Using 2 workers of 2 for marking
[817.434s][info][gc,marking     ] GC(1335) Concurrent Mark From Roots 158.963ms
[817.434s][info][gc,marking     ] GC(1335) Concurrent Preclean
[817.435s][info][gc,marking     ] GC(1335) Concurrent Preclean 0.170ms
[817.435s][info][gc,start       ] GC(1335) Pause Remark
[817.441s][info][gc             ] GC(1335) Pause Remark 132M->132M(225M) 5.916ms
[817.441s][info][gc,cpu         ] GC(1335) User=0.00s Sys=0.02s Real=0.01s
[817.441s][info][gc,marking     ] GC(1335) Concurrent Mark 165.518ms
[817.441s][info][gc,marking     ] GC(1335) Concurrent Rebuild Remembered Sets and Scrub Regions
[817.495s][info][gc,marking     ] GC(1335) Concurrent Rebuild Remembered Sets and Scrub Regions 53.828ms
[817.495s][info][gc,start       ] GC(1335) Pause Cleanup
[817.495s][info][gc             ] GC(1335) Pause Cleanup 146M->146M(225M) 0.168ms
[817.495s][info][gc,cpu         ] GC(1335) User=0.00s Sys=0.00s Real=0.00s
[817.495s][info][gc,marking     ] GC(1335) Concurrent Clear Claimed Marks
[817.495s][info][gc,marking     ] GC(1335) Concurrent Clear Claimed Marks 0.098ms
[817.495s][info][gc,marking     ] GC(1335) Concurrent Cleanup for Next Mark
[817.496s][info][gc,marking     ] GC(1335) Concurrent Cleanup for Next Mark 0.353ms
[817.496s][info][gc             ] GC(1335) Concurrent Mark Cycle 224.705ms
[817.696s][info][gc,start       ] GC(1336) Pause Young (Normal) (G1 Evacuation Pause)
[817.696s][info][gc,task        ] GC(1336) Using 8 workers of 8 for evacuation
[817.700s][info][gc,phases      ] GC(1336)   Pre Evacuate Collection Set: 0.2ms
[817.701s][info][gc,phases      ] GC(1336)   Merge Heap Roots: 0.1ms
[817.701s][info][gc,phases      ] GC(1336)   Evacuate Collection Set: 3.4ms
[817.701s][info][gc,phases      ] GC(1336)   Post Evacuate Collection Set: 0.6ms
[817.701s][info][gc,phases      ] GC(1336)   Other: 0.1ms
[817.701s][info][gc,heap        ] GC(1336) Eden regions: 114->0(114)
[817.701s][info][gc,heap        ] GC(1336) Survivor regions: 5->5(15)
[817.701s][info][gc,heap        ] GC(1336) Old regions: 86->86
[817.701s][info][gc,heap        ] GC(1336) Humongous regions: 3->3
[817.701s][info][gc,metaspace   ] GC(1336) Metaspace: 84787K(85952K)->84787K(85952K) NonClass: 73857K(74496K)->73857K(74496K) Class: 10929K(11456K)->10929K(11456K)
[817.701s][info][gc             ] GC(1336) Pause Young (Normal) (G1 Evacuation Pause) 207M->93M(225M) 5.041ms
[817.701s][info][gc,cpu         ] GC(1336) User=0.12s Sys=0.00s Real=0.01s
[818.090s][info][gc,start       ] GC(1337) Pause Young (Concurrent Start) (G1 Evacuation Pause)
[818.090s][info][gc,task        ] GC(1337) Using 8 workers of 8 for evacuation
[818.096s][info][gc,phases      ] GC(1337)   Pre Evacuate Collection Set: 0.2ms
[818.096s][info][gc,phases      ] GC(1337)   Merge Heap Roots: 0.1ms
[818.096s][info][gc,phases      ] GC(1337)   Evacuate Collection Set: 4.7ms
[818.096s][info][gc,phases      ] GC(1337)   Post Evacuate Collection Set: 0.6ms
[818.096s][info][gc,phases      ] GC(1337)   Other: 0.2ms
[818.096s][info][gc,heap        ] GC(1337) Eden regions: 114->0(112)
[818.096s][info][gc,heap        ] GC(1337) Survivor regions: 5->6(15)
[818.096s][info][gc,heap        ] GC(1337) Old regions: 86->86
[818.096s][info][gc,heap        ] GC(1337) Humongous regions: 3->3
[818.096s][info][gc,metaspace   ] GC(1337) Metaspace: 84787K(85952K)->84787K(85952K) NonClass: 73857K(74496K)->73857K(74496K) Class: 10929K(11456K)->10929K(11456K)
[818.096s][info][gc             ] GC(1337) Pause Young (Concurrent Start) (G1 Evacuation Pause) 207M->94M(225M) 6.248ms
[818.096s][info][gc,cpu         ] GC(1337) User=0.11s Sys=0.00s Real=0.01s
[818.096s][info][gc             ] GC(1338) Concurrent Mark Cycle
[818.096s][info][gc,marking     ] GC(1338) Concurrent Scan Root Regions
[818.099s][info][gc,marking     ] GC(1338) Concurrent Scan Root Regions 2.868ms
[818.099s][info][gc,marking     ] GC(1338) Concurrent Mark
[818.099s][info][gc,marking     ] GC(1338) Concurrent Mark From Roots
[818.099s][info][gc,task        ] GC(1338) Using 2 workers of 2 for marking
[818.246s][info][gc,marking     ] GC(1338) Concurrent Mark From Roots 146.679ms
[818.246s][info][gc,marking     ] GC(1338) Concurrent Preclean
[818.246s][info][gc,marking     ] GC(1338) Concurrent Preclean 0.236ms
[818.246s][info][gc,start       ] GC(1338) Pause Remark
[818.252s][info][gc             ] GC(1338) Pause Remark 133M->133M(225M) 5.722ms
[818.252s][info][gc,cpu         ] GC(1338) User=0.12s Sys=0.00s Real=0.01s
[818.252s][info][gc,marking     ] GC(1338) Concurrent Mark 153.137ms
[818.252s][info][gc,marking     ] GC(1338) Concurrent Rebuild Remembered Sets and Scrub Regions
[818.304s][info][gc,marking     ] GC(1338) Concurrent Rebuild Remembered Sets and Scrub Regions 52.167ms
[818.305s][info][gc,start       ] GC(1338) Pause Cleanup
[818.305s][info][gc             ] GC(1338) Pause Cleanup 144M->144M(225M) 0.178ms
[818.305s][info][gc,cpu         ] GC(1338) User=0.00s Sys=0.00s Real=0.00s
[818.305s][info][gc,marking     ] GC(1338) Concurrent Clear Claimed Marks
[818.305s][info][gc,marking     ] GC(1338) Concurrent Clear Claimed Marks 0.118ms
[818.305s][info][gc,marking     ] GC(1338) Concurrent Cleanup for Next Mark
[818.305s][info][gc,marking     ] GC(1338) Concurrent Cleanup for Next Mark 0.444ms
[818.306s][info][gc             ] GC(1338) Concurrent Mark Cycle 209.545ms
[818.524s][info][gc,start       ] GC(1339) Pause Young (Normal) (G1 Evacuation Pause)
[818.524s][info][gc,task        ] GC(1339) Using 8 workers of 8 for evacuation
[818.530s][info][gc,phases      ] GC(1339)   Pre Evacuate Collection Set: 0.1ms
[818.530s][info][gc,phases      ] GC(1339)   Merge Heap Roots: 0.1ms
[818.530s][info][gc,phases      ] GC(1339)   Evacuate Collection Set: 4.4ms
[818.530s][info][gc,phases      ] GC(1339)   Post Evacuate Collection Set: 0.5ms
[818.530s][info][gc,phases      ] GC(1339)   Other: 0.1ms
[818.530s][info][gc,heap        ] GC(1339) Eden regions: 112->0(113)
[818.530s][info][gc,heap        ] GC(1339) Survivor regions: 6->5(15)
[818.530s][info][gc,heap        ] GC(1339) Old regions: 86->87
[818.530s][info][gc,heap        ] GC(1339) Humongous regions: 3->3
[818.530s][info][gc,metaspace   ] GC(1339) Metaspace: 84787K(85952K)->84787K(85952K) NonClass: 73857K(74496K)->73857K(74496K) Class: 10929K(11456K)->10929K(11456K)
[818.530s][info][gc             ] GC(1339) Pause Young (Normal) (G1 Evacuation Pause) 206M->94M(225M) 5.799ms
[818.530s][info][gc,cpu         ] GC(1339) User=0.11s Sys=0.00s Real=0.01s
[818.902s][info][gc,start       ] GC(1340) Pause Young (Concurrent Start) (G1 Evacuation Pause)
[818.902s][info][gc,task        ] GC(1340) Using 8 workers of 8 for evacuation
[818.907s][info][gc,phases      ] GC(1340)   Pre Evacuate Collection Set: 0.2ms
[818.907s][info][gc,phases      ] GC(1340)   Merge Heap Roots: 0.1ms
[818.907s][info][gc,phases      ] GC(1340)   Evacuate Collection Set: 4.0ms
[818.907s][info][gc,phases      ] GC(1340)   Post Evacuate Collection Set: 0.6ms
[818.907s][info][gc,phases      ] GC(1340)   Other: 0.2ms
[818.907s][info][gc,heap        ] GC(1340) Eden regions: 113->0(113)
[818.907s][info][gc,heap        ] GC(1340) Survivor regions: 5->5(15)
[818.907s][info][gc,heap        ] GC(1340) Old regions: 87->87
[818.907s][info][gc,heap        ] GC(1340) Humongous regions: 3->3
[818.907s][info][gc,metaspace   ] GC(1340) Metaspace: 84787K(85952K)->84787K(85952K) NonClass: 73857K(74496K)->73857K(74496K) Class: 10929K(11456K)->10929K(11456K)
[818.907s][info][gc             ] GC(1340) Pause Young (Concurrent Start) (G1 Evacuation Pause) 207M->94M(225M) 5.709ms
[818.907s][info][gc,cpu         ] GC(1340) User=0.09s Sys=0.00s Real=0.00s
[818.907s][info][gc             ] GC(1341) Concurrent Mark Cycle
[818.908s][info][gc,marking     ] GC(1341) Concurrent Scan Root Regions
[818.912s][info][gc,marking     ] GC(1341) Concurrent Scan Root Regions 4.739ms
[818.912s][info][gc,marking     ] GC(1341) Concurrent Mark
[818.912s][info][gc,marking     ] GC(1341) Concurrent Mark From Roots
[818.912s][info][gc,task        ] GC(1341) Using 2 workers of 2 for marking
[819.073s][info][gc,marking     ] GC(1341) Concurrent Mark From Roots 160.750ms
[819.073s][info][gc,marking     ] GC(1341) Concurrent Preclean
[819.074s][info][gc,marking     ] GC(1341) Concurrent Preclean 0.267ms
[819.074s][info][gc,start       ] GC(1341) Pause Remark
[819.081s][info][gc             ] GC(1341) Pause Remark 132M->132M(225M) 7.055ms
[819.081s][info][gc,cpu         ] GC(1341) User=0.05s Sys=0.03s Real=0.01s
[819.081s][info][gc,marking     ] GC(1341) Concurrent Mark 168.553ms
[819.081s][info][gc,marking     ] GC(1341) Concurrent Rebuild Remembered Sets and Scrub Regions
[819.130s][info][gc,marking     ] GC(1341) Concurrent Rebuild Remembered Sets and Scrub Regions 49.260ms
[819.130s][info][gc,start       ] GC(1341) Pause Cleanup
[819.131s][info][gc             ] GC(1341) Pause Cleanup 146M->146M(225M) 0.177ms
[819.131s][info][gc,cpu         ] GC(1341) User=0.00s Sys=0.00s Real=0.00s
[819.131s][info][gc,marking     ] GC(1341) Concurrent Clear Claimed Marks
[819.131s][info][gc,marking     ] GC(1341) Concurrent Clear Claimed Marks 0.117ms
[819.131s][info][gc,marking     ] GC(1341) Concurrent Cleanup for Next Mark
[819.131s][info][gc,marking     ] GC(1341) Concurrent Cleanup for Next Mark 0.379ms
[819.131s][info][gc             ] GC(1341) Concurrent Mark Cycle 223.928ms
[819.331s][info][gc,start       ] GC(1342) Pause Young (Prepare Mixed) (G1 Evacuation Pause)
[819.331s][info][gc,task        ] GC(1342) Using 8 workers of 8 for evacuation
[819.336s][info][gc,phases      ] GC(1342)   Pre Evacuate Collection Set: 0.2ms
[819.336s][info][gc,phases      ] GC(1342)   Merge Heap Roots: 0.1ms
[819.336s][info][gc,phases      ] GC(1342)   Evacuate Collection Set: 4.0ms
[819.336s][info][gc,phases      ] GC(1342)   Post Evacuate Collection Set: 0.5ms
[819.336s][info][gc,phases      ] GC(1342)   Other: 0.1ms
[819.336s][info][gc,heap        ] GC(1342) Eden regions: 113->0(111)
[819.336s][info][gc,heap        ] GC(1342) Survivor regions: 5->6(15)
[819.336s][info][gc,heap        ] GC(1342) Old regions: 87->87
[819.336s][info][gc,heap        ] GC(1342) Humongous regions: 3->3
[819.336s][info][gc,metaspace   ] GC(1342) Metaspace: 84787K(85952K)->84787K(85952K) NonClass: 73857K(74496K)->73857K(74496K) Class: 10929K(11456K)->10929K(11456K)
[819.336s][info][gc             ] GC(1342) Pause Young (Prepare Mixed) (G1 Evacuation Pause) 207M->94M(225M) 5.392ms
[819.336s][info][gc,cpu         ] GC(1342) User=0.00s Sys=0.00s Real=0.01s
[819.728s][info][gc,start       ] GC(1343) Pause Young (Mixed) (G1 Evacuation Pause)
[819.728s][info][gc,task        ] GC(1343) Using 8 workers of 8 for evacuation
[819.735s][info][gc,phases      ] GC(1343)   Pre Evacuate Collection Set: 0.2ms
[819.735s][info][gc,phases      ] GC(1343)   Merge Heap Roots: 0.1ms
[819.735s][info][gc,phases      ] GC(1343)   Evacuate Collection Set: 5.8ms
[819.735s][info][gc,phases      ] GC(1343)   Post Evacuate Collection Set: 0.5ms
[819.735s][info][gc,phases      ] GC(1343)   Other: 0.1ms
[819.735s][info][gc,heap        ] GC(1343) Eden regions: 111->0(108)
[819.735s][info][gc,heap        ] GC(1343) Survivor regions: 6->6(15)
[819.735s][info][gc,heap        ] GC(1343) Old regions: 87->88
[819.735s][info][gc,heap        ] GC(1343) Humongous regions: 5->5
[819.735s][info][gc,metaspace   ] GC(1343) Metaspace: 84787K(85952K)->84787K(85952K) NonClass: 73857K(74496K)->73857K(74496K) Class: 10929K(11456K)->10929K(11456K)
[819.735s][info][gc             ] GC(1343) Pause Young (Mixed) (G1 Evacuation Pause) 207M->97M(225M) 7.202ms
[819.735s][info][gc,cpu         ] GC(1343) User=0.11s Sys=0.00s Real=0.01s
[820.099s][info][gc,start       ] GC(1344) Pause Young (Concurrent Start) (G1 Evacuation Pause)
[820.099s][info][gc,task        ] GC(1344) Using 8 workers of 8 for evacuation
[820.104s][info][gc,phases      ] GC(1344)   Pre Evacuate Collection Set: 0.2ms
[820.104s][info][gc,phases      ] GC(1344)   Merge Heap Roots: 0.1ms
[820.104s][info][gc,phases      ] GC(1344)   Evacuate Collection Set: 3.9ms
[820.104s][info][gc,phases      ] GC(1344)   Post Evacuate Collection Set: 0.8ms
[820.104s][info][gc,phases      ] GC(1344)   Other: 0.2ms
[820.104s][info][gc,heap        ] GC(1344) Eden regions: 108->0(110)
[820.104s][info][gc,heap        ] GC(1344) Survivor regions: 6->5(15)
[820.104s][info][gc,heap        ] GC(1344) Old regions: 88->88
[820.105s][info][gc,heap        ] GC(1344) Humongous regions: 5->5
[820.105s][info][gc,metaspace   ] GC(1344) Metaspace: 84787K(85952K)->84787K(85952K) NonClass: 73857K(74496K)->73857K(74496K) Class: 10929K(11456K)->10929K(11456K)
[820.105s][info][gc             ] GC(1344) Pause Young (Concurrent Start) (G1 Evacuation Pause) 205M->97M(225M) 5.673ms
[820.105s][info][gc             ] GC(1345) Concurrent Mark Cycle
[820.105s][info][gc,cpu         ] GC(1344) User=0.00s Sys=0.00s Real=0.01s
[820.105s][info][gc,marking     ] GC(1345) Concurrent Scan Root Regions
[820.109s][info][gc,marking     ] GC(1345) Concurrent Scan Root Regions 3.954ms
[820.109s][info][gc,marking     ] GC(1345) Concurrent Mark
[820.109s][info][gc,marking     ] GC(1345) Concurrent Mark From Roots
[820.109s][info][gc,task        ] GC(1345) Using 2 workers of 2 for marking
[820.260s][info][gc,marking     ] GC(1345) Concurrent Mark From Roots 150.891ms
[820.260s][info][gc,marking     ] GC(1345) Concurrent Preclean
[820.260s][info][gc,marking     ] GC(1345) Concurrent Preclean 0.182ms
[820.260s][info][gc,start       ] GC(1345) Pause Remark
[820.267s][info][gc             ] GC(1345) Pause Remark 132M->131M(225M) 6.511ms
[820.267s][info][gc,cpu         ] GC(1345) User=0.03s Sys=0.02s Real=0.01s
[820.267s][info][gc,marking     ] GC(1345) Concurrent Mark 158.005ms
[820.267s][info][gc,marking     ] GC(1345) Concurrent Rebuild Remembered Sets and Scrub Regions
[820.334s][info][gc,marking     ] GC(1345) Concurrent Rebuild Remembered Sets and Scrub Regions 67.158ms
[820.334s][info][gc,start       ] GC(1345) Pause Cleanup
[820.334s][info][gc             ] GC(1345) Pause Cleanup 141M->141M(225M) 0.193ms
[820.334s][info][gc,cpu         ] GC(1345) User=0.00s Sys=0.00s Real=0.00s
[820.335s][info][gc,marking     ] GC(1345) Concurrent Clear Claimed Marks
[820.335s][info][gc,marking     ] GC(1345) Concurrent Clear Claimed Marks 0.119ms
[820.335s][info][gc,marking     ] GC(1345) Concurrent Cleanup for Next Mark
[820.335s][info][gc,marking     ] GC(1345) Concurrent Cleanup for Next Mark 0.429ms
[820.335s][info][gc             ] GC(1345) Concurrent Mark Cycle 230.527ms
[820.586s][info][gc,start       ] GC(1346) Pause Young (Normal) (G1 Evacuation Pause)
[820.586s][info][gc,task        ] GC(1346) Using 8 workers of 8 for evacuation
[820.591s][info][gc,phases      ] GC(1346)   Pre Evacuate Collection Set: 0.1ms
[820.591s][info][gc,phases      ] GC(1346)   Merge Heap Roots: 0.1ms
[820.591s][info][gc,phases      ] GC(1346)   Evacuate Collection Set: 4.2ms
[820.591s][info][gc,phases      ] GC(1346)   Post Evacuate Collection Set: 0.5ms
[820.592s][info][gc,phases      ] GC(1346)   Other: 0.1ms
[820.592s][info][gc,heap        ] GC(1346) Eden regions: 110->0(109)
[820.592s][info][gc,heap        ] GC(1346) Survivor regions: 5->6(15)
[820.592s][info][gc,heap        ] GC(1346) Old regions: 88->88
[820.592s][info][gc,heap        ] GC(1346) Humongous regions: 4->4
[820.592s][info][gc,metaspace   ] GC(1346) Metaspace: 84787K(85952K)->84787K(85952K) NonClass: 73857K(74496K)->73857K(74496K) Class: 10929K(11456K)->10929K(11456K)
[820.592s][info][gc             ] GC(1346) Pause Young (Normal) (G1 Evacuation Pause) 206M->96M(225M) 5.489ms
[820.592s][info][gc,cpu         ] GC(1346) User=0.11s Sys=0.00s Real=0.01s
[821.036s][info][gc,start       ] GC(1347) Pause Young (Concurrent Start) (G1 Evacuation Pause)
[821.036s][info][gc,task        ] GC(1347) Using 8 workers of 8 for evacuation
[821.042s][info][gc,phases      ] GC(1347)   Pre Evacuate Collection Set: 0.2ms
[821.042s][info][gc,phases      ] GC(1347)   Merge Heap Roots: 0.1ms
[821.042s][info][gc,phases      ] GC(1347)   Evacuate Collection Set: 4.7ms
[821.042s][info][gc,phases      ] GC(1347)   Post Evacuate Collection Set: 0.5ms
[821.042s][info][gc,phases      ] GC(1347)   Other: 0.2ms
[821.042s][info][gc,heap        ] GC(1347) Eden regions: 109->0(108)
[821.042s][info][gc,heap        ] GC(1347) Survivor regions: 6->6(15)
[821.042s][info][gc,heap        ] GC(1347) Old regions: 88->89
[821.042s][info][gc,heap        ] GC(1347) Humongous regions: 4->4
[821.042s][info][gc,metaspace   ] GC(1347) Metaspace: 84787K(85952K)->84787K(85952K) NonClass: 73857K(74496K)->73857K(74496K) Class: 10929K(11456K)->10929K(11456K)
[821.042s][info][gc             ] GC(1347) Pause Young (Concurrent Start) (G1 Evacuation Pause) 205M->97M(225M) 6.123ms
[821.042s][info][gc,cpu         ] GC(1347) User=0.00s Sys=0.00s Real=0.00s
[821.042s][info][gc             ] GC(1348) Concurrent Mark Cycle
[821.042s][info][gc,marking     ] GC(1348) Concurrent Scan Root Regions
[821.048s][info][gc,marking     ] GC(1348) Concurrent Scan Root Regions 5.378ms
[821.048s][info][gc,marking     ] GC(1348) Concurrent Mark
[821.048s][info][gc,marking     ] GC(1348) Concurrent Mark From Roots
[821.048s][info][gc,task        ] GC(1348) Using 2 workers of 2 for marking
[821.250s][info][gc,marking     ] GC(1348) Concurrent Mark From Roots 202.070ms
[821.250s][info][gc,marking     ] GC(1348) Concurrent Preclean
[821.250s][info][gc,marking     ] GC(1348) Concurrent Preclean 0.282ms
[821.250s][info][gc,start       ] GC(1348) Pause Remark
[821.259s][info][gc             ] GC(1348) Pause Remark 125M->125M(225M) 8.500ms
[821.259s][info][gc,cpu         ] GC(1348) User=0.00s Sys=0.00s Real=0.01s
[821.261s][info][gc,marking     ] GC(1348) Concurrent Mark 213.514ms
[821.261s][info][gc,marking     ] GC(1348) Concurrent Rebuild Remembered Sets and Scrub Regions
[821.341s][info][gc,marking     ] GC(1348) Concurrent Rebuild Remembered Sets and Scrub Regions 79.741ms
[821.341s][info][gc,start       ] GC(1348) Pause Cleanup
[821.342s][info][gc             ] GC(1348) Pause Cleanup 133M->133M(225M) 0.242ms
[821.342s][info][gc,cpu         ] GC(1348) User=0.00s Sys=0.00s Real=0.00s
[821.342s][info][gc,marking     ] GC(1348) Concurrent Clear Claimed Marks
[821.342s][info][gc,marking     ] GC(1348) Concurrent Clear Claimed Marks 0.115ms
[821.342s][info][gc,marking     ] GC(1348) Concurrent Cleanup for Next Mark
[821.342s][info][gc,marking     ] GC(1348) Concurrent Cleanup for Next Mark 0.417ms
[821.342s][info][gc             ] GC(1348) Concurrent Mark Cycle 300.214ms
[821.607s][info][gc,start       ] GC(1349) Pause Young (Normal) (G1 Evacuation Pause)
[821.607s][info][gc,task        ] GC(1349) Using 8 workers of 8 for evacuation
[821.612s][info][gc,phases      ] GC(1349)   Pre Evacuate Collection Set: 0.2ms
[821.612s][info][gc,phases      ] GC(1349)   Merge Heap Roots: 0.1ms
[821.612s][info][gc,phases      ] GC(1349)   Evacuate Collection Set: 4.2ms
[821.612s][info][gc,phases      ] GC(1349)   Post Evacuate Collection Set: 0.6ms
[821.612s][info][gc,phases      ] GC(1349)   Other: 0.1ms
[821.612s][info][gc,heap        ] GC(1349) Eden regions: 108->0(108)
[821.612s][info][gc,heap        ] GC(1349) Survivor regions: 6->6(15)
[821.612s][info][gc,heap        ] GC(1349) Old regions: 89->89
[821.612s][info][gc,heap        ] GC(1349) Humongous regions: 4->4
[821.612s][info][gc,metaspace   ] GC(1349) Metaspace: 84787K(85952K)->84787K(85952K) NonClass: 73857K(74496K)->73857K(74496K) Class: 10929K(11456K)->10929K(11456K)
[821.612s][info][gc             ] GC(1349) Pause Young (Normal) (G1 Evacuation Pause) 205M->97M(225M) 5.786ms
[821.612s][info][gc,cpu         ] GC(1349) User=0.00s Sys=0.00s Real=0.01s
[822.011s][info][gc,start       ] GC(1350) Pause Young (Concurrent Start) (G1 Evacuation Pause)
[822.011s][info][gc,task        ] GC(1350) Using 8 workers of 8 for evacuation
[822.017s][info][gc,phases      ] GC(1350)   Pre Evacuate Collection Set: 0.2ms
[822.017s][info][gc,phases      ] GC(1350)   Merge Heap Roots: 0.1ms
[822.017s][info][gc,phases      ] GC(1350)   Evacuate Collection Set: 4.6ms
[822.017s][info][gc,phases      ] GC(1350)   Post Evacuate Collection Set: 0.6ms
[822.017s][info][gc,phases      ] GC(1350)   Other: 0.2ms
[822.017s][info][gc,heap        ] GC(1350) Eden regions: 108->0(108)
[822.017s][info][gc,heap        ] GC(1350) Survivor regions: 6->6(15)
[822.017s][info][gc,heap        ] GC(1350) Old regions: 89->89
[822.017s][info][gc,heap        ] GC(1350) Humongous regions: 4->4
[822.017s][info][gc,metaspace   ] GC(1350) Metaspace: 84787K(85952K)->84787K(85952K) NonClass: 73857K(74496K)->73857K(74496K) Class: 10929K(11456K)->10929K(11456K)
[822.017s][info][gc             ] GC(1350) Pause Young (Concurrent Start) (G1 Evacuation Pause) 205M->98M(225M) 6.312ms
[822.017s][info][gc,cpu         ] GC(1350) User=0.11s Sys=0.00s Real=0.01s
[822.017s][info][gc             ] GC(1351) Concurrent Mark Cycle
[822.017s][info][gc,marking     ] GC(1351) Concurrent Scan Root Regions
[822.022s][info][gc,marking     ] GC(1351) Concurrent Scan Root Regions 4.137ms
[822.022s][info][gc,marking     ] GC(1351) Concurrent Mark
[822.022s][info][gc,marking     ] GC(1351) Concurrent Mark From Roots
[822.022s][info][gc,task        ] GC(1351) Using 2 workers of 2 for marking
[822.182s][info][gc,marking     ] GC(1351) Concurrent Mark From Roots 160.601ms
[822.182s][info][gc,marking     ] GC(1351) Concurrent Preclean
[822.183s][info][gc,marking     ] GC(1351) Concurrent Preclean 0.257ms
[822.183s][info][gc,start       ] GC(1351) Pause Remark
[822.189s][info][gc             ] GC(1351) Pause Remark 136M->136M(229M) 6.138ms
[822.189s][info][gc,cpu         ] GC(1351) User=0.00s Sys=0.02s Real=0.01s
[822.189s][info][gc,marking     ] GC(1351) Concurrent Mark 167.450ms
[822.189s][info][gc,marking     ] GC(1351) Concurrent Rebuild Remembered Sets and Scrub Regions
[822.245s][info][gc,marking     ] GC(1351) Concurrent Rebuild Remembered Sets and Scrub Regions 56.113ms
[822.245s][info][gc,start       ] GC(1351) Pause Cleanup
[822.246s][info][gc             ] GC(1351) Pause Cleanup 147M->147M(229M) 0.225ms
[822.246s][info][gc,cpu         ] GC(1351) User=0.00s Sys=0.00s Real=0.00s
[822.246s][info][gc,marking     ] GC(1351) Concurrent Clear Claimed Marks
[822.246s][info][gc,marking     ] GC(1351) Concurrent Clear Claimed Marks 0.114ms
[822.246s][info][gc,marking     ] GC(1351) Concurrent Cleanup for Next Mark
[822.247s][info][gc,marking     ] GC(1351) Concurrent Cleanup for Next Mark 1.350ms
[822.247s][info][gc             ] GC(1351) Concurrent Mark Cycle 230.211ms
[822.445s][info][gc,start       ] GC(1352) Pause Young (Prepare Mixed) (G1 Evacuation Pause)
[822.445s][info][gc,task        ] GC(1352) Using 8 workers of 8 for evacuation
[822.451s][info][gc,phases      ] GC(1352)   Pre Evacuate Collection Set: 0.2ms
[822.451s][info][gc,phases      ] GC(1352)   Merge Heap Roots: 0.1ms
[822.451s][info][gc,phases      ] GC(1352)   Evacuate Collection Set: 4.8ms
[822.451s][info][gc,phases      ] GC(1352)   Post Evacuate Collection Set: 0.6ms
[822.451s][info][gc,phases      ] GC(1352)   Other: 0.1ms
[822.451s][info][gc,heap        ] GC(1352) Eden regions: 108->0(113)
[822.451s][info][gc,heap        ] GC(1352) Survivor regions: 6->5(15)
[822.451s][info][gc,heap        ] GC(1352) Old regions: 89->90
[822.451s][info][gc,heap        ] GC(1352) Humongous regions: 4->4
[822.451s][info][gc,metaspace   ] GC(1352) Metaspace: 84787K(85952K)->84787K(85952K) NonClass: 73857K(74496K)->73857K(74496K) Class: 10929K(11456K)->10929K(11456K)
[822.451s][info][gc             ] GC(1352) Pause Young (Prepare Mixed) (G1 Evacuation Pause) 206M->98M(229M) 6.288ms
[822.451s][info][gc,cpu         ] GC(1352) User=0.11s Sys=0.00s Real=0.01s
[822.797s][info][gc,start       ] GC(1353) Pause Young (Mixed) (G1 Evacuation Pause)
[822.797s][info][gc,task        ] GC(1353) Using 8 workers of 8 for evacuation
[822.803s][info][gc,phases      ] GC(1353)   Pre Evacuate Collection Set: 0.3ms
[822.803s][info][gc,phases      ] GC(1353)   Merge Heap Roots: 0.1ms
[822.803s][info][gc,phases      ] GC(1353)   Evacuate Collection Set: 5.3ms
[822.804s][info][gc,phases      ] GC(1353)   Post Evacuate Collection Set: 0.6ms
[822.804s][info][gc,phases      ] GC(1353)   Other: 0.1ms
[822.804s][info][gc,heap        ] GC(1353) Eden regions: 113->0(111)
[822.804s][info][gc,heap        ] GC(1353) Survivor regions: 5->6(15)
[822.804s][info][gc,heap        ] GC(1353) Old regions: 90->90
[822.804s][info][gc,heap        ] GC(1353) Humongous regions: 4->4
[822.804s][info][gc,metaspace   ] GC(1353) Metaspace: 84787K(85952K)->84787K(85952K) NonClass: 73857K(74496K)->73857K(74496K) Class: 10929K(11456K)->10929K(11456K)
[822.804s][info][gc             ] GC(1353) Pause Young (Mixed) (G1 Evacuation Pause) 211M->98M(229M) 7.123ms
[822.804s][info][gc,cpu         ] GC(1353) User=0.00s Sys=0.00s Real=0.01s
[823.160s][info][gc,start       ] GC(1354) Pause Young (Concurrent Start) (G1 Evacuation Pause)
[823.160s][info][gc,task        ] GC(1354) Using 8 workers of 8 for evacuation
[823.165s][info][gc,phases      ] GC(1354)   Pre Evacuate Collection Set: 0.2ms
[823.165s][info][gc,phases      ] GC(1354)   Merge Heap Roots: 0.1ms
[823.165s][info][gc,phases      ] GC(1354)   Evacuate Collection Set: 3.6ms
[823.165s][info][gc,phases      ] GC(1354)   Post Evacuate Collection Set: 1.0ms
[823.165s][info][gc,phases      ] GC(1354)   Other: 0.2ms
[823.165s][info][gc,heap        ] GC(1354) Eden regions: 111->0(111)
[823.165s][info][gc,heap        ] GC(1354) Survivor regions: 6->6(15)
[823.165s][info][gc,heap        ] GC(1354) Old regions: 90->90
[823.165s][info][gc,heap        ] GC(1354) Humongous regions: 4->4
[823.165s][info][gc,metaspace   ] GC(1354) Metaspace: 84787K(85952K)->84787K(85952K) NonClass: 73857K(74496K)->73857K(74496K) Class: 10929K(11456K)->10929K(11456K)
[823.166s][info][gc             ] GC(1354) Pause Young (Concurrent Start) (G1 Evacuation Pause) 209M->98M(229M) 5.701ms
[823.166s][info][gc,cpu         ] GC(1354) User=0.00s Sys=0.00s Real=0.01s
[823.166s][info][gc             ] GC(1355) Concurrent Mark Cycle
[823.166s][info][gc,marking     ] GC(1355) Concurrent Scan Root Regions
[823.170s][info][gc,marking     ] GC(1355) Concurrent Scan Root Regions 4.009ms
[823.170s][info][gc,marking     ] GC(1355) Concurrent Mark
[823.170s][info][gc,marking     ] GC(1355) Concurrent Mark From Roots
[823.170s][info][gc,task        ] GC(1355) Using 2 workers of 2 for marking
[823.327s][info][gc,marking     ] GC(1355) Concurrent Mark From Roots 156.739ms
[823.327s][info][gc,marking     ] GC(1355) Concurrent Preclean
[823.327s][info][gc,marking     ] GC(1355) Concurrent Preclean 0.208ms
[823.327s][info][gc,start       ] GC(1355) Pause Remark
[823.334s][info][gc             ] GC(1355) Pause Remark 135M->135M(229M) 6.797ms
[823.334s][info][gc,cpu         ] GC(1355) User=0.00s Sys=0.00s Real=0.01s
[823.334s][info][gc,marking     ] GC(1355) Concurrent Mark 164.177ms
[823.334s][info][gc,marking     ] GC(1355) Concurrent Rebuild Remembered Sets and Scrub Regions
[823.384s][info][gc,marking     ] GC(1355) Concurrent Rebuild Remembered Sets and Scrub Regions 49.590ms
[823.384s][info][gc,start       ] GC(1355) Pause Cleanup
[823.384s][info][gc             ] GC(1355) Pause Cleanup 147M->147M(229M) 0.217ms
[823.384s][info][gc,cpu         ] GC(1355) User=0.00s Sys=0.00s Real=0.00s
[823.384s][info][gc,marking     ] GC(1355) Concurrent Clear Claimed Marks
[823.385s][info][gc,marking     ] GC(1355) Concurrent Clear Claimed Marks 0.120ms
[823.385s][info][gc,marking     ] GC(1355) Concurrent Cleanup for Next Mark
[823.385s][info][gc,marking     ] GC(1355) Concurrent Cleanup for Next Mark 0.399ms
[823.385s][info][gc             ] GC(1355) Concurrent Mark Cycle 219.405ms
[823.620s][info][gc,start       ] GC(1356) Pause Young (Normal) (G1 Evacuation Pause)
[823.620s][info][gc,task        ] GC(1356) Using 8 workers of 8 for evacuation
[823.625s][info][gc,phases      ] GC(1356)   Pre Evacuate Collection Set: 0.1ms
[823.625s][info][gc,phases      ] GC(1356)   Merge Heap Roots: 0.1ms
[823.625s][info][gc,phases      ] GC(1356)   Evacuate Collection Set: 4.0ms
[823.625s][info][gc,phases      ] GC(1356)   Post Evacuate Collection Set: 0.5ms
[823.625s][info][gc,phases      ] GC(1356)   Other: 0.1ms
[823.625s][info][gc,heap        ] GC(1356) Eden regions: 111->0(110)
[823.625s][info][gc,heap        ] GC(1356) Survivor regions: 6->6(15)
[823.625s][info][gc,heap        ] GC(1356) Old regions: 90->91
[823.625s][info][gc,heap        ] GC(1356) Humongous regions: 4->4
[823.625s][info][gc,metaspace   ] GC(1356) Metaspace: 84787K(85952K)->84787K(85952K) NonClass: 73857K(74496K)->73857K(74496K) Class: 10929K(11456K)->10929K(11456K)
[823.625s][info][gc             ] GC(1356) Pause Young (Normal) (G1 Evacuation Pause) 209M->99M(229M) 5.372ms
[823.625s][info][gc,cpu         ] GC(1356) User=0.11s Sys=0.00s Real=0.01s
[824.005s][info][gc,start       ] GC(1357) Pause Young (Concurrent Start) (G1 Evacuation Pause)
[824.005s][info][gc,task        ] GC(1357) Using 8 workers of 8 for evacuation
[824.010s][info][gc,phases      ] GC(1357)   Pre Evacuate Collection Set: 0.2ms
[824.010s][info][gc,phases      ] GC(1357)   Merge Heap Roots: 0.1ms
[824.010s][info][gc,phases      ] GC(1357)   Evacuate Collection Set: 3.9ms
[824.010s][info][gc,phases      ] GC(1357)   Post Evacuate Collection Set: 0.5ms
[824.010s][info][gc,phases      ] GC(1357)   Other: 0.2ms
[824.010s][info][gc,heap        ] GC(1357) Eden regions: 110->0(110)
[824.010s][info][gc,heap        ] GC(1357) Survivor regions: 6->6(15)
[824.010s][info][gc,heap        ] GC(1357) Old regions: 91->91
[824.010s][info][gc,heap        ] GC(1357) Humongous regions: 4->4
[824.010s][info][gc,metaspace   ] GC(1357) Metaspace: 84787K(85952K)->84787K(85952K) NonClass: 73857K(74496K)->73857K(74496K) Class: 10929K(11456K)->10929K(11456K)
[824.010s][info][gc             ] GC(1357) Pause Young (Concurrent Start) (G1 Evacuation Pause) 209M->99M(229M) 5.510ms
[824.010s][info][gc,cpu         ] GC(1357) User=0.00s Sys=0.00s Real=0.01s
[824.010s][info][gc             ] GC(1358) Concurrent Mark Cycle
[824.011s][info][gc,marking     ] GC(1358) Concurrent Scan Root Regions
[824.014s][info][gc,marking     ] GC(1358) Concurrent Scan Root Regions 3.833ms
[824.015s][info][gc,marking     ] GC(1358) Concurrent Mark
[824.015s][info][gc,marking     ] GC(1358) Concurrent Mark From Roots
[824.015s][info][gc,task        ] GC(1358) Using 2 workers of 2 for marking
[824.192s][info][gc,marking     ] GC(1358) Concurrent Mark From Roots 177.930ms
[824.193s][info][gc,marking     ] GC(1358) Concurrent Preclean
[824.193s][info][gc,marking     ] GC(1358) Concurrent Preclean 0.192ms
[824.193s][info][gc,start       ] GC(1358) Pause Remark
[824.199s][info][gc             ] GC(1358) Pause Remark 137M->137M(234M) 6.438ms
[824.199s][info][gc,cpu         ] GC(1358) User=0.00s Sys=0.00s Real=0.01s
[824.200s][info][gc,marking     ] GC(1358) Concurrent Mark 185.161ms
[824.200s][info][gc,marking     ] GC(1358) Concurrent Rebuild Remembered Sets and Scrub Regions
[824.251s][info][gc,marking     ] GC(1358) Concurrent Rebuild Remembered Sets and Scrub Regions 51.307ms
[824.251s][info][gc,start       ] GC(1358) Pause Cleanup
[824.251s][info][gc             ] GC(1358) Pause Cleanup 148M->148M(234M) 0.183ms
[824.252s][info][gc,cpu         ] GC(1358) User=0.00s Sys=0.00s Real=0.00s
[824.252s][info][gc,marking     ] GC(1358) Concurrent Clear Claimed Marks
[824.252s][info][gc,marking     ] GC(1358) Concurrent Clear Claimed Marks 0.106ms
[824.252s][info][gc,marking     ] GC(1358) Concurrent Cleanup for Next Mark
[824.252s][info][gc,marking     ] GC(1358) Concurrent Cleanup for Next Mark 0.430ms
[824.252s][info][gc             ] GC(1358) Concurrent Mark Cycle 241.779ms
[824.457s][info][gc,start       ] GC(1359) Pause Young (Prepare Mixed) (G1 Evacuation Pause)
[824.457s][info][gc,task        ] GC(1359) Using 8 workers of 8 for evacuation
[824.461s][info][gc,phases      ] GC(1359)   Pre Evacuate Collection Set: 0.1ms
[824.461s][info][gc,phases      ] GC(1359)   Merge Heap Roots: 0.1ms
[824.461s][info][gc,phases      ] GC(1359)   Evacuate Collection Set: 3.7ms
[824.462s][info][gc,phases      ] GC(1359)   Post Evacuate Collection Set: 0.5ms
[824.462s][info][gc,phases      ] GC(1359)   Other: 0.1ms
[824.462s][info][gc,heap        ] GC(1359) Eden regions: 109->0(114)
[824.462s][info][gc,heap        ] GC(1359) Survivor regions: 6->6(15)
[824.462s][info][gc,heap        ] GC(1359) Old regions: 91->91
[824.462s][info][gc,heap        ] GC(1359) Humongous regions: 4->4
[824.462s][info][gc,metaspace   ] GC(1359) Metaspace: 84787K(85952K)->84787K(85952K) NonClass: 73857K(74496K)->73857K(74496K) Class: 10929K(11456K)->10929K(11456K)
[824.462s][info][gc             ] GC(1359) Pause Young (Prepare Mixed) (G1 Evacuation Pause) 208M->99M(234M) 4.931ms
[824.462s][info][gc,cpu         ] GC(1359) User=0.00s Sys=0.00s Real=0.01s
[824.833s][info][gc,start       ] GC(1360) Pause Young (Mixed) (G1 Evacuation Pause)
[824.834s][info][gc,task        ] GC(1360) Using 8 workers of 8 for evacuation
[824.839s][info][gc,phases      ] GC(1360)   Pre Evacuate Collection Set: 0.3ms
[824.839s][info][gc,phases      ] GC(1360)   Merge Heap Roots: 0.1ms
[824.839s][info][gc,phases      ] GC(1360)   Evacuate Collection Set: 4.6ms
[824.839s][info][gc,phases      ] GC(1360)   Post Evacuate Collection Set: 0.5ms
[824.839s][info][gc,phases      ] GC(1360)   Other: 0.1ms
[824.839s][info][gc,heap        ] GC(1360) Eden regions: 114->0(114)
[824.839s][info][gc,heap        ] GC(1360) Survivor regions: 6->6(15)
[824.839s][info][gc,heap        ] GC(1360) Old regions: 91->91
[824.839s][info][gc,heap        ] GC(1360) Humongous regions: 4->4
[824.839s][info][gc,metaspace   ] GC(1360) Metaspace: 84787K(85952K)->84787K(85952K) NonClass: 73857K(74496K)->73857K(74496K) Class: 10929K(11456K)->10929K(11456K)
[824.840s][info][gc             ] GC(1360) Pause Young (Mixed) (G1 Evacuation Pause) 213M->100M(234M) 6.075ms
[824.840s][info][gc,cpu         ] GC(1360) User=0.00s Sys=0.00s Real=0.01s
[825.198s][info][gc,start       ] GC(1361) Pause Young (Concurrent Start) (G1 Evacuation Pause)
[825.198s][info][gc,task        ] GC(1361) Using 8 workers of 8 for evacuation
[825.203s][info][gc,phases      ] GC(1361)   Pre Evacuate Collection Set: 0.2ms
[825.203s][info][gc,phases      ] GC(1361)   Merge Heap Roots: 0.1ms
[825.203s][info][gc,phases      ] GC(1361)   Evacuate Collection Set: 4.0ms
[825.203s][info][gc,phases      ] GC(1361)   Post Evacuate Collection Set: 0.6ms
[825.203s][info][gc,phases      ] GC(1361)   Other: 0.2ms
[825.203s][info][gc,heap        ] GC(1361) Eden regions: 114->0(113)
[825.203s][info][gc,heap        ] GC(1361) Survivor regions: 6->6(15)
[825.203s][info][gc,heap        ] GC(1361) Old regions: 91->92
[825.203s][info][gc,heap        ] GC(1361) Humongous regions: 4->4
[825.203s][info][gc,metaspace   ] GC(1361) Metaspace: 84787K(85952K)->84787K(85952K) NonClass: 73857K(74496K)->73857K(74496K) Class: 10929K(11456K)->10929K(11456K)
[825.203s][info][gc             ] GC(1361) Pause Young (Concurrent Start) (G1 Evacuation Pause) 214M->100M(234M) 5.779ms
[825.204s][info][gc             ] GC(1362) Concurrent Mark Cycle
[825.204s][info][gc,cpu         ] GC(1361) User=0.12s Sys=0.00s Real=0.01s
[825.204s][info][gc,marking     ] GC(1362) Concurrent Scan Root Regions
[825.207s][info][gc,marking     ] GC(1362) Concurrent Scan Root Regions 3.538ms
[825.207s][info][gc,marking     ] GC(1362) Concurrent Mark
[825.207s][info][gc,marking     ] GC(1362) Concurrent Mark From Roots
[825.207s][info][gc,task        ] GC(1362) Using 2 workers of 2 for marking
[825.369s][info][gc,marking     ] GC(1362) Concurrent Mark From Roots 161.310ms
[825.369s][info][gc,marking     ] GC(1362) Concurrent Preclean
[825.369s][info][gc,marking     ] GC(1362) Concurrent Preclean 0.215ms
[825.369s][info][gc,start       ] GC(1362) Pause Remark
[825.376s][info][gc             ] GC(1362) Pause Remark 139M->139M(237M) 6.497ms
[825.376s][info][gc,cpu         ] GC(1362) User=0.09s Sys=0.00s Real=0.01s
[825.376s][info][gc,marking     ] GC(1362) Concurrent Mark 168.543ms
[825.376s][info][gc,marking     ] GC(1362) Concurrent Rebuild Remembered Sets and Scrub Regions
[825.438s][info][gc,marking     ] GC(1362) Concurrent Rebuild Remembered Sets and Scrub Regions 62.486ms
[825.439s][info][gc,start       ] GC(1362) Pause Cleanup
[825.439s][info][gc             ] GC(1362) Pause Cleanup 150M->150M(237M) 0.218ms
[825.439s][info][gc,cpu         ] GC(1362) User=0.00s Sys=0.00s Real=0.00s
[825.439s][info][gc,marking     ] GC(1362) Concurrent Clear Claimed Marks
[825.439s][info][gc,marking     ] GC(1362) Concurrent Clear Claimed Marks 0.123ms
[825.439s][info][gc,marking     ] GC(1362) Concurrent Cleanup for Next Mark
[825.440s][info][gc,marking     ] GC(1362) Concurrent Cleanup for Next Mark 0.756ms
[825.440s][info][gc             ] GC(1362) Concurrent Mark Cycle 236.373ms
[825.645s][info][gc,start       ] GC(1363) Pause Young (Normal) (G1 Evacuation Pause)
[825.645s][info][gc,task        ] GC(1363) Using 8 workers of 8 for evacuation
[825.650s][info][gc,phases      ] GC(1363)   Pre Evacuate Collection Set: 0.2ms
[825.651s][info][gc,phases      ] GC(1363)   Merge Heap Roots: 0.1ms
[825.651s][info][gc,phases      ] GC(1363)   Evacuate Collection Set: 3.8ms
[825.651s][info][gc,phases      ] GC(1363)   Post Evacuate Collection Set: 0.8ms
[825.651s][info][gc,phases      ] GC(1363)   Other: 0.1ms
[825.651s][info][gc,heap        ] GC(1363) Eden regions: 113->0(116)
[825.651s][info][gc,heap        ] GC(1363) Survivor regions: 6->6(15)
[825.651s][info][gc,heap        ] GC(1363) Old regions: 92->92
[825.651s][info][gc,heap        ] GC(1363) Humongous regions: 4->4
[825.651s][info][gc,metaspace   ] GC(1363) Metaspace: 84787K(85952K)->84787K(85952K) NonClass: 73857K(74496K)->73857K(74496K) Class: 10929K(11456K)->10929K(11456K)
[825.651s][info][gc             ] GC(1363) Pause Young (Normal) (G1 Evacuation Pause) 213M->100M(237M) 5.729ms
[825.651s][info][gc,cpu         ] GC(1363) User=0.00s Sys=0.00s Real=0.00s
[826.044s][info][gc,start       ] GC(1364) Pause Young (Concurrent Start) (G1 Evacuation Pause)
[826.044s][info][gc,task        ] GC(1364) Using 8 workers of 8 for evacuation
[826.048s][info][gc,phases      ] GC(1364)   Pre Evacuate Collection Set: 0.2ms
[826.049s][info][gc,phases      ] GC(1364)   Merge Heap Roots: 0.1ms
[826.049s][info][gc,phases      ] GC(1364)   Evacuate Collection Set: 3.6ms
[826.049s][info][gc,phases      ] GC(1364)   Post Evacuate Collection Set: 0.6ms
[826.049s][info][gc,phases      ] GC(1364)   Other: 0.2ms
[826.049s][info][gc,heap        ] GC(1364) Eden regions: 116->0(116)
[826.049s][info][gc,heap        ] GC(1364) Survivor regions: 6->6(16)
[826.049s][info][gc,heap        ] GC(1364) Old regions: 92->92
[826.049s][info][gc,heap        ] GC(1364) Humongous regions: 4->4
[826.049s][info][gc,metaspace   ] GC(1364) Metaspace: 84787K(85952K)->84787K(85952K) NonClass: 73857K(74496K)->73857K(74496K) Class: 10929K(11456K)->10929K(11456K)
[826.049s][info][gc             ] GC(1364) Pause Young (Concurrent Start) (G1 Evacuation Pause) 216M->100M(237M) 4.974ms
[826.049s][info][gc,cpu         ] GC(1364) User=0.00s Sys=0.02s Real=0.00s
[826.049s][info][gc             ] GC(1365) Concurrent Mark Cycle
[826.049s][info][gc,marking     ] GC(1365) Concurrent Scan Root Regions
[826.053s][info][gc,marking     ] GC(1365) Concurrent Scan Root Regions 4.152ms
[826.053s][info][gc,marking     ] GC(1365) Concurrent Mark
[826.053s][info][gc,marking     ] GC(1365) Concurrent Mark From Roots
[826.053s][info][gc,task        ] GC(1365) Using 2 workers of 2 for marking
[826.211s][info][gc,marking     ] GC(1365) Concurrent Mark From Roots 157.531ms
[826.211s][info][gc,marking     ] GC(1365) Concurrent Preclean
[826.211s][info][gc,marking     ] GC(1365) Concurrent Preclean 0.190ms
[826.211s][info][gc,start       ] GC(1365) Pause Remark
[826.217s][info][gc             ] GC(1365) Pause Remark 138M->138M(237M) 5.574ms
[826.217s][info][gc,cpu         ] GC(1365) User=0.08s Sys=0.02s Real=0.00s
[826.217s][info][gc,marking     ] GC(1365) Concurrent Mark 164.015ms
[826.217s][info][gc,marking     ] GC(1365) Concurrent Rebuild Remembered Sets and Scrub Regions
[826.240s][info][gc,marking     ] GC(1365) Concurrent Rebuild Remembered Sets and Scrub Regions 22.447ms
[826.240s][info][gc,start       ] GC(1365) Pause Cleanup
[826.240s][info][gc             ] GC(1365) Pause Cleanup 144M->144M(237M) 0.086ms
[826.240s][info][gc,cpu         ] GC(1365) User=0.00s Sys=0.00s Real=0.00s
[826.240s][info][gc,marking     ] GC(1365) Concurrent Clear Claimed Marks
[826.240s][info][gc,marking     ] GC(1365) Concurrent Clear Claimed Marks 0.101ms
[826.240s][info][gc,marking     ] GC(1365) Concurrent Cleanup for Next Mark
[826.241s][info][gc,marking     ] GC(1365) Concurrent Cleanup for Next Mark 0.407ms
[826.241s][info][gc             ] GC(1365) Concurrent Mark Cycle 192.017ms
[826.488s][info][gc,start       ] GC(1366) Pause Young (Normal) (G1 Evacuation Pause)
[826.488s][info][gc,task        ] GC(1366) Using 8 workers of 8 for evacuation
[826.492s][info][gc,phases      ] GC(1366)   Pre Evacuate Collection Set: 0.1ms
[826.492s][info][gc,phases      ] GC(1366)   Merge Heap Roots: 0.1ms
[826.492s][info][gc,phases      ] GC(1366)   Evacuate Collection Set: 3.7ms
[826.492s][info][gc,phases      ] GC(1366)   Post Evacuate Collection Set: 0.5ms
[826.492s][info][gc,phases      ] GC(1366)   Other: 0.1ms
[826.493s][info][gc,heap        ] GC(1366) Eden regions: 116->0(115)
[826.493s][info][gc,heap        ] GC(1366) Survivor regions: 6->6(16)
[826.493s][info][gc,heap        ] GC(1366) Old regions: 92->93
[826.493s][info][gc,heap        ] GC(1366) Humongous regions: 4->4
[826.493s][info][gc,metaspace   ] GC(1366) Metaspace: 84787K(85952K)->84787K(85952K) NonClass: 73857K(74496K)->73857K(74496K) Class: 10929K(11456K)->10929K(11456K)
[826.493s][info][gc             ] GC(1366) Pause Young (Normal) (G1 Evacuation Pause) 216M->101M(237M) 4.912ms
[826.493s][info][gc,cpu         ] GC(1366) User=0.00s Sys=0.00s Real=0.00s
[826.846s][info][gc,start       ] GC(1367) Pause Young (Concurrent Start) (G1 Evacuation Pause)
[826.846s][info][gc,task        ] GC(1367) Using 8 workers of 8 for evacuation
[826.852s][info][gc,phases      ] GC(1367)   Pre Evacuate Collection Set: 0.2ms
[826.852s][info][gc,phases      ] GC(1367)   Merge Heap Roots: 0.1ms
[826.852s][info][gc,phases      ] GC(1367)   Evacuate Collection Set: 4.1ms
[826.852s][info][gc,phases      ] GC(1367)   Post Evacuate Collection Set: 0.8ms
[826.852s][info][gc,phases      ] GC(1367)   Other: 0.2ms
[826.852s][info][gc,heap        ] GC(1367) Eden regions: 115->0(115)
[826.852s][info][gc,heap        ] GC(1367) Survivor regions: 6->6(16)
[826.852s][info][gc,heap        ] GC(1367) Old regions: 93->93
[826.852s][info][gc,heap        ] GC(1367) Humongous regions: 4->4
[826.852s][info][gc,metaspace   ] GC(1367) Metaspace: 84787K(85952K)->84787K(85952K) NonClass: 73857K(74496K)->73857K(74496K) Class: 10929K(11456K)->10929K(11456K)
[826.852s][info][gc             ] GC(1367) Pause Young (Concurrent Start) (G1 Evacuation Pause) 216M->101M(237M) 6.115ms
[826.852s][info][gc             ] GC(1368) Concurrent Mark Cycle
[826.852s][info][gc,cpu         ] GC(1367) User=0.00s Sys=0.00s Real=0.01s
[826.852s][info][gc,marking     ] GC(1368) Concurrent Scan Root Regions
[826.855s][info][gc,marking     ] GC(1368) Concurrent Scan Root Regions 3.209ms
[826.856s][info][gc,marking     ] GC(1368) Concurrent Mark
[826.856s][info][gc,marking     ] GC(1368) Concurrent Mark From Roots
[826.856s][info][gc,task        ] GC(1368) Using 2 workers of 2 for marking
[827.025s][info][gc,marking     ] GC(1368) Concurrent Mark From Roots 169.249ms
[827.025s][info][gc,marking     ] GC(1368) Concurrent Preclean
[827.025s][info][gc,marking     ] GC(1368) Concurrent Preclean 0.177ms
[827.025s][info][gc,start       ] GC(1368) Pause Remark
[827.031s][info][gc             ] GC(1368) Pause Remark 139M->139M(237M) 5.868ms
[827.031s][info][gc,cpu         ] GC(1368) User=0.11s Sys=0.00s Real=0.01s
[827.031s][info][gc,marking     ] GC(1368) Concurrent Mark 175.748ms
[827.031s][info][gc,marking     ] GC(1368) Concurrent Rebuild Remembered Sets and Scrub Regions
[827.091s][info][gc,marking     ] GC(1368) Concurrent Rebuild Remembered Sets and Scrub Regions 59.427ms
[827.091s][info][gc,start       ] GC(1368) Pause Cleanup
[827.091s][info][gc             ] GC(1368) Pause Cleanup 151M->151M(237M) 0.210ms
[827.091s][info][gc,cpu         ] GC(1368) User=0.02s Sys=0.00s Real=0.00s
[827.091s][info][gc,marking     ] GC(1368) Concurrent Clear Claimed Marks
[827.091s][info][gc,marking     ] GC(1368) Concurrent Clear Claimed Marks 0.121ms
[827.092s][info][gc,marking     ] GC(1368) Concurrent Cleanup for Next Mark
[827.092s][info][gc,marking     ] GC(1368) Concurrent Cleanup for Next Mark 0.505ms
[827.092s][info][gc             ] GC(1368) Concurrent Mark Cycle 239.903ms
[827.295s][info][gc,start       ] GC(1369) Pause Young (Normal) (G1 Evacuation Pause)
[827.295s][info][gc,task        ] GC(1369) Using 8 workers of 8 for evacuation
[827.300s][info][gc,phases      ] GC(1369)   Pre Evacuate Collection Set: 0.2ms
[827.300s][info][gc,phases      ] GC(1369)   Merge Heap Roots: 0.1ms
[827.300s][info][gc,phases      ] GC(1369)   Evacuate Collection Set: 3.7ms
[827.300s][info][gc,phases      ] GC(1369)   Post Evacuate Collection Set: 0.5ms
[827.300s][info][gc,phases      ] GC(1369)   Other: 0.2ms
[827.300s][info][gc,heap        ] GC(1369) Eden regions: 115->0(114)
[827.300s][info][gc,heap        ] GC(1369) Survivor regions: 6->6(16)
[827.300s][info][gc,heap        ] GC(1369) Old regions: 93->94
[827.300s][info][gc,heap        ] GC(1369) Humongous regions: 4->4
[827.301s][info][gc,metaspace   ] GC(1369) Metaspace: 84787K(85952K)->84787K(85952K) NonClass: 73857K(74496K)->73857K(74496K) Class: 10929K(11456K)->10929K(11456K)
[827.301s][info][gc             ] GC(1369) Pause Young (Normal) (G1 Evacuation Pause) 216M->101M(237M) 5.296ms
[827.301s][info][gc,cpu         ] GC(1369) User=0.00s Sys=0.00s Real=0.01s
[827.706s][info][gc,start       ] GC(1370) Pause Young (Concurrent Start) (G1 Evacuation Pause)
[827.707s][info][gc,task        ] GC(1370) Using 8 workers of 8 for evacuation
[827.711s][info][gc,phases      ] GC(1370)   Pre Evacuate Collection Set: 0.3ms
[827.711s][info][gc,phases      ] GC(1370)   Merge Heap Roots: 0.1ms
[827.711s][info][gc,phases      ] GC(1370)   Evacuate Collection Set: 3.4ms
[827.711s][info][gc,phases      ] GC(1370)   Post Evacuate Collection Set: 0.6ms
[827.711s][info][gc,phases      ] GC(1370)   Other: 0.2ms
[827.712s][info][gc,heap        ] GC(1370) Eden regions: 114->0(114)
[827.712s][info][gc,heap        ] GC(1370) Survivor regions: 6->6(15)
[827.712s][info][gc,heap        ] GC(1370) Old regions: 94->94
[827.712s][info][gc,heap        ] GC(1370) Humongous regions: 4->4
[827.712s][info][gc,metaspace   ] GC(1370) Metaspace: 84787K(85952K)->84787K(85952K) NonClass: 73857K(74496K)->73857K(74496K) Class: 10929K(11456K)->10929K(11456K)
[827.712s][info][gc             ] GC(1370) Pause Young (Concurrent Start) (G1 Evacuation Pause) 215M->102M(237M) 5.449ms
[827.712s][info][gc             ] GC(1371) Concurrent Mark Cycle
[827.712s][info][gc,cpu         ] GC(1370) User=0.00s Sys=0.00s Real=0.01s
[827.712s][info][gc,marking     ] GC(1371) Concurrent Scan Root Regions
[827.715s][info][gc,marking     ] GC(1371) Concurrent Scan Root Regions 3.163ms
[827.715s][info][gc,marking     ] GC(1371) Concurrent Mark
[827.715s][info][gc,marking     ] GC(1371) Concurrent Mark From Roots
[827.715s][info][gc,task        ] GC(1371) Using 2 workers of 2 for marking
[827.870s][info][gc,marking     ] GC(1371) Concurrent Mark From Roots 154.326ms
[827.870s][info][gc,marking     ] GC(1371) Concurrent Preclean
[827.870s][info][gc,marking     ] GC(1371) Concurrent Preclean 0.310ms
[827.870s][info][gc,start       ] GC(1371) Pause Remark
[827.884s][info][gc             ] GC(1371) Pause Remark 140M->140M(237M) 14.084ms
[827.884s][info][gc,cpu         ] GC(1371) User=0.05s Sys=0.00s Real=0.01s
[827.885s][info][gc,marking     ] GC(1371) Concurrent Mark 169.337ms
[827.885s][info][gc,marking     ] GC(1371) Concurrent Rebuild Remembered Sets and Scrub Regions
[827.945s][info][gc,marking     ] GC(1371) Concurrent Rebuild Remembered Sets and Scrub Regions 59.915ms
[827.945s][info][gc,start       ] GC(1371) Pause Cleanup
[827.945s][info][gc             ] GC(1371) Pause Cleanup 152M->152M(237M) 0.184ms
[827.945s][info][gc,cpu         ] GC(1371) User=0.00s Sys=0.00s Real=0.00s
[827.945s][info][gc,marking     ] GC(1371) Concurrent Clear Claimed Marks
[827.945s][info][gc,marking     ] GC(1371) Concurrent Clear Claimed Marks 0.145ms
[827.945s][info][gc,marking     ] GC(1371) Concurrent Cleanup for Next Mark
[827.946s][info][gc,marking     ] GC(1371) Concurrent Cleanup for Next Mark 0.399ms
[827.946s][info][gc             ] GC(1371) Concurrent Mark Cycle 233.737ms
[828.168s][info][gc,start       ] GC(1372) Pause Young (Normal) (G1 Evacuation Pause)
[828.168s][info][gc,task        ] GC(1372) Using 8 workers of 8 for evacuation
[828.174s][info][gc,phases      ] GC(1372)   Pre Evacuate Collection Set: 0.2ms
[828.174s][info][gc,phases      ] GC(1372)   Merge Heap Roots: 0.1ms
[828.175s][info][gc,phases      ] GC(1372)   Evacuate Collection Set: 5.4ms
[828.175s][info][gc,phases      ] GC(1372)   Post Evacuate Collection Set: 0.6ms
[828.175s][info][gc,phases      ] GC(1372)   Other: 0.1ms
[828.175s][info][gc,heap        ] GC(1372) Eden regions: 114->0(114)
[828.175s][info][gc,heap        ] GC(1372) Survivor regions: 6->6(15)
[828.175s][info][gc,heap        ] GC(1372) Old regions: 94->94
[828.175s][info][gc,heap        ] GC(1372) Humongous regions: 4->4
[828.175s][info][gc,metaspace   ] GC(1372) Metaspace: 84782K(85952K)->84782K(85952K) NonClass: 73853K(74496K)->73853K(74496K) Class: 10928K(11456K)->10928K(11456K)
[828.175s][info][gc             ] GC(1372) Pause Young (Normal) (G1 Evacuation Pause) 216M->103M(237M) 6.972ms
[828.175s][info][gc,cpu         ] GC(1372) User=0.11s Sys=0.00s Real=0.01s
[828.590s][info][gc,start       ] GC(1373) Pause Young (Concurrent Start) (G1 Evacuation Pause)
[828.590s][info][gc,task        ] GC(1373) Using 8 workers of 8 for evacuation
[828.595s][info][gc,phases      ] GC(1373)   Pre Evacuate Collection Set: 0.2ms
[828.595s][info][gc,phases      ] GC(1373)   Merge Heap Roots: 0.1ms
[828.595s][info][gc,phases      ] GC(1373)   Evacuate Collection Set: 3.6ms
[828.595s][info][gc,phases      ] GC(1373)   Post Evacuate Collection Set: 0.4ms
[828.595s][info][gc,phases      ] GC(1373)   Other: 0.2ms
[828.595s][info][gc,heap        ] GC(1373) Eden regions: 114->0(113)
[828.595s][info][gc,heap        ] GC(1373) Survivor regions: 6->6(15)
[828.595s][info][gc,heap        ] GC(1373) Old regions: 94->95
[828.595s][info][gc,heap        ] GC(1373) Humongous regions: 4->4
[828.595s][info][gc,metaspace   ] GC(1373) Metaspace: 84782K(85952K)->84782K(85952K) NonClass: 73853K(74496K)->73853K(74496K) Class: 10928K(11456K)->10928K(11456K)
[828.595s][info][gc             ] GC(1373) Pause Young (Concurrent Start) (G1 Evacuation Pause) 217M->103M(237M) 4.911ms
[828.595s][info][gc,cpu         ] GC(1373) User=0.00s Sys=0.00s Real=0.01s
[828.595s][info][gc             ] GC(1374) Concurrent Mark Cycle
[828.595s][info][gc,marking     ] GC(1374) Concurrent Scan Root Regions
[828.599s][info][gc,marking     ] GC(1374) Concurrent Scan Root Regions 3.312ms
[828.599s][info][gc,marking     ] GC(1374) Concurrent Mark
[828.599s][info][gc,marking     ] GC(1374) Concurrent Mark From Roots
[828.599s][info][gc,task        ] GC(1374) Using 2 workers of 2 for marking
[828.756s][info][gc,marking     ] GC(1374) Concurrent Mark From Roots 157.465ms
[828.756s][info][gc,marking     ] GC(1374) Concurrent Preclean
[828.757s][info][gc,marking     ] GC(1374) Concurrent Preclean 0.253ms
[828.757s][info][gc,start       ] GC(1374) Pause Remark
[828.763s][info][gc             ] GC(1374) Pause Remark 139M->139M(237M) 6.077ms
[828.763s][info][gc,cpu         ] GC(1374) User=0.09s Sys=0.00s Real=0.01s
[828.763s][info][gc,marking     ] GC(1374) Concurrent Mark 164.305ms
[828.763s][info][gc,marking     ] GC(1374) Concurrent Rebuild Remembered Sets and Scrub Regions
[828.822s][info][gc,marking     ] GC(1374) Concurrent Rebuild Remembered Sets and Scrub Regions 59.204ms
[828.822s][info][gc,start       ] GC(1374) Pause Cleanup
[828.823s][info][gc             ] GC(1374) Pause Cleanup 153M->153M(237M) 0.194ms
[828.823s][info][gc,cpu         ] GC(1374) User=0.00s Sys=0.00s Real=0.00s
[828.823s][info][gc,marking     ] GC(1374) Concurrent Clear Claimed Marks
[828.823s][info][gc,marking     ] GC(1374) Concurrent Clear Claimed Marks 0.098ms
[828.823s][info][gc,marking     ] GC(1374) Concurrent Cleanup for Next Mark
[828.824s][info][gc,marking     ] GC(1374) Concurrent Cleanup for Next Mark 0.744ms
[828.824s][info][gc             ] GC(1374) Concurrent Mark Cycle 228.587ms
[829.034s][info][gc,start       ] GC(1375) Pause Young (Normal) (G1 Evacuation Pause)
[829.034s][info][gc,task        ] GC(1375) Using 8 workers of 8 for evacuation
[829.040s][info][gc,phases      ] GC(1375)   Pre Evacuate Collection Set: 0.2ms
[829.040s][info][gc,phases      ] GC(1375)   Merge Heap Roots: 0.1ms
[829.040s][info][gc,phases      ] GC(1375)   Evacuate Collection Set: 5.2ms
[829.040s][info][gc,phases      ] GC(1375)   Post Evacuate Collection Set: 0.6ms
[829.040s][info][gc,phases      ] GC(1375)   Other: 0.1ms
[829.040s][info][gc,heap        ] GC(1375) Eden regions: 113->0(113)
[829.040s][info][gc,heap        ] GC(1375) Survivor regions: 6->6(15)
[829.040s][info][gc,heap        ] GC(1375) Old regions: 95->95
[829.040s][info][gc,heap        ] GC(1375) Humongous regions: 4->4
[829.041s][info][gc,metaspace   ] GC(1375) Metaspace: 84782K(85952K)->84782K(85952K) NonClass: 73853K(74496K)->73853K(74496K) Class: 10928K(11456K)->10928K(11456K)
[829.041s][info][gc             ] GC(1375) Pause Young (Normal) (G1 Evacuation Pause) 216M->103M(237M) 6.762ms
[829.041s][info][gc,cpu         ] GC(1375) User=0.00s Sys=0.00s Real=0.01s
[829.426s][info][gc,start       ] GC(1376) Pause Young (Concurrent Start) (G1 Evacuation Pause)
[829.426s][info][gc,task        ] GC(1376) Using 8 workers of 8 for evacuation
[829.431s][info][gc,phases      ] GC(1376)   Pre Evacuate Collection Set: 0.2ms
[829.431s][info][gc,phases      ] GC(1376)   Merge Heap Roots: 0.1ms
[829.431s][info][gc,phases      ] GC(1376)   Evacuate Collection Set: 3.4ms
[829.431s][info][gc,phases      ] GC(1376)   Post Evacuate Collection Set: 0.5ms
[829.431s][info][gc,phases      ] GC(1376)   Other: 0.2ms
[829.431s][info][gc,heap        ] GC(1376) Eden regions: 113->0(113)
[829.431s][info][gc,heap        ] GC(1376) Survivor regions: 6->6(15)
[829.431s][info][gc,heap        ] GC(1376) Old regions: 95->95
[829.431s][info][gc,heap        ] GC(1376) Humongous regions: 4->4
[829.431s][info][gc,metaspace   ] GC(1376) Metaspace: 84782K(85952K)->84782K(85952K) NonClass: 73853K(74496K)->73853K(74496K) Class: 10928K(11456K)->10928K(11456K)
[829.431s][info][gc             ] GC(1376) Pause Young (Concurrent Start) (G1 Evacuation Pause) 216M->104M(237M) 4.787ms
[829.431s][info][gc,cpu         ] GC(1376) User=0.00s Sys=0.00s Real=0.01s
[829.431s][info][gc             ] GC(1377) Concurrent Mark Cycle
[829.431s][info][gc,marking     ] GC(1377) Concurrent Scan Root Regions
[829.434s][info][gc,marking     ] GC(1377) Concurrent Scan Root Regions 3.022ms
[829.434s][info][gc,marking     ] GC(1377) Concurrent Mark
[829.434s][info][gc,marking     ] GC(1377) Concurrent Mark From Roots
[829.434s][info][gc,task        ] GC(1377) Using 2 workers of 2 for marking
[829.596s][info][gc,marking     ] GC(1377) Concurrent Mark From Roots 161.482ms
[829.596s][info][gc,marking     ] GC(1377) Concurrent Preclean
[829.596s][info][gc,marking     ] GC(1377) Concurrent Preclean 0.252ms
[829.596s][info][gc,start       ] GC(1377) Pause Remark
[829.602s][info][gc             ] GC(1377) Pause Remark 143M->143M(240M) 6.063ms
[829.602s][info][gc,cpu         ] GC(1377) User=0.00s Sys=0.00s Real=0.01s
[829.602s][info][gc,marking     ] GC(1377) Concurrent Mark 168.317ms
[829.603s][info][gc,marking     ] GC(1377) Concurrent Rebuild Remembered Sets and Scrub Regions
[829.656s][info][gc,marking     ] GC(1377) Concurrent Rebuild Remembered Sets and Scrub Regions 53.159ms
[829.656s][info][gc,start       ] GC(1377) Pause Cleanup
[829.656s][info][gc             ] GC(1377) Pause Cleanup 156M->156M(240M) 0.204ms
[829.656s][info][gc,cpu         ] GC(1377) User=0.00s Sys=0.00s Real=0.00s
[829.656s][info][gc,marking     ] GC(1377) Concurrent Clear Claimed Marks
[829.656s][info][gc,marking     ] GC(1377) Concurrent Clear Claimed Marks 0.124ms
[829.656s][info][gc,marking     ] GC(1377) Concurrent Cleanup for Next Mark
[829.657s][info][gc,marking     ] GC(1377) Concurrent Cleanup for Next Mark 0.765ms
[829.657s][info][gc             ] GC(1377) Concurrent Mark Cycle 226.329ms
[829.858s][info][gc,start       ] GC(1378) Pause Young (Normal) (G1 Evacuation Pause)
[829.858s][info][gc,task        ] GC(1378) Using 8 workers of 8 for evacuation
[829.863s][info][gc,phases      ] GC(1378)   Pre Evacuate Collection Set: 0.2ms
[829.863s][info][gc,phases      ] GC(1378)   Merge Heap Roots: 0.2ms
[829.863s][info][gc,phases      ] GC(1378)   Evacuate Collection Set: 4.5ms
[829.863s][info][gc,phases      ] GC(1378)   Post Evacuate Collection Set: 0.6ms
[829.863s][info][gc,phases      ] GC(1378)   Other: 0.1ms
[829.863s][info][gc,heap        ] GC(1378) Eden regions: 114->0(116)
[829.863s][info][gc,heap        ] GC(1378) Survivor regions: 6->6(15)
[829.863s][info][gc,heap        ] GC(1378) Old regions: 95->96
[829.863s][info][gc,heap        ] GC(1378) Humongous regions: 4->4
[829.863s][info][gc,metaspace   ] GC(1378) Metaspace: 84782K(85952K)->84782K(85952K) NonClass: 73853K(74496K)->73853K(74496K) Class: 10928K(11456K)->10928K(11456K)
[829.864s][info][gc             ] GC(1378) Pause Young (Normal) (G1 Evacuation Pause) 218M->104M(240M) 6.028ms
[829.864s][info][gc,cpu         ] GC(1378) User=0.00s Sys=0.00s Real=0.01s
[830.348s][info][gc,start       ] GC(1379) Pause Young (Concurrent Start) (G1 Evacuation Pause)
[830.349s][info][gc,task        ] GC(1379) Using 8 workers of 8 for evacuation
[830.353s][info][gc,phases      ] GC(1379)   Pre Evacuate Collection Set: 0.2ms
[830.353s][info][gc,phases      ] GC(1379)   Merge Heap Roots: 0.1ms
[830.354s][info][gc,phases      ] GC(1379)   Evacuate Collection Set: 3.8ms
[830.354s][info][gc,phases      ] GC(1379)   Post Evacuate Collection Set: 0.6ms
[830.354s][info][gc,phases      ] GC(1379)   Other: 0.2ms
[830.354s][info][gc,heap        ] GC(1379) Eden regions: 116->0(116)
[830.354s][info][gc,heap        ] GC(1379) Survivor regions: 6->6(16)
[830.354s][info][gc,heap        ] GC(1379) Old regions: 96->96
[830.354s][info][gc,heap        ] GC(1379) Humongous regions: 4->4
[830.354s][info][gc,metaspace   ] GC(1379) Metaspace: 84782K(85952K)->84782K(85952K) NonClass: 73853K(74496K)->73853K(74496K) Class: 10928K(11456K)->10928K(11456K)
[830.354s][info][gc             ] GC(1379) Pause Young (Concurrent Start) (G1 Evacuation Pause) 220M->104M(240M) 5.548ms
[830.354s][info][gc             ] GC(1380) Concurrent Mark Cycle
[830.354s][info][gc,cpu         ] GC(1379) User=0.00s Sys=0.00s Real=0.01s
[830.354s][info][gc,marking     ] GC(1380) Concurrent Scan Root Regions
[830.360s][info][gc,marking     ] GC(1380) Concurrent Scan Root Regions 6.081ms
[830.360s][info][gc,marking     ] GC(1380) Concurrent Mark
[830.360s][info][gc,marking     ] GC(1380) Concurrent Mark From Roots
[830.360s][info][gc,task        ] GC(1380) Using 2 workers of 2 for marking
[830.531s][info][gc,marking     ] GC(1380) Concurrent Mark From Roots 170.966ms
[830.531s][info][gc,marking     ] GC(1380) Concurrent Preclean
[830.532s][info][gc,marking     ] GC(1380) Concurrent Preclean 0.183ms
[830.532s][info][gc,start       ] GC(1380) Pause Remark
[830.539s][info][gc             ] GC(1380) Pause Remark 144M->144M(244M) 7.048ms
[830.539s][info][gc,cpu         ] GC(1380) User=0.00s Sys=0.00s Real=0.01s
[830.539s][info][gc,marking     ] GC(1380) Concurrent Mark 178.792ms
[830.539s][info][gc,marking     ] GC(1380) Concurrent Rebuild Remembered Sets and Scrub Regions
[830.596s][info][gc,marking     ] GC(1380) Concurrent Rebuild Remembered Sets and Scrub Regions 56.817ms
[830.596s][info][gc,start       ] GC(1380) Pause Cleanup
[830.596s][info][gc             ] GC(1380) Pause Cleanup 156M->156M(244M) 0.188ms
[830.596s][info][gc,cpu         ] GC(1380) User=0.00s Sys=0.00s Real=0.00s
[830.597s][info][gc,marking     ] GC(1380) Concurrent Clear Claimed Marks
[830.597s][info][gc,marking     ] GC(1380) Concurrent Clear Claimed Marks 0.112ms
[830.597s][info][gc,marking     ] GC(1380) Concurrent Cleanup for Next Mark
[830.597s][info][gc,marking     ] GC(1380) Concurrent Cleanup for Next Mark 0.492ms
[830.597s][info][gc             ] GC(1380) Concurrent Mark Cycle 243.199ms
[830.821s][info][gc,start       ] GC(1381) Pause Young (Normal) (G1 Evacuation Pause)
[830.821s][info][gc,task        ] GC(1381) Using 8 workers of 8 for evacuation
[830.827s][info][gc,phases      ] GC(1381)   Pre Evacuate Collection Set: 0.3ms
[830.828s][info][gc,phases      ] GC(1381)   Merge Heap Roots: 0.1ms
[830.828s][info][gc,phases      ] GC(1381)   Evacuate Collection Set: 4.9ms
[830.828s][info][gc,phases      ] GC(1381)   Post Evacuate Collection Set: 0.6ms
[830.828s][info][gc,phases      ] GC(1381)   Other: 0.2ms
[830.828s][info][gc,heap        ] GC(1381) Eden regions: 115->0(119)
[830.828s][info][gc,heap        ] GC(1381) Survivor regions: 6->6(16)
[830.828s][info][gc,heap        ] GC(1381) Old regions: 96->96
[830.828s][info][gc,heap        ] GC(1381) Humongous regions: 4->4
[830.828s][info][gc,metaspace   ] GC(1381) Metaspace: 84782K(85952K)->84782K(85952K) NonClass: 73853K(74496K)->73853K(74496K) Class: 10928K(11456K)->10928K(11456K)
[830.828s][info][gc             ] GC(1381) Pause Young (Normal) (G1 Evacuation Pause) 219M->104M(244M) 6.699ms
[830.828s][info][gc,cpu         ] GC(1381) User=0.12s Sys=0.00s Real=0.01s
[831.217s][info][gc,start       ] GC(1382) Pause Young (Concurrent Start) (G1 Evacuation Pause)
[831.218s][info][gc,task        ] GC(1382) Using 8 workers of 8 for evacuation
[831.223s][info][gc,phases      ] GC(1382)   Pre Evacuate Collection Set: 0.2ms
[831.223s][info][gc,phases      ] GC(1382)   Merge Heap Roots: 0.1ms
[831.223s][info][gc,phases      ] GC(1382)   Evacuate Collection Set: 4.2ms
[831.223s][info][gc,phases      ] GC(1382)   Post Evacuate Collection Set: 0.8ms
[831.223s][info][gc,phases      ] GC(1382)   Other: 0.2ms
[831.223s][info][gc,heap        ] GC(1382) Eden regions: 119->0(118)
[831.223s][info][gc,heap        ] GC(1382) Survivor regions: 6->6(16)
[831.223s][info][gc,heap        ] GC(1382) Old regions: 96->97
[831.223s][info][gc,heap        ] GC(1382) Humongous regions: 4->4
[831.224s][info][gc,metaspace   ] GC(1382) Metaspace: 84782K(85952K)->84782K(85952K) NonClass: 73853K(74496K)->73853K(74496K) Class: 10928K(11456K)->10928K(11456K)
[831.224s][info][gc             ] GC(1382) Pause Young (Concurrent Start) (G1 Evacuation Pause) 223M->105M(244M) 6.169ms
[831.224s][info][gc,cpu         ] GC(1382) User=0.00s Sys=0.00s Real=0.01s
[831.224s][info][gc             ] GC(1383) Concurrent Mark Cycle
[831.224s][info][gc,marking     ] GC(1383) Concurrent Scan Root Regions
[831.228s][info][gc,marking     ] GC(1383) Concurrent Scan Root Regions 4.068ms
[831.228s][info][gc,marking     ] GC(1383) Concurrent Mark
[831.228s][info][gc,marking     ] GC(1383) Concurrent Mark From Roots
[831.228s][info][gc,task        ] GC(1383) Using 2 workers of 2 for marking
[831.401s][info][gc,marking     ] GC(1383) Concurrent Mark From Roots 173.045ms
[831.401s][info][gc,marking     ] GC(1383) Concurrent Preclean
[831.401s][info][gc,marking     ] GC(1383) Concurrent Preclean 0.178ms
[831.401s][info][gc,start       ] GC(1383) Pause Remark
[831.408s][info][gc             ] GC(1383) Pause Remark 146M->146M(247M) 6.829ms
[831.408s][info][gc,cpu         ] GC(1383) User=0.03s Sys=0.00s Real=0.01s
[831.408s][info][gc,marking     ] GC(1383) Concurrent Mark 180.459ms
[831.408s][info][gc,marking     ] GC(1383) Concurrent Rebuild Remembered Sets and Scrub Regions
[831.467s][info][gc,marking     ] GC(1383) Concurrent Rebuild Remembered Sets and Scrub Regions 58.534ms
[831.467s][info][gc,start       ] GC(1383) Pause Cleanup
[831.467s][info][gc             ] GC(1383) Pause Cleanup 160M->160M(247M) 0.176ms
[831.467s][info][gc,cpu         ] GC(1383) User=0.00s Sys=0.00s Real=0.00s
[831.468s][info][gc,marking     ] GC(1383) Concurrent Clear Claimed Marks
[831.468s][info][gc,marking     ] GC(1383) Concurrent Clear Claimed Marks 0.120ms
[831.468s][info][gc,marking     ] GC(1383) Concurrent Cleanup for Next Mark
[831.468s][info][gc,marking     ] GC(1383) Concurrent Cleanup for Next Mark 0.454ms
[831.468s][info][gc             ] GC(1383) Concurrent Mark Cycle 244.449ms
[831.721s][info][gc,start       ] GC(1384) Pause Young (Normal) (G1 Evacuation Pause)
[831.722s][info][gc,task        ] GC(1384) Using 8 workers of 8 for evacuation
[831.728s][info][gc,phases      ] GC(1384)   Pre Evacuate Collection Set: 0.2ms
[831.728s][info][gc,phases      ] GC(1384)   Merge Heap Roots: 0.1ms
[831.728s][info][gc,phases      ] GC(1384)   Evacuate Collection Set: 5.6ms
[831.728s][info][gc,phases      ] GC(1384)   Post Evacuate Collection Set: 0.6ms
[831.728s][info][gc,phases      ] GC(1384)   Other: 0.2ms
[831.729s][info][gc,heap        ] GC(1384) Eden regions: 118->0(121)
[831.729s][info][gc,heap        ] GC(1384) Survivor regions: 6->6(16)
[831.729s][info][gc,heap        ] GC(1384) Old regions: 97->97
[831.729s][info][gc,heap        ] GC(1384) Humongous regions: 4->4
[831.729s][info][gc,metaspace   ] GC(1384) Metaspace: 84782K(85952K)->84782K(85952K) NonClass: 73853K(74496K)->73853K(74496K) Class: 10928K(11456K)->10928K(11456K)
[831.729s][info][gc             ] GC(1384) Pause Young (Normal) (G1 Evacuation Pause) 223M->106M(247M) 7.377ms
[831.729s][info][gc,cpu         ] GC(1384) User=0.00s Sys=0.00s Real=0.01s
[832.219s][info][gc,start       ] GC(1385) Pause Young (Concurrent Start) (G1 Evacuation Pause)
[832.219s][info][gc,task        ] GC(1385) Using 8 workers of 8 for evacuation
[832.225s][info][gc,phases      ] GC(1385)   Pre Evacuate Collection Set: 0.2ms
[832.225s][info][gc,phases      ] GC(1385)   Merge Heap Roots: 0.1ms
[832.225s][info][gc,phases      ] GC(1385)   Evacuate Collection Set: 4.5ms
[832.225s][info][gc,phases      ] GC(1385)   Post Evacuate Collection Set: 0.9ms
[832.225s][info][gc,phases      ] GC(1385)   Other: 0.2ms
[832.225s][info][gc,heap        ] GC(1385) Eden regions: 121->0(121)
[832.225s][info][gc,heap        ] GC(1385) Survivor regions: 6->6(16)
[832.225s][info][gc,heap        ] GC(1385) Old regions: 97->97
[832.225s][info][gc,heap        ] GC(1385) Humongous regions: 4->4
[832.225s][info][gc,metaspace   ] GC(1385) Metaspace: 84782K(85952K)->84782K(85952K) NonClass: 73853K(74496K)->73853K(74496K) Class: 10928K(11456K)->10928K(11456K)
[832.225s][info][gc             ] GC(1385) Pause Young (Concurrent Start) (G1 Evacuation Pause) 227M->106M(247M) 6.489ms
[832.225s][info][gc,cpu         ] GC(1385) User=0.00s Sys=0.00s Real=0.01s
[832.225s][info][gc             ] GC(1386) Concurrent Mark Cycle
[832.225s][info][gc,marking     ] GC(1386) Concurrent Scan Root Regions
[832.229s][info][gc,marking     ] GC(1386) Concurrent Scan Root Regions 3.101ms
[832.229s][info][gc,marking     ] GC(1386) Concurrent Mark
[832.229s][info][gc,marking     ] GC(1386) Concurrent Mark From Roots
[832.229s][info][gc,task        ] GC(1386) Using 2 workers of 2 for marking
[832.403s][info][gc,marking     ] GC(1386) Concurrent Mark From Roots 174.196ms
[832.403s][info][gc,marking     ] GC(1386) Concurrent Preclean
[832.403s][info][gc,marking     ] GC(1386) Concurrent Preclean 0.256ms
[832.403s][info][gc,start       ] GC(1386) Pause Remark
[832.411s][info][gc             ] GC(1386) Pause Remark 145M->145M(247M) 7.873ms
[832.411s][info][gc,cpu         ] GC(1386) User=0.00s Sys=0.00s Real=0.01s
[832.411s][info][gc,marking     ] GC(1386) Concurrent Mark 182.821ms
[832.412s][info][gc,marking     ] GC(1386) Concurrent Rebuild Remembered Sets and Scrub Regions
[832.465s][info][gc,marking     ] GC(1386) Concurrent Rebuild Remembered Sets and Scrub Regions 53.748ms
[832.465s][info][gc,start       ] GC(1386) Pause Cleanup
[832.466s][info][gc             ] GC(1386) Pause Cleanup 160M->160M(247M) 0.178ms
[832.466s][info][gc,cpu         ] GC(1386) User=0.00s Sys=0.00s Real=0.00s
[832.466s][info][gc,marking     ] GC(1386) Concurrent Clear Claimed Marks
[832.466s][info][gc,marking     ] GC(1386) Concurrent Clear Claimed Marks 0.123ms
[832.466s][info][gc,marking     ] GC(1386) Concurrent Cleanup for Next Mark
[832.466s][info][gc,marking     ] GC(1386) Concurrent Cleanup for Next Mark 0.515ms
[832.467s][info][gc             ] GC(1386) Concurrent Mark Cycle 241.152ms
[832.704s][info][gc,start       ] GC(1387) Pause Young (Normal) (G1 Evacuation Pause)
[832.704s][info][gc,task        ] GC(1387) Using 8 workers of 8 for evacuation
[832.710s][info][gc,phases      ] GC(1387)   Pre Evacuate Collection Set: 0.2ms
[832.710s][info][gc,phases      ] GC(1387)   Merge Heap Roots: 0.1ms
[832.710s][info][gc,phases      ] GC(1387)   Evacuate Collection Set: 5.3ms
[832.710s][info][gc,phases      ] GC(1387)   Post Evacuate Collection Set: 0.6ms
[832.710s][info][gc,phases      ] GC(1387)   Other: 0.1ms
[832.711s][info][gc,heap        ] GC(1387) Eden regions: 121->0(120)
[832.711s][info][gc,heap        ] GC(1387) Survivor regions: 6->6(16)
[832.711s][info][gc,heap        ] GC(1387) Old regions: 97->98
[832.711s][info][gc,heap        ] GC(1387) Humongous regions: 4->4
[832.711s][info][gc,metaspace   ] GC(1387) Metaspace: 84782K(85952K)->84782K(85952K) NonClass: 73853K(74496K)->73853K(74496K) Class: 10928K(11456K)->10928K(11456K)
[832.711s][info][gc             ] GC(1387) Pause Young (Normal) (G1 Evacuation Pause) 227M->106M(247M) 6.825ms
[832.711s][info][gc,cpu         ] GC(1387) User=0.00s Sys=0.00s Real=0.01s
[833.118s][info][gc,start       ] GC(1388) Pause Young (Concurrent Start) (G1 Evacuation Pause)
[833.119s][info][gc,task        ] GC(1388) Using 8 workers of 8 for evacuation
[833.124s][info][gc,phases      ] GC(1388)   Pre Evacuate Collection Set: 0.2ms
[833.124s][info][gc,phases      ] GC(1388)   Merge Heap Roots: 0.1ms
[833.124s][info][gc,phases      ] GC(1388)   Evacuate Collection Set: 4.2ms
[833.124s][info][gc,phases      ] GC(1388)   Post Evacuate Collection Set: 0.6ms
[833.124s][info][gc,phases      ] GC(1388)   Other: 0.2ms
[833.124s][info][gc,heap        ] GC(1388) Eden regions: 120->0(120)
[833.124s][info][gc,heap        ] GC(1388) Survivor regions: 6->6(16)
[833.124s][info][gc,heap        ] GC(1388) Old regions: 98->98
[833.124s][info][gc,heap        ] GC(1388) Humongous regions: 4->4
[833.124s][info][gc,metaspace   ] GC(1388) Metaspace: 84782K(85952K)->84782K(85952K) NonClass: 73853K(74496K)->73853K(74496K) Class: 10928K(11456K)->10928K(11456K)
[833.125s][info][gc             ] GC(1388) Pause Young (Concurrent Start) (G1 Evacuation Pause) 226M->106M(247M) 6.042ms
[833.125s][info][gc,cpu         ] GC(1388) User=0.11s Sys=0.00s Real=0.01s
[833.125s][info][gc             ] GC(1389) Concurrent Mark Cycle
[833.125s][info][gc,marking     ] GC(1389) Concurrent Scan Root Regions
[833.129s][info][gc,marking     ] GC(1389) Concurrent Scan Root Regions 4.462ms
[833.129s][info][gc,marking     ] GC(1389) Concurrent Mark
[833.129s][info][gc,marking     ] GC(1389) Concurrent Mark From Roots
[833.129s][info][gc,task        ] GC(1389) Using 2 workers of 2 for marking
[833.313s][info][gc,marking     ] GC(1389) Concurrent Mark From Roots 184.036ms
[833.313s][info][gc,marking     ] GC(1389) Concurrent Preclean
[833.314s][info][gc,marking     ] GC(1389) Concurrent Preclean 0.240ms
[833.314s][info][gc,start       ] GC(1389) Pause Remark
[833.319s][info][gc             ] GC(1389) Pause Remark 149M->149M(252M) 5.540ms
[833.319s][info][gc,cpu         ] GC(1389) User=0.00s Sys=0.00s Real=0.00s
[833.320s][info][gc,marking     ] GC(1389) Concurrent Mark 190.215ms
[833.320s][info][gc,marking     ] GC(1389) Concurrent Rebuild Remembered Sets and Scrub Regions
[833.373s][info][gc,marking     ] GC(1389) Concurrent Rebuild Remembered Sets and Scrub Regions 53.408ms
[833.373s][info][gc,start       ] GC(1389) Pause Cleanup
[833.373s][info][gc             ] GC(1389) Pause Cleanup 164M->164M(252M) 0.196ms
[833.373s][info][gc,cpu         ] GC(1389) User=0.00s Sys=0.00s Real=0.00s
[833.374s][info][gc,marking     ] GC(1389) Concurrent Clear Claimed Marks
[833.374s][info][gc,marking     ] GC(1389) Concurrent Clear Claimed Marks 0.100ms
[833.374s][info][gc,marking     ] GC(1389) Concurrent Cleanup for Next Mark
[833.374s][info][gc,marking     ] GC(1389) Concurrent Cleanup for Next Mark 0.639ms
[833.374s][info][gc             ] GC(1389) Concurrent Mark Cycle 249.744ms
[833.602s][info][gc,start       ] GC(1390) Pause Young (Prepare Mixed) (G1 Evacuation Pause)
[833.602s][info][gc,task        ] GC(1390) Using 8 workers of 8 for evacuation
[833.607s][info][gc,phases      ] GC(1390)   Pre Evacuate Collection Set: 0.1ms
[833.607s][info][gc,phases      ] GC(1390)   Merge Heap Roots: 0.1ms
[833.607s][info][gc,phases      ] GC(1390)   Evacuate Collection Set: 3.8ms
[833.607s][info][gc,phases      ] GC(1390)   Post Evacuate Collection Set: 0.5ms
[833.607s][info][gc,phases      ] GC(1390)   Other: 0.1ms
[833.607s][info][gc,heap        ] GC(1390) Eden regions: 119->0(124)
[833.607s][info][gc,heap        ] GC(1390) Survivor regions: 6->6(16)
[833.607s][info][gc,heap        ] GC(1390) Old regions: 98->98
[833.607s][info][gc,heap        ] GC(1390) Humongous regions: 4->4
[833.607s][info][gc,metaspace   ] GC(1390) Metaspace: 84782K(85952K)->84782K(85952K) NonClass: 73853K(74496K)->73853K(74496K) Class: 10928K(11456K)->10928K(11456K)
[833.607s][info][gc             ] GC(1390) Pause Young (Prepare Mixed) (G1 Evacuation Pause) 225M->107M(252M) 5.174ms
[833.607s][info][gc,cpu         ] GC(1390) User=0.09s Sys=0.03s Real=0.01s
[834.017s][info][gc,start       ] GC(1391) Pause Young (Mixed) (G1 Evacuation Pause)
[834.017s][info][gc,task        ] GC(1391) Using 8 workers of 8 for evacuation
[834.027s][info][gc,phases      ] GC(1391)   Pre Evacuate Collection Set: 0.2ms
[834.027s][info][gc,phases      ] GC(1391)   Merge Heap Roots: 0.3ms
[834.028s][info][gc,phases      ] GC(1391)   Evacuate Collection Set: 9.2ms
[834.028s][info][gc,phases      ] GC(1391)   Post Evacuate Collection Set: 0.6ms
[834.028s][info][gc,phases      ] GC(1391)   Other: 0.1ms
[834.028s][info][gc,heap        ] GC(1391) Eden regions: 124->0(123)
[834.028s][info][gc,heap        ] GC(1391) Survivor regions: 6->6(17)
[834.028s][info][gc,heap        ] GC(1391) Old regions: 98->99
[834.028s][info][gc,heap        ] GC(1391) Humongous regions: 4->4
[834.028s][info][gc,metaspace   ] GC(1391) Metaspace: 84782K(85952K)->84782K(85952K) NonClass: 73853K(74496K)->73853K(74496K) Class: 10928K(11456K)->10928K(11456K)
[834.028s][info][gc             ] GC(1391) Pause Young (Mixed) (G1 Evacuation Pause) 231M->107M(252M) 11.012ms
[834.028s][info][gc,cpu         ] GC(1391) User=0.00s Sys=0.00s Real=0.01s
[834.427s][info][gc,start       ] GC(1392) Pause Young (Concurrent Start) (G1 Evacuation Pause)
[834.428s][info][gc,task        ] GC(1392) Using 8 workers of 8 for evacuation
[834.432s][info][gc,phases      ] GC(1392)   Pre Evacuate Collection Set: 0.2ms
[834.432s][info][gc,phases      ] GC(1392)   Merge Heap Roots: 0.1ms
[834.432s][info][gc,phases      ] GC(1392)   Evacuate Collection Set: 3.5ms
[834.432s][info][gc,phases      ] GC(1392)   Post Evacuate Collection Set: 0.6ms
[834.432s][info][gc,phases      ] GC(1392)   Other: 0.2ms
[834.432s][info][gc,heap        ] GC(1392) Eden regions: 123->0(123)
[834.432s][info][gc,heap        ] GC(1392) Survivor regions: 6->6(17)
[834.432s][info][gc,heap        ] GC(1392) Old regions: 99->99
[834.432s][info][gc,heap        ] GC(1392) Humongous regions: 4->4
[834.433s][info][gc,metaspace   ] GC(1392) Metaspace: 84782K(85952K)->84782K(85952K) NonClass: 73853K(74496K)->73853K(74496K) Class: 10928K(11456K)->10928K(11456K)
[834.433s][info][gc             ] GC(1392) Pause Young (Concurrent Start) (G1 Evacuation Pause) 230M->107M(252M) 5.204ms
[834.433s][info][gc,cpu         ] GC(1392) User=0.00s Sys=0.00s Real=0.01s
[834.433s][info][gc             ] GC(1393) Concurrent Mark Cycle
[834.433s][info][gc,marking     ] GC(1393) Concurrent Scan Root Regions
[834.436s][info][gc,marking     ] GC(1393) Concurrent Scan Root Regions 3.519ms
[834.436s][info][gc,marking     ] GC(1393) Concurrent Mark
[834.436s][info][gc,marking     ] GC(1393) Concurrent Mark From Roots
[834.436s][info][gc,task        ] GC(1393) Using 2 workers of 2 for marking
[834.612s][info][gc,marking     ] GC(1393) Concurrent Mark From Roots 175.965ms
[834.612s][info][gc,marking     ] GC(1393) Concurrent Preclean
[834.613s][info][gc,marking     ] GC(1393) Concurrent Preclean 0.255ms
[834.613s][info][gc,start       ] GC(1393) Pause Remark
[834.618s][info][gc             ] GC(1393) Pause Remark 146M->146M(252M) 5.528ms
[834.618s][info][gc,cpu         ] GC(1393) User=0.00s Sys=0.00s Real=0.01s
[834.619s][info][gc,marking     ] GC(1393) Concurrent Mark 182.156ms
[834.619s][info][gc,marking     ] GC(1393) Concurrent Rebuild Remembered Sets and Scrub Regions
[834.674s][info][gc,marking     ] GC(1393) Concurrent Rebuild Remembered Sets and Scrub Regions 55.479ms
[834.674s][info][gc,start       ] GC(1393) Pause Cleanup
[834.674s][info][gc             ] GC(1393) Pause Cleanup 161M->161M(252M) 0.177ms
[834.675s][info][gc,cpu         ] GC(1393) User=0.00s Sys=0.00s Real=0.00s
[834.675s][info][gc,marking     ] GC(1393) Concurrent Clear Claimed Marks
[834.675s][info][gc,marking     ] GC(1393) Concurrent Clear Claimed Marks 0.124ms
[834.675s][info][gc,marking     ] GC(1393) Concurrent Cleanup for Next Mark
[834.676s][info][gc,marking     ] GC(1393) Concurrent Cleanup for Next Mark 0.754ms
[834.676s][info][gc             ] GC(1393) Concurrent Mark Cycle 243.006ms
[834.921s][info][gc,start       ] GC(1394) Pause Young (Normal) (G1 Evacuation Pause)
[834.921s][info][gc,task        ] GC(1394) Using 8 workers of 8 for evacuation
[834.928s][info][gc,phases      ] GC(1394)   Pre Evacuate Collection Set: 0.2ms
[834.928s][info][gc,phases      ] GC(1394)   Merge Heap Roots: 0.1ms
[834.928s][info][gc,phases      ] GC(1394)   Evacuate Collection Set: 5.0ms
[834.928s][info][gc,phases      ] GC(1394)   Post Evacuate Collection Set: 1.2ms
[834.928s][info][gc,phases      ] GC(1394)   Other: 0.1ms
[834.928s][info][gc,heap        ] GC(1394) Eden regions: 123->0(123)
[834.928s][info][gc,heap        ] GC(1394) Survivor regions: 6->6(17)
[834.928s][info][gc,heap        ] GC(1394) Old regions: 99->99
[834.928s][info][gc,heap        ] GC(1394) Humongous regions: 4->4
[834.928s][info][gc,metaspace   ] GC(1394) Metaspace: 84782K(85952K)->84782K(85952K) NonClass: 73853K(74496K)->73853K(74496K) Class: 10928K(11456K)->10928K(11456K)
[834.928s][info][gc             ] GC(1394) Pause Young (Normal) (G1 Evacuation Pause) 230M->108M(252M) 7.198ms
[834.928s][info][gc,cpu         ] GC(1394) User=0.00s Sys=0.00s Real=0.01s
[835.327s][info][gc,start       ] GC(1395) Pause Young (Concurrent Start) (G1 Evacuation Pause)
[835.327s][info][gc,task        ] GC(1395) Using 8 workers of 8 for evacuation
[835.333s][info][gc,phases      ] GC(1395)   Pre Evacuate Collection Set: 0.4ms
[835.333s][info][gc,phases      ] GC(1395)   Merge Heap Roots: 0.1ms
[835.333s][info][gc,phases      ] GC(1395)   Evacuate Collection Set: 4.3ms
[835.333s][info][gc,phases      ] GC(1395)   Post Evacuate Collection Set: 0.6ms
[835.333s][info][gc,phases      ] GC(1395)   Other: 0.2ms
[835.333s][info][gc,heap        ] GC(1395) Eden regions: 123->0(122)
[835.333s][info][gc,heap        ] GC(1395) Survivor regions: 6->6(17)
[835.333s][info][gc,heap        ] GC(1395) Old regions: 99->100
[835.333s][info][gc,heap        ] GC(1395) Humongous regions: 4->4
[835.333s][info][gc,metaspace   ] GC(1395) Metaspace: 84782K(85952K)->84782K(85952K) NonClass: 73853K(74496K)->73853K(74496K) Class: 10928K(11456K)->10928K(11456K)
[835.333s][info][gc             ] GC(1395) Pause Young (Concurrent Start) (G1 Evacuation Pause) 231M->108M(252M) 6.102ms
[835.333s][info][gc,cpu         ] GC(1395) User=0.00s Sys=0.00s Real=0.01s
[835.333s][info][gc             ] GC(1396) Concurrent Mark Cycle
[835.333s][info][gc,marking     ] GC(1396) Concurrent Scan Root Regions
[835.336s][info][gc,marking     ] GC(1396) Concurrent Scan Root Regions 2.861ms
[835.336s][info][gc,marking     ] GC(1396) Concurrent Mark
[835.336s][info][gc,marking     ] GC(1396) Concurrent Mark From Roots
[835.336s][info][gc,task        ] GC(1396) Using 2 workers of 2 for marking
[835.527s][info][gc,marking     ] GC(1396) Concurrent Mark From Roots 190.633ms
[835.527s][info][gc,marking     ] GC(1396) Concurrent Preclean
[835.528s][info][gc,marking     ] GC(1396) Concurrent Preclean 0.754ms
[835.528s][info][gc,start       ] GC(1396) Pause Remark
[835.535s][info][gc             ] GC(1396) Pause Remark 146M->146M(252M) 6.684ms
[835.535s][info][gc,cpu         ] GC(1396) User=0.00s Sys=0.00s Real=0.01s
[835.535s][info][gc,marking     ] GC(1396) Concurrent Mark 198.737ms
[835.535s][info][gc,marking     ] GC(1396) Concurrent Rebuild Remembered Sets and Scrub Regions
[835.598s][info][gc,marking     ] GC(1396) Concurrent Rebuild Remembered Sets and Scrub Regions 62.986ms
[835.598s][info][gc,start       ] GC(1396) Pause Cleanup
[835.598s][info][gc             ] GC(1396) Pause Cleanup 157M->157M(252M) 0.175ms
[835.598s][info][gc,cpu         ] GC(1396) User=0.00s Sys=0.00s Real=0.00s
[835.598s][info][gc,marking     ] GC(1396) Concurrent Clear Claimed Marks
[835.598s][info][gc,marking     ] GC(1396) Concurrent Clear Claimed Marks 0.123ms
[835.598s][info][gc,marking     ] GC(1396) Concurrent Cleanup for Next Mark
[835.599s][info][gc,marking     ] GC(1396) Concurrent Cleanup for Next Mark 0.476ms
[835.599s][info][gc             ] GC(1396) Concurrent Mark Cycle 266.039ms
[835.839s][info][gc,start       ] GC(1397) Pause Young (Normal) (G1 Evacuation Pause)
[835.839s][info][gc,task        ] GC(1397) Using 8 workers of 8 for evacuation
[835.846s][info][gc,phases      ] GC(1397)   Pre Evacuate Collection Set: 0.1ms
[835.846s][info][gc,phases      ] GC(1397)   Merge Heap Roots: 0.1ms
[835.846s][info][gc,phases      ] GC(1397)   Evacuate Collection Set: 5.0ms
[835.846s][info][gc,phases      ] GC(1397)   Post Evacuate Collection Set: 0.8ms
[835.846s][info][gc,phases      ] GC(1397)   Other: 0.1ms
[835.846s][info][gc,heap        ] GC(1397) Eden regions: 122->0(122)
[835.846s][info][gc,heap        ] GC(1397) Survivor regions: 6->6(16)
[835.846s][info][gc,heap        ] GC(1397) Old regions: 100->100
[835.846s][info][gc,heap        ] GC(1397) Humongous regions: 4->4
[835.846s][info][gc,metaspace   ] GC(1397) Metaspace: 84782K(85952K)->84782K(85952K) NonClass: 73853K(74496K)->73853K(74496K) Class: 10928K(11456K)->10928K(11456K)
[835.846s][info][gc             ] GC(1397) Pause Young (Normal) (G1 Evacuation Pause) 230M->109M(252M) 6.627ms
[835.846s][info][gc,cpu         ] GC(1397) User=0.12s Sys=0.00s Real=0.01s
[836.251s][info][gc,start       ] GC(1398) Pause Young (Concurrent Start) (G1 Evacuation Pause)
[836.251s][info][gc,task        ] GC(1398) Using 8 workers of 8 for evacuation
[836.256s][info][gc,phases      ] GC(1398)   Pre Evacuate Collection Set: 0.2ms
[836.256s][info][gc,phases      ] GC(1398)   Merge Heap Roots: 0.1ms
[836.256s][info][gc,phases      ] GC(1398)   Evacuate Collection Set: 4.0ms
[836.256s][info][gc,phases      ] GC(1398)   Post Evacuate Collection Set: 0.5ms
[836.256s][info][gc,phases      ] GC(1398)   Other: 0.2ms
[836.256s][info][gc,heap        ] GC(1398) Eden regions: 122->0(121)
[836.256s][info][gc,heap        ] GC(1398) Survivor regions: 6->6(16)
[836.256s][info][gc,heap        ] GC(1398) Old regions: 100->101
[836.257s][info][gc,heap        ] GC(1398) Humongous regions: 4->4
[836.257s][info][gc,metaspace   ] GC(1398) Metaspace: 84782K(85952K)->84782K(85952K) NonClass: 73853K(74496K)->73853K(74496K) Class: 10928K(11456K)->10928K(11456K)
[836.257s][info][gc             ] GC(1398) Pause Young (Concurrent Start) (G1 Evacuation Pause) 231M->109M(252M) 5.323ms
[836.257s][info][gc,cpu         ] GC(1398) User=0.00s Sys=0.00s Real=0.00s
[836.257s][info][gc             ] GC(1399) Concurrent Mark Cycle
[836.257s][info][gc,marking     ] GC(1399) Concurrent Scan Root Regions
[836.261s][info][gc,marking     ] GC(1399) Concurrent Scan Root Regions 4.539ms
[836.262s][info][gc,marking     ] GC(1399) Concurrent Mark
[836.262s][info][gc,marking     ] GC(1399) Concurrent Mark From Roots
[836.262s][info][gc,task        ] GC(1399) Using 2 workers of 2 for marking
[836.434s][info][gc,marking     ] GC(1399) Concurrent Mark From Roots 171.821ms
[836.434s][info][gc,marking     ] GC(1399) Concurrent Preclean
[836.434s][info][gc,marking     ] GC(1399) Concurrent Preclean 0.227ms
[836.434s][info][gc,start       ] GC(1399) Pause Remark
[836.440s][info][gc             ] GC(1399) Pause Remark 148M->148M(252M) 5.806ms
[836.440s][info][gc,cpu         ] GC(1399) User=0.00s Sys=0.02s Real=0.01s
[836.440s][info][gc,marking     ] GC(1399) Concurrent Mark 178.270ms
[836.440s][info][gc,marking     ] GC(1399) Concurrent Rebuild Remembered Sets and Scrub Regions
[836.505s][info][gc,marking     ] GC(1399) Concurrent Rebuild Remembered Sets and Scrub Regions 64.975ms
[836.505s][info][gc,start       ] GC(1399) Pause Cleanup
[836.506s][info][gc             ] GC(1399) Pause Cleanup 162M->162M(252M) 0.274ms
[836.506s][info][gc,cpu         ] GC(1399) User=0.00s Sys=0.00s Real=0.00s
[836.506s][info][gc,marking     ] GC(1399) Concurrent Clear Claimed Marks
[836.506s][info][gc,marking     ] GC(1399) Concurrent Clear Claimed Marks 0.101ms
[836.506s][info][gc,marking     ] GC(1399) Concurrent Cleanup for Next Mark
[836.506s][info][gc,marking     ] GC(1399) Concurrent Cleanup for Next Mark 0.382ms
[836.506s][info][gc             ] GC(1399) Concurrent Mark Cycle 249.698ms
[836.738s][info][gc,start       ] GC(1400) Pause Young (Normal) (G1 Evacuation Pause)
[836.738s][info][gc,task        ] GC(1400) Using 8 workers of 8 for evacuation
[836.743s][info][gc,phases      ] GC(1400)   Pre Evacuate Collection Set: 0.2ms
[836.743s][info][gc,phases      ] GC(1400)   Merge Heap Roots: 0.2ms
[836.743s][info][gc,phases      ] GC(1400)   Evacuate Collection Set: 4.0ms
[836.743s][info][gc,phases      ] GC(1400)   Post Evacuate Collection Set: 0.7ms
[836.744s][info][gc,phases      ] GC(1400)   Other: 0.1ms
[836.744s][info][gc,heap        ] GC(1400) Eden regions: 121->0(121)
[836.744s][info][gc,heap        ] GC(1400) Survivor regions: 6->6(16)
[836.744s][info][gc,heap        ] GC(1400) Old regions: 101->101
[836.744s][info][gc,heap        ] GC(1400) Humongous regions: 4->4
[836.744s][info][gc,metaspace   ] GC(1400) Metaspace: 84782K(85952K)->84782K(85952K) NonClass: 73853K(74496K)->73853K(74496K) Class: 10928K(11456K)->10928K(11456K)
[836.744s][info][gc             ] GC(1400) Pause Young (Normal) (G1 Evacuation Pause) 230M->110M(252M) 5.955ms
[836.744s][info][gc,cpu         ] GC(1400) User=0.00s Sys=0.00s Real=0.01s
[837.154s][info][gc,start       ] GC(1401) Pause Young (Concurrent Start) (G1 Evacuation Pause)
[837.154s][info][gc,task        ] GC(1401) Using 8 workers of 8 for evacuation
[837.159s][info][gc,phases      ] GC(1401)   Pre Evacuate Collection Set: 0.2ms
[837.159s][info][gc,phases      ] GC(1401)   Merge Heap Roots: 0.1ms
[837.159s][info][gc,phases      ] GC(1401)   Evacuate Collection Set: 3.9ms
[837.159s][info][gc,phases      ] GC(1401)   Post Evacuate Collection Set: 0.5ms
[837.159s][info][gc,phases      ] GC(1401)   Other: 0.2ms
[837.159s][info][gc,heap        ] GC(1401) Eden regions: 121->0(121)
[837.159s][info][gc,heap        ] GC(1401) Survivor regions: 6->6(16)
[837.159s][info][gc,heap        ] GC(1401) Old regions: 101->101
[837.159s][info][gc,heap        ] GC(1401) Humongous regions: 4->4
[837.159s][info][gc,metaspace   ] GC(1401) Metaspace: 84782K(85952K)->84782K(85952K) NonClass: 73853K(74496K)->73853K(74496K) Class: 10928K(11456K)->10928K(11456K)
[837.159s][info][gc             ] GC(1401) Pause Young (Concurrent Start) (G1 Evacuation Pause) 231M->110M(252M) 5.464ms
[837.159s][info][gc,cpu         ] GC(1401) User=0.00s Sys=0.00s Real=0.01s
[837.159s][info][gc             ] GC(1402) Concurrent Mark Cycle
[837.160s][info][gc,marking     ] GC(1402) Concurrent Scan Root Regions
[837.164s][info][gc,marking     ] GC(1402) Concurrent Scan Root Regions 4.344ms
[837.164s][info][gc,marking     ] GC(1402) Concurrent Mark
[837.164s][info][gc,marking     ] GC(1402) Concurrent Mark From Roots
[837.164s][info][gc,task        ] GC(1402) Using 2 workers of 2 for marking
[837.348s][info][gc,marking     ] GC(1402) Concurrent Mark From Roots 184.345ms
[837.348s][info][gc,marking     ] GC(1402) Concurrent Preclean
[837.349s][info][gc,marking     ] GC(1402) Concurrent Preclean 0.187ms
[837.349s][info][gc,start       ] GC(1402) Pause Remark
[837.354s][info][gc             ] GC(1402) Pause Remark 152M->152M(255M) 5.485ms
[837.354s][info][gc,cpu         ] GC(1402) User=0.00s Sys=0.00s Real=0.01s
[837.354s][info][gc,marking     ] GC(1402) Concurrent Mark 190.421ms
[837.354s][info][gc,marking     ] GC(1402) Concurrent Rebuild Remembered Sets and Scrub Regions
[837.418s][info][gc,marking     ] GC(1402) Concurrent Rebuild Remembered Sets and Scrub Regions 63.486ms
[837.418s][info][gc,start       ] GC(1402) Pause Cleanup
[837.418s][info][gc             ] GC(1402) Pause Cleanup 163M->163M(255M) 0.211ms
[837.418s][info][gc,cpu         ] GC(1402) User=0.00s Sys=0.02s Real=0.00s
[837.418s][info][gc,marking     ] GC(1402) Concurrent Clear Claimed Marks
[837.419s][info][gc,marking     ] GC(1402) Concurrent Clear Claimed Marks 0.121ms
[837.419s][info][gc,marking     ] GC(1402) Concurrent Cleanup for Next Mark
[837.419s][info][gc,marking     ] GC(1402) Concurrent Cleanup for Next Mark 0.642ms
[837.419s][info][gc             ] GC(1402) Concurrent Mark Cycle 259.942ms
[837.630s][info][gc,start       ] GC(1403) Pause Young (Normal) (G1 Evacuation Pause)
[837.630s][info][gc,task        ] GC(1403) Using 8 workers of 8 for evacuation
[837.635s][info][gc,phases      ] GC(1403)   Pre Evacuate Collection Set: 0.2ms
[837.635s][info][gc,phases      ] GC(1403)   Merge Heap Roots: 0.1ms
[837.636s][info][gc,phases      ] GC(1403)   Evacuate Collection Set: 4.0ms
[837.636s][info][gc,phases      ] GC(1403)   Post Evacuate Collection Set: 0.6ms
[837.636s][info][gc,phases      ] GC(1403)   Other: 0.1ms
[837.636s][info][gc,heap        ] GC(1403) Eden regions: 121->0(123)
[837.636s][info][gc,heap        ] GC(1403) Survivor regions: 6->6(16)
[837.636s][info][gc,heap        ] GC(1403) Old regions: 101->102
[837.636s][info][gc,heap        ] GC(1403) Humongous regions: 4->4
[837.636s][info][gc,metaspace   ] GC(1403) Metaspace: 84782K(85952K)->84782K(85952K) NonClass: 73853K(74496K)->73853K(74496K) Class: 10928K(11456K)->10928K(11456K)
[837.636s][info][gc             ] GC(1403) Pause Young (Normal) (G1 Evacuation Pause) 231M->110M(255M) 5.754ms
[837.636s][info][gc,cpu         ] GC(1403) User=0.00s Sys=0.00s Real=0.01s
[838.024s][info][gc,start       ] GC(1404) Pause Young (Concurrent Start) (G1 Evacuation Pause)
[838.025s][info][gc,task        ] GC(1404) Using 8 workers of 8 for evacuation
[838.031s][info][gc,phases      ] GC(1404)   Pre Evacuate Collection Set: 0.2ms
[838.031s][info][gc,phases      ] GC(1404)   Merge Heap Roots: 0.1ms
[838.031s][info][gc,phases      ] GC(1404)   Evacuate Collection Set: 5.4ms
[838.031s][info][gc,phases      ] GC(1404)   Post Evacuate Collection Set: 0.6ms
[838.031s][info][gc,phases      ] GC(1404)   Other: 0.2ms
[838.031s][info][gc,heap        ] GC(1404) Eden regions: 123->0(123)
[838.031s][info][gc,heap        ] GC(1404) Survivor regions: 6->6(17)
[838.031s][info][gc,heap        ] GC(1404) Old regions: 102->102
[838.031s][info][gc,heap        ] GC(1404) Humongous regions: 4->4
[838.031s][info][gc,metaspace   ] GC(1404) Metaspace: 84782K(85952K)->84782K(85952K) NonClass: 73853K(74496K)->73853K(74496K) Class: 10928K(11456K)->10928K(11456K)
[838.032s][info][gc             ] GC(1404) Pause Young (Concurrent Start) (G1 Evacuation Pause) 233M->111M(255M) 7.090ms
[838.032s][info][gc,cpu         ] GC(1404) User=0.08s Sys=0.00s Real=0.01s
[838.032s][info][gc             ] GC(1405) Concurrent Mark Cycle
[838.032s][info][gc,marking     ] GC(1405) Concurrent Scan Root Regions
[838.035s][info][gc,marking     ] GC(1405) Concurrent Scan Root Regions 3.635ms
[838.035s][info][gc,marking     ] GC(1405) Concurrent Mark
[838.035s][info][gc,marking     ] GC(1405) Concurrent Mark From Roots
[838.035s][info][gc,task        ] GC(1405) Using 2 workers of 2 for marking
[838.211s][info][gc,marking     ] GC(1405) Concurrent Mark From Roots 175.990ms
[838.212s][info][gc,marking     ] GC(1405) Concurrent Preclean
[838.212s][info][gc,marking     ] GC(1405) Concurrent Preclean 0.290ms
[838.212s][info][gc,start       ] GC(1405) Pause Remark
[838.219s][info][gc             ] GC(1405) Pause Remark 151M->151M(255M) 6.526ms
[838.219s][info][gc,cpu         ] GC(1405) User=0.06s Sys=0.02s Real=0.01s
[838.219s][info][gc,marking     ] GC(1405) Concurrent Mark 183.302ms
[838.219s][info][gc,marking     ] GC(1405) Concurrent Rebuild Remembered Sets and Scrub Regions
[838.267s][info][gc,marking     ] GC(1405) Concurrent Rebuild Remembered Sets and Scrub Regions 47.749ms
[838.267s][info][gc,start       ] GC(1405) Pause Cleanup
[838.267s][info][gc             ] GC(1405) Pause Cleanup 166M->166M(255M) 0.176ms
[838.267s][info][gc,cpu         ] GC(1405) User=0.00s Sys=0.00s Real=0.00s
[838.267s][info][gc,marking     ] GC(1405) Concurrent Clear Claimed Marks
[838.267s][info][gc,marking     ] GC(1405) Concurrent Clear Claimed Marks 0.118ms
[838.267s][info][gc,marking     ] GC(1405) Concurrent Cleanup for Next Mark
[838.268s][info][gc,marking     ] GC(1405) Concurrent Cleanup for Next Mark 0.462ms
[838.268s][info][gc             ] GC(1405) Concurrent Mark Cycle 236.053ms
[838.518s][info][gc,start       ] GC(1406) Pause Young (Normal) (G1 Evacuation Pause)
[838.518s][info][gc,task        ] GC(1406) Using 8 workers of 8 for evacuation
[838.524s][info][gc,phases      ] GC(1406)   Pre Evacuate Collection Set: 0.1ms
[838.524s][info][gc,phases      ] GC(1406)   Merge Heap Roots: 0.1ms
[838.524s][info][gc,phases      ] GC(1406)   Evacuate Collection Set: 4.7ms
[838.524s][info][gc,phases      ] GC(1406)   Post Evacuate Collection Set: 0.5ms
[838.524s][info][gc,phases      ] GC(1406)   Other: 0.1ms
[838.524s][info][gc,heap        ] GC(1406) Eden regions: 123->0(123)
[838.524s][info][gc,heap        ] GC(1406) Survivor regions: 6->6(17)
[838.524s][info][gc,heap        ] GC(1406) Old regions: 102->102
[838.524s][info][gc,heap        ] GC(1406) Humongous regions: 4->4
[838.524s][info][gc,metaspace   ] GC(1406) Metaspace: 84782K(85952K)->84782K(85952K) NonClass: 73853K(74496K)->73853K(74496K) Class: 10928K(11456K)->10928K(11456K)
[838.524s][info][gc             ] GC(1406) Pause Young (Normal) (G1 Evacuation Pause) 234M->111M(255M) 6.077ms
[838.524s][info][gc,cpu         ] GC(1406) User=0.00s Sys=0.00s Real=0.01s
[838.950s][info][gc,start       ] GC(1407) Pause Young (Concurrent Start) (G1 Evacuation Pause)
[838.950s][info][gc,task        ] GC(1407) Using 8 workers of 8 for evacuation
[838.954s][info][gc,phases      ] GC(1407)   Pre Evacuate Collection Set: 0.2ms
[838.954s][info][gc,phases      ] GC(1407)   Merge Heap Roots: 0.1ms
[838.954s][info][gc,phases      ] GC(1407)   Evacuate Collection Set: 3.7ms
[838.954s][info][gc,phases      ] GC(1407)   Post Evacuate Collection Set: 0.5ms
[838.954s][info][gc,phases      ] GC(1407)   Other: 0.2ms
[838.955s][info][gc,heap        ] GC(1407) Eden regions: 123->0(122)
[838.955s][info][gc,heap        ] GC(1407) Survivor regions: 6->6(17)
[838.955s][info][gc,heap        ] GC(1407) Old regions: 102->103
[838.955s][info][gc,heap        ] GC(1407) Humongous regions: 4->4
[838.955s][info][gc,metaspace   ] GC(1407) Metaspace: 84782K(85952K)->84782K(85952K) NonClass: 73853K(74496K)->73853K(74496K) Class: 10928K(11456K)->10928K(11456K)
[838.955s][info][gc             ] GC(1407) Pause Young (Concurrent Start) (G1 Evacuation Pause) 234M->112M(255M) 5.131ms
[838.955s][info][gc,cpu         ] GC(1407) User=0.12s Sys=0.00s Real=0.01s
[838.955s][info][gc             ] GC(1408) Concurrent Mark Cycle
[838.955s][info][gc,marking     ] GC(1408) Concurrent Scan Root Regions
[838.959s][info][gc,marking     ] GC(1408) Concurrent Scan Root Regions 4.422ms
[838.959s][info][gc,marking     ] GC(1408) Concurrent Mark
[838.959s][info][gc,marking     ] GC(1408) Concurrent Mark From Roots
[838.959s][info][gc,task        ] GC(1408) Using 2 workers of 2 for marking
[839.149s][info][gc,marking     ] GC(1408) Concurrent Mark From Roots 189.743ms
[839.149s][info][gc,marking     ] GC(1408) Concurrent Preclean
[839.149s][info][gc,marking     ] GC(1408) Concurrent Preclean 0.191ms
[839.150s][info][gc,start       ] GC(1408) Pause Remark
[839.156s][info][gc             ] GC(1408) Pause Remark 157M->157M(265M) 5.918ms
[839.156s][info][gc,cpu         ] GC(1408) User=0.12s Sys=0.00s Real=0.01s
[839.156s][info][gc,marking     ] GC(1408) Concurrent Mark 196.268ms
[839.156s][info][gc,marking     ] GC(1408) Concurrent Rebuild Remembered Sets and Scrub Regions
[839.225s][info][gc,marking     ] GC(1408) Concurrent Rebuild Remembered Sets and Scrub Regions 69.024ms
[839.225s][info][gc,start       ] GC(1408) Pause Cleanup
[839.225s][info][gc             ] GC(1408) Pause Cleanup 164M->164M(265M) 0.186ms
[839.225s][info][gc,cpu         ] GC(1408) User=0.00s Sys=0.00s Real=0.00s
[839.225s][info][gc,marking     ] GC(1408) Concurrent Clear Claimed Marks
[839.225s][info][gc,marking     ] GC(1408) Concurrent Clear Claimed Marks 0.117ms
[839.225s][info][gc,marking     ] GC(1408) Concurrent Cleanup for Next Mark
[839.226s][info][gc,marking     ] GC(1408) Concurrent Cleanup for Next Mark 0.785ms
[839.226s][info][gc             ] GC(1408) Concurrent Mark Cycle 271.489ms
[839.474s][info][gc,start       ] GC(1409) Pause Young (Prepare Mixed) (G1 Evacuation Pause)
[839.475s][info][gc,task        ] GC(1409) Using 8 workers of 8 for evacuation
[839.483s][info][gc,phases      ] GC(1409)   Pre Evacuate Collection Set: 0.2ms
[839.483s][info][gc,phases      ] GC(1409)   Merge Heap Roots: 0.1ms
[839.483s][info][gc,phases      ] GC(1409)   Evacuate Collection Set: 7.0ms
[839.483s][info][gc,phases      ] GC(1409)   Post Evacuate Collection Set: 0.6ms
[839.483s][info][gc,phases      ] GC(1409)   Other: 0.2ms
[839.483s][info][gc,heap        ] GC(1409) Eden regions: 122->0(132)
[839.483s][info][gc,heap        ] GC(1409) Survivor regions: 6->6(16)
[839.483s][info][gc,heap        ] GC(1409) Old regions: 103->103
[839.483s][info][gc,heap        ] GC(1409) Humongous regions: 4->4
[839.483s][info][gc,metaspace   ] GC(1409) Metaspace: 84782K(85952K)->84782K(85952K) NonClass: 73853K(74496K)->73853K(74496K) Class: 10928K(11456K)->10928K(11456K)
[839.483s][info][gc             ] GC(1409) Pause Young (Prepare Mixed) (G1 Evacuation Pause) 234M->112M(265M) 8.930ms
[839.483s][info][gc,cpu         ] GC(1409) User=0.06s Sys=0.00s Real=0.01s
[839.941s][info][gc,start       ] GC(1410) Pause Young (Mixed) (G1 Evacuation Pause)
[839.941s][info][gc,task        ] GC(1410) Using 8 workers of 8 for evacuation
[839.947s][info][gc,phases      ] GC(1410)   Pre Evacuate Collection Set: 0.2ms
[839.947s][info][gc,phases      ] GC(1410)   Merge Heap Roots: 0.1ms
[839.947s][info][gc,phases      ] GC(1410)   Evacuate Collection Set: 4.7ms
[839.947s][info][gc,phases      ] GC(1410)   Post Evacuate Collection Set: 0.6ms
[839.947s][info][gc,phases      ] GC(1410)   Other: 0.1ms
[839.947s][info][gc,heap        ] GC(1410) Eden regions: 132->0(132)
[839.947s][info][gc,heap        ] GC(1410) Survivor regions: 6->6(18)
[839.947s][info][gc,heap        ] GC(1410) Old regions: 103->103
[839.947s][info][gc,heap        ] GC(1410) Humongous regions: 4->4
[839.947s][info][gc,metaspace   ] GC(1410) Metaspace: 84782K(85952K)->84782K(85952K) NonClass: 73853K(74496K)->73853K(74496K) Class: 10928K(11456K)->10928K(11456K)
[839.947s][info][gc             ] GC(1410) Pause Young (Mixed) (G1 Evacuation Pause) 244M->112M(265M) 6.268ms
[839.947s][info][gc,cpu         ] GC(1410) User=0.00s Sys=0.00s Real=0.01s
[840.368s][info][gc,start       ] GC(1411) Pause Young (Concurrent Start) (G1 Evacuation Pause)
[840.368s][info][gc,task        ] GC(1411) Using 8 workers of 8 for evacuation
[840.374s][info][gc,phases      ] GC(1411)   Pre Evacuate Collection Set: 0.2ms
[840.374s][info][gc,phases      ] GC(1411)   Merge Heap Roots: 0.1ms
[840.374s][info][gc,phases      ] GC(1411)   Evacuate Collection Set: 5.1ms
[840.374s][info][gc,phases      ] GC(1411)   Post Evacuate Collection Set: 0.5ms
[840.374s][info][gc,phases      ] GC(1411)   Other: 0.2ms
[840.375s][info][gc,heap        ] GC(1411) Eden regions: 132->0(131)
[840.375s][info][gc,heap        ] GC(1411) Survivor regions: 6->6(18)
[840.375s][info][gc,heap        ] GC(1411) Old regions: 103->104
[840.375s][info][gc,heap        ] GC(1411) Humongous regions: 4->4
[840.375s][info][gc,metaspace   ] GC(1411) Metaspace: 84782K(85952K)->84782K(85952K) NonClass: 73853K(74496K)->73853K(74496K) Class: 10928K(11456K)->10928K(11456K)
[840.375s][info][gc             ] GC(1411) Pause Young (Concurrent Start) (G1 Evacuation Pause) 244M->113M(265M) 6.654ms
[840.375s][info][gc,cpu         ] GC(1411) User=0.09s Sys=0.00s Real=0.01s
[840.375s][info][gc             ] GC(1412) Concurrent Mark Cycle
[840.375s][info][gc,marking     ] GC(1412) Concurrent Scan Root Regions
[840.379s][info][gc,marking     ] GC(1412) Concurrent Scan Root Regions 4.445ms
[840.379s][info][gc,marking     ] GC(1412) Concurrent Mark
[840.380s][info][gc,marking     ] GC(1412) Concurrent Mark From Roots
[840.380s][info][gc,task        ] GC(1412) Using 2 workers of 2 for marking
[840.543s][info][gc,marking     ] GC(1412) Concurrent Mark From Roots 163.615ms
[840.543s][info][gc,marking     ] GC(1412) Concurrent Preclean
[840.543s][info][gc,marking     ] GC(1412) Concurrent Preclean 0.190ms
[840.544s][info][gc,start       ] GC(1412) Pause Remark
[840.551s][info][gc             ] GC(1412) Pause Remark 149M->149M(265M) 7.180ms
[840.551s][info][gc,cpu         ] GC(1412) User=0.00s Sys=0.00s Real=0.01s
[840.551s][info][gc,marking     ] GC(1412) Concurrent Mark 171.409ms
[840.551s][info][gc,marking     ] GC(1412) Concurrent Rebuild Remembered Sets and Scrub Regions
[840.607s][info][gc,marking     ] GC(1412) Concurrent Rebuild Remembered Sets and Scrub Regions 56.287ms
[840.607s][info][gc,start       ] GC(1412) Pause Cleanup
[840.608s][info][gc             ] GC(1412) Pause Cleanup 162M->162M(265M) 0.182ms
[840.608s][info][gc,cpu         ] GC(1412) User=0.00s Sys=0.00s Real=0.00s
[840.608s][info][gc,marking     ] GC(1412) Concurrent Clear Claimed Marks
[840.608s][info][gc,marking     ] GC(1412) Concurrent Clear Claimed Marks 0.113ms
[840.608s][info][gc,marking     ] GC(1412) Concurrent Cleanup for Next Mark
[840.608s][info][gc,marking     ] GC(1412) Concurrent Cleanup for Next Mark 0.437ms
[840.608s][info][gc             ] GC(1412) Concurrent Mark Cycle 233.518ms
[840.892s][info][gc,start       ] GC(1413) Pause Young (Normal) (G1 Evacuation Pause)
[840.893s][info][gc,task        ] GC(1413) Using 8 workers of 8 for evacuation
[840.899s][info][gc,phases      ] GC(1413)   Pre Evacuate Collection Set: 0.2ms
[840.900s][info][gc,phases      ] GC(1413)   Merge Heap Roots: 0.1ms
[840.900s][info][gc,phases      ] GC(1413)   Evacuate Collection Set: 5.4ms
[840.900s][info][gc,phases      ] GC(1413)   Post Evacuate Collection Set: 0.9ms
[840.900s][info][gc,phases      ] GC(1413)   Other: 0.1ms
[840.900s][info][gc,heap        ] GC(1413) Eden regions: 131->0(131)
[840.900s][info][gc,heap        ] GC(1413) Survivor regions: 6->6(18)
[840.900s][info][gc,heap        ] GC(1413) Old regions: 104->104
[840.900s][info][gc,heap        ] GC(1413) Humongous regions: 4->4
[840.900s][info][gc,metaspace   ] GC(1413) Metaspace: 84782K(85952K)->84782K(85952K) NonClass: 73853K(74496K)->73853K(74496K) Class: 10928K(11456K)->10928K(11456K)
[840.900s][info][gc             ] GC(1413) Pause Young (Normal) (G1 Evacuation Pause) 244M->113M(265M) 7.697ms
[840.900s][info][gc,cpu         ] GC(1413) User=0.00s Sys=0.00s Real=0.01s
[841.397s][info][gc,start       ] GC(1414) Pause Young (Concurrent Start) (G1 Evacuation Pause)
[841.398s][info][gc,task        ] GC(1414) Using 8 workers of 8 for evacuation
[841.405s][info][gc,phases      ] GC(1414)   Pre Evacuate Collection Set: 0.2ms
[841.405s][info][gc,phases      ] GC(1414)   Merge Heap Roots: 0.1ms
[841.405s][info][gc,phases      ] GC(1414)   Evacuate Collection Set: 6.3ms
[841.405s][info][gc,phases      ] GC(1414)   Post Evacuate Collection Set: 0.5ms
[841.405s][info][gc,phases      ] GC(1414)   Other: 0.2ms
[841.405s][info][gc,heap        ] GC(1414) Eden regions: 131->0(130)
[841.405s][info][gc,heap        ] GC(1414) Survivor regions: 6->6(18)
[841.405s][info][gc,heap        ] GC(1414) Old regions: 104->105
[841.405s][info][gc,heap        ] GC(1414) Humongous regions: 4->4
[841.405s][info][gc,metaspace   ] GC(1414) Metaspace: 84782K(85952K)->84782K(85952K) NonClass: 73853K(74496K)->73853K(74496K) Class: 10928K(11456K)->10928K(11456K)
[841.405s][info][gc             ] GC(1414) Pause Young (Concurrent Start) (G1 Evacuation Pause) 244M->113M(265M) 7.725ms
[841.405s][info][gc,cpu         ] GC(1414) User=0.09s Sys=0.00s Real=0.01s
[841.405s][info][gc             ] GC(1415) Concurrent Mark Cycle
[841.405s][info][gc,marking     ] GC(1415) Concurrent Scan Root Regions
[841.409s][info][gc,marking     ] GC(1415) Concurrent Scan Root Regions 3.804ms
[841.409s][info][gc,marking     ] GC(1415) Concurrent Mark
[841.409s][info][gc,marking     ] GC(1415) Concurrent Mark From Roots
[841.409s][info][gc,task        ] GC(1415) Using 2 workers of 2 for marking
[841.603s][info][gc,marking     ] GC(1415) Concurrent Mark From Roots 193.350ms
[841.603s][info][gc,marking     ] GC(1415) Concurrent Preclean
[841.603s][info][gc,marking     ] GC(1415) Concurrent Preclean 0.190ms
[841.603s][info][gc,start       ] GC(1415) Pause Remark
[841.609s][info][gc             ] GC(1415) Pause Remark 153M->153M(265M) 6.116ms
[841.609s][info][gc,cpu         ] GC(1415) User=0.12s Sys=0.00s Real=0.01s
[841.609s][info][gc,marking     ] GC(1415) Concurrent Mark 200.073ms
[841.609s][info][gc,marking     ] GC(1415) Concurrent Rebuild Remembered Sets and Scrub Regions
[841.667s][info][gc,marking     ] GC(1415) Concurrent Rebuild Remembered Sets and Scrub Regions 57.363ms
[841.667s][info][gc,start       ] GC(1415) Pause Cleanup
[841.667s][info][gc             ] GC(1415) Pause Cleanup 166M->166M(265M) 0.309ms
[841.667s][info][gc,cpu         ] GC(1415) User=0.00s Sys=0.00s Real=0.00s
[841.668s][info][gc,marking     ] GC(1415) Concurrent Clear Claimed Marks
[841.668s][info][gc,marking     ] GC(1415) Concurrent Clear Claimed Marks 0.136ms
[841.668s][info][gc,marking     ] GC(1415) Concurrent Cleanup for Next Mark
[841.668s][info][gc,marking     ] GC(1415) Concurrent Cleanup for Next Mark 0.543ms
[841.668s][info][gc             ] GC(1415) Concurrent Mark Cycle 263.084ms
[841.974s][info][gc,start       ] GC(1416) Pause Young (Normal) (G1 Evacuation Pause)
[841.974s][info][gc,task        ] GC(1416) Using 8 workers of 8 for evacuation
[841.980s][info][gc,phases      ] GC(1416)   Pre Evacuate Collection Set: 0.2ms
[841.980s][info][gc,phases      ] GC(1416)   Merge Heap Roots: 0.1ms
[841.980s][info][gc,phases      ] GC(1416)   Evacuate Collection Set: 5.1ms
[841.980s][info][gc,phases      ] GC(1416)   Post Evacuate Collection Set: 0.7ms
[841.980s][info][gc,phases      ] GC(1416)   Other: 0.2ms
[841.980s][info][gc,heap        ] GC(1416) Eden regions: 130->0(130)
[841.980s][info][gc,heap        ] GC(1416) Survivor regions: 6->6(17)
[841.980s][info][gc,heap        ] GC(1416) Old regions: 105->105
[841.980s][info][gc,heap        ] GC(1416) Humongous regions: 4->4
[841.980s][info][gc,metaspace   ] GC(1416) Metaspace: 84782K(85952K)->84782K(85952K) NonClass: 73853K(74496K)->73853K(74496K) Class: 10928K(11456K)->10928K(11456K)
[841.981s][info][gc             ] GC(1416) Pause Young (Normal) (G1 Evacuation Pause) 243M->114M(265M) 6.889ms
[841.981s][info][gc,cpu         ] GC(1416) User=0.00s Sys=0.00s Real=0.01s
[842.543s][info][gc,start       ] GC(1417) Pause Young (Concurrent Start) (G1 Evacuation Pause)
[842.543s][info][gc,task        ] GC(1417) Using 8 workers of 8 for evacuation
[842.549s][info][gc,phases      ] GC(1417)   Pre Evacuate Collection Set: 0.2ms
[842.549s][info][gc,phases      ] GC(1417)   Merge Heap Roots: 0.1ms
[842.549s][info][gc,phases      ] GC(1417)   Evacuate Collection Set: 5.0ms
[842.549s][info][gc,phases      ] GC(1417)   Post Evacuate Collection Set: 0.7ms
[842.549s][info][gc,phases      ] GC(1417)   Other: 0.2ms
[842.550s][info][gc,heap        ] GC(1417) Eden regions: 130->0(130)
[842.550s][info][gc,heap        ] GC(1417) Survivor regions: 6->6(17)
[842.550s][info][gc,heap        ] GC(1417) Old regions: 105->105
[842.550s][info][gc,heap        ] GC(1417) Humongous regions: 4->4
[842.550s][info][gc,metaspace   ] GC(1417) Metaspace: 84782K(85952K)->84782K(85952K) NonClass: 73853K(74496K)->73853K(74496K) Class: 10928K(11456K)->10928K(11456K)
[842.550s][info][gc             ] GC(1417) Pause Young (Concurrent Start) (G1 Evacuation Pause) 244M->114M(265M) 7.145ms
[842.550s][info][gc             ] GC(1418) Concurrent Mark Cycle
[842.550s][info][gc,cpu         ] GC(1417) User=0.11s Sys=0.00s Real=0.01s
[842.550s][info][gc,marking     ] GC(1418) Concurrent Scan Root Regions
[842.556s][info][gc,marking     ] GC(1418) Concurrent Scan Root Regions 6.178ms
[842.556s][info][gc,marking     ] GC(1418) Concurrent Mark
[842.556s][info][gc,marking     ] GC(1418) Concurrent Mark From Roots
[842.557s][info][gc,task        ] GC(1418) Using 2 workers of 2 for marking
[842.807s][info][gc,marking     ] GC(1418) Concurrent Mark From Roots 250.416ms
[842.807s][info][gc,marking     ] GC(1418) Concurrent Preclean
[842.807s][info][gc,marking     ] GC(1418) Concurrent Preclean 0.376ms
[842.808s][info][gc,start       ] GC(1418) Pause Remark
[842.816s][info][gc             ] GC(1418) Pause Remark 150M->150M(265M) 8.140ms
[842.816s][info][gc,cpu         ] GC(1418) User=0.06s Sys=0.02s Real=0.01s
[842.816s][info][gc,marking     ] GC(1418) Concurrent Mark 259.494ms
[842.816s][info][gc,marking     ] GC(1418) Concurrent Rebuild Remembered Sets and Scrub Regions
[842.849s][info][gc,marking     ] GC(1418) Concurrent Rebuild Remembered Sets and Scrub Regions 32.574ms
[842.849s][info][gc,start       ] GC(1418) Pause Cleanup
[842.849s][info][gc             ] GC(1418) Pause Cleanup 155M->155M(265M) 0.124ms
[842.849s][info][gc,cpu         ] GC(1418) User=0.00s Sys=0.00s Real=0.00s
[842.849s][info][gc,marking     ] GC(1418) Concurrent Clear Claimed Marks
[842.849s][info][gc,marking     ] GC(1418) Concurrent Clear Claimed Marks 0.123ms
[842.849s][info][gc,marking     ] GC(1418) Concurrent Cleanup for Next Mark
[842.850s][info][gc,marking     ] GC(1418) Concurrent Cleanup for Next Mark 0.529ms
[842.850s][info][gc             ] GC(1418) Concurrent Mark Cycle 299.923ms
[843.290s][info][gc,start       ] GC(1419) Pause Young (Normal) (G1 Evacuation Pause)
[843.290s][info][gc,task        ] GC(1419) Using 8 workers of 8 for evacuation
[843.296s][info][gc,phases      ] GC(1419)   Pre Evacuate Collection Set: 0.2ms
[843.296s][info][gc,phases      ] GC(1419)   Merge Heap Roots: 0.1ms
[843.296s][info][gc,phases      ] GC(1419)   Evacuate Collection Set: 4.5ms
[843.296s][info][gc,phases      ] GC(1419)   Post Evacuate Collection Set: 0.8ms
[843.296s][info][gc,phases      ] GC(1419)   Other: 0.1ms
[843.296s][info][gc,heap        ] GC(1419) Eden regions: 130->0(129)
[843.296s][info][gc,heap        ] GC(1419) Survivor regions: 6->6(17)
[843.297s][info][gc,heap        ] GC(1419) Old regions: 105->106
[843.297s][info][gc,heap        ] GC(1419) Humongous regions: 4->4
[843.297s][info][gc,metaspace   ] GC(1419) Metaspace: 84782K(85952K)->84782K(85952K) NonClass: 73853K(74496K)->73853K(74496K) Class: 10928K(11456K)->10928K(11456K)
[843.297s][info][gc             ] GC(1419) Pause Young (Normal) (G1 Evacuation Pause) 244M->115M(265M) 6.350ms
[843.297s][info][gc,cpu         ] GC(1419) User=0.12s Sys=0.00s Real=0.01s
[843.879s][info][gc,start       ] GC(1420) Pause Young (Concurrent Start) (G1 Evacuation Pause)
[843.880s][info][gc,task        ] GC(1420) Using 8 workers of 8 for evacuation
[843.886s][info][gc,phases      ] GC(1420)   Pre Evacuate Collection Set: 0.3ms
[843.887s][info][gc,phases      ] GC(1420)   Merge Heap Roots: 0.2ms
[843.887s][info][gc,phases      ] GC(1420)   Evacuate Collection Set: 5.1ms
[843.887s][info][gc,phases      ] GC(1420)   Post Evacuate Collection Set: 1.0ms
[843.887s][info][gc,phases      ] GC(1420)   Other: 0.2ms
[843.887s][info][gc,heap        ] GC(1420) Eden regions: 129->0(129)
[843.887s][info][gc,heap        ] GC(1420) Survivor regions: 6->6(17)
[843.887s][info][gc,heap        ] GC(1420) Old regions: 106->106
[843.887s][info][gc,heap        ] GC(1420) Humongous regions: 4->4
[843.887s][info][gc,metaspace   ] GC(1420) Metaspace: 84782K(85952K)->84782K(85952K) NonClass: 73853K(74496K)->73853K(74496K) Class: 10928K(11456K)->10928K(11456K)
[843.887s][info][gc             ] GC(1420) Pause Young (Concurrent Start) (G1 Evacuation Pause) 244M->115M(265M) 7.474ms
[843.887s][info][gc,cpu         ] GC(1420) User=0.00s Sys=0.00s Real=0.01s
[843.887s][info][gc             ] GC(1421) Concurrent Mark Cycle
[843.887s][info][gc,marking     ] GC(1421) Concurrent Scan Root Regions
[843.892s][info][gc,marking     ] GC(1421) Concurrent Scan Root Regions 4.651ms
[843.892s][info][gc,marking     ] GC(1421) Concurrent Mark
[843.892s][info][gc,marking     ] GC(1421) Concurrent Mark From Roots
[843.892s][info][gc,task        ] GC(1421) Using 2 workers of 2 for marking
[844.110s][info][gc,marking     ] GC(1421) Concurrent Mark From Roots 218.097ms
[844.110s][info][gc,marking     ] GC(1421) Concurrent Preclean
[844.110s][info][gc,marking     ] GC(1421) Concurrent Preclean 0.190ms
[844.110s][info][gc,start       ] GC(1421) Pause Remark
[844.118s][info][gc             ] GC(1421) Pause Remark 156M->156M(265M) 7.421ms
[844.118s][info][gc,cpu         ] GC(1421) User=0.00s Sys=0.00s Real=0.01s
[844.118s][info][gc,marking     ] GC(1421) Concurrent Mark 226.225ms
[844.118s][info][gc,marking     ] GC(1421) Concurrent Rebuild Remembered Sets and Scrub Regions
[844.202s][info][gc,marking     ] GC(1421) Concurrent Rebuild Remembered Sets and Scrub Regions 83.503ms
[844.202s][info][gc,start       ] GC(1421) Pause Cleanup
[844.202s][info][gc             ] GC(1421) Pause Cleanup 169M->169M(265M) 0.336ms
[844.203s][info][gc,cpu         ] GC(1421) User=0.00s Sys=0.00s Real=0.00s
[844.203s][info][gc,marking     ] GC(1421) Concurrent Clear Claimed Marks
[844.203s][info][gc,marking     ] GC(1421) Concurrent Clear Claimed Marks 0.133ms
[844.203s][info][gc,marking     ] GC(1421) Concurrent Cleanup for Next Mark
[844.203s][info][gc,marking     ] GC(1421) Concurrent Cleanup for Next Mark 0.580ms
[844.204s][info][gc             ] GC(1421) Concurrent Mark Cycle 316.459ms
[844.479s][info][gc,start       ] GC(1422) Pause Young (Normal) (G1 Evacuation Pause)
[844.479s][info][gc,task        ] GC(1422) Using 8 workers of 8 for evacuation
[844.485s][info][gc,phases      ] GC(1422)   Pre Evacuate Collection Set: 0.3ms
[844.485s][info][gc,phases      ] GC(1422)   Merge Heap Roots: 0.1ms
[844.485s][info][gc,phases      ] GC(1422)   Evacuate Collection Set: 4.6ms
[844.485s][info][gc,phases      ] GC(1422)   Post Evacuate Collection Set: 0.6ms
[844.486s][info][gc,phases      ] GC(1422)   Other: 0.2ms
[844.486s][info][gc,heap        ] GC(1422) Eden regions: 129->0(128)
[844.486s][info][gc,heap        ] GC(1422) Survivor regions: 6->6(17)
[844.486s][info][gc,heap        ] GC(1422) Old regions: 106->107
[844.486s][info][gc,heap        ] GC(1422) Humongous regions: 4->4
[844.486s][info][gc,metaspace   ] GC(1422) Metaspace: 84784K(85952K)->84784K(85952K) NonClass: 73855K(74496K)->73855K(74496K) Class: 10928K(11456K)->10928K(11456K)
[844.486s][info][gc             ] GC(1422) Pause Young (Normal) (G1 Evacuation Pause) 244M->115M(265M) 6.864ms
[844.486s][info][gc,cpu         ] GC(1422) User=0.11s Sys=0.00s Real=0.01s
[844.954s][info][gc,start       ] GC(1423) Pause Young (Concurrent Start) (G1 Evacuation Pause)
[844.954s][info][gc,task        ] GC(1423) Using 8 workers of 8 for evacuation
[844.959s][info][gc,phases      ] GC(1423)   Pre Evacuate Collection Set: 0.2ms
[844.959s][info][gc,phases      ] GC(1423)   Merge Heap Roots: 0.1ms
[844.959s][info][gc,phases      ] GC(1423)   Evacuate Collection Set: 4.2ms
[844.959s][info][gc,phases      ] GC(1423)   Post Evacuate Collection Set: 0.6ms
[844.959s][info][gc,phases      ] GC(1423)   Other: 0.2ms
[844.959s][info][gc,heap        ] GC(1423) Eden regions: 128->0(128)
[844.960s][info][gc,heap        ] GC(1423) Survivor regions: 6->6(17)
[844.960s][info][gc,heap        ] GC(1423) Old regions: 107->107
[844.960s][info][gc,heap        ] GC(1423) Humongous regions: 4->4
[844.960s][info][gc,metaspace   ] GC(1423) Metaspace: 84784K(85952K)->84784K(85952K) NonClass: 73855K(74496K)->73855K(74496K) Class: 10928K(11456K)->10928K(11456K)
[844.960s][info][gc             ] GC(1423) Pause Young (Concurrent Start) (G1 Evacuation Pause) 243M->116M(265M) 5.747ms
[844.960s][info][gc             ] GC(1424) Concurrent Mark Cycle
[844.960s][info][gc,cpu         ] GC(1423) User=0.00s Sys=0.00s Real=0.01s
[844.960s][info][gc,marking     ] GC(1424) Concurrent Scan Root Regions
[844.964s][info][gc,marking     ] GC(1424) Concurrent Scan Root Regions 3.860ms
[844.964s][info][gc,marking     ] GC(1424) Concurrent Mark
[844.964s][info][gc,marking     ] GC(1424) Concurrent Mark From Roots
[844.964s][info][gc,task        ] GC(1424) Using 2 workers of 2 for marking
[845.156s][info][gc,marking     ] GC(1424) Concurrent Mark From Roots 192.522ms
[845.156s][info][gc,marking     ] GC(1424) Concurrent Preclean
[845.157s][info][gc,marking     ] GC(1424) Concurrent Preclean 0.186ms
[845.157s][info][gc,start       ] GC(1424) Pause Remark
[845.163s][info][gc             ] GC(1424) Pause Remark 158M->158M(265M) 6.099ms
[845.163s][info][gc,cpu         ] GC(1424) User=0.00s Sys=0.00s Real=0.01s
[845.163s][info][gc,marking     ] GC(1424) Concurrent Mark 199.307ms
[845.163s][info][gc,marking     ] GC(1424) Concurrent Rebuild Remembered Sets and Scrub Regions
[845.227s][info][gc,marking     ] GC(1424) Concurrent Rebuild Remembered Sets and Scrub Regions 63.451ms
[845.227s][info][gc,start       ] GC(1424) Pause Cleanup
[845.227s][info][gc             ] GC(1424) Pause Cleanup 172M->172M(265M) 0.196ms
[845.227s][info][gc,cpu         ] GC(1424) User=0.00s Sys=0.00s Real=0.00s
[845.227s][info][gc,marking     ] GC(1424) Concurrent Clear Claimed Marks
[845.227s][info][gc,marking     ] GC(1424) Concurrent Clear Claimed Marks 0.124ms
[845.227s][info][gc,marking     ] GC(1424) Concurrent Cleanup for Next Mark
[845.228s][info][gc,marking     ] GC(1424) Concurrent Cleanup for Next Mark 0.496ms
[845.228s][info][gc             ] GC(1424) Concurrent Mark Cycle 268.112ms
[845.469s][info][gc,start       ] GC(1425) Pause Young (Normal) (G1 Evacuation Pause)
[845.469s][info][gc,task        ] GC(1425) Using 8 workers of 8 for evacuation
[845.475s][info][gc,phases      ] GC(1425)   Pre Evacuate Collection Set: 0.2ms
[845.475s][info][gc,phases      ] GC(1425)   Merge Heap Roots: 0.2ms
[845.475s][info][gc,phases      ] GC(1425)   Evacuate Collection Set: 4.8ms
[845.475s][info][gc,phases      ] GC(1425)   Post Evacuate Collection Set: 0.6ms
[845.475s][info][gc,phases      ] GC(1425)   Other: 0.1ms
[845.475s][info][gc,heap        ] GC(1425) Eden regions: 128->0(128)
[845.475s][info][gc,heap        ] GC(1425) Survivor regions: 6->6(17)
[845.476s][info][gc,heap        ] GC(1425) Old regions: 107->107
[845.476s][info][gc,heap        ] GC(1425) Humongous regions: 4->4
[845.476s][info][gc,metaspace   ] GC(1425) Metaspace: 84784K(85952K)->84784K(85952K) NonClass: 73855K(74496K)->73855K(74496K) Class: 10928K(11456K)->10928K(11456K)
[845.476s][info][gc             ] GC(1425) Pause Young (Normal) (G1 Evacuation Pause) 244M->116M(265M) 6.666ms
[845.476s][info][gc,cpu         ] GC(1425) User=0.00s Sys=0.00s Real=0.01s
[845.928s][info][gc,start       ] GC(1426) Pause Young (Concurrent Start) (G1 Evacuation Pause)
[845.928s][info][gc,task        ] GC(1426) Using 8 workers of 8 for evacuation
[845.933s][info][gc,phases      ] GC(1426)   Pre Evacuate Collection Set: 0.2ms
[845.933s][info][gc,phases      ] GC(1426)   Merge Heap Roots: 0.1ms
[845.933s][info][gc,phases      ] GC(1426)   Evacuate Collection Set: 4.4ms
[845.933s][info][gc,phases      ] GC(1426)   Post Evacuate Collection Set: 0.6ms
[845.933s][info][gc,phases      ] GC(1426)   Other: 0.2ms
[845.933s][info][gc,heap        ] GC(1426) Eden regions: 128->0(127)
[845.933s][info][gc,heap        ] GC(1426) Survivor regions: 6->6(17)
[845.934s][info][gc,heap        ] GC(1426) Old regions: 107->108
[845.934s][info][gc,heap        ] GC(1426) Humongous regions: 4->4
[845.934s][info][gc,metaspace   ] GC(1426) Metaspace: 84784K(85952K)->84784K(85952K) NonClass: 73855K(74496K)->73855K(74496K) Class: 10928K(11456K)->10928K(11456K)
[845.934s][info][gc             ] GC(1426) Pause Young (Concurrent Start) (G1 Evacuation Pause) 244M->117M(265M) 6.112ms
[845.934s][info][gc,cpu         ] GC(1426) User=0.00s Sys=0.00s Real=0.01s
[845.934s][info][gc             ] GC(1427) Concurrent Mark Cycle
[845.934s][info][gc,marking     ] GC(1427) Concurrent Scan Root Regions
[845.938s][info][gc,marking     ] GC(1427) Concurrent Scan Root Regions 4.156ms
[845.938s][info][gc,marking     ] GC(1427) Concurrent Mark
[845.938s][info][gc,marking     ] GC(1427) Concurrent Mark From Roots
[845.938s][info][gc,task        ] GC(1427) Using 2 workers of 2 for marking
[846.126s][info][gc,marking     ] GC(1427) Concurrent Mark From Roots 187.539ms
[846.126s][info][gc,marking     ] GC(1427) Concurrent Preclean
[846.126s][info][gc,marking     ] GC(1427) Concurrent Preclean 0.191ms
[846.126s][info][gc,start       ] GC(1427) Pause Remark
[846.133s][info][gc             ] GC(1427) Pause Remark 164M->164M(277M) 6.818ms
[846.133s][info][gc,cpu         ] GC(1427) User=0.00s Sys=0.00s Real=0.01s
[846.133s][info][gc,marking     ] GC(1427) Concurrent Mark 194.923ms
[846.133s][info][gc,marking     ] GC(1427) Concurrent Rebuild Remembered Sets and Scrub Regions
[846.201s][info][gc,marking     ] GC(1427) Concurrent Rebuild Remembered Sets and Scrub Regions 67.552ms
[846.201s][info][gc,start       ] GC(1427) Pause Cleanup
[846.201s][info][gc             ] GC(1427) Pause Cleanup 174M->174M(277M) 0.197ms
[846.201s][info][gc,cpu         ] GC(1427) User=0.00s Sys=0.00s Real=0.00s
[846.201s][info][gc,marking     ] GC(1427) Concurrent Clear Claimed Marks
[846.201s][info][gc,marking     ] GC(1427) Concurrent Clear Claimed Marks 0.135ms
[846.201s][info][gc,marking     ] GC(1427) Concurrent Cleanup for Next Mark
[846.202s][info][gc,marking     ] GC(1427) Concurrent Cleanup for Next Mark 0.839ms
[846.202s][info][gc             ] GC(1427) Concurrent Mark Cycle 268.600ms
[846.435s][info][gc,start       ] GC(1428) Pause Young (Normal) (G1 Evacuation Pause)
[846.435s][info][gc,task        ] GC(1428) Using 8 workers of 8 for evacuation
[846.441s][info][gc,phases      ] GC(1428)   Pre Evacuate Collection Set: 0.2ms
[846.441s][info][gc,phases      ] GC(1428)   Merge Heap Roots: 0.1ms
[846.441s][info][gc,phases      ] GC(1428)   Evacuate Collection Set: 5.2ms
[846.442s][info][gc,phases      ] GC(1428)   Post Evacuate Collection Set: 0.7ms
[846.442s][info][gc,phases      ] GC(1428)   Other: 0.1ms
[846.442s][info][gc,heap        ] GC(1428) Eden regions: 126->0(138)
[846.442s][info][gc,heap        ] GC(1428) Survivor regions: 6->6(17)
[846.442s][info][gc,heap        ] GC(1428) Old regions: 108->108
[846.442s][info][gc,heap        ] GC(1428) Humongous regions: 4->4
[846.442s][info][gc,metaspace   ] GC(1428) Metaspace: 84784K(85952K)->84784K(85952K) NonClass: 73855K(74496K)->73855K(74496K) Class: 10928K(11456K)->10928K(11456K)
[846.442s][info][gc             ] GC(1428) Pause Young (Normal) (G1 Evacuation Pause) 243M->117M(277M) 6.907ms
[846.442s][info][gc,cpu         ] GC(1428) User=0.00s Sys=0.00s Real=0.01s
[846.961s][info][gc,start       ] GC(1429) Pause Young (Concurrent Start) (G1 Evacuation Pause)
[846.962s][info][gc,task        ] GC(1429) Using 8 workers of 8 for evacuation
[846.968s][info][gc,phases      ] GC(1429)   Pre Evacuate Collection Set: 0.2ms
[846.968s][info][gc,phases      ] GC(1429)   Merge Heap Roots: 0.1ms
[846.968s][info][gc,phases      ] GC(1429)   Evacuate Collection Set: 5.1ms
[846.968s][info][gc,phases      ] GC(1429)   Post Evacuate Collection Set: 0.5ms
[846.968s][info][gc,phases      ] GC(1429)   Other: 0.2ms
[846.968s][info][gc,heap        ] GC(1429) Eden regions: 138->0(137)
[846.968s][info][gc,heap        ] GC(1429) Survivor regions: 6->6(18)
[846.968s][info][gc,heap        ] GC(1429) Old regions: 108->109
[846.968s][info][gc,heap        ] GC(1429) Humongous regions: 4->4
[846.968s][info][gc,metaspace   ] GC(1429) Metaspace: 84784K(85952K)->84784K(85952K) NonClass: 73855K(74496K)->73855K(74496K) Class: 10928K(11456K)->10928K(11456K)
[846.968s][info][gc             ] GC(1429) Pause Young (Concurrent Start) (G1 Evacuation Pause) 255M->117M(277M) 6.458ms
[846.968s][info][gc,cpu         ] GC(1429) User=0.11s Sys=0.00s Real=0.01s
[846.968s][info][gc             ] GC(1430) Concurrent Mark Cycle
[846.968s][info][gc,marking     ] GC(1430) Concurrent Scan Root Regions
[846.973s][info][gc,marking     ] GC(1430) Concurrent Scan Root Regions 4.693ms
[846.973s][info][gc,marking     ] GC(1430) Concurrent Mark
[846.973s][info][gc,marking     ] GC(1430) Concurrent Mark From Roots
[846.973s][info][gc,task        ] GC(1430) Using 2 workers of 2 for marking
[847.140s][info][gc,marking     ] GC(1430) Concurrent Mark From Roots 167.378ms
[847.140s][info][gc,marking     ] GC(1430) Concurrent Preclean
[847.141s][info][gc,marking     ] GC(1430) Concurrent Preclean 0.276ms
[847.141s][info][gc,start       ] GC(1430) Pause Remark
[847.148s][info][gc             ] GC(1430) Pause Remark 159M->159M(277M) 6.684ms
[847.148s][info][gc,cpu         ] GC(1430) User=0.00s Sys=0.00s Real=0.01s
[847.148s][info][gc,marking     ] GC(1430) Concurrent Mark 174.888ms
[847.148s][info][gc,marking     ] GC(1430) Concurrent Rebuild Remembered Sets and Scrub Regions
[847.224s][info][gc,marking     ] GC(1430) Concurrent Rebuild Remembered Sets and Scrub Regions 76.302ms
[847.224s][info][gc,start       ] GC(1430) Pause Cleanup
[847.225s][info][gc             ] GC(1430) Pause Cleanup 170M->170M(277M) 0.244ms
[847.225s][info][gc,cpu         ] GC(1430) User=0.00s Sys=0.00s Real=0.00s
[847.225s][info][gc,marking     ] GC(1430) Concurrent Clear Claimed Marks
[847.225s][info][gc,marking     ] GC(1430) Concurrent Clear Claimed Marks 0.128ms
[847.225s][info][gc,marking     ] GC(1430) Concurrent Cleanup for Next Mark
[847.225s][info][gc,marking     ] GC(1430) Concurrent Cleanup for Next Mark 0.540ms
[847.226s][info][gc             ] GC(1430) Concurrent Mark Cycle 257.541ms
[847.532s][info][gc,start       ] GC(1431) Pause Young (Normal) (G1 Evacuation Pause)
[847.532s][info][gc,task        ] GC(1431) Using 8 workers of 8 for evacuation
[847.537s][info][gc,phases      ] GC(1431)   Pre Evacuate Collection Set: 0.2ms
[847.537s][info][gc,phases      ] GC(1431)   Merge Heap Roots: 0.1ms
[847.537s][info][gc,phases      ] GC(1431)   Evacuate Collection Set: 4.1ms
[847.537s][info][gc,phases      ] GC(1431)   Post Evacuate Collection Set: 0.5ms
[847.537s][info][gc,phases      ] GC(1431)   Other: 0.1ms
[847.537s][info][gc,heap        ] GC(1431) Eden regions: 137->0(137)
[847.537s][info][gc,heap        ] GC(1431) Survivor regions: 6->6(18)
[847.537s][info][gc,heap        ] GC(1431) Old regions: 109->109
[847.537s][info][gc,heap        ] GC(1431) Humongous regions: 4->4
[847.537s][info][gc,metaspace   ] GC(1431) Metaspace: 84784K(85952K)->84784K(85952K) NonClass: 73855K(74496K)->73855K(74496K) Class: 10928K(11456K)->10928K(11456K)
[847.537s][info][gc             ] GC(1431) Pause Young (Normal) (G1 Evacuation Pause) 254M->118M(277M) 5.503ms
[847.538s][info][gc,cpu         ] GC(1431) User=0.00s Sys=0.00s Real=0.01s
[848.018s][info][gc,start       ] GC(1432) Pause Young (Concurrent Start) (G1 Evacuation Pause)
[848.018s][info][gc,task        ] GC(1432) Using 8 workers of 8 for evacuation
[848.025s][info][gc,phases      ] GC(1432)   Pre Evacuate Collection Set: 0.3ms
[848.025s][info][gc,phases      ] GC(1432)   Merge Heap Roots: 0.1ms
[848.025s][info][gc,phases      ] GC(1432)   Evacuate Collection Set: 5.9ms
[848.025s][info][gc,phases      ] GC(1432)   Post Evacuate Collection Set: 0.7ms
[848.026s][info][gc,phases      ] GC(1432)   Other: 0.2ms
[848.026s][info][gc,heap        ] GC(1432) Eden regions: 137->0(135)
[848.026s][info][gc,heap        ] GC(1432) Survivor regions: 6->7(18)
[848.026s][info][gc,heap        ] GC(1432) Old regions: 109->109
[848.026s][info][gc,heap        ] GC(1432) Humongous regions: 4->4
[848.026s][info][gc,metaspace   ] GC(1432) Metaspace: 84784K(85952K)->84784K(85952K) NonClass: 73855K(74496K)->73855K(74496K) Class: 10928K(11456K)->10928K(11456K)
[848.026s][info][gc             ] GC(1432) Pause Young (Concurrent Start) (G1 Evacuation Pause) 255M->119M(277M) 7.586ms
[848.026s][info][gc,cpu         ] GC(1432) User=0.00s Sys=0.00s Real=0.01s
[848.026s][info][gc             ] GC(1433) Concurrent Mark Cycle
[848.026s][info][gc,marking     ] GC(1433) Concurrent Scan Root Regions
[848.029s][info][gc,marking     ] GC(1433) Concurrent Scan Root Regions 3.559ms
[848.030s][info][gc,marking     ] GC(1433) Concurrent Mark
[848.030s][info][gc,marking     ] GC(1433) Concurrent Mark From Roots
[848.030s][info][gc,task        ] GC(1433) Using 2 workers of 2 for marking
[848.217s][info][gc,marking     ] GC(1433) Concurrent Mark From Roots 187.488ms
[848.217s][info][gc,marking     ] GC(1433) Concurrent Preclean
[848.217s][info][gc,marking     ] GC(1433) Concurrent Preclean 0.191ms
[848.217s][info][gc,start       ] GC(1433) Pause Remark
[848.224s][info][gc             ] GC(1433) Pause Remark 160M->160M(277M) 6.723ms
[848.224s][info][gc,cpu         ] GC(1433) User=0.00s Sys=0.00s Real=0.01s
[848.224s][info][gc,marking     ] GC(1433) Concurrent Mark 194.833ms
[848.224s][info][gc,marking     ] GC(1433) Concurrent Rebuild Remembered Sets and Scrub Regions
[848.287s][info][gc,marking     ] GC(1433) Concurrent Rebuild Remembered Sets and Scrub Regions 62.086ms
[848.287s][info][gc,start       ] GC(1433) Pause Cleanup
[848.287s][info][gc             ] GC(1433) Pause Cleanup 174M->174M(277M) 0.225ms
[848.287s][info][gc,cpu         ] GC(1433) User=0.00s Sys=0.00s Real=0.00s
[848.287s][info][gc,marking     ] GC(1433) Concurrent Clear Claimed Marks
[848.287s][info][gc,marking     ] GC(1433) Concurrent Clear Claimed Marks 0.115ms
[848.287s][info][gc,marking     ] GC(1433) Concurrent Cleanup for Next Mark
[848.288s][info][gc,marking     ] GC(1433) Concurrent Cleanup for Next Mark 0.523ms
[848.288s][info][gc             ] GC(1433) Concurrent Mark Cycle 262.058ms
[848.559s][info][gc,start       ] GC(1434) Pause Young (Prepare Mixed) (G1 Evacuation Pause)
[848.559s][info][gc,task        ] GC(1434) Using 8 workers of 8 for evacuation
[848.565s][info][gc,phases      ] GC(1434)   Pre Evacuate Collection Set: 0.1ms
[848.565s][info][gc,phases      ] GC(1434)   Merge Heap Roots: 0.1ms
[848.565s][info][gc,phases      ] GC(1434)   Evacuate Collection Set: 5.2ms
[848.565s][info][gc,phases      ] GC(1434)   Post Evacuate Collection Set: 0.6ms
[848.565s][info][gc,phases      ] GC(1434)   Other: 0.1ms
[848.566s][info][gc,heap        ] GC(1434) Eden regions: 135->0(134)
[848.566s][info][gc,heap        ] GC(1434) Survivor regions: 7->7(18)
[848.566s][info][gc,heap        ] GC(1434) Old regions: 109->110
[848.566s][info][gc,heap        ] GC(1434) Humongous regions: 4->4
[848.566s][info][gc,metaspace   ] GC(1434) Metaspace: 84784K(85952K)->84784K(85952K) NonClass: 73855K(74496K)->73855K(74496K) Class: 10928K(11456K)->10928K(11456K)
[848.566s][info][gc             ] GC(1434) Pause Young (Prepare Mixed) (G1 Evacuation Pause) 254M->119M(277M) 6.839ms
[848.566s][info][gc,cpu         ] GC(1434) User=0.09s Sys=0.00s Real=0.01s
[848.991s][info][gc,start       ] GC(1435) Pause Young (Mixed) (G1 Evacuation Pause)
[848.992s][info][gc,task        ] GC(1435) Using 8 workers of 8 for evacuation
[848.998s][info][gc,phases      ] GC(1435)   Pre Evacuate Collection Set: 0.2ms
[848.998s][info][gc,phases      ] GC(1435)   Merge Heap Roots: 0.1ms
[848.999s][info][gc,phases      ] GC(1435)   Evacuate Collection Set: 5.5ms
[848.999s][info][gc,phases      ] GC(1435)   Post Evacuate Collection Set: 0.7ms
[848.999s][info][gc,phases      ] GC(1435)   Other: 0.2ms
[848.999s][info][gc,heap        ] GC(1435) Eden regions: 134->0(134)
[848.999s][info][gc,heap        ] GC(1435) Survivor regions: 7->7(18)
[848.999s][info][gc,heap        ] GC(1435) Old regions: 110->110
[848.999s][info][gc,heap        ] GC(1435) Humongous regions: 4->4
[848.999s][info][gc,metaspace   ] GC(1435) Metaspace: 84784K(85952K)->84784K(85952K) NonClass: 73855K(74496K)->73855K(74496K) Class: 10928K(11456K)->10928K(11456K)
[848.999s][info][gc             ] GC(1435) Pause Young (Mixed) (G1 Evacuation Pause) 253M->119M(277M) 7.580ms
[848.999s][info][gc,cpu         ] GC(1435) User=0.11s Sys=0.00s Real=0.01s
[849.518s][info][gc,start       ] GC(1436) Pause Young (Concurrent Start) (G1 Evacuation Pause)
[849.518s][info][gc,task        ] GC(1436) Using 8 workers of 8 for evacuation
[849.523s][info][gc,phases      ] GC(1436)   Pre Evacuate Collection Set: 0.2ms
[849.524s][info][gc,phases      ] GC(1436)   Merge Heap Roots: 0.1ms
[849.524s][info][gc,phases      ] GC(1436)   Evacuate Collection Set: 4.8ms
[849.524s][info][gc,phases      ] GC(1436)   Post Evacuate Collection Set: 0.6ms
[849.524s][info][gc,phases      ] GC(1436)   Other: 0.2ms
[849.524s][info][gc,heap        ] GC(1436) Eden regions: 134->0(136)
[849.524s][info][gc,heap        ] GC(1436) Survivor regions: 7->6(18)
[849.524s][info][gc,heap        ] GC(1436) Old regions: 110->110
[849.524s][info][gc,heap        ] GC(1436) Humongous regions: 4->4
[849.524s][info][gc,metaspace   ] GC(1436) Metaspace: 84784K(85952K)->84784K(85952K) NonClass: 73855K(74496K)->73855K(74496K) Class: 10928K(11456K)->10928K(11456K)
[849.524s][info][gc             ] GC(1436) Pause Young (Concurrent Start) (G1 Evacuation Pause) 253M->119M(277M) 6.428ms
[849.524s][info][gc             ] GC(1437) Concurrent Mark Cycle
[849.524s][info][gc,cpu         ] GC(1436) User=0.00s Sys=0.00s Real=0.01s
[849.524s][info][gc,marking     ] GC(1437) Concurrent Scan Root Regions
[849.528s][info][gc,marking     ] GC(1437) Concurrent Scan Root Regions 4.099ms
[849.529s][info][gc,marking     ] GC(1437) Concurrent Mark
[849.529s][info][gc,marking     ] GC(1437) Concurrent Mark From Roots
[849.529s][info][gc,task        ] GC(1437) Using 2 workers of 2 for marking
[849.726s][info][gc,marking     ] GC(1437) Concurrent Mark From Roots 197.446ms
[849.726s][info][gc,marking     ] GC(1437) Concurrent Preclean
[849.726s][info][gc,marking     ] GC(1437) Concurrent Preclean 0.217ms
[849.726s][info][gc,start       ] GC(1437) Pause Remark
[849.733s][info][gc             ] GC(1437) Pause Remark 161M->161M(277M) 6.505ms
[849.733s][info][gc,cpu         ] GC(1437) User=0.06s Sys=0.00s Real=0.01s
[849.733s][info][gc,marking     ] GC(1437) Concurrent Mark 204.587ms
[849.733s][info][gc,marking     ] GC(1437) Concurrent Rebuild Remembered Sets and Scrub Regions
[849.761s][info][gc,marking     ] GC(1437) Concurrent Rebuild Remembered Sets and Scrub Regions 27.462ms
[849.761s][info][gc,start       ] GC(1437) Pause Cleanup
[849.761s][info][gc             ] GC(1437) Pause Cleanup 167M->167M(277M) 0.076ms
[849.761s][info][gc,cpu         ] GC(1437) User=0.00s Sys=0.00s Real=0.00s
[849.761s][info][gc,marking     ] GC(1437) Concurrent Clear Claimed Marks
[849.761s][info][gc,marking     ] GC(1437) Concurrent Clear Claimed Marks 0.124ms
[849.761s][info][gc,marking     ] GC(1437) Concurrent Cleanup for Next Mark
[849.762s][info][gc,marking     ] GC(1437) Concurrent Cleanup for Next Mark 0.517ms
[849.762s][info][gc             ] GC(1437) Concurrent Mark Cycle 237.700ms
[850.107s][info][gc,start       ] GC(1438) Pause Young (Normal) (G1 Evacuation Pause)
[850.107s][info][gc,task        ] GC(1438) Using 8 workers of 8 for evacuation
[850.115s][info][gc,phases      ] GC(1438)   Pre Evacuate Collection Set: 0.3ms
[850.115s][info][gc,phases      ] GC(1438)   Merge Heap Roots: 0.1ms
[850.115s][info][gc,phases      ] GC(1438)   Evacuate Collection Set: 5.8ms
[850.115s][info][gc,phases      ] GC(1438)   Post Evacuate Collection Set: 0.8ms
[850.115s][info][gc,phases      ] GC(1438)   Other: 0.2ms
[850.115s][info][gc,heap        ] GC(1438) Eden regions: 136->0(133)
[850.115s][info][gc,heap        ] GC(1438) Survivor regions: 6->7(18)
[850.115s][info][gc,heap        ] GC(1438) Old regions: 110->111
[850.115s][info][gc,heap        ] GC(1438) Humongous regions: 4->4
[850.115s][info][gc,metaspace   ] GC(1438) Metaspace: 84784K(85952K)->84784K(85952K) NonClass: 73855K(74496K)->73855K(74496K) Class: 10928K(11456K)->10928K(11456K)
[850.115s][info][gc             ] GC(1438) Pause Young (Normal) (G1 Evacuation Pause) 255M->120M(277M) 8.156ms
[850.115s][info][gc,cpu         ] GC(1438) User=0.00s Sys=0.00s Real=0.01s
[850.210s][info][gc,start       ] GC(1439) Pause Young (Concurrent Start) (G1 Humongous Allocation)
[850.211s][info][gc,task        ] GC(1439) Using 8 workers of 8 for evacuation
[850.216s][info][gc,phases      ] GC(1439)   Pre Evacuate Collection Set: 0.2ms
[850.216s][info][gc,phases      ] GC(1439)   Merge Heap Roots: 0.1ms
[850.216s][info][gc,phases      ] GC(1439)   Evacuate Collection Set: 4.3ms
[850.216s][info][gc,phases      ] GC(1439)   Post Evacuate Collection Set: 0.5ms
[850.216s][info][gc,phases      ] GC(1439)   Other: 0.2ms
[850.216s][info][gc,heap        ] GC(1439) Eden regions: 28->0(135)
[850.216s][info][gc,heap        ] GC(1439) Survivor regions: 7->6(18)
[850.216s][info][gc,heap        ] GC(1439) Old regions: 111->111
[850.216s][info][gc,heap        ] GC(1439) Humongous regions: 4->4
[850.216s][info][gc,metaspace   ] GC(1439) Metaspace: 84784K(85952K)->84784K(85952K) NonClass: 73855K(74496K)->73855K(74496K) Class: 10928K(11456K)->10928K(11456K)
[850.216s][info][gc             ] GC(1439) Pause Young (Concurrent Start) (G1 Humongous Allocation) 147M->120M(277M) 5.654ms
[850.216s][info][gc,cpu         ] GC(1439) User=0.05s Sys=0.02s Real=0.01s
[850.216s][info][gc             ] GC(1440) Concurrent Mark Cycle
[850.216s][info][gc,marking     ] GC(1440) Concurrent Scan Root Regions
[850.219s][info][gc,marking     ] GC(1440) Concurrent Scan Root Regions 2.684ms
[850.219s][info][gc,marking     ] GC(1440) Concurrent Mark
[850.219s][info][gc,marking     ] GC(1440) Concurrent Mark From Roots
[850.219s][info][gc,task        ] GC(1440) Using 2 workers of 2 for marking
[850.405s][info][gc,marking     ] GC(1440) Concurrent Mark From Roots 186.159ms
[850.405s][info][gc,marking     ] GC(1440) Concurrent Preclean
[850.406s][info][gc,marking     ] GC(1440) Concurrent Preclean 0.196ms
[850.406s][info][gc,start       ] GC(1440) Pause Remark
[850.412s][info][gc             ] GC(1440) Pause Remark 170M->170M(285M) 6.778ms
[850.413s][info][gc,cpu         ] GC(1440) User=0.00s Sys=0.00s Real=0.01s
[850.413s][info][gc,marking     ] GC(1440) Concurrent Mark 193.550ms
[850.413s][info][gc,marking     ] GC(1440) Concurrent Rebuild Remembered Sets and Scrub Regions
[850.485s][info][gc,marking     ] GC(1440) Concurrent Rebuild Remembered Sets and Scrub Regions 72.164ms
[850.485s][info][gc,start       ] GC(1440) Pause Cleanup
[850.485s][info][gc             ] GC(1440) Pause Cleanup 182M->182M(285M) 0.209ms
[850.485s][info][gc,cpu         ] GC(1440) User=0.00s Sys=0.00s Real=0.00s
[850.485s][info][gc,marking     ] GC(1440) Concurrent Clear Claimed Marks
[850.486s][info][gc,marking     ] GC(1440) Concurrent Clear Claimed Marks 0.120ms
[850.486s][info][gc,marking     ] GC(1440) Concurrent Cleanup for Next Mark
[850.486s][info][gc,marking     ] GC(1440) Concurrent Cleanup for Next Mark 0.540ms
[850.486s][info][gc             ] GC(1440) Concurrent Mark Cycle 270.112ms
[850.756s][info][gc,start       ] GC(1441) Pause Young (Prepare Mixed) (G1 Evacuation Pause)
[850.756s][info][gc,task        ] GC(1441) Using 8 workers of 8 for evacuation
[850.764s][info][gc,phases      ] GC(1441)   Pre Evacuate Collection Set: 0.2ms
[850.764s][info][gc,phases      ] GC(1441)   Merge Heap Roots: 0.1ms
[850.764s][info][gc,phases      ] GC(1441)   Evacuate Collection Set: 6.3ms
[850.764s][info][gc,phases      ] GC(1441)   Post Evacuate Collection Set: 0.6ms
[850.764s][info][gc,phases      ] GC(1441)   Other: 0.2ms
[850.764s][info][gc,heap        ] GC(1441) Eden regions: 135->0(139)
[850.764s][info][gc,heap        ] GC(1441) Survivor regions: 6->6(18)
[850.764s][info][gc,heap        ] GC(1441) Old regions: 111->112
[850.764s][info][gc,heap        ] GC(1441) Humongous regions: 7->7
[850.764s][info][gc,metaspace   ] GC(1441) Metaspace: 84784K(85952K)->84784K(85952K) NonClass: 73855K(74496K)->73855K(74496K) Class: 10928K(11456K)->10928K(11456K)
[850.764s][info][gc             ] GC(1441) Pause Young (Prepare Mixed) (G1 Evacuation Pause) 258M->123M(285M) 7.914ms
[850.764s][info][gc,cpu         ] GC(1441) User=0.12s Sys=0.00s Real=0.01s
[851.334s][info][gc,start       ] GC(1442) Pause Young (Mixed) (G1 Evacuation Pause)
[851.334s][info][gc,task        ] GC(1442) Using 8 workers of 8 for evacuation
[851.340s][info][gc,phases      ] GC(1442)   Pre Evacuate Collection Set: 0.2ms
[851.340s][info][gc,phases      ] GC(1442)   Merge Heap Roots: 0.1ms
[851.340s][info][gc,phases      ] GC(1442)   Evacuate Collection Set: 5.4ms
[851.340s][info][gc,phases      ] GC(1442)   Post Evacuate Collection Set: 0.5ms
[851.340s][info][gc,phases      ] GC(1442)   Other: 0.1ms
[851.340s][info][gc,heap        ] GC(1442) Eden regions: 139->0(139)
[851.340s][info][gc,heap        ] GC(1442) Survivor regions: 6->6(19)
[851.340s][info][gc,heap        ] GC(1442) Old regions: 112->112
[851.340s][info][gc,heap        ] GC(1442) Humongous regions: 7->7
[851.340s][info][gc,metaspace   ] GC(1442) Metaspace: 84784K(85952K)->84784K(85952K) NonClass: 73855K(74496K)->73855K(74496K) Class: 10928K(11456K)->10928K(11456K)
[851.340s][info][gc             ] GC(1442) Pause Young (Mixed) (G1 Evacuation Pause) 262M->124M(285M) 6.786ms
[851.340s][info][gc,cpu         ] GC(1442) User=0.02s Sys=0.00s Real=0.01s
[851.831s][info][gc,start       ] GC(1443) Pause Young (Concurrent Start) (G1 Evacuation Pause)
[851.831s][info][gc,task        ] GC(1443) Using 8 workers of 8 for evacuation
[851.837s][info][gc,phases      ] GC(1443)   Pre Evacuate Collection Set: 0.3ms
[851.837s][info][gc,phases      ] GC(1443)   Merge Heap Roots: 0.1ms
[851.837s][info][gc,phases      ] GC(1443)   Evacuate Collection Set: 4.7ms
[851.837s][info][gc,phases      ] GC(1443)   Post Evacuate Collection Set: 0.5ms
[851.837s][info][gc,phases      ] GC(1443)   Other: 0.2ms
[851.837s][info][gc,heap        ] GC(1443) Eden regions: 139->0(139)
[851.837s][info][gc,heap        ] GC(1443) Survivor regions: 6->6(19)
[851.837s][info][gc,heap        ] GC(1443) Old regions: 112->112
[851.837s][info][gc,heap        ] GC(1443) Humongous regions: 7->7
[851.837s][info][gc,metaspace   ] GC(1443) Metaspace: 84784K(85952K)->84784K(85952K) NonClass: 73855K(74496K)->73855K(74496K) Class: 10928K(11456K)->10928K(11456K)
[851.837s][info][gc             ] GC(1443) Pause Young (Concurrent Start) (G1 Evacuation Pause) 263M->124M(285M) 6.396ms
[851.838s][info][gc             ] GC(1444) Concurrent Mark Cycle
[851.838s][info][gc,cpu         ] GC(1443) User=0.00s Sys=0.00s Real=0.01s
[851.838s][info][gc,marking     ] GC(1444) Concurrent Scan Root Regions
[851.842s][info][gc,marking     ] GC(1444) Concurrent Scan Root Regions 4.840ms
[851.843s][info][gc,marking     ] GC(1444) Concurrent Mark
[851.843s][info][gc,marking     ] GC(1444) Concurrent Mark From Roots
[851.843s][info][gc,task        ] GC(1444) Using 2 workers of 2 for marking
[852.047s][info][gc,marking     ] GC(1444) Concurrent Mark From Roots 203.958ms
[852.047s][info][gc,marking     ] GC(1444) Concurrent Preclean
[852.047s][info][gc,marking     ] GC(1444) Concurrent Preclean 0.280ms
[852.047s][info][gc,start       ] GC(1444) Pause Remark
[852.054s][info][gc             ] GC(1444) Pause Remark 169M->167M(285M) 6.402ms
[852.054s][info][gc,cpu         ] GC(1444) User=0.00s Sys=0.00s Real=0.01s
[852.054s][info][gc,marking     ] GC(1444) Concurrent Mark 211.082ms
[852.054s][info][gc,marking     ] GC(1444) Concurrent Rebuild Remembered Sets and Scrub Regions
[852.134s][info][gc,marking     ] GC(1444) Concurrent Rebuild Remembered Sets and Scrub Regions 80.589ms
[852.135s][info][gc,start       ] GC(1444) Pause Cleanup
[852.135s][info][gc             ] GC(1444) Pause Cleanup 180M->180M(285M) 0.250ms
[852.135s][info][gc,cpu         ] GC(1444) User=0.00s Sys=0.00s Real=0.00s
[852.135s][info][gc,marking     ] GC(1444) Concurrent Clear Claimed Marks
[852.135s][info][gc,marking     ] GC(1444) Concurrent Clear Claimed Marks 0.139ms
[852.135s][info][gc,marking     ] GC(1444) Concurrent Cleanup for Next Mark
[852.136s][info][gc,marking     ] GC(1444) Concurrent Cleanup for Next Mark 0.550ms
[852.136s][info][gc             ] GC(1444) Concurrent Mark Cycle 298.336ms
[852.439s][info][gc,start       ] GC(1445) Pause Young (Normal) (G1 Evacuation Pause)
[852.439s][info][gc,task        ] GC(1445) Using 8 workers of 8 for evacuation
[852.445s][info][gc,phases      ] GC(1445)   Pre Evacuate Collection Set: 0.2ms
[852.445s][info][gc,phases      ] GC(1445)   Merge Heap Roots: 0.1ms
[852.445s][info][gc,phases      ] GC(1445)   Evacuate Collection Set: 5.2ms
[852.446s][info][gc,phases      ] GC(1445)   Post Evacuate Collection Set: 0.7ms
[852.446s][info][gc,phases      ] GC(1445)   Other: 0.1ms
[852.446s][info][gc,heap        ] GC(1445) Eden regions: 139->0(140)
[852.446s][info][gc,heap        ] GC(1445) Survivor regions: 6->6(19)
[852.446s][info][gc,heap        ] GC(1445) Old regions: 112->113
[852.446s][info][gc,heap        ] GC(1445) Humongous regions: 5->5
[852.446s][info][gc,metaspace   ] GC(1445) Metaspace: 84784K(85952K)->84784K(85952K) NonClass: 73855K(74496K)->73855K(74496K) Class: 10928K(11456K)->10928K(11456K)
[852.446s][info][gc             ] GC(1445) Pause Young (Normal) (G1 Evacuation Pause) 261M->123M(285M) 6.789ms
[852.446s][info][gc,cpu         ] GC(1445) User=0.00s Sys=0.00s Real=0.01s
[852.858s][info][gc,start       ] GC(1446) Pause Full (System.gc())
[852.858s][info][gc,task        ] GC(1446) Using 7 workers of 8 for full compaction
[852.859s][info][gc,phases,start] GC(1446) Phase 1: Mark live objects
[852.934s][info][gc,phases      ] GC(1446) Phase 1: Mark live objects 75.574ms
[852.934s][info][gc,phases,start] GC(1446) Phase 2: Prepare compaction
[852.946s][info][gc,phases      ] GC(1446) Phase 2: Prepare compaction 11.354ms
[852.946s][info][gc,phases,start] GC(1446) Phase 3: Adjust pointers
[852.975s][info][gc,phases      ] GC(1446) Phase 3: Adjust pointers 29.220ms
[852.975s][info][gc,phases,start] GC(1446) Phase 4: Compact heap
[852.992s][info][gc,phases      ] GC(1446) Phase 4: Compact heap 16.347ms
[852.992s][info][gc,phases,start] GC(1446) Phase 5: Reset Metadata
[852.996s][info][gc,phases      ] GC(1446) Phase 5: Reset Metadata 4.714ms
[853.016s][info][gc,heap        ] GC(1446) Eden regions: 120->0(152)
[853.017s][info][gc,heap        ] GC(1446) Survivor regions: 6->0(19)
[853.017s][info][gc,heap        ] GC(1446) Old regions: 113->113
[853.017s][info][gc,heap        ] GC(1446) Humongous regions: 5->5
[853.017s][info][gc,metaspace   ] GC(1446) Metaspace: 84784K(85952K)->84784K(85952K) NonClass: 73855K(74496K)->73855K(74496K) Class: 10928K(11456K)->10928K(11456K)
[853.017s][info][gc             ] GC(1446) Pause Full (System.gc()) 242M->115M(285M) 158.424ms
[853.017s][info][gc,cpu         ] GC(1446) User=0.91s Sys=0.02s Real=0.16s
[853.540s][info][gc,start       ] GC(1447) Pause Young (Concurrent Start) (G1 Evacuation Pause)
[853.540s][info][gc,task        ] GC(1447) Using 8 workers of 8 for evacuation
[853.543s][info][gc,phases      ] GC(1447)   Pre Evacuate Collection Set: 0.3ms
[853.543s][info][gc,phases      ] GC(1447)   Merge Heap Roots: 0.1ms
[853.543s][info][gc,phases      ] GC(1447)   Evacuate Collection Set: 1.2ms
[853.543s][info][gc,phases      ] GC(1447)   Post Evacuate Collection Set: 0.6ms
[853.543s][info][gc,phases      ] GC(1447)   Other: 0.2ms
[853.543s][info][gc,heap        ] GC(1447) Eden regions: 152->0(150)
[853.543s][info][gc,heap        ] GC(1447) Survivor regions: 0->1(19)
[853.543s][info][gc,heap        ] GC(1447) Old regions: 113->113
[853.543s][info][gc,heap        ] GC(1447) Humongous regions: 5->5
[853.543s][info][gc,metaspace   ] GC(1447) Metaspace: 84784K(85952K)->84784K(85952K) NonClass: 73855K(74496K)->73855K(74496K) Class: 10928K(11456K)->10928K(11456K)
[853.543s][info][gc             ] GC(1447) Pause Young (Concurrent Start) (G1 Evacuation Pause) 267M->116M(285M) 2.919ms
[853.543s][info][gc,cpu         ] GC(1447) User=0.00s Sys=0.00s Real=0.00s
[853.543s][info][gc             ] GC(1448) Concurrent Mark Cycle
[853.543s][info][gc,marking     ] GC(1448) Concurrent Scan Root Regions
[853.546s][info][gc,marking     ] GC(1448) Concurrent Scan Root Regions 3.152ms
[853.547s][info][gc,marking     ] GC(1448) Concurrent Mark
[853.547s][info][gc,marking     ] GC(1448) Concurrent Mark From Roots
[853.547s][info][gc,task        ] GC(1448) Using 2 workers of 2 for marking
[853.747s][info][gc,marking     ] GC(1448) Concurrent Mark From Roots 200.011ms
[853.747s][info][gc,marking     ] GC(1448) Concurrent Preclean
[853.747s][info][gc,marking     ] GC(1448) Concurrent Preclean 0.199ms
[853.747s][info][gc,start       ] GC(1448) Pause Remark
[853.754s][info][gc             ] GC(1448) Pause Remark 159M->159M(285M) 6.912ms
[853.754s][info][gc,cpu         ] GC(1448) User=0.00s Sys=0.00s Real=0.01s
[853.754s][info][gc,marking     ] GC(1448) Concurrent Mark 207.504ms
[853.754s][info][gc,marking     ] GC(1448) Concurrent Rebuild Remembered Sets and Scrub Regions
[853.822s][info][gc,marking     ] GC(1448) Concurrent Rebuild Remembered Sets and Scrub Regions 67.996ms
[853.822s][info][gc,start       ] GC(1448) Pause Cleanup
[853.822s][info][gc             ] GC(1448) Pause Cleanup 175M->175M(285M) 0.210ms
[853.823s][info][gc,cpu         ] GC(1448) User=0.00s Sys=0.00s Real=0.00s
[853.823s][info][gc,marking     ] GC(1448) Concurrent Clear Claimed Marks
[853.823s][info][gc,marking     ] GC(1448) Concurrent Clear Claimed Marks 0.125ms
[853.823s][info][gc,marking     ] GC(1448) Concurrent Cleanup for Next Mark
[853.823s][info][gc,marking     ] GC(1448) Concurrent Cleanup for Next Mark 0.524ms
[853.823s][info][gc             ] GC(1448) Concurrent Mark Cycle 280.223ms
[854.154s][info][gc,start       ] GC(1449) Pause Young (Prepare Mixed) (G1 Evacuation Pause)
[854.154s][info][gc,task        ] GC(1449) Using 8 workers of 8 for evacuation
[854.157s][info][gc,phases      ] GC(1449)   Pre Evacuate Collection Set: 0.2ms
[854.157s][info][gc,phases      ] GC(1449)   Merge Heap Roots: 0.1ms
[854.157s][info][gc,phases      ] GC(1449)   Evacuate Collection Set: 1.4ms
[854.157s][info][gc,phases      ] GC(1449)   Post Evacuate Collection Set: 0.7ms
[854.157s][info][gc,phases      ] GC(1449)   Other: 0.1ms
[854.157s][info][gc,heap        ] GC(1449) Eden regions: 150->0(148)
[854.157s][info][gc,heap        ] GC(1449) Survivor regions: 1->2(19)
[854.157s][info][gc,heap        ] GC(1449) Old regions: 113->113
[854.157s][info][gc,heap        ] GC(1449) Humongous regions: 5->5
[854.157s][info][gc,metaspace   ] GC(1449) Metaspace: 84784K(85952K)->84784K(85952K) NonClass: 73855K(74496K)->73855K(74496K) Class: 10928K(11456K)->10928K(11456K)
[854.157s][info][gc             ] GC(1449) Pause Young (Prepare Mixed) (G1 Evacuation Pause) 266M->116M(285M) 2.996ms
[854.157s][info][gc,cpu         ] GC(1449) User=0.00s Sys=0.00s Real=0.00s
[854.672s][info][gc,start       ] GC(1450) Pause Young (Mixed) (G1 Evacuation Pause)
[854.672s][info][gc,task        ] GC(1450) Using 8 workers of 8 for evacuation
[854.675s][info][gc,phases      ] GC(1450)   Pre Evacuate Collection Set: 0.2ms
[854.675s][info][gc,phases      ] GC(1450)   Merge Heap Roots: 0.1ms
[854.675s][info][gc,phases      ] GC(1450)   Evacuate Collection Set: 2.0ms
[854.675s][info][gc,phases      ] GC(1450)   Post Evacuate Collection Set: 0.5ms
[854.675s][info][gc,phases      ] GC(1450)   Other: 0.1ms
[854.675s][info][gc,heap        ] GC(1450) Eden regions: 148->0(148)
[854.675s][info][gc,heap        ] GC(1450) Survivor regions: 2->2(19)
[854.675s][info][gc,heap        ] GC(1450) Old regions: 113->113
[854.675s][info][gc,heap        ] GC(1450) Humongous regions: 5->5
[854.675s][info][gc,metaspace   ] GC(1450) Metaspace: 84784K(85952K)->84784K(85952K) NonClass: 73855K(74496K)->73855K(74496K) Class: 10928K(11456K)->10928K(11456K)
[854.675s][info][gc             ] GC(1450) Pause Young (Mixed) (G1 Evacuation Pause) 264M->116M(285M) 3.542ms
[854.676s][info][gc,cpu         ] GC(1450) User=0.00s Sys=0.00s Real=0.00s
[855.222s][info][gc,start       ] GC(1451) Pause Young (Concurrent Start) (G1 Evacuation Pause)
[855.222s][info][gc,task        ] GC(1451) Using 8 workers of 8 for evacuation
[855.225s][info][gc,phases      ] GC(1451)   Pre Evacuate Collection Set: 0.2ms
[855.225s][info][gc,phases      ] GC(1451)   Merge Heap Roots: 0.1ms
[855.225s][info][gc,phases      ] GC(1451)   Evacuate Collection Set: 2.5ms
[855.225s][info][gc,phases      ] GC(1451)   Post Evacuate Collection Set: 0.5ms
[855.225s][info][gc,phases      ] GC(1451)   Other: 0.2ms
[855.225s][info][gc,heap        ] GC(1451) Eden regions: 148->0(148)
[855.225s][info][gc,heap        ] GC(1451) Survivor regions: 2->2(19)
[855.226s][info][gc,heap        ] GC(1451) Old regions: 113->113
[855.226s][info][gc,heap        ] GC(1451) Humongous regions: 5->5
[855.226s][info][gc,metaspace   ] GC(1451) Metaspace: 84784K(85952K)->84784K(85952K) NonClass: 73855K(74496K)->73855K(74496K) Class: 10928K(11456K)->10928K(11456K)
[855.226s][info][gc             ] GC(1451) Pause Young (Concurrent Start) (G1 Evacuation Pause) 264M->117M(285M) 3.844ms
[855.226s][info][gc,cpu         ] GC(1451) User=0.00s Sys=0.00s Real=0.00s
[855.226s][info][gc             ] GC(1452) Concurrent Mark Cycle
[855.226s][info][gc,marking     ] GC(1452) Concurrent Scan Root Regions
[855.228s][info][gc,marking     ] GC(1452) Concurrent Scan Root Regions 1.780ms
[855.228s][info][gc,marking     ] GC(1452) Concurrent Mark
[855.228s][info][gc,marking     ] GC(1452) Concurrent Mark From Roots
[855.228s][info][gc,task        ] GC(1452) Using 2 workers of 2 for marking
[855.452s][info][gc,marking     ] GC(1452) Concurrent Mark From Roots 224.144ms
[855.452s][info][gc,marking     ] GC(1452) Concurrent Preclean
[855.452s][info][gc,marking     ] GC(1452) Concurrent Preclean 0.289ms
[855.453s][info][gc,start       ] GC(1452) Pause Remark
[855.459s][info][gc             ] GC(1452) Pause Remark 162M->162M(285M) 6.229ms
[855.459s][info][gc,cpu         ] GC(1452) User=0.00s Sys=0.00s Real=0.01s
[855.459s][info][gc,marking     ] GC(1452) Concurrent Mark 231.436ms
[855.459s][info][gc,marking     ] GC(1452) Concurrent Rebuild Remembered Sets and Scrub Regions
[855.537s][info][gc,marking     ] GC(1452) Concurrent Rebuild Remembered Sets and Scrub Regions 78.121ms
[855.537s][info][gc,start       ] GC(1452) Pause Cleanup
[855.538s][info][gc             ] GC(1452) Pause Cleanup 174M->174M(285M) 0.195ms
[855.538s][info][gc,cpu         ] GC(1452) User=0.00s Sys=0.00s Real=0.00s
[855.538s][info][gc,marking     ] GC(1452) Concurrent Clear Claimed Marks
[855.538s][info][gc,marking     ] GC(1452) Concurrent Clear Claimed Marks 0.122ms
[855.538s][info][gc,marking     ] GC(1452) Concurrent Cleanup for Next Mark
[855.538s][info][gc,marking     ] GC(1452) Concurrent Cleanup for Next Mark 0.464ms
[855.539s][info][gc             ] GC(1452) Concurrent Mark Cycle 312.834ms
[855.936s][info][gc,start       ] GC(1453) Pause Young (Prepare Mixed) (G1 Evacuation Pause)
[855.936s][info][gc,task        ] GC(1453) Using 8 workers of 8 for evacuation
[855.940s][info][gc,phases      ] GC(1453)   Pre Evacuate Collection Set: 0.2ms
[855.940s][info][gc,phases      ] GC(1453)   Merge Heap Roots: 0.2ms
[855.940s][info][gc,phases      ] GC(1453)   Evacuate Collection Set: 2.7ms
[855.940s][info][gc,phases      ] GC(1453)   Post Evacuate Collection Set: 0.6ms
[855.940s][info][gc,phases      ] GC(1453)   Other: 0.2ms
[855.940s][info][gc,heap        ] GC(1453) Eden regions: 148->0(146)
[855.940s][info][gc,heap        ] GC(1453) Survivor regions: 2->3(19)
[855.940s][info][gc,heap        ] GC(1453) Old regions: 113->113
[855.940s][info][gc,heap        ] GC(1453) Humongous regions: 5->5
[855.940s][info][gc,metaspace   ] GC(1453) Metaspace: 84784K(85952K)->84784K(85952K) NonClass: 73855K(74496K)->73855K(74496K) Class: 10928K(11456K)->10928K(11456K)
[855.940s][info][gc             ] GC(1453) Pause Young (Prepare Mixed) (G1 Evacuation Pause) 265M->117M(285M) 4.371ms
[855.940s][info][gc,cpu         ] GC(1453) User=0.00s Sys=0.00s Real=0.00s
[856.500s][info][gc,start       ] GC(1454) Pause Young (Mixed) (G1 Evacuation Pause)
[856.500s][info][gc,task        ] GC(1454) Using 8 workers of 8 for evacuation
[856.505s][info][gc,phases      ] GC(1454)   Pre Evacuate Collection Set: 0.2ms
[856.505s][info][gc,phases      ] GC(1454)   Merge Heap Roots: 0.1ms
[856.505s][info][gc,phases      ] GC(1454)   Evacuate Collection Set: 3.4ms
[856.505s][info][gc,phases      ] GC(1454)   Post Evacuate Collection Set: 0.6ms
[856.505s][info][gc,phases      ] GC(1454)   Other: 0.2ms
[856.505s][info][gc,heap        ] GC(1454) Eden regions: 146->0(147)
[856.505s][info][gc,heap        ] GC(1454) Survivor regions: 3->3(19)
[856.505s][info][gc,heap        ] GC(1454) Old regions: 113->112
[856.505s][info][gc,heap        ] GC(1454) Humongous regions: 5->5
[856.505s][info][gc,metaspace   ] GC(1454) Metaspace: 84784K(85952K)->84784K(85952K) NonClass: 73855K(74496K)->73855K(74496K) Class: 10928K(11456K)->10928K(11456K)
[856.505s][info][gc             ] GC(1454) Pause Young (Mixed) (G1 Evacuation Pause) 263M->118M(285M) 5.203ms
[856.505s][info][gc,cpu         ] GC(1454) User=0.00s Sys=0.00s Real=0.01s
[857.020s][info][gc,start       ] GC(1455) Pause Young (Concurrent Start) (G1 Evacuation Pause)
[857.020s][info][gc,task        ] GC(1455) Using 8 workers of 8 for evacuation
[857.024s][info][gc,phases      ] GC(1455)   Pre Evacuate Collection Set: 0.2ms
[857.024s][info][gc,phases      ] GC(1455)   Merge Heap Roots: 0.1ms
[857.024s][info][gc,phases      ] GC(1455)   Evacuate Collection Set: 2.5ms
[857.024s][info][gc,phases      ] GC(1455)   Post Evacuate Collection Set: 0.5ms
[857.024s][info][gc,phases      ] GC(1455)   Other: 0.2ms
[857.024s][info][gc,heap        ] GC(1455) Eden regions: 147->0(145)
[857.024s][info][gc,heap        ] GC(1455) Survivor regions: 3->4(19)
[857.024s][info][gc,heap        ] GC(1455) Old regions: 112->112
[857.024s][info][gc,heap        ] GC(1455) Humongous regions: 5->5
[857.024s][info][gc,metaspace   ] GC(1455) Metaspace: 84784K(85952K)->84784K(85952K) NonClass: 73855K(74496K)->73855K(74496K) Class: 10928K(11456K)->10928K(11456K)
[857.024s][info][gc             ] GC(1455) Pause Young (Concurrent Start) (G1 Evacuation Pause) 265M->118M(285M) 3.843ms
[857.024s][info][gc,cpu         ] GC(1455) User=0.00s Sys=0.00s Real=0.00s
[857.024s][info][gc             ] GC(1456) Concurrent Mark Cycle
[857.024s][info][gc,marking     ] GC(1456) Concurrent Scan Root Regions
[857.027s][info][gc,marking     ] GC(1456) Concurrent Scan Root Regions 2.455ms
[857.027s][info][gc,marking     ] GC(1456) Concurrent Mark
[857.027s][info][gc,marking     ] GC(1456) Concurrent Mark From Roots
[857.027s][info][gc,task        ] GC(1456) Using 2 workers of 2 for marking
[857.228s][info][gc,marking     ] GC(1456) Concurrent Mark From Roots 201.015ms
[857.228s][info][gc,marking     ] GC(1456) Concurrent Preclean
[857.228s][info][gc,marking     ] GC(1456) Concurrent Preclean 0.329ms
[857.228s][info][gc,start       ] GC(1456) Pause Remark
[857.235s][info][gc             ] GC(1456) Pause Remark 166M->166M(285M) 7.079ms
[857.235s][info][gc,cpu         ] GC(1456) User=0.12s Sys=0.00s Real=0.01s
[857.236s][info][gc,marking     ] GC(1456) Concurrent Mark 208.869ms
[857.236s][info][gc,marking     ] GC(1456) Concurrent Rebuild Remembered Sets and Scrub Regions
[857.302s][info][gc,marking     ] GC(1456) Concurrent Rebuild Remembered Sets and Scrub Regions 66.319ms
[857.302s][info][gc,start       ] GC(1456) Pause Cleanup
[857.302s][info][gc             ] GC(1456) Pause Cleanup 183M->183M(285M) 0.202ms
[857.302s][info][gc,cpu         ] GC(1456) User=0.00s Sys=0.00s Real=0.00s
[857.303s][info][gc,marking     ] GC(1456) Concurrent Clear Claimed Marks
[857.303s][info][gc,marking     ] GC(1456) Concurrent Clear Claimed Marks 0.128ms
[857.303s][info][gc,marking     ] GC(1456) Concurrent Cleanup for Next Mark
[857.303s][info][gc,marking     ] GC(1456) Concurrent Cleanup for Next Mark 0.533ms
[857.303s][info][gc             ] GC(1456) Concurrent Mark Cycle 279.185ms
[857.579s][info][gc,start       ] GC(1457) Pause Young (Prepare Mixed) (G1 Evacuation Pause)
[857.580s][info][gc,task        ] GC(1457) Using 8 workers of 8 for evacuation
[857.584s][info][gc,phases      ] GC(1457)   Pre Evacuate Collection Set: 0.2ms
[857.584s][info][gc,phases      ] GC(1457)   Merge Heap Roots: 0.1ms
[857.585s][info][gc,phases      ] GC(1457)   Evacuate Collection Set: 3.6ms
[857.585s][info][gc,phases      ] GC(1457)   Post Evacuate Collection Set: 0.7ms
[857.585s][info][gc,phases      ] GC(1457)   Other: 0.2ms
[857.585s][info][gc,heap        ] GC(1457) Eden regions: 145->0(145)
[857.585s][info][gc,heap        ] GC(1457) Survivor regions: 4->4(19)
[857.585s][info][gc,heap        ] GC(1457) Old regions: 112->112
[857.585s][info][gc,heap        ] GC(1457) Humongous regions: 5->5
[857.585s][info][gc,metaspace   ] GC(1457) Metaspace: 84784K(85952K)->84784K(85952K) NonClass: 73855K(74496K)->73855K(74496K) Class: 10928K(11456K)->10928K(11456K)
[857.585s][info][gc             ] GC(1457) Pause Young (Prepare Mixed) (G1 Evacuation Pause) 263M->119M(285M) 5.575ms
[857.585s][info][gc,cpu         ] GC(1457) User=0.00s Sys=0.00s Real=0.00s
[858.145s][info][gc,start       ] GC(1458) Pause Young (Mixed) (G1 Evacuation Pause)
[858.145s][info][gc,task        ] GC(1458) Using 8 workers of 8 for evacuation
[858.152s][info][gc,phases      ] GC(1458)   Pre Evacuate Collection Set: 0.2ms
[858.152s][info][gc,phases      ] GC(1458)   Merge Heap Roots: 0.1ms
[858.152s][info][gc,phases      ] GC(1458)   Evacuate Collection Set: 5.8ms
[858.153s][info][gc,phases      ] GC(1458)   Post Evacuate Collection Set: 0.7ms
[858.153s][info][gc,phases      ] GC(1458)   Other: 0.1ms
[858.153s][info][gc,heap        ] GC(1458) Eden regions: 145->0(144)
[858.153s][info][gc,heap        ] GC(1458) Survivor regions: 4->5(19)
[858.153s][info][gc,heap        ] GC(1458) Old regions: 112->111
[858.153s][info][gc,heap        ] GC(1458) Humongous regions: 5->5
[858.153s][info][gc,metaspace   ] GC(1458) Metaspace: 84784K(85952K)->84784K(85952K) NonClass: 73855K(74496K)->73855K(74496K) Class: 10928K(11456K)->10928K(11456K)
[858.153s][info][gc             ] GC(1458) Pause Young (Mixed) (G1 Evacuation Pause) 264M->119M(285M) 7.658ms
[858.153s][info][gc,cpu         ] GC(1458) User=0.00s Sys=0.00s Real=0.01s
[858.656s][info][gc,start       ] GC(1459) Pause Young (Concurrent Start) (G1 Evacuation Pause)
[858.656s][info][gc,task        ] GC(1459) Using 8 workers of 8 for evacuation
[858.660s][info][gc,phases      ] GC(1459)   Pre Evacuate Collection Set: 0.2ms
[858.660s][info][gc,phases      ] GC(1459)   Merge Heap Roots: 0.1ms
[858.660s][info][gc,phases      ] GC(1459)   Evacuate Collection Set: 3.1ms
[858.660s][info][gc,phases      ] GC(1459)   Post Evacuate Collection Set: 0.6ms
[858.660s][info][gc,phases      ] GC(1459)   Other: 0.2ms
[858.660s][info][gc,heap        ] GC(1459) Eden regions: 144->0(144)
[858.660s][info][gc,heap        ] GC(1459) Survivor regions: 5->5(19)
[858.660s][info][gc,heap        ] GC(1459) Old regions: 111->111
[858.660s][info][gc,heap        ] GC(1459) Humongous regions: 5->5
[858.660s][info][gc,metaspace   ] GC(1459) Metaspace: 84784K(85952K)->84784K(85952K) NonClass: 73855K(74496K)->73855K(74496K) Class: 10928K(11456K)->10928K(11456K)
[858.660s][info][gc             ] GC(1459) Pause Young (Concurrent Start) (G1 Evacuation Pause) 263M->120M(285M) 4.707ms
[858.660s][info][gc,cpu         ] GC(1459) User=0.00s Sys=0.00s Real=0.00s
[858.660s][info][gc             ] GC(1460) Concurrent Mark Cycle
[858.660s][info][gc,marking     ] GC(1460) Concurrent Scan Root Regions
[858.664s][info][gc,marking     ] GC(1460) Concurrent Scan Root Regions 3.465ms
[858.664s][info][gc,marking     ] GC(1460) Concurrent Mark
[858.664s][info][gc,marking     ] GC(1460) Concurrent Mark From Roots
[858.664s][info][gc,task        ] GC(1460) Using 2 workers of 2 for marking
[858.886s][info][gc,marking     ] GC(1460) Concurrent Mark From Roots 221.689ms
[858.886s][info][gc,marking     ] GC(1460) Concurrent Preclean
[858.886s][info][gc,marking     ] GC(1460) Concurrent Preclean 0.481ms
[858.887s][info][gc,start       ] GC(1460) Pause Remark
[858.893s][info][gc             ] GC(1460) Pause Remark 165M->165M(285M) 6.775ms
[858.894s][info][gc,cpu         ] GC(1460) User=0.11s Sys=0.00s Real=0.01s
[858.894s][info][gc,marking     ] GC(1460) Concurrent Mark 229.659ms
[858.894s][info][gc,marking     ] GC(1460) Concurrent Rebuild Remembered Sets and Scrub Regions
[858.927s][info][gc,marking     ] GC(1460) Concurrent Rebuild Remembered Sets and Scrub Regions 33.332ms
[858.927s][info][gc,start       ] GC(1460) Pause Cleanup
[858.927s][info][gc             ] GC(1460) Pause Cleanup 171M->171M(285M) 0.100ms
[858.927s][info][gc,cpu         ] GC(1460) User=0.00s Sys=0.00s Real=0.00s
[858.927s][info][gc,marking     ] GC(1460) Concurrent Clear Claimed Marks
[858.928s][info][gc,marking     ] GC(1460) Concurrent Clear Claimed Marks 0.122ms
[858.928s][info][gc,marking     ] GC(1460) Concurrent Cleanup for Next Mark
[858.928s][info][gc,marking     ] GC(1460) Concurrent Cleanup for Next Mark 0.592ms
[858.928s][info][gc             ] GC(1460) Concurrent Mark Cycle 267.966ms
[859.274s][info][gc,start       ] GC(1461) Pause Young (Normal) (G1 Evacuation Pause)
[859.274s][info][gc,task        ] GC(1461) Using 8 workers of 8 for evacuation
[859.279s][info][gc,phases      ] GC(1461)   Pre Evacuate Collection Set: 0.2ms
[859.279s][info][gc,phases      ] GC(1461)   Merge Heap Roots: 0.1ms
[859.279s][info][gc,phases      ] GC(1461)   Evacuate Collection Set: 4.3ms
[859.279s][info][gc,phases      ] GC(1461)   Post Evacuate Collection Set: 0.6ms
[859.279s][info][gc,phases      ] GC(1461)   Other: 0.1ms
[859.280s][info][gc,heap        ] GC(1461) Eden regions: 144->0(142)
[859.280s][info][gc,heap        ] GC(1461) Survivor regions: 5->6(19)
[859.280s][info][gc,heap        ] GC(1461) Old regions: 111->111
[859.280s][info][gc,heap        ] GC(1461) Humongous regions: 5->5
[859.280s][info][gc,metaspace   ] GC(1461) Metaspace: 84784K(85952K)->84784K(85952K) NonClass: 73855K(74496K)->73855K(74496K) Class: 10928K(11456K)->10928K(11456K)
[859.280s][info][gc             ] GC(1461) Pause Young (Normal) (G1 Evacuation Pause) 264M->120M(285M) 6.088ms
[859.280s][info][gc,cpu         ] GC(1461) User=0.09s Sys=0.00s Real=0.01s
[859.927s][info][gc,start       ] GC(1462) Pause Young (Concurrent Start) (G1 Evacuation Pause)
[859.927s][info][gc,task        ] GC(1462) Using 8 workers of 8 for evacuation
[859.933s][info][gc,phases      ] GC(1462)   Pre Evacuate Collection Set: 0.2ms
[859.933s][info][gc,phases      ] GC(1462)   Merge Heap Roots: 0.1ms
[859.933s][info][gc,phases      ] GC(1462)   Evacuate Collection Set: 4.7ms
[859.933s][info][gc,phases      ] GC(1462)   Post Evacuate Collection Set: 0.7ms
[859.933s][info][gc,phases      ] GC(1462)   Other: 0.2ms
[859.933s][info][gc,heap        ] GC(1462) Eden regions: 142->0(142)
[859.933s][info][gc,heap        ] GC(1462) Survivor regions: 6->6(19)
[859.933s][info][gc,heap        ] GC(1462) Old regions: 111->111
[859.933s][info][gc,heap        ] GC(1462) Humongous regions: 5->5
[859.933s][info][gc,metaspace   ] GC(1462) Metaspace: 84784K(85952K)->84784K(85952K) NonClass: 73855K(74496K)->73855K(74496K) Class: 10928K(11456K)->10928K(11456K)
[859.933s][info][gc             ] GC(1462) Pause Young (Concurrent Start) (G1 Evacuation Pause) 262M->121M(285M) 6.674ms
[859.934s][info][gc,cpu         ] GC(1462) User=0.00s Sys=0.00s Real=0.01s
[859.934s][info][gc             ] GC(1463) Concurrent Mark Cycle
[859.934s][info][gc,marking     ] GC(1463) Concurrent Scan Root Regions
[859.939s][info][gc,marking     ] GC(1463) Concurrent Scan Root Regions 5.484ms
[859.939s][info][gc,marking     ] GC(1463) Concurrent Mark
[859.939s][info][gc,marking     ] GC(1463) Concurrent Mark From Roots
[859.939s][info][gc,task        ] GC(1463) Using 2 workers of 2 for marking
[860.167s][info][gc,marking     ] GC(1463) Concurrent Mark From Roots 227.462ms
[860.167s][info][gc,marking     ] GC(1463) Concurrent Preclean
[860.167s][info][gc,marking     ] GC(1463) Concurrent Preclean 0.280ms
[860.167s][info][gc,start       ] GC(1463) Pause Remark
[860.175s][info][gc             ] GC(1463) Pause Remark 168M->168M(285M) 7.705ms
[860.175s][info][gc,cpu         ] GC(1463) User=0.09s Sys=0.00s Real=0.01s
[860.175s][info][gc,marking     ] GC(1463) Concurrent Mark 235.964ms
[860.175s][info][gc,marking     ] GC(1463) Concurrent Rebuild Remembered Sets and Scrub Regions
[860.211s][info][gc,marking     ] GC(1463) Concurrent Rebuild Remembered Sets and Scrub Regions 35.524ms
[860.211s][info][gc,start       ] GC(1463) Pause Cleanup
[860.211s][info][gc             ] GC(1463) Pause Cleanup 174M->174M(285M) 0.104ms
[860.211s][info][gc,cpu         ] GC(1463) User=0.00s Sys=0.00s Real=0.00s
[860.211s][info][gc,marking     ] GC(1463) Concurrent Clear Claimed Marks
[860.212s][info][gc,marking     ] GC(1463) Concurrent Clear Claimed Marks 0.124ms
[860.212s][info][gc,marking     ] GC(1463) Concurrent Cleanup for Next Mark
[860.212s][info][gc,marking     ] GC(1463) Concurrent Cleanup for Next Mark 0.652ms
[860.212s][info][gc             ] GC(1463) Concurrent Mark Cycle 278.788ms
[860.553s][info][gc,start       ] GC(1464) Pause Young (Normal) (G1 Evacuation Pause)
[860.553s][info][gc,task        ] GC(1464) Using 8 workers of 8 for evacuation
[860.559s][info][gc,phases      ] GC(1464)   Pre Evacuate Collection Set: 0.3ms
[860.559s][info][gc,phases      ] GC(1464)   Merge Heap Roots: 0.1ms
[860.559s][info][gc,phases      ] GC(1464)   Evacuate Collection Set: 4.8ms
[860.559s][info][gc,phases      ] GC(1464)   Post Evacuate Collection Set: 0.5ms
[860.559s][info][gc,phases      ] GC(1464)   Other: 0.2ms
[860.559s][info][gc,heap        ] GC(1464) Eden regions: 142->0(142)
[860.559s][info][gc,heap        ] GC(1464) Survivor regions: 6->6(19)
[860.559s][info][gc,heap        ] GC(1464) Old regions: 111->111
[860.559s][info][gc,heap        ] GC(1464) Humongous regions: 5->5
[860.559s][info][gc,metaspace   ] GC(1464) Metaspace: 84784K(85952K)->84784K(85952K) NonClass: 73855K(74496K)->73855K(74496K) Class: 10928K(11456K)->10928K(11456K)
[860.559s][info][gc             ] GC(1464) Pause Young (Normal) (G1 Evacuation Pause) 263M->121M(285M) 6.680ms
[860.559s][info][gc,cpu         ] GC(1464) User=0.00s Sys=0.02s Real=0.01s
[861.063s][info][gc,start       ] GC(1465) Pause Young (Concurrent Start) (G1 Evacuation Pause)
[861.064s][info][gc,task        ] GC(1465) Using 8 workers of 8 for evacuation
[861.071s][info][gc,phases      ] GC(1465)   Pre Evacuate Collection Set: 0.2ms
[861.071s][info][gc,phases      ] GC(1465)   Merge Heap Roots: 0.1ms
[861.071s][info][gc,phases      ] GC(1465)   Evacuate Collection Set: 5.9ms
[861.071s][info][gc,phases      ] GC(1465)   Post Evacuate Collection Set: 0.7ms
[861.071s][info][gc,phases      ] GC(1465)   Other: 0.2ms
[861.071s][info][gc,heap        ] GC(1465) Eden regions: 142->0(140)
[861.071s][info][gc,heap        ] GC(1465) Survivor regions: 6->7(19)
[861.071s][info][gc,heap        ] GC(1465) Old regions: 111->111
[861.071s][info][gc,heap        ] GC(1465) Humongous regions: 5->5
[861.071s][info][gc,metaspace   ] GC(1465) Metaspace: 84784K(85952K)->84784K(85952K) NonClass: 73855K(74496K)->73855K(74496K) Class: 10928K(11456K)->10928K(11456K)
[861.071s][info][gc             ] GC(1465) Pause Young (Concurrent Start) (G1 Evacuation Pause) 263M->121M(285M) 7.874ms
[861.071s][info][gc             ] GC(1466) Concurrent Mark Cycle
[861.071s][info][gc,cpu         ] GC(1465) User=0.00s Sys=0.00s Real=0.01s
[861.071s][info][gc,marking     ] GC(1466) Concurrent Scan Root Regions
[861.076s][info][gc,marking     ] GC(1466) Concurrent Scan Root Regions 4.764ms
[861.076s][info][gc,marking     ] GC(1466) Concurrent Mark
[861.076s][info][gc,marking     ] GC(1466) Concurrent Mark From Roots
[861.076s][info][gc,task        ] GC(1466) Using 2 workers of 2 for marking
[861.276s][info][gc,marking     ] GC(1466) Concurrent Mark From Roots 199.654ms
[861.276s][info][gc,marking     ] GC(1466) Concurrent Preclean
[861.276s][info][gc,marking     ] GC(1466) Concurrent Preclean 0.253ms
[861.276s][info][gc,start       ] GC(1466) Pause Remark
[861.283s][info][gc             ] GC(1466) Pause Remark 166M->166M(285M) 6.286ms
[861.283s][info][gc,cpu         ] GC(1466) User=0.08s Sys=0.00s Real=0.01s
[861.283s][info][gc,marking     ] GC(1466) Concurrent Mark 206.654ms
[861.283s][info][gc,marking     ] GC(1466) Concurrent Rebuild Remembered Sets and Scrub Regions
[861.314s][info][gc,marking     ] GC(1466) Concurrent Rebuild Remembered Sets and Scrub Regions 30.647ms
[861.314s][info][gc,start       ] GC(1466) Pause Cleanup
[861.314s][info][gc             ] GC(1466) Pause Cleanup 173M->173M(285M) 0.086ms
[861.314s][info][gc,cpu         ] GC(1466) User=0.00s Sys=0.00s Real=0.00s
[861.314s][info][gc,marking     ] GC(1466) Concurrent Clear Claimed Marks
[861.314s][info][gc,marking     ] GC(1466) Concurrent Clear Claimed Marks 0.211ms
[861.314s][info][gc,marking     ] GC(1466) Concurrent Cleanup for Next Mark
[861.316s][info][gc,marking     ] GC(1466) Concurrent Cleanup for Next Mark 1.319ms
[861.316s][info][gc             ] GC(1466) Concurrent Mark Cycle 244.326ms
[861.628s][info][gc,start       ] GC(1467) Pause Young (Normal) (G1 Evacuation Pause)
[861.628s][info][gc,task        ] GC(1467) Using 8 workers of 8 for evacuation
[861.634s][info][gc,phases      ] GC(1467)   Pre Evacuate Collection Set: 0.2ms
[861.634s][info][gc,phases      ] GC(1467)   Merge Heap Roots: 0.1ms
[861.634s][info][gc,phases      ] GC(1467)   Evacuate Collection Set: 5.2ms
[861.634s][info][gc,phases      ] GC(1467)   Post Evacuate Collection Set: 0.5ms
[861.634s][info][gc,phases      ] GC(1467)   Other: 0.1ms
[861.634s][info][gc,heap        ] GC(1467) Eden regions: 140->0(138)
[861.634s][info][gc,heap        ] GC(1467) Survivor regions: 7->8(19)
[861.634s][info][gc,heap        ] GC(1467) Old regions: 111->111
[861.634s][info][gc,heap        ] GC(1467) Humongous regions: 5->5
[861.634s][info][gc,metaspace   ] GC(1467) Metaspace: 84784K(85952K)->84784K(85952K) NonClass: 73855K(74496K)->73855K(74496K) Class: 10928K(11456K)->10928K(11456K)
[861.634s][info][gc             ] GC(1467) Pause Young (Normal) (G1 Evacuation Pause) 261M->122M(285M) 6.547ms
[861.634s][info][gc,cpu         ] GC(1467) User=0.00s Sys=0.00s Real=0.01s
[862.168s][info][gc,start       ] GC(1468) Pause Young (Concurrent Start) (G1 Evacuation Pause)
[862.168s][info][gc,task        ] GC(1468) Using 8 workers of 8 for evacuation
[862.176s][info][gc,phases      ] GC(1468)   Pre Evacuate Collection Set: 0.2ms
[862.176s][info][gc,phases      ] GC(1468)   Merge Heap Roots: 0.1ms
[862.176s][info][gc,phases      ] GC(1468)   Evacuate Collection Set: 6.7ms
[862.176s][info][gc,phases      ] GC(1468)   Post Evacuate Collection Set: 0.6ms
[862.176s][info][gc,phases      ] GC(1468)   Other: 0.2ms
[862.176s][info][gc,heap        ] GC(1468) Eden regions: 138->0(139)
[862.176s][info][gc,heap        ] GC(1468) Survivor regions: 8->7(19)
[862.176s][info][gc,heap        ] GC(1468) Old regions: 111->112
[862.176s][info][gc,heap        ] GC(1468) Humongous regions: 5->5
[862.176s][info][gc,metaspace   ] GC(1468) Metaspace: 84784K(85952K)->84784K(85952K) NonClass: 73855K(74496K)->73855K(74496K) Class: 10928K(11456K)->10928K(11456K)
[862.176s][info][gc             ] GC(1468) Pause Young (Concurrent Start) (G1 Evacuation Pause) 260M->122M(285M) 8.676ms
[862.176s][info][gc             ] GC(1469) Concurrent Mark Cycle
[862.176s][info][gc,cpu         ] GC(1468) User=0.08s Sys=0.00s Real=0.01s
[862.177s][info][gc,marking     ] GC(1469) Concurrent Scan Root Regions
[862.182s][info][gc,marking     ] GC(1469) Concurrent Scan Root Regions 5.830ms
[862.182s][info][gc,marking     ] GC(1469) Concurrent Mark
[862.182s][info][gc,marking     ] GC(1469) Concurrent Mark From Roots
[862.183s][info][gc,task        ] GC(1469) Using 2 workers of 2 for marking
[862.433s][info][gc,marking     ] GC(1469) Concurrent Mark From Roots 250.460ms
[862.433s][info][gc,marking     ] GC(1469) Concurrent Preclean
[862.433s][info][gc,marking     ] GC(1469) Concurrent Preclean 0.307ms
[862.434s][info][gc,start       ] GC(1469) Pause Remark
[862.441s][info][gc             ] GC(1469) Pause Remark 169M->169M(285M) 7.088ms
[862.441s][info][gc,cpu         ] GC(1469) User=0.12s Sys=0.00s Real=0.01s
[862.441s][info][gc,marking     ] GC(1469) Concurrent Mark 258.410ms
[862.441s][info][gc,marking     ] GC(1469) Concurrent Rebuild Remembered Sets and Scrub Regions
[862.510s][info][gc,marking     ] GC(1469) Concurrent Rebuild Remembered Sets and Scrub Regions 68.943ms
[862.510s][info][gc,start       ] GC(1469) Pause Cleanup
[862.510s][info][gc             ] GC(1469) Pause Cleanup 183M->183M(285M) 0.233ms
[862.510s][info][gc,cpu         ] GC(1469) User=0.00s Sys=0.00s Real=0.00s
[862.511s][info][gc,marking     ] GC(1469) Concurrent Clear Claimed Marks
[862.511s][info][gc,marking     ] GC(1469) Concurrent Clear Claimed Marks 0.151ms
[862.511s][info][gc,marking     ] GC(1469) Concurrent Cleanup for Next Mark
[862.511s][info][gc,marking     ] GC(1469) Concurrent Cleanup for Next Mark 0.623ms
[862.511s][info][gc             ] GC(1469) Concurrent Mark Cycle 335.107ms
[862.786s][info][gc,start       ] GC(1470) Pause Young (Prepare Mixed) (G1 Evacuation Pause)
[862.786s][info][gc,task        ] GC(1470) Using 8 workers of 8 for evacuation
[862.794s][info][gc,phases      ] GC(1470)   Pre Evacuate Collection Set: 0.2ms
[862.794s][info][gc,phases      ] GC(1470)   Merge Heap Roots: 0.1ms
[862.794s][info][gc,phases      ] GC(1470)   Evacuate Collection Set: 6.2ms
[862.794s][info][gc,phases      ] GC(1470)   Post Evacuate Collection Set: 0.6ms
[862.794s][info][gc,phases      ] GC(1470)   Other: 0.2ms
[862.794s][info][gc,heap        ] GC(1470) Eden regions: 139->0(139)
[862.794s][info][gc,heap        ] GC(1470) Survivor regions: 7->7(19)
[862.794s][info][gc,heap        ] GC(1470) Old regions: 112->112
[862.794s][info][gc,heap        ] GC(1470) Humongous regions: 5->5
[862.794s][info][gc,metaspace   ] GC(1470) Metaspace: 84784K(85952K)->84784K(85952K) NonClass: 73855K(74496K)->73855K(74496K) Class: 10928K(11456K)->10928K(11456K)
[862.794s][info][gc             ] GC(1470) Pause Young (Prepare Mixed) (G1 Evacuation Pause) 261M->122M(285M) 8.113ms
[862.794s][info][gc,cpu         ] GC(1470) User=0.00s Sys=0.02s Real=0.01s
[863.271s][info][gc,start       ] GC(1471) Pause Young (Mixed) (G1 Evacuation Pause)
[863.272s][info][gc,task        ] GC(1471) Using 8 workers of 8 for evacuation
[863.279s][info][gc,phases      ] GC(1471)   Pre Evacuate Collection Set: 0.2ms
[863.279s][info][gc,phases      ] GC(1471)   Merge Heap Roots: 0.1ms
[863.279s][info][gc,phases      ] GC(1471)   Evacuate Collection Set: 6.1ms
[863.279s][info][gc,phases      ] GC(1471)   Post Evacuate Collection Set: 0.6ms
[863.279s][info][gc,phases      ] GC(1471)   Other: 0.2ms
[863.279s][info][gc,heap        ] GC(1471) Eden regions: 139->0(138)
[863.279s][info][gc,heap        ] GC(1471) Survivor regions: 7->7(19)
[863.279s][info][gc,heap        ] GC(1471) Old regions: 112->113
[863.279s][info][gc,heap        ] GC(1471) Humongous regions: 5->5
[863.279s][info][gc,metaspace   ] GC(1471) Metaspace: 84784K(85952K)->84784K(85952K) NonClass: 73855K(74496K)->73855K(74496K) Class: 10928K(11456K)->10928K(11456K)
[863.279s][info][gc             ] GC(1471) Pause Young (Mixed) (G1 Evacuation Pause) 261M->123M(285M) 7.779ms
[863.279s][info][gc,cpu         ] GC(1471) User=0.02s Sys=0.00s Real=0.01s
[863.767s][info][gc,start       ] GC(1472) Pause Young (Concurrent Start) (G1 Evacuation Pause)
[863.767s][info][gc,task        ] GC(1472) Using 8 workers of 8 for evacuation
[863.774s][info][gc,phases      ] GC(1472)   Pre Evacuate Collection Set: 0.2ms
[863.774s][info][gc,phases      ] GC(1472)   Merge Heap Roots: 0.1ms
[863.774s][info][gc,phases      ] GC(1472)   Evacuate Collection Set: 5.6ms
[863.774s][info][gc,phases      ] GC(1472)   Post Evacuate Collection Set: 0.6ms
[863.774s][info][gc,phases      ] GC(1472)   Other: 0.2ms
[863.774s][info][gc,heap        ] GC(1472) Eden regions: 138->0(138)
[863.774s][info][gc,heap        ] GC(1472) Survivor regions: 7->7(19)
[863.774s][info][gc,heap        ] GC(1472) Old regions: 113->113
[863.774s][info][gc,heap        ] GC(1472) Humongous regions: 5->5
[863.774s][info][gc,metaspace   ] GC(1472) Metaspace: 84784K(85952K)->84784K(85952K) NonClass: 73855K(74496K)->73855K(74496K) Class: 10928K(11456K)->10928K(11456K)
[863.774s][info][gc             ] GC(1472) Pause Young (Concurrent Start) (G1 Evacuation Pause) 261M->123M(285M) 7.353ms
[863.774s][info][gc             ] GC(1473) Concurrent Mark Cycle
[863.774s][info][gc,cpu         ] GC(1472) User=0.00s Sys=0.00s Real=0.01s
[863.774s][info][gc,marking     ] GC(1473) Concurrent Scan Root Regions
[863.780s][info][gc,marking     ] GC(1473) Concurrent Scan Root Regions 5.606ms
[863.780s][info][gc,marking     ] GC(1473) Concurrent Mark
[863.780s][info][gc,marking     ] GC(1473) Concurrent Mark From Roots
[863.780s][info][gc,task        ] GC(1473) Using 2 workers of 2 for marking
[864.025s][info][gc,marking     ] GC(1473) Concurrent Mark From Roots 244.545ms
[864.025s][info][gc,marking     ] GC(1473) Concurrent Preclean
[864.025s][info][gc,marking     ] GC(1473) Concurrent Preclean 0.346ms
[864.025s][info][gc,start       ] GC(1473) Pause Remark
[864.033s][info][gc             ] GC(1473) Pause Remark 165M->165M(285M) 7.861ms
[864.033s][info][gc,cpu         ] GC(1473) User=0.05s Sys=0.00s Real=0.01s
[864.033s][info][gc,marking     ] GC(1473) Concurrent Mark 253.293ms
[864.034s][info][gc,marking     ] GC(1473) Concurrent Rebuild Remembered Sets and Scrub Regions
[864.124s][info][gc,marking     ] GC(1473) Concurrent Rebuild Remembered Sets and Scrub Regions 90.580ms
[864.124s][info][gc,start       ] GC(1473) Pause Cleanup
[864.125s][info][gc             ] GC(1473) Pause Cleanup 177M->177M(285M) 0.217ms
[864.125s][info][gc,cpu         ] GC(1473) User=0.00s Sys=0.00s Real=0.00s
[864.125s][info][gc,marking     ] GC(1473) Concurrent Clear Claimed Marks
[864.125s][info][gc,marking     ] GC(1473) Concurrent Clear Claimed Marks 0.116ms
[864.125s][info][gc,marking     ] GC(1473) Concurrent Cleanup for Next Mark
[864.125s][info][gc,marking     ] GC(1473) Concurrent Cleanup for Next Mark 0.540ms
[864.126s][info][gc             ] GC(1473) Concurrent Mark Cycle 351.262ms
[864.452s][info][gc,start       ] GC(1474) Pause Young (Normal) (G1 Evacuation Pause)
[864.452s][info][gc,task        ] GC(1474) Using 8 workers of 8 for evacuation
[864.460s][info][gc,phases      ] GC(1474)   Pre Evacuate Collection Set: 0.2ms
[864.460s][info][gc,phases      ] GC(1474)   Merge Heap Roots: 0.1ms
[864.460s][info][gc,phases      ] GC(1474)   Evacuate Collection Set: 6.4ms
[864.460s][info][gc,phases      ] GC(1474)   Post Evacuate Collection Set: 0.6ms
[864.460s][info][gc,phases      ] GC(1474)   Other: 0.1ms
[864.460s][info][gc,heap        ] GC(1474) Eden regions: 138->0(137)
[864.460s][info][gc,heap        ] GC(1474) Survivor regions: 7->7(19)
[864.460s][info][gc,heap        ] GC(1474) Old regions: 113->114
[864.460s][info][gc,heap        ] GC(1474) Humongous regions: 5->5
[864.460s][info][gc,metaspace   ] GC(1474) Metaspace: 84784K(85952K)->84784K(85952K) NonClass: 73855K(74496K)->73855K(74496K) Class: 10928K(11456K)->10928K(11456K)
[864.460s][info][gc             ] GC(1474) Pause Young (Normal) (G1 Evacuation Pause) 261M->124M(285M) 8.039ms
[864.460s][info][gc,cpu         ] GC(1474) User=0.00s Sys=0.00s Real=0.01s
[864.946s][info][gc,start       ] GC(1475) Pause Young (Concurrent Start) (G1 Evacuation Pause)
[864.946s][info][gc,task        ] GC(1475) Using 8 workers of 8 for evacuation
[864.951s][info][gc,phases      ] GC(1475)   Pre Evacuate Collection Set: 0.2ms
[864.951s][info][gc,phases      ] GC(1475)   Merge Heap Roots: 0.1ms
[864.951s][info][gc,phases      ] GC(1475)   Evacuate Collection Set: 4.5ms
[864.952s][info][gc,phases      ] GC(1475)   Post Evacuate Collection Set: 0.6ms
[864.952s][info][gc,phases      ] GC(1475)   Other: 0.2ms
[864.952s][info][gc,heap        ] GC(1475) Eden regions: 137->0(137)
[864.952s][info][gc,heap        ] GC(1475) Survivor regions: 7->7(18)
[864.952s][info][gc,heap        ] GC(1475) Old regions: 114->114
[864.952s][info][gc,heap        ] GC(1475) Humongous regions: 5->5
[864.952s][info][gc,metaspace   ] GC(1475) Metaspace: 84784K(85952K)->84784K(85952K) NonClass: 73855K(74496K)->73855K(74496K) Class: 10928K(11456K)->10928K(11456K)
[864.952s][info][gc             ] GC(1475) Pause Young (Concurrent Start) (G1 Evacuation Pause) 261M->124M(285M) 5.952ms
[864.952s][info][gc,cpu         ] GC(1475) User=0.12s Sys=0.00s Real=0.01s
[864.952s][info][gc             ] GC(1476) Concurrent Mark Cycle
[864.952s][info][gc,marking     ] GC(1476) Concurrent Scan Root Regions
[864.957s][info][gc,marking     ] GC(1476) Concurrent Scan Root Regions 5.084ms
[864.957s][info][gc,marking     ] GC(1476) Concurrent Mark
[864.957s][info][gc,marking     ] GC(1476) Concurrent Mark From Roots
[864.957s][info][gc,task        ] GC(1476) Using 2 workers of 2 for marking
[865.185s][info][gc,marking     ] GC(1476) Concurrent Mark From Roots 228.033ms
[865.185s][info][gc,marking     ] GC(1476) Concurrent Preclean
[865.186s][info][gc,marking     ] GC(1476) Concurrent Preclean 0.281ms
[865.186s][info][gc,start       ] GC(1476) Pause Remark
[865.194s][info][gc             ] GC(1476) Pause Remark 171M->171M(289M) 8.298ms
[865.194s][info][gc,cpu         ] GC(1476) User=0.00s Sys=0.00s Real=0.01s
[865.194s][info][gc,marking     ] GC(1476) Concurrent Mark 237.143ms
[865.194s][info][gc,marking     ] GC(1476) Concurrent Rebuild Remembered Sets and Scrub Regions
[865.261s][info][gc,marking     ] GC(1476) Concurrent Rebuild Remembered Sets and Scrub Regions 66.600ms
[865.261s][info][gc,start       ] GC(1476) Pause Cleanup
[865.261s][info][gc             ] GC(1476) Pause Cleanup 186M->186M(289M) 0.179ms
[865.261s][info][gc,cpu         ] GC(1476) User=0.00s Sys=0.00s Real=0.00s
[865.261s][info][gc,marking     ] GC(1476) Concurrent Clear Claimed Marks
[865.262s][info][gc,marking     ] GC(1476) Concurrent Clear Claimed Marks 0.099ms
[865.262s][info][gc,marking     ] GC(1476) Concurrent Cleanup for Next Mark
[865.262s][info][gc,marking     ] GC(1476) Concurrent Cleanup for Next Mark 0.502ms
[865.262s][info][gc             ] GC(1476) Concurrent Mark Cycle 310.276ms
[865.525s][info][gc,start       ] GC(1477) Pause Young (Normal) (G1 Evacuation Pause)
[865.525s][info][gc,task        ] GC(1477) Using 8 workers of 8 for evacuation
[865.530s][info][gc,phases      ] GC(1477)   Pre Evacuate Collection Set: 0.1ms
[865.530s][info][gc,phases      ] GC(1477)   Merge Heap Roots: 0.1ms
[865.530s][info][gc,phases      ] GC(1477)   Evacuate Collection Set: 4.6ms
[865.530s][info][gc,phases      ] GC(1477)   Post Evacuate Collection Set: 0.5ms
[865.530s][info][gc,phases      ] GC(1477)   Other: 0.1ms
[865.531s][info][gc,heap        ] GC(1477) Eden regions: 137->0(140)
[865.531s][info][gc,heap        ] GC(1477) Survivor regions: 7->7(18)
[865.531s][info][gc,heap        ] GC(1477) Old regions: 114->115
[865.531s][info][gc,heap        ] GC(1477) Humongous regions: 5->5
[865.531s][info][gc,metaspace   ] GC(1477) Metaspace: 84784K(85952K)->84784K(85952K) NonClass: 73855K(74496K)->73855K(74496K) Class: 10928K(11456K)->10928K(11456K)
[865.531s][info][gc             ] GC(1477) Pause Young (Normal) (G1 Evacuation Pause) 261M->125M(289M) 5.951ms
[865.531s][info][gc,cpu         ] GC(1477) User=0.11s Sys=0.00s Real=0.01s
[865.988s][info][gc,start       ] GC(1478) Pause Young (Concurrent Start) (G1 Evacuation Pause)
[865.988s][info][gc,task        ] GC(1478) Using 8 workers of 8 for evacuation
[865.995s][info][gc,phases      ] GC(1478)   Pre Evacuate Collection Set: 0.2ms
[865.995s][info][gc,phases      ] GC(1478)   Merge Heap Roots: 0.1ms
[865.995s][info][gc,phases      ] GC(1478)   Evacuate Collection Set: 5.8ms
[865.995s][info][gc,phases      ] GC(1478)   Post Evacuate Collection Set: 0.5ms
[865.995s][info][gc,phases      ] GC(1478)   Other: 0.2ms
[865.995s][info][gc,heap        ] GC(1478) Eden regions: 140->0(140)
[865.995s][info][gc,heap        ] GC(1478) Survivor regions: 7->7(19)
[865.995s][info][gc,heap        ] GC(1478) Old regions: 115->115
[865.995s][info][gc,heap        ] GC(1478) Humongous regions: 5->5
[865.995s][info][gc,metaspace   ] GC(1478) Metaspace: 84784K(85952K)->84784K(85952K) NonClass: 73855K(74496K)->73855K(74496K) Class: 10928K(11456K)->10928K(11456K)
[865.996s][info][gc             ] GC(1478) Pause Young (Concurrent Start) (G1 Evacuation Pause) 265M->125M(289M) 7.442ms
[865.996s][info][gc,cpu         ] GC(1478) User=0.00s Sys=0.00s Real=0.01s
[865.996s][info][gc             ] GC(1479) Concurrent Mark Cycle
[865.996s][info][gc,marking     ] GC(1479) Concurrent Scan Root Regions
[866.001s][info][gc,marking     ] GC(1479) Concurrent Scan Root Regions 5.055ms
[866.001s][info][gc,marking     ] GC(1479) Concurrent Mark
[866.001s][info][gc,marking     ] GC(1479) Concurrent Mark From Roots
[866.001s][info][gc,task        ] GC(1479) Using 2 workers of 2 for marking
[866.215s][info][gc,marking     ] GC(1479) Concurrent Mark From Roots 214.269ms
[866.215s][info][gc,marking     ] GC(1479) Concurrent Preclean
[866.215s][info][gc,marking     ] GC(1479) Concurrent Preclean 0.195ms
[866.216s][info][gc,start       ] GC(1479) Pause Remark
[866.222s][info][gc             ] GC(1479) Pause Remark 171M->171M(289M) 6.797ms
[866.222s][info][gc,cpu         ] GC(1479) User=0.11s Sys=0.00s Real=0.01s
[866.223s][info][gc,marking     ] GC(1479) Concurrent Mark 221.667ms
[866.223s][info][gc,marking     ] GC(1479) Concurrent Rebuild Remembered Sets and Scrub Regions
[866.301s][info][gc,marking     ] GC(1479) Concurrent Rebuild Remembered Sets and Scrub Regions 78.820ms
[866.302s][info][gc,start       ] GC(1479) Pause Cleanup
[866.302s][info][gc             ] GC(1479) Pause Cleanup 190M->190M(289M) 0.223ms
[866.302s][info][gc,cpu         ] GC(1479) User=0.00s Sys=0.00s Real=0.00s
[866.302s][info][gc,marking     ] GC(1479) Concurrent Clear Claimed Marks
[866.302s][info][gc,marking     ] GC(1479) Concurrent Clear Claimed Marks 0.118ms
[866.302s][info][gc,marking     ] GC(1479) Concurrent Cleanup for Next Mark
[866.303s][info][gc,marking     ] GC(1479) Concurrent Cleanup for Next Mark 0.477ms
[866.303s][info][gc             ] GC(1479) Concurrent Mark Cycle 307.143ms
[866.574s][info][gc,start       ] GC(1480) Pause Young (Prepare Mixed) (G1 Evacuation Pause)
[866.574s][info][gc,task        ] GC(1480) Using 8 workers of 8 for evacuation
[866.582s][info][gc,phases      ] GC(1480)   Pre Evacuate Collection Set: 0.3ms
[866.582s][info][gc,phases      ] GC(1480)   Merge Heap Roots: 0.3ms
[866.582s][info][gc,phases      ] GC(1480)   Evacuate Collection Set: 5.9ms
[866.582s][info][gc,phases      ] GC(1480)   Post Evacuate Collection Set: 0.6ms
[866.582s][info][gc,phases      ] GC(1480)   Other: 0.2ms
[866.582s][info][gc,heap        ] GC(1480) Eden regions: 140->0(140)
[866.582s][info][gc,heap        ] GC(1480) Survivor regions: 7->7(19)
[866.582s][info][gc,heap        ] GC(1480) Old regions: 115->115
[866.582s][info][gc,heap        ] GC(1480) Humongous regions: 5->5
[866.582s][info][gc,metaspace   ] GC(1480) Metaspace: 84784K(85952K)->84784K(85952K) NonClass: 73855K(74496K)->73855K(74496K) Class: 10928K(11456K)->10928K(11456K)
[866.582s][info][gc             ] GC(1480) Pause Young (Prepare Mixed) (G1 Evacuation Pause) 265M->126M(289M) 7.998ms
[866.582s][info][gc,cpu         ] GC(1480) User=0.08s Sys=0.00s Real=0.01s
[867.080s][info][gc,start       ] GC(1481) Pause Young (Mixed) (G1 Evacuation Pause)
[867.080s][info][gc,task        ] GC(1481) Using 8 workers of 8 for evacuation
[867.086s][info][gc,phases      ] GC(1481)   Pre Evacuate Collection Set: 0.2ms
[867.086s][info][gc,phases      ] GC(1481)   Merge Heap Roots: 0.1ms
[867.086s][info][gc,phases      ] GC(1481)   Evacuate Collection Set: 5.4ms
[867.086s][info][gc,phases      ] GC(1481)   Post Evacuate Collection Set: 0.5ms
[867.087s][info][gc,phases      ] GC(1481)   Other: 0.1ms
[867.087s][info][gc,heap        ] GC(1481) Eden regions: 140->0(139)
[867.087s][info][gc,heap        ] GC(1481) Survivor regions: 7->7(19)
[867.087s][info][gc,heap        ] GC(1481) Old regions: 115->116
[867.087s][info][gc,heap        ] GC(1481) Humongous regions: 5->5
[867.087s][info][gc,metaspace   ] GC(1481) Metaspace: 84784K(85952K)->84784K(85952K) NonClass: 73855K(74496K)->73855K(74496K) Class: 10928K(11456K)->10928K(11456K)
[867.087s][info][gc             ] GC(1481) Pause Young (Mixed) (G1 Evacuation Pause) 266M->126M(289M) 7.179ms
[867.087s][info][gc,cpu         ] GC(1481) User=0.00s Sys=0.00s Real=0.01s
[867.663s][info][gc,start       ] GC(1482) Pause Young (Concurrent Start) (G1 Evacuation Pause)
[867.663s][info][gc,task        ] GC(1482) Using 8 workers of 8 for evacuation
[867.668s][info][gc,phases      ] GC(1482)   Pre Evacuate Collection Set: 0.2ms
[867.668s][info][gc,phases      ] GC(1482)   Merge Heap Roots: 0.1ms
[867.668s][info][gc,phases      ] GC(1482)   Evacuate Collection Set: 4.3ms
[867.668s][info][gc,phases      ] GC(1482)   Post Evacuate Collection Set: 0.5ms
[867.668s][info][gc,phases      ] GC(1482)   Other: 0.2ms
[867.668s][info][gc,heap        ] GC(1482) Eden regions: 139->0(139)
[867.668s][info][gc,heap        ] GC(1482) Survivor regions: 7->7(19)
[867.668s][info][gc,heap        ] GC(1482) Old regions: 116->116
[867.668s][info][gc,heap        ] GC(1482) Humongous regions: 5->5
[867.668s][info][gc,metaspace   ] GC(1482) Metaspace: 84784K(85952K)->84784K(85952K) NonClass: 73855K(74496K)->73855K(74496K) Class: 10928K(11456K)->10928K(11456K)
[867.668s][info][gc             ] GC(1482) Pause Young (Concurrent Start) (G1 Evacuation Pause) 265M->126M(289M) 5.631ms
[867.668s][info][gc,cpu         ] GC(1482) User=0.00s Sys=0.00s Real=0.00s
[867.668s][info][gc             ] GC(1483) Concurrent Mark Cycle
[867.668s][info][gc,marking     ] GC(1483) Concurrent Scan Root Regions
[867.674s][info][gc,marking     ] GC(1483) Concurrent Scan Root Regions 5.454ms
[867.674s][info][gc,marking     ] GC(1483) Concurrent Mark
[867.674s][info][gc,marking     ] GC(1483) Concurrent Mark From Roots
[867.674s][info][gc,task        ] GC(1483) Using 2 workers of 2 for marking
[867.899s][info][gc,marking     ] GC(1483) Concurrent Mark From Roots 225.118ms
[867.899s][info][gc,marking     ] GC(1483) Concurrent Preclean
[867.899s][info][gc,marking     ] GC(1483) Concurrent Preclean 0.202ms
[867.900s][info][gc,start       ] GC(1483) Pause Remark
[867.906s][info][gc             ] GC(1483) Pause Remark 175M->175M(295M) 6.753ms
[867.906s][info][gc,cpu         ] GC(1483) User=0.05s Sys=0.00s Real=0.01s
[867.907s][info][gc,marking     ] GC(1483) Concurrent Mark 232.557ms
[867.907s][info][gc,marking     ] GC(1483) Concurrent Rebuild Remembered Sets and Scrub Regions
[867.986s][info][gc,marking     ] GC(1483) Concurrent Rebuild Remembered Sets and Scrub Regions 79.334ms
[867.986s][info][gc,start       ] GC(1483) Pause Cleanup
[867.986s][info][gc             ] GC(1483) Pause Cleanup 187M->187M(295M) 0.182ms
[867.986s][info][gc,cpu         ] GC(1483) User=0.00s Sys=0.00s Real=0.00s
[867.986s][info][gc,marking     ] GC(1483) Concurrent Clear Claimed Marks
[867.987s][info][gc,marking     ] GC(1483) Concurrent Clear Claimed Marks 0.133ms
[867.987s][info][gc,marking     ] GC(1483) Concurrent Cleanup for Next Mark
[867.987s][info][gc,marking     ] GC(1483) Concurrent Cleanup for Next Mark 0.640ms
[867.987s][info][gc             ] GC(1483) Concurrent Mark Cycle 318.993ms
[868.283s][info][gc,start       ] GC(1484) Pause Young (Normal) (G1 Evacuation Pause)
[868.283s][info][gc,task        ] GC(1484) Using 8 workers of 8 for evacuation
[868.289s][info][gc,phases      ] GC(1484)   Pre Evacuate Collection Set: 0.2ms
[868.289s][info][gc,phases      ] GC(1484)   Merge Heap Roots: 0.1ms
[868.289s][info][gc,phases      ] GC(1484)   Evacuate Collection Set: 4.5ms
[868.289s][info][gc,phases      ] GC(1484)   Post Evacuate Collection Set: 0.7ms
[868.289s][info][gc,phases      ] GC(1484)   Other: 0.1ms
[868.289s][info][gc,heap        ] GC(1484) Eden regions: 138->0(143)
[868.289s][info][gc,heap        ] GC(1484) Survivor regions: 7->7(19)
[868.289s][info][gc,heap        ] GC(1484) Old regions: 116->117
[868.289s][info][gc,heap        ] GC(1484) Humongous regions: 5->5
[868.289s][info][gc,metaspace   ] GC(1484) Metaspace: 84784K(85952K)->84784K(85952K) NonClass: 73855K(74496K)->73855K(74496K) Class: 10928K(11456K)->10928K(11456K)
[868.289s][info][gc             ] GC(1484) Pause Young (Normal) (G1 Evacuation Pause) 264M->127M(295M) 6.276ms
[868.289s][info][gc,cpu         ] GC(1484) User=0.00s Sys=0.00s Real=0.01s
[868.921s][info][gc,start       ] GC(1485) Pause Young (Concurrent Start) (G1 Evacuation Pause)
[868.921s][info][gc,task        ] GC(1485) Using 8 workers of 8 for evacuation
[868.929s][info][gc,phases      ] GC(1485)   Pre Evacuate Collection Set: 0.2ms
[868.929s][info][gc,phases      ] GC(1485)   Merge Heap Roots: 0.2ms
[868.929s][info][gc,phases      ] GC(1485)   Evacuate Collection Set: 7.0ms
[868.929s][info][gc,phases      ] GC(1485)   Post Evacuate Collection Set: 0.7ms
[868.929s][info][gc,phases      ] GC(1485)   Other: 0.2ms
[868.929s][info][gc,heap        ] GC(1485) Eden regions: 143->0(143)
[868.929s][info][gc,heap        ] GC(1485) Survivor regions: 7->7(19)
[868.929s][info][gc,heap        ] GC(1485) Old regions: 117->117
[868.930s][info][gc,heap        ] GC(1485) Humongous regions: 5->5
[868.930s][info][gc,metaspace   ] GC(1485) Metaspace: 84784K(85952K)->84784K(85952K) NonClass: 73855K(74496K)->73855K(74496K) Class: 10928K(11456K)->10928K(11456K)
[868.930s][info][gc             ] GC(1485) Pause Young (Concurrent Start) (G1 Evacuation Pause) 270M->127M(295M) 9.178ms
[868.930s][info][gc,cpu         ] GC(1485) User=0.00s Sys=0.00s Real=0.01s
[868.930s][info][gc             ] GC(1486) Concurrent Mark Cycle
[868.930s][info][gc,marking     ] GC(1486) Concurrent Scan Root Regions
[868.935s][info][gc,marking     ] GC(1486) Concurrent Scan Root Regions 4.554ms
[868.935s][info][gc,marking     ] GC(1486) Concurrent Mark
[868.935s][info][gc,marking     ] GC(1486) Concurrent Mark From Roots
[868.935s][info][gc,task        ] GC(1486) Using 2 workers of 2 for marking
[869.169s][info][gc,marking     ] GC(1486) Concurrent Mark From Roots 233.923ms
[869.169s][info][gc,marking     ] GC(1486) Concurrent Preclean
[869.169s][info][gc,marking     ] GC(1486) Concurrent Preclean 0.336ms
[869.169s][info][gc,start       ] GC(1486) Pause Remark
[869.178s][info][gc             ] GC(1486) Pause Remark 175M->175M(295M) 8.288ms
[869.178s][info][gc,cpu         ] GC(1486) User=0.00s Sys=0.00s Real=0.01s
[869.178s][info][gc,marking     ] GC(1486) Concurrent Mark 243.125ms
[869.178s][info][gc,marking     ] GC(1486) Concurrent Rebuild Remembered Sets and Scrub Regions
[869.260s][info][gc,marking     ] GC(1486) Concurrent Rebuild Remembered Sets and Scrub Regions 82.068ms
[869.260s][info][gc,start       ] GC(1486) Pause Cleanup
[869.260s][info][gc             ] GC(1486) Pause Cleanup 193M->193M(295M) 0.230ms
[869.260s][info][gc,cpu         ] GC(1486) User=0.00s Sys=0.00s Real=0.00s
[869.260s][info][gc,marking     ] GC(1486) Concurrent Clear Claimed Marks
[869.261s][info][gc,marking     ] GC(1486) Concurrent Clear Claimed Marks 0.113ms
[869.261s][info][gc,marking     ] GC(1486) Concurrent Cleanup for Next Mark
[869.261s][info][gc,marking     ] GC(1486) Concurrent Cleanup for Next Mark 0.559ms
[869.261s][info][gc             ] GC(1486) Concurrent Mark Cycle 331.428ms
[869.533s][info][gc,start       ] GC(1487) Pause Young (Prepare Mixed) (G1 Evacuation Pause)
[869.533s][info][gc,task        ] GC(1487) Using 8 workers of 8 for evacuation
[869.539s][info][gc,phases      ] GC(1487)   Pre Evacuate Collection Set: 0.2ms
[869.539s][info][gc,phases      ] GC(1487)   Merge Heap Roots: 0.1ms
[869.539s][info][gc,phases      ] GC(1487)   Evacuate Collection Set: 5.3ms
[869.539s][info][gc,phases      ] GC(1487)   Post Evacuate Collection Set: 0.7ms
[869.539s][info][gc,phases      ] GC(1487)   Other: 0.1ms
[869.539s][info][gc,heap        ] GC(1487) Eden regions: 143->0(142)
[869.539s][info][gc,heap        ] GC(1487) Survivor regions: 7->7(19)
[869.540s][info][gc,heap        ] GC(1487) Old regions: 117->118
[869.540s][info][gc,heap        ] GC(1487) Humongous regions: 5->5
[869.540s][info][gc,metaspace   ] GC(1487) Metaspace: 84784K(85952K)->84784K(85952K) NonClass: 73855K(74496K)->73855K(74496K) Class: 10928K(11456K)->10928K(11456K)
[869.540s][info][gc             ] GC(1487) Pause Young (Prepare Mixed) (G1 Evacuation Pause) 270M->128M(295M) 7.098ms
[869.540s][info][gc,cpu         ] GC(1487) User=0.00s Sys=0.00s Real=0.01s
[870.086s][info][gc,start       ] GC(1488) Pause Young (Mixed) (G1 Evacuation Pause)
[870.086s][info][gc,task        ] GC(1488) Using 8 workers of 8 for evacuation
[870.093s][info][gc,phases      ] GC(1488)   Pre Evacuate Collection Set: 0.2ms
[870.093s][info][gc,phases      ] GC(1488)   Merge Heap Roots: 0.1ms
[870.093s][info][gc,phases      ] GC(1488)   Evacuate Collection Set: 6.4ms
[870.093s][info][gc,phases      ] GC(1488)   Post Evacuate Collection Set: 0.7ms
[870.093s][info][gc,phases      ] GC(1488)   Other: 0.2ms
[870.093s][info][gc,heap        ] GC(1488) Eden regions: 142->0(142)
[870.094s][info][gc,heap        ] GC(1488) Survivor regions: 7->7(19)
[870.094s][info][gc,heap        ] GC(1488) Old regions: 118->118
[870.094s][info][gc,heap        ] GC(1488) Humongous regions: 5->5
[870.094s][info][gc,metaspace   ] GC(1488) Metaspace: 84784K(85952K)->84784K(85952K) NonClass: 73855K(74496K)->73855K(74496K) Class: 10928K(11456K)->10928K(11456K)
[870.094s][info][gc             ] GC(1488) Pause Young (Mixed) (G1 Evacuation Pause) 270M->128M(295M) 8.138ms
[870.094s][info][gc,cpu         ] GC(1488) User=0.09s Sys=0.00s Real=0.01s
[870.559s][info][gc,start       ] GC(1489) Pause Young (Concurrent Start) (G1 Evacuation Pause)
[870.559s][info][gc,task        ] GC(1489) Using 8 workers of 8 for evacuation
[870.564s][info][gc,phases      ] GC(1489)   Pre Evacuate Collection Set: 0.2ms
[870.564s][info][gc,phases      ] GC(1489)   Merge Heap Roots: 0.1ms
[870.565s][info][gc,phases      ] GC(1489)   Evacuate Collection Set: 4.1ms
[870.565s][info][gc,phases      ] GC(1489)   Post Evacuate Collection Set: 0.5ms
[870.565s][info][gc,phases      ] GC(1489)   Other: 0.2ms
[870.565s][info][gc,heap        ] GC(1489) Eden regions: 142->0(142)
[870.565s][info][gc,heap        ] GC(1489) Survivor regions: 7->7(19)
[870.565s][info][gc,heap        ] GC(1489) Old regions: 118->118
[870.565s][info][gc,heap        ] GC(1489) Humongous regions: 5->5
[870.565s][info][gc,metaspace   ] GC(1489) Metaspace: 84784K(85952K)->84784K(85952K) NonClass: 73855K(74496K)->73855K(74496K) Class: 10928K(11456K)->10928K(11456K)
[870.565s][info][gc             ] GC(1489) Pause Young (Concurrent Start) (G1 Evacuation Pause) 270M->128M(295M) 5.515ms
[870.565s][info][gc,cpu         ] GC(1489) User=0.09s Sys=0.00s Real=0.01s
[870.565s][info][gc             ] GC(1490) Concurrent Mark Cycle
[870.565s][info][gc,marking     ] GC(1490) Concurrent Scan Root Regions
[870.568s][info][gc,marking     ] GC(1490) Concurrent Scan Root Regions 3.392ms
[870.568s][info][gc,marking     ] GC(1490) Concurrent Mark
[870.568s][info][gc,marking     ] GC(1490) Concurrent Mark From Roots
[870.568s][info][gc,task        ] GC(1490) Using 2 workers of 2 for marking
[870.775s][info][gc,marking     ] GC(1490) Concurrent Mark From Roots 206.344ms
[870.775s][info][gc,marking     ] GC(1490) Concurrent Preclean
[870.775s][info][gc,marking     ] GC(1490) Concurrent Preclean 0.258ms
[870.775s][info][gc,start       ] GC(1490) Pause Remark
[870.782s][info][gc             ] GC(1490) Pause Remark 176M->176M(297M) 6.540ms
[870.782s][info][gc,cpu         ] GC(1490) User=0.06s Sys=0.02s Real=0.01s
[870.782s][info][gc,marking     ] GC(1490) Concurrent Mark 213.639ms
[870.782s][info][gc,marking     ] GC(1490) Concurrent Rebuild Remembered Sets and Scrub Regions
[870.818s][info][gc,marking     ] GC(1490) Concurrent Rebuild Remembered Sets and Scrub Regions 35.748ms
[870.818s][info][gc,start       ] GC(1490) Pause Cleanup
[870.818s][info][gc             ] GC(1490) Pause Cleanup 182M->182M(297M) 0.093ms
[870.818s][info][gc,cpu         ] GC(1490) User=0.00s Sys=0.00s Real=0.00s
[870.818s][info][gc,marking     ] GC(1490) Concurrent Clear Claimed Marks
[870.819s][info][gc,marking     ] GC(1490) Concurrent Clear Claimed Marks 0.175ms
[870.819s][info][gc,marking     ] GC(1490) Concurrent Cleanup for Next Mark
[870.819s][info][gc,marking     ] GC(1490) Concurrent Cleanup for Next Mark 0.847ms
[870.819s][info][gc             ] GC(1490) Concurrent Mark Cycle 254.586ms
[871.136s][info][gc,start       ] GC(1491) Pause Young (Normal) (G1 Evacuation Pause)
[871.137s][info][gc,task        ] GC(1491) Using 8 workers of 8 for evacuation
[871.143s][info][gc,phases      ] GC(1491)   Pre Evacuate Collection Set: 0.1ms
[871.143s][info][gc,phases      ] GC(1491)   Merge Heap Roots: 0.1ms
[871.143s][info][gc,phases      ] GC(1491)   Evacuate Collection Set: 5.9ms
[871.144s][info][gc,phases      ] GC(1491)   Post Evacuate Collection Set: 0.6ms
[871.144s][info][gc,phases      ] GC(1491)   Other: 0.1ms
[871.144s][info][gc,heap        ] GC(1491) Eden regions: 142->0(143)
[871.144s][info][gc,heap        ] GC(1491) Survivor regions: 7->7(19)
[871.144s][info][gc,heap        ] GC(1491) Old regions: 118->119
[871.144s][info][gc,heap        ] GC(1491) Humongous regions: 5->5
[871.144s][info][gc,metaspace   ] GC(1491) Metaspace: 84784K(85952K)->84784K(85952K) NonClass: 73855K(74496K)->73855K(74496K) Class: 10928K(11456K)->10928K(11456K)
[871.144s][info][gc             ] GC(1491) Pause Young (Normal) (G1 Evacuation Pause) 270M->129M(297M) 7.481ms
[871.144s][info][gc,cpu         ] GC(1491) User=0.11s Sys=0.00s Real=0.01s
[871.633s][info][gc,start       ] GC(1492) Pause Young (Concurrent Start) (G1 Evacuation Pause)
[871.633s][info][gc,task        ] GC(1492) Using 8 workers of 8 for evacuation
[871.639s][info][gc,phases      ] GC(1492)   Pre Evacuate Collection Set: 0.2ms
[871.639s][info][gc,phases      ] GC(1492)   Merge Heap Roots: 0.1ms
[871.639s][info][gc,phases      ] GC(1492)   Evacuate Collection Set: 4.6ms
[871.639s][info][gc,phases      ] GC(1492)   Post Evacuate Collection Set: 0.5ms
[871.639s][info][gc,phases      ] GC(1492)   Other: 0.2ms
[871.639s][info][gc,heap        ] GC(1492) Eden regions: 143->0(143)
[871.639s][info][gc,heap        ] GC(1492) Survivor regions: 7->7(19)
[871.639s][info][gc,heap        ] GC(1492) Old regions: 119->119
[871.639s][info][gc,heap        ] GC(1492) Humongous regions: 5->5
[871.639s][info][gc,metaspace   ] GC(1492) Metaspace: 84784K(85952K)->84784K(85952K) NonClass: 73855K(74496K)->73855K(74496K) Class: 10928K(11456K)->10928K(11456K)
[871.639s][info][gc             ] GC(1492) Pause Young (Concurrent Start) (G1 Evacuation Pause) 272M->129M(297M) 5.910ms
[871.639s][info][gc,cpu         ] GC(1492) User=0.12s Sys=0.00s Real=0.01s
[871.639s][info][gc             ] GC(1493) Concurrent Mark Cycle
[871.639s][info][gc,marking     ] GC(1493) Concurrent Scan Root Regions
[871.644s][info][gc,marking     ] GC(1493) Concurrent Scan Root Regions 4.585ms
[871.644s][info][gc,marking     ] GC(1493) Concurrent Mark
[871.644s][info][gc,marking     ] GC(1493) Concurrent Mark From Roots
[871.644s][info][gc,task        ] GC(1493) Using 2 workers of 2 for marking
[871.867s][info][gc,marking     ] GC(1493) Concurrent Mark From Roots 223.226ms
[871.867s][info][gc,marking     ] GC(1493) Concurrent Preclean
[871.867s][info][gc,marking     ] GC(1493) Concurrent Preclean 0.272ms
[871.868s][info][gc,start       ] GC(1493) Pause Remark
[871.874s][info][gc             ] GC(1493) Pause Remark 180M->180M(300M) 6.768ms
[871.875s][info][gc,cpu         ] GC(1493) User=0.09s Sys=0.02s Real=0.01s
[871.875s][info][gc,marking     ] GC(1493) Concurrent Mark 230.726ms
[871.875s][info][gc,marking     ] GC(1493) Concurrent Rebuild Remembered Sets and Scrub Regions
[871.949s][info][gc,marking     ] GC(1493) Concurrent Rebuild Remembered Sets and Scrub Regions 74.453ms
[871.949s][info][gc,start       ] GC(1493) Pause Cleanup
[871.949s][info][gc             ] GC(1493) Pause Cleanup 198M->198M(300M) 0.175ms
[871.950s][info][gc,cpu         ] GC(1493) User=0.00s Sys=0.00s Real=0.00s
[871.950s][info][gc,marking     ] GC(1493) Concurrent Clear Claimed Marks
[871.950s][info][gc,marking     ] GC(1493) Concurrent Clear Claimed Marks 0.097ms
[871.950s][info][gc,marking     ] GC(1493) Concurrent Cleanup for Next Mark
[871.950s][info][gc,marking     ] GC(1493) Concurrent Cleanup for Next Mark 0.482ms
[871.950s][info][gc             ] GC(1493) Concurrent Mark Cycle 311.152ms
[872.253s][info][gc,start       ] GC(1494) Pause Young (Normal) (G1 Evacuation Pause)
[872.253s][info][gc,task        ] GC(1494) Using 8 workers of 8 for evacuation
[872.260s][info][gc,phases      ] GC(1494)   Pre Evacuate Collection Set: 0.1ms
[872.260s][info][gc,phases      ] GC(1494)   Merge Heap Roots: 0.1ms
[872.260s][info][gc,phases      ] GC(1494)   Evacuate Collection Set: 5.8ms
[872.260s][info][gc,phases      ] GC(1494)   Post Evacuate Collection Set: 0.7ms
[872.260s][info][gc,phases      ] GC(1494)   Other: 0.1ms
[872.260s][info][gc,heap        ] GC(1494) Eden regions: 144->0(146)
[872.260s][info][gc,heap        ] GC(1494) Survivor regions: 7->7(19)
[872.260s][info][gc,heap        ] GC(1494) Old regions: 119->120
[872.260s][info][gc,heap        ] GC(1494) Humongous regions: 5->5
[872.260s][info][gc,metaspace   ] GC(1494) Metaspace: 84784K(85952K)->84784K(85952K) NonClass: 73855K(74496K)->73855K(74496K) Class: 10928K(11456K)->10928K(11456K)
[872.261s][info][gc             ] GC(1494) Pause Young (Normal) (G1 Evacuation Pause) 273M->130M(300M) 7.747ms
[872.261s][info][gc,cpu         ] GC(1494) User=0.00s Sys=0.00s Real=0.01s
[872.794s][info][gc,start       ] GC(1495) Pause Young (Concurrent Start) (G1 Evacuation Pause)
[872.794s][info][gc,task        ] GC(1495) Using 8 workers of 8 for evacuation
[872.801s][info][gc,phases      ] GC(1495)   Pre Evacuate Collection Set: 0.2ms
[872.801s][info][gc,phases      ] GC(1495)   Merge Heap Roots: 0.1ms
[872.801s][info][gc,phases      ] GC(1495)   Evacuate Collection Set: 6.1ms
[872.801s][info][gc,phases      ] GC(1495)   Post Evacuate Collection Set: 0.5ms
[872.801s][info][gc,phases      ] GC(1495)   Other: 0.2ms
[872.801s][info][gc,heap        ] GC(1495) Eden regions: 146->0(146)
[872.801s][info][gc,heap        ] GC(1495) Survivor regions: 7->7(20)
[872.801s][info][gc,heap        ] GC(1495) Old regions: 120->120
[872.801s][info][gc,heap        ] GC(1495) Humongous regions: 5->5
[872.801s][info][gc,metaspace   ] GC(1495) Metaspace: 84784K(85952K)->84784K(85952K) NonClass: 73855K(74496K)->73855K(74496K) Class: 10928K(11456K)->10928K(11456K)
[872.802s][info][gc             ] GC(1495) Pause Young (Concurrent Start) (G1 Evacuation Pause) 276M->131M(300M) 7.887ms
[872.802s][info][gc             ] GC(1496) Concurrent Mark Cycle
[872.802s][info][gc,cpu         ] GC(1495) User=0.02s Sys=0.00s Real=0.01s
[872.802s][info][gc,marking     ] GC(1496) Concurrent Scan Root Regions
[872.807s][info][gc,marking     ] GC(1496) Concurrent Scan Root Regions 5.181ms
[872.807s][info][gc,marking     ] GC(1496) Concurrent Mark
[872.807s][info][gc,marking     ] GC(1496) Concurrent Mark From Roots
[872.807s][info][gc,task        ] GC(1496) Using 2 workers of 2 for marking
[873.044s][info][gc,marking     ] GC(1496) Concurrent Mark From Roots 236.585ms
[873.044s][info][gc,marking     ] GC(1496) Concurrent Preclean
[873.044s][info][gc,marking     ] GC(1496) Concurrent Preclean 0.284ms
[873.044s][info][gc,start       ] GC(1496) Pause Remark
[873.052s][info][gc             ] GC(1496) Pause Remark 177M->177M(300M) 7.618ms
[873.052s][info][gc,cpu         ] GC(1496) User=0.00s Sys=0.00s Real=0.01s
[873.052s][info][gc,marking     ] GC(1496) Concurrent Mark 244.942ms
[873.052s][info][gc,marking     ] GC(1496) Concurrent Rebuild Remembered Sets and Scrub Regions
[873.129s][info][gc,marking     ] GC(1496) Concurrent Rebuild Remembered Sets and Scrub Regions 77.260ms
[873.130s][info][gc,start       ] GC(1496) Pause Cleanup
[873.130s][info][gc             ] GC(1496) Pause Cleanup 194M->194M(300M) 0.307ms
[873.130s][info][gc,cpu         ] GC(1496) User=0.00s Sys=0.00s Real=0.00s
[873.130s][info][gc,marking     ] GC(1496) Concurrent Clear Claimed Marks
[873.130s][info][gc,marking     ] GC(1496) Concurrent Clear Claimed Marks 0.148ms
[873.130s][info][gc,marking     ] GC(1496) Concurrent Cleanup for Next Mark
[873.132s][info][gc,marking     ] GC(1496) Concurrent Cleanup for Next Mark 1.649ms
[873.132s][info][gc             ] GC(1496) Concurrent Mark Cycle 330.266ms
[873.475s][info][gc,start       ] GC(1497) Pause Young (Prepare Mixed) (G1 Evacuation Pause)
[873.476s][info][gc,task        ] GC(1497) Using 8 workers of 8 for evacuation
[873.483s][info][gc,phases      ] GC(1497)   Pre Evacuate Collection Set: 0.2ms
[873.483s][info][gc,phases      ] GC(1497)   Merge Heap Roots: 0.1ms
[873.483s][info][gc,phases      ] GC(1497)   Evacuate Collection Set: 6.6ms
[873.484s][info][gc,phases      ] GC(1497)   Post Evacuate Collection Set: 0.6ms
[873.484s][info][gc,phases      ] GC(1497)   Other: 0.2ms
[873.484s][info][gc,heap        ] GC(1497) Eden regions: 146->0(145)
[873.484s][info][gc,heap        ] GC(1497) Survivor regions: 7->7(20)
[873.484s][info][gc,heap        ] GC(1497) Old regions: 120->121
[873.484s][info][gc,heap        ] GC(1497) Humongous regions: 5->5
[873.484s][info][gc,metaspace   ] GC(1497) Metaspace: 84784K(85952K)->84784K(85952K) NonClass: 73855K(74496K)->73855K(74496K) Class: 10928K(11456K)->10928K(11456K)
[873.484s][info][gc             ] GC(1497) Pause Young (Prepare Mixed) (G1 Evacuation Pause) 277M->131M(300M) 8.589ms
[873.484s][info][gc,cpu         ] GC(1497) User=0.11s Sys=0.00s Real=0.01s
[874.035s][info][gc,start       ] GC(1498) Pause Young (Mixed) (G1 Evacuation Pause)
[874.035s][info][gc,task        ] GC(1498) Using 8 workers of 8 for evacuation
[874.042s][info][gc,phases      ] GC(1498)   Pre Evacuate Collection Set: 0.2ms
[874.042s][info][gc,phases      ] GC(1498)   Merge Heap Roots: 0.1ms
[874.042s][info][gc,phases      ] GC(1498)   Evacuate Collection Set: 5.9ms
[874.042s][info][gc,phases      ] GC(1498)   Post Evacuate Collection Set: 0.6ms
[874.042s][info][gc,phases      ] GC(1498)   Other: 0.1ms
[874.042s][info][gc,heap        ] GC(1498) Eden regions: 145->0(145)
[874.042s][info][gc,heap        ] GC(1498) Survivor regions: 7->7(19)
[874.042s][info][gc,heap        ] GC(1498) Old regions: 121->121
[874.043s][info][gc,heap        ] GC(1498) Humongous regions: 5->5
[874.043s][info][gc,metaspace   ] GC(1498) Metaspace: 84784K(85952K)->84784K(85952K) NonClass: 73855K(74496K)->73855K(74496K) Class: 10928K(11456K)->10928K(11456K)
[874.043s][info][gc             ] GC(1498) Pause Young (Mixed) (G1 Evacuation Pause) 276M->131M(300M) 7.547ms
[874.043s][info][gc,cpu         ] GC(1498) User=0.00s Sys=0.00s Real=0.01s
[874.601s][info][gc,start       ] GC(1499) Pause Young (Concurrent Start) (G1 Evacuation Pause)
[874.601s][info][gc,task        ] GC(1499) Using 8 workers of 8 for evacuation
[874.608s][info][gc,phases      ] GC(1499)   Pre Evacuate Collection Set: 0.2ms
[874.608s][info][gc,phases      ] GC(1499)   Merge Heap Roots: 0.1ms
[874.608s][info][gc,phases      ] GC(1499)   Evacuate Collection Set: 5.3ms
[874.608s][info][gc,phases      ] GC(1499)   Post Evacuate Collection Set: 0.7ms
[874.608s][info][gc,phases      ] GC(1499)   Other: 0.2ms
[874.608s][info][gc,heap        ] GC(1499) Eden regions: 145->0(145)
[874.608s][info][gc,heap        ] GC(1499) Survivor regions: 7->7(19)
[874.608s][info][gc,heap        ] GC(1499) Old regions: 121->121
[874.608s][info][gc,heap        ] GC(1499) Humongous regions: 5->5
[874.608s][info][gc,metaspace   ] GC(1499) Metaspace: 84784K(85952K)->84784K(85952K) NonClass: 73855K(74496K)->73855K(74496K) Class: 10928K(11456K)->10928K(11456K)
[874.608s][info][gc             ] GC(1499) Pause Young (Concurrent Start) (G1 Evacuation Pause) 276M->131M(300M) 7.169ms
[874.609s][info][gc             ] GC(1500) Concurrent Mark Cycle
[874.609s][info][gc,cpu         ] GC(1499) User=0.11s Sys=0.00s Real=0.01s
[874.609s][info][gc,marking     ] GC(1500) Concurrent Scan Root Regions
[874.613s][info][gc,marking     ] GC(1500) Concurrent Scan Root Regions 4.331ms
[874.613s][info][gc,marking     ] GC(1500) Concurrent Mark
[874.613s][info][gc,marking     ] GC(1500) Concurrent Mark From Roots
[874.613s][info][gc,task        ] GC(1500) Using 2 workers of 2 for marking
[874.854s][info][gc,marking     ] GC(1500) Concurrent Mark From Roots 240.815ms
[874.854s][info][gc,marking     ] GC(1500) Concurrent Preclean
[874.854s][info][gc,marking     ] GC(1500) Concurrent Preclean 0.200ms
[874.854s][info][gc,start       ] GC(1500) Pause Remark
[874.862s][info][gc             ] GC(1500) Pause Remark 179M->179M(300M) 8.131ms
[874.862s][info][gc,cpu         ] GC(1500) User=0.05s Sys=0.02s Real=0.01s
[874.863s][info][gc,marking     ] GC(1500) Concurrent Mark 249.550ms
[874.863s][info][gc,marking     ] GC(1500) Concurrent Rebuild Remembered Sets and Scrub Regions
[874.946s][info][gc,marking     ] GC(1500) Concurrent Rebuild Remembered Sets and Scrub Regions 83.219ms
[874.946s][info][gc,start       ] GC(1500) Pause Cleanup
[874.946s][info][gc             ] GC(1500) Pause Cleanup 194M->194M(300M) 0.273ms
[874.946s][info][gc,cpu         ] GC(1500) User=0.00s Sys=0.00s Real=0.00s
[874.946s][info][gc,marking     ] GC(1500) Concurrent Clear Claimed Marks
[874.947s][info][gc,marking     ] GC(1500) Concurrent Clear Claimed Marks 0.149ms
[874.947s][info][gc,marking     ] GC(1500) Concurrent Cleanup for Next Mark
[874.947s][info][gc,marking     ] GC(1500) Concurrent Cleanup for Next Mark 0.743ms
[874.947s][info][gc             ] GC(1500) Concurrent Mark Cycle 338.937ms
[875.254s][info][gc,start       ] GC(1501) Pause Young (Normal) (G1 Evacuation Pause)
[875.254s][info][gc,task        ] GC(1501) Using 8 workers of 8 for evacuation
[875.262s][info][gc,phases      ] GC(1501)   Pre Evacuate Collection Set: 0.2ms
[875.262s][info][gc,phases      ] GC(1501)   Merge Heap Roots: 0.1ms
[875.262s][info][gc,phases      ] GC(1501)   Evacuate Collection Set: 6.2ms
[875.262s][info][gc,phases      ] GC(1501)   Post Evacuate Collection Set: 0.8ms
[875.262s][info][gc,phases      ] GC(1501)   Other: 0.1ms
[875.262s][info][gc,heap        ] GC(1501) Eden regions: 145->0(144)
[875.262s][info][gc,heap        ] GC(1501) Survivor regions: 7->7(19)
[875.262s][info][gc,heap        ] GC(1501) Old regions: 121->122
[875.262s][info][gc,heap        ] GC(1501) Humongous regions: 5->5
[875.262s][info][gc,metaspace   ] GC(1501) Metaspace: 84784K(85952K)->84784K(85952K) NonClass: 73855K(74496K)->73855K(74496K) Class: 10928K(11456K)->10928K(11456K)
[875.262s][info][gc             ] GC(1501) Pause Young (Normal) (G1 Evacuation Pause) 276M->132M(300M) 8.053ms
[875.262s][info][gc,cpu         ] GC(1501) User=0.02s Sys=0.00s Real=0.01s
[875.862s][info][gc,start       ] GC(1502) Pause Young (Concurrent Start) (G1 Evacuation Pause)
[875.862s][info][gc,task        ] GC(1502) Using 8 workers of 8 for evacuation
[875.869s][info][gc,phases      ] GC(1502)   Pre Evacuate Collection Set: 0.2ms
[875.869s][info][gc,phases      ] GC(1502)   Merge Heap Roots: 0.1ms
[875.869s][info][gc,phases      ] GC(1502)   Evacuate Collection Set: 5.0ms
[875.869s][info][gc,phases      ] GC(1502)   Post Evacuate Collection Set: 0.7ms
[875.869s][info][gc,phases      ] GC(1502)   Other: 0.2ms
[875.869s][info][gc,heap        ] GC(1502) Eden regions: 144->0(144)
[875.869s][info][gc,heap        ] GC(1502) Survivor regions: 7->7(19)
[875.869s][info][gc,heap        ] GC(1502) Old regions: 122->122
[875.869s][info][gc,heap        ] GC(1502) Humongous regions: 5->5
[875.869s][info][gc,metaspace   ] GC(1502) Metaspace: 84784K(85952K)->84784K(85952K) NonClass: 73855K(74496K)->73855K(74496K) Class: 10928K(11456K)->10928K(11456K)
[875.869s][info][gc             ] GC(1502) Pause Young (Concurrent Start) (G1 Evacuation Pause) 276M->132M(300M) 7.021ms
[875.869s][info][gc             ] GC(1503) Concurrent Mark Cycle
[875.870s][info][gc,cpu         ] GC(1502) User=0.00s Sys=0.00s Real=0.01s
[875.870s][info][gc,marking     ] GC(1503) Concurrent Scan Root Regions
[875.875s][info][gc,marking     ] GC(1503) Concurrent Scan Root Regions 5.702ms
[875.875s][info][gc,marking     ] GC(1503) Concurrent Mark
[875.875s][info][gc,marking     ] GC(1503) Concurrent Mark From Roots
[875.875s][info][gc,task        ] GC(1503) Using 2 workers of 2 for marking
[876.102s][info][gc,marking     ] GC(1503) Concurrent Mark From Roots 226.599ms
[876.102s][info][gc,marking     ] GC(1503) Concurrent Preclean
[876.102s][info][gc,marking     ] GC(1503) Concurrent Preclean 0.292ms
[876.103s][info][gc,start       ] GC(1503) Pause Remark
[876.111s][info][gc             ] GC(1503) Pause Remark 180M->180M(300M) 8.386ms
[876.111s][info][gc,cpu         ] GC(1503) User=0.06s Sys=0.00s Real=0.01s
[876.111s][info][gc,marking     ] GC(1503) Concurrent Mark 235.796ms
[876.111s][info][gc,marking     ] GC(1503) Concurrent Rebuild Remembered Sets and Scrub Regions
[876.188s][info][gc,marking     ] GC(1503) Concurrent Rebuild Remembered Sets and Scrub Regions 76.758ms
[876.188s][info][gc,start       ] GC(1503) Pause Cleanup
[876.188s][info][gc             ] GC(1503) Pause Cleanup 198M->198M(300M) 0.203ms
[876.188s][info][gc,cpu         ] GC(1503) User=0.00s Sys=0.00s Real=0.00s
[876.189s][info][gc,marking     ] GC(1503) Concurrent Clear Claimed Marks
[876.189s][info][gc,marking     ] GC(1503) Concurrent Clear Claimed Marks 0.134ms
[876.189s][info][gc,marking     ] GC(1503) Concurrent Cleanup for Next Mark
[876.189s][info][gc,marking     ] GC(1503) Concurrent Cleanup for Next Mark 0.528ms
[876.189s][info][gc             ] GC(1503) Concurrent Mark Cycle 319.839ms
[876.461s][info][gc,start       ] GC(1504) Pause Young (Normal) (G1 Evacuation Pause)
[876.461s][info][gc,task        ] GC(1504) Using 8 workers of 8 for evacuation
[876.469s][info][gc,phases      ] GC(1504)   Pre Evacuate Collection Set: 0.2ms
[876.469s][info][gc,phases      ] GC(1504)   Merge Heap Roots: 0.1ms
[876.469s][info][gc,phases      ] GC(1504)   Evacuate Collection Set: 5.8ms
[876.469s][info][gc,phases      ] GC(1504)   Post Evacuate Collection Set: 1.0ms
[876.469s][info][gc,phases      ] GC(1504)   Other: 0.1ms
[876.469s][info][gc,heap        ] GC(1504) Eden regions: 144->0(143)
[876.469s][info][gc,heap        ] GC(1504) Survivor regions: 7->7(19)
[876.469s][info][gc,heap        ] GC(1504) Old regions: 122->123
[876.469s][info][gc,heap        ] GC(1504) Humongous regions: 5->5
[876.469s][info][gc,metaspace   ] GC(1504) Metaspace: 84784K(85952K)->84784K(85952K) NonClass: 73855K(74496K)->73855K(74496K) Class: 10928K(11456K)->10928K(11456K)
[876.469s][info][gc             ] GC(1504) Pause Young (Normal) (G1 Evacuation Pause) 276M->133M(300M) 7.809ms
[876.469s][info][gc,cpu         ] GC(1504) User=0.11s Sys=0.00s Real=0.01s
[876.948s][info][gc,start       ] GC(1505) Pause Young (Concurrent Start) (G1 Evacuation Pause)
[876.948s][info][gc,task        ] GC(1505) Using 8 workers of 8 for evacuation
[876.954s][info][gc,phases      ] GC(1505)   Pre Evacuate Collection Set: 0.2ms
[876.954s][info][gc,phases      ] GC(1505)   Merge Heap Roots: 0.2ms
[876.954s][info][gc,phases      ] GC(1505)   Evacuate Collection Set: 4.7ms
[876.955s][info][gc,phases      ] GC(1505)   Post Evacuate Collection Set: 0.6ms
[876.955s][info][gc,phases      ] GC(1505)   Other: 0.2ms
[876.955s][info][gc,heap        ] GC(1505) Eden regions: 143->0(143)
[876.955s][info][gc,heap        ] GC(1505) Survivor regions: 7->7(19)
[876.955s][info][gc,heap        ] GC(1505) Old regions: 123->123
[876.955s][info][gc,heap        ] GC(1505) Humongous regions: 5->5
[876.955s][info][gc,metaspace   ] GC(1505) Metaspace: 84784K(85952K)->84784K(85952K) NonClass: 73855K(74496K)->73855K(74496K) Class: 10928K(11456K)->10928K(11456K)
[876.955s][info][gc             ] GC(1505) Pause Young (Concurrent Start) (G1 Evacuation Pause) 276M->134M(300M) 6.605ms
[876.955s][info][gc,cpu         ] GC(1505) User=0.09s Sys=0.02s Real=0.01s
[876.955s][info][gc             ] GC(1506) Concurrent Mark Cycle
[876.955s][info][gc,marking     ] GC(1506) Concurrent Scan Root Regions
[876.960s][info][gc,marking     ] GC(1506) Concurrent Scan Root Regions 4.416ms
[876.960s][info][gc,marking     ] GC(1506) Concurrent Mark
[876.960s][info][gc,marking     ] GC(1506) Concurrent Mark From Roots
[876.960s][info][gc,task        ] GC(1506) Using 2 workers of 2 for marking
[877.188s][info][gc,marking     ] GC(1506) Concurrent Mark From Roots 228.259ms
[877.188s][info][gc,marking     ] GC(1506) Concurrent Preclean
[877.188s][info][gc,marking     ] GC(1506) Concurrent Preclean 0.364ms
[877.189s][info][gc,start       ] GC(1506) Pause Remark
[877.195s][info][gc             ] GC(1506) Pause Remark 187M->187M(300M) 6.253ms
[877.195s][info][gc,cpu         ] GC(1506) User=0.00s Sys=0.00s Real=0.01s
[877.195s][info][gc,marking     ] GC(1506) Concurrent Mark 235.383ms
[877.195s][info][gc,marking     ] GC(1506) Concurrent Rebuild Remembered Sets and Scrub Regions
[877.271s][info][gc,marking     ] GC(1506) Concurrent Rebuild Remembered Sets and Scrub Regions 76.112ms
[877.271s][info][gc,start       ] GC(1506) Pause Cleanup
[877.272s][info][gc             ] GC(1506) Pause Cleanup 208M->208M(300M) 0.177ms
[877.272s][info][gc,cpu         ] GC(1506) User=0.00s Sys=0.00s Real=0.00s
[877.272s][info][gc,marking     ] GC(1506) Concurrent Clear Claimed Marks
[877.272s][info][gc,marking     ] GC(1506) Concurrent Clear Claimed Marks 0.107ms
[877.272s][info][gc,marking     ] GC(1506) Concurrent Cleanup for Next Mark
[877.272s][info][gc,marking     ] GC(1506) Concurrent Cleanup for Next Mark 0.470ms
[877.272s][info][gc             ] GC(1506) Concurrent Mark Cycle 317.317ms
[877.506s][info][gc,start       ] GC(1507) Pause Young (Normal) (G1 Evacuation Pause)
[877.506s][info][gc,task        ] GC(1507) Using 8 workers of 8 for evacuation
[877.513s][info][gc,phases      ] GC(1507)   Pre Evacuate Collection Set: 0.2ms
[877.513s][info][gc,phases      ] GC(1507)   Merge Heap Roots: 0.1ms
[877.513s][info][gc,phases      ] GC(1507)   Evacuate Collection Set: 5.3ms
[877.513s][info][gc,phases      ] GC(1507)   Post Evacuate Collection Set: 0.6ms
[877.513s][info][gc,phases      ] GC(1507)   Other: 0.1ms
[877.513s][info][gc,heap        ] GC(1507) Eden regions: 143->0(142)
[877.513s][info][gc,heap        ] GC(1507) Survivor regions: 7->7(19)
[877.513s][info][gc,heap        ] GC(1507) Old regions: 123->124
[877.513s][info][gc,heap        ] GC(1507) Humongous regions: 5->5
[877.513s][info][gc,metaspace   ] GC(1507) Metaspace: 84784K(85952K)->84784K(85952K) NonClass: 73855K(74496K)->73855K(74496K) Class: 10928K(11456K)->10928K(11456K)
[877.513s][info][gc             ] GC(1507) Pause Young (Normal) (G1 Evacuation Pause) 277M->134M(300M) 6.987ms
[877.513s][info][gc,cpu         ] GC(1507) User=0.02s Sys=0.00s Real=0.01s
[878.059s][info][gc,start       ] GC(1508) Pause Young (Concurrent Start) (G1 Evacuation Pause)
[878.059s][info][gc,task        ] GC(1508) Using 8 workers of 8 for evacuation
[878.066s][info][gc,phases      ] GC(1508)   Pre Evacuate Collection Set: 0.3ms
[878.066s][info][gc,phases      ] GC(1508)   Merge Heap Roots: 0.1ms
[878.066s][info][gc,phases      ] GC(1508)   Evacuate Collection Set: 5.7ms
[878.066s][info][gc,phases      ] GC(1508)   Post Evacuate Collection Set: 0.6ms
[878.066s][info][gc,phases      ] GC(1508)   Other: 0.2ms
[878.066s][info][gc,heap        ] GC(1508) Eden regions: 142->0(142)
[878.066s][info][gc,heap        ] GC(1508) Survivor regions: 7->7(19)
[878.066s][info][gc,heap        ] GC(1508) Old regions: 124->124
[878.066s][info][gc,heap        ] GC(1508) Humongous regions: 5->5
[878.066s][info][gc,metaspace   ] GC(1508) Metaspace: 84784K(85952K)->84784K(85952K) NonClass: 73855K(74496K)->73855K(74496K) Class: 10928K(11456K)->10928K(11456K)
[878.066s][info][gc             ] GC(1508) Pause Young (Concurrent Start) (G1 Evacuation Pause) 276M->134M(300M) 7.446ms
[878.066s][info][gc,cpu         ] GC(1508) User=0.00s Sys=0.02s Real=0.01s
[878.066s][info][gc             ] GC(1509) Concurrent Mark Cycle
[878.066s][info][gc,marking     ] GC(1509) Concurrent Scan Root Regions
[878.072s][info][gc,marking     ] GC(1509) Concurrent Scan Root Regions 5.516ms
[878.072s][info][gc,marking     ] GC(1509) Concurrent Mark
[878.072s][info][gc,marking     ] GC(1509) Concurrent Mark From Roots
[878.072s][info][gc,task        ] GC(1509) Using 2 workers of 2 for marking
[878.336s][info][gc,marking     ] GC(1509) Concurrent Mark From Roots 264.478ms
[878.337s][info][gc,marking     ] GC(1509) Concurrent Preclean
[878.337s][info][gc,marking     ] GC(1509) Concurrent Preclean 0.252ms
[878.337s][info][gc,start       ] GC(1509) Pause Remark
[878.345s][info][gc             ] GC(1509) Pause Remark 178M->178M(300M) 7.945ms
[878.345s][info][gc,cpu         ] GC(1509) User=0.12s Sys=0.00s Real=0.01s
[878.345s][info][gc,marking     ] GC(1509) Concurrent Mark 273.145ms
[878.345s][info][gc,marking     ] GC(1509) Concurrent Rebuild Remembered Sets and Scrub Regions
[878.426s][info][gc,marking     ] GC(1509) Concurrent Rebuild Remembered Sets and Scrub Regions 80.462ms
[878.426s][info][gc,start       ] GC(1509) Pause Cleanup
[878.426s][info][gc             ] GC(1509) Pause Cleanup 193M->193M(300M) 0.247ms
[878.426s][info][gc,cpu         ] GC(1509) User=0.00s Sys=0.00s Real=0.00s
[878.426s][info][gc,marking     ] GC(1509) Concurrent Clear Claimed Marks
[878.426s][info][gc,marking     ] GC(1509) Concurrent Clear Claimed Marks 0.151ms
[878.426s][info][gc,marking     ] GC(1509) Concurrent Cleanup for Next Mark
[878.427s][info][gc,marking     ] GC(1509) Concurrent Cleanup for Next Mark 0.628ms
[878.427s][info][gc             ] GC(1509) Concurrent Mark Cycle 360.979ms
[878.815s][info][gc,start       ] GC(1510) Pause Young (Normal) (G1 Evacuation Pause)
[878.815s][info][gc,task        ] GC(1510) Using 8 workers of 8 for evacuation
[878.823s][info][gc,phases      ] GC(1510)   Pre Evacuate Collection Set: 0.2ms
[878.823s][info][gc,phases      ] GC(1510)   Merge Heap Roots: 0.1ms
[878.823s][info][gc,phases      ] GC(1510)   Evacuate Collection Set: 6.9ms
[878.823s][info][gc,phases      ] GC(1510)   Post Evacuate Collection Set: 0.8ms
[878.824s][info][gc,phases      ] GC(1510)   Other: 0.2ms
[878.824s][info][gc,heap        ] GC(1510) Eden regions: 142->0(141)
[878.824s][info][gc,heap        ] GC(1510) Survivor regions: 7->7(19)
[878.824s][info][gc,heap        ] GC(1510) Old regions: 124->125
[878.824s][info][gc,heap        ] GC(1510) Humongous regions: 5->5
[878.824s][info][gc,metaspace   ] GC(1510) Metaspace: 84784K(85952K)->84784K(85952K) NonClass: 73855K(74496K)->73855K(74496K) Class: 10928K(11456K)->10928K(11456K)
[878.824s][info][gc             ] GC(1510) Pause Young (Normal) (G1 Evacuation Pause) 276M->135M(300M) 8.892ms
[878.824s][info][gc,cpu         ] GC(1510) User=0.00s Sys=0.00s Real=0.01s
[879.750s][info][gc,start       ] GC(1511) Pause Young (Concurrent Start) (G1 Evacuation Pause)
[879.750s][info][gc,task        ] GC(1511) Using 8 workers of 8 for evacuation
[879.757s][info][gc,phases      ] GC(1511)   Pre Evacuate Collection Set: 0.2ms
[879.757s][info][gc,phases      ] GC(1511)   Merge Heap Roots: 0.1ms
[879.757s][info][gc,phases      ] GC(1511)   Evacuate Collection Set: 6.1ms
[879.758s][info][gc,phases      ] GC(1511)   Post Evacuate Collection Set: 0.7ms
[879.758s][info][gc,phases      ] GC(1511)   Other: 0.2ms
[879.758s][info][gc,heap        ] GC(1511) Eden regions: 141->0(141)
[879.758s][info][gc,heap        ] GC(1511) Survivor regions: 7->7(19)
[879.758s][info][gc,heap        ] GC(1511) Old regions: 125->125
[879.758s][info][gc,heap        ] GC(1511) Humongous regions: 5->5
[879.758s][info][gc,metaspace   ] GC(1511) Metaspace: 84784K(85952K)->84784K(85952K) NonClass: 73855K(74496K)->73855K(74496K) Class: 10928K(11456K)->10928K(11456K)
[879.758s][info][gc             ] GC(1511) Pause Young (Concurrent Start) (G1 Evacuation Pause) 276M->136M(300M) 8.020ms
[879.758s][info][gc             ] GC(1512) Concurrent Mark Cycle
[879.758s][info][gc,cpu         ] GC(1511) User=0.00s Sys=0.00s Real=0.01s
[879.758s][info][gc,marking     ] GC(1512) Concurrent Scan Root Regions
[879.765s][info][gc,marking     ] GC(1512) Concurrent Scan Root Regions 6.745ms
[879.765s][info][gc,marking     ] GC(1512) Concurrent Mark
[879.765s][info][gc,marking     ] GC(1512) Concurrent Mark From Roots
[879.765s][info][gc,task        ] GC(1512) Using 2 workers of 2 for marking
[880.071s][info][gc,marking     ] GC(1512) Concurrent Mark From Roots 305.719ms
[880.071s][info][gc,marking     ] GC(1512) Concurrent Preclean
[880.072s][info][gc,marking     ] GC(1512) Concurrent Preclean 0.721ms
[880.072s][info][gc,start       ] GC(1512) Pause Remark
[880.092s][info][gc             ] GC(1512) Pause Remark 171M->171M(300M) 20.518ms
[880.093s][info][gc,cpu         ] GC(1512) User=0.09s Sys=0.02s Real=0.02s
[880.094s][info][gc,marking     ] GC(1512) Concurrent Mark 328.621ms
[880.094s][info][gc,marking     ] GC(1512) Concurrent Rebuild Remembered Sets and Scrub Regions
[880.205s][info][gc,marking     ] GC(1512) Concurrent Rebuild Remembered Sets and Scrub Regions 111.154ms
[880.205s][info][gc,start       ] GC(1512) Pause Cleanup
[880.206s][info][gc             ] GC(1512) Pause Cleanup 180M->180M(300M) 0.366ms
[880.206s][info][gc,cpu         ] GC(1512) User=0.00s Sys=0.00s Real=0.00s
[880.206s][info][gc,marking     ] GC(1512) Concurrent Clear Claimed Marks
[880.207s][info][gc,marking     ] GC(1512) Concurrent Clear Claimed Marks 0.160ms
[880.207s][info][gc,marking     ] GC(1512) Concurrent Cleanup for Next Mark
[880.207s][info][gc,marking     ] GC(1512) Concurrent Cleanup for Next Mark 0.677ms
[880.207s][info][gc             ] GC(1512) Concurrent Mark Cycle 449.392ms
[881.136s][info][gc,start       ] GC(1513) Pause Young (Normal) (G1 Evacuation Pause)
[881.137s][info][gc,task        ] GC(1513) Using 8 workers of 8 for evacuation
[881.146s][info][gc,phases      ] GC(1513)   Pre Evacuate Collection Set: 0.2ms
[881.146s][info][gc,phases      ] GC(1513)   Merge Heap Roots: 0.1ms
[881.146s][info][gc,phases      ] GC(1513)   Evacuate Collection Set: 7.9ms
[881.146s][info][gc,phases      ] GC(1513)   Post Evacuate Collection Set: 1.0ms
[881.146s][info][gc,phases      ] GC(1513)   Other: 0.2ms
[881.146s][info][gc,heap        ] GC(1513) Eden regions: 141->0(141)
[881.146s][info][gc,heap        ] GC(1513) Survivor regions: 7->7(19)
[881.147s][info][gc,heap        ] GC(1513) Old regions: 125->125
[881.147s][info][gc,heap        ] GC(1513) Humongous regions: 5->5
[881.147s][info][gc,metaspace   ] GC(1513) Metaspace: 84773K(85952K)->84773K(85952K) NonClass: 73846K(74496K)->73846K(74496K) Class: 10926K(11456K)->10926K(11456K)
[881.147s][info][gc             ] GC(1513) Pause Young (Normal) (G1 Evacuation Pause) 277M->136M(300M) 10.297ms
[881.147s][info][gc,cpu         ] GC(1513) User=0.09s Sys=0.00s Real=0.01s
[881.889s][info][gc,start       ] GC(1514) Pause Young (Concurrent Start) (G1 Evacuation Pause)
[881.889s][info][gc,task        ] GC(1514) Using 8 workers of 8 for evacuation
[881.897s][info][gc,phases      ] GC(1514)   Pre Evacuate Collection Set: 0.3ms
[881.897s][info][gc,phases      ] GC(1514)   Merge Heap Roots: 0.1ms
[881.897s][info][gc,phases      ] GC(1514)   Evacuate Collection Set: 6.5ms
[881.897s][info][gc,phases      ] GC(1514)   Post Evacuate Collection Set: 0.6ms
[881.897s][info][gc,phases      ] GC(1514)   Other: 0.2ms
[881.897s][info][gc,heap        ] GC(1514) Eden regions: 141->0(140)
[881.897s][info][gc,heap        ] GC(1514) Survivor regions: 7->7(19)
[881.897s][info][gc,heap        ] GC(1514) Old regions: 125->126
[881.897s][info][gc,heap        ] GC(1514) Humongous regions: 5->5
[881.897s][info][gc,metaspace   ] GC(1514) Metaspace: 84773K(85952K)->84773K(85952K) NonClass: 73846K(74496K)->73846K(74496K) Class: 10926K(11456K)->10926K(11456K)
[881.897s][info][gc             ] GC(1514) Pause Young (Concurrent Start) (G1 Evacuation Pause) 277M->136M(300M) 8.542ms
[881.897s][info][gc             ] GC(1515) Concurrent Mark Cycle
[881.897s][info][gc,cpu         ] GC(1514) User=0.00s Sys=0.00s Real=0.01s
[881.898s][info][gc,marking     ] GC(1515) Concurrent Scan Root Regions
[881.903s][info][gc,marking     ] GC(1515) Concurrent Scan Root Regions 5.639ms
[881.903s][info][gc,marking     ] GC(1515) Concurrent Mark
[881.903s][info][gc,marking     ] GC(1515) Concurrent Mark From Roots
[881.903s][info][gc,task        ] GC(1515) Using 2 workers of 2 for marking
[882.193s][info][gc,marking     ] GC(1515) Concurrent Mark From Roots 290.113ms
[882.194s][info][gc,marking     ] GC(1515) Concurrent Preclean
[882.194s][info][gc,marking     ] GC(1515) Concurrent Preclean 0.301ms
[882.194s][info][gc,start       ] GC(1515) Pause Remark
[882.201s][info][gc             ] GC(1515) Pause Remark 179M->179M(300M) 7.013ms
[882.201s][info][gc,cpu         ] GC(1515) User=0.12s Sys=0.00s Real=0.01s
[882.201s][info][gc,marking     ] GC(1515) Concurrent Mark 297.977ms
[882.201s][info][gc,marking     ] GC(1515) Concurrent Rebuild Remembered Sets and Scrub Regions
[882.297s][info][gc,marking     ] GC(1515) Concurrent Rebuild Remembered Sets and Scrub Regions 95.565ms
[882.297s][info][gc,start       ] GC(1515) Pause Cleanup
[882.297s][info][gc             ] GC(1515) Pause Cleanup 195M->195M(300M) 0.192ms
[882.297s][info][gc,cpu         ] GC(1515) User=0.00s Sys=0.00s Real=0.00s
[882.297s][info][gc,marking     ] GC(1515) Concurrent Clear Claimed Marks
[882.298s][info][gc,marking     ] GC(1515) Concurrent Clear Claimed Marks 0.130ms
[882.298s][info][gc,marking     ] GC(1515) Concurrent Cleanup for Next Mark
[882.298s][info][gc,marking     ] GC(1515) Concurrent Cleanup for Next Mark 0.599ms
[882.298s][info][gc             ] GC(1515) Concurrent Mark Cycle 400.883ms
[882.685s][info][gc,start       ] GC(1516) Pause Young (Normal) (G1 Evacuation Pause)
[882.686s][info][gc,task        ] GC(1516) Using 8 workers of 8 for evacuation
[882.695s][info][gc,phases      ] GC(1516)   Pre Evacuate Collection Set: 0.2ms
[882.695s][info][gc,phases      ] GC(1516)   Merge Heap Roots: 0.1ms
[882.695s][info][gc,phases      ] GC(1516)   Evacuate Collection Set: 8.1ms
[882.695s][info][gc,phases      ] GC(1516)   Post Evacuate Collection Set: 0.7ms
[882.695s][info][gc,phases      ] GC(1516)   Other: 0.1ms
[882.695s][info][gc,heap        ] GC(1516) Eden regions: 140->0(140)
[882.695s][info][gc,heap        ] GC(1516) Survivor regions: 7->7(19)
[882.695s][info][gc,heap        ] GC(1516) Old regions: 126->126
[882.695s][info][gc,heap        ] GC(1516) Humongous regions: 5->5
[882.695s][info][gc,metaspace   ] GC(1516) Metaspace: 84773K(85952K)->84773K(85952K) NonClass: 73846K(74496K)->73846K(74496K) Class: 10926K(11456K)->10926K(11456K)
[882.696s][info][gc             ] GC(1516) Pause Young (Normal) (G1 Evacuation Pause) 276M->137M(300M) 10.216ms
[882.696s][info][gc,cpu         ] GC(1516) User=0.00s Sys=0.00s Real=0.01s
[883.409s][info][gc,start       ] GC(1517) Pause Young (Concurrent Start) (G1 Evacuation Pause)
[883.410s][info][gc,task        ] GC(1517) Using 8 workers of 8 for evacuation
[883.418s][info][gc,phases      ] GC(1517)   Pre Evacuate Collection Set: 0.2ms
[883.418s][info][gc,phases      ] GC(1517)   Merge Heap Roots: 0.1ms
[883.418s][info][gc,phases      ] GC(1517)   Evacuate Collection Set: 7.1ms
[883.418s][info][gc,phases      ] GC(1517)   Post Evacuate Collection Set: 0.6ms
[883.418s][info][gc,phases      ] GC(1517)   Other: 0.2ms
[883.418s][info][gc,heap        ] GC(1517) Eden regions: 140->0(139)
[883.418s][info][gc,heap        ] GC(1517) Survivor regions: 7->7(19)
[883.418s][info][gc,heap        ] GC(1517) Old regions: 126->127
[883.418s][info][gc,heap        ] GC(1517) Humongous regions: 5->5
[883.418s][info][gc,metaspace   ] GC(1517) Metaspace: 84773K(85952K)->84773K(85952K) NonClass: 73846K(74496K)->73846K(74496K) Class: 10926K(11456K)->10926K(11456K)
[883.418s][info][gc             ] GC(1517) Pause Young (Concurrent Start) (G1 Evacuation Pause) 277M->137M(300M) 8.980ms
[883.418s][info][gc,cpu         ] GC(1517) User=0.00s Sys=0.00s Real=0.01s
[883.418s][info][gc             ] GC(1518) Concurrent Mark Cycle
[883.419s][info][gc,marking     ] GC(1518) Concurrent Scan Root Regions
[883.423s][info][gc,marking     ] GC(1518) Concurrent Scan Root Regions 4.721ms
[883.423s][info][gc,marking     ] GC(1518) Concurrent Mark
[883.423s][info][gc,marking     ] GC(1518) Concurrent Mark From Roots
[883.423s][info][gc,task        ] GC(1518) Using 2 workers of 2 for marking
[883.726s][info][gc,marking     ] GC(1518) Concurrent Mark From Roots 302.483ms
[883.726s][info][gc,marking     ] GC(1518) Concurrent Preclean
[883.726s][info][gc,marking     ] GC(1518) Concurrent Preclean 0.308ms
[883.727s][info][gc,start       ] GC(1518) Pause Remark
[883.735s][info][gc             ] GC(1518) Pause Remark 176M->176M(300M) 8.549ms
[883.735s][info][gc,cpu         ] GC(1518) User=0.11s Sys=0.00s Real=0.01s
[883.735s][info][gc,marking     ] GC(1518) Concurrent Mark 311.916ms
[883.735s][info][gc,marking     ] GC(1518) Concurrent Rebuild Remembered Sets and Scrub Regions
[883.836s][info][gc,marking     ] GC(1518) Concurrent Rebuild Remembered Sets and Scrub Regions 100.741ms
[883.836s][info][gc,start       ] GC(1518) Pause Cleanup
[883.837s][info][gc             ] GC(1518) Pause Cleanup 192M->192M(300M) 0.218ms
[883.837s][info][gc,cpu         ] GC(1518) User=0.00s Sys=0.00s Real=0.00s
[883.837s][info][gc,marking     ] GC(1518) Concurrent Clear Claimed Marks
[883.837s][info][gc,marking     ] GC(1518) Concurrent Clear Claimed Marks 0.153ms
[883.837s][info][gc,marking     ] GC(1518) Concurrent Cleanup for Next Mark
[883.838s][info][gc,marking     ] GC(1518) Concurrent Cleanup for Next Mark 0.708ms
[883.838s][info][gc             ] GC(1518) Concurrent Mark Cycle 419.257ms
[884.350s][info][gc,start       ] GC(1519) Pause Young (Normal) (G1 Evacuation Pause)
[884.351s][info][gc,task        ] GC(1519) Using 8 workers of 8 for evacuation
[884.358s][info][gc,phases      ] GC(1519)   Pre Evacuate Collection Set: 0.2ms
[884.358s][info][gc,phases      ] GC(1519)   Merge Heap Roots: 0.2ms
[884.358s][info][gc,phases      ] GC(1519)   Evacuate Collection Set: 5.9ms
[884.358s][info][gc,phases      ] GC(1519)   Post Evacuate Collection Set: 0.7ms
[884.358s][info][gc,phases      ] GC(1519)   Other: 0.1ms
[884.358s][info][gc,heap        ] GC(1519) Eden regions: 139->0(139)
[884.358s][info][gc,heap        ] GC(1519) Survivor regions: 7->7(19)
[884.358s][info][gc,heap        ] GC(1519) Old regions: 127->127
[884.358s][info][gc,heap        ] GC(1519) Humongous regions: 5->5
[884.358s][info][gc,metaspace   ] GC(1519) Metaspace: 84773K(85952K)->84773K(85952K) NonClass: 73846K(74496K)->73846K(74496K) Class: 10926K(11456K)->10926K(11456K)
[884.358s][info][gc             ] GC(1519) Pause Young (Normal) (G1 Evacuation Pause) 276M->137M(300M) 7.710ms
[884.358s][info][gc,cpu         ] GC(1519) User=0.11s Sys=0.00s Real=0.01s
[884.916s][info][gc,start       ] GC(1520) Pause Young (Concurrent Start) (G1 Evacuation Pause)
[884.916s][info][gc,task        ] GC(1520) Using 8 workers of 8 for evacuation
[884.923s][info][gc,phases      ] GC(1520)   Pre Evacuate Collection Set: 0.2ms
[884.923s][info][gc,phases      ] GC(1520)   Merge Heap Roots: 0.1ms
[884.923s][info][gc,phases      ] GC(1520)   Evacuate Collection Set: 5.1ms
[884.923s][info][gc,phases      ] GC(1520)   Post Evacuate Collection Set: 0.6ms
[884.923s][info][gc,phases      ] GC(1520)   Other: 0.2ms
[884.923s][info][gc,heap        ] GC(1520) Eden regions: 139->0(138)
[884.923s][info][gc,heap        ] GC(1520) Survivor regions: 7->7(19)
[884.923s][info][gc,heap        ] GC(1520) Old regions: 127->128
[884.923s][info][gc,heap        ] GC(1520) Humongous regions: 5->5
[884.923s][info][gc,metaspace   ] GC(1520) Metaspace: 84773K(85952K)->84773K(85952K) NonClass: 73846K(74496K)->73846K(74496K) Class: 10926K(11456K)->10926K(11456K)
[884.923s][info][gc             ] GC(1520) Pause Young (Concurrent Start) (G1 Evacuation Pause) 276M->138M(300M) 6.843ms
[884.923s][info][gc             ] GC(1521) Concurrent Mark Cycle
[884.923s][info][gc,cpu         ] GC(1520) User=0.11s Sys=0.00s Real=0.01s
[884.923s][info][gc,marking     ] GC(1521) Concurrent Scan Root Regions
[884.929s][info][gc,marking     ] GC(1521) Concurrent Scan Root Regions 5.298ms
[884.929s][info][gc,marking     ] GC(1521) Concurrent Mark
[884.929s][info][gc,marking     ] GC(1521) Concurrent Mark From Roots
[884.929s][info][gc,task        ] GC(1521) Using 2 workers of 2 for marking
[885.177s][info][gc,marking     ] GC(1521) Concurrent Mark From Roots 248.135ms
[885.177s][info][gc,marking     ] GC(1521) Concurrent Preclean
[885.177s][info][gc,marking     ] GC(1521) Concurrent Preclean 0.410ms
[885.178s][info][gc,start       ] GC(1521) Pause Remark
[885.185s][info][gc             ] GC(1521) Pause Remark 185M->185M(300M) 7.625ms
[885.185s][info][gc,cpu         ] GC(1521) User=0.08s Sys=0.00s Real=0.01s
[885.185s][info][gc,marking     ] GC(1521) Concurrent Mark 256.694ms
[885.185s][info][gc,marking     ] GC(1521) Concurrent Rebuild Remembered Sets and Scrub Regions
[885.275s][info][gc,marking     ] GC(1521) Concurrent Rebuild Remembered Sets and Scrub Regions 89.265ms
[885.275s][info][gc,start       ] GC(1521) Pause Cleanup
[885.275s][info][gc             ] GC(1521) Pause Cleanup 206M->206M(300M) 0.238ms
[885.275s][info][gc,cpu         ] GC(1521) User=0.00s Sys=0.00s Real=0.00s
[885.275s][info][gc,marking     ] GC(1521) Concurrent Clear Claimed Marks
[885.276s][info][gc,marking     ] GC(1521) Concurrent Clear Claimed Marks 0.149ms
[885.276s][info][gc,marking     ] GC(1521) Concurrent Cleanup for Next Mark
[885.277s][info][gc,marking     ] GC(1521) Concurrent Cleanup for Next Mark 1.196ms
[885.277s][info][gc             ] GC(1521) Concurrent Mark Cycle 353.677ms
[885.570s][info][gc,start       ] GC(1522) Pause Young (Normal) (G1 Evacuation Pause)
[885.570s][info][gc,task        ] GC(1522) Using 8 workers of 8 for evacuation
[885.578s][info][gc,phases      ] GC(1522)   Pre Evacuate Collection Set: 0.2ms
[885.579s][info][gc,phases      ] GC(1522)   Merge Heap Roots: 0.1ms
[885.579s][info][gc,phases      ] GC(1522)   Evacuate Collection Set: 6.6ms
[885.579s][info][gc,phases      ] GC(1522)   Post Evacuate Collection Set: 1.1ms
[885.579s][info][gc,phases      ] GC(1522)   Other: 0.2ms
[885.579s][info][gc,heap        ] GC(1522) Eden regions: 138->0(138)
[885.579s][info][gc,heap        ] GC(1522) Survivor regions: 7->7(19)
[885.579s][info][gc,heap        ] GC(1522) Old regions: 128->128
[885.579s][info][gc,heap        ] GC(1522) Humongous regions: 5->5
[885.579s][info][gc,metaspace   ] GC(1522) Metaspace: 84773K(85952K)->84773K(85952K) NonClass: 73846K(74496K)->73846K(74496K) Class: 10926K(11456K)->10926K(11456K)
[885.579s][info][gc             ] GC(1522) Pause Young (Normal) (G1 Evacuation Pause) 276M->138M(300M) 9.392ms
[885.579s][info][gc,cpu         ] GC(1522) User=0.08s Sys=0.00s Real=0.01s
[886.053s][info][gc,start       ] GC(1523) Pause Young (Concurrent Start) (G1 Evacuation Pause)
[886.053s][info][gc,task        ] GC(1523) Using 8 workers of 8 for evacuation
[886.059s][info][gc,phases      ] GC(1523)   Pre Evacuate Collection Set: 0.2ms
[886.059s][info][gc,phases      ] GC(1523)   Merge Heap Roots: 0.1ms
[886.059s][info][gc,phases      ] GC(1523)   Evacuate Collection Set: 5.0ms
[886.059s][info][gc,phases      ] GC(1523)   Post Evacuate Collection Set: 0.6ms
[886.059s][info][gc,phases      ] GC(1523)   Other: 0.2ms
[886.059s][info][gc,heap        ] GC(1523) Eden regions: 138->0(137)
[886.059s][info][gc,heap        ] GC(1523) Survivor regions: 7->7(19)
[886.060s][info][gc,heap        ] GC(1523) Old regions: 128->129
[886.060s][info][gc,heap        ] GC(1523) Humongous regions: 5->5
[886.060s][info][gc,metaspace   ] GC(1523) Metaspace: 84773K(85952K)->84773K(85952K) NonClass: 73846K(74496K)->73846K(74496K) Class: 10926K(11456K)->10926K(11456K)
[886.060s][info][gc             ] GC(1523) Pause Young (Concurrent Start) (G1 Evacuation Pause) 276M->139M(300M) 6.822ms
[886.060s][info][gc,cpu         ] GC(1523) User=0.08s Sys=0.02s Real=0.01s
[886.060s][info][gc             ] GC(1524) Concurrent Mark Cycle
[886.060s][info][gc,marking     ] GC(1524) Concurrent Scan Root Regions
[886.066s][info][gc,marking     ] GC(1524) Concurrent Scan Root Regions 5.892ms
[886.066s][info][gc,marking     ] GC(1524) Concurrent Mark
[886.066s][info][gc,marking     ] GC(1524) Concurrent Mark From Roots
[886.066s][info][gc,task        ] GC(1524) Using 2 workers of 2 for marking
[886.323s][info][gc,marking     ] GC(1524) Concurrent Mark From Roots 257.308ms
[886.323s][info][gc,marking     ] GC(1524) Concurrent Preclean
[886.324s][info][gc,marking     ] GC(1524) Concurrent Preclean 0.264ms
[886.324s][info][gc,start       ] GC(1524) Pause Remark
[886.331s][info][gc             ] GC(1524) Pause Remark 187M->187M(300M) 7.050ms
[886.331s][info][gc,cpu         ] GC(1524) User=0.12s Sys=0.00s Real=0.01s
[886.331s][info][gc,marking     ] GC(1524) Concurrent Mark 265.074ms
[886.331s][info][gc,marking     ] GC(1524) Concurrent Rebuild Remembered Sets and Scrub Regions
[886.406s][info][gc,marking     ] GC(1524) Concurrent Rebuild Remembered Sets and Scrub Regions 75.213ms
[886.406s][info][gc,start       ] GC(1524) Pause Cleanup
[886.407s][info][gc             ] GC(1524) Pause Cleanup 204M->204M(300M) 0.188ms
[886.407s][info][gc,cpu         ] GC(1524) User=0.00s Sys=0.00s Real=0.00s
[886.407s][info][gc,marking     ] GC(1524) Concurrent Clear Claimed Marks
[886.407s][info][gc,marking     ] GC(1524) Concurrent Clear Claimed Marks 0.124ms
[886.407s][info][gc,marking     ] GC(1524) Concurrent Cleanup for Next Mark
[886.408s][info][gc,marking     ] GC(1524) Concurrent Cleanup for Next Mark 0.533ms
[886.408s][info][gc             ] GC(1524) Concurrent Mark Cycle 347.759ms
[886.675s][info][gc,start       ] GC(1525) Pause Young (Prepare Mixed) (G1 Evacuation Pause)
[886.675s][info][gc,task        ] GC(1525) Using 8 workers of 8 for evacuation
[886.682s][info][gc,phases      ] GC(1525)   Pre Evacuate Collection Set: 0.2ms
[886.682s][info][gc,phases      ] GC(1525)   Merge Heap Roots: 0.1ms
[886.682s][info][gc,phases      ] GC(1525)   Evacuate Collection Set: 5.7ms
[886.682s][info][gc,phases      ] GC(1525)   Post Evacuate Collection Set: 0.7ms
[886.682s][info][gc,phases      ] GC(1525)   Other: 0.1ms
[886.682s][info][gc,heap        ] GC(1525) Eden regions: 137->0(137)
[886.683s][info][gc,heap        ] GC(1525) Survivor regions: 7->7(18)
[886.683s][info][gc,heap        ] GC(1525) Old regions: 129->129
[886.683s][info][gc,heap        ] GC(1525) Humongous regions: 5->5
[886.683s][info][gc,metaspace   ] GC(1525) Metaspace: 84773K(85952K)->84773K(85952K) NonClass: 73846K(74496K)->73846K(74496K) Class: 10926K(11456K)->10926K(11456K)
[886.683s][info][gc             ] GC(1525) Pause Young (Prepare Mixed) (G1 Evacuation Pause) 276M->139M(300M) 7.388ms
[886.683s][info][gc,cpu         ] GC(1525) User=0.00s Sys=0.00s Real=0.01s
[887.216s][info][gc,start       ] GC(1526) Pause Young (Mixed) (G1 Evacuation Pause)
[887.216s][info][gc,task        ] GC(1526) Using 8 workers of 8 for evacuation
[887.223s][info][gc,phases      ] GC(1526)   Pre Evacuate Collection Set: 0.2ms
[887.223s][info][gc,phases      ] GC(1526)   Merge Heap Roots: 0.1ms
[887.223s][info][gc,phases      ] GC(1526)   Evacuate Collection Set: 5.8ms
[887.223s][info][gc,phases      ] GC(1526)   Post Evacuate Collection Set: 0.7ms
[887.224s][info][gc,phases      ] GC(1526)   Other: 0.1ms
[887.224s][info][gc,heap        ] GC(1526) Eden regions: 137->0(137)
[887.224s][info][gc,heap        ] GC(1526) Survivor regions: 7->7(18)
[887.224s][info][gc,heap        ] GC(1526) Old regions: 129->129
[887.224s][info][gc,heap        ] GC(1526) Humongous regions: 5->5
[887.224s][info][gc,metaspace   ] GC(1526) Metaspace: 84773K(85952K)->84773K(85952K) NonClass: 73846K(74496K)->73846K(74496K) Class: 10926K(11456K)->10926K(11456K)
[887.224s][info][gc             ] GC(1526) Pause Young (Mixed) (G1 Evacuation Pause) 276M->140M(300M) 7.745ms
[887.224s][info][gc,cpu         ] GC(1526) User=0.00s Sys=0.00s Real=0.01s
[887.744s][info][gc,start       ] GC(1527) Pause Young (Concurrent Start) (G1 Evacuation Pause)
[887.744s][info][gc,task        ] GC(1527) Using 8 workers of 8 for evacuation
[887.751s][info][gc,phases      ] GC(1527)   Pre Evacuate Collection Set: 0.2ms
[887.752s][info][gc,phases      ] GC(1527)   Merge Heap Roots: 0.1ms
[887.752s][info][gc,phases      ] GC(1527)   Evacuate Collection Set: 6.3ms
[887.752s][info][gc,phases      ] GC(1527)   Post Evacuate Collection Set: 0.7ms
[887.752s][info][gc,phases      ] GC(1527)   Other: 0.2ms
[887.752s][info][gc,heap        ] GC(1527) Eden regions: 137->0(136)
[887.752s][info][gc,heap        ] GC(1527) Survivor regions: 7->7(18)
[887.752s][info][gc,heap        ] GC(1527) Old regions: 129->130
[887.752s][info][gc,heap        ] GC(1527) Humongous regions: 5->5
[887.752s][info][gc,metaspace   ] GC(1527) Metaspace: 84773K(85952K)->84773K(85952K) NonClass: 73846K(74496K)->73846K(74496K) Class: 10926K(11456K)->10926K(11456K)
[887.752s][info][gc             ] GC(1527) Pause Young (Concurrent Start) (G1 Evacuation Pause) 277M->140M(300M) 8.188ms
[887.752s][info][gc,cpu         ] GC(1527) User=0.03s Sys=0.00s Real=0.01s
[887.752s][info][gc             ] GC(1528) Concurrent Mark Cycle
[887.752s][info][gc,marking     ] GC(1528) Concurrent Scan Root Regions
[887.757s][info][gc,marking     ] GC(1528) Concurrent Scan Root Regions 4.633ms
[887.757s][info][gc,marking     ] GC(1528) Concurrent Mark
[887.757s][info][gc,marking     ] GC(1528) Concurrent Mark From Roots
[887.757s][info][gc,task        ] GC(1528) Using 2 workers of 2 for marking
[888.000s][info][gc,marking     ] GC(1528) Concurrent Mark From Roots 242.633ms
[888.000s][info][gc,marking     ] GC(1528) Concurrent Preclean
[888.000s][info][gc,marking     ] GC(1528) Concurrent Preclean 0.197ms
[888.000s][info][gc,start       ] GC(1528) Pause Remark
[888.006s][info][gc             ] GC(1528) Pause Remark 189M->189M(300M) 5.644ms
[888.006s][info][gc,cpu         ] GC(1528) User=0.00s Sys=0.00s Real=0.01s
[888.006s][info][gc,marking     ] GC(1528) Concurrent Mark 248.923ms
[888.006s][info][gc,marking     ] GC(1528) Concurrent Rebuild Remembered Sets and Scrub Regions
[888.109s][info][gc,marking     ] GC(1528) Concurrent Rebuild Remembered Sets and Scrub Regions 102.921ms
[888.109s][info][gc,start       ] GC(1528) Pause Cleanup
[888.109s][info][gc             ] GC(1528) Pause Cleanup 203M->203M(300M) 0.285ms
[888.109s][info][gc,cpu         ] GC(1528) User=0.00s Sys=0.00s Real=0.00s
[888.110s][info][gc,marking     ] GC(1528) Concurrent Clear Claimed Marks
[888.110s][info][gc,marking     ] GC(1528) Concurrent Clear Claimed Marks 0.142ms
[888.110s][info][gc,marking     ] GC(1528) Concurrent Cleanup for Next Mark
[888.110s][info][gc,marking     ] GC(1528) Concurrent Cleanup for Next Mark 0.570ms
[888.110s][info][gc             ] GC(1528) Concurrent Mark Cycle 358.445ms
[888.403s][info][gc,start       ] GC(1529) Pause Young (Prepare Mixed) (G1 Evacuation Pause)
[888.403s][info][gc,task        ] GC(1529) Using 8 workers of 8 for evacuation
[888.410s][info][gc,phases      ] GC(1529)   Pre Evacuate Collection Set: 0.2ms
[888.410s][info][gc,phases      ] GC(1529)   Merge Heap Roots: 0.1ms
[888.410s][info][gc,phases      ] GC(1529)   Evacuate Collection Set: 5.3ms
[888.410s][info][gc,phases      ] GC(1529)   Post Evacuate Collection Set: 0.6ms
[888.410s][info][gc,phases      ] GC(1529)   Other: 0.1ms
[888.410s][info][gc,heap        ] GC(1529) Eden regions: 136->0(136)
[888.410s][info][gc,heap        ] GC(1529) Survivor regions: 7->7(18)
[888.410s][info][gc,heap        ] GC(1529) Old regions: 130->130
[888.410s][info][gc,heap        ] GC(1529) Humongous regions: 5->5
[888.410s][info][gc,metaspace   ] GC(1529) Metaspace: 84773K(85952K)->84773K(85952K) NonClass: 73846K(74496K)->73846K(74496K) Class: 10926K(11456K)->10926K(11456K)
[888.410s][info][gc             ] GC(1529) Pause Young (Prepare Mixed) (G1 Evacuation Pause) 276M->141M(300M) 6.867ms
[888.410s][info][gc,cpu         ] GC(1529) User=0.08s Sys=0.00s Real=0.01s
[888.903s][info][gc,start       ] GC(1530) Pause Young (Mixed) (G1 Evacuation Pause)
[888.903s][info][gc,task        ] GC(1530) Using 8 workers of 8 for evacuation
[888.909s][info][gc,phases      ] GC(1530)   Pre Evacuate Collection Set: 0.2ms
[888.909s][info][gc,phases      ] GC(1530)   Merge Heap Roots: 0.1ms
[888.909s][info][gc,phases      ] GC(1530)   Evacuate Collection Set: 5.4ms
[888.909s][info][gc,phases      ] GC(1530)   Post Evacuate Collection Set: 0.5ms
[888.909s][info][gc,phases      ] GC(1530)   Other: 0.1ms
[888.909s][info][gc,heap        ] GC(1530) Eden regions: 136->0(135)
[888.909s][info][gc,heap        ] GC(1530) Survivor regions: 7->7(18)
[888.909s][info][gc,heap        ] GC(1530) Old regions: 130->131
[888.909s][info][gc,heap        ] GC(1530) Humongous regions: 5->5
[888.909s][info][gc,metaspace   ] GC(1530) Metaspace: 84773K(85952K)->84773K(85952K) NonClass: 73846K(74496K)->73846K(74496K) Class: 10926K(11456K)->10926K(11456K)
[888.909s][info][gc             ] GC(1530) Pause Young (Mixed) (G1 Evacuation Pause) 277M->141M(300M) 6.653ms
[888.909s][info][gc,cpu         ] GC(1530) User=0.12s Sys=0.00s Real=0.01s
[889.379s][info][gc,start       ] GC(1531) Pause Young (Concurrent Start) (G1 Evacuation Pause)
[889.379s][info][gc,task        ] GC(1531) Using 8 workers of 8 for evacuation
[889.387s][info][gc,phases      ] GC(1531)   Pre Evacuate Collection Set: 0.2ms
[889.387s][info][gc,phases      ] GC(1531)   Merge Heap Roots: 0.1ms
[889.388s][info][gc,phases      ] GC(1531)   Evacuate Collection Set: 7.5ms
[889.388s][info][gc,phases      ] GC(1531)   Post Evacuate Collection Set: 0.6ms
[889.388s][info][gc,phases      ] GC(1531)   Other: 0.2ms
[889.388s][info][gc,heap        ] GC(1531) Eden regions: 135->0(135)
[889.388s][info][gc,heap        ] GC(1531) Survivor regions: 7->7(18)
[889.388s][info][gc,heap        ] GC(1531) Old regions: 131->131
[889.388s][info][gc,heap        ] GC(1531) Humongous regions: 5->5
[889.388s][info][gc,metaspace   ] GC(1531) Metaspace: 84773K(85952K)->84773K(85952K) NonClass: 73846K(74496K)->73846K(74496K) Class: 10926K(11456K)->10926K(11456K)
[889.388s][info][gc             ] GC(1531) Pause Young (Concurrent Start) (G1 Evacuation Pause) 276M->141M(300M) 9.343ms
[889.388s][info][gc,cpu         ] GC(1531) User=0.00s Sys=0.02s Real=0.01s
[889.388s][info][gc             ] GC(1532) Concurrent Mark Cycle
[889.388s][info][gc,marking     ] GC(1532) Concurrent Scan Root Regions
[889.392s][info][gc,marking     ] GC(1532) Concurrent Scan Root Regions 3.694ms
[889.392s][info][gc,marking     ] GC(1532) Concurrent Mark
[889.392s][info][gc,marking     ] GC(1532) Concurrent Mark From Roots
[889.392s][info][gc,task        ] GC(1532) Using 2 workers of 2 for marking
[889.620s][info][gc,marking     ] GC(1532) Concurrent Mark From Roots 228.224ms
[889.620s][info][gc,marking     ] GC(1532) Concurrent Preclean
[889.621s][info][gc,marking     ] GC(1532) Concurrent Preclean 0.202ms
[889.621s][info][gc,start       ] GC(1532) Pause Remark
[889.627s][info][gc             ] GC(1532) Pause Remark 187M->187M(300M) 6.615ms
[889.627s][info][gc,cpu         ] GC(1532) User=0.09s Sys=0.02s Real=0.01s
[889.627s][info][gc,marking     ] GC(1532) Concurrent Mark 235.462ms
[889.628s][info][gc,marking     ] GC(1532) Concurrent Rebuild Remembered Sets and Scrub Regions
[889.722s][info][gc,marking     ] GC(1532) Concurrent Rebuild Remembered Sets and Scrub Regions 94.254ms
[889.722s][info][gc,start       ] GC(1532) Pause Cleanup
[889.722s][info][gc             ] GC(1532) Pause Cleanup 200M->200M(300M) 0.272ms
[889.722s][info][gc,cpu         ] GC(1532) User=0.00s Sys=0.00s Real=0.00s
[889.722s][info][gc,marking     ] GC(1532) Concurrent Clear Claimed Marks
[889.723s][info][gc,marking     ] GC(1532) Concurrent Clear Claimed Marks 0.126ms
[889.723s][info][gc,marking     ] GC(1532) Concurrent Cleanup for Next Mark
[889.723s][info][gc,marking     ] GC(1532) Concurrent Cleanup for Next Mark 0.680ms
[889.723s][info][gc             ] GC(1532) Concurrent Mark Cycle 335.218ms
[890.207s][info][gc,start       ] GC(1533) Pause Young (Prepare Mixed) (G1 Evacuation Pause)
[890.207s][info][gc,task        ] GC(1533) Using 8 workers of 8 for evacuation
[890.216s][info][gc,phases      ] GC(1533)   Pre Evacuate Collection Set: 0.2ms
[890.216s][info][gc,phases      ] GC(1533)   Merge Heap Roots: 0.2ms
[890.216s][info][gc,phases      ] GC(1533)   Evacuate Collection Set: 6.2ms
[890.216s][info][gc,phases      ] GC(1533)   Post Evacuate Collection Set: 1.3ms
[890.216s][info][gc,phases      ] GC(1533)   Other: 0.5ms
[890.216s][info][gc,heap        ] GC(1533) Eden regions: 135->0(134)
[890.216s][info][gc,heap        ] GC(1533) Survivor regions: 7->7(18)
[890.216s][info][gc,heap        ] GC(1533) Old regions: 131->132
[890.216s][info][gc,heap        ] GC(1533) Humongous regions: 5->5
[890.216s][info][gc,metaspace   ] GC(1533) Metaspace: 84773K(85952K)->84773K(85952K) NonClass: 73846K(74496K)->73846K(74496K) Class: 10926K(11456K)->10926K(11456K)
[890.217s][info][gc             ] GC(1533) Pause Young (Prepare Mixed) (G1 Evacuation Pause) 276M->142M(300M) 9.328ms
[890.217s][info][gc,cpu         ] GC(1533) User=0.02s Sys=0.02s Real=0.01s
[891.663s][info][gc,start       ] GC(1534) Pause Young (Mixed) (G1 Evacuation Pause)
[891.663s][info][gc,task        ] GC(1534) Using 8 workers of 8 for evacuation
[891.679s][info][gc,phases      ] GC(1534)   Pre Evacuate Collection Set: 0.2ms
[891.679s][info][gc,phases      ] GC(1534)   Merge Heap Roots: 1.3ms
[891.679s][info][gc,phases      ] GC(1534)   Evacuate Collection Set: 13.2ms
[891.679s][info][gc,phases      ] GC(1534)   Post Evacuate Collection Set: 0.9ms
[891.679s][info][gc,phases      ] GC(1534)   Other: 0.2ms
[891.679s][info][gc,heap        ] GC(1534) Eden regions: 134->0(134)
[891.679s][info][gc,heap        ] GC(1534) Survivor regions: 7->7(18)
[891.679s][info][gc,heap        ] GC(1534) Old regions: 132->132
[891.679s][info][gc,heap        ] GC(1534) Humongous regions: 5->5
[891.679s][info][gc,metaspace   ] GC(1534) Metaspace: 84773K(85952K)->84773K(85952K) NonClass: 73846K(74496K)->73846K(74496K) Class: 10926K(11456K)->10926K(11456K)
[891.679s][info][gc             ] GC(1534) Pause Young (Mixed) (G1 Evacuation Pause) 276M->142M(300M) 16.799ms
[891.680s][info][gc,cpu         ] GC(1534) User=0.05s Sys=0.02s Real=0.02s
[892.913s][info][gc,start       ] GC(1535) Pause Young (Concurrent Start) (G1 Evacuation Pause)
[892.913s][info][gc,task        ] GC(1535) Using 8 workers of 8 for evacuation
[892.923s][info][gc,phases      ] GC(1535)   Pre Evacuate Collection Set: 0.3ms
[892.923s][info][gc,phases      ] GC(1535)   Merge Heap Roots: 0.1ms
[892.923s][info][gc,phases      ] GC(1535)   Evacuate Collection Set: 9.2ms
[892.923s][info][gc,phases      ] GC(1535)   Post Evacuate Collection Set: 0.8ms
[892.923s][info][gc,phases      ] GC(1535)   Other: 0.2ms
[892.924s][info][gc,heap        ] GC(1535) Eden regions: 134->0(134)
[892.924s][info][gc,heap        ] GC(1535) Survivor regions: 7->7(18)
[892.924s][info][gc,heap        ] GC(1535) Old regions: 132->132
[892.924s][info][gc,heap        ] GC(1535) Humongous regions: 5->5
[892.924s][info][gc,metaspace   ] GC(1535) Metaspace: 84773K(85952K)->84773K(85952K) NonClass: 73846K(74496K)->73846K(74496K) Class: 10926K(11456K)->10926K(11456K)
[892.924s][info][gc             ] GC(1535) Pause Young (Concurrent Start) (G1 Evacuation Pause) 276M->143M(300M) 11.502ms
[892.924s][info][gc,cpu         ] GC(1535) User=0.06s Sys=0.00s Real=0.01s
[892.924s][info][gc             ] GC(1536) Concurrent Mark Cycle
[892.924s][info][gc,marking     ] GC(1536) Concurrent Scan Root Regions
[892.930s][info][gc,marking     ] GC(1536) Concurrent Scan Root Regions 5.878ms
[892.930s][info][gc,marking     ] GC(1536) Concurrent Mark
[892.930s][info][gc,marking     ] GC(1536) Concurrent Mark From Roots
[892.930s][info][gc,task        ] GC(1536) Using 2 workers of 2 for marking
[893.263s][info][gc,marking     ] GC(1536) Concurrent Mark From Roots 333.154ms
[893.264s][info][gc,marking     ] GC(1536) Concurrent Preclean
[893.264s][info][gc,marking     ] GC(1536) Concurrent Preclean 0.452ms
[893.264s][info][gc,start       ] GC(1536) Pause Remark
[893.277s][info][gc             ] GC(1536) Pause Remark 170M->170M(300M) 13.005ms
[893.277s][info][gc,cpu         ] GC(1536) User=0.00s Sys=0.00s Real=0.01s
[893.278s][info][gc,marking     ] GC(1536) Concurrent Mark 347.292ms
[893.278s][info][gc,marking     ] GC(1536) Concurrent Rebuild Remembered Sets and Scrub Regions
[893.406s][info][gc,marking     ] GC(1536) Concurrent Rebuild Remembered Sets and Scrub Regions 128.486ms
[893.406s][info][gc,start       ] GC(1536) Pause Cleanup
[893.407s][info][gc             ] GC(1536) Pause Cleanup 181M->181M(300M) 0.351ms
[893.407s][info][gc,cpu         ] GC(1536) User=0.00s Sys=0.00s Real=0.00s
[893.407s][info][gc,marking     ] GC(1536) Concurrent Clear Claimed Marks
[893.407s][info][gc,marking     ] GC(1536) Concurrent Clear Claimed Marks 0.142ms
[893.407s][info][gc,marking     ] GC(1536) Concurrent Cleanup for Next Mark
[893.408s][info][gc,marking     ] GC(1536) Concurrent Cleanup for Next Mark 0.684ms
[893.408s][info][gc             ] GC(1536) Concurrent Mark Cycle 483.786ms
[893.923s][info][gc,start       ] GC(1537) Pause Young (Prepare Mixed) (G1 Evacuation Pause)
[893.923s][info][gc,task        ] GC(1537) Using 8 workers of 8 for evacuation
[893.929s][info][gc,phases      ] GC(1537)   Pre Evacuate Collection Set: 0.2ms
[893.929s][info][gc,phases      ] GC(1537)   Merge Heap Roots: 0.1ms
[893.929s][info][gc,phases      ] GC(1537)   Evacuate Collection Set: 4.7ms
[893.929s][info][gc,phases      ] GC(1537)   Post Evacuate Collection Set: 0.6ms
[893.929s][info][gc,phases      ] GC(1537)   Other: 0.1ms
[893.929s][info][gc,heap        ] GC(1537) Eden regions: 134->0(133)
[893.929s][info][gc,heap        ] GC(1537) Survivor regions: 7->7(18)
[893.929s][info][gc,heap        ] GC(1537) Old regions: 132->133
[893.929s][info][gc,heap        ] GC(1537) Humongous regions: 5->5
[893.929s][info][gc,metaspace   ] GC(1537) Metaspace: 84773K(85952K)->84773K(85952K) NonClass: 73846K(74496K)->73846K(74496K) Class: 10926K(11456K)->10926K(11456K)
[893.930s][info][gc             ] GC(1537) Pause Young (Prepare Mixed) (G1 Evacuation Pause) 277M->143M(300M) 6.520ms
[893.930s][info][gc,cpu         ] GC(1537) User=0.00s Sys=0.00s Real=0.01s
[894.467s][info][gc,start       ] GC(1538) Pause Young (Mixed) (G1 Evacuation Pause)
[894.467s][info][gc,task        ] GC(1538) Using 8 workers of 8 for evacuation
[894.474s][info][gc,phases      ] GC(1538)   Pre Evacuate Collection Set: 0.2ms
[894.474s][info][gc,phases      ] GC(1538)   Merge Heap Roots: 0.1ms
[894.474s][info][gc,phases      ] GC(1538)   Evacuate Collection Set: 5.6ms
[894.474s][info][gc,phases      ] GC(1538)   Post Evacuate Collection Set: 0.6ms
[894.474s][info][gc,phases      ] GC(1538)   Other: 0.1ms
[894.474s][info][gc,heap        ] GC(1538) Eden regions: 133->0(133)
[894.474s][info][gc,heap        ] GC(1538) Survivor regions: 7->7(18)
[894.474s][info][gc,heap        ] GC(1538) Old regions: 133->133
[894.474s][info][gc,heap        ] GC(1538) Humongous regions: 5->5
[894.474s][info][gc,metaspace   ] GC(1538) Metaspace: 84773K(85952K)->84773K(85952K) NonClass: 73846K(74496K)->73846K(74496K) Class: 10926K(11456K)->10926K(11456K)
[894.474s][info][gc             ] GC(1538) Pause Young (Mixed) (G1 Evacuation Pause) 276M->143M(300M) 7.207ms
[894.475s][info][gc,cpu         ] GC(1538) User=0.00s Sys=0.00s Real=0.01s
[894.981s][info][gc,start       ] GC(1539) Pause Young (Concurrent Start) (G1 Evacuation Pause)
[894.981s][info][gc,task        ] GC(1539) Using 8 workers of 8 for evacuation
[894.989s][info][gc,phases      ] GC(1539)   Pre Evacuate Collection Set: 0.2ms
[894.989s][info][gc,phases      ] GC(1539)   Merge Heap Roots: 0.1ms
[894.989s][info][gc,phases      ] GC(1539)   Evacuate Collection Set: 7.3ms
[894.989s][info][gc,phases      ] GC(1539)   Post Evacuate Collection Set: 0.5ms
[894.989s][info][gc,phases      ] GC(1539)   Other: 0.2ms
[894.989s][info][gc,heap        ] GC(1539) Eden regions: 133->0(133)
[894.989s][info][gc,heap        ] GC(1539) Survivor regions: 7->7(18)
[894.989s][info][gc,heap        ] GC(1539) Old regions: 133->133
[894.990s][info][gc,heap        ] GC(1539) Humongous regions: 5->5
[894.990s][info][gc,metaspace   ] GC(1539) Metaspace: 84773K(85952K)->84773K(85952K) NonClass: 73846K(74496K)->73846K(74496K) Class: 10926K(11456K)->10926K(11456K)
[894.990s][info][gc             ] GC(1539) Pause Young (Concurrent Start) (G1 Evacuation Pause) 276M->143M(300M) 8.976ms
[894.990s][info][gc,cpu         ] GC(1539) User=0.06s Sys=0.00s Real=0.01s
[894.990s][info][gc             ] GC(1540) Concurrent Mark Cycle
[894.990s][info][gc,marking     ] GC(1540) Concurrent Scan Root Regions
[894.995s][info][gc,marking     ] GC(1540) Concurrent Scan Root Regions 4.676ms
[894.995s][info][gc,marking     ] GC(1540) Concurrent Mark
[894.995s][info][gc,marking     ] GC(1540) Concurrent Mark From Roots
[894.995s][info][gc,task        ] GC(1540) Using 2 workers of 2 for marking
[895.224s][info][gc,marking     ] GC(1540) Concurrent Mark From Roots 228.944ms
[895.224s][info][gc,marking     ] GC(1540) Concurrent Preclean
[895.224s][info][gc,marking     ] GC(1540) Concurrent Preclean 0.189ms
[895.224s][info][gc,start       ] GC(1540) Pause Remark
[895.229s][info][gc             ] GC(1540) Pause Remark 196M->196M(300M) 5.390ms
[895.229s][info][gc,cpu         ] GC(1540) User=0.00s Sys=0.00s Real=0.01s
[895.230s][info][gc,marking     ] GC(1540) Concurrent Mark 234.988ms
[895.230s][info][gc,marking     ] GC(1540) Concurrent Rebuild Remembered Sets and Scrub Regions
[895.264s][info][gc,marking     ] GC(1540) Concurrent Rebuild Remembered Sets and Scrub Regions 34.589ms
[895.264s][info][gc,start       ] GC(1540) Pause Cleanup
[895.264s][info][gc             ] GC(1540) Pause Cleanup 205M->205M(300M) 0.075ms
[895.265s][info][gc,cpu         ] GC(1540) User=0.00s Sys=0.00s Real=0.00s
[895.265s][info][gc,marking     ] GC(1540) Concurrent Clear Claimed Marks
[895.265s][info][gc,marking     ] GC(1540) Concurrent Clear Claimed Marks 0.119ms
[895.265s][info][gc,marking     ] GC(1540) Concurrent Cleanup for Next Mark
[895.266s][info][gc,marking     ] GC(1540) Concurrent Cleanup for Next Mark 0.810ms
[895.266s][info][gc             ] GC(1540) Concurrent Mark Cycle 276.006ms
[895.549s][info][gc,start       ] GC(1541) Pause Young (Normal) (G1 Evacuation Pause)
[895.549s][info][gc,task        ] GC(1541) Using 8 workers of 8 for evacuation
[895.557s][info][gc,phases      ] GC(1541)   Pre Evacuate Collection Set: 0.2ms
[895.557s][info][gc,phases      ] GC(1541)   Merge Heap Roots: 0.1ms
[895.557s][info][gc,phases      ] GC(1541)   Evacuate Collection Set: 6.5ms
[895.557s][info][gc,phases      ] GC(1541)   Post Evacuate Collection Set: 0.6ms
[895.557s][info][gc,phases      ] GC(1541)   Other: 0.2ms
[895.557s][info][gc,heap        ] GC(1541) Eden regions: 133->0(132)
[895.557s][info][gc,heap        ] GC(1541) Survivor regions: 7->7(18)
[895.557s][info][gc,heap        ] GC(1541) Old regions: 133->134
[895.557s][info][gc,heap        ] GC(1541) Humongous regions: 5->5
[895.557s][info][gc,metaspace   ] GC(1541) Metaspace: 84773K(85952K)->84773K(85952K) NonClass: 73846K(74496K)->73846K(74496K) Class: 10926K(11456K)->10926K(11456K)
[895.557s][info][gc             ] GC(1541) Pause Young (Normal) (G1 Evacuation Pause) 276M->144M(300M) 8.273ms
[895.557s][info][gc,cpu         ] GC(1541) User=0.00s Sys=0.00s Real=0.01s
[896.087s][info][gc,start       ] GC(1542) Pause Young (Concurrent Start) (G1 Evacuation Pause)
[896.087s][info][gc,task        ] GC(1542) Using 8 workers of 8 for evacuation
[896.094s][info][gc,phases      ] GC(1542)   Pre Evacuate Collection Set: 0.3ms
[896.094s][info][gc,phases      ] GC(1542)   Merge Heap Roots: 0.1ms
[896.094s][info][gc,phases      ] GC(1542)   Evacuate Collection Set: 5.9ms
[896.094s][info][gc,phases      ] GC(1542)   Post Evacuate Collection Set: 0.6ms
[896.094s][info][gc,phases      ] GC(1542)   Other: 0.2ms
[896.094s][info][gc,heap        ] GC(1542) Eden regions: 132->0(132)
[896.094s][info][gc,heap        ] GC(1542) Survivor regions: 7->7(18)
[896.095s][info][gc,heap        ] GC(1542) Old regions: 134->134
[896.095s][info][gc,heap        ] GC(1542) Humongous regions: 5->5
[896.095s][info][gc,metaspace   ] GC(1542) Metaspace: 84773K(85952K)->84773K(85952K) NonClass: 73846K(74496K)->73846K(74496K) Class: 10926K(11456K)->10926K(11456K)
[896.095s][info][gc             ] GC(1542) Pause Young (Concurrent Start) (G1 Evacuation Pause) 276M->144M(300M) 7.944ms
[896.095s][info][gc,cpu         ] GC(1542) User=0.09s Sys=0.00s Real=0.01s
[896.095s][info][gc             ] GC(1543) Concurrent Mark Cycle
[896.095s][info][gc,marking     ] GC(1543) Concurrent Scan Root Regions
[896.100s][info][gc,marking     ] GC(1543) Concurrent Scan Root Regions 5.460ms
[896.100s][info][gc,marking     ] GC(1543) Concurrent Mark
[896.100s][info][gc,marking     ] GC(1543) Concurrent Mark From Roots
[896.101s][info][gc,task        ] GC(1543) Using 2 workers of 2 for marking
[896.332s][info][gc,marking     ] GC(1543) Concurrent Mark From Roots 231.369ms
[896.332s][info][gc,marking     ] GC(1543) Concurrent Preclean
[896.332s][info][gc,marking     ] GC(1543) Concurrent Preclean 0.233ms
[896.332s][info][gc,start       ] GC(1543) Pause Remark
[896.339s][info][gc             ] GC(1543) Pause Remark 201M->201M(300M) 6.401ms
[896.339s][info][gc,cpu         ] GC(1543) User=0.00s Sys=0.00s Real=0.01s
[896.339s][info][gc,marking     ] GC(1543) Concurrent Mark 238.472ms
[896.339s][info][gc,marking     ] GC(1543) Concurrent Rebuild Remembered Sets and Scrub Regions
[896.414s][info][gc,marking     ] GC(1543) Concurrent Rebuild Remembered Sets and Scrub Regions 74.847ms
[896.414s][info][gc,start       ] GC(1543) Pause Cleanup
[896.414s][info][gc             ] GC(1543) Pause Cleanup 219M->219M(300M) 0.179ms
[896.414s][info][gc,cpu         ] GC(1543) User=0.00s Sys=0.00s Real=0.00s
[896.414s][info][gc,marking     ] GC(1543) Concurrent Clear Claimed Marks
[896.414s][info][gc,marking     ] GC(1543) Concurrent Clear Claimed Marks 0.118ms
[896.414s][info][gc,marking     ] GC(1543) Concurrent Cleanup for Next Mark
[896.415s][info][gc,marking     ] GC(1543) Concurrent Cleanup for Next Mark 0.555ms
[896.415s][info][gc             ] GC(1543) Concurrent Mark Cycle 320.371ms
[896.731s][info][gc,start       ] GC(1544) Pause Young (Normal) (G1 Evacuation Pause)
[896.731s][info][gc,task        ] GC(1544) Using 8 workers of 8 for evacuation
[896.740s][info][gc,phases      ] GC(1544)   Pre Evacuate Collection Set: 0.2ms
[896.741s][info][gc,phases      ] GC(1544)   Merge Heap Roots: 0.2ms
[896.741s][info][gc,phases      ] GC(1544)   Evacuate Collection Set: 8.5ms
[896.741s][info][gc,phases      ] GC(1544)   Post Evacuate Collection Set: 0.8ms
[896.741s][info][gc,phases      ] GC(1544)   Other: 0.2ms
[896.741s][info][gc,heap        ] GC(1544) Eden regions: 132->0(131)
[896.741s][info][gc,heap        ] GC(1544) Survivor regions: 7->7(18)
[896.741s][info][gc,heap        ] GC(1544) Old regions: 134->135
[896.741s][info][gc,heap        ] GC(1544) Humongous regions: 5->5
[896.741s][info][gc,metaspace   ] GC(1544) Metaspace: 84773K(85952K)->84773K(85952K) NonClass: 73846K(74496K)->73846K(74496K) Class: 10926K(11456K)->10926K(11456K)
[896.741s][info][gc             ] GC(1544) Pause Young (Normal) (G1 Evacuation Pause) 276M->145M(300M) 10.534ms
[896.741s][info][gc,cpu         ] GC(1544) User=0.02s Sys=0.00s Real=0.01s
[897.328s][info][gc,start       ] GC(1545) Pause Young (Concurrent Start) (G1 Evacuation Pause)
[897.328s][info][gc,task        ] GC(1545) Using 8 workers of 8 for evacuation
[897.335s][info][gc,phases      ] GC(1545)   Pre Evacuate Collection Set: 0.2ms
[897.335s][info][gc,phases      ] GC(1545)   Merge Heap Roots: 0.1ms
[897.336s][info][gc,phases      ] GC(1545)   Evacuate Collection Set: 6.1ms
[897.336s][info][gc,phases      ] GC(1545)   Post Evacuate Collection Set: 0.6ms
[897.336s][info][gc,phases      ] GC(1545)   Other: 0.2ms
[897.336s][info][gc,heap        ] GC(1545) Eden regions: 131->0(133)
[897.336s][info][gc,heap        ] GC(1545) Survivor regions: 7->6(18)
[897.336s][info][gc,heap        ] GC(1545) Old regions: 135->135
[897.336s][info][gc,heap        ] GC(1545) Humongous regions: 5->5
[897.336s][info][gc,metaspace   ] GC(1545) Metaspace: 84773K(85952K)->84773K(85952K) NonClass: 73846K(74496K)->73846K(74496K) Class: 10926K(11456K)->10926K(11456K)
[897.336s][info][gc             ] GC(1545) Pause Young (Concurrent Start) (G1 Evacuation Pause) 276M->145M(300M) 8.025ms
[897.336s][info][gc             ] GC(1546) Concurrent Mark Cycle
[897.336s][info][gc,cpu         ] GC(1545) User=0.00s Sys=0.00s Real=0.01s
[897.336s][info][gc,marking     ] GC(1546) Concurrent Scan Root Regions
[897.341s][info][gc,marking     ] GC(1546) Concurrent Scan Root Regions 5.017ms
[897.341s][info][gc,marking     ] GC(1546) Concurrent Mark
[897.341s][info][gc,marking     ] GC(1546) Concurrent Mark From Roots
[897.341s][info][gc,task        ] GC(1546) Using 2 workers of 2 for marking
[897.616s][info][gc,marking     ] GC(1546) Concurrent Mark From Roots 274.519ms
[897.616s][info][gc,marking     ] GC(1546) Concurrent Preclean
[897.616s][info][gc,marking     ] GC(1546) Concurrent Preclean 0.385ms
[897.617s][info][gc,start       ] GC(1546) Pause Remark
[897.624s][info][gc             ] GC(1546) Pause Remark 196M->196M(300M) 7.509ms
[897.624s][info][gc,cpu         ] GC(1546) User=0.02s Sys=0.02s Real=0.01s
[897.624s][info][gc,marking     ] GC(1546) Concurrent Mark 283.067ms
[897.625s][info][gc,marking     ] GC(1546) Concurrent Rebuild Remembered Sets and Scrub Regions
[897.710s][info][gc,marking     ] GC(1546) Concurrent Rebuild Remembered Sets and Scrub Regions 85.691ms
[897.710s][info][gc,start       ] GC(1546) Pause Cleanup
[897.711s][info][gc             ] GC(1546) Pause Cleanup 213M->213M(300M) 0.201ms
[897.711s][info][gc,cpu         ] GC(1546) User=0.00s Sys=0.00s Real=0.00s
[897.711s][info][gc,marking     ] GC(1546) Concurrent Clear Claimed Marks
[897.711s][info][gc,marking     ] GC(1546) Concurrent Clear Claimed Marks 0.131ms
[897.711s][info][gc,marking     ] GC(1546) Concurrent Cleanup for Next Mark
[897.712s][info][gc,marking     ] GC(1546) Concurrent Cleanup for Next Mark 0.611ms
[897.712s][info][gc             ] GC(1546) Concurrent Mark Cycle 375.370ms
[897.962s][info][gc,start       ] GC(1547) Pause Young (Normal) (G1 Evacuation Pause)
[897.962s][info][gc,task        ] GC(1547) Using 8 workers of 8 for evacuation
[897.969s][info][gc,phases      ] GC(1547)   Pre Evacuate Collection Set: 0.1ms
[897.969s][info][gc,phases      ] GC(1547)   Merge Heap Roots: 0.1ms
[897.969s][info][gc,phases      ] GC(1547)   Evacuate Collection Set: 5.1ms
[897.969s][info][gc,phases      ] GC(1547)   Post Evacuate Collection Set: 0.7ms
[897.969s][info][gc,phases      ] GC(1547)   Other: 0.1ms
[897.969s][info][gc,heap        ] GC(1547) Eden regions: 133->0(130)
[897.969s][info][gc,heap        ] GC(1547) Survivor regions: 6->7(18)
[897.969s][info][gc,heap        ] GC(1547) Old regions: 135->136
[897.969s][info][gc,heap        ] GC(1547) Humongous regions: 5->5
[897.969s][info][gc,metaspace   ] GC(1547) Metaspace: 84773K(85952K)->84773K(85952K) NonClass: 73846K(74496K)->73846K(74496K) Class: 10926K(11456K)->10926K(11456K)
[897.969s][info][gc             ] GC(1547) Pause Young (Normal) (G1 Evacuation Pause) 278M->146M(300M) 6.909ms
[897.969s][info][gc,cpu         ] GC(1547) User=0.11s Sys=0.00s Real=0.01s
[898.435s][info][gc,start       ] GC(1548) Pause Young (Concurrent Start) (G1 Evacuation Pause)
[898.435s][info][gc,task        ] GC(1548) Using 8 workers of 8 for evacuation
[898.442s][info][gc,phases      ] GC(1548)   Pre Evacuate Collection Set: 0.2ms
[898.442s][info][gc,phases      ] GC(1548)   Merge Heap Roots: 0.1ms
[898.442s][info][gc,phases      ] GC(1548)   Evacuate Collection Set: 5.9ms
[898.442s][info][gc,phases      ] GC(1548)   Post Evacuate Collection Set: 0.5ms
[898.443s][info][gc,phases      ] GC(1548)   Other: 0.2ms
[898.443s][info][gc,heap        ] GC(1548) Eden regions: 130->0(130)
[898.443s][info][gc,heap        ] GC(1548) Survivor regions: 7->7(18)
[898.443s][info][gc,heap        ] GC(1548) Old regions: 136->136
[898.443s][info][gc,heap        ] GC(1548) Humongous regions: 5->5
[898.443s][info][gc,metaspace   ] GC(1548) Metaspace: 84773K(85952K)->84773K(85952K) NonClass: 73846K(74496K)->73846K(74496K) Class: 10926K(11456K)->10926K(11456K)
[898.443s][info][gc             ] GC(1548) Pause Young (Concurrent Start) (G1 Evacuation Pause) 276M->146M(300M) 7.442ms
[898.443s][info][gc,cpu         ] GC(1548) User=0.00s Sys=0.00s Real=0.01s
[898.443s][info][gc             ] GC(1549) Concurrent Mark Cycle
[898.443s][info][gc,marking     ] GC(1549) Concurrent Scan Root Regions
[898.446s][info][gc,marking     ] GC(1549) Concurrent Scan Root Regions 2.963ms
[898.446s][info][gc,marking     ] GC(1549) Concurrent Mark
[898.446s][info][gc,marking     ] GC(1549) Concurrent Mark From Roots
[898.446s][info][gc,task        ] GC(1549) Using 2 workers of 2 for marking
[898.725s][info][gc,marking     ] GC(1549) Concurrent Mark From Roots 278.763ms
[898.725s][info][gc,marking     ] GC(1549) Concurrent Preclean
[898.725s][info][gc,marking     ] GC(1549) Concurrent Preclean 0.292ms
[898.725s][info][gc,start       ] GC(1549) Pause Remark
[898.747s][info][gc             ] GC(1549) Pause Remark 190M->190M(300M) 21.502ms
[898.747s][info][gc,cpu         ] GC(1549) User=0.02s Sys=0.02s Real=0.02s
[898.747s][info][gc,marking     ] GC(1549) Concurrent Mark 301.182ms
[898.747s][info][gc,marking     ] GC(1549) Concurrent Rebuild Remembered Sets and Scrub Regions
[898.858s][info][gc,marking     ] GC(1549) Concurrent Rebuild Remembered Sets and Scrub Regions 110.426ms
[898.858s][info][gc,start       ] GC(1549) Pause Cleanup
[898.858s][info][gc             ] GC(1549) Pause Cleanup 200M->200M(300M) 0.290ms
[898.858s][info][gc,cpu         ] GC(1549) User=0.00s Sys=0.00s Real=0.00s
[898.858s][info][gc,marking     ] GC(1549) Concurrent Clear Claimed Marks
[898.859s][info][gc,marking     ] GC(1549) Concurrent Clear Claimed Marks 0.138ms
[898.859s][info][gc,marking     ] GC(1549) Concurrent Cleanup for Next Mark
[898.859s][info][gc,marking     ] GC(1549) Concurrent Cleanup for Next Mark 0.612ms
[898.859s][info][gc             ] GC(1549) Concurrent Mark Cycle 416.499ms
[899.357s][info][gc,start       ] GC(1550) Pause Young (Prepare Mixed) (G1 Evacuation Pause)
[899.357s][info][gc,task        ] GC(1550) Using 8 workers of 8 for evacuation
[899.366s][info][gc,phases      ] GC(1550)   Pre Evacuate Collection Set: 0.4ms
[899.366s][info][gc,phases      ] GC(1550)   Merge Heap Roots: 0.2ms
[899.366s][info][gc,phases      ] GC(1550)   Evacuate Collection Set: 6.9ms
[899.366s][info][gc,phases      ] GC(1550)   Post Evacuate Collection Set: 0.7ms
[899.366s][info][gc,phases      ] GC(1550)   Other: 0.2ms
[899.366s][info][gc,heap        ] GC(1550) Eden regions: 130->0(131)
[899.366s][info][gc,heap        ] GC(1550) Survivor regions: 7->6(18)
[899.366s][info][gc,heap        ] GC(1550) Old regions: 136->137
[899.366s][info][gc,heap        ] GC(1550) Humongous regions: 5->5
[899.366s][info][gc,metaspace   ] GC(1550) Metaspace: 84773K(85952K)->84773K(85952K) NonClass: 73846K(74496K)->73846K(74496K) Class: 10926K(11456K)->10926K(11456K)
[899.366s][info][gc             ] GC(1550) Pause Young (Prepare Mixed) (G1 Evacuation Pause) 276M->146M(300M) 9.240ms
[899.366s][info][gc,cpu         ] GC(1550) User=0.00s Sys=0.00s Real=0.01s
[900.180s][info][gc,start       ] GC(1551) Pause Young (Mixed) (G1 Evacuation Pause)
[900.180s][info][gc,task        ] GC(1551) Using 8 workers of 8 for evacuation
[900.190s][info][gc,phases      ] GC(1551)   Pre Evacuate Collection Set: 0.2ms
[900.190s][info][gc,phases      ] GC(1551)   Merge Heap Roots: 0.1ms
[900.190s][info][gc,phases      ] GC(1551)   Evacuate Collection Set: 8.6ms
[900.190s][info][gc,phases      ] GC(1551)   Post Evacuate Collection Set: 0.6ms
[900.190s][info][gc,phases      ] GC(1551)   Other: 0.1ms
[900.190s][info][gc,heap        ] GC(1551) Eden regions: 131->0(131)
[900.190s][info][gc,heap        ] GC(1551) Survivor regions: 6->6(18)
[900.190s][info][gc,heap        ] GC(1551) Old regions: 137->137
[900.190s][info][gc,heap        ] GC(1551) Humongous regions: 5->5
[900.190s][info][gc,metaspace   ] GC(1551) Metaspace: 84773K(85952K)->84773K(85952K) NonClass: 73846K(74496K)->73846K(74496K) Class: 10926K(11456K)->10926K(11456K)
[900.190s][info][gc             ] GC(1551) Pause Young (Mixed) (G1 Evacuation Pause) 277M->146M(300M) 10.495ms
[900.190s][info][gc,cpu         ] GC(1551) User=0.06s Sys=0.00s Real=0.01s
[900.684s][info][gc,start       ] GC(1552) Pause Young (Concurrent Start) (G1 Evacuation Pause)
[900.684s][info][gc,task        ] GC(1552) Using 8 workers of 8 for evacuation
[900.691s][info][gc,phases      ] GC(1552)   Pre Evacuate Collection Set: 0.3ms
[900.691s][info][gc,phases      ] GC(1552)   Merge Heap Roots: 0.1ms
[900.691s][info][gc,phases      ] GC(1552)   Evacuate Collection Set: 5.7ms
[900.691s][info][gc,phases      ] GC(1552)   Post Evacuate Collection Set: 0.5ms
[900.691s][info][gc,phases      ] GC(1552)   Other: 0.2ms
[900.691s][info][gc,heap        ] GC(1552) Eden regions: 131->0(129)
[900.691s][info][gc,heap        ] GC(1552) Survivor regions: 6->7(18)
[900.691s][info][gc,heap        ] GC(1552) Old regions: 137->137
[900.691s][info][gc,heap        ] GC(1552) Humongous regions: 5->5
[900.691s][info][gc,metaspace   ] GC(1552) Metaspace: 84773K(85952K)->84773K(85952K) NonClass: 73846K(74496K)->73846K(74496K) Class: 10926K(11456K)->10926K(11456K)
[900.691s][info][gc             ] GC(1552) Pause Young (Concurrent Start) (G1 Evacuation Pause) 277M->147M(300M) 7.433ms
[900.691s][info][gc,cpu         ] GC(1552) User=0.02s Sys=0.00s Real=0.01s
[900.691s][info][gc             ] GC(1553) Concurrent Mark Cycle
[900.691s][info][gc,marking     ] GC(1553) Concurrent Scan Root Regions
[900.695s][info][gc,marking     ] GC(1553) Concurrent Scan Root Regions 3.304ms
[900.695s][info][gc,marking     ] GC(1553) Concurrent Mark
[900.695s][info][gc,marking     ] GC(1553) Concurrent Mark From Roots
[900.695s][info][gc,task        ] GC(1553) Using 2 workers of 2 for marking
[900.946s][info][gc,marking     ] GC(1553) Concurrent Mark From Roots 250.868ms
[900.946s][info][gc,marking     ] GC(1553) Concurrent Preclean
[900.946s][info][gc,marking     ] GC(1553) Concurrent Preclean 0.255ms
[900.946s][info][gc,start       ] GC(1553) Pause Remark
[900.954s][info][gc             ] GC(1553) Pause Remark 202M->202M(300M) 8.076ms
[900.954s][info][gc,cpu         ] GC(1553) User=0.09s Sys=0.00s Real=0.01s
[900.954s][info][gc,marking     ] GC(1553) Concurrent Mark 259.644ms
[900.955s][info][gc,marking     ] GC(1553) Concurrent Rebuild Remembered Sets and Scrub Regions
[901.045s][info][gc,marking     ] GC(1553) Concurrent Rebuild Remembered Sets and Scrub Regions 90.592ms
[901.045s][info][gc,start       ] GC(1553) Pause Cleanup
[901.046s][info][gc             ] GC(1553) Pause Cleanup 220M->220M(300M) 0.200ms
[901.046s][info][gc,cpu         ] GC(1553) User=0.00s Sys=0.00s Real=0.00s
[901.046s][info][gc,marking     ] GC(1553) Concurrent Clear Claimed Marks
[901.046s][info][gc,marking     ] GC(1553) Concurrent Clear Claimed Marks 0.117ms
[901.046s][info][gc,marking     ] GC(1553) Concurrent Cleanup for Next Mark
[901.046s][info][gc,marking     ] GC(1553) Concurrent Cleanup for Next Mark 0.519ms
[901.046s][info][gc             ] GC(1553) Concurrent Mark Cycle 355.076ms
[901.251s][info][gc,start       ] GC(1554) Pause Young (Normal) (G1 Evacuation Pause)
[901.251s][info][gc,task        ] GC(1554) Using 8 workers of 8 for evacuation
[901.257s][info][gc,phases      ] GC(1554)   Pre Evacuate Collection Set: 0.2ms
[901.257s][info][gc,phases      ] GC(1554)   Merge Heap Roots: 0.1ms
[901.257s][info][gc,phases      ] GC(1554)   Evacuate Collection Set: 5.2ms
[901.257s][info][gc,phases      ] GC(1554)   Post Evacuate Collection Set: 0.6ms
[901.257s][info][gc,phases      ] GC(1554)   Other: 0.2ms
[901.257s][info][gc,heap        ] GC(1554) Eden regions: 129->0(128)
[901.257s][info][gc,heap        ] GC(1554) Survivor regions: 7->7(17)
[901.257s][info][gc,heap        ] GC(1554) Old regions: 137->138
[901.257s][info][gc,heap        ] GC(1554) Humongous regions: 5->5
[901.257s][info][gc,metaspace   ] GC(1554) Metaspace: 84773K(85952K)->84773K(85952K) NonClass: 73846K(74496K)->73846K(74496K) Class: 10926K(11456K)->10926K(11456K)
[901.257s][info][gc             ] GC(1554) Pause Young (Normal) (G1 Evacuation Pause) 276M->148M(300M) 6.769ms
[901.257s][info][gc,cpu         ] GC(1554) User=0.00s Sys=0.00s Real=0.01s
[901.728s][info][gc,start       ] GC(1555) Pause Young (Concurrent Start) (G1 Evacuation Pause)
[901.728s][info][gc,task        ] GC(1555) Using 8 workers of 8 for evacuation
[901.733s][info][gc,phases      ] GC(1555)   Pre Evacuate Collection Set: 0.2ms
[901.733s][info][gc,phases      ] GC(1555)   Merge Heap Roots: 0.1ms
[901.733s][info][gc,phases      ] GC(1555)   Evacuate Collection Set: 3.9ms
[901.733s][info][gc,phases      ] GC(1555)   Post Evacuate Collection Set: 0.5ms
[901.733s][info][gc,phases      ] GC(1555)   Other: 0.2ms
[901.733s][info][gc,heap        ] GC(1555) Eden regions: 128->0(128)
[901.733s][info][gc,heap        ] GC(1555) Survivor regions: 7->7(17)
[901.733s][info][gc,heap        ] GC(1555) Old regions: 138->138
[901.733s][info][gc,heap        ] GC(1555) Humongous regions: 5->5
[901.733s][info][gc,metaspace   ] GC(1555) Metaspace: 84773K(85952K)->84773K(85952K) NonClass: 73846K(74496K)->73846K(74496K) Class: 10926K(11456K)->10926K(11456K)
[901.733s][info][gc             ] GC(1555) Pause Young (Concurrent Start) (G1 Evacuation Pause) 276M->148M(300M) 5.419ms
[901.733s][info][gc,cpu         ] GC(1555) User=0.12s Sys=0.00s Real=0.00s
[901.733s][info][gc             ] GC(1556) Concurrent Mark Cycle
[901.733s][info][gc,marking     ] GC(1556) Concurrent Scan Root Regions
[901.738s][info][gc,marking     ] GC(1556) Concurrent Scan Root Regions 4.883ms
[901.738s][info][gc,marking     ] GC(1556) Concurrent Mark
[901.738s][info][gc,marking     ] GC(1556) Concurrent Mark From Roots
[901.738s][info][gc,task        ] GC(1556) Using 2 workers of 2 for marking
[902.012s][info][gc,marking     ] GC(1556) Concurrent Mark From Roots 273.096ms
[902.012s][info][gc,marking     ] GC(1556) Concurrent Preclean
[902.012s][info][gc,marking     ] GC(1556) Concurrent Preclean 0.263ms
[902.012s][info][gc,start       ] GC(1556) Pause Remark
[902.023s][info][gc             ] GC(1556) Pause Remark 194M->194M(300M) 10.591ms
[902.023s][info][gc,cpu         ] GC(1556) User=0.08s Sys=0.00s Real=0.01s
[902.023s][info][gc,marking     ] GC(1556) Concurrent Mark 284.430ms
[902.023s][info][gc,marking     ] GC(1556) Concurrent Rebuild Remembered Sets and Scrub Regions
[902.130s][info][gc,marking     ] GC(1556) Concurrent Rebuild Remembered Sets and Scrub Regions 107.072ms
[902.130s][info][gc,start       ] GC(1556) Pause Cleanup
[902.131s][info][gc             ] GC(1556) Pause Cleanup 204M->204M(300M) 0.316ms
[902.131s][info][gc,cpu         ] GC(1556) User=0.00s Sys=0.00s Real=0.00s
[902.131s][info][gc,marking     ] GC(1556) Concurrent Clear Claimed Marks
[902.131s][info][gc,marking     ] GC(1556) Concurrent Clear Claimed Marks 0.147ms
[902.131s][info][gc,marking     ] GC(1556) Concurrent Cleanup for Next Mark
[902.132s][info][gc,marking     ] GC(1556) Concurrent Cleanup for Next Mark 0.975ms
[902.132s][info][gc             ] GC(1556) Concurrent Mark Cycle 398.734ms
[902.835s][info][gc,start       ] GC(1557) Pause Young (Prepare Mixed) (G1 Evacuation Pause)
[902.835s][info][gc,task        ] GC(1557) Using 8 workers of 8 for evacuation
[902.845s][info][gc,phases      ] GC(1557)   Pre Evacuate Collection Set: 0.3ms
[902.845s][info][gc,phases      ] GC(1557)   Merge Heap Roots: 0.2ms
[902.845s][info][gc,phases      ] GC(1557)   Evacuate Collection Set: 7.4ms
[902.845s][info][gc,phases      ] GC(1557)   Post Evacuate Collection Set: 1.4ms
[902.846s][info][gc,phases      ] GC(1557)   Other: 0.3ms
[902.846s][info][gc,heap        ] GC(1557) Eden regions: 128->0(129)
[902.846s][info][gc,heap        ] GC(1557) Survivor regions: 7->6(17)
[902.846s][info][gc,heap        ] GC(1557) Old regions: 138->139
[902.846s][info][gc,heap        ] GC(1557) Humongous regions: 5->5
[902.846s][info][gc,metaspace   ] GC(1557) Metaspace: 84773K(85952K)->84773K(85952K) NonClass: 73846K(74496K)->73846K(74496K) Class: 10926K(11456K)->10926K(11456K)
[902.847s][info][gc             ] GC(1557) Pause Young (Prepare Mixed) (G1 Evacuation Pause) 276M->148M(300M) 11.502ms
[902.847s][info][gc,cpu         ] GC(1557) User=0.11s Sys=0.00s Real=0.01s
[904.140s][info][gc,start       ] GC(1558) Pause Young (Mixed) (G1 Evacuation Pause)
[904.140s][info][gc,task        ] GC(1558) Using 8 workers of 8 for evacuation
[904.149s][info][gc,phases      ] GC(1558)   Pre Evacuate Collection Set: 0.3ms
[904.149s][info][gc,phases      ] GC(1558)   Merge Heap Roots: 0.2ms
[904.149s][info][gc,phases      ] GC(1558)   Evacuate Collection Set: 7.7ms
[904.149s][info][gc,phases      ] GC(1558)   Post Evacuate Collection Set: 0.7ms
[904.149s][info][gc,phases      ] GC(1558)   Other: 0.2ms
[904.149s][info][gc,heap        ] GC(1558) Eden regions: 129->0(127)
[904.149s][info][gc,heap        ] GC(1558) Survivor regions: 6->7(17)
[904.149s][info][gc,heap        ] GC(1558) Old regions: 139->139
[904.149s][info][gc,heap        ] GC(1558) Humongous regions: 5->5
[904.149s][info][gc,metaspace   ] GC(1558) Metaspace: 84773K(85952K)->84773K(85952K) NonClass: 73846K(74496K)->73846K(74496K) Class: 10926K(11456K)->10926K(11456K)
[904.149s][info][gc             ] GC(1558) Pause Young (Mixed) (G1 Evacuation Pause) 277M->149M(300M) 9.890ms
[904.150s][info][gc,cpu         ] GC(1558) User=0.00s Sys=0.00s Real=0.01s
[904.778s][info][gc,start       ] GC(1559) Pause Young (Concurrent Start) (G1 Evacuation Pause)
[904.778s][info][gc,task        ] GC(1559) Using 8 workers of 8 for evacuation
[904.785s][info][gc,phases      ] GC(1559)   Pre Evacuate Collection Set: 0.3ms
[904.785s][info][gc,phases      ] GC(1559)   Merge Heap Roots: 0.1ms
[904.785s][info][gc,phases      ] GC(1559)   Evacuate Collection Set: 6.0ms
[904.785s][info][gc,phases      ] GC(1559)   Post Evacuate Collection Set: 0.7ms
[904.785s][info][gc,phases      ] GC(1559)   Other: 0.2ms
[904.785s][info][gc,heap        ] GC(1559) Eden regions: 127->0(127)
[904.786s][info][gc,heap        ] GC(1559) Survivor regions: 7->7(17)
[904.786s][info][gc,heap        ] GC(1559) Old regions: 139->139
[904.786s][info][gc,heap        ] GC(1559) Humongous regions: 5->5
[904.786s][info][gc,metaspace   ] GC(1559) Metaspace: 84773K(85952K)->84773K(85952K) NonClass: 73846K(74496K)->73846K(74496K) Class: 10926K(11456K)->10926K(11456K)
[904.786s][info][gc             ] GC(1559) Pause Young (Concurrent Start) (G1 Evacuation Pause) 276M->149M(300M) 8.339ms
[904.786s][info][gc             ] GC(1560) Concurrent Mark Cycle
[904.786s][info][gc,cpu         ] GC(1559) User=0.11s Sys=0.00s Real=0.01s
[904.786s][info][gc,marking     ] GC(1560) Concurrent Scan Root Regions
[904.791s][info][gc,marking     ] GC(1560) Concurrent Scan Root Regions 5.283ms
[904.792s][info][gc,marking     ] GC(1560) Concurrent Mark
[904.792s][info][gc,marking     ] GC(1560) Concurrent Mark From Roots
[904.792s][info][gc,task        ] GC(1560) Using 2 workers of 2 for marking
[905.109s][info][gc,marking     ] GC(1560) Concurrent Mark From Roots 317.259ms
[905.109s][info][gc,marking     ] GC(1560) Concurrent Preclean
[905.109s][info][gc,marking     ] GC(1560) Concurrent Preclean 0.287ms
[905.109s][info][gc,start       ] GC(1560) Pause Remark
[905.117s][info][gc             ] GC(1560) Pause Remark 195M->195M(300M) 7.972ms
[905.117s][info][gc,cpu         ] GC(1560) User=0.00s Sys=0.00s Real=0.01s
[905.118s][info][gc,marking     ] GC(1560) Concurrent Mark 326.041ms
[905.118s][info][gc,marking     ] GC(1560) Concurrent Rebuild Remembered Sets and Scrub Regions
[905.224s][info][gc,marking     ] GC(1560) Concurrent Rebuild Remembered Sets and Scrub Regions 105.928ms
[905.224s][info][gc,start       ] GC(1560) Pause Cleanup
[905.224s][info][gc             ] GC(1560) Pause Cleanup 211M->211M(300M) 0.212ms
[905.224s][info][gc,cpu         ] GC(1560) User=0.00s Sys=0.00s Real=0.00s
[905.224s][info][gc,marking     ] GC(1560) Concurrent Clear Claimed Marks
[905.224s][info][gc,marking     ] GC(1560) Concurrent Clear Claimed Marks 0.126ms
[905.224s][info][gc,marking     ] GC(1560) Concurrent Cleanup for Next Mark
[905.225s][info][gc,marking     ] GC(1560) Concurrent Cleanup for Next Mark 0.641ms
[905.225s][info][gc             ] GC(1560) Concurrent Mark Cycle 438.978ms
[905.533s][info][gc,start       ] GC(1561) Pause Young (Prepare Mixed) (G1 Evacuation Pause)
[905.533s][info][gc,task        ] GC(1561) Using 8 workers of 8 for evacuation
[905.543s][info][gc,phases      ] GC(1561)   Pre Evacuate Collection Set: 0.2ms
[905.543s][info][gc,phases      ] GC(1561)   Merge Heap Roots: 0.2ms
[905.543s][info][gc,phases      ] GC(1561)   Evacuate Collection Set: 8.5ms
[905.543s][info][gc,phases      ] GC(1561)   Post Evacuate Collection Set: 0.6ms
[905.543s][info][gc,phases      ] GC(1561)   Other: 0.1ms
[905.543s][info][gc,heap        ] GC(1561) Eden regions: 127->0(124)
[905.543s][info][gc,heap        ] GC(1561) Survivor regions: 7->6(17)
[905.543s][info][gc,heap        ] GC(1561) Old regions: 139->140
[905.543s][info][gc,heap        ] GC(1561) Humongous regions: 9->9
[905.543s][info][gc,metaspace   ] GC(1561) Metaspace: 84773K(85952K)->84773K(85952K) NonClass: 73846K(74496K)->73846K(74496K) Class: 10926K(11456K)->10926K(11456K)
[905.543s][info][gc             ] GC(1561) Pause Young (Prepare Mixed) (G1 Evacuation Pause) 280M->153M(300M) 10.241ms
[905.543s][info][gc,cpu         ] GC(1561) User=0.00s Sys=0.00s Real=0.01s
[906.044s][info][gc,start       ] GC(1562) Pause Young (Mixed) (G1 Evacuation Pause)
[906.044s][info][gc,task        ] GC(1562) Using 8 workers of 8 for evacuation
[906.053s][info][gc,phases      ] GC(1562)   Pre Evacuate Collection Set: 0.2ms
[906.053s][info][gc,phases      ] GC(1562)   Merge Heap Roots: 0.1ms
[906.053s][info][gc,phases      ] GC(1562)   Evacuate Collection Set: 7.9ms
[906.053s][info][gc,phases      ] GC(1562)   Post Evacuate Collection Set: 0.8ms
[906.053s][info][gc,phases      ] GC(1562)   Other: 0.1ms
[906.053s][info][gc,heap        ] GC(1562) Eden regions: 124->0(122)
[906.053s][info][gc,heap        ] GC(1562) Survivor regions: 6->7(17)
[906.053s][info][gc,heap        ] GC(1562) Old regions: 140->140
[906.053s][info][gc,heap        ] GC(1562) Humongous regions: 9->9
[906.053s][info][gc,metaspace   ] GC(1562) Metaspace: 84773K(85952K)->84773K(85952K) NonClass: 73846K(74496K)->73846K(74496K) Class: 10926K(11456K)->10926K(11456K)
[906.053s][info][gc             ] GC(1562) Pause Young (Mixed) (G1 Evacuation Pause) 277M->154M(300M) 9.936ms
[906.054s][info][gc,cpu         ] GC(1562) User=0.00s Sys=0.02s Real=0.01s
[906.661s][info][gc,start       ] GC(1563) Pause Young (Concurrent Start) (G1 Evacuation Pause)
[906.661s][info][gc,task        ] GC(1563) Using 8 workers of 8 for evacuation
[906.669s][info][gc,phases      ] GC(1563)   Pre Evacuate Collection Set: 0.2ms
[906.669s][info][gc,phases      ] GC(1563)   Merge Heap Roots: 0.1ms
[906.669s][info][gc,phases      ] GC(1563)   Evacuate Collection Set: 6.8ms
[906.669s][info][gc,phases      ] GC(1563)   Post Evacuate Collection Set: 0.6ms
[906.669s][info][gc,phases      ] GC(1563)   Other: 0.2ms
[906.670s][info][gc,heap        ] GC(1563) Eden regions: 122->0(124)
[906.670s][info][gc,heap        ] GC(1563) Survivor regions: 7->6(17)
[906.670s][info][gc,heap        ] GC(1563) Old regions: 140->140
[906.670s][info][gc,heap        ] GC(1563) Humongous regions: 9->9
[906.670s][info][gc,metaspace   ] GC(1563) Metaspace: 84773K(85952K)->84773K(85952K) NonClass: 73846K(74496K)->73846K(74496K) Class: 10926K(11456K)->10926K(11456K)
[906.670s][info][gc             ] GC(1563) Pause Young (Concurrent Start) (G1 Evacuation Pause) 276M->154M(300M) 8.691ms
[906.670s][info][gc             ] GC(1564) Concurrent Mark Cycle
[906.670s][info][gc,cpu         ] GC(1563) User=0.11s Sys=0.00s Real=0.01s
[906.670s][info][gc,marking     ] GC(1564) Concurrent Scan Root Regions
[906.675s][info][gc,marking     ] GC(1564) Concurrent Scan Root Regions 4.735ms
[906.675s][info][gc,marking     ] GC(1564) Concurrent Mark
[906.675s][info][gc,marking     ] GC(1564) Concurrent Mark From Roots
[906.675s][info][gc,task        ] GC(1564) Using 2 workers of 2 for marking
[907.015s][info][gc,marking     ] GC(1564) Concurrent Mark From Roots 339.688ms
[907.015s][info][gc,marking     ] GC(1564) Concurrent Preclean
[907.015s][info][gc,marking     ] GC(1564) Concurrent Preclean 0.687ms
[907.016s][info][gc,start       ] GC(1564) Pause Remark
[907.025s][info][gc             ] GC(1564) Pause Remark 198M->195M(300M) 9.717ms
[907.026s][info][gc,cpu         ] GC(1564) User=0.00s Sys=0.00s Real=0.01s
[907.026s][info][gc,marking     ] GC(1564) Concurrent Mark 350.758ms
[907.026s][info][gc,marking     ] GC(1564) Concurrent Rebuild Remembered Sets and Scrub Regions
[907.141s][info][gc,marking     ] GC(1564) Concurrent Rebuild Remembered Sets and Scrub Regions 115.037ms
[907.141s][info][gc,start       ] GC(1564) Pause Cleanup
[907.141s][info][gc             ] GC(1564) Pause Cleanup 208M->208M(300M) 0.241ms
[907.141s][info][gc,cpu         ] GC(1564) User=0.00s Sys=0.00s Real=0.00s
[907.141s][info][gc,marking     ] GC(1564) Concurrent Clear Claimed Marks
[907.141s][info][gc,marking     ] GC(1564) Concurrent Clear Claimed Marks 0.132ms
[907.142s][info][gc,marking     ] GC(1564) Concurrent Cleanup for Next Mark
[907.142s][info][gc,marking     ] GC(1564) Concurrent Cleanup for Next Mark 0.540ms
[907.142s][info][gc             ] GC(1564) Concurrent Mark Cycle 472.174ms
[907.670s][info][gc,start       ] GC(1565) Pause Young (Normal) (G1 Evacuation Pause)
[907.670s][info][gc,task        ] GC(1565) Using 8 workers of 8 for evacuation
[907.680s][info][gc,phases      ] GC(1565)   Pre Evacuate Collection Set: 0.2ms
[907.680s][info][gc,phases      ] GC(1565)   Merge Heap Roots: 0.2ms
[907.680s][info][gc,phases      ] GC(1565)   Evacuate Collection Set: 8.4ms
[907.680s][info][gc,phases      ] GC(1565)   Post Evacuate Collection Set: 0.7ms
[907.680s][info][gc,phases      ] GC(1565)   Other: 0.2ms
[907.680s][info][gc,heap        ] GC(1565) Eden regions: 124->0(126)
[907.680s][info][gc,heap        ] GC(1565) Survivor regions: 6->6(17)
[907.680s][info][gc,heap        ] GC(1565) Old regions: 140->141
[907.680s][info][gc,heap        ] GC(1565) Humongous regions: 6->6
[907.680s][info][gc,metaspace   ] GC(1565) Metaspace: 84773K(85952K)->84773K(85952K) NonClass: 73846K(74496K)->73846K(74496K) Class: 10926K(11456K)->10926K(11456K)
[907.680s][info][gc             ] GC(1565) Pause Young (Normal) (G1 Evacuation Pause) 275M->152M(300M) 10.491ms
[907.681s][info][gc,cpu         ] GC(1565) User=0.00s Sys=0.00s Real=0.01s
[908.442s][info][gc,start       ] GC(1566) Pause Young (Concurrent Start) (G1 Evacuation Pause)
[908.442s][info][gc,task        ] GC(1566) Using 8 workers of 8 for evacuation
[908.449s][info][gc,phases      ] GC(1566)   Pre Evacuate Collection Set: 0.2ms
[908.450s][info][gc,phases      ] GC(1566)   Merge Heap Roots: 0.1ms
[908.450s][info][gc,phases      ] GC(1566)   Evacuate Collection Set: 6.2ms
[908.450s][info][gc,phases      ] GC(1566)   Post Evacuate Collection Set: 0.8ms
[908.450s][info][gc,phases      ] GC(1566)   Other: 0.3ms
[908.450s][info][gc,heap        ] GC(1566) Eden regions: 126->0(126)
[908.450s][info][gc,heap        ] GC(1566) Survivor regions: 6->6(17)
[908.450s][info][gc,heap        ] GC(1566) Old regions: 141->141
[908.450s][info][gc,heap        ] GC(1566) Humongous regions: 6->6
[908.450s][info][gc,metaspace   ] GC(1566) Metaspace: 84773K(85952K)->84773K(85952K) NonClass: 73846K(74496K)->73846K(74496K) Class: 10926K(11456K)->10926K(11456K)
[908.450s][info][gc             ] GC(1566) Pause Young (Concurrent Start) (G1 Evacuation Pause) 278M->152M(300M) 8.750ms
[908.450s][info][gc,cpu         ] GC(1566) User=0.00s Sys=0.02s Real=0.01s
[908.450s][info][gc             ] GC(1567) Concurrent Mark Cycle
[908.451s][info][gc,marking     ] GC(1567) Concurrent Scan Root Regions
[908.456s][info][gc,marking     ] GC(1567) Concurrent Scan Root Regions 5.081ms
[908.456s][info][gc,marking     ] GC(1567) Concurrent Mark
[908.456s][info][gc,marking     ] GC(1567) Concurrent Mark From Roots
[908.456s][info][gc,task        ] GC(1567) Using 2 workers of 2 for marking
[908.764s][info][gc,marking     ] GC(1567) Concurrent Mark From Roots 307.809ms
[908.764s][info][gc,marking     ] GC(1567) Concurrent Preclean
[908.764s][info][gc,marking     ] GC(1567) Concurrent Preclean 0.277ms
[908.764s][info][gc,start       ] GC(1567) Pause Remark
[908.774s][info][gc             ] GC(1567) Pause Remark 206M->206M(300M) 9.377ms
[908.774s][info][gc,cpu         ] GC(1567) User=0.00s Sys=0.00s Real=0.01s
[908.774s][info][gc,marking     ] GC(1567) Concurrent Mark 317.996ms
[908.774s][info][gc,marking     ] GC(1567) Concurrent Rebuild Remembered Sets and Scrub Regions
[908.869s][info][gc,marking     ] GC(1567) Concurrent Rebuild Remembered Sets and Scrub Regions 95.326ms
[908.869s][info][gc,start       ] GC(1567) Pause Cleanup
[908.870s][info][gc             ] GC(1567) Pause Cleanup 223M->223M(300M) 0.235ms
[908.870s][info][gc,cpu         ] GC(1567) User=0.00s Sys=0.00s Real=0.00s
[908.870s][info][gc,marking     ] GC(1567) Concurrent Clear Claimed Marks
[908.870s][info][gc,marking     ] GC(1567) Concurrent Clear Claimed Marks 0.142ms
[908.870s][info][gc,marking     ] GC(1567) Concurrent Cleanup for Next Mark
[908.871s][info][gc,marking     ] GC(1567) Concurrent Cleanup for Next Mark 0.677ms
[908.871s][info][gc             ] GC(1567) Concurrent Mark Cycle 420.419ms
[909.136s][info][gc,start       ] GC(1568) Pause Young (Prepare Mixed) (G1 Evacuation Pause)
[909.136s][info][gc,task        ] GC(1568) Using 8 workers of 8 for evacuation
[909.143s][info][gc,phases      ] GC(1568)   Pre Evacuate Collection Set: 0.2ms
[909.144s][info][gc,phases      ] GC(1568)   Merge Heap Roots: 0.1ms
[909.144s][info][gc,phases      ] GC(1568)   Evacuate Collection Set: 6.7ms
[909.144s][info][gc,phases      ] GC(1568)   Post Evacuate Collection Set: 0.7ms
[909.144s][info][gc,phases      ] GC(1568)   Other: 0.1ms
[909.144s][info][gc,heap        ] GC(1568) Eden regions: 126->0(125)
[909.144s][info][gc,heap        ] GC(1568) Survivor regions: 6->6(17)
[909.144s][info][gc,heap        ] GC(1568) Old regions: 141->142
[909.144s][info][gc,heap        ] GC(1568) Humongous regions: 6->6
[909.144s][info][gc,metaspace   ] GC(1568) Metaspace: 84773K(85952K)->84773K(85952K) NonClass: 73846K(74496K)->73846K(74496K) Class: 10926K(11456K)->10926K(11456K)
[909.144s][info][gc             ] GC(1568) Pause Young (Prepare Mixed) (G1 Evacuation Pause) 278M->152M(300M) 8.599ms
[909.144s][info][gc,cpu         ] GC(1568) User=0.08s Sys=0.00s Real=0.01s
[909.703s][info][gc,start       ] GC(1569) Pause Young (Mixed) (G1 Evacuation Pause)
[909.703s][info][gc,task        ] GC(1569) Using 8 workers of 8 for evacuation
[909.709s][info][gc,phases      ] GC(1569)   Pre Evacuate Collection Set: 0.2ms
[909.709s][info][gc,phases      ] GC(1569)   Merge Heap Roots: 0.1ms
[909.709s][info][gc,phases      ] GC(1569)   Evacuate Collection Set: 5.2ms
[909.709s][info][gc,phases      ] GC(1569)   Post Evacuate Collection Set: 0.6ms
[909.709s][info][gc,phases      ] GC(1569)   Other: 0.1ms
[909.709s][info][gc,heap        ] GC(1569) Eden regions: 125->0(125)
[909.710s][info][gc,heap        ] GC(1569) Survivor regions: 6->6(17)
[909.710s][info][gc,heap        ] GC(1569) Old regions: 142->142
[909.710s][info][gc,heap        ] GC(1569) Humongous regions: 6->6
[909.710s][info][gc,metaspace   ] GC(1569) Metaspace: 84773K(85952K)->84773K(85952K) NonClass: 73846K(74496K)->73846K(74496K) Class: 10926K(11456K)->10926K(11456K)
[909.710s][info][gc             ] GC(1569) Pause Young (Mixed) (G1 Evacuation Pause) 277M->153M(300M) 6.926ms
[909.710s][info][gc,cpu         ] GC(1569) User=0.00s Sys=0.00s Real=0.01s
[910.253s][info][gc,start       ] GC(1570) Pause Young (Concurrent Start) (G1 Evacuation Pause)
[910.254s][info][gc,task        ] GC(1570) Using 8 workers of 8 for evacuation
[910.263s][info][gc,phases      ] GC(1570)   Pre Evacuate Collection Set: 0.3ms
[910.263s][info][gc,phases      ] GC(1570)   Merge Heap Roots: 0.1ms
[910.263s][info][gc,phases      ] GC(1570)   Evacuate Collection Set: 8.3ms
[910.263s][info][gc,phases      ] GC(1570)   Post Evacuate Collection Set: 0.7ms
[910.263s][info][gc,phases      ] GC(1570)   Other: 0.2ms
[910.263s][info][gc,heap        ] GC(1570) Eden regions: 125->0(125)
[910.263s][info][gc,heap        ] GC(1570) Survivor regions: 6->6(17)
[910.264s][info][gc,heap        ] GC(1570) Old regions: 142->142
[910.264s][info][gc,heap        ] GC(1570) Humongous regions: 6->6
[910.264s][info][gc,metaspace   ] GC(1570) Metaspace: 84773K(85952K)->84773K(85952K) NonClass: 73846K(74496K)->73846K(74496K) Class: 10926K(11456K)->10926K(11456K)
[910.264s][info][gc             ] GC(1570) Pause Young (Concurrent Start) (G1 Evacuation Pause) 278M->153M(300M) 10.316ms
[910.264s][info][gc             ] GC(1571) Concurrent Mark Cycle
[910.264s][info][gc,cpu         ] GC(1570) User=0.08s Sys=0.00s Real=0.01s
[910.264s][info][gc,marking     ] GC(1571) Concurrent Scan Root Regions
[910.269s][info][gc,marking     ] GC(1571) Concurrent Scan Root Regions 5.350ms
[910.269s][info][gc,marking     ] GC(1571) Concurrent Mark
[910.269s][info][gc,marking     ] GC(1571) Concurrent Mark From Roots
[910.269s][info][gc,task        ] GC(1571) Using 2 workers of 2 for marking
[910.595s][info][gc,marking     ] GC(1571) Concurrent Mark From Roots 326.106ms
[910.596s][info][gc,marking     ] GC(1571) Concurrent Preclean
[910.596s][info][gc,marking     ] GC(1571) Concurrent Preclean 0.223ms
[910.596s][info][gc,start       ] GC(1571) Pause Remark
[910.604s][info][gc             ] GC(1571) Pause Remark 200M->200M(300M) 8.173ms
[910.604s][info][gc,cpu         ] GC(1571) User=0.00s Sys=0.00s Real=0.01s
[910.605s][info][gc,marking     ] GC(1571) Concurrent Mark 335.657ms
[910.605s][info][gc,marking     ] GC(1571) Concurrent Rebuild Remembered Sets and Scrub Regions
[910.708s][info][gc,marking     ] GC(1571) Concurrent Rebuild Remembered Sets and Scrub Regions 103.066ms
[910.708s][info][gc,start       ] GC(1571) Pause Cleanup
[910.709s][info][gc             ] GC(1571) Pause Cleanup 219M->219M(300M) 0.224ms
[910.709s][info][gc,cpu         ] GC(1571) User=0.00s Sys=0.00s Real=0.00s
[910.709s][info][gc,marking     ] GC(1571) Concurrent Clear Claimed Marks
[910.709s][info][gc,marking     ] GC(1571) Concurrent Clear Claimed Marks 0.146ms
[910.709s][info][gc,marking     ] GC(1571) Concurrent Cleanup for Next Mark
[910.710s][info][gc,marking     ] GC(1571) Concurrent Cleanup for Next Mark 0.593ms
[910.710s][info][gc             ] GC(1571) Concurrent Mark Cycle 445.861ms
[911.083s][info][gc,start       ] GC(1572) Pause Young (Prepare Mixed) (G1 Evacuation Pause)
[911.083s][info][gc,task        ] GC(1572) Using 8 workers of 8 for evacuation
[911.091s][info][gc,phases      ] GC(1572)   Pre Evacuate Collection Set: 0.2ms
[911.091s][info][gc,phases      ] GC(1572)   Merge Heap Roots: 0.2ms
[911.091s][info][gc,phases      ] GC(1572)   Evacuate Collection Set: 6.6ms
[911.091s][info][gc,phases      ] GC(1572)   Post Evacuate Collection Set: 0.9ms
[911.091s][info][gc,phases      ] GC(1572)   Other: 0.2ms
[911.091s][info][gc,heap        ] GC(1572) Eden regions: 125->0(124)
[911.091s][info][gc,heap        ] GC(1572) Survivor regions: 6->6(17)
[911.091s][info][gc,heap        ] GC(1572) Old regions: 142->143
[911.091s][info][gc,heap        ] GC(1572) Humongous regions: 6->6
[911.091s][info][gc,metaspace   ] GC(1572) Metaspace: 84773K(85952K)->84773K(85952K) NonClass: 73846K(74496K)->73846K(74496K) Class: 10926K(11456K)->10926K(11456K)
[911.092s][info][gc             ] GC(1572) Pause Young (Prepare Mixed) (G1 Evacuation Pause) 278M->153M(300M) 8.823ms
[911.092s][info][gc,cpu         ] GC(1572) User=0.09s Sys=0.00s Real=0.01s
[911.808s][info][gc,start       ] GC(1573) Pause Young (Mixed) (G1 Evacuation Pause)
[911.809s][info][gc,task        ] GC(1573) Using 8 workers of 8 for evacuation
[911.815s][info][gc,phases      ] GC(1573)   Pre Evacuate Collection Set: 0.2ms
[911.815s][info][gc,phases      ] GC(1573)   Merge Heap Roots: 0.1ms
[911.815s][info][gc,phases      ] GC(1573)   Evacuate Collection Set: 5.4ms
[911.815s][info][gc,phases      ] GC(1573)   Post Evacuate Collection Set: 0.6ms
[911.815s][info][gc,phases      ] GC(1573)   Other: 0.1ms
[911.815s][info][gc,heap        ] GC(1573) Eden regions: 124->0(124)
[911.815s][info][gc,heap        ] GC(1573) Survivor regions: 6->6(17)
[911.815s][info][gc,heap        ] GC(1573) Old regions: 143->143
[911.815s][info][gc,heap        ] GC(1573) Humongous regions: 6->6
[911.816s][info][gc,metaspace   ] GC(1573) Metaspace: 84773K(85952K)->84773K(85952K) NonClass: 73846K(74496K)->73846K(74496K) Class: 10926K(11456K)->10926K(11456K)
[911.816s][info][gc             ] GC(1573) Pause Young (Mixed) (G1 Evacuation Pause) 277M->154M(300M) 7.133ms
[911.816s][info][gc,cpu         ] GC(1573) User=0.09s Sys=0.00s Real=0.01s
[912.437s][info][gc,start       ] GC(1574) Pause Young (Concurrent Start) (G1 Evacuation Pause)
[912.437s][info][gc,task        ] GC(1574) Using 8 workers of 8 for evacuation
[912.446s][info][gc,phases      ] GC(1574)   Pre Evacuate Collection Set: 0.2ms
[912.446s][info][gc,phases      ] GC(1574)   Merge Heap Roots: 0.1ms
[912.446s][info][gc,phases      ] GC(1574)   Evacuate Collection Set: 7.3ms
[912.446s][info][gc,phases      ] GC(1574)   Post Evacuate Collection Set: 0.9ms
[912.446s][info][gc,phases      ] GC(1574)   Other: 0.2ms
[912.446s][info][gc,heap        ] GC(1574) Eden regions: 124->0(124)
[912.446s][info][gc,heap        ] GC(1574) Survivor regions: 6->6(17)
[912.447s][info][gc,heap        ] GC(1574) Old regions: 143->143
[912.447s][info][gc,heap        ] GC(1574) Humongous regions: 6->6
[912.447s][info][gc,metaspace   ] GC(1574) Metaspace: 84773K(85952K)->84773K(85952K) NonClass: 73846K(74496K)->73846K(74496K) Class: 10926K(11456K)->10926K(11456K)
[912.447s][info][gc             ] GC(1574) Pause Young (Concurrent Start) (G1 Evacuation Pause) 278M->154M(300M) 9.910ms
[912.447s][info][gc             ] GC(1575) Concurrent Mark Cycle
[912.447s][info][gc,cpu         ] GC(1574) User=0.00s Sys=0.00s Real=0.01s
[912.447s][info][gc,marking     ] GC(1575) Concurrent Scan Root Regions
[912.454s][info][gc,marking     ] GC(1575) Concurrent Scan Root Regions 6.924ms
[912.454s][info][gc,marking     ] GC(1575) Concurrent Mark
[912.454s][info][gc,marking     ] GC(1575) Concurrent Mark From Roots
[912.454s][info][gc,task        ] GC(1575) Using 2 workers of 2 for marking
[912.732s][info][gc,marking     ] GC(1575) Concurrent Mark From Roots 278.107ms
[912.732s][info][gc,marking     ] GC(1575) Concurrent Preclean
[912.733s][info][gc,marking     ] GC(1575) Concurrent Preclean 0.212ms
[912.733s][info][gc,start       ] GC(1575) Pause Remark
[912.740s][info][gc             ] GC(1575) Pause Remark 209M->209M(300M) 7.076ms
[912.740s][info][gc,cpu         ] GC(1575) User=0.00s Sys=0.00s Real=0.01s
[912.740s][info][gc,marking     ] GC(1575) Concurrent Mark 286.054ms
[912.740s][info][gc,marking     ] GC(1575) Concurrent Rebuild Remembered Sets and Scrub Regions
[912.824s][info][gc,marking     ] GC(1575) Concurrent Rebuild Remembered Sets and Scrub Regions 83.565ms
[912.824s][info][gc,start       ] GC(1575) Pause Cleanup
[912.824s][info][gc             ] GC(1575) Pause Cleanup 232M->232M(300M) 0.196ms
[912.824s][info][gc,cpu         ] GC(1575) User=0.00s Sys=0.00s Real=0.00s
[912.824s][info][gc,marking     ] GC(1575) Concurrent Clear Claimed Marks
[912.825s][info][gc,marking     ] GC(1575) Concurrent Clear Claimed Marks 0.103ms
[912.825s][info][gc,marking     ] GC(1575) Concurrent Cleanup for Next Mark
[912.825s][info][gc,marking     ] GC(1575) Concurrent Cleanup for Next Mark 0.485ms
[912.825s][info][gc             ] GC(1575) Concurrent Mark Cycle 378.079ms
[913.012s][info][gc,start       ] GC(1576) Pause Young (Prepare Mixed) (G1 Evacuation Pause)
[913.012s][info][gc,task        ] GC(1576) Using 8 workers of 8 for evacuation
[913.020s][info][gc,phases      ] GC(1576)   Pre Evacuate Collection Set: 0.2ms
[913.020s][info][gc,phases      ] GC(1576)   Merge Heap Roots: 0.2ms
[913.020s][info][gc,phases      ] GC(1576)   Evacuate Collection Set: 6.5ms
[913.020s][info][gc,phases      ] GC(1576)   Post Evacuate Collection Set: 0.6ms
[913.020s][info][gc,phases      ] GC(1576)   Other: 0.2ms
[913.020s][info][gc,heap        ] GC(1576) Eden regions: 124->0(123)
[913.020s][info][gc,heap        ] GC(1576) Survivor regions: 6->6(17)
[913.020s][info][gc,heap        ] GC(1576) Old regions: 143->144
[913.020s][info][gc,heap        ] GC(1576) Humongous regions: 6->6
[913.020s][info][gc,metaspace   ] GC(1576) Metaspace: 84773K(85952K)->84773K(85952K) NonClass: 73846K(74496K)->73846K(74496K) Class: 10926K(11456K)->10926K(11456K)
[913.021s][info][gc             ] GC(1576) Pause Young (Prepare Mixed) (G1 Evacuation Pause) 278M->154M(300M) 8.414ms
[913.021s][info][gc,cpu         ] GC(1576) User=0.03s Sys=0.00s Real=0.01s
[913.597s][info][gc,start       ] GC(1577) Pause Young (Mixed) (G1 Evacuation Pause)
[913.597s][info][gc,task        ] GC(1577) Using 8 workers of 8 for evacuation
[913.606s][info][gc,phases      ] GC(1577)   Pre Evacuate Collection Set: 0.2ms
[913.606s][info][gc,phases      ] GC(1577)   Merge Heap Roots: 0.1ms
[913.607s][info][gc,phases      ] GC(1577)   Evacuate Collection Set: 8.3ms
[913.607s][info][gc,phases      ] GC(1577)   Post Evacuate Collection Set: 0.9ms
[913.607s][info][gc,phases      ] GC(1577)   Other: 0.2ms
[913.607s][info][gc,heap        ] GC(1577) Eden regions: 123->0(123)
[913.607s][info][gc,heap        ] GC(1577) Survivor regions: 6->6(17)
[913.607s][info][gc,heap        ] GC(1577) Old regions: 144->144
[913.607s][info][gc,heap        ] GC(1577) Humongous regions: 6->6
[913.607s][info][gc,metaspace   ] GC(1577) Metaspace: 84773K(85952K)->84773K(85952K) NonClass: 73846K(74496K)->73846K(74496K) Class: 10926K(11456K)->10926K(11456K)
[913.607s][info][gc             ] GC(1577) Pause Young (Mixed) (G1 Evacuation Pause) 277M->155M(300M) 10.403ms
[913.607s][info][gc,cpu         ] GC(1577) User=0.02s Sys=0.00s Real=0.01s
[914.261s][info][gc,start       ] GC(1578) Pause Young (Concurrent Start) (G1 Evacuation Pause)
[914.261s][info][gc,task        ] GC(1578) Using 8 workers of 8 for evacuation
[914.266s][info][gc,phases      ] GC(1578)   Pre Evacuate Collection Set: 0.2ms
[914.267s][info][gc,phases      ] GC(1578)   Merge Heap Roots: 0.1ms
[914.267s][info][gc,phases      ] GC(1578)   Evacuate Collection Set: 4.5ms
[914.267s][info][gc,phases      ] GC(1578)   Post Evacuate Collection Set: 0.6ms
[914.267s][info][gc,phases      ] GC(1578)   Other: 0.2ms
[914.267s][info][gc,heap        ] GC(1578) Eden regions: 123->0(123)
[914.267s][info][gc,heap        ] GC(1578) Survivor regions: 6->6(17)
[914.267s][info][gc,heap        ] GC(1578) Old regions: 144->144
[914.267s][info][gc,heap        ] GC(1578) Humongous regions: 6->6
[914.267s][info][gc,metaspace   ] GC(1578) Metaspace: 84774K(85952K)->84774K(85952K) NonClass: 73847K(74496K)->73847K(74496K) Class: 10926K(11456K)->10926K(11456K)
[914.267s][info][gc             ] GC(1578) Pause Young (Concurrent Start) (G1 Evacuation Pause) 278M->155M(300M) 6.467ms
[914.267s][info][gc             ] GC(1579) Concurrent Mark Cycle
